
[7m[1m[36m RUN [39m[22m[27m [36mv1.6.1[39m [90mC:/Users/super/Documents/trae_projects/AGG-main/packages/backend[39m

[90mstdout[2m | src/agents/__tests__/react-agent-hook-runtime.test.ts[22m[39m
馃И Setting up comprehensive test environment...
鉁?Database connected
Running migration: 001_init.ts

[90mstdout[2m | src/game-systems/skill/__tests__/skill-doc-compliance-extended.test.ts[22m[39m
馃И Setting up comprehensive test environment...
鉁?Database connected
Running migration: 001_init.ts

[90mstdout[2m | src/services/__tests__/ws-request-handler.test.ts[22m[39m
馃И Setting up comprehensive test environment...
鉁?Database connected
Running migration: 001_init.ts

[90mstdout[2m | src/game-systems/entity-graph/__tests__/AwarenessRepository.test.ts[22m[39m
馃И Setting up comprehensive test environment...
鉁?Database connected
Running migration: 001_init.ts

[90mstdout[2m | src/services/__tests__/websocket-lifecycle.test.ts[22m[39m
馃И Setting up comprehensive test environment...
鉁?Database connected
Running migration: 001_init.ts

[90mstdout[2m | src/game-systems/inventory/__tests__/owner-autowire-methods.test.ts[22m[39m
馃И Setting up comprehensive test environment...
鉁?Database connected
Running migration: 001_init.ts

[90mstdout[2m | src/agents/prompt/layers/__tests__/entity-graph-layer.test.ts[22m[39m
馃И Setting up comprehensive test environment...
鉁?Database connected
Running migration: 001_init.ts

[90mstdout[2m | src/game-systems/audit/__tests__/EntityCountsChecker.test.ts[22m[39m
馃И Setting up comprehensive test environment...
鉁?Database connected
Running migration: 001_init.ts

[90mstdout[2m | src/game-systems/inventory/__tests__/inventory-doc-compliance-extended.test.ts[22m[39m
馃И Setting up comprehensive test environment...
鉁?Database connected
Running migration: 001_init.ts

[90mstdout[2m | tests/services/game-service-challenge-mode.test.ts[22m[39m
馃И Setting up comprehensive test environment...
鉁?Database connected
Running migration: 001_init.ts

[90mstdout[2m | src/services/__tests__/rules-engine.test.ts[22m[39m
馃И Setting up comprehensive test environment...
鉁?Database connected
Running migration: 001_init.ts

[90mstdout[2m | src/game-systems/inventory/__tests__/owner-autowire-methods.test.ts[22m[39m
Migration 001_init.ts completed successfully
Running migration: 002_add_equipped_index.ts

[90mstdout[2m | src/agents/__tests__/story-kernel-contract.test.ts[22m[39m
馃И Setting up comprehensive test environment...
鉁?Database connected
Running migration: 001_init.ts

[90mstdout[2m | src/services/__tests__/ws-request-handler.test.ts[22m[39m
Migration 001_init.ts completed successfully
Running migration: 002_add_equipped_index.ts

[90mstdout[2m | src/services/__tests__/websocket-lifecycle.test.ts[22m[39m
Migration 001_init.ts completed successfully
Running migration: 002_add_equipped_index.ts

[90mstdout[2m | src/game-systems/inventory/__tests__/inventory-duplicate-prevention.test.ts[22m[39m
馃И Setting up comprehensive test environment...
鉁?Database connected
Running migration: 001_init.ts
Migration 001_init.ts completed successfully
Running migration: 002_add_equipped_index.ts

[90mstdout[2m | src/game-systems/inventory/__tests__/owner-autowire-methods.test.ts[22m[39m
Migration 002_add_equipped_index.ts completed successfully
Running migration: 003_fix_information_boundaries_timestamps.ts

[90mstdout[2m | src/services/__tests__/websocket-lifecycle.test.ts[22m[39m
Migration 002_add_equipped_index.ts completed successfully
Running migration: 003_fix_information_boundaries_timestamps.ts

[90mstdout[2m | src/agents/__tests__/react-agent-hook-runtime.test.ts[22m[39m
Migration 001_init.ts completed successfully
Running migration: 002_add_equipped_index.ts

[90mstdout[2m | src/agents/__tests__/react-agent-hook-runtime.test.ts[22m[39m
Migration 002_add_equipped_index.ts completed successfully
Running migration: 003_fix_information_boundaries_timestamps.ts

[90mstdout[2m | src/game-systems/inventory/__tests__/owner-autowire-methods.test.ts[22m[39m
Migration 003_fix_information_boundaries_timestamps.ts completed successfully
Running migration: 004_drop_information_boundaries.ts

[90mstdout[2m | src/services/__tests__/websocket-lifecycle.test.ts[22m[39m
Migration 003_fix_information_boundaries_timestamps.ts completed successfully
Running migration: 004_drop_information_boundaries.ts

[90mstdout[2m | src/services/__tests__/websocket-lifecycle.test.ts[22m[39m
004_drop_information_boundaries: information_boundaries table not found, skipping migration
004_drop_information_boundaries: cleared custom_data.knowledge from 0 NPCs
Migration 004_drop_information_boundaries.ts completed successfully
Running migration: 005_drop_npc_relations.ts

[90mstdout[2m | src/agents/__tests__/react-agent-hook-runtime.test.ts[22m[39m
Migration 003_fix_information_boundaries_timestamps.ts completed successfully
Running migration: 004_drop_information_boundaries.ts
004_drop_information_boundaries: information_boundaries table not found, skipping migration
004_drop_information_boundaries: cleared custom_data.knowledge from 0 NPCs
Migration 004_drop_information_boundaries.ts completed successfully
Running migration: 005_drop_npc_relations.ts

[90mstdout[2m | src/game-systems/inventory/__tests__/owner-autowire-methods.test.ts[22m[39m
004_drop_information_boundaries: information_boundaries table not found, skipping migration
004_drop_information_boundaries: cleared custom_data.knowledge from 0 NPCs
Migration 004_drop_information_boundaries.ts completed successfully
Running migration: 005_drop_npc_relations.ts

[90mstdout[2m | src/services/__tests__/websocket-lifecycle.test.ts[22m[39m
005_drop_npc_relations: dropped npc_relations table
Migration 005_drop_npc_relations.ts completed successfully
Running migration: 006_awareness_relationship_events_states.ts

[90mstdout[2m | src/game-systems/inventory/__tests__/owner-autowire-methods.test.ts[22m[39m
005_drop_npc_relations: dropped npc_relations table
Migration 005_drop_npc_relations.ts completed successfully
Running migration: 006_awareness_relationship_events_states.ts

[90mstdout[2m | src/agents/__tests__/react-agent-hook-runtime.test.ts[22m[39m
005_drop_npc_relations: dropped npc_relations table
Migration 005_drop_npc_relations.ts completed successfully
Running migration: 006_awareness_relationship_events_states.ts

[90mstdout[2m | src/agents/__tests__/react-agent-hook-runtime.test.ts[22m[39m
006: created entity_awareness_events table
006: created entity_awareness_states table
006: created entity_relationship_events table
006: created entity_relationship_states table
Migration 006_awareness_relationship_events_states.ts completed successfully
Running migration: 007_add_combat_mode.ts

[90mstdout[2m | src/services/__tests__/websocket-lifecycle.test.ts[22m[39m
006: created entity_awareness_events table
006: created entity_awareness_states table
006: created entity_relationship_events table
006: created entity_relationship_states table
Migration 006_awareness_relationship_events_states.ts completed successfully
Running migration: 007_add_combat_mode.ts

[90mstdout[2m | src/game-systems/inventory/__tests__/owner-autowire-methods.test.ts[22m[39m
006: created entity_awareness_events table
006: created entity_awareness_states table
006: created entity_relationship_events table
006: created entity_relationship_states table
Migration 006_awareness_relationship_events_states.ts completed successfully
Running migration: 007_add_combat_mode.ts
007: added combat_states.mode column
Migration 007_add_combat_mode.ts completed successfully
Running migration: 008_add_saves_active_challenge_mode.ts

[90mstdout[2m | src/game-systems/skill/__tests__/skill-owner-autowire.test.ts[22m[39m
馃И Setting up comprehensive test environment...
鉁?Database connected
Running migration: 001_init.ts
Migration 001_init.ts completed successfully
Running migration: 002_add_equipped_index.ts

[90mstdout[2m | src/game-systems/skill/__tests__/skill-owner-autowire.test.ts[22m[39m
Migration 002_add_equipped_index.ts completed successfully
Running migration: 003_fix_information_boundaries_timestamps.ts

[90mstdout[2m | src/services/__tests__/ws-request-handler.test.ts[22m[39m
Migration 002_add_equipped_index.ts completed successfully
Running migration: 003_fix_information_boundaries_timestamps.ts

[90mstdout[2m | src/services/__tests__/ws-request-handler.test.ts[22m[39m
Migration 003_fix_information_boundaries_timestamps.ts completed successfully
Running migration: 004_drop_information_boundaries.ts
004_drop_information_boundaries: information_boundaries table not found, skipping migration
004_drop_information_boundaries: cleared custom_data.knowledge from 0 NPCs
Migration 004_drop_information_boundaries.ts completed successfully
Running migration: 005_drop_npc_relations.ts

[90mstdout[2m | src/services/__tests__/ws-request-handler.test.ts[22m[39m
005_drop_npc_relations: dropped npc_relations table
Migration 005_drop_npc_relations.ts completed successfully
Running migration: 006_awareness_relationship_events_states.ts

[90mstdout[2m | src/services/__tests__/ws-request-handler.test.ts[22m[39m
006: created entity_awareness_events table
006: created entity_awareness_states table
006: created entity_relationship_events table
006: created entity_relationship_states table
Migration 006_awareness_relationship_events_states.ts completed successfully
Running migration: 007_add_combat_mode.ts

[90mstdout[2m | src/services/__tests__/ws-request-handler.test.ts[22m[39m
007: added combat_states.mode column
Migration 007_add_combat_mode.ts completed successfully
Running migration: 008_add_saves_active_challenge_mode.ts

[90mstdout[2m | src/game-systems/audit/__tests__/EntityCountsChecker.test.ts[22m[39m
Migration 001_init.ts completed successfully
Running migration: 002_add_equipped_index.ts

[90mstdout[2m | src/game-systems/audit/__tests__/EntityCountsChecker.test.ts[22m[39m
Migration 002_add_equipped_index.ts completed successfully
Running migration: 003_fix_information_boundaries_timestamps.ts

[90mstdout[2m | src/game-systems/audit/__tests__/EntityCountsChecker.test.ts[22m[39m
Migration 003_fix_information_boundaries_timestamps.ts completed successfully
Running migration: 004_drop_information_boundaries.ts

[90mstdout[2m | src/game-systems/audit/__tests__/EntityCountsChecker.test.ts[22m[39m
004_drop_information_boundaries: information_boundaries table not found, skipping migration
004_drop_information_boundaries: cleared custom_data.knowledge from 0 NPCs
Migration 004_drop_information_boundaries.ts completed successfully
Running migration: 005_drop_npc_relations.ts

[90mstdout[2m | src/game-systems/audit/__tests__/EntityCountsChecker.test.ts[22m[39m
005_drop_npc_relations: dropped npc_relations table
Migration 005_drop_npc_relations.ts completed successfully
Running migration: 006_awareness_relationship_events_states.ts

[90mstdout[2m | src/routes/__tests__/e2e-game-core.test.ts[22m[39m
馃И Setting up comprehensive test environment...
鉁?Database connected
Running migration: 001_init.ts

[90mstdout[2m | src/services/__tests__/rules-engine.test.ts[22m[39m
Migration 001_init.ts completed successfully
Running migration: 002_add_equipped_index.ts

[90mstdout[2m | src/services/__tests__/rules-engine.test.ts[22m[39m
Migration 002_add_equipped_index.ts completed successfully
Running migration: 003_fix_information_boundaries_timestamps.ts

[90mstdout[2m | src/services/__tests__/rules-engine.test.ts[22m[39m
Migration 003_fix_information_boundaries_timestamps.ts completed successfully
Running migration: 004_drop_information_boundaries.ts

[90mstdout[2m | src/game-systems/audit/__tests__/EntityCountsChecker.test.ts[22m[39m
006: created entity_awareness_events table
006: created entity_awareness_states table
006: created entity_relationship_events table
006: created entity_relationship_states table
Migration 006_awareness_relationship_events_states.ts completed successfully
Running migration: 007_add_combat_mode.ts

[90mstdout[2m | src/services/__tests__/rules-engine.test.ts[22m[39m
004_drop_information_boundaries: information_boundaries table not found, skipping migration
004_drop_information_boundaries: cleared custom_data.knowledge from 0 NPCs
Migration 004_drop_information_boundaries.ts completed successfully
Running migration: 005_drop_npc_relations.ts

[90mstdout[2m | src/services/__tests__/rules-engine.test.ts[22m[39m
005_drop_npc_relations: dropped npc_relations table
Migration 005_drop_npc_relations.ts completed successfully
Running migration: 006_awareness_relationship_events_states.ts

[90mstdout[2m | src/services/__tests__/rules-engine.test.ts[22m[39m
006: created entity_awareness_events table
006: created entity_awareness_states table
006: created entity_relationship_events table
006: created entity_relationship_states table
Migration 006_awareness_relationship_events_states.ts completed successfully
Running migration: 007_add_combat_mode.ts

[90mstdout[2m | src/routes/__tests__/e2e-game-core.test.ts[22m[39m
Migration 001_init.ts completed successfully
Running migration: 002_add_equipped_index.ts

[90mstdout[2m | src/agents/__tests__/react-agent-hook-runtime.test.ts[22m[39m
007: added combat_states.mode column
Migration 007_add_combat_mode.ts completed successfully
Running migration: 008_add_saves_active_challenge_mode.ts
008: added saves.active_challenge_mode column
Migration 008_add_saves_active_challenge_mode.ts completed successfully
All migrations completed
鉁?Migrations completed
All seeds completed
鉁?Seeds completed
01:59:38 [[32minfo[39m]  Starting YAML-driven Agent system initialization
01:59:38 [[32minfo[39m]  Seeding ModelConfigService from environment
01:59:38 [[32minfo[39m]  No DEEPSEEK_API_KEY env var found, skipping env seed
01:59:39 [[32minfo[39m]  Seeded provider from convict config {"providerType":"openai","providerId":"50ae529d-3338-43a2-8ec3-989c47854867","model":"openrouter/free"}
01:59:39 [[32minfo[39m]  Creating LLMService with ModelConfigService
01:59:39 [[32minfo[39m]  Creating ContextService and DecisionLogService instances
01:59:39 [[32minfo[39m]  Initializing YAML-driven Agent profiles...
01:59:39 [[32minfo[39m]  Loading config from directory: C:\Users\super\Documents\trae_projects\AGG-main\packages\backend\config
01:59:39 [[32minfo[39m]  Loaded agent profile: fantasy_rpg
01:59:39 [[32minfo[39m]  Loaded agent profile: minimal_test
01:59:39 [[32minfo[39m]  Loaded 0 non-builtin profiles from database (0 builtin skipped, using YAML)
01:59:39 [[32minfo[39m]  Config loaded successfully: 2 profiles
01:59:39 [[32minfo[39m]  YAML config loaded successfully
01:59:39 [[32minfo[39m]  Context rules loaded {"agentCount":10}
01:59:39 [[32minfo[39m]  Default manifests loaded {"agentTypeCount":6,"manifestCount":8}
01:59:39 [[32minfo[39m]  Context rules file watcher started {"path":"C:\\Users\\super\\Documents\\trae_projects\\AGG-main\\packages\\backend\\config\\agent-context-rules.yaml"}
01:59:39 [[32minfo[39m]  Loaded 10 agent capabilities from YAML profiles
01:59:39 [[32minfo[39m]  ToolRegistry initialized
01:59:39 [[32minfo[39m]  Registering ServiceTools to ToolRegistry
01:59:39 [[32minfo[39m]  Tool registered: game_time_service - GameTime Service (v1.0.0)
01:59:39 [[32minfo[39m]  Tool registered: numerical_service - Numerical Service (v1.0.0)
01:59:39 [[32minfo[39m]  Tool registered: character_service - Character Service (v1.0.0)
01:59:39 [[32minfo[39m]  Tool registered: inventory_service - Inventory Service (v1.0.0)
01:59:39 [[32minfo[39m]  Tool registered: skill_service - Skill Service (v1.1.0)
01:59:39 [[32minfo[39m]  Tool registered: map_service - Map Service (v2.0.0)
01:59:39 [[32minfo[39m]  Tool registered: npc_service - NPC Service (v1.0.0)
01:59:39 [[32minfo[39m]  Tool registered: dialogue_service - Dialogue Service (v1.0.0)
01:59:39 [[32minfo[39m]  Tool registered: quest_service - Quest Service (v1.0.0)
01:59:39 [[32minfo[39m]  Tool registered: challenge_service - Challenge Service (v1.0.0)
01:59:39 [[32minfo[39m]  Tool registered: event_service - Event Service (v1.0.0)
01:59:39 [[32minfo[39m]  Tool registered: story_service - Story Service (v1.0.0)
01:59:39 [[32minfo[39m]  Tool registered: game_init_service - Game Init Service (v2.0.0)
01:59:39 [[32minfo[39m]  Tool registered: batch_query_service - Batch Query Service (v1.0.0)
01:59:39 [[32minfo[39m]  Tool registered: entity_graph_service - Entity Graph Service (v1.0.0)
01:59:39 [[32minfo[39m]  Tool registered: template_pool_service - Template Pool Service (v1.0.0)
01:59:39 [[32minfo[39m]  Tool registered: dynamic_ui - Dynamic UI Service (v1.0.0)
01:59:39 [[32minfo[39m]  Tool registered: generate_options - Generate Options Service (v2.0.0)
01:59:39 [[32minfo[39m]  Tool registered: coordinator_service - Coordinator Service (v1.0.0)
01:59:39 [[32minfo[39m]  Tool registered: rule_service - Rule Service (v1.0.0)
01:59:39 [[32minfo[39m]  Tool registered: skill_loader - Skill Loader (v1.0.0)
01:59:39 [[32minfo[39m]  Tool registered: help_service - Help Service (v1.0.0)
01:59:39 [[32minfo[39m]  Tool registered: memory_service - Memory Service (v1.0.0)
01:59:39 [[32minfo[39m]  Registered 23 ServiceTools to ToolRegistry
01:59:39 [[32minfo[39m]  Tool reference validation passed

[90mstdout[2m | src/migrations/__tests__/schema-verification.test.ts[22m[39m
馃И Setting up comprehensive test environment...
鉁?Database connected
Running migration: 001_init.ts

[90mstdout[2m | tests/services/game-service-challenge-mode.test.ts[22m[39m
Migration 001_init.ts completed successfully
Running migration: 002_add_equipped_index.ts

[90mstdout[2m | tests/services/game-service-challenge-mode.test.ts[22m[39m
Migration 002_add_equipped_index.ts completed successfully
Running migration: 003_fix_information_boundaries_timestamps.ts

[90mstdout[2m | tests/services/game-service-challenge-mode.test.ts[22m[39m
Migration 003_fix_information_boundaries_timestamps.ts completed successfully
Running migration: 004_drop_information_boundaries.ts

[90mstdout[2m | src/services/__tests__/ws-request-handler.test.ts[22m[39m
008: added saves.active_challenge_mode column
Migration 008_add_saves_active_challenge_mode.ts completed successfully
All migrations completed
鉁?Migrations completed
All seeds completed
鉁?Seeds completed
01:59:38 [[32minfo[39m]  Starting YAML-driven Agent system initialization
01:59:38 [[32minfo[39m]  Seeding ModelConfigService from environment
01:59:38 [[32minfo[39m]  No DEEPSEEK_API_KEY env var found, skipping env seed
01:59:39 [[32minfo[39m]  Seeded provider from convict config {"providerType":"openai","providerId":"9277c532-cbab-4967-9f5c-6fa1c263bb15","model":"openrouter/free"}
01:59:39 [[32minfo[39m]  Creating LLMService with ModelConfigService
01:59:39 [[32minfo[39m]  Creating ContextService and DecisionLogService instances
01:59:39 [[32minfo[39m]  Initializing YAML-driven Agent profiles...
01:59:39 [[32minfo[39m]  Loading config from directory: C:\Users\super\Documents\trae_projects\AGG-main\packages\backend\config
01:59:39 [[32minfo[39m]  Loaded agent profile: fantasy_rpg
01:59:39 [[32minfo[39m]  Loaded agent profile: minimal_test
01:59:39 [[32minfo[39m]  Loaded 0 non-builtin profiles from database (0 builtin skipped, using YAML)
01:59:39 [[32minfo[39m]  Config loaded successfully: 2 profiles
01:59:39 [[32minfo[39m]  YAML config loaded successfully
01:59:39 [[32minfo[39m]  Context rules loaded {"agentCount":10}
01:59:39 [[32minfo[39m]  Default manifests loaded {"agentTypeCount":6,"manifestCount":8}
01:59:39 [[32minfo[39m]  Context rules file watcher started {"path":"C:\\Users\\super\\Documents\\trae_projects\\AGG-main\\packages\\backend\\config\\agent-context-rules.yaml"}
01:59:39 [[32minfo[39m]  Loaded 10 agent capabilities from YAML profiles
01:59:39 [[32minfo[39m]  ToolRegistry initialized
01:59:39 [[32minfo[39m]  Registering ServiceTools to ToolRegistry
01:59:39 [[32minfo[39m]  Tool registered: game_time_service - GameTime Service (v1.0.0)
01:59:39 [[32minfo[39m]  Tool registered: numerical_service - Numerical Service (v1.0.0)
01:59:39 [[32minfo[39m]  Tool registered: character_service - Character Service (v1.0.0)
01:59:39 [[32minfo[39m]  Tool registered: inventory_service - Inventory Service (v1.0.0)
01:59:39 [[32minfo[39m]  Tool registered: skill_service - Skill Service (v1.1.0)
01:59:39 [[32minfo[39m]  Tool registered: map_service - Map Service (v2.0.0)
01:59:39 [[32minfo[39m]  Tool registered: npc_service - NPC Service (v1.0.0)
01:59:39 [[32minfo[39m]  Tool registered: dialogue_service - Dialogue Service (v1.0.0)
01:59:39 [[32minfo[39m]  Tool registered: quest_service - Quest Service (v1.0.0)
01:59:39 [[32minfo[39m]  Tool registered: challenge_service - Challenge Service (v1.0.0)
01:59:39 [[32minfo[39m]  Tool registered: event_service - Event Service (v1.0.0)
01:59:39 [[32minfo[39m]  Tool registered: story_service - Story Service (v1.0.0)
01:59:39 [[32minfo[39m]  Tool registered: game_init_service - Game Init Service (v2.0.0)
01:59:39 [[32minfo[39m]  Tool registered: batch_query_service - Batch Query Service (v1.0.0)
01:59:39 [[32minfo[39m]  Tool registered: entity_graph_service - Entity Graph Service (v1.0.0)
01:59:39 [[32minfo[39m]  Tool registered: template_pool_service - Template Pool Service (v1.0.0)
01:59:39 [[32minfo[39m]  Tool registered: dynamic_ui - Dynamic UI Service (v1.0.0)
01:59:39 [[32minfo[39m]  Tool registered: generate_options - Generate Options Service (v2.0.0)
01:59:39 [[32minfo[39m]  Tool registered: coordinator_service - Coordinator Service (v1.0.0)
01:59:39 [[32minfo[39m]  Tool registered: rule_service - Rule Service (v1.0.0)
01:59:39 [[32minfo[39m]  Tool registered: skill_loader - Skill Loader (v1.0.0)
01:59:39 [[32minfo[39m]  Tool registered: help_service - Help Service (v1.0.0)
01:59:39 [[32minfo[39m]  Tool registered: memory_service - Memory Service (v1.0.0)
01:59:39 [[32minfo[39m]  Registered 23 ServiceTools to ToolRegistry
01:59:39 [[32minfo[39m]  Tool reference validation passed

[90mstdout[2m | tests/services/game-service-challenge-mode.test.ts[22m[39m
004_drop_information_boundaries: information_boundaries table not found, skipping migration
004_drop_information_boundaries: cleared custom_data.knowledge from 0 NPCs
Migration 004_drop_information_boundaries.ts completed successfully
Running migration: 005_drop_npc_relations.ts

[90mstdout[2m | tests/services/game-service-challenge-mode.test.ts[22m[39m
005_drop_npc_relations: dropped npc_relations table
Migration 005_drop_npc_relations.ts completed successfully
Running migration: 006_awareness_relationship_events_states.ts

[90mstdout[2m | src/game-systems/inventory/__tests__/owner-autowire-methods.test.ts[22m[39m
008: added saves.active_challenge_mode column
Migration 008_add_saves_active_challenge_mode.ts completed successfully
All migrations completed
鉁?Migrations completed
All seeds completed
鉁?Seeds completed
01:59:38 [[32minfo[39m]  Starting YAML-driven Agent system initialization
01:59:38 [[32minfo[39m]  Seeding ModelConfigService from environment
01:59:38 [[32minfo[39m]  No DEEPSEEK_API_KEY env var found, skipping env seed
01:59:39 [[32minfo[39m]  Seeded provider from convict config {"providerType":"openai","providerId":"aa53f3f2-030a-4060-92eb-2d0b3322b1cd","model":"openrouter/free"}
01:59:39 [[32minfo[39m]  Creating LLMService with ModelConfigService
01:59:39 [[32minfo[39m]  Creating ContextService and DecisionLogService instances
01:59:39 [[32minfo[39m]  Initializing YAML-driven Agent profiles...
01:59:39 [[32minfo[39m]  Loading config from directory: C:\Users\super\Documents\trae_projects\AGG-main\packages\backend\config
01:59:39 [[32minfo[39m]  Loaded agent profile: fantasy_rpg
01:59:39 [[32minfo[39m]  Loaded agent profile: minimal_test
01:59:39 [[32minfo[39m]  Loaded 0 non-builtin profiles from database (0 builtin skipped, using YAML)
01:59:39 [[32minfo[39m]  Config loaded successfully: 2 profiles
01:59:39 [[32minfo[39m]  YAML config loaded successfully
01:59:39 [[32minfo[39m]  Context rules loaded {"agentCount":10}
01:59:39 [[32minfo[39m]  Default manifests loaded {"agentTypeCount":6,"manifestCount":8}
01:59:39 [[32minfo[39m]  Context rules file watcher started {"path":"C:\\Users\\super\\Documents\\trae_projects\\AGG-main\\packages\\backend\\config\\agent-context-rules.yaml"}
01:59:39 [[32minfo[39m]  Loaded 10 agent capabilities from YAML profiles
01:59:39 [[32minfo[39m]  ToolRegistry initialized
01:59:39 [[32minfo[39m]  Registering ServiceTools to ToolRegistry
01:59:39 [[32minfo[39m]  Tool registered: game_time_service - GameTime Service (v1.0.0)
01:59:39 [[32minfo[39m]  Tool registered: numerical_service - Numerical Service (v1.0.0)
01:59:39 [[32minfo[39m]  Tool registered: character_service - Character Service (v1.0.0)
01:59:39 [[32minfo[39m]  Tool registered: inventory_service - Inventory Service (v1.0.0)
01:59:39 [[32minfo[39m]  Tool registered: skill_service - Skill Service (v1.1.0)
01:59:39 [[32minfo[39m]  Tool registered: map_service - Map Service (v2.0.0)
01:59:39 [[32minfo[39m]  Tool registered: npc_service - NPC Service (v1.0.0)
01:59:39 [[32minfo[39m]  Tool registered: dialogue_service - Dialogue Service (v1.0.0)
01:59:39 [[32minfo[39m]  Tool registered: quest_service - Quest Service (v1.0.0)
01:59:39 [[32minfo[39m]  Tool registered: challenge_service - Challenge Service (v1.0.0)
01:59:39 [[32minfo[39m]  Tool registered: event_service - Event Service (v1.0.0)
01:59:39 [[32minfo[39m]  Tool registered: story_service - Story Service (v1.0.0)
01:59:39 [[32minfo[39m]  Tool registered: game_init_service - Game Init Service (v2.0.0)
01:59:39 [[32minfo[39m]  Tool registered: batch_query_service - Batch Query Service (v1.0.0)
01:59:39 [[32minfo[39m]  Tool registered: entity_graph_service - Entity Graph Service (v1.0.0)
01:59:39 [[32minfo[39m]  Tool registered: template_pool_service - Template Pool Service (v1.0.0)
01:59:39 [[32minfo[39m]  Tool registered: dynamic_ui - Dynamic UI Service (v1.0.0)
01:59:39 [[32minfo[39m]  Tool registered: generate_options - Generate Options Service (v2.0.0)
01:59:39 [[32minfo[39m]  Tool registered: coordinator_service - Coordinator Service (v1.0.0)
01:59:39 [[32minfo[39m]  Tool registered: rule_service - Rule Service (v1.0.0)
01:59:39 [[32minfo[39m]  Tool registered: skill_loader - Skill Loader (v1.0.0)
01:59:39 [[32minfo[39m]  Tool registered: help_service - Help Service (v1.0.0)
01:59:39 [[32minfo[39m]  Tool registered: memory_service - Memory Service (v1.0.0)
01:59:39 [[32minfo[39m]  Registered 23 ServiceTools to ToolRegistry
01:59:39 [[32minfo[39m]  Tool reference validation passed

[90mstdout[2m | src/agents/__tests__/react-agent-hook-runtime.test.ts[22m[39m
01:59:39 [[32minfo[39m]  Discovered 187 help files {"dir":"C:\\Users\\super\\Documents\\trae_projects\\AGG-main\\packages\\backend\\config\\agent-help"}

[90mstdout[2m | src/services/__tests__/ws-request-handler.test.ts[22m[39m
01:59:39 [[32minfo[39m]  Discovered 187 help files {"dir":"C:\\Users\\super\\Documents\\trae_projects\\AGG-main\\packages\\backend\\config\\agent-help"}

[90mstdout[2m | src/services/__tests__/websocket-lifecycle.test.ts[22m[39m
007: added combat_states.mode column
Migration 007_add_combat_mode.ts completed successfully
Running migration: 008_add_saves_active_challenge_mode.ts
008: added saves.active_challenge_mode column
Migration 008_add_saves_active_challenge_mode.ts completed successfully
All migrations completed
鉁?Migrations completed
All seeds completed
鉁?Seeds completed
01:59:38 [[32minfo[39m]  Starting YAML-driven Agent system initialization
01:59:38 [[32minfo[39m]  Seeding ModelConfigService from environment
01:59:38 [[32minfo[39m]  No DEEPSEEK_API_KEY env var found, skipping env seed
01:59:38 [[32minfo[39m]  Seeded provider from convict config {"providerType":"openai","providerId":"93190d4f-6fce-480a-8932-5f00a08ec9d7","model":"openrouter/free"}
01:59:38 [[32minfo[39m]  Creating LLMService with ModelConfigService
01:59:39 [[32minfo[39m]  Creating ContextService and DecisionLogService instances
01:59:39 [[32minfo[39m]  Initializing YAML-driven Agent profiles...
01:59:39 [[32minfo[39m]  Loading config from directory: C:\Users\super\Documents\trae_projects\AGG-main\packages\backend\config
01:59:39 [[32minfo[39m]  Loaded agent profile: fantasy_rpg
01:59:39 [[32minfo[39m]  Loaded agent profile: minimal_test
01:59:39 [[32minfo[39m]  Loaded 0 non-builtin profiles from database (0 builtin skipped, using YAML)
01:59:39 [[32minfo[39m]  Config loaded successfully: 2 profiles
01:59:39 [[32minfo[39m]  YAML config loaded successfully
01:59:39 [[32minfo[39m]  Context rules loaded {"agentCount":10}
01:59:39 [[32minfo[39m]  Default manifests loaded {"agentTypeCount":6,"manifestCount":8}
01:59:39 [[32minfo[39m]  Context rules file watcher started {"path":"C:\\Users\\super\\Documents\\trae_projects\\AGG-main\\packages\\backend\\config\\agent-context-rules.yaml"}
01:59:39 [[32minfo[39m]  Loaded 10 agent capabilities from YAML profiles
01:59:39 [[32minfo[39m]  ToolRegistry initialized
01:59:39 [[32minfo[39m]  Registering ServiceTools to ToolRegistry
01:59:39 [[32minfo[39m]  Tool registered: game_time_service - GameTime Service (v1.0.0)
01:59:39 [[32minfo[39m]  Tool registered: numerical_service - Numerical Service (v1.0.0)
01:59:39 [[32minfo[39m]  Tool registered: character_service - Character Service (v1.0.0)
01:59:39 [[32minfo[39m]  Tool registered: inventory_service - Inventory Service (v1.0.0)
01:59:39 [[32minfo[39m]  Tool registered: skill_service - Skill Service (v1.1.0)
01:59:39 [[32minfo[39m]  Tool registered: map_service - Map Service (v2.0.0)
01:59:39 [[32minfo[39m]  Tool registered: npc_service - NPC Service (v1.0.0)
01:59:39 [[32minfo[39m]  Tool registered: dialogue_service - Dialogue Service (v1.0.0)
01:59:39 [[32minfo[39m]  Tool registered: quest_service - Quest Service (v1.0.0)
01:59:39 [[32minfo[39m]  Tool registered: challenge_service - Challenge Service (v1.0.0)
01:59:39 [[32minfo[39m]  Tool registered: event_service - Event Service (v1.0.0)
01:59:39 [[32minfo[39m]  Tool registered: story_service - Story Service (v1.0.0)
01:59:39 [[32minfo[39m]  Tool registered: game_init_service - Game Init Service (v2.0.0)
01:59:39 [[32minfo[39m]  Tool registered: batch_query_service - Batch Query Service (v1.0.0)
01:59:39 [[32minfo[39m]  Tool registered: entity_graph_service - Entity Graph Service (v1.0.0)
01:59:39 [[32minfo[39m]  Tool registered: template_pool_service - Template Pool Service (v1.0.0)
01:59:39 [[32minfo[39m]  Tool registered: dynamic_ui - Dynamic UI Service (v1.0.0)
01:59:39 [[32minfo[39m]  Tool registered: generate_options - Generate Options Service (v2.0.0)
01:59:39 [[32minfo[39m]  Tool registered: coordinator_service - Coordinator Service (v1.0.0)
01:59:39 [[32minfo[39m]  Tool registered: rule_service - Rule Service (v1.0.0)
01:59:39 [[32minfo[39m]  Tool registered: skill_loader - Skill Loader (v1.0.0)
01:59:39 [[32minfo[39m]  Tool registered: help_service - Help Service (v1.0.0)
01:59:39 [[32minfo[39m]  Tool registered: memory_service - Memory Service (v1.0.0)
01:59:39 [[32minfo[39m]  Registered 23 ServiceTools to ToolRegistry
01:59:39 [[32minfo[39m]  Tool reference validation passed

[90mstdout[2m | src/agents/__tests__/react-agent-post-react.test.ts[22m[39m
馃И Setting up comprehensive test environment...
鉁?Database connected
Running migration: 001_init.ts
Migration 001_init.ts completed successfully
Running migration: 002_add_equipped_index.ts
Migration 002_add_equipped_index.ts completed successfully
Running migration: 003_fix_information_boundaries_timestamps.ts
Migration 003_fix_information_boundaries_timestamps.ts completed successfully
Running migration: 004_drop_information_boundaries.ts
004_drop_information_boundaries: information_boundaries table not found, skipping migration
004_drop_information_boundaries: cleared custom_data.knowledge from 0 NPCs
Migration 004_drop_information_boundaries.ts completed successfully
Running migration: 005_drop_npc_relations.ts

[90mstdout[2m | src/agents/__tests__/react-agent-post-react.test.ts[22m[39m
005_drop_npc_relations: dropped npc_relations table
Migration 005_drop_npc_relations.ts completed successfully
Running migration: 006_awareness_relationship_events_states.ts
006: created entity_awareness_events table
006: created entity_awareness_states table
006: created entity_relationship_events table
006: created entity_relationship_states table
Migration 006_awareness_relationship_events_states.ts completed successfully
Running migration: 007_add_combat_mode.ts

[90mstdout[2m | src/routes/__tests__/dev-mode.test.ts[22m[39m
馃И Setting up comprehensive test environment...
鉁?Database connected
Running migration: 001_init.ts

[90mstdout[2m | src/migrations/__tests__/schema-verification.test.ts[22m[39m
Migration 001_init.ts completed successfully
Running migration: 002_add_equipped_index.ts
Migration 002_add_equipped_index.ts completed successfully
Running migration: 003_fix_information_boundaries_timestamps.ts

[90mstdout[2m | src/game-systems/entity-graph/__tests__/AwarenessRepository.test.ts[22m[39m
Migration 001_init.ts completed successfully
Running migration: 002_add_equipped_index.ts

[90mstdout[2m | src/migrations/__tests__/schema-verification.test.ts[22m[39m
Migration 003_fix_information_boundaries_timestamps.ts completed successfully
Running migration: 004_drop_information_boundaries.ts

[90mstdout[2m | src/game-systems/entity-graph/__tests__/AwarenessRepository.test.ts[22m[39m
Migration 002_add_equipped_index.ts completed successfully
Running migration: 003_fix_information_boundaries_timestamps.ts

[90mstdout[2m | src/migrations/__tests__/schema-verification.test.ts[22m[39m
004_drop_information_boundaries: information_boundaries table not found, skipping migration
004_drop_information_boundaries: cleared custom_data.knowledge from 0 NPCs
Migration 004_drop_information_boundaries.ts completed successfully
Running migration: 005_drop_npc_relations.ts

[90mstdout[2m | src/game-systems/entity-graph/__tests__/AwarenessRepository.test.ts[22m[39m
Migration 003_fix_information_boundaries_timestamps.ts completed successfully
Running migration: 004_drop_information_boundaries.ts

[90mstdout[2m | src/routes/__tests__/dev-mode.test.ts[22m[39m
Migration 001_init.ts completed successfully
Running migration: 002_add_equipped_index.ts

[90mstdout[2m | src/migrations/__tests__/schema-verification.test.ts[22m[39m
005_drop_npc_relations: dropped npc_relations table
Migration 005_drop_npc_relations.ts completed successfully
Running migration: 006_awareness_relationship_events_states.ts

[90mstdout[2m | src/game-systems/entity-graph/__tests__/AwarenessRepository.test.ts[22m[39m
004_drop_information_boundaries: information_boundaries table not found, skipping migration
004_drop_information_boundaries: cleared custom_data.knowledge from 0 NPCs
Migration 004_drop_information_boundaries.ts completed successfully
Running migration: 005_drop_npc_relations.ts
005_drop_npc_relations: dropped npc_relations table
Migration 005_drop_npc_relations.ts completed successfully
Running migration: 006_awareness_relationship_events_states.ts
006: created entity_awareness_events table
006: created entity_awareness_states table
006: created entity_relationship_events table
006: created entity_relationship_states table
Migration 006_awareness_relationship_events_states.ts completed successfully
Running migration: 007_add_combat_mode.ts

[90mstdout[2m | src/services/__tests__/rules-engine.test.ts[22m[39m
007: added combat_states.mode column
Migration 007_add_combat_mode.ts completed successfully
Running migration: 008_add_saves_active_challenge_mode.ts
008: added saves.active_challenge_mode column
Migration 008_add_saves_active_challenge_mode.ts completed successfully
All migrations completed
鉁?Migrations completed
All seeds completed
鉁?Seeds completed
01:59:39 [[32minfo[39m]  Starting YAML-driven Agent system initialization
01:59:39 [[32minfo[39m]  Seeding ModelConfigService from environment
01:59:39 [[32minfo[39m]  No DEEPSEEK_API_KEY env var found, skipping env seed
01:59:39 [[32minfo[39m]  Seeded provider from convict config {"providerType":"openai","providerId":"ffe903d7-8a44-4276-8693-016d36261b62","model":"openrouter/free"}
01:59:39 [[32minfo[39m]  Creating LLMService with ModelConfigService
01:59:39 [[32minfo[39m]  Creating ContextService and DecisionLogService instances
01:59:39 [[32minfo[39m]  Initializing YAML-driven Agent profiles...
01:59:39 [[32minfo[39m]  Loading config from directory: C:\Users\super\Documents\trae_projects\AGG-main\packages\backend\config
01:59:39 [[32minfo[39m]  Loaded agent profile: fantasy_rpg
01:59:39 [[32minfo[39m]  Loaded agent profile: minimal_test
01:59:39 [[32minfo[39m]  Loaded 0 non-builtin profiles from database (0 builtin skipped, using YAML)
01:59:39 [[32minfo[39m]  Config loaded successfully: 2 profiles
01:59:39 [[32minfo[39m]  YAML config loaded successfully
01:59:39 [[32minfo[39m]  Context rules loaded {"agentCount":10}
01:59:39 [[32minfo[39m]  Default manifests loaded {"agentTypeCount":6,"manifestCount":8}
01:59:39 [[32minfo[39m]  Context rules file watcher started {"path":"C:\\Users\\super\\Documents\\trae_projects\\AGG-main\\packages\\backend\\config\\agent-context-rules.yaml"}
01:59:39 [[32minfo[39m]  Loaded 10 agent capabilities from YAML profiles
01:59:39 [[32minfo[39m]  ToolRegistry initialized
01:59:39 [[32minfo[39m]  Registering ServiceTools to ToolRegistry
01:59:39 [[32minfo[39m]  Tool registered: game_time_service - GameTime Service (v1.0.0)
01:59:39 [[32minfo[39m]  Tool registered: numerical_service - Numerical Service (v1.0.0)
01:59:39 [[32minfo[39m]  Tool registered: character_service - Character Service (v1.0.0)
01:59:39 [[32minfo[39m]  Tool registered: inventory_service - Inventory Service (v1.0.0)
01:59:39 [[32minfo[39m]  Tool registered: skill_service - Skill Service (v1.1.0)
01:59:39 [[32minfo[39m]  Tool registered: map_service - Map Service (v2.0.0)
01:59:39 [[32minfo[39m]  Tool registered: npc_service - NPC Service (v1.0.0)
01:59:39 [[32minfo[39m]  Tool registered: dialogue_service - Dialogue Service (v1.0.0)
01:59:39 [[32minfo[39m]  Tool registered: quest_service - Quest Service (v1.0.0)
01:59:39 [[32minfo[39m]  Tool registered: challenge_service - Challenge Service (v1.0.0)
01:59:39 [[32minfo[39m]  Tool registered: event_service - Event Service (v1.0.0)
01:59:39 [[32minfo[39m]  Tool registered: story_service - Story Service (v1.0.0)
01:59:39 [[32minfo[39m]  Tool registered: game_init_service - Game Init Service (v2.0.0)
01:59:39 [[32minfo[39m]  Tool registered: batch_query_service - Batch Query Service (v1.0.0)
01:59:39 [[32minfo[39m]  Tool registered: entity_graph_service - Entity Graph Service (v1.0.0)
01:59:39 [[32minfo[39m]  Tool registered: template_pool_service - Template Pool Service (v1.0.0)
01:59:39 [[32minfo[39m]  Tool registered: dynamic_ui - Dynamic UI Service (v1.0.0)
01:59:39 [[32minfo[39m]  Tool registered: generate_options - Generate Options Service (v2.0.0)
01:59:39 [[32minfo[39m]  Tool registered: coordinator_service - Coordinator Service (v1.0.0)
01:59:39 [[32minfo[39m]  Tool registered: rule_service - Rule Service (v1.0.0)
01:59:39 [[32minfo[39m]  Tool registered: skill_loader - Skill Loader (v1.0.0)
01:59:39 [[32minfo[39m]  Tool registered: help_service - Help Service (v1.0.0)
01:59:39 [[32minfo[39m]  Tool registered: memory_service - Memory Service (v1.0.0)
01:59:39 [[32minfo[39m]  Registered 23 ServiceTools to ToolRegistry
01:59:39 [[32minfo[39m]  Tool reference validation passed

[90mstdout[2m | src/game-systems/entity-graph/__tests__/AwarenessRepository.test.ts[22m[39m
007: added combat_states.mode column
Migration 007_add_combat_mode.ts completed successfully
Running migration: 008_add_saves_active_challenge_mode.ts

[90mstdout[2m | src/routes/__tests__/dev-mode.test.ts[22m[39m
Migration 002_add_equipped_index.ts completed successfully
Running migration: 003_fix_information_boundaries_timestamps.ts
Migration 003_fix_information_boundaries_timestamps.ts completed successfully
Running migration: 004_drop_information_boundaries.ts
004_drop_information_boundaries: information_boundaries table not found, skipping migration
004_drop_information_boundaries: cleared custom_data.knowledge from 0 NPCs
Migration 004_drop_information_boundaries.ts completed successfully
Running migration: 005_drop_npc_relations.ts
005_drop_npc_relations: dropped npc_relations table
Migration 005_drop_npc_relations.ts completed successfully
Running migration: 006_awareness_relationship_events_states.ts
006: created entity_awareness_events table
006: created entity_awareness_states table
006: created entity_relationship_events table
006: created entity_relationship_states table
Migration 006_awareness_relationship_events_states.ts completed successfully
Running migration: 007_add_combat_mode.ts

[90mstdout[2m | src/routes/__tests__/dev-mode.test.ts[22m[39m
007: added combat_states.mode column
Migration 007_add_combat_mode.ts completed successfully
Running migration: 008_add_saves_active_challenge_mode.ts

[90mstdout[2m | src/game-systems/entity-graph/__tests__/EntityGraphService.awareness-upgrade.test.ts[22m[39m
馃И Setting up comprehensive test environment...
鉁?Database connected
Running migration: 001_init.ts
Migration 001_init.ts completed successfully
Running migration: 002_add_equipped_index.ts
Migration 002_add_equipped_index.ts completed successfully
Running migration: 003_fix_information_boundaries_timestamps.ts

[90mstdout[2m | src/migrations/__tests__/schema-verification.test.ts[22m[39m
006: created entity_awareness_events table
006: created entity_awareness_states table
006: created entity_relationship_events table
006: created entity_relationship_states table
Migration 006_awareness_relationship_events_states.ts completed successfully
Running migration: 007_add_combat_mode.ts

[90mstdout[2m | src/game-systems/entity-graph/__tests__/EntityGraphService.awareness-upgrade.test.ts[22m[39m
Migration 003_fix_information_boundaries_timestamps.ts completed successfully
Running migration: 004_drop_information_boundaries.ts

[90mstdout[2m | src/game-systems/entity-graph/__tests__/EntityGraphService.awareness-upgrade.test.ts[22m[39m
004_drop_information_boundaries: information_boundaries table not found, skipping migration
004_drop_information_boundaries: cleared custom_data.knowledge from 0 NPCs
Migration 004_drop_information_boundaries.ts completed successfully
Running migration: 005_drop_npc_relations.ts
005_drop_npc_relations: dropped npc_relations table
Migration 005_drop_npc_relations.ts completed successfully
Running migration: 006_awareness_relationship_events_states.ts

[90mstdout[2m | src/game-systems/entity-graph/__tests__/EntityGraphService.awareness-upgrade.test.ts[22m[39m
006: created entity_awareness_events table
006: created entity_awareness_states table
006: created entity_relationship_events table
006: created entity_relationship_states table
Migration 006_awareness_relationship_events_states.ts completed successfully
Running migration: 007_add_combat_mode.ts
007: added combat_states.mode column
Migration 007_add_combat_mode.ts completed successfully
Running migration: 008_add_saves_active_challenge_mode.ts

[90mstdout[2m | src/migrations/__tests__/schema-verification.test.ts[22m[39m
007: added combat_states.mode column
Migration 007_add_combat_mode.ts completed successfully
Running migration: 008_add_saves_active_challenge_mode.ts

[90mstdout[2m | src/agents/__tests__/story-kernel-contract.test.ts[22m[39m
Migration 001_init.ts completed successfully
Running migration: 002_add_equipped_index.ts

[90mstdout[2m | tests/agent-system/websocket.test.ts[22m[39m
馃И Setting up comprehensive test environment...
鉁?Database connected
Running migration: 001_init.ts

[90mstdout[2m | src/services/__tests__/rules-engine.test.ts[22m[39m
01:59:39 [[32minfo[39m]  Discovered 187 help files {"dir":"C:\\Users\\super\\Documents\\trae_projects\\AGG-main\\packages\\backend\\config\\agent-help"}

[90mstdout[2m | src/game-systems/audit/__tests__/EntityCountsChecker.test.ts[22m[39m
007: added combat_states.mode column
Migration 007_add_combat_mode.ts completed successfully
Running migration: 008_add_saves_active_challenge_mode.ts
008: added saves.active_challenge_mode column
Migration 008_add_saves_active_challenge_mode.ts completed successfully
All migrations completed
鉁?Migrations completed
All seeds completed
鉁?Seeds completed
01:59:39 [[32minfo[39m]  Starting YAML-driven Agent system initialization
01:59:39 [[32minfo[39m]  Seeding ModelConfigService from environment
01:59:39 [[32minfo[39m]  No DEEPSEEK_API_KEY env var found, skipping env seed
01:59:39 [[32minfo[39m]  Seeded provider from convict config {"providerType":"openai","providerId":"7811c6c9-21d9-43dd-abfd-f70700585c64","model":"openrouter/free"}
01:59:39 [[32minfo[39m]  Creating LLMService with ModelConfigService
01:59:39 [[32minfo[39m]  Creating ContextService and DecisionLogService instances
01:59:39 [[32minfo[39m]  Initializing YAML-driven Agent profiles...
01:59:39 [[32minfo[39m]  Loading config from directory: C:\Users\super\Documents\trae_projects\AGG-main\packages\backend\config
01:59:39 [[32minfo[39m]  Loaded agent profile: fantasy_rpg
01:59:39 [[32minfo[39m]  Loaded agent profile: minimal_test
01:59:39 [[32minfo[39m]  Loaded 0 non-builtin profiles from database (0 builtin skipped, using YAML)
01:59:39 [[32minfo[39m]  Config loaded successfully: 2 profiles
01:59:39 [[32minfo[39m]  YAML config loaded successfully
01:59:39 [[32minfo[39m]  Context rules loaded {"agentCount":10}
01:59:39 [[32minfo[39m]  Default manifests loaded {"agentTypeCount":6,"manifestCount":8}
01:59:39 [[32minfo[39m]  Context rules file watcher started {"path":"C:\\Users\\super\\Documents\\trae_projects\\AGG-main\\packages\\backend\\config\\agent-context-rules.yaml"}
01:59:39 [[32minfo[39m]  Loaded 10 agent capabilities from YAML profiles
01:59:39 [[32minfo[39m]  ToolRegistry initialized
01:59:39 [[32minfo[39m]  Registering ServiceTools to ToolRegistry
01:59:39 [[32minfo[39m]  Tool registered: game_time_service - GameTime Service (v1.0.0)
01:59:39 [[32minfo[39m]  Tool registered: numerical_service - Numerical Service (v1.0.0)
01:59:39 [[32minfo[39m]  Tool registered: character_service - Character Service (v1.0.0)
01:59:39 [[32minfo[39m]  Tool registered: inventory_service - Inventory Service (v1.0.0)
01:59:39 [[32minfo[39m]  Tool registered: skill_service - Skill Service (v1.1.0)
01:59:39 [[32minfo[39m]  Tool registered: map_service - Map Service (v2.0.0)
01:59:39 [[32minfo[39m]  Tool registered: npc_service - NPC Service (v1.0.0)
01:59:39 [[32minfo[39m]  Tool registered: dialogue_service - Dialogue Service (v1.0.0)
01:59:39 [[32minfo[39m]  Tool registered: quest_service - Quest Service (v1.0.0)
01:59:39 [[32minfo[39m]  Tool registered: challenge_service - Challenge Service (v1.0.0)
01:59:39 [[32minfo[39m]  Tool registered: event_service - Event Service (v1.0.0)
01:59:39 [[32minfo[39m]  Tool registered: story_service - Story Service (v1.0.0)
01:59:39 [[32minfo[39m]  Tool registered: game_init_service - Game Init Service (v2.0.0)
01:59:39 [[32minfo[39m]  Tool registered: batch_query_service - Batch Query Service (v1.0.0)
01:59:39 [[32minfo[39m]  Tool registered: entity_graph_service - Entity Graph Service (v1.0.0)
01:59:39 [[32minfo[39m]  Tool registered: template_pool_service - Template Pool Service (v1.0.0)
01:59:39 [[32minfo[39m]  Tool registered: dynamic_ui - Dynamic UI Service (v1.0.0)
01:59:39 [[32minfo[39m]  Tool registered: generate_options - Generate Options Service (v2.0.0)
01:59:39 [[32minfo[39m]  Tool registered: coordinator_service - Coordinator Service (v1.0.0)
01:59:39 [[32minfo[39m]  Tool registered: rule_service - Rule Service (v1.0.0)
01:59:39 [[32minfo[39m]  Tool registered: skill_loader - Skill Loader (v1.0.0)
01:59:39 [[32minfo[39m]  Tool registered: help_service - Help Service (v1.0.0)
01:59:39 [[32minfo[39m]  Tool registered: memory_service - Memory Service (v1.0.0)
01:59:39 [[32minfo[39m]  Registered 23 ServiceTools to ToolRegistry
01:59:39 [[32minfo[39m]  Tool reference validation passed

[90mstdout[2m | src/game-systems/audit/__tests__/DialogueConsistencyChecker.test.ts[22m[39m
馃И Setting up comprehensive test environment...
鉁?Database connected
Running migration: 001_init.ts
Migration 001_init.ts completed successfully
Running migration: 002_add_equipped_index.ts

[90mstdout[2m | src/game-systems/audit/__tests__/DialogueConsistencyChecker.test.ts[22m[39m
Migration 002_add_equipped_index.ts completed successfully
Running migration: 003_fix_information_boundaries_timestamps.ts

[90mstdout[2m | src/game-systems/audit/__tests__/DialogueConsistencyChecker.test.ts[22m[39m
Migration 003_fix_information_boundaries_timestamps.ts completed successfully
Running migration: 004_drop_information_boundaries.ts

[90mstdout[2m | src/game-systems/audit/__tests__/DialogueConsistencyChecker.test.ts[22m[39m
004_drop_information_boundaries: information_boundaries table not found, skipping migration
004_drop_information_boundaries: cleared custom_data.knowledge from 0 NPCs
Migration 004_drop_information_boundaries.ts completed successfully
Running migration: 005_drop_npc_relations.ts

[90mstdout[2m | src/routes/__tests__/e2e-game-core.test.ts[22m[39m
Migration 002_add_equipped_index.ts completed successfully
Running migration: 003_fix_information_boundaries_timestamps.ts
Migration 003_fix_information_boundaries_timestamps.ts completed successfully
Running migration: 004_drop_information_boundaries.ts

[90mstdout[2m | src/game-systems/inventory/__tests__/owner-autowire-methods.test.ts[22m[39m
01:59:39 [[32minfo[39m]  Discovered 187 help files {"dir":"C:\\Users\\super\\Documents\\trae_projects\\AGG-main\\packages\\backend\\config\\agent-help"}

[90mstdout[2m | src/game-systems/audit/__tests__/DialogueConsistencyChecker.test.ts[22m[39m
005_drop_npc_relations: dropped npc_relations table
Migration 005_drop_npc_relations.ts completed successfully
Running migration: 006_awareness_relationship_events_states.ts
006: created entity_awareness_events table
006: created entity_awareness_states table
006: created entity_relationship_events table
006: created entity_relationship_states table
Migration 006_awareness_relationship_events_states.ts completed successfully
Running migration: 007_add_combat_mode.ts

[90mstdout[2m | tests/services/game-service-challenge-mode.test.ts[22m[39m
006: created entity_awareness_events table
006: created entity_awareness_states table
006: created entity_relationship_events table
006: created entity_relationship_states table
Migration 006_awareness_relationship_events_states.ts completed successfully
Running migration: 007_add_combat_mode.ts
007: added combat_states.mode column
Migration 007_add_combat_mode.ts completed successfully
Running migration: 008_add_saves_active_challenge_mode.ts
008: added saves.active_challenge_mode column
Migration 008_add_saves_active_challenge_mode.ts completed successfully
All migrations completed
鉁?Migrations completed
All seeds completed
鉁?Seeds completed
01:59:39 [[32minfo[39m]  Starting YAML-driven Agent system initialization
01:59:39 [[32minfo[39m]  Seeding ModelConfigService from environment
01:59:39 [[32minfo[39m]  No DEEPSEEK_API_KEY env var found, skipping env seed
01:59:39 [[32minfo[39m]  Seeded provider from convict config {"providerType":"openai","providerId":"589935a7-2c30-4edc-b1ae-ecf79f62b500","model":"openrouter/free"}
01:59:39 [[32minfo[39m]  Creating LLMService with ModelConfigService
01:59:39 [[32minfo[39m]  Creating ContextService and DecisionLogService instances
01:59:39 [[32minfo[39m]  Initializing YAML-driven Agent profiles...
01:59:39 [[32minfo[39m]  Loading config from directory: C:\Users\super\Documents\trae_projects\AGG-main\packages\backend\config
01:59:39 [[32minfo[39m]  Loaded agent profile: fantasy_rpg
01:59:39 [[32minfo[39m]  Loaded agent profile: minimal_test
01:59:39 [[32minfo[39m]  Loaded 0 non-builtin profiles from database (0 builtin skipped, using YAML)
01:59:39 [[32minfo[39m]  Config loaded successfully: 2 profiles
01:59:39 [[32minfo[39m]  YAML config loaded successfully
01:59:39 [[32minfo[39m]  Context rules loaded {"agentCount":10}
01:59:39 [[32minfo[39m]  Default manifests loaded {"agentTypeCount":6,"manifestCount":8}
01:59:39 [[32minfo[39m]  Context rules file watcher started {"path":"C:\\Users\\super\\Documents\\trae_projects\\AGG-main\\packages\\backend\\config\\agent-context-rules.yaml"}
01:59:39 [[32minfo[39m]  Loaded 10 agent capabilities from YAML profiles
01:59:39 [[32minfo[39m]  ToolRegistry initialized
01:59:39 [[32minfo[39m]  Registering ServiceTools to ToolRegistry
01:59:39 [[32minfo[39m]  Tool registered: game_time_service - GameTime Service (v1.0.0)
01:59:39 [[32minfo[39m]  Tool registered: numerical_service - Numerical Service (v1.0.0)
01:59:39 [[32minfo[39m]  Tool registered: character_service - Character Service (v1.0.0)
01:59:39 [[32minfo[39m]  Tool registered: inventory_service - Inventory Service (v1.0.0)
01:59:39 [[32minfo[39m]  Tool registered: skill_service - Skill Service (v1.1.0)
01:59:39 [[32minfo[39m]  Tool registered: map_service - Map Service (v2.0.0)
01:59:39 [[32minfo[39m]  Tool registered: npc_service - NPC Service (v1.0.0)
01:59:39 [[32minfo[39m]  Tool registered: dialogue_service - Dialogue Service (v1.0.0)
01:59:39 [[32minfo[39m]  Tool registered: quest_service - Quest Service (v1.0.0)
01:59:39 [[32minfo[39m]  Tool registered: challenge_service - Challenge Service (v1.0.0)
01:59:39 [[32minfo[39m]  Tool registered: event_service - Event Service (v1.0.0)
01:59:39 [[32minfo[39m]  Tool registered: story_service - Story Service (v1.0.0)
01:59:39 [[32minfo[39m]  Tool registered: game_init_service - Game Init Service (v2.0.0)
01:59:39 [[32minfo[39m]  Tool registered: batch_query_service - Batch Query Service (v1.0.0)
01:59:39 [[32minfo[39m]  Tool registered: entity_graph_service - Entity Graph Service (v1.0.0)
01:59:39 [[32minfo[39m]  Tool registered: template_pool_service - Template Pool Service (v1.0.0)
01:59:39 [[32minfo[39m]  Tool registered: dynamic_ui - Dynamic UI Service (v1.0.0)
01:59:39 [[32minfo[39m]  Tool registered: generate_options - Generate Options Service (v2.0.0)
01:59:39 [[32minfo[39m]  Tool registered: coordinator_service - Coordinator Service (v1.0.0)
01:59:39 [[32minfo[39m]  Tool registered: rule_service - Rule Service (v1.0.0)
01:59:39 [[32minfo[39m]  Tool registered: skill_loader - Skill Loader (v1.0.0)
01:59:39 [[32minfo[39m]  Tool registered: help_service - Help Service (v1.0.0)
01:59:39 [[32minfo[39m]  Tool registered: memory_service - Memory Service (v1.0.0)
01:59:39 [[32minfo[39m]  Registered 23 ServiceTools to ToolRegistry
01:59:39 [[32minfo[39m]  Tool reference validation passed

[90mstdout[2m | src/game-systems/audit/__tests__/EntityCountsChecker.test.ts[22m[39m
01:59:39 [[32minfo[39m]  Discovered 187 help files {"dir":"C:\\Users\\super\\Documents\\trae_projects\\AGG-main\\packages\\backend\\config\\agent-help"}

[90mstdout[2m | src/routes/__tests__/e2e-game-core.test.ts[22m[39m
004_drop_information_boundaries: information_boundaries table not found, skipping migration
004_drop_information_boundaries: cleared custom_data.knowledge from 0 NPCs
Migration 004_drop_information_boundaries.ts completed successfully
Running migration: 005_drop_npc_relations.ts
005_drop_npc_relations: dropped npc_relations table
Migration 005_drop_npc_relations.ts completed successfully
Running migration: 006_awareness_relationship_events_states.ts
006: created entity_awareness_events table
006: created entity_awareness_states table
006: created entity_relationship_events table
006: created entity_relationship_states table
Migration 006_awareness_relationship_events_states.ts completed successfully
Running migration: 007_add_combat_mode.ts

[90mstdout[2m | tests/agent-system/websocket.test.ts[22m[39m
Migration 001_init.ts completed successfully
Running migration: 002_add_equipped_index.ts
Migration 002_add_equipped_index.ts completed successfully
Running migration: 003_fix_information_boundaries_timestamps.ts

[90mstdout[2m | src/services/__tests__/websocket-lifecycle.test.ts[22m[39m
01:59:39 [[32minfo[39m]  Discovered 187 help files {"dir":"C:\\Users\\super\\Documents\\trae_projects\\AGG-main\\packages\\backend\\config\\agent-help"}

[90mstdout[2m | src/routes/__tests__/e2e-game-core.test.ts[22m[39m
007: added combat_states.mode column
Migration 007_add_combat_mode.ts completed successfully
Running migration: 008_add_saves_active_challenge_mode.ts

[90mstdout[2m | src/game-systems/audit/__tests__/DialogueConsistencyChecker.test.ts[22m[39m
007: added combat_states.mode column
Migration 007_add_combat_mode.ts completed successfully
Running migration: 008_add_saves_active_challenge_mode.ts

[90mstdout[2m | src/agents/prompt/layers/__tests__/entity-graph-layer.test.ts[22m[39m
Migration 001_init.ts completed successfully
Running migration: 002_add_equipped_index.ts

[90mstdout[2m | tests/agent-system/websocket.test.ts[22m[39m
Migration 003_fix_information_boundaries_timestamps.ts completed successfully
Running migration: 004_drop_information_boundaries.ts

[90mstdout[2m | tests/agent-system/websocket.test.ts[22m[39m
004_drop_information_boundaries: information_boundaries table not found, skipping migration
004_drop_information_boundaries: cleared custom_data.knowledge from 0 NPCs
Migration 004_drop_information_boundaries.ts completed successfully
Running migration: 005_drop_npc_relations.ts

[90mstdout[2m | src/agents/prompt/layers/__tests__/entity-graph-layer.test.ts[22m[39m
Migration 002_add_equipped_index.ts completed successfully
Running migration: 003_fix_information_boundaries_timestamps.ts

[90mstdout[2m | tests/agent-system/websocket.test.ts[22m[39m
005_drop_npc_relations: dropped npc_relations table
Migration 005_drop_npc_relations.ts completed successfully
Running migration: 006_awareness_relationship_events_states.ts
006: created entity_awareness_events table
006: created entity_awareness_states table
006: created entity_relationship_events table
006: created entity_relationship_states table
Migration 006_awareness_relationship_events_states.ts completed successfully
Running migration: 007_add_combat_mode.ts

[90mstdout[2m | src/game-systems/inventory/__tests__/inventory-duplicate-prevention.test.ts[22m[39m
Migration 002_add_equipped_index.ts completed successfully
Running migration: 003_fix_information_boundaries_timestamps.ts

[90mstdout[2m | src/agents/prompt/layers/__tests__/entity-graph-layer.test.ts[22m[39m
Migration 003_fix_information_boundaries_timestamps.ts completed successfully
Running migration: 004_drop_information_boundaries.ts
004_drop_information_boundaries: information_boundaries table not found, skipping migration
004_drop_information_boundaries: cleared custom_data.knowledge from 0 NPCs
Migration 004_drop_information_boundaries.ts completed successfully
Running migration: 005_drop_npc_relations.ts
005_drop_npc_relations: dropped npc_relations table
Migration 005_drop_npc_relations.ts completed successfully
Running migration: 006_awareness_relationship_events_states.ts

[90mstdout[2m | src/game-systems/inventory/__tests__/inventory-duplicate-prevention.test.ts[22m[39m
Migration 003_fix_information_boundaries_timestamps.ts completed successfully
Running migration: 004_drop_information_boundaries.ts

[90mstdout[2m | src/game-systems/skill/__tests__/skill-doc-compliance-extended.test.ts[22m[39m
Migration 001_init.ts completed successfully
Running migration: 002_add_equipped_index.ts

[90mstdout[2m | src/agents/__tests__/react-agent-post-react.test.ts[22m[39m
007: added combat_states.mode column
Migration 007_add_combat_mode.ts completed successfully
Running migration: 008_add_saves_active_challenge_mode.ts
008: added saves.active_challenge_mode column
Migration 008_add_saves_active_challenge_mode.ts completed successfully
All migrations completed
鉁?Migrations completed
All seeds completed
鉁?Seeds completed
01:59:39 [[32minfo[39m]  Starting YAML-driven Agent system initialization
01:59:39 [[32minfo[39m]  Seeding ModelConfigService from environment
01:59:39 [[32minfo[39m]  No DEEPSEEK_API_KEY env var found, skipping env seed
01:59:39 [[32minfo[39m]  Seeded provider from convict config {"providerType":"openai","providerId":"aa946f31-7453-4939-a04d-783bb89dd3d8","model":"openrouter/free"}
01:59:39 [[32minfo[39m]  Creating LLMService with ModelConfigService
01:59:39 [[32minfo[39m]  Creating ContextService and DecisionLogService instances
01:59:39 [[32minfo[39m]  Initializing YAML-driven Agent profiles...
01:59:39 [[32minfo[39m]  Loading config from directory: C:\Users\super\Documents\trae_projects\AGG-main\packages\backend\config
01:59:39 [[32minfo[39m]  Loaded agent profile: fantasy_rpg
01:59:39 [[32minfo[39m]  Loaded agent profile: minimal_test
01:59:39 [[32minfo[39m]  Loaded 0 non-builtin profiles from database (0 builtin skipped, using YAML)
01:59:39 [[32minfo[39m]  Config loaded successfully: 2 profiles
01:59:39 [[32minfo[39m]  YAML config loaded successfully
01:59:39 [[32minfo[39m]  Context rules loaded {"agentCount":10}
01:59:39 [[32minfo[39m]  Default manifests loaded {"agentTypeCount":6,"manifestCount":8}
01:59:39 [[32minfo[39m]  Context rules file watcher started {"path":"C:\\Users\\super\\Documents\\trae_projects\\AGG-main\\packages\\backend\\config\\agent-context-rules.yaml"}
01:59:39 [[32minfo[39m]  Loaded 10 agent capabilities from YAML profiles
01:59:39 [[32minfo[39m]  ToolRegistry initialized
01:59:39 [[32minfo[39m]  Registering ServiceTools to ToolRegistry
01:59:39 [[32minfo[39m]  Tool registered: game_time_service - GameTime Service (v1.0.0)
01:59:39 [[32minfo[39m]  Tool registered: numerical_service - Numerical Service (v1.0.0)
01:59:39 [[32minfo[39m]  Tool registered: character_service - Character Service (v1.0.0)
01:59:39 [[32minfo[39m]  Tool registered: inventory_service - Inventory Service (v1.0.0)
01:59:39 [[32minfo[39m]  Tool registered: skill_service - Skill Service (v1.1.0)
01:59:39 [[32minfo[39m]  Tool registered: map_service - Map Service (v2.0.0)
01:59:39 [[32minfo[39m]  Tool registered: npc_service - NPC Service (v1.0.0)
01:59:39 [[32minfo[39m]  Tool registered: dialogue_service - Dialogue Service (v1.0.0)
01:59:39 [[32minfo[39m]  Tool registered: quest_service - Quest Service (v1.0.0)
01:59:39 [[32minfo[39m]  Tool registered: challenge_service - Challenge Service (v1.0.0)
01:59:39 [[32minfo[39m]  Tool registered: event_service - Event Service (v1.0.0)
01:59:39 [[32minfo[39m]  Tool registered: story_service - Story Service (v1.0.0)
01:59:39 [[32minfo[39m]  Tool registered: game_init_service - Game Init Service (v2.0.0)
01:59:39 [[32minfo[39m]  Tool registered: batch_query_service - Batch Query Service (v1.0.0)
01:59:39 [[32minfo[39m]  Tool registered: entity_graph_service - Entity Graph Service (v1.0.0)
01:59:39 [[32minfo[39m]  Tool registered: template_pool_service - Template Pool Service (v1.0.0)
01:59:39 [[32minfo[39m]  Tool registered: dynamic_ui - Dynamic UI Service (v1.0.0)
01:59:39 [[32minfo[39m]  Tool registered: generate_options - Generate Options Service (v2.0.0)
01:59:39 [[32minfo[39m]  Tool registered: coordinator_service - Coordinator Service (v1.0.0)
01:59:39 [[32minfo[39m]  Tool registered: rule_service - Rule Service (v1.0.0)
01:59:39 [[32minfo[39m]  Tool registered: skill_loader - Skill Loader (v1.0.0)
01:59:39 [[32minfo[39m]  Tool registered: help_service - Help Service (v1.0.0)
01:59:39 [[32minfo[39m]  Tool registered: memory_service - Memory Service (v1.0.0)
01:59:39 [[32minfo[39m]  Registered 23 ServiceTools to ToolRegistry
01:59:39 [[32minfo[39m]  Tool reference validation passed

[90mstdout[2m | src/game-systems/inventory/__tests__/inventory-doc-compliance-extended.test.ts[22m[39m
Migration 001_init.ts completed successfully
Running migration: 002_add_equipped_index.ts

[90mstdout[2m | tests/services/game-service-challenge-mode.test.ts[22m[39m
01:59:39 [[32minfo[39m]  Discovered 187 help files {"dir":"C:\\Users\\super\\Documents\\trae_projects\\AGG-main\\packages\\backend\\config\\agent-help"}

[90mstdout[2m | src/game-systems/skill/__tests__/skill-doc-compliance-extended.test.ts[22m[39m
Migration 002_add_equipped_index.ts completed successfully
Running migration: 003_fix_information_boundaries_timestamps.ts

[90mstdout[2m | src/game-systems/inventory/__tests__/inventory-duplicate-prevention.test.ts[22m[39m
004_drop_information_boundaries: information_boundaries table not found, skipping migration
004_drop_information_boundaries: cleared custom_data.knowledge from 0 NPCs
Migration 004_drop_information_boundaries.ts completed successfully
Running migration: 005_drop_npc_relations.ts
005_drop_npc_relations: dropped npc_relations table
Migration 005_drop_npc_relations.ts completed successfully
Running migration: 006_awareness_relationship_events_states.ts

[90mstdout[2m | src/game-systems/skill/__tests__/skill-doc-compliance-extended.test.ts[22m[39m
Migration 003_fix_information_boundaries_timestamps.ts completed successfully
Running migration: 004_drop_information_boundaries.ts

[90mstdout[2m | src/game-systems/inventory/__tests__/inventory-duplicate-prevention.test.ts[22m[39m
006: created entity_awareness_events table
006: created entity_awareness_states table
006: created entity_relationship_events table
006: created entity_relationship_states table
Migration 006_awareness_relationship_events_states.ts completed successfully
Running migration: 007_add_combat_mode.ts

[90mstdout[2m | src/game-systems/skill/__tests__/skill-doc-compliance-extended.test.ts[22m[39m
004_drop_information_boundaries: information_boundaries table not found, skipping migration
004_drop_information_boundaries: cleared custom_data.knowledge from 0 NPCs
Migration 004_drop_information_boundaries.ts completed successfully
Running migration: 005_drop_npc_relations.ts
005_drop_npc_relations: dropped npc_relations table
Migration 005_drop_npc_relations.ts completed successfully
Running migration: 006_awareness_relationship_events_states.ts

[90mstdout[2m | src/game-systems/inventory/__tests__/inventory-duplicate-prevention.test.ts[22m[39m
007: added combat_states.mode column
Migration 007_add_combat_mode.ts completed successfully
Running migration: 008_add_saves_active_challenge_mode.ts

[90mstdout[2m | src/game-systems/skill/__tests__/skill-owner-autowire.test.ts[22m[39m
Migration 003_fix_information_boundaries_timestamps.ts completed successfully
Running migration: 004_drop_information_boundaries.ts
004_drop_information_boundaries: information_boundaries table not found, skipping migration
004_drop_information_boundaries: cleared custom_data.knowledge from 0 NPCs
Migration 004_drop_information_boundaries.ts completed successfully
Running migration: 005_drop_npc_relations.ts

[90mstdout[2m | src/game-systems/inventory/__tests__/inventory-doc-compliance-extended.test.ts[22m[39m
Migration 002_add_equipped_index.ts completed successfully
Running migration: 003_fix_information_boundaries_timestamps.ts
Migration 003_fix_information_boundaries_timestamps.ts completed successfully
Running migration: 004_drop_information_boundaries.ts
004_drop_information_boundaries: information_boundaries table not found, skipping migration
004_drop_information_boundaries: cleared custom_data.knowledge from 0 NPCs
Migration 004_drop_information_boundaries.ts completed successfully
Running migration: 005_drop_npc_relations.ts
005_drop_npc_relations: dropped npc_relations table
Migration 005_drop_npc_relations.ts completed successfully
Running migration: 006_awareness_relationship_events_states.ts
006: created entity_awareness_events table
006: created entity_awareness_states table
006: created entity_relationship_events table
006: created entity_relationship_states table
Migration 006_awareness_relationship_events_states.ts completed successfully
Running migration: 007_add_combat_mode.ts
007: added combat_states.mode column
Migration 007_add_combat_mode.ts completed successfully
Running migration: 008_add_saves_active_challenge_mode.ts

[90mstdout[2m | src/agents/__tests__/story-kernel-contract.test.ts[22m[39m
Migration 002_add_equipped_index.ts completed successfully
Running migration: 003_fix_information_boundaries_timestamps.ts

[90mstdout[2m | src/agents/story/__tests__/pacing-engine.test.ts[22m[39m
馃И Setting up comprehensive test environment...
鉁?Database connected
Running migration: 001_init.ts
Migration 001_init.ts completed successfully
Running migration: 002_add_equipped_index.ts
Migration 002_add_equipped_index.ts completed successfully
Running migration: 003_fix_information_boundaries_timestamps.ts

[90mstdout[2m | src/game-systems/skill/__tests__/skill-doc-compliance-extended.test.ts[22m[39m
006: created entity_awareness_events table
006: created entity_awareness_states table
006: created entity_relationship_events table
006: created entity_relationship_states table
Migration 006_awareness_relationship_events_states.ts completed successfully
Running migration: 007_add_combat_mode.ts
007: added combat_states.mode column
Migration 007_add_combat_mode.ts completed successfully
Running migration: 008_add_saves_active_challenge_mode.ts

[90mstdout[2m | src/game-systems/skill/__tests__/skill-owner-autowire.test.ts[22m[39m
005_drop_npc_relations: dropped npc_relations table
Migration 005_drop_npc_relations.ts completed successfully
Running migration: 006_awareness_relationship_events_states.ts
006: created entity_awareness_events table
006: created entity_awareness_states table
006: created entity_relationship_events table
006: created entity_relationship_states table
Migration 006_awareness_relationship_events_states.ts completed successfully
Running migration: 007_add_combat_mode.ts

[90mstdout[2m | src/agents/__tests__/react-agent-post-react.test.ts[22m[39m
01:59:39 [[32minfo[39m]  Discovered 187 help files {"dir":"C:\\Users\\super\\Documents\\trae_projects\\AGG-main\\packages\\backend\\config\\agent-help"}

[90mstdout[2m | src/game-systems/skill/__tests__/skill-owner-autowire.test.ts[22m[39m
007: added combat_states.mode column
Migration 007_add_combat_mode.ts completed successfully
Running migration: 008_add_saves_active_challenge_mode.ts

[90mstdout[2m | src/game-systems/entity-graph/__tests__/AwarenessRepository.test.ts[22m[39m
008: added saves.active_challenge_mode column
Migration 008_add_saves_active_challenge_mode.ts completed successfully
All migrations completed
鉁?Migrations completed
All seeds completed
鉁?Seeds completed
01:59:39 [[32minfo[39m]  Starting YAML-driven Agent system initialization
01:59:39 [[32minfo[39m]  Seeding ModelConfigService from environment
01:59:39 [[32minfo[39m]  No DEEPSEEK_API_KEY env var found, skipping env seed
01:59:39 [[32minfo[39m]  Seeded provider from convict config {"providerType":"openai","providerId":"81d9cb8c-eab6-4dc3-89f8-86a23b206d7e","model":"openrouter/free"}
01:59:39 [[32minfo[39m]  Creating LLMService with ModelConfigService
01:59:39 [[32minfo[39m]  Creating ContextService and DecisionLogService instances
01:59:39 [[32minfo[39m]  Initializing YAML-driven Agent profiles...
01:59:39 [[32minfo[39m]  Loading config from directory: C:\Users\super\Documents\trae_projects\AGG-main\packages\backend\config
01:59:39 [[32minfo[39m]  Loaded agent profile: fantasy_rpg
01:59:39 [[32minfo[39m]  Loaded agent profile: minimal_test
01:59:39 [[32minfo[39m]  Loaded 0 non-builtin profiles from database (0 builtin skipped, using YAML)
01:59:39 [[32minfo[39m]  Config loaded successfully: 2 profiles
01:59:39 [[32minfo[39m]  YAML config loaded successfully
01:59:39 [[32minfo[39m]  Context rules loaded {"agentCount":10}
01:59:39 [[32minfo[39m]  Default manifests loaded {"agentTypeCount":6,"manifestCount":8}
01:59:39 [[32minfo[39m]  Context rules file watcher started {"path":"C:\\Users\\super\\Documents\\trae_projects\\AGG-main\\packages\\backend\\config\\agent-context-rules.yaml"}
01:59:39 [[32minfo[39m]  Loaded 10 agent capabilities from YAML profiles
01:59:39 [[32minfo[39m]  ToolRegistry initialized
01:59:39 [[32minfo[39m]  Registering ServiceTools to ToolRegistry
01:59:39 [[32minfo[39m]  Tool registered: game_time_service - GameTime Service (v1.0.0)
01:59:39 [[32minfo[39m]  Tool registered: numerical_service - Numerical Service (v1.0.0)
01:59:39 [[32minfo[39m]  Tool registered: character_service - Character Service (v1.0.0)
01:59:39 [[32minfo[39m]  Tool registered: inventory_service - Inventory Service (v1.0.0)
01:59:39 [[32minfo[39m]  Tool registered: skill_service - Skill Service (v1.1.0)
01:59:39 [[32minfo[39m]  Tool registered: map_service - Map Service (v2.0.0)
01:59:39 [[32minfo[39m]  Tool registered: npc_service - NPC Service (v1.0.0)
01:59:39 [[32minfo[39m]  Tool registered: dialogue_service - Dialogue Service (v1.0.0)
01:59:39 [[32minfo[39m]  Tool registered: quest_service - Quest Service (v1.0.0)
01:59:39 [[32minfo[39m]  Tool registered: challenge_service - Challenge Service (v1.0.0)
01:59:39 [[32minfo[39m]  Tool registered: event_service - Event Service (v1.0.0)
01:59:39 [[32minfo[39m]  Tool registered: story_service - Story Service (v1.0.0)
01:59:39 [[32minfo[39m]  Tool registered: game_init_service - Game Init Service (v2.0.0)
01:59:39 [[32minfo[39m]  Tool registered: batch_query_service - Batch Query Service (v1.0.0)
01:59:39 [[32minfo[39m]  Tool registered: entity_graph_service - Entity Graph Service (v1.0.0)
01:59:39 [[32minfo[39m]  Tool registered: template_pool_service - Template Pool Service (v1.0.0)
01:59:39 [[32minfo[39m]  Tool registered: dynamic_ui - Dynamic UI Service (v1.0.0)
01:59:39 [[32minfo[39m]  Tool registered: generate_options - Generate Options Service (v2.0.0)
01:59:39 [[32minfo[39m]  Tool registered: coordinator_service - Coordinator Service (v1.0.0)
01:59:39 [[32minfo[39m]  Tool registered: rule_service - Rule Service (v1.0.0)
01:59:39 [[32minfo[39m]  Tool registered: skill_loader - Skill Loader (v1.0.0)
01:59:39 [[32minfo[39m]  Tool registered: help_service - Help Service (v1.0.0)
01:59:39 [[32minfo[39m]  Tool registered: memory_service - Memory Service (v1.0.0)
01:59:39 [[32minfo[39m]  Registered 23 ServiceTools to ToolRegistry
01:59:39 [[32minfo[39m]  Tool reference validation passed

[90mstdout[2m | src/agents/story/__tests__/pacing-engine.test.ts[22m[39m
Migration 003_fix_information_boundaries_timestamps.ts completed successfully
Running migration: 004_drop_information_boundaries.ts
004_drop_information_boundaries: information_boundaries table not found, skipping migration
004_drop_information_boundaries: cleared custom_data.knowledge from 0 NPCs
Migration 004_drop_information_boundaries.ts completed successfully
Running migration: 005_drop_npc_relations.ts

[90mstdout[2m | src/agents/story/__tests__/pacing-engine.test.ts[22m[39m
005_drop_npc_relations: dropped npc_relations table
Migration 005_drop_npc_relations.ts completed successfully
Running migration: 006_awareness_relationship_events_states.ts

[90mstdout[2m | src/agents/__tests__/story-kernel-contract.test.ts[22m[39m
Migration 003_fix_information_boundaries_timestamps.ts completed successfully
Running migration: 004_drop_information_boundaries.ts
004_drop_information_boundaries: information_boundaries table not found, skipping migration
004_drop_information_boundaries: cleared custom_data.knowledge from 0 NPCs
Migration 004_drop_information_boundaries.ts completed successfully
Running migration: 005_drop_npc_relations.ts

[90mstdout[2m | src/agents/story/__tests__/pacing-engine.test.ts[22m[39m
006: created entity_awareness_events table
006: created entity_awareness_states table
006: created entity_relationship_events table
006: created entity_relationship_states table
Migration 006_awareness_relationship_events_states.ts completed successfully
Running migration: 007_add_combat_mode.ts

[90mstdout[2m | src/routes/__tests__/dev-mode.test.ts[22m[39m
008: added saves.active_challenge_mode column
Migration 008_add_saves_active_challenge_mode.ts completed successfully
All migrations completed
鉁?Migrations completed
All seeds completed
鉁?Seeds completed
01:59:39 [[32minfo[39m]  Starting YAML-driven Agent system initialization
01:59:39 [[32minfo[39m]  Seeding ModelConfigService from environment
01:59:39 [[32minfo[39m]  No DEEPSEEK_API_KEY env var found, skipping env seed
01:59:39 [[32minfo[39m]  Seeded provider from convict config {"providerType":"openai","providerId":"c3a3737f-c913-45c9-a3c9-df9803ef85b5","model":"openrouter/free"}
01:59:39 [[32minfo[39m]  Creating LLMService with ModelConfigService
01:59:39 [[32minfo[39m]  Creating ContextService and DecisionLogService instances
01:59:39 [[32minfo[39m]  Initializing YAML-driven Agent profiles...
01:59:39 [[32minfo[39m]  Loading config from directory: C:\Users\super\Documents\trae_projects\AGG-main\packages\backend\config
01:59:39 [[32minfo[39m]  Loaded agent profile: fantasy_rpg
01:59:39 [[32minfo[39m]  Loaded agent profile: minimal_test
01:59:39 [[32minfo[39m]  Loaded 0 non-builtin profiles from database (0 builtin skipped, using YAML)
01:59:39 [[32minfo[39m]  Config loaded successfully: 2 profiles
01:59:39 [[32minfo[39m]  YAML config loaded successfully
01:59:39 [[32minfo[39m]  Context rules loaded {"agentCount":10}
01:59:39 [[32minfo[39m]  Default manifests loaded {"agentTypeCount":6,"manifestCount":8}
01:59:39 [[32minfo[39m]  Context rules file watcher started {"path":"C:\\Users\\super\\Documents\\trae_projects\\AGG-main\\packages\\backend\\config\\agent-context-rules.yaml"}
01:59:39 [[32minfo[39m]  Loaded 10 agent capabilities from YAML profiles
01:59:39 [[32minfo[39m]  ToolRegistry initialized
01:59:39 [[32minfo[39m]  Registering ServiceTools to ToolRegistry
01:59:39 [[32minfo[39m]  Tool registered: game_time_service - GameTime Service (v1.0.0)
01:59:39 [[32minfo[39m]  Tool registered: numerical_service - Numerical Service (v1.0.0)
01:59:39 [[32minfo[39m]  Tool registered: character_service - Character Service (v1.0.0)
01:59:39 [[32minfo[39m]  Tool registered: inventory_service - Inventory Service (v1.0.0)
01:59:39 [[32minfo[39m]  Tool registered: skill_service - Skill Service (v1.1.0)
01:59:39 [[32minfo[39m]  Tool registered: map_service - Map Service (v2.0.0)
01:59:39 [[32minfo[39m]  Tool registered: npc_service - NPC Service (v1.0.0)
01:59:39 [[32minfo[39m]  Tool registered: dialogue_service - Dialogue Service (v1.0.0)
01:59:39 [[32minfo[39m]  Tool registered: quest_service - Quest Service (v1.0.0)
01:59:39 [[32minfo[39m]  Tool registered: challenge_service - Challenge Service (v1.0.0)
01:59:39 [[32minfo[39m]  Tool registered: event_service - Event Service (v1.0.0)
01:59:39 [[32minfo[39m]  Tool registered: story_service - Story Service (v1.0.0)
01:59:39 [[32minfo[39m]  Tool registered: game_init_service - Game Init Service (v2.0.0)
01:59:39 [[32minfo[39m]  Tool registered: batch_query_service - Batch Query Service (v1.0.0)
01:59:39 [[32minfo[39m]  Tool registered: entity_graph_service - Entity Graph Service (v1.0.0)
01:59:39 [[32minfo[39m]  Tool registered: template_pool_service - Template Pool Service (v1.0.0)
01:59:39 [[32minfo[39m]  Tool registered: dynamic_ui - Dynamic UI Service (v1.0.0)
01:59:39 [[32minfo[39m]  Tool registered: generate_options - Generate Options Service (v2.0.0)
01:59:39 [[32minfo[39m]  Tool registered: coordinator_service - Coordinator Service (v1.0.0)
01:59:39 [[32minfo[39m]  Tool registered: rule_service - Rule Service (v1.0.0)
01:59:39 [[32minfo[39m]  Tool registered: skill_loader - Skill Loader (v1.0.0)
01:59:39 [[32minfo[39m]  Tool registered: help_service - Help Service (v1.0.0)
01:59:39 [[32minfo[39m]  Tool registered: memory_service - Memory Service (v1.0.0)
01:59:39 [[32minfo[39m]  Registered 23 ServiceTools to ToolRegistry
01:59:39 [[32minfo[39m]  Tool reference validation passed

[90mstdout[2m | src/agents/story/__tests__/pacing-engine.test.ts[22m[39m
007: added combat_states.mode column
Migration 007_add_combat_mode.ts completed successfully
Running migration: 008_add_saves_active_challenge_mode.ts

[90mstdout[2m | src/agents/__tests__/story-kernel-contract.test.ts[22m[39m
005_drop_npc_relations: dropped npc_relations table
Migration 005_drop_npc_relations.ts completed successfully
Running migration: 006_awareness_relationship_events_states.ts

[90mstdout[2m | src/game-systems/entity-graph/__tests__/AwarenessRepository.test.ts[22m[39m
01:59:39 [[32minfo[39m]  Discovered 187 help files {"dir":"C:\\Users\\super\\Documents\\trae_projects\\AGG-main\\packages\\backend\\config\\agent-help"}

[90mstdout[2m | src/agents/__tests__/story-kernel-contract.test.ts[22m[39m
006: created entity_awareness_events table
006: created entity_awareness_states table
006: created entity_relationship_events table
006: created entity_relationship_states table
Migration 006_awareness_relationship_events_states.ts completed successfully
Running migration: 007_add_combat_mode.ts

[90mstdout[2m | src/agents/__tests__/story-kernel-contract.test.ts[22m[39m
007: added combat_states.mode column
Migration 007_add_combat_mode.ts completed successfully
Running migration: 008_add_saves_active_challenge_mode.ts

[90mstdout[2m | src/game-systems/entity-graph/__tests__/EntityGraphService.awareness-upgrade.test.ts[22m[39m
008: added saves.active_challenge_mode column
Migration 008_add_saves_active_challenge_mode.ts completed successfully
All migrations completed
鉁?Migrations completed
All seeds completed
鉁?Seeds completed
01:59:39 [[32minfo[39m]  Starting YAML-driven Agent system initialization
01:59:39 [[32minfo[39m]  Seeding ModelConfigService from environment
01:59:39 [[32minfo[39m]  No DEEPSEEK_API_KEY env var found, skipping env seed
01:59:39 [[32minfo[39m]  Seeded provider from convict config {"providerType":"openai","providerId":"b16f7aa0-cb14-4ee2-8677-a5d16c97500c","model":"openrouter/free"}
01:59:39 [[32minfo[39m]  Creating LLMService with ModelConfigService
01:59:39 [[32minfo[39m]  Creating ContextService and DecisionLogService instances
01:59:39 [[32minfo[39m]  Initializing YAML-driven Agent profiles...
01:59:39 [[32minfo[39m]  Loading config from directory: C:\Users\super\Documents\trae_projects\AGG-main\packages\backend\config
01:59:39 [[32minfo[39m]  Loaded agent profile: fantasy_rpg
01:59:39 [[32minfo[39m]  Loaded agent profile: minimal_test
01:59:39 [[32minfo[39m]  Loaded 0 non-builtin profiles from database (0 builtin skipped, using YAML)
01:59:39 [[32minfo[39m]  Config loaded successfully: 2 profiles
01:59:39 [[32minfo[39m]  YAML config loaded successfully
01:59:39 [[32minfo[39m]  Context rules loaded {"agentCount":10}
01:59:39 [[32minfo[39m]  Default manifests loaded {"agentTypeCount":6,"manifestCount":8}
01:59:39 [[32minfo[39m]  Context rules file watcher started {"path":"C:\\Users\\super\\Documents\\trae_projects\\AGG-main\\packages\\backend\\config\\agent-context-rules.yaml"}
01:59:39 [[32minfo[39m]  Loaded 10 agent capabilities from YAML profiles
01:59:39 [[32minfo[39m]  ToolRegistry initialized
01:59:39 [[32minfo[39m]  Registering ServiceTools to ToolRegistry
01:59:39 [[32minfo[39m]  Tool registered: game_time_service - GameTime Service (v1.0.0)
01:59:39 [[32minfo[39m]  Tool registered: numerical_service - Numerical Service (v1.0.0)
01:59:39 [[32minfo[39m]  Tool registered: character_service - Character Service (v1.0.0)
01:59:39 [[32minfo[39m]  Tool registered: inventory_service - Inventory Service (v1.0.0)
01:59:39 [[32minfo[39m]  Tool registered: skill_service - Skill Service (v1.1.0)
01:59:39 [[32minfo[39m]  Tool registered: map_service - Map Service (v2.0.0)
01:59:39 [[32minfo[39m]  Tool registered: npc_service - NPC Service (v1.0.0)
01:59:39 [[32minfo[39m]  Tool registered: dialogue_service - Dialogue Service (v1.0.0)
01:59:39 [[32minfo[39m]  Tool registered: quest_service - Quest Service (v1.0.0)
01:59:39 [[32minfo[39m]  Tool registered: challenge_service - Challenge Service (v1.0.0)
01:59:39 [[32minfo[39m]  Tool registered: event_service - Event Service (v1.0.0)
01:59:39 [[32minfo[39m]  Tool registered: story_service - Story Service (v1.0.0)
01:59:39 [[32minfo[39m]  Tool registered: game_init_service - Game Init Service (v2.0.0)
01:59:39 [[32minfo[39m]  Tool registered: batch_query_service - Batch Query Service (v1.0.0)
01:59:39 [[32minfo[39m]  Tool registered: entity_graph_service - Entity Graph Service (v1.0.0)
01:59:39 [[32minfo[39m]  Tool registered: template_pool_service - Template Pool Service (v1.0.0)
01:59:39 [[32minfo[39m]  Tool registered: dynamic_ui - Dynamic UI Service (v1.0.0)
01:59:39 [[32minfo[39m]  Tool registered: generate_options - Generate Options Service (v2.0.0)
01:59:39 [[32minfo[39m]  Tool registered: coordinator_service - Coordinator Service (v1.0.0)
01:59:39 [[32minfo[39m]  Tool registered: rule_service - Rule Service (v1.0.0)
01:59:39 [[32minfo[39m]  Tool registered: skill_loader - Skill Loader (v1.0.0)
01:59:39 [[32minfo[39m]  Tool registered: help_service - Help Service (v1.0.0)
01:59:39 [[32minfo[39m]  Tool registered: memory_service - Memory Service (v1.0.0)
01:59:39 [[32minfo[39m]  Registered 23 ServiceTools to ToolRegistry
01:59:39 [[32minfo[39m]  Tool reference validation passed

[90mstdout[2m | src/migrations/__tests__/schema-verification.test.ts[22m[39m
008: added saves.active_challenge_mode column
Migration 008_add_saves_active_challenge_mode.ts completed successfully
All migrations completed
鉁?Migrations completed
All seeds completed
鉁?Seeds completed
01:59:39 [[32minfo[39m]  Starting YAML-driven Agent system initialization
01:59:39 [[32minfo[39m]  Seeding ModelConfigService from environment
01:59:39 [[32minfo[39m]  No DEEPSEEK_API_KEY env var found, skipping env seed
01:59:39 [[32minfo[39m]  Seeded provider from convict config {"providerType":"openai","providerId":"bfe55834-1725-4ab1-9b5a-b59d54b6f6b1","model":"openrouter/free"}
01:59:39 [[32minfo[39m]  Creating LLMService with ModelConfigService
01:59:39 [[32minfo[39m]  Creating ContextService and DecisionLogService instances
01:59:39 [[32minfo[39m]  Initializing YAML-driven Agent profiles...
01:59:39 [[32minfo[39m]  Loading config from directory: C:\Users\super\Documents\trae_projects\AGG-main\packages\backend\config
01:59:39 [[32minfo[39m]  Loaded agent profile: fantasy_rpg
01:59:39 [[32minfo[39m]  Loaded agent profile: minimal_test
01:59:39 [[32minfo[39m]  Loaded 0 non-builtin profiles from database (0 builtin skipped, using YAML)
01:59:39 [[32minfo[39m]  Config loaded successfully: 2 profiles
01:59:39 [[32minfo[39m]  YAML config loaded successfully
01:59:39 [[32minfo[39m]  Context rules loaded {"agentCount":10}
01:59:39 [[32minfo[39m]  Default manifests loaded {"agentTypeCount":6,"manifestCount":8}
01:59:39 [[32minfo[39m]  Context rules file watcher started {"path":"C:\\Users\\super\\Documents\\trae_projects\\AGG-main\\packages\\backend\\config\\agent-context-rules.yaml"}
01:59:39 [[32minfo[39m]  Loaded 10 agent capabilities from YAML profiles
01:59:39 [[32minfo[39m]  ToolRegistry initialized
01:59:39 [[32minfo[39m]  Registering ServiceTools to ToolRegistry
01:59:39 [[32minfo[39m]  Tool registered: game_time_service - GameTime Service (v1.0.0)
01:59:39 [[32minfo[39m]  Tool registered: numerical_service - Numerical Service (v1.0.0)
01:59:39 [[32minfo[39m]  Tool registered: character_service - Character Service (v1.0.0)
01:59:39 [[32minfo[39m]  Tool registered: inventory_service - Inventory Service (v1.0.0)
01:59:39 [[32minfo[39m]  Tool registered: skill_service - Skill Service (v1.1.0)
01:59:39 [[32minfo[39m]  Tool registered: map_service - Map Service (v2.0.0)
01:59:39 [[32minfo[39m]  Tool registered: npc_service - NPC Service (v1.0.0)
01:59:39 [[32minfo[39m]  Tool registered: dialogue_service - Dialogue Service (v1.0.0)
01:59:39 [[32minfo[39m]  Tool registered: quest_service - Quest Service (v1.0.0)
01:59:39 [[32minfo[39m]  Tool registered: challenge_service - Challenge Service (v1.0.0)
01:59:39 [[32minfo[39m]  Tool registered: event_service - Event Service (v1.0.0)
01:59:39 [[32minfo[39m]  Tool registered: story_service - Story Service (v1.0.0)
01:59:39 [[32minfo[39m]  Tool registered: game_init_service - Game Init Service (v2.0.0)
01:59:39 [[32minfo[39m]  Tool registered: batch_query_service - Batch Query Service (v1.0.0)
01:59:39 [[32minfo[39m]  Tool registered: entity_graph_service - Entity Graph Service (v1.0.0)
01:59:39 [[32minfo[39m]  Tool registered: template_pool_service - Template Pool Service (v1.0.0)
01:59:39 [[32minfo[39m]  Tool registered: dynamic_ui - Dynamic UI Service (v1.0.0)
01:59:39 [[32minfo[39m]  Tool registered: generate_options - Generate Options Service (v2.0.0)
01:59:39 [[32minfo[39m]  Tool registered: coordinator_service - Coordinator Service (v1.0.0)
01:59:39 [[32minfo[39m]  Tool registered: rule_service - Rule Service (v1.0.0)
01:59:39 [[32minfo[39m]  Tool registered: skill_loader - Skill Loader (v1.0.0)
01:59:39 [[32minfo[39m]  Tool registered: help_service - Help Service (v1.0.0)
01:59:39 [[32minfo[39m]  Tool registered: memory_service - Memory Service (v1.0.0)
01:59:39 [[32minfo[39m]  Registered 23 ServiceTools to ToolRegistry
01:59:39 [[32minfo[39m]  Tool reference validation passed

[90mstdout[2m | src/game-systems/entity-graph/__tests__/EntityGraphService.awareness-upgrade.test.ts[22m[39m
01:59:39 [[32minfo[39m]  Discovered 187 help files {"dir":"C:\\Users\\super\\Documents\\trae_projects\\AGG-main\\packages\\backend\\config\\agent-help"}

[90mstdout[2m | src/routes/__tests__/dev-mode.test.ts[22m[39m
01:59:39 [[32minfo[39m]  Discovered 187 help files {"dir":"C:\\Users\\super\\Documents\\trae_projects\\AGG-main\\packages\\backend\\config\\agent-help"}

[90mstdout[2m | src/migrations/__tests__/schema-verification.test.ts[22m[39m
01:59:39 [[32minfo[39m]  Discovered 187 help files {"dir":"C:\\Users\\super\\Documents\\trae_projects\\AGG-main\\packages\\backend\\config\\agent-help"}

[90mstdout[2m | tests/agent-system/websocket.test.ts[22m[39m
007: added combat_states.mode column
Migration 007_add_combat_mode.ts completed successfully
Running migration: 008_add_saves_active_challenge_mode.ts
008: added saves.active_challenge_mode column
Migration 008_add_saves_active_challenge_mode.ts completed successfully
All migrations completed
鉁?Migrations completed
All seeds completed
鉁?Seeds completed
01:59:39 [[32minfo[39m]  Starting YAML-driven Agent system initialization
01:59:39 [[32minfo[39m]  Seeding ModelConfigService from environment
01:59:39 [[32minfo[39m]  No DEEPSEEK_API_KEY env var found, skipping env seed
01:59:39 [[32minfo[39m]  Seeded provider from convict config {"providerType":"openai","providerId":"ec26b581-0a19-4001-ad85-38634fc4f046","model":"openrouter/free"}
01:59:39 [[32minfo[39m]  Creating LLMService with ModelConfigService
01:59:39 [[32minfo[39m]  Creating ContextService and DecisionLogService instances
01:59:39 [[32minfo[39m]  Initializing YAML-driven Agent profiles...
01:59:39 [[32minfo[39m]  Loading config from directory: C:\Users\super\Documents\trae_projects\AGG-main\packages\backend\config
01:59:39 [[32minfo[39m]  Loaded agent profile: fantasy_rpg
01:59:39 [[32minfo[39m]  Loaded agent profile: minimal_test
01:59:39 [[32minfo[39m]  Loaded 0 non-builtin profiles from database (0 builtin skipped, using YAML)
01:59:39 [[32minfo[39m]  Config loaded successfully: 2 profiles
01:59:39 [[32minfo[39m]  YAML config loaded successfully
01:59:39 [[32minfo[39m]  Context rules loaded {"agentCount":10}
01:59:39 [[32minfo[39m]  Default manifests loaded {"agentTypeCount":6,"manifestCount":8}
01:59:39 [[32minfo[39m]  Context rules file watcher started {"path":"C:\\Users\\super\\Documents\\trae_projects\\AGG-main\\packages\\backend\\config\\agent-context-rules.yaml"}
01:59:39 [[32minfo[39m]  Loaded 10 agent capabilities from YAML profiles
01:59:39 [[32minfo[39m]  ToolRegistry initialized
01:59:39 [[32minfo[39m]  Registering ServiceTools to ToolRegistry
01:59:39 [[32minfo[39m]  Tool registered: game_time_service - GameTime Service (v1.0.0)
01:59:39 [[32minfo[39m]  Tool registered: numerical_service - Numerical Service (v1.0.0)
01:59:39 [[32minfo[39m]  Tool registered: character_service - Character Service (v1.0.0)
01:59:39 [[32minfo[39m]  Tool registered: inventory_service - Inventory Service (v1.0.0)
01:59:39 [[32minfo[39m]  Tool registered: skill_service - Skill Service (v1.1.0)
01:59:39 [[32minfo[39m]  Tool registered: map_service - Map Service (v2.0.0)
01:59:39 [[32minfo[39m]  Tool registered: npc_service - NPC Service (v1.0.0)
01:59:39 [[32minfo[39m]  Tool registered: dialogue_service - Dialogue Service (v1.0.0)
01:59:39 [[32minfo[39m]  Tool registered: quest_service - Quest Service (v1.0.0)
01:59:39 [[32minfo[39m]  Tool registered: challenge_service - Challenge Service (v1.0.0)
01:59:39 [[32minfo[39m]  Tool registered: event_service - Event Service (v1.0.0)
01:59:39 [[32minfo[39m]  Tool registered: story_service - Story Service (v1.0.0)
01:59:39 [[32minfo[39m]  Tool registered: game_init_service - Game Init Service (v2.0.0)
01:59:39 [[32minfo[39m]  Tool registered: batch_query_service - Batch Query Service (v1.0.0)
01:59:39 [[32minfo[39m]  Tool registered: entity_graph_service - Entity Graph Service (v1.0.0)
01:59:39 [[32minfo[39m]  Tool registered: template_pool_service - Template Pool Service (v1.0.0)
01:59:39 [[32minfo[39m]  Tool registered: dynamic_ui - Dynamic UI Service (v1.0.0)
01:59:39 [[32minfo[39m]  Tool registered: generate_options - Generate Options Service (v2.0.0)
01:59:39 [[32minfo[39m]  Tool registered: coordinator_service - Coordinator Service (v1.0.0)
01:59:39 [[32minfo[39m]  Tool registered: rule_service - Rule Service (v1.0.0)
01:59:39 [[32minfo[39m]  Tool registered: skill_loader - Skill Loader (v1.0.0)
01:59:39 [[32minfo[39m]  Tool registered: help_service - Help Service (v1.0.0)
01:59:39 [[32minfo[39m]  Tool registered: memory_service - Memory Service (v1.0.0)
01:59:39 [[32minfo[39m]  Registered 23 ServiceTools to ToolRegistry
01:59:39 [[32minfo[39m]  Tool reference validation passed

[90mstdout[2m | src/services/__tests__/ws-e2e-flow.test.ts[22m[39m
馃И Setting up comprehensive test environment...
鉁?Database connected
Running migration: 001_init.ts

[90mstdout[2m | src/game-systems/audit/__tests__/DialogueConsistencyChecker.test.ts[22m[39m
008: added saves.active_challenge_mode column
Migration 008_add_saves_active_challenge_mode.ts completed successfully
All migrations completed
鉁?Migrations completed
All seeds completed
鉁?Seeds completed
01:59:39 [[32minfo[39m]  Starting YAML-driven Agent system initialization
01:59:39 [[32minfo[39m]  Seeding ModelConfigService from environment
01:59:39 [[32minfo[39m]  No DEEPSEEK_API_KEY env var found, skipping env seed
01:59:39 [[32minfo[39m]  Seeded provider from convict config {"providerType":"openai","providerId":"91c6d952-9d00-4102-a88b-ec6d4ef9d8ce","model":"openrouter/free"}
01:59:39 [[32minfo[39m]  Creating LLMService with ModelConfigService
01:59:39 [[32minfo[39m]  Creating ContextService and DecisionLogService instances
01:59:39 [[32minfo[39m]  Initializing YAML-driven Agent profiles...
01:59:39 [[32minfo[39m]  Loading config from directory: C:\Users\super\Documents\trae_projects\AGG-main\packages\backend\config
01:59:39 [[32minfo[39m]  Loaded agent profile: fantasy_rpg
01:59:39 [[32minfo[39m]  Loaded agent profile: minimal_test
01:59:39 [[32minfo[39m]  Loaded 0 non-builtin profiles from database (0 builtin skipped, using YAML)
01:59:39 [[32minfo[39m]  Config loaded successfully: 2 profiles
01:59:39 [[32minfo[39m]  YAML config loaded successfully
01:59:39 [[32minfo[39m]  Context rules loaded {"agentCount":10}
01:59:39 [[32minfo[39m]  Default manifests loaded {"agentTypeCount":6,"manifestCount":8}
01:59:39 [[32minfo[39m]  Context rules file watcher started {"path":"C:\\Users\\super\\Documents\\trae_projects\\AGG-main\\packages\\backend\\config\\agent-context-rules.yaml"}
01:59:39 [[32minfo[39m]  Loaded 10 agent capabilities from YAML profiles
01:59:39 [[32minfo[39m]  ToolRegistry initialized
01:59:39 [[32minfo[39m]  Registering ServiceTools to ToolRegistry
01:59:39 [[32minfo[39m]  Tool registered: game_time_service - GameTime Service (v1.0.0)
01:59:39 [[32minfo[39m]  Tool registered: numerical_service - Numerical Service (v1.0.0)
01:59:39 [[32minfo[39m]  Tool registered: character_service - Character Service (v1.0.0)
01:59:39 [[32minfo[39m]  Tool registered: inventory_service - Inventory Service (v1.0.0)
01:59:39 [[32minfo[39m]  Tool registered: skill_service - Skill Service (v1.1.0)
01:59:39 [[32minfo[39m]  Tool registered: map_service - Map Service (v2.0.0)
01:59:39 [[32minfo[39m]  Tool registered: npc_service - NPC Service (v1.0.0)
01:59:39 [[32minfo[39m]  Tool registered: dialogue_service - Dialogue Service (v1.0.0)
01:59:39 [[32minfo[39m]  Tool registered: quest_service - Quest Service (v1.0.0)
01:59:39 [[32minfo[39m]  Tool registered: challenge_service - Challenge Service (v1.0.0)
01:59:39 [[32minfo[39m]  Tool registered: event_service - Event Service (v1.0.0)
01:59:39 [[32minfo[39m]  Tool registered: story_service - Story Service (v1.0.0)
01:59:39 [[32minfo[39m]  Tool registered: game_init_service - Game Init Service (v2.0.0)
01:59:39 [[32minfo[39m]  Tool registered: batch_query_service - Batch Query Service (v1.0.0)
01:59:39 [[32minfo[39m]  Tool registered: entity_graph_service - Entity Graph Service (v1.0.0)
01:59:39 [[32minfo[39m]  Tool registered: template_pool_service - Template Pool Service (v1.0.0)
01:59:39 [[32minfo[39m]  Tool registered: dynamic_ui - Dynamic UI Service (v1.0.0)
01:59:39 [[32minfo[39m]  Tool registered: generate_options - Generate Options Service (v2.0.0)
01:59:39 [[32minfo[39m]  Tool registered: coordinator_service - Coordinator Service (v1.0.0)
01:59:39 [[32minfo[39m]  Tool registered: rule_service - Rule Service (v1.0.0)
01:59:39 [[32minfo[39m]  Tool registered: skill_loader - Skill Loader (v1.0.0)
01:59:39 [[32minfo[39m]  Tool registered: help_service - Help Service (v1.0.0)
01:59:39 [[32minfo[39m]  Tool registered: memory_service - Memory Service (v1.0.0)
01:59:39 [[32minfo[39m]  Registered 23 ServiceTools to ToolRegistry
01:59:39 [[32minfo[39m]  Tool reference validation passed

[90mstdout[2m | tests/agent-system/websocket.test.ts[22m[39m
01:59:40 [[32minfo[39m]  Discovered 187 help files {"dir":"C:\\Users\\super\\Documents\\trae_projects\\AGG-main\\packages\\backend\\config\\agent-help"}

[90mstdout[2m | src/game-systems/audit/__tests__/DialogueConsistencyChecker.test.ts[22m[39m
01:59:40 [[32minfo[39m]  Discovered 187 help files {"dir":"C:\\Users\\super\\Documents\\trae_projects\\AGG-main\\packages\\backend\\config\\agent-help"}

[90mstdout[2m | src/game-systems/inventory/__tests__/inventory-duplicate-prevention.test.ts[22m[39m
008: added saves.active_challenge_mode column
Migration 008_add_saves_active_challenge_mode.ts completed successfully
All migrations completed
鉁?Migrations completed
All seeds completed
鉁?Seeds completed
01:59:39 [[32minfo[39m]  Starting YAML-driven Agent system initialization
01:59:39 [[32minfo[39m]  Seeding ModelConfigService from environment
01:59:39 [[32minfo[39m]  No DEEPSEEK_API_KEY env var found, skipping env seed
01:59:39 [[32minfo[39m]  Seeded provider from convict config {"providerType":"openai","providerId":"94dfd57a-1cd1-4d3b-a1c6-3142cef4da14","model":"openrouter/free"}
01:59:39 [[32minfo[39m]  Creating LLMService with ModelConfigService
01:59:39 [[32minfo[39m]  Creating ContextService and DecisionLogService instances
01:59:39 [[32minfo[39m]  Initializing YAML-driven Agent profiles...
01:59:39 [[32minfo[39m]  Loading config from directory: C:\Users\super\Documents\trae_projects\AGG-main\packages\backend\config
01:59:39 [[32minfo[39m]  Loaded agent profile: fantasy_rpg
01:59:39 [[32minfo[39m]  Loaded agent profile: minimal_test
01:59:39 [[32minfo[39m]  Loaded 0 non-builtin profiles from database (0 builtin skipped, using YAML)
01:59:39 [[32minfo[39m]  Config loaded successfully: 2 profiles
01:59:39 [[32minfo[39m]  YAML config loaded successfully
01:59:39 [[32minfo[39m]  Context rules loaded {"agentCount":10}
01:59:39 [[32minfo[39m]  Default manifests loaded {"agentTypeCount":6,"manifestCount":8}
01:59:39 [[32minfo[39m]  Context rules file watcher started {"path":"C:\\Users\\super\\Documents\\trae_projects\\AGG-main\\packages\\backend\\config\\agent-context-rules.yaml"}
01:59:39 [[32minfo[39m]  Loaded 10 agent capabilities from YAML profiles
01:59:39 [[32minfo[39m]  ToolRegistry initialized
01:59:39 [[32minfo[39m]  Registering ServiceTools to ToolRegistry
01:59:40 [[32minfo[39m]  Tool registered: game_time_service - GameTime Service (v1.0.0)
01:59:40 [[32minfo[39m]  Tool registered: numerical_service - Numerical Service (v1.0.0)
01:59:40 [[32minfo[39m]  Tool registered: character_service - Character Service (v1.0.0)
01:59:40 [[32minfo[39m]  Tool registered: inventory_service - Inventory Service (v1.0.0)
01:59:40 [[32minfo[39m]  Tool registered: skill_service - Skill Service (v1.1.0)
01:59:40 [[32minfo[39m]  Tool registered: map_service - Map Service (v2.0.0)
01:59:40 [[32minfo[39m]  Tool registered: npc_service - NPC Service (v1.0.0)
01:59:40 [[32minfo[39m]  Tool registered: dialogue_service - Dialogue Service (v1.0.0)
01:59:40 [[32minfo[39m]  Tool registered: quest_service - Quest Service (v1.0.0)
01:59:40 [[32minfo[39m]  Tool registered: challenge_service - Challenge Service (v1.0.0)
01:59:40 [[32minfo[39m]  Tool registered: event_service - Event Service (v1.0.0)
01:59:40 [[32minfo[39m]  Tool registered: story_service - Story Service (v1.0.0)
01:59:40 [[32minfo[39m]  Tool registered: game_init_service - Game Init Service (v2.0.0)
01:59:40 [[32minfo[39m]  Tool registered: batch_query_service - Batch Query Service (v1.0.0)
01:59:40 [[32minfo[39m]  Tool registered: entity_graph_service - Entity Graph Service (v1.0.0)
01:59:40 [[32minfo[39m]  Tool registered: template_pool_service - Template Pool Service (v1.0.0)
01:59:40 [[32minfo[39m]  Tool registered: dynamic_ui - Dynamic UI Service (v1.0.0)
01:59:40 [[32minfo[39m]  Tool registered: generate_options - Generate Options Service (v2.0.0)
01:59:40 [[32minfo[39m]  Tool registered: coordinator_service - Coordinator Service (v1.0.0)
01:59:40 [[32minfo[39m]  Tool registered: rule_service - Rule Service (v1.0.0)
01:59:40 [[32minfo[39m]  Tool registered: skill_loader - Skill Loader (v1.0.0)
01:59:40 [[32minfo[39m]  Tool registered: help_service - Help Service (v1.0.0)
01:59:40 [[32minfo[39m]  Tool registered: memory_service - Memory Service (v1.0.0)
01:59:40 [[32minfo[39m]  Registered 23 ServiceTools to ToolRegistry
01:59:40 [[32minfo[39m]  Tool reference validation passed

[90mstdout[2m | src/agents/__tests__/react-agent-hook-runtime.test.ts[22m[39m
01:59:39 [[32minfo[39m]  Help registry loaded: 22 tools {"tools":["batch_query_service","challenge_service","... (22 items)"]}
01:59:39 [[32minfo[39m]  Creating GameMasterAgent (as AgentRuntime with isSubAgent=false)
01:59:39 [[32minfo[39m]  Handler subscribed {"eventType":"dialogue"}
01:59:39 [[32minfo[39m]  Handler subscribed {"eventType":"combat_end"}
01:59:39 [[32minfo[39m]  AwarenessAutoSubscriber subscribed to dialogue + combat_end events
01:59:39 [[32minfo[39m]  Agent initialized: gamemaster - GameMasterAgent
01:59:39 [[32minfo[39m] [AGENT-START] Agent gamemaster starting {"agent":"gamemaster","provider":null,"toolsConfigured":1,"maxIterations":200,"isSubAgent":false}
01:59:39 [[32minfo[39m]  Handler subscribed {"eventType":"chapter_advanced"}
01:59:39 [[32minfo[39m]  Creating AgentRuntime instances from default profile: fantasy_rpg
01:59:39 [[32minfo[39m]  Creating agents from profile: fantasy_rpg {"agentCount":10}
01:59:39 [[32minfo[39m]  Agent initialized: gamemaster - GameMasterAgent
01:59:39 [[32minfo[39m] [AGENT-START] Agent gamemaster starting {"agent":"gamemaster","provider":null,"toolsConfigured":1,"maxIterations":200,"isSubAgent":false}
01:59:39 [[32minfo[39m]  Created AgentRuntime: gamemaster {"profile":"fantasy_rpg","tools":["all"]}
01:59:39 [[32minfo[39m]  Agent initialized: map - MapAgent
01:59:39 [[32minfo[39m] [AGENT-START] Agent map starting {"agent":"map","provider":null,"toolsConfigured":7,"maxIterations":200,"isSubAgent":true}
01:59:39 [[32minfo[39m]  Created AgentRuntime: map {"profile":"fantasy_rpg","tools":["map_service","npc_service","... (7 items)"]}
01:59:39 [[32minfo[39m]  Agent initialized: challenge - ChallengeAgent
01:59:39 [[32minfo[39m] [AGENT-START] Agent challenge starting {"agent":"challenge","provider":null,"toolsConfigured":9,"maxIterations":200,"isSubAgent":true}
01:59:39 [[32minfo[39m]  Created AgentRuntime: challenge {"profile":"fantasy_rpg","tools":["challenge_service","numerical_service","... (9 items)"]}
01:59:39 [[32minfo[39m]  Agent initialized: output - OutputAgent
01:59:39 [[32minfo[39m] [AGENT-START] Agent output starting {"agent":"output","provider":null,"toolsConfigured":5,"maxIterations":200,"isSubAgent":true}
01:59:39 [[32minfo[39m]  Created AgentRuntime: output {"profile":"fantasy_rpg","tools":["dialogue_service","dynamic_ui","... (5 items)"]}
01:59:39 [[32minfo[39m]  Agent initialized: quest - QuestAgent
01:59:39 [[32minfo[39m] [AGENT-START] Agent quest starting {"agent":"quest","provider":null,"toolsConfigured":11,"maxIterations":200,"isSubAgent":true}
01:59:39 [[32minfo[39m]  Created AgentRuntime: quest {"profile":"fantasy_rpg","tools":["quest_service","numerical_service","... (11 items)"]}
01:59:39 [[32minfo[39m]  Agent initialized: npc_party - NPCPartyAgent
01:59:39 [[32minfo[39m] [AGENT-START] Agent npc_party starting {"agent":"npc_party","provider":null,"toolsConfigured":9,"maxIterations":200,"isSubAgent":true}
01:59:39 [[32minfo[39m]  Created AgentRuntime: npc_party {"profile":"fantasy_rpg","tools":["npc_service","entity_graph_service","... (9 items)"]}
01:59:39 [[32minfo[39m]  Agent initialized: inventory - InventoryAgent
01:59:39 [[32minfo[39m] [AGENT-START] Agent inventory starting {"agent":"inventory","provider":null,"toolsConfigured":8,"maxIterations":200,"isSubAgent":true}
01:59:39 [[32minfo[39m]  Created AgentRuntime: inventory {"profile":"fantasy_rpg","tools":["inventory_service","template_pool_service","... (8 items)"]}
01:59:39 [[32minfo[39m]  Agent initialized: skill - SkillAgent
01:59:39 [[32minfo[39m] [AGENT-START] Agent skill starting {"agent":"skill","provider":null,"toolsConfigured":7,"maxIterations":200,"isSubAgent":true}
01:59:39 [[32minfo[39m]  Created AgentRuntime: skill {"profile":"fantasy_rpg","tools":["skill_service","template_pool_service","... (7 items)"]}
01:59:39 [[32minfo[39m]  Agent initialized: event - EventAgent
01:59:39 [[32minfo[39m] [AGENT-START] Agent event starting {"agent":"event","provider":null,"toolsConfigured":5,"maxIterations":200,"isSubAgent":true}
01:59:39 [[32minfo[39m]  Created AgentRuntime: event {"profile":"fantasy_rpg","tools":["event_service","game_time_service","... (5 items)"]}
01:59:39 [[32minfo[39m]  Agent initialized: time - TimeAgent
01:59:39 [[32minfo[39m] [AGENT-START] Agent time starting {"agent":"time","provider":null,"toolsConfigured":4,"maxIterations":200,"isSubAgent":true}
01:59:39 [[32minfo[39m]  Created AgentRuntime: time {"profile":"fantasy_rpg","tools":["game_time_service","rule_service","... (4 items)"]}
01:59:39 [[32minfo[39m]  Permissions configured from agent.tools for profile: fantasy_rpg
01:59:39 [[32minfo[39m]  YAML permissions configured
01:59:39 [[32minfo[39m]  Registering AgentRuntime instances to GameMasterAgent...
01:59:39 [[32minfo[39m]  Registered AgentRuntime to Coordinator: gamemaster
01:59:39 [[32minfo[39m]  Registered AgentRuntime to Coordinator: map
01:59:39 [[32minfo[39m]  Registered AgentRuntime to Coordinator: challenge
01:59:39 [[32minfo[39m]  Registered AgentRuntime to Coordinator: output
01:59:39 [[32minfo[39m]  Registered AgentRuntime to Coordinator: quest
01:59:39 [[32minfo[39m]  Registered AgentRuntime to Coordinator: npc_party
01:59:39 [[32minfo[39m]  Registered AgentRuntime to Coordinator: inventory
01:59:39 [[32minfo[39m]  Registered AgentRuntime to Coordinator: skill
01:59:39 [[32minfo[39m]  Registered AgentRuntime to Coordinator: event
01:59:39 [[32minfo[39m]  Registered AgentRuntime to Coordinator: time
01:59:39 [[32minfo[39m]  GameDataExpander configured (manifest path enabled)
01:59:39 [[32minfo[39m]  DedupService configured (dispatch log persistence enabled)
01:59:39 [[32minfo[39m]  Agent system initialized: 10 AgentRuntime instances created
鉁?Agent system initialized with 10 agents
鈿狅笍 YAML Agent system skipped: __vi_import_5__.initializeYamlAgentSystem is not a function
01:59:39 [[32minfo[39m]  Agent routes initialized
01:59:39 [[32minfo[39m]  Save routes initialized
01:59:39 [[32minfo[39m]  Synced template from YAML to DB: cthulhu-investigation
01:59:39 [[32minfo[39m]  Synced template from YAML to DB: cyberpunk-mercenary
01:59:39 [[32minfo[39m]  Synced template from YAML to DB: medieval-fantasy
01:59:39 [[32minfo[39m]  Synced template from YAML to DB: modern-romance
01:59:39 [[32minfo[39m]  Synced template from YAML to DB: xianxia
01:59:39 [[32minfo[39m]  Synced 5 templates from YAML to database
01:59:39 [[32minfo[39m]  Cache refreshed with 5 templates
01:59:39 [[32minfo[39m]  TemplateService loaded {"cachedTemplates":5}
鉁?Template YAML loaded and synced to DB
01:59:39 [[32minfo[39m]  Template routes initialized
鉁?Test environment setup complete

[90mstdout[2m | src/agents/__tests__/react-agent-hook-runtime.test.ts[2m > [22m[2mAgentRuntime hook runtime[2m > [22m[2mgetPromptAgentConfig 搴旇繑鍥炵湡瀹?agent tools銆乵axIterations 涓?toolBudget[22m[39m
01:59:40 [[32minfo[39m]  Agent initialized: gamemaster - GameMaster
01:59:40 [[32minfo[39m] [AGENT-START] Agent gamemaster starting {"agent":"gamemaster","toolsConfigured":1,"maxIterations":4,"isSubAgent":false}
01:59:40 [[32minfo[39m]  Agent initialized: output - OutputAgent
01:59:40 [[32minfo[39m] [AGENT-START] Agent output starting {"agent":"output","toolsConfigured":1,"maxIterations":4,"isSubAgent":true}

[90mstdout[2m | src/agents/__tests__/react-agent-hook-runtime.test.ts[2m > [22m[2mAgentRuntime hook runtime[2m > [22m[2mbefore_prompt_build 鍜?before_tool_expose patch 搴斿奖鍝?PromptContext 涓?ReAct context[22m[39m
01:59:40 [[32minfo[39m]  Agent initialized: gamemaster - GameMaster
01:59:40 [[32minfo[39m] [AGENT-START] Agent gamemaster starting {"agent":"gamemaster","toolsConfigured":1,"maxIterations":4,"isSubAgent":false}
01:59:40 [[31merror[39m]  ReAct loop execution failed, entering recovery {"agent":"gamemaster","saveId":"save-1","failureStage":"gamemaster-react-loop","attempts":0,"error":"on_task_complete hook 瑙﹀彂鏉′欢涓嶆弧瓒? taskContent 瀛樺湪浣?stagingPool/shadowState/templateId 缂哄け (agentKey=gamemaster)"}

[90mstdout[2m | src/agents/__tests__/react-agent-hook-runtime.test.ts[2m > [22m[2mAgentRuntime hook runtime[2m > [22m[2mbefore_tool_call patch 搴旀敮鎸佸弬鏁板綊涓€[22m[39m
01:59:40 [[34mdebug[39m] [REACT-ITER] ReAct iteration 1/3 iter=1 {"agent":"gamemaster","currentIteration":1,"maxIterations":3,"cumulativeMessages":2}
01:59:40 [[32minfo[39m] [TOOL-CALL] Tool call: inventory_service.equip_item iter=1 {"agent":"gamemaster","toolType":"inventory_service","method":"equip_item","toolCallId":"call-1","args":{"inventoryId":"raw-id"},"isPreExecuted":false}
01:59:40 [[32minfo[39m] [TOOL-RESULT] Tool result: inventory_service.equip_item 鈫?success iter=1 {"agent":"gamemaster","toolType":"inventory_service","method":"equip_item","toolCallId":"call-1","success":true,"resultData":{"success":true,"data":{"equipped":true},"_meta":{"toolType":"inventory_service","method":"equip_item","params":{"inventoryId":"normalized-id"}}},"originalSize":145,"compressedSize":41,"isPreExecuted":false}
01:59:40 [[34mdebug[39m] [REACT-ITER] ReAct iteration 2/3 iter=2 {"agent":"gamemaster","currentIteration":2,"maxIterations":3,"cumulativeMessages":4}
01:59:40 [[32minfo[39m] [AGENT-END] Agent gamemaster completed, 2 iterations {"agent":"gamemaster","iterations":2,"totalTokens":0,"elapsed":0,"success":true,"toolCallsExecuted":1}
01:59:40 [[32minfo[39m]  ReAct final response is valid JSON, skipping structured output generation {"agent":"gamemaster"}

[90mstdout[2m | src/agents/__tests__/react-agent-hook-runtime.test.ts[2m > [22m[2mAgentRuntime hook runtime[2m > [22m[2mbefore_tool_call patch 搴旀敮鎸佸彧璇?veto[22m[39m
01:59:40 [[34mdebug[39m] [REACT-ITER] ReAct iteration 1/3 iter=1 {"agent":"gamemaster","currentIteration":1,"maxIterations":3,"cumulativeMessages":2}
01:59:40 [[32minfo[39m] [TOOL-CALL] Tool call: inventory_service.equip_item iter=1 {"agent":"gamemaster","toolType":"inventory_service","method":"equip_item","toolCallId":"call-1","args":{"inventoryId":"raw-id"},"isPreExecuted":false}
01:59:40 [[32minfo[39m]  Tool call blocked by beforeToolCall hook {"agent":"gamemaster","functionName":"inventory_service__equip_item","reason":"readonly-degrade-active"}
01:59:40 [[34mdebug[39m] [REACT-ITER] ReAct iteration 2/3 iter=2 {"agent":"gamemaster","currentIteration":2,"maxIterations":3,"cumulativeMessages":4}
01:59:40 [[32minfo[39m] [AGENT-END] Agent gamemaster completed, 2 iterations {"agent":"gamemaster","iterations":2,"totalTokens":0,"elapsed":0,"success":true,"toolCallsExecuted":1}
01:59:40 [[32minfo[39m]  ReAct final response is valid JSON, skipping structured output generation {"agent":"gamemaster"}

[90mstdout[2m | src/agents/__tests__/react-agent-hook-runtime.test.ts[2m > [22m[2mAgentRuntime hook runtime[2m > [22m[2mafter_tool_call patch 搴旀敮鎸佺粨鏋滆ˉ涓佷笌 emittedEvents[22m[39m
01:59:40 [[34mdebug[39m] [REACT-ITER] ReAct iteration 1/3 iter=1 {"agent":"gamemaster","currentIteration":1,"maxIterations":3,"cumulativeMessages":2}
01:59:40 [[32minfo[39m] [TOOL-CALL] Tool call: inventory_service.equip_item iter=1 {"agent":"gamemaster","toolType":"inventory_service","method":"equip_item","toolCallId":"call-1","args":{"inventoryId":"raw-id"},"isPreExecuted":false}
01:59:40 [[32minfo[39m] [TOOL-RESULT] Tool result: inventory_service.equip_item 鈫?success iter=1 {"agent":"gamemaster","toolType":"inventory_service","method":"equip_item","toolCallId":"call-1","success":true,"resultData":{"success":true,"data":{"equipped":true,"source":"hook"},"_meta":{"toolType":"inventory_service","method":"equip_item","params":{"inventoryId":"raw-id"}}},"originalSize":154,"compressedSize":57,"isPreExecuted":false}
01:59:40 [[34mdebug[39m] [REACT-ITER] ReAct iteration 2/3 iter=2 {"agent":"gamemaster","currentIteration":2,"maxIterations":3,"cumulativeMessages":4}
01:59:40 [[32minfo[39m] [AGENT-END] Agent gamemaster completed, 2 iterations {"agent":"gamemaster","iterations":2,"totalTokens":0,"elapsed":0,"success":true,"toolCallsExecuted":1}
01:59:40 [[32minfo[39m]  ReAct final response is valid JSON, skipping structured output generation {"agent":"gamemaster"}

[90mstdout[2m | src/agents/__tests__/react-agent-hook-runtime.test.ts[2m > [22m[2mAgentRuntime hook runtime[2m > [22m[2mafter_tool_call 閮ㄥ垎 patch 搴斾繚鐣欏師濮?success 涓庡璁″瓧娈?[22m[39m
01:59:40 [[34mdebug[39m] [REACT-ITER] ReAct iteration 1/3 iter=1 {"agent":"gamemaster","currentIteration":1,"maxIterations":3,"cumulativeMessages":2}
01:59:40 [[32minfo[39m] [TOOL-CALL] Tool call: inventory_service.equip_item iter=1 {"agent":"gamemaster","toolType":"inventory_service","method":"equip_item","toolCallId":"call-1","args":{"inventoryId":"raw-id"},"isPreExecuted":false}
01:59:40 [[32minfo[39m] [TOOL-RESULT] Tool result: inventory_service.equip_item 鈫?success iter=1 {"agent":"gamemaster","toolType":"inventory_service","method":"equip_item","toolCallId":"call-1","success":true,"resultData":{"success":true,"data":{"equipped":true,"source":"patch-only"},"_meta":{"toolType":"inventory_service","method":"equip_item","params":{"inventoryId":"raw-id"}},"writeOperation":{"toolType":"inventory_service","method":"equip_item","params":{"inventoryId":"raw-id"},"result":{"equipped":false},"timestamp":1785002380068}},"originalSize":320,"compressedSize":63,"isPreExecuted":false}
01:59:40 [[34mdebug[39m] [REACT-ITER] ReAct iteration 2/3 iter=2 {"agent":"gamemaster","currentIteration":2,"maxIterations":3,"cumulativeMessages":4}
01:59:40 [[32minfo[39m] [AGENT-END] Agent gamemaster completed, 2 iterations {"agent":"gamemaster","iterations":2,"totalTokens":0,"elapsed":0,"success":true,"toolCallsExecuted":1}
01:59:40 [[32minfo[39m]  ReAct final response is valid JSON, skipping structured output generation {"agent":"gamemaster"}

[90mstdout[2m | src/agents/__tests__/react-agent-hook-runtime.test.ts[2m > [22m[2mAgentRuntime hook runtime[2m > [22m[2mbefore_tool_call emittedEvents 搴斾繚鐣欏埌宸ュ叿璋冪敤杞ㄨ抗[22m[39m
01:59:40 [[34mdebug[39m] [REACT-ITER] ReAct iteration 1/3 iter=1 {"agent":"gamemaster","currentIteration":1,"maxIterations":3,"cumulativeMessages":2}
01:59:40 [[32minfo[39m] [TOOL-CALL] Tool call: inventory_service.equip_item iter=1 {"agent":"gamemaster","toolType":"inventory_service","method":"equip_item","toolCallId":"call-1","args":{"inventoryId":"raw-id"},"isPreExecuted":false}
01:59:40 [[32minfo[39m] [TOOL-RESULT] Tool result: inventory_service.equip_item 鈫?success iter=1 {"agent":"gamemaster","toolType":"inventory_service","method":"equip_item","toolCallId":"call-1","success":true,"resultData":{"success":true,"data":{"equipped":true},"_meta":{"toolType":"inventory_service","method":"equip_item","params":{"inventoryId":"raw-id"}}},"originalSize":138,"compressedSize":41,"isPreExecuted":false}
01:59:40 [[34mdebug[39m] [REACT-ITER] ReAct iteration 2/3 iter=2 {"agent":"gamemaster","currentIteration":2,"maxIterations":3,"cumulativeMessages":4}
01:59:40 [[32minfo[39m] [AGENT-END] Agent gamemaster completed, 2 iterations {"agent":"gamemaster","iterations":2,"totalTokens":0,"elapsed":0,"success":true,"toolCallsExecuted":1}
01:59:40 [[32minfo[39m]  ReAct final response is valid JSON, skipping structured output generation {"agent":"gamemaster"}

[90mstdout[2m | src/agents/__tests__/react-agent-hook-runtime.test.ts[2m > [22m[2mAgentRuntime hook runtime[2m > [22m[2mautoLoadOnFirstUse 鎵句笉鍒板府鍔╂鏂囨椂涓嶅簲鎵ｅ噺棰勭畻涓斿簲缁х画鎵ц鐪熷疄宸ュ叿璋冪敤[22m[39m
01:59:40 [[34mdebug[39m] [REACT-ITER] ReAct iteration 1/3 iter=1 {"agent":"gamemaster","currentIteration":1,"maxIterations":3,"cumulativeMessages":2}
01:59:40 [[32minfo[39m] [TOOL-CALL] Tool call: inventory_service.equip_item iter=1 {"agent":"gamemaster","toolType":"inventory_service","method":"equip_item","toolCallId":"call-1","args":{"inventoryId":"raw-id"},"isPreExecuted":false}
01:59:40 [[32minfo[39m] [TOOL-RESULT] Tool result: inventory_service.equip_item 鈫?success iter=1 {"agent":"gamemaster","toolType":"inventory_service","method":"equip_item","toolCallId":"call-1","success":true,"resultData":{"success":true,"data":{"equipped":true},"_meta":{"toolType":"inventory_service","method":"equip_item","params":{"inventoryId":"raw-id"}}},"originalSize":138,"compressedSize":41,"isPreExecuted":false}
01:59:40 [[34mdebug[39m] [REACT-ITER] ReAct iteration 2/3 iter=2 {"agent":"gamemaster","currentIteration":2,"maxIterations":3,"cumulativeMessages":4}
01:59:40 [[32minfo[39m] [AGENT-END] Agent gamemaster completed, 2 iterations {"agent":"gamemaster","iterations":2,"totalTokens":0,"elapsed":0,"success":true,"toolCallsExecuted":1}
01:59:40 [[32minfo[39m]  ReAct final response is valid JSON, skipping structured output generation {"agent":"gamemaster"}

[90mstdout[2m | src/agents/__tests__/react-agent-hook-runtime.test.ts[2m > [22m[2mAgentRuntime hook runtime[2m > [22m[2mmaxOnDemandLoadsPerTurn 搴斿湪姣忚疆 ReAct 鍐崇瓥鍓嶉噸缃紝鑰屼笉鏄暣娆¤姹傜疮璁?[22m[39m
01:59:40 [[34mdebug[39m] [REACT-ITER] ReAct iteration 1/3 iter=1 {"agent":"gamemaster","currentIteration":1,"maxIterations":3,"cumulativeMessages":2}
01:59:40 [[32minfo[39m] [TOOL-CALL] Tool call: inventory_service.equip_item iter=1 {"agent":"gamemaster","toolType":"inventory_service","method":"equip_item","toolCallId":"call-1","args":{"inventoryId":"item-1"},"isPreExecuted":false}
01:59:40 [[32minfo[39m]  autoLoadOnFirstUse: injecting help for inventory_service.equip_item {"agent":"gamemaster"}
01:59:40 [[34mdebug[39m] [REACT-ITER] ReAct iteration 2/3 iter=2 {"agent":"gamemaster","currentIteration":2,"maxIterations":3,"cumulativeMessages":4}
01:59:40 [[32minfo[39m] [TOOL-CALL] Tool call: inventory_service.use_item iter=2 {"agent":"gamemaster","toolType":"inventory_service","method":"use_item","toolCallId":"call-2","args":{"inventoryId":"item-2"},"isPreExecuted":false}
01:59:40 [[32minfo[39m]  autoLoadOnFirstUse: injecting help for inventory_service.use_item {"agent":"gamemaster"}
01:59:40 [[32minfo[39m] [REACT-DELTA] ReAct delta: +2 messages for gamemaster iteration 2 iter=2 {"agent":"gamemaster","deltaMessages":[{"role":"assistant","content":"","toolCalls":["..."],"isPreExecuted":false},{"role":"tool","content":"{\"success\":true,\"data\":{\"help\":\"<tool_help tool=\\\"inventory_service\\\" method=\\\"use_item\\\">help:use_item</tool_help>\",\"_autoInjected\":true}}","toolCallId":"call-2","isPreExecuted":false}]}
01:59:40 [[34mdebug[39m] [REACT-ITER] ReAct iteration 3/3 iter=3 {"agent":"gamemaster","currentIteration":3,"maxIterations":3,"cumulativeMessages":6}
01:59:40 [[32minfo[39m] [AGENT-END] Agent gamemaster completed, 3 iterations {"agent":"gamemaster","iterations":3,"totalTokens":0,"elapsed":0,"success":true,"toolCallsExecuted":2}
01:59:40 [[32minfo[39m]  ReAct final response is valid JSON, skipping structured output generation {"agent":"gamemaster"}

[90mstdout[2m | src/agents/__tests__/react-agent-hook-runtime.test.ts[2m > [22m[2mAgentRuntime hook runtime[2m > [22m[2mafter_agent_fail 搴旇繑鍥?recovery plan 骞堕┍鍔ㄧǔ瀹氭ā鍨嬮噸璇?[22m[39m
01:59:40 [[32minfo[39m]  Agent initialized: gamemaster - GameMaster
01:59:40 [[32minfo[39m] [AGENT-START] Agent gamemaster starting {"agent":"gamemaster","toolsConfigured":1,"maxIterations":4,"isSubAgent":false}
01:59:40 [[31merror[39m]  ReAct loop execution failed, entering recovery {"agent":"gamemaster","saveId":"save-1","failureStage":"gamemaster-react-loop","attempts":0,"error":"provider timeout"}
01:59:40 [[31merror[39m]  ReAct loop execution failed, entering recovery {"agent":"gamemaster","saveId":"save-1","failureStage":"gamemaster-react-loop","attempts":1,"error":"on_task_complete hook 瑙﹀彂鏉′欢涓嶆弧瓒? taskContent 瀛樺湪浣?stagingPool/shadowState/templateId 缂哄け (agentKey=gamemaster)"}

[90mstdout[2m | src/agents/__tests__/react-agent-hook-runtime.test.ts[2m > [22m[2mAgentRuntime hook runtime[2m > [22m[2m璇锋眰绾у壇鏈簲鐢?hookPolicies 涓嶅簲鍥炲啓鍘熷 Agent 閰嶇疆[22m[39m
01:59:40 [[32minfo[39m]  Agent initialized: gamemaster - GameMaster
01:59:40 [[32minfo[39m] [AGENT-START] Agent gamemaster starting {"agent":"gamemaster","toolsConfigured":1,"maxIterations":4,"isSubAgent":false}

[90mstdout[2m | src/agents/__tests__/react-agent-hook-runtime.test.ts[2m > [22m[2mAgentRuntime hook runtime[2m > [22m[2mapplyHookPolicies 鍚庡凡娉ㄥ唽鐨勮嚜瀹氫箟 Hook 浠嶅簲淇濈暀[22m[39m
01:59:40 [[32minfo[39m]  Agent initialized: gamemaster - GameMaster
01:59:40 [[32minfo[39m] [AGENT-START] Agent gamemaster starting {"agent":"gamemaster","toolsConfigured":1,"maxIterations":4,"isSubAgent":false}
01:59:40 [[34mdebug[39m] [REACT-ITER] ReAct iteration 1/3 iter=1 {"agent":"gamemaster","currentIteration":1,"maxIterations":3,"cumulativeMessages":2}
01:59:40 [[31merror[39m]  ReAct loop execution failed, entering recovery {"agent":"gamemaster","saveId":"save-1","failureStage":"react-loop","attempts":0,"error":"this.llmService.chatRaw is not a function"}

[90mstdout[2m | src/agents/__tests__/react-agent-hook-runtime.test.ts[2m > [22m[2mAgentRuntime hook runtime[2m > [22m[2mafter_agent_fail 杩斿洖 fallback_agent 鏃跺簲杞崲涓虹粨鏋勫寲淇濆畧鍥炲[22m[39m
01:59:40 [[32minfo[39m]  Agent initialized: gamemaster - GameMaster
01:59:40 [[32minfo[39m] [AGENT-START] Agent gamemaster starting {"agent":"gamemaster","toolsConfigured":1,"maxIterations":4,"isSubAgent":false}
01:59:40 [[31merror[39m]  ReAct loop execution failed, entering recovery {"agent":"gamemaster","saveId":"save-1","failureStage":"react-loop","attempts":0,"error":"provider timeout"}

[90mstdout[2m | src/agents/__tests__/react-agent-hook-runtime.test.ts[2m > [22m[2mAgentRuntime hook runtime[2m > [22m[2mafter_agent_fail 杩斿洖 explain_only 鏃跺簲杈撳嚭瑙ｉ噴鑰屼笉鍐嶆姏閿?[22m[39m
01:59:40 [[32minfo[39m]  Agent initialized: gamemaster - GameMaster
01:59:40 [[32minfo[39m] [AGENT-START] Agent gamemaster starting {"agent":"gamemaster","toolsConfigured":1,"maxIterations":4,"isSubAgent":false}
01:59:40 [[31merror[39m]  ReAct loop execution failed, entering recovery {"agent":"gamemaster","saveId":"save-1","failureStage":"react-loop","attempts":0,"error":"permission denied for write operation"}

[90mstdout[2m | src/agents/__tests__/react-agent-hook-runtime.test.ts[2m > [22m[2mAgentRuntime hook runtime[2m > [22m[2moutput Agent 鐨勭粓鎬佹仮澶嶇粨鏋滃簲淇濇寔 dialogue/ui 濂戠害[22m[39m
01:59:40 [[32minfo[39m]  Agent initialized: output - OutputAgent
01:59:40 [[32minfo[39m] [AGENT-START] Agent output starting {"agent":"output","toolsConfigured":1,"maxIterations":4,"isSubAgent":true}
01:59:40 [[31merror[39m]  ReAct loop execution failed, entering recovery {"agent":"output","saveId":"save-1","failureStage":"react-loop","attempts":0,"error":"provider timeout"}

[90mstdout[2m | src/agents/__tests__/react-agent-hook-runtime.test.ts[2m > [22m[2mAgentRuntime hook runtime[2m > [22m[2mbefore_compaction 搴旀敮鎸?veto锛宎fter_compaction 搴旇娴嬪凡鎵ц鍘嬬缉椤?[22m[39m
01:59:40 [[32minfo[39m]  Agent initialized: gamemaster - GameMaster
01:59:40 [[32minfo[39m] [AGENT-START] Agent gamemaster starting {"agent":"gamemaster","toolsConfigured":1,"maxIterations":4,"isSubAgent":false}

[90mstdout[2m | src/game-systems/inventory/__tests__/inventory-duplicate-prevention.test.ts[22m[39m
01:59:40 [[32minfo[39m]  Discovered 187 help files {"dir":"C:\\Users\\super\\Documents\\trae_projects\\AGG-main\\packages\\backend\\config\\agent-help"}

[90mstdout[2m | src/services/__tests__/ws-e2e-flow.test.ts[22m[39m
Migration 001_init.ts completed successfully
Running migration: 002_add_equipped_index.ts

[90mstdout[2m | src/services/__tests__/ws-e2e-flow.test.ts[22m[39m
Migration 002_add_equipped_index.ts completed successfully
Running migration: 003_fix_information_boundaries_timestamps.ts

[90mstdout[2m | src/services/__tests__/ws-e2e-flow.test.ts[22m[39m
Migration 003_fix_information_boundaries_timestamps.ts completed successfully
Running migration: 004_drop_information_boundaries.ts
004_drop_information_boundaries: information_boundaries table not found, skipping migration
004_drop_information_boundaries: cleared custom_data.knowledge from 0 NPCs
Migration 004_drop_information_boundaries.ts completed successfully
Running migration: 005_drop_npc_relations.ts

[90mstdout[2m | src/services/__tests__/ws-e2e-flow.test.ts[22m[39m
005_drop_npc_relations: dropped npc_relations table
Migration 005_drop_npc_relations.ts completed successfully
Running migration: 006_awareness_relationship_events_states.ts

[90mstdout[2m | src/services/__tests__/ws-e2e-flow.test.ts[22m[39m
006: created entity_awareness_events table
006: created entity_awareness_states table
006: created entity_relationship_events table
006: created entity_relationship_states table
Migration 006_awareness_relationship_events_states.ts completed successfully
Running migration: 007_add_combat_mode.ts

[90mstdout[2m | src/services/__tests__/ws-e2e-flow.test.ts[22m[39m
007: added combat_states.mode column
Migration 007_add_combat_mode.ts completed successfully
Running migration: 008_add_saves_active_challenge_mode.ts

 [33m鉂?[39m src/agents/__tests__/react-agent-hook-runtime.test.ts [2m ([22m[2m17 tests[22m [2m|[22m [31m2 failed[39m[2m)[22m[33m 1790[2mms[22m[39m
[31m   [33m鉂?[31m src/agents/__tests__/react-agent-hook-runtime.test.ts[2m > [22mAgentRuntime hook runtime[2m > [22mbefore_prompt_build 鍜?before_tool_expose patch 搴斿奖鍝?PromptContext 涓?ReAct context[39m
[31m     鈫?Cannot read properties of undefined (reading 'drainPendingEvents')[39m
[31m   [33m鉂?[31m src/agents/__tests__/react-agent-hook-runtime.test.ts[2m > [22mAgentRuntime hook runtime[2m > [22mafter_agent_fail 搴旇繑鍥?recovery plan 骞堕┍鍔ㄧǔ瀹氭ā鍨嬮噸璇?[39m
[31m     鈫?Cannot read properties of undefined (reading 'drainPendingEvents')[39m
[90mstdout[2m | src/agents/__tests__/react-agent-hook-runtime.test.ts[22m[39m
鉁?Database connection closed

[90mstdout[2m | src/agents/__tests__/story-kernel-contract.test.ts[22m[39m
008: added saves.active_challenge_mode column
Migration 008_add_saves_active_challenge_mode.ts completed successfully
All migrations completed
鉁?Migrations completed
All seeds completed
鉁?Seeds completed
01:59:39 [[32minfo[39m]  Starting YAML-driven Agent system initialization
01:59:39 [[32minfo[39m]  Seeding ModelConfigService from environment
01:59:39 [[32minfo[39m]  No DEEPSEEK_API_KEY env var found, skipping env seed
01:59:39 [[32minfo[39m]  Seeded provider from convict config {"providerType":"openai","providerId":"2fa3e64c-cfd9-47c9-aa29-b37071c04e17","model":"openrouter/free"}
01:59:39 [[32minfo[39m]  Creating LLMService with ModelConfigService
01:59:39 [[32minfo[39m]  Creating ContextService and DecisionLogService instances
01:59:39 [[32minfo[39m]  Initializing YAML-driven Agent profiles...
01:59:39 [[32minfo[39m]  Loading config from directory: C:\Users\super\Documents\trae_projects\AGG-main\packages\backend\config
01:59:40 [[32minfo[39m]  Loaded agent profile: fantasy_rpg
01:59:40 [[32minfo[39m]  Loaded agent profile: minimal_test
01:59:40 [[32minfo[39m]  Loaded 0 non-builtin profiles from database (0 builtin skipped, using YAML)
01:59:40 [[32minfo[39m]  Config loaded successfully: 2 profiles
01:59:40 [[32minfo[39m]  YAML config loaded successfully
01:59:40 [[32minfo[39m]  Context rules loaded {"agentCount":10}
01:59:40 [[32minfo[39m]  Default manifests loaded {"agentTypeCount":6,"manifestCount":8}
01:59:40 [[32minfo[39m]  Context rules file watcher started {"path":"C:\\Users\\super\\Documents\\trae_projects\\AGG-main\\packages\\backend\\config\\agent-context-rules.yaml"}
01:59:40 [[32minfo[39m]  Loaded 10 agent capabilities from YAML profiles
01:59:40 [[32minfo[39m]  ToolRegistry initialized
01:59:40 [[32minfo[39m]  Registering ServiceTools to ToolRegistry
01:59:40 [[32minfo[39m]  Tool registered: game_time_service - GameTime Service (v1.0.0)
01:59:40 [[32minfo[39m]  Tool registered: numerical_service - Numerical Service (v1.0.0)
01:59:40 [[32minfo[39m]  Tool registered: character_service - Character Service (v1.0.0)
01:59:40 [[32minfo[39m]  Tool registered: inventory_service - Inventory Service (v1.0.0)
01:59:40 [[32minfo[39m]  Tool registered: skill_service - Skill Service (v1.1.0)
01:59:40 [[32minfo[39m]  Tool registered: map_service - Map Service (v2.0.0)
01:59:40 [[32minfo[39m]  Tool registered: npc_service - NPC Service (v1.0.0)
01:59:40 [[32minfo[39m]  Tool registered: dialogue_service - Dialogue Service (v1.0.0)
01:59:40 [[32minfo[39m]  Tool registered: quest_service - Quest Service (v1.0.0)
01:59:40 [[32minfo[39m]  Tool registered: challenge_service - Challenge Service (v1.0.0)
01:59:40 [[32minfo[39m]  Tool registered: event_service - Event Service (v1.0.0)
01:59:40 [[32minfo[39m]  Tool registered: story_service - Story Service (v1.0.0)
01:59:40 [[32minfo[39m]  Tool registered: game_init_service - Game Init Service (v2.0.0)
01:59:40 [[32minfo[39m]  Tool registered: batch_query_service - Batch Query Service (v1.0.0)
01:59:40 [[32minfo[39m]  Tool registered: entity_graph_service - Entity Graph Service (v1.0.0)
01:59:40 [[32minfo[39m]  Tool registered: template_pool_service - Template Pool Service (v1.0.0)
01:59:40 [[32minfo[39m]  Tool registered: dynamic_ui - Dynamic UI Service (v1.0.0)
01:59:40 [[32minfo[39m]  Tool registered: generate_options - Generate Options Service (v2.0.0)
01:59:40 [[32minfo[39m]  Tool registered: coordinator_service - Coordinator Service (v1.0.0)
01:59:40 [[32minfo[39m]  Tool registered: rule_service - Rule Service (v1.0.0)
01:59:40 [[32minfo[39m]  Tool registered: skill_loader - Skill Loader (v1.0.0)
01:59:40 [[32minfo[39m]  Tool registered: help_service - Help Service (v1.0.0)
01:59:40 [[32minfo[39m]  Tool registered: memory_service - Memory Service (v1.0.0)
01:59:40 [[32minfo[39m]  Registered 23 ServiceTools to ToolRegistry
01:59:40 [[32minfo[39m]  Tool reference validation passed

[90mstdout[2m | src/game-systems/inventory/__tests__/inventory-doc-compliance-extended.test.ts[22m[39m
008: added saves.active_challenge_mode column
Migration 008_add_saves_active_challenge_mode.ts completed successfully
All migrations completed
鉁?Migrations completed
All seeds completed
鉁?Seeds completed
01:59:39 [[32minfo[39m]  Starting YAML-driven Agent system initialization
01:59:39 [[32minfo[39m]  Seeding ModelConfigService from environment
01:59:39 [[32minfo[39m]  No DEEPSEEK_API_KEY env var found, skipping env seed
01:59:39 [[32minfo[39m]  Seeded provider from convict config {"providerType":"openai","providerId":"279185b5-e553-4610-a369-d6299d4d14c9","model":"openrouter/free"}
01:59:39 [[32minfo[39m]  Creating LLMService with ModelConfigService
01:59:39 [[32minfo[39m]  Creating ContextService and DecisionLogService instances
01:59:39 [[32minfo[39m]  Initializing YAML-driven Agent profiles...
01:59:39 [[32minfo[39m]  Loading config from directory: C:\Users\super\Documents\trae_projects\AGG-main\packages\backend\config
01:59:40 [[32minfo[39m]  Loaded agent profile: fantasy_rpg
01:59:40 [[32minfo[39m]  Loaded agent profile: minimal_test
01:59:40 [[32minfo[39m]  Loaded 0 non-builtin profiles from database (0 builtin skipped, using YAML)
01:59:40 [[32minfo[39m]  Config loaded successfully: 2 profiles
01:59:40 [[32minfo[39m]  YAML config loaded successfully
01:59:40 [[32minfo[39m]  Context rules loaded {"agentCount":10}
01:59:40 [[32minfo[39m]  Default manifests loaded {"agentTypeCount":6,"manifestCount":8}
01:59:40 [[32minfo[39m]  Context rules file watcher started {"path":"C:\\Users\\super\\Documents\\trae_projects\\AGG-main\\packages\\backend\\config\\agent-context-rules.yaml"}
01:59:40 [[32minfo[39m]  Loaded 10 agent capabilities from YAML profiles
01:59:40 [[32minfo[39m]  ToolRegistry initialized
01:59:40 [[32minfo[39m]  Registering ServiceTools to ToolRegistry
01:59:40 [[32minfo[39m]  Tool registered: game_time_service - GameTime Service (v1.0.0)
01:59:40 [[32minfo[39m]  Tool registered: numerical_service - Numerical Service (v1.0.0)
01:59:40 [[32minfo[39m]  Tool registered: character_service - Character Service (v1.0.0)
01:59:40 [[32minfo[39m]  Tool registered: inventory_service - Inventory Service (v1.0.0)
01:59:40 [[32minfo[39m]  Tool registered: skill_service - Skill Service (v1.1.0)
01:59:40 [[32minfo[39m]  Tool registered: map_service - Map Service (v2.0.0)
01:59:40 [[32minfo[39m]  Tool registered: npc_service - NPC Service (v1.0.0)
01:59:40 [[32minfo[39m]  Tool registered: dialogue_service - Dialogue Service (v1.0.0)
01:59:40 [[32minfo[39m]  Tool registered: quest_service - Quest Service (v1.0.0)
01:59:40 [[32minfo[39m]  Tool registered: challenge_service - Challenge Service (v1.0.0)
01:59:40 [[32minfo[39m]  Tool registered: event_service - Event Service (v1.0.0)
01:59:40 [[32minfo[39m]  Tool registered: story_service - Story Service (v1.0.0)
01:59:40 [[32minfo[39m]  Tool registered: game_init_service - Game Init Service (v2.0.0)
01:59:40 [[32minfo[39m]  Tool registered: batch_query_service - Batch Query Service (v1.0.0)
01:59:40 [[32minfo[39m]  Tool registered: entity_graph_service - Entity Graph Service (v1.0.0)
01:59:40 [[32minfo[39m]  Tool registered: template_pool_service - Template Pool Service (v1.0.0)
01:59:40 [[32minfo[39m]  Tool registered: dynamic_ui - Dynamic UI Service (v1.0.0)
01:59:40 [[32minfo[39m]  Tool registered: generate_options - Generate Options Service (v2.0.0)
01:59:40 [[32minfo[39m]  Tool registered: coordinator_service - Coordinator Service (v1.0.0)
01:59:40 [[32minfo[39m]  Tool registered: rule_service - Rule Service (v1.0.0)
01:59:40 [[32minfo[39m]  Tool registered: skill_loader - Skill Loader (v1.0.0)
01:59:40 [[32minfo[39m]  Tool registered: help_service - Help Service (v1.0.0)
01:59:40 [[32minfo[39m]  Tool registered: memory_service - Memory Service (v1.0.0)
01:59:40 [[32minfo[39m]  Registered 23 ServiceTools to ToolRegistry
01:59:40 [[32minfo[39m]  Tool reference validation passed

[90mstdout[2m | src/agents/prompt/layers/__tests__/entity-graph-layer.test.ts[22m[39m
006: created entity_awareness_events table
006: created entity_awareness_states table
006: created entity_relationship_events table
006: created entity_relationship_states table
Migration 006_awareness_relationship_events_states.ts completed successfully
Running migration: 007_add_combat_mode.ts
007: added combat_states.mode column
Migration 007_add_combat_mode.ts completed successfully
Running migration: 008_add_saves_active_challenge_mode.ts
008: added saves.active_challenge_mode column
Migration 008_add_saves_active_challenge_mode.ts completed successfully
All migrations completed
鉁?Migrations completed
All seeds completed
鉁?Seeds completed
01:59:39 [[32minfo[39m]  Starting YAML-driven Agent system initialization
01:59:39 [[32minfo[39m]  Seeding ModelConfigService from environment
01:59:39 [[32minfo[39m]  No DEEPSEEK_API_KEY env var found, skipping env seed
01:59:39 [[32minfo[39m]  Seeded provider from convict config {"providerType":"openai","providerId":"a8b4ed3c-2f2f-4614-984f-3a400fe0bae8","model":"openrouter/free"}
01:59:39 [[32minfo[39m]  Creating LLMService with ModelConfigService
01:59:39 [[32minfo[39m]  Creating ContextService and DecisionLogService instances
01:59:39 [[32minfo[39m]  Initializing YAML-driven Agent profiles...
01:59:39 [[32minfo[39m]  Loading config from directory: C:\Users\super\Documents\trae_projects\AGG-main\packages\backend\config
01:59:39 [[32minfo[39m]  Loaded agent profile: fantasy_rpg
01:59:40 [[32minfo[39m]  Loaded agent profile: minimal_test
01:59:40 [[32minfo[39m]  Loaded 0 non-builtin profiles from database (0 builtin skipped, using YAML)
01:59:40 [[32minfo[39m]  Config loaded successfully: 2 profiles
01:59:40 [[32minfo[39m]  YAML config loaded successfully
01:59:40 [[32minfo[39m]  Context rules loaded {"agentCount":10}
01:59:40 [[32minfo[39m]  Default manifests loaded {"agentTypeCount":6,"manifestCount":8}
01:59:40 [[32minfo[39m]  Context rules file watcher started {"path":"C:\\Users\\super\\Documents\\trae_projects\\AGG-main\\packages\\backend\\config\\agent-context-rules.yaml"}
01:59:40 [[32minfo[39m]  Loaded 10 agent capabilities from YAML profiles
01:59:40 [[32minfo[39m]  ToolRegistry initialized
01:59:40 [[32minfo[39m]  Registering ServiceTools to ToolRegistry
01:59:40 [[32minfo[39m]  Tool registered: game_time_service - GameTime Service (v1.0.0)
01:59:40 [[32minfo[39m]  Tool registered: numerical_service - Numerical Service (v1.0.0)
01:59:40 [[32minfo[39m]  Tool registered: character_service - Character Service (v1.0.0)
01:59:40 [[32minfo[39m]  Tool registered: inventory_service - Inventory Service (v1.0.0)
01:59:40 [[32minfo[39m]  Tool registered: skill_service - Skill Service (v1.1.0)
01:59:40 [[32minfo[39m]  Tool registered: map_service - Map Service (v2.0.0)
01:59:40 [[32minfo[39m]  Tool registered: npc_service - NPC Service (v1.0.0)
01:59:40 [[32minfo[39m]  Tool registered: dialogue_service - Dialogue Service (v1.0.0)
01:59:40 [[32minfo[39m]  Tool registered: quest_service - Quest Service (v1.0.0)
01:59:40 [[32minfo[39m]  Tool registered: challenge_service - Challenge Service (v1.0.0)
01:59:40 [[32minfo[39m]  Tool registered: event_service - Event Service (v1.0.0)
01:59:40 [[32minfo[39m]  Tool registered: story_service - Story Service (v1.0.0)
01:59:40 [[32minfo[39m]  Tool registered: game_init_service - Game Init Service (v2.0.0)
01:59:40 [[32minfo[39m]  Tool registered: batch_query_service - Batch Query Service (v1.0.0)
01:59:40 [[32minfo[39m]  Tool registered: entity_graph_service - Entity Graph Service (v1.0.0)
01:59:40 [[32minfo[39m]  Tool registered: template_pool_service - Template Pool Service (v1.0.0)
01:59:40 [[32minfo[39m]  Tool registered: dynamic_ui - Dynamic UI Service (v1.0.0)
01:59:40 [[32minfo[39m]  Tool registered: generate_options - Generate Options Service (v2.0.0)
01:59:40 [[32minfo[39m]  Tool registered: coordinator_service - Coordinator Service (v1.0.0)
01:59:40 [[32minfo[39m]  Tool registered: rule_service - Rule Service (v1.0.0)
01:59:40 [[32minfo[39m]  Tool registered: skill_loader - Skill Loader (v1.0.0)
01:59:40 [[32minfo[39m]  Tool registered: help_service - Help Service (v1.0.0)
01:59:40 [[32minfo[39m]  Tool registered: memory_service - Memory Service (v1.0.0)
01:59:40 [[32minfo[39m]  Registered 23 ServiceTools to ToolRegistry
01:59:40 [[32minfo[39m]  Tool reference validation passed

[90mstdout[2m | src/services/__tests__/ws-request-handler.test.ts[22m[39m
01:59:39 [[32minfo[39m]  Help registry loaded: 22 tools {"tools":["batch_query_service","challenge_service","... (22 items)"]}
01:59:39 [[32minfo[39m]  Creating GameMasterAgent (as AgentRuntime with isSubAgent=false)
01:59:39 [[32minfo[39m]  Handler subscribed {"eventType":"dialogue"}
01:59:39 [[32minfo[39m]  Handler subscribed {"eventType":"combat_end"}
01:59:39 [[32minfo[39m]  AwarenessAutoSubscriber subscribed to dialogue + combat_end events
01:59:39 [[32minfo[39m]  Agent initialized: gamemaster - GameMasterAgent
01:59:39 [[32minfo[39m] [AGENT-START] Agent gamemaster starting {"agent":"gamemaster","provider":null,"toolsConfigured":1,"maxIterations":200,"isSubAgent":false}
01:59:39 [[32minfo[39m]  Handler subscribed {"eventType":"chapter_advanced"}
01:59:39 [[32minfo[39m]  Creating AgentRuntime instances from default profile: fantasy_rpg
01:59:39 [[32minfo[39m]  Creating agents from profile: fantasy_rpg {"agentCount":10}
01:59:39 [[32minfo[39m]  Agent initialized: gamemaster - GameMasterAgent
01:59:39 [[32minfo[39m] [AGENT-START] Agent gamemaster starting {"agent":"gamemaster","provider":null,"toolsConfigured":1,"maxIterations":200,"isSubAgent":false}
01:59:39 [[32minfo[39m]  Created AgentRuntime: gamemaster {"profile":"fantasy_rpg","tools":["all"]}
01:59:39 [[32minfo[39m]  Agent initialized: map - MapAgent
01:59:39 [[32minfo[39m] [AGENT-START] Agent map starting {"agent":"map","provider":null,"toolsConfigured":7,"maxIterations":200,"isSubAgent":true}
01:59:39 [[32minfo[39m]  Created AgentRuntime: map {"profile":"fantasy_rpg","tools":["map_service","npc_service","... (7 items)"]}
01:59:39 [[32minfo[39m]  Agent initialized: challenge - ChallengeAgent
01:59:39 [[32minfo[39m] [AGENT-START] Agent challenge starting {"agent":"challenge","provider":null,"toolsConfigured":9,"maxIterations":200,"isSubAgent":true}
01:59:39 [[32minfo[39m]  Created AgentRuntime: challenge {"profile":"fantasy_rpg","tools":["challenge_service","numerical_service","... (9 items)"]}
01:59:39 [[32minfo[39m]  Agent initialized: output - OutputAgent
01:59:39 [[32minfo[39m] [AGENT-START] Agent output starting {"agent":"output","provider":null,"toolsConfigured":5,"maxIterations":200,"isSubAgent":true}
01:59:39 [[32minfo[39m]  Created AgentRuntime: output {"profile":"fantasy_rpg","tools":["dialogue_service","dynamic_ui","... (5 items)"]}
01:59:39 [[32minfo[39m]  Agent initialized: quest - QuestAgent
01:59:39 [[32minfo[39m] [AGENT-START] Agent quest starting {"agent":"quest","provider":null,"toolsConfigured":11,"maxIterations":200,"isSubAgent":true}
01:59:39 [[32minfo[39m]  Created AgentRuntime: quest {"profile":"fantasy_rpg","tools":["quest_service","numerical_service","... (11 items)"]}
01:59:39 [[32minfo[39m]  Agent initialized: npc_party - NPCPartyAgent
01:59:39 [[32minfo[39m] [AGENT-START] Agent npc_party starting {"agent":"npc_party","provider":null,"toolsConfigured":9,"maxIterations":200,"isSubAgent":true}
01:59:39 [[32minfo[39m]  Created AgentRuntime: npc_party {"profile":"fantasy_rpg","tools":["npc_service","entity_graph_service","... (9 items)"]}
01:59:39 [[32minfo[39m]  Agent initialized: inventory - InventoryAgent
01:59:39 [[32minfo[39m] [AGENT-START] Agent inventory starting {"agent":"inventory","provider":null,"toolsConfigured":8,"maxIterations":200,"isSubAgent":true}
01:59:39 [[32minfo[39m]  Created AgentRuntime: inventory {"profile":"fantasy_rpg","tools":["inventory_service","template_pool_service","... (8 items)"]}
01:59:39 [[32minfo[39m]  Agent initialized: skill - SkillAgent
01:59:39 [[32minfo[39m] [AGENT-START] Agent skill starting {"agent":"skill","provider":null,"toolsConfigured":7,"maxIterations":200,"isSubAgent":true}
01:59:39 [[32minfo[39m]  Created AgentRuntime: skill {"profile":"fantasy_rpg","tools":["skill_service","template_pool_service","... (7 items)"]}
01:59:39 [[32minfo[39m]  Agent initialized: event - EventAgent
01:59:39 [[32minfo[39m] [AGENT-START] Agent event starting {"agent":"event","provider":null,"toolsConfigured":5,"maxIterations":200,"isSubAgent":true}
01:59:39 [[32minfo[39m]  Created AgentRuntime: event {"profile":"fantasy_rpg","tools":["event_service","game_time_service","... (5 items)"]}
01:59:39 [[32minfo[39m]  Agent initialized: time - TimeAgent
01:59:39 [[32minfo[39m] [AGENT-START] Agent time starting {"agent":"time","provider":null,"toolsConfigured":4,"maxIterations":200,"isSubAgent":true}
01:59:39 [[32minfo[39m]  Created AgentRuntime: time {"profile":"fantasy_rpg","tools":["game_time_service","rule_service","... (4 items)"]}
01:59:39 [[32minfo[39m]  Permissions configured from agent.tools for profile: fantasy_rpg
01:59:39 [[32minfo[39m]  YAML permissions configured
01:59:39 [[32minfo[39m]  Registering AgentRuntime instances to GameMasterAgent...
01:59:39 [[32minfo[39m]  Registered AgentRuntime to Coordinator: gamemaster
01:59:39 [[32minfo[39m]  Registered AgentRuntime to Coordinator: map
01:59:39 [[32minfo[39m]  Registered AgentRuntime to Coordinator: challenge
01:59:39 [[32minfo[39m]  Registered AgentRuntime to Coordinator: output
01:59:39 [[32minfo[39m]  Registered AgentRuntime to Coordinator: quest
01:59:39 [[32minfo[39m]  Registered AgentRuntime to Coordinator: npc_party
01:59:39 [[32minfo[39m]  Registered AgentRuntime to Coordinator: inventory
01:59:39 [[32minfo[39m]  Registered AgentRuntime to Coordinator: skill
01:59:39 [[32minfo[39m]  Registered AgentRuntime to Coordinator: event
01:59:39 [[32minfo[39m]  Registered AgentRuntime to Coordinator: time
01:59:39 [[32minfo[39m]  GameDataExpander configured (manifest path enabled)
01:59:39 [[32minfo[39m]  DedupService configured (dispatch log persistence enabled)
01:59:39 [[32minfo[39m]  Agent system initialized: 10 AgentRuntime instances created
鉁?Agent system initialized with 10 agents
鈿狅笍 YAML Agent system skipped: __vi_import_5__.initializeYamlAgentSystem is not a function
01:59:39 [[32minfo[39m]  Agent routes initialized
01:59:39 [[32minfo[39m]  Save routes initialized
01:59:39 [[32minfo[39m]  Synced template from YAML to DB: cthulhu-investigation
01:59:39 [[32minfo[39m]  Synced template from YAML to DB: cyberpunk-mercenary
01:59:39 [[32minfo[39m]  Synced template from YAML to DB: medieval-fantasy
01:59:39 [[32minfo[39m]  Synced template from YAML to DB: modern-romance
01:59:39 [[32minfo[39m]  Synced template from YAML to DB: xianxia
01:59:39 [[32minfo[39m]  Synced 5 templates from YAML to database
01:59:40 [[32minfo[39m]  Cache refreshed with 5 templates
01:59:40 [[32minfo[39m]  TemplateService loaded {"cachedTemplates":5}
鉁?Template YAML loaded and synced to DB
01:59:40 [[32minfo[39m]  Template routes initialized
鉁?Test environment setup complete

[90mstdout[2m | src/agents/__tests__/story-kernel-contract.test.ts[22m[39m
01:59:40 [[32minfo[39m]  Discovered 187 help files {"dir":"C:\\Users\\super\\Documents\\trae_projects\\AGG-main\\packages\\backend\\config\\agent-help"}

[90mstdout[2m | src/game-systems/skill/__tests__/skill-doc-compliance-extended.test.ts[22m[39m
008: added saves.active_challenge_mode column
Migration 008_add_saves_active_challenge_mode.ts completed successfully
All migrations completed
鉁?Migrations completed
All seeds completed
鉁?Seeds completed
01:59:39 [[32minfo[39m]  Starting YAML-driven Agent system initialization
01:59:39 [[32minfo[39m]  Seeding ModelConfigService from environment
01:59:39 [[32minfo[39m]  No DEEPSEEK_API_KEY env var found, skipping env seed
01:59:39 [[32minfo[39m]  Seeded provider from convict config {"providerType":"openai","providerId":"746edcd4-b498-4eaf-9873-dbb09107ee91","model":"openrouter/free"}
01:59:39 [[32minfo[39m]  Creating LLMService with ModelConfigService
01:59:39 [[32minfo[39m]  Creating ContextService and DecisionLogService instances
01:59:39 [[32minfo[39m]  Initializing YAML-driven Agent profiles...
01:59:39 [[32minfo[39m]  Loading config from directory: C:\Users\super\Documents\trae_projects\AGG-main\packages\backend\config
01:59:40 [[32minfo[39m]  Loaded agent profile: fantasy_rpg
01:59:40 [[32minfo[39m]  Loaded agent profile: minimal_test
01:59:40 [[32minfo[39m]  Loaded 0 non-builtin profiles from database (0 builtin skipped, using YAML)
01:59:40 [[32minfo[39m]  Config loaded successfully: 2 profiles
01:59:40 [[32minfo[39m]  YAML config loaded successfully
01:59:40 [[32minfo[39m]  Context rules loaded {"agentCount":10}
01:59:40 [[32minfo[39m]  Default manifests loaded {"agentTypeCount":6,"manifestCount":8}
01:59:40 [[32minfo[39m]  Context rules file watcher started {"path":"C:\\Users\\super\\Documents\\trae_projects\\AGG-main\\packages\\backend\\config\\agent-context-rules.yaml"}
01:59:40 [[32minfo[39m]  Loaded 10 agent capabilities from YAML profiles
01:59:40 [[32minfo[39m]  ToolRegistry initialized
01:59:40 [[32minfo[39m]  Registering ServiceTools to ToolRegistry
01:59:40 [[32minfo[39m]  Tool registered: game_time_service - GameTime Service (v1.0.0)
01:59:40 [[32minfo[39m]  Tool registered: numerical_service - Numerical Service (v1.0.0)
01:59:40 [[32minfo[39m]  Tool registered: character_service - Character Service (v1.0.0)
01:59:40 [[32minfo[39m]  Tool registered: inventory_service - Inventory Service (v1.0.0)
01:59:40 [[32minfo[39m]  Tool registered: skill_service - Skill Service (v1.1.0)
01:59:40 [[32minfo[39m]  Tool registered: map_service - Map Service (v2.0.0)
01:59:40 [[32minfo[39m]  Tool registered: npc_service - NPC Service (v1.0.0)
01:59:40 [[32minfo[39m]  Tool registered: dialogue_service - Dialogue Service (v1.0.0)
01:59:40 [[32minfo[39m]  Tool registered: quest_service - Quest Service (v1.0.0)
01:59:40 [[32minfo[39m]  Tool registered: challenge_service - Challenge Service (v1.0.0)
01:59:40 [[32minfo[39m]  Tool registered: event_service - Event Service (v1.0.0)
01:59:40 [[32minfo[39m]  Tool registered: story_service - Story Service (v1.0.0)
01:59:40 [[32minfo[39m]  Tool registered: game_init_service - Game Init Service (v2.0.0)
01:59:40 [[32minfo[39m]  Tool registered: batch_query_service - Batch Query Service (v1.0.0)
01:59:40 [[32minfo[39m]  Tool registered: entity_graph_service - Entity Graph Service (v1.0.0)
01:59:40 [[32minfo[39m]  Tool registered: template_pool_service - Template Pool Service (v1.0.0)
01:59:40 [[32minfo[39m]  Tool registered: dynamic_ui - Dynamic UI Service (v1.0.0)
01:59:40 [[32minfo[39m]  Tool registered: generate_options - Generate Options Service (v2.0.0)
01:59:40 [[32minfo[39m]  Tool registered: coordinator_service - Coordinator Service (v1.0.0)
01:59:40 [[32minfo[39m]  Tool registered: rule_service - Rule Service (v1.0.0)
01:59:40 [[32minfo[39m]  Tool registered: skill_loader - Skill Loader (v1.0.0)
01:59:40 [[32minfo[39m]  Tool registered: help_service - Help Service (v1.0.0)
01:59:40 [[32minfo[39m]  Tool registered: memory_service - Memory Service (v1.0.0)
01:59:40 [[32minfo[39m]  Registered 23 ServiceTools to ToolRegistry
01:59:40 [[32minfo[39m]  Tool reference validation passed

[90mstdout[2m | src/agents/story/__tests__/pacing-engine.test.ts[22m[39m
008: added saves.active_challenge_mode column
Migration 008_add_saves_active_challenge_mode.ts completed successfully
All migrations completed
鉁?Migrations completed
All seeds completed
鉁?Seeds completed
01:59:39 [[32minfo[39m]  Starting YAML-driven Agent system initialization
01:59:39 [[32minfo[39m]  Seeding ModelConfigService from environment
01:59:39 [[32minfo[39m]  No DEEPSEEK_API_KEY env var found, skipping env seed
01:59:39 [[32minfo[39m]  Seeded provider from convict config {"providerType":"openai","providerId":"6518d44f-8ff2-4e19-a3c5-41fce80a7e9b","model":"openrouter/free"}
01:59:39 [[32minfo[39m]  Creating LLMService with ModelConfigService
01:59:39 [[32minfo[39m]  Creating ContextService and DecisionLogService instances
01:59:39 [[32minfo[39m]  Initializing YAML-driven Agent profiles...
01:59:39 [[32minfo[39m]  Loading config from directory: C:\Users\super\Documents\trae_projects\AGG-main\packages\backend\config
01:59:40 [[32minfo[39m]  Loaded agent profile: fantasy_rpg
01:59:40 [[32minfo[39m]  Loaded agent profile: minimal_test
01:59:40 [[32minfo[39m]  Loaded 0 non-builtin profiles from database (0 builtin skipped, using YAML)
01:59:40 [[32minfo[39m]  Config loaded successfully: 2 profiles
01:59:40 [[32minfo[39m]  YAML config loaded successfully
01:59:40 [[32minfo[39m]  Context rules loaded {"agentCount":10}
01:59:40 [[32minfo[39m]  Default manifests loaded {"agentTypeCount":6,"manifestCount":8}
01:59:40 [[32minfo[39m]  Context rules file watcher started {"path":"C:\\Users\\super\\Documents\\trae_projects\\AGG-main\\packages\\backend\\config\\agent-context-rules.yaml"}
01:59:40 [[32minfo[39m]  Loaded 10 agent capabilities from YAML profiles
01:59:40 [[32minfo[39m]  ToolRegistry initialized
01:59:40 [[32minfo[39m]  Registering ServiceTools to ToolRegistry
01:59:40 [[32minfo[39m]  Tool registered: game_time_service - GameTime Service (v1.0.0)
01:59:40 [[32minfo[39m]  Tool registered: numerical_service - Numerical Service (v1.0.0)
01:59:40 [[32minfo[39m]  Tool registered: character_service - Character Service (v1.0.0)
01:59:40 [[32minfo[39m]  Tool registered: inventory_service - Inventory Service (v1.0.0)
01:59:40 [[32minfo[39m]  Tool registered: skill_service - Skill Service (v1.1.0)
01:59:40 [[32minfo[39m]  Tool registered: map_service - Map Service (v2.0.0)
01:59:40 [[32minfo[39m]  Tool registered: npc_service - NPC Service (v1.0.0)
01:59:40 [[32minfo[39m]  Tool registered: dialogue_service - Dialogue Service (v1.0.0)
01:59:40 [[32minfo[39m]  Tool registered: quest_service - Quest Service (v1.0.0)
01:59:40 [[32minfo[39m]  Tool registered: challenge_service - Challenge Service (v1.0.0)
01:59:40 [[32minfo[39m]  Tool registered: event_service - Event Service (v1.0.0)
01:59:40 [[32minfo[39m]  Tool registered: story_service - Story Service (v1.0.0)
01:59:40 [[32minfo[39m]  Tool registered: game_init_service - Game Init Service (v2.0.0)
01:59:40 [[32minfo[39m]  Tool registered: batch_query_service - Batch Query Service (v1.0.0)
01:59:40 [[32minfo[39m]  Tool registered: entity_graph_service - Entity Graph Service (v1.0.0)
01:59:40 [[32minfo[39m]  Tool registered: template_pool_service - Template Pool Service (v1.0.0)
01:59:40 [[32minfo[39m]  Tool registered: dynamic_ui - Dynamic UI Service (v1.0.0)
01:59:40 [[32minfo[39m]  Tool registered: generate_options - Generate Options Service (v2.0.0)
01:59:40 [[32minfo[39m]  Tool registered: coordinator_service - Coordinator Service (v1.0.0)
01:59:40 [[32minfo[39m]  Tool registered: rule_service - Rule Service (v1.0.0)
01:59:40 [[32minfo[39m]  Tool registered: skill_loader - Skill Loader (v1.0.0)
01:59:40 [[32minfo[39m]  Tool registered: help_service - Help Service (v1.0.0)
01:59:40 [[32minfo[39m]  Tool registered: memory_service - Memory Service (v1.0.0)
01:59:40 [[32minfo[39m]  Registered 23 ServiceTools to ToolRegistry
01:59:40 [[32minfo[39m]  Tool reference validation passed

[90mstdout[2m | src/agents/prompt/layers/__tests__/entity-graph-layer.test.ts[22m[39m
01:59:40 [[32minfo[39m]  Discovered 187 help files {"dir":"C:\\Users\\super\\Documents\\trae_projects\\AGG-main\\packages\\backend\\config\\agent-help"}

[90mstdout[2m | src/services/__tests__/rules-engine.test.ts[22m[39m
01:59:39 [[32minfo[39m]  Help registry loaded: 22 tools {"tools":["batch_query_service","challenge_service","... (22 items)"]}
01:59:39 [[32minfo[39m]  Creating GameMasterAgent (as AgentRuntime with isSubAgent=false)
01:59:39 [[32minfo[39m]  Handler subscribed {"eventType":"dialogue"}
01:59:39 [[32minfo[39m]  Handler subscribed {"eventType":"combat_end"}
01:59:39 [[32minfo[39m]  AwarenessAutoSubscriber subscribed to dialogue + combat_end events
01:59:39 [[32minfo[39m]  Agent initialized: gamemaster - GameMasterAgent
01:59:39 [[32minfo[39m] [AGENT-START] Agent gamemaster starting {"agent":"gamemaster","provider":null,"toolsConfigured":1,"maxIterations":200,"isSubAgent":false}
01:59:39 [[32minfo[39m]  Handler subscribed {"eventType":"chapter_advanced"}
01:59:39 [[32minfo[39m]  Creating AgentRuntime instances from default profile: fantasy_rpg
01:59:39 [[32minfo[39m]  Creating agents from profile: fantasy_rpg {"agentCount":10}
01:59:39 [[32minfo[39m]  Agent initialized: gamemaster - GameMasterAgent
01:59:39 [[32minfo[39m] [AGENT-START] Agent gamemaster starting {"agent":"gamemaster","provider":null,"toolsConfigured":1,"maxIterations":200,"isSubAgent":false}
01:59:39 [[32minfo[39m]  Created AgentRuntime: gamemaster {"profile":"fantasy_rpg","tools":["all"]}
01:59:39 [[32minfo[39m]  Agent initialized: map - MapAgent
01:59:39 [[32minfo[39m] [AGENT-START] Agent map starting {"agent":"map","provider":null,"toolsConfigured":7,"maxIterations":200,"isSubAgent":true}
01:59:39 [[32minfo[39m]  Created AgentRuntime: map {"profile":"fantasy_rpg","tools":["map_service","npc_service","... (7 items)"]}
01:59:39 [[32minfo[39m]  Agent initialized: challenge - ChallengeAgent
01:59:39 [[32minfo[39m] [AGENT-START] Agent challenge starting {"agent":"challenge","provider":null,"toolsConfigured":9,"maxIterations":200,"isSubAgent":true}
01:59:39 [[32minfo[39m]  Created AgentRuntime: challenge {"profile":"fantasy_rpg","tools":["challenge_service","numerical_service","... (9 items)"]}
01:59:39 [[32minfo[39m]  Agent initialized: output - OutputAgent
01:59:39 [[32minfo[39m] [AGENT-START] Agent output starting {"agent":"output","provider":null,"toolsConfigured":5,"maxIterations":200,"isSubAgent":true}
01:59:39 [[32minfo[39m]  Created AgentRuntime: output {"profile":"fantasy_rpg","tools":["dialogue_service","dynamic_ui","... (5 items)"]}
01:59:39 [[32minfo[39m]  Agent initialized: quest - QuestAgent
01:59:39 [[32minfo[39m] [AGENT-START] Agent quest starting {"agent":"quest","provider":null,"toolsConfigured":11,"maxIterations":200,"isSubAgent":true}
01:59:39 [[32minfo[39m]  Created AgentRuntime: quest {"profile":"fantasy_rpg","tools":["quest_service","numerical_service","... (11 items)"]}
01:59:39 [[32minfo[39m]  Agent initialized: npc_party - NPCPartyAgent
01:59:39 [[32minfo[39m] [AGENT-START] Agent npc_party starting {"agent":"npc_party","provider":null,"toolsConfigured":9,"maxIterations":200,"isSubAgent":true}
01:59:39 [[32minfo[39m]  Created AgentRuntime: npc_party {"profile":"fantasy_rpg","tools":["npc_service","entity_graph_service","... (9 items)"]}
01:59:39 [[32minfo[39m]  Agent initialized: inventory - InventoryAgent
01:59:39 [[32minfo[39m] [AGENT-START] Agent inventory starting {"agent":"inventory","provider":null,"toolsConfigured":8,"maxIterations":200,"isSubAgent":true}
01:59:39 [[32minfo[39m]  Created AgentRuntime: inventory {"profile":"fantasy_rpg","tools":["inventory_service","template_pool_service","... (8 items)"]}
01:59:39 [[32minfo[39m]  Agent initialized: skill - SkillAgent
01:59:39 [[32minfo[39m] [AGENT-START] Agent skill starting {"agent":"skill","provider":null,"toolsConfigured":7,"maxIterations":200,"isSubAgent":true}
01:59:39 [[32minfo[39m]  Created AgentRuntime: skill {"profile":"fantasy_rpg","tools":["skill_service","template_pool_service","... (7 items)"]}
01:59:39 [[32minfo[39m]  Agent initialized: event - EventAgent
01:59:39 [[32minfo[39m] [AGENT-START] Agent event starting {"agent":"event","provider":null,"toolsConfigured":5,"maxIterations":200,"isSubAgent":true}
01:59:39 [[32minfo[39m]  Created AgentRuntime: event {"profile":"fantasy_rpg","tools":["event_service","game_time_service","... (5 items)"]}
01:59:39 [[32minfo[39m]  Agent initialized: time - TimeAgent
01:59:39 [[32minfo[39m] [AGENT-START] Agent time starting {"agent":"time","provider":null,"toolsConfigured":4,"maxIterations":200,"isSubAgent":true}
01:59:39 [[32minfo[39m]  Created AgentRuntime: time {"profile":"fantasy_rpg","tools":["game_time_service","rule_service","... (4 items)"]}
01:59:39 [[32minfo[39m]  Permissions configured from agent.tools for profile: fantasy_rpg
01:59:39 [[32minfo[39m]  YAML permissions configured
01:59:39 [[32minfo[39m]  Registering AgentRuntime instances to GameMasterAgent...
01:59:39 [[32minfo[39m]  Registered AgentRuntime to Coordinator: gamemaster
01:59:39 [[32minfo[39m]  Registered AgentRuntime to Coordinator: map
01:59:39 [[32minfo[39m]  Registered AgentRuntime to Coordinator: challenge
01:59:39 [[32minfo[39m]  Registered AgentRuntime to Coordinator: output
01:59:39 [[32minfo[39m]  Registered AgentRuntime to Coordinator: quest
01:59:39 [[32minfo[39m]  Registered AgentRuntime to Coordinator: npc_party
01:59:39 [[32minfo[39m]  Registered AgentRuntime to Coordinator: inventory
01:59:39 [[32minfo[39m]  Registered AgentRuntime to Coordinator: skill
01:59:39 [[32minfo[39m]  Registered AgentRuntime to Coordinator: event
01:59:39 [[32minfo[39m]  Registered AgentRuntime to Coordinator: time
01:59:39 [[32minfo[39m]  GameDataExpander configured (manifest path enabled)
01:59:39 [[32minfo[39m]  DedupService configured (dispatch log persistence enabled)
01:59:39 [[32minfo[39m]  Agent system initialized: 10 AgentRuntime instances created
鉁?Agent system initialized with 10 agents
鈿狅笍 YAML Agent system skipped: __vi_import_5__.initializeYamlAgentSystem is not a function
01:59:39 [[32minfo[39m]  Agent routes initialized
01:59:39 [[32minfo[39m]  Save routes initialized
01:59:39 [[32minfo[39m]  Synced template from YAML to DB: cthulhu-investigation
01:59:39 [[32minfo[39m]  Synced template from YAML to DB: cyberpunk-mercenary
01:59:39 [[32minfo[39m]  Synced template from YAML to DB: medieval-fantasy
01:59:40 [[32minfo[39m]  Synced template from YAML to DB: modern-romance
01:59:40 [[32minfo[39m]  Synced template from YAML to DB: xianxia
01:59:40 [[32minfo[39m]  Synced 5 templates from YAML to database
01:59:40 [[32minfo[39m]  Cache refreshed with 5 templates
01:59:40 [[32minfo[39m]  TemplateService loaded {"cachedTemplates":5}
鉁?Template YAML loaded and synced to DB
01:59:40 [[32minfo[39m]  Template routes initialized
鉁?Test environment setup complete

[90mstdout[2m | src/game-systems/skill/__tests__/skill-doc-compliance-extended.test.ts[22m[39m
01:59:40 [[32minfo[39m]  Discovered 187 help files {"dir":"C:\\Users\\super\\Documents\\trae_projects\\AGG-main\\packages\\backend\\config\\agent-help"}

[90mstdout[2m | src/services/__tests__/rules-engine.test.ts[2m > [22m[2mRulesEngine[2m > [22m[2mfile discovery and loading[2m > [22m[2mdiscovers rule files in nested directories[22m[39m
01:59:40 [[32minfo[39m]  Discovered 2 rule files {"dir":"C:\\Users\\super\\AppData\\Local\\Temp\\rules-engine-test-SZnzjp"}

[90mstdout[2m | src/game-systems/inventory/__tests__/inventory-doc-compliance-extended.test.ts[22m[39m
01:59:40 [[32minfo[39m]  Discovered 187 help files {"dir":"C:\\Users\\super\\Documents\\trae_projects\\AGG-main\\packages\\backend\\config\\agent-help"}

[90mstdout[2m | src/routes/__tests__/e2e-game-core.test.ts[22m[39m
008: added saves.active_challenge_mode column
Migration 008_add_saves_active_challenge_mode.ts completed successfully
All migrations completed
鉁?Migrations completed
All seeds completed
鉁?Seeds completed
01:59:39 [[32minfo[39m]  Starting YAML-driven Agent system initialization
01:59:39 [[32minfo[39m]  Seeding ModelConfigService from environment
01:59:39 [[32minfo[39m]  No DEEPSEEK_API_KEY env var found, skipping env seed
01:59:39 [[32minfo[39m]  Seeded provider from convict config {"providerType":"openai","providerId":"93acd21a-a195-4073-9c4f-865089fa6881","model":"openrouter/free"}
01:59:39 [[32minfo[39m]  Creating LLMService with ModelConfigService
01:59:39 [[32minfo[39m]  Creating ContextService and DecisionLogService instances
01:59:39 [[32minfo[39m]  Initializing YAML-driven Agent profiles...
01:59:39 [[32minfo[39m]  Loading config from directory: C:\Users\super\Documents\trae_projects\AGG-main\packages\backend\config
01:59:39 [[32minfo[39m]  Loaded agent profile: fantasy_rpg
01:59:39 [[32minfo[39m]  Loaded agent profile: minimal_test
01:59:39 [[32minfo[39m]  Loaded 0 non-builtin profiles from database (0 builtin skipped, using YAML)
01:59:39 [[32minfo[39m]  Config loaded successfully: 2 profiles
01:59:39 [[32minfo[39m]  YAML config loaded successfully
01:59:39 [[32minfo[39m]  Context rules loaded {"agentCount":10}
01:59:39 [[32minfo[39m]  Default manifests loaded {"agentTypeCount":6,"manifestCount":8}
01:59:39 [[32minfo[39m]  Context rules file watcher started {"path":"C:\\Users\\super\\Documents\\trae_projects\\AGG-main\\packages\\backend\\config\\agent-context-rules.yaml"}
01:59:39 [[32minfo[39m]  Loaded 10 agent capabilities from YAML profiles
01:59:39 [[32minfo[39m]  ToolRegistry initialized
01:59:39 [[32minfo[39m]  Registering ServiceTools to ToolRegistry
01:59:40 [[32minfo[39m]  Tool registered: game_time_service - GameTime Service (v1.0.0)
01:59:40 [[32minfo[39m]  Tool registered: numerical_service - Numerical Service (v1.0.0)
01:59:40 [[32minfo[39m]  Tool registered: character_service - Character Service (v1.0.0)
01:59:40 [[32minfo[39m]  Tool registered: inventory_service - Inventory Service (v1.0.0)
01:59:40 [[32minfo[39m]  Tool registered: skill_service - Skill Service (v1.1.0)
01:59:40 [[32minfo[39m]  Tool registered: map_service - Map Service (v2.0.0)
01:59:40 [[32minfo[39m]  Tool registered: npc_service - NPC Service (v1.0.0)
01:59:40 [[32minfo[39m]  Tool registered: dialogue_service - Dialogue Service (v1.0.0)
01:59:40 [[32minfo[39m]  Tool registered: quest_service - Quest Service (v1.0.0)
01:59:40 [[32minfo[39m]  Tool registered: challenge_service - Challenge Service (v1.0.0)
01:59:40 [[32minfo[39m]  Tool registered: event_service - Event Service (v1.0.0)
01:59:40 [[32minfo[39m]  Tool registered: story_service - Story Service (v1.0.0)
01:59:40 [[32minfo[39m]  Tool registered: game_init_service - Game Init Service (v2.0.0)
01:59:40 [[32minfo[39m]  Tool registered: batch_query_service - Batch Query Service (v1.0.0)
01:59:40 [[32minfo[39m]  Tool registered: entity_graph_service - Entity Graph Service (v1.0.0)
01:59:40 [[32minfo[39m]  Tool registered: template_pool_service - Template Pool Service (v1.0.0)
01:59:40 [[32minfo[39m]  Tool registered: dynamic_ui - Dynamic UI Service (v1.0.0)
01:59:40 [[32minfo[39m]  Tool registered: generate_options - Generate Options Service (v2.0.0)
01:59:40 [[32minfo[39m]  Tool registered: coordinator_service - Coordinator Service (v1.0.0)
01:59:40 [[32minfo[39m]  Tool registered: rule_service - Rule Service (v1.0.0)
01:59:40 [[32minfo[39m]  Tool registered: skill_loader - Skill Loader (v1.0.0)
01:59:40 [[32minfo[39m]  Tool registered: help_service - Help Service (v1.0.0)
01:59:40 [[32minfo[39m]  Tool registered: memory_service - Memory Service (v1.0.0)
01:59:40 [[32minfo[39m]  Registered 23 ServiceTools to ToolRegistry
01:59:40 [[32minfo[39m]  Tool reference validation passed

[90mstdout[2m | src/services/__tests__/rules-engine.test.ts[2m > [22m[2mRulesEngine[2m > [22m[2mfile discovery and loading[2m > [22m[2mdiscovers rule files in nested directories[22m[39m
01:59:40 [[32minfo[39m]  Rules engine loaded: 2 rules {"alwaysApply":2,"hooked":["initialize"]}

[90mstdout[2m | src/services/__tests__/rules-engine.test.ts[2m > [22m[2mRulesEngine[2m > [22m[2mfile discovery and loading[2m > [22m[2mignores non-markdown files[22m[39m
01:59:40 [[32minfo[39m]  Discovered 1 rule files {"dir":"C:\\Users\\super\\AppData\\Local\\Temp\\rules-engine-test-a7jltW"}

[90mstdout[2m | src/services/__tests__/rules-engine.test.ts[2m > [22m[2mRulesEngine[2m > [22m[2mfile discovery and loading[2m > [22m[2mignores non-markdown files[22m[39m
01:59:40 [[32minfo[39m]  Rules engine loaded: 1 rules {"alwaysApply":2,"hooked":[]}

[90mstdout[2m | src/services/__tests__/websocket-lifecycle.test.ts[2m > [22m[2m妯″潡I: 杩炴帴鐢熷懡鍛ㄦ湡绠＄悊[2m > [22m[2m浜嬩欢闃熷垪閲嶆斁锛圥0-6锛?[2m > [22m[2m瀹㈡埛绔柇杩炴椂浜嬩欢鍏ラ槦[22m[39m
01:59:40 [[33mwarn[39m]  broadcastToClient: no client found, enqueuing for replay req-001 {"clientId":"client_test_enqueue","eventType":"agent_progress"}
01:59:40 [[32minfo[39m]  WebSocket server shut down

[90mstdout[2m | src/services/__tests__/websocket-lifecycle.test.ts[2m > [22m[2m妯″潡I: 杩炴帴鐢熷懡鍛ㄦ湡绠＄悊[2m > [22m[2m浜嬩欢闃熷垪閲嶆斁锛圥0-6锛?[2m > [22m[2m瀹㈡埛绔噸杩炲悗閲嶆斁闃熷垪[22m[39m
01:59:40 [[33mwarn[39m]  broadcastToClient: no client found, enqueuing for replay req-001 {"clientId":"client_test_replay","eventType":"agent_progress"}
01:59:40 [[33mwarn[39m]  broadcastToClient: no client found, enqueuing for replay req-002 {"clientId":"client_test_replay","eventType":"agent_progress"}
01:59:40 [[32minfo[39m]  Replaying queued events {"clientId":"client_test_replay","count":2}
01:59:40 [[32minfo[39m]  WebSocket server shut down

[90mstdout[2m | src/services/__tests__/websocket-lifecycle.test.ts[2m > [22m[2m妯″潡I: 杩炴帴鐢熷懡鍛ㄦ湡绠＄悊[2m > [22m[2m浜嬩欢闃熷垪閲嶆斁锛圥0-6锛?[2m > [22m[2m閲嶆斁鍚庢竻绌洪槦鍒?[22m[39m
01:59:40 [[33mwarn[39m]  broadcastToClient: no client found, enqueuing for replay req-001 {"clientId":"client_test_clear","eventType":"agent_progress"}
01:59:40 [[32minfo[39m]  Replaying queued events {"clientId":"client_test_clear","count":1}
01:59:40 [[32minfo[39m]  WebSocket server shut down

[90mstdout[2m | src/services/__tests__/websocket-lifecycle.test.ts[2m > [22m[2m妯″潡I: 杩炴帴鐢熷懡鍛ㄦ湡绠＄悊[2m > [22m[2m浜嬩欢闃熷垪閲嶆斁锛圥0-6锛?[2m > [22m[2m闃熷垪瀹归噺闄愬埗锛氳秴杩?maxSize 鏃朵涪寮冩渶鏃х殑浜嬩欢[22m[39m
01:59:40 [[33mwarn[39m]  broadcastToClient: no client found, enqueuing for replay req-0 {"clientId":"client_test_overflow","eventType":"agent_progress"}
01:59:40 [[33mwarn[39m]  broadcastToClient: no client found, enqueuing for replay req-1 {"clientId":"client_test_overflow","eventType":"agent_progress"}
01:59:40 [[33mwarn[39m]  broadcastToClient: no client found, enqueuing for replay req-2 {"clientId":"client_test_overflow","eventType":"agent_progress"}
01:59:40 [[33mwarn[39m]  broadcastToClient: no client found, enqueuing for replay req-3 {"clientId":"client_test_overflow","eventType":"agent_progress"}
01:59:40 [[33mwarn[39m]  broadcastToClient: no client found, enqueuing for replay req-4 {"clientId":"client_test_overflow","eventType":"agent_progress"}
01:59:40 [[33mwarn[39m]  broadcastToClient: no client found, enqueuing for replay req-5 {"clientId":"client_test_overflow","eventType":"agent_progress"}
01:59:40 [[33mwarn[39m]  broadcastToClient: no client found, enqueuing for replay req-6 {"clientId":"client_test_overflow","eventType":"agent_progress"}
01:59:40 [[33mwarn[39m]  broadcastToClient: no client found, enqueuing for replay req-7 {"clientId":"client_test_overflow","eventType":"agent_progress"}
01:59:40 [[33mwarn[39m]  broadcastToClient: no client found, enqueuing for replay req-8 {"clientId":"client_test_overflow","eventType":"agent_progress"}
01:59:40 [[33mwarn[39m]  broadcastToClient: no client found, enqueuing for replay req-9 {"clientId":"client_test_overflow","eventType":"agent_progress"}
01:59:40 [[33mwarn[39m]  broadcastToClient: no client found, enqueuing for replay req-10 {"clientId":"client_test_overflow","eventType":"agent_progress"}
01:59:40 [[33mwarn[39m]  broadcastToClient: no client found, enqueuing for replay req-11 {"clientId":"client_test_overflow","eventType":"agent_progress"}
01:59:40 [[33mwarn[39m]  broadcastToClient: no client found, enqueuing for replay req-12 {"clientId":"client_test_overflow","eventType":"agent_progress"}
01:59:40 [[33mwarn[39m]  broadcastToClient: no client found, enqueuing for replay req-13 {"clientId":"client_test_overflow","eventType":"agent_progress"}
01:59:40 [[33mwarn[39m]  broadcastToClient: no client found, enqueuing for replay req-14 {"clientId":"client_test_overflow","eventType":"agent_progress"}
01:59:40 [[33mwarn[39m]  broadcastToClient: no client found, enqueuing for replay req-15 {"clientId":"client_test_overflow","eventType":"agent_progress"}
01:59:40 [[33mwarn[39m]  broadcastToClient: no client found, enqueuing for replay req-16 {"clientId":"client_test_overflow","eventType":"agent_progress"}
01:59:40 [[33mwarn[39m]  broadcastToClient: no client found, enqueuing for replay req-17 {"clientId":"client_test_overflow","eventType":"agent_progress"}
01:59:40 [[33mwarn[39m]  broadcastToClient: no client found, enqueuing for replay req-18 {"clientId":"client_test_overflow","eventType":"agent_progress"}
01:59:40 [[33mwarn[39m]  broadcastToClient: no client found, enqueuing for replay req-19 {"clientId":"client_test_overflow","eventType":"agent_progress"}
01:59:40 [[33mwarn[39m]  broadcastToClient: no client found, enqueuing for replay req-20 {"clientId":"client_test_overflow","eventType":"agent_progress"}
01:59:40 [[33mwarn[39m]  broadcastToClient: no client found, enqueuing for replay req-21 {"clientId":"client_test_overflow","eventType":"agent_progress"}
01:59:40 [[33mwarn[39m]  broadcastToClient: no client found, enqueuing for replay req-22 {"clientId":"client_test_overflow","eventType":"agent_progress"}
01:59:40 [[33mwarn[39m]  broadcastToClient: no client found, enqueuing for replay req-23 {"clientId":"client_test_overflow","eventType":"agent_progress"}
01:59:40 [[33mwarn[39m]  broadcastToClient: no client found, enqueuing for replay req-24 {"clientId":"client_test_overflow","eventType":"agent_progress"}
01:59:40 [[33mwarn[39m]  broadcastToClient: no client found, enqueuing for replay req-25 {"clientId":"client_test_overflow","eventType":"agent_progress"}
01:59:40 [[33mwarn[39m]  broadcastToClient: no client found, enqueuing for replay req-26 {"clientId":"client_test_overflow","eventType":"agent_progress"}
01:59:40 [[33mwarn[39m]  broadcastToClient: no client found, enqueuing for replay req-27 {"clientId":"client_test_overflow","eventType":"agent_progress"}
01:59:40 [[33mwarn[39m]  broadcastToClient: no client found, enqueuing for replay req-28 {"clientId":"client_test_overflow","eventType":"agent_progress"}
01:59:40 [[33mwarn[39m]  broadcastToClient: no client found, enqueuing for replay req-29 {"clientId":"client_test_overflow","eventType":"agent_progress"}
01:59:40 [[33mwarn[39m]  broadcastToClient: no client found, enqueuing for replay req-30 {"clientId":"client_test_overflow","eventType":"agent_progress"}
01:59:40 [[33mwarn[39m]  broadcastToClient: no client found, enqueuing for replay req-31 {"clientId":"client_test_overflow","eventType":"agent_progress"}
01:59:40 [[33mwarn[39m]  broadcastToClient: no client found, enqueuing for replay req-32 {"clientId":"client_test_overflow","eventType":"agent_progress"}
01:59:40 [[33mwarn[39m]  broadcastToClient: no client found, enqueuing for replay req-33 {"clientId":"client_test_overflow","eventType":"agent_progress"}
01:59:40 [[33mwarn[39m]  broadcastToClient: no client found, enqueuing for replay req-34 {"clientId":"client_test_overflow","eventType":"agent_progress"}
01:59:40 [[33mwarn[39m]  broadcastToClient: no client found, enqueuing for replay req-35 {"clientId":"client_test_overflow","eventType":"agent_progress"}
01:59:40 [[33mwarn[39m]  broadcastToClient: no client found, enqueuing for replay req-36 {"clientId":"client_test_overflow","eventType":"agent_progress"}
01:59:40 [[33mwarn[39m]  broadcastToClient: no client found, enqueuing for replay req-37 {"clientId":"client_test_overflow","eventType":"agent_progress"}
01:59:40 [[33mwarn[39m]  broadcastToClient: no client found, enqueuing for replay req-38 {"clientId":"client_test_overflow","eventType":"agent_progress"}
01:59:40 [[33mwarn[39m]  broadcastToClient: no client found, enqueuing for replay req-39 {"clientId":"client_test_overflow","eventType":"agent_progress"}
01:59:40 [[33mwarn[39m]  broadcastToClient: no client found, enqueuing for replay req-40 {"clientId":"client_test_overflow","eventType":"agent_progress"}
01:59:40 [[33mwarn[39m]  broadcastToClient: no client found, enqueuing for replay req-41 {"clientId":"client_test_overflow","eventType":"agent_progress"}
01:59:40 [[33mwarn[39m]  broadcastToClient: no client found, enqueuing for replay req-42 {"clientId":"client_test_overflow","eventType":"agent_progress"}
01:59:40 [[33mwarn[39m]  broadcastToClient: no client found, enqueuing for replay req-43 {"clientId":"client_test_overflow","eventType":"agent_progress"}
01:59:40 [[33mwarn[39m]  broadcastToClient: no client found, enqueuing for replay req-44 {"clientId":"client_test_overflow","eventType":"agent_progress"}
01:59:40 [[33mwarn[39m]  broadcastToClient: no client found, enqueuing for replay req-45 {"clientId":"client_test_overflow","eventType":"agent_progress"}
01:59:40 [[33mwarn[39m]  broadcastToClient: no client found, enqueuing for replay req-46 {"clientId":"client_test_overflow","eventType":"agent_progress"}
01:59:40 [[33mwarn[39m]  broadcastToClient: no client found, enqueuing for replay req-47 {"clientId":"client_test_overflow","eventType":"agent_progress"}
01:59:40 [[33mwarn[39m]  broadcastToClient: no client found, enqueuing for replay req-48 {"clientId":"client_test_overflow","eventType":"agent_progress"}
01:59:40 [[33mwarn[39m]  broadcastToClient: no client found, enqueuing for replay req-49 {"clientId":"client_test_overflow","eventType":"agent_progress"}
01:59:40 [[33mwarn[39m]  broadcastToClient: no client found, enqueuing for replay req-50 {"clientId":"client_test_overflow","eventType":"agent_progress"}
01:59:40 [[33mwarn[39m]  broadcastToClient: no client found, enqueuing for replay req-51 {"clientId":"client_test_overflow","eventType":"agent_progress"}
01:59:40 [[33mwarn[39m]  broadcastToClient: no client found, enqueuing for replay req-52 {"clientId":"client_test_overflow","eventType":"agent_progress"}
01:59:40 [[33mwarn[39m]  broadcastToClient: no client found, enqueuing for replay req-53 {"clientId":"client_test_overflow","eventType":"agent_progress"}
01:59:40 [[33mwarn[39m]  broadcastToClient: no client found, enqueuing for replay req-54 {"clientId":"client_test_overflow","eventType":"agent_progress"}
01:59:40 [[33mwarn[39m]  broadcastToClient: no client found, enqueuing for replay req-55 {"clientId":"client_test_overflow","eventType":"agent_progress"}
01:59:40 [[33mwarn[39m]  broadcastToClient: no client found, enqueuing for replay req-56 {"clientId":"client_test_overflow","eventType":"agent_progress"}
01:59:40 [[33mwarn[39m]  broadcastToClient: no client found, enqueuing for replay req-57 {"clientId":"client_test_overflow","eventType":"agent_progress"}
01:59:40 [[33mwarn[39m]  broadcastToClient: no client found, enqueuing for replay req-58 {"clientId":"client_test_overflow","eventType":"agent_progress"}
01:59:40 [[33mwarn[39m]  broadcastToClient: no client found, enqueuing for replay req-59 {"clientId":"client_test_overflow","eventType":"agent_progress"}
01:59:40 [[33mwarn[39m]  broadcastToClient: no client found, enqueuing for replay req-60 {"clientId":"client_test_overflow","eventType":"agent_progress"}
01:59:40 [[33mwarn[39m]  broadcastToClient: no client found, enqueuing for replay req-61 {"clientId":"client_test_overflow","eventType":"agent_progress"}
01:59:40 [[33mwarn[39m]  broadcastToClient: no client found, enqueuing for replay req-62 {"clientId":"client_test_overflow","eventType":"agent_progress"}
01:59:40 [[33mwarn[39m]  broadcastToClient: no client found, enqueuing for replay req-63 {"clientId":"client_test_overflow","eventType":"agent_progress"}
01:59:40 [[33mwarn[39m]  broadcastToClient: no client found, enqueuing for replay req-64 {"clientId":"client_test_overflow","eventType":"agent_progress"}
01:59:40 [[33mwarn[39m]  broadcastToClient: no client found, enqueuing for replay req-65 {"clientId":"client_test_overflow","eventType":"agent_progress"}
01:59:40 [[33mwarn[39m]  broadcastToClient: no client found, enqueuing for replay req-66 {"clientId":"client_test_overflow","eventType":"agent_progress"}
01:59:40 [[33mwarn[39m]  broadcastToClient: no client found, enqueuing for replay req-67 {"clientId":"client_test_overflow","eventType":"agent_progress"}
01:59:40 [[33mwarn[39m]  broadcastToClient: no client found, enqueuing for replay req-68 {"clientId":"client_test_overflow","eventType":"agent_progress"}
01:59:40 [[33mwarn[39m]  broadcastToClient: no client found, enqueuing for replay req-69 {"clientId":"client_test_overflow","eventType":"agent_progress"}
01:59:40 [[33mwarn[39m]  broadcastToClient: no client found, enqueuing for replay req-70 {"clientId":"client_test_overflow","eventType":"agent_progress"}
01:59:40 [[33mwarn[39m]  broadcastToClient: no client found, enqueuing for replay req-71 {"clientId":"client_test_overflow","eventType":"agent_progress"}
01:59:40 [[33mwarn[39m]  broadcastToClient: no client found, enqueuing for replay req-72 {"clientId":"client_test_overflow","eventType":"agent_progress"}
01:59:40 [[33mwarn[39m]  broadcastToClient: no client found, enqueuing for replay req-73 {"clientId":"client_test_overflow","eventType":"agent_progress"}
01:59:40 [[33mwarn[39m]  broadcastToClient: no client found, enqueuing for replay req-74 {"clientId":"client_test_overflow","eventType":"agent_progress"}
01:59:40 [[33mwarn[39m]  broadcastToClient: no client found, enqueuing for replay req-75 {"clientId":"client_test_overflow","eventType":"agent_progress"}
01:59:40 [[33mwarn[39m]  broadcastToClient: no client found, enqueuing for replay req-76 {"clientId":"client_test_overflow","eventType":"agent_progress"}
01:59:40 [[33mwarn[39m]  broadcastToClient: no client found, enqueuing for replay req-77 {"clientId":"client_test_overflow","eventType":"agent_progress"}
01:59:40 [[33mwarn[39m]  broadcastToClient: no client found, enqueuing for replay req-78 {"clientId":"client_test_overflow","eventType":"agent_progress"}
01:59:40 [[33mwarn[39m]  broadcastToClient: no client found, enqueuing for replay req-79 {"clientId":"client_test_overflow","eventType":"agent_progress"}
01:59:40 [[33mwarn[39m]  broadcastToClient: no client found, enqueuing for replay req-80 {"clientId":"client_test_overflow","eventType":"agent_progress"}
01:59:40 [[33mwarn[39m]  broadcastToClient: no client found, enqueuing for replay req-81 {"clientId":"client_test_overflow","eventType":"agent_progress"}
01:59:40 [[33mwarn[39m]  broadcastToClient: no client found, enqueuing for replay req-82 {"clientId":"client_test_overflow","eventType":"agent_progress"}
01:59:40 [[33mwarn[39m]  broadcastToClient: no client found, enqueuing for replay req-83 {"clientId":"client_test_overflow","eventType":"agent_progress"}
01:59:40 [[33mwarn[39m]  broadcastToClient: no client found, enqueuing for replay req-84 {"clientId":"client_test_overflow","eventType":"agent_progress"}
01:59:40 [[33mwarn[39m]  broadcastToClient: no client found, enqueuing for replay req-85 {"clientId":"client_test_overflow","eventType":"agent_progress"}
01:59:40 [[33mwarn[39m]  broadcastToClient: no client found, enqueuing for replay req-86 {"clientId":"client_test_overflow","eventType":"agent_progress"}
01:59:40 [[33mwarn[39m]  broadcastToClient: no client found, enqueuing for replay req-87 {"clientId":"client_test_overflow","eventType":"agent_progress"}
01:59:40 [[33mwarn[39m]  broadcastToClient: no client found, enqueuing for replay req-88 {"clientId":"client_test_overflow","eventType":"agent_progress"}
01:59:40 [[33mwarn[39m]  broadcastToClient: no client found, enqueuing for replay req-89 {"clientId":"client_test_overflow","eventType":"agent_progress"}
01:59:40 [[33mwarn[39m]  broadcastToClient: no client found, enqueuing for replay req-90 {"clientId":"client_test_overflow","eventType":"agent_progress"}
01:59:40 [[33mwarn[39m]  broadcastToClient: no client found, enqueuing for replay req-91 {"clientId":"client_test_overflow","eventType":"agent_progress"}
01:59:40 [[33mwarn[39m]  broadcastToClient: no client found, enqueuing for replay req-92 {"clientId":"client_test_overflow","eventType":"agent_progress"}
01:59:40 [[33mwarn[39m]  broadcastToClient: no client found, enqueuing for replay req-93 {"clientId":"client_test_overflow","eventType":"agent_progress"}
01:59:40 [[33mwarn[39m]  broadcastToClient: no client found, enqueuing for replay req-94 {"clientId":"client_test_overflow","eventType":"agent_progress"}
01:59:40 [[33mwarn[39m]  broadcastToClient: no client found, enqueuing for replay req-95 {"clientId":"client_test_overflow","eventType":"agent_progress"}
01:59:40 [[33mwarn[39m]  broadcastToClient: no client found, enqueuing for replay req-96 {"clientId":"client_test_overflow","eventType":"agent_progress"}
01:59:40 [[33mwarn[39m]  broadcastToClient: no client found, enqueuing for replay req-97 {"clientId":"client_test_overflow","eventType":"agent_progress"}
01:59:40 [[33mwarn[39m]  broadcastToClient: no client found, enqueuing for replay req-98 {"clientId":"client_test_overflow","eventType":"agent_progress"}
01:59:40 [[33mwarn[39m]  broadcastToClient: no client found, enqueuing for replay req-99 {"clientId":"client_test_overflow","eventType":"agent_progress"}
01:59:40 [[33mwarn[39m]  broadcastToClient: no client found, enqueuing for replay req-100 {"clientId":"client_test_overflow","eventType":"agent_progress"}
01:59:40 [[33mwarn[39m]  broadcastToClient: no client found, enqueuing for replay req-101 {"clientId":"client_test_overflow","eventType":"agent_progress"}
01:59:40 [[33mwarn[39m]  broadcastToClient: no client found, enqueuing for replay req-102 {"clientId":"client_test_overflow","eventType":"agent_progress"}
01:59:40 [[33mwarn[39m]  broadcastToClient: no client found, enqueuing for replay req-103 {"clientId":"client_test_overflow","eventType":"agent_progress"}
01:59:40 [[33mwarn[39m]  broadcastToClient: no client found, enqueuing for replay req-104 {"clientId":"client_test_overflow","eventType":"agent_progress"}
01:59:40 [[33mwarn[39m]  broadcastToClient: no client found, enqueuing for replay req-105 {"clientId":"client_test_overflow","eventType":"agent_progress"}
01:59:40 [[33mwarn[39m]  broadcastToClient: no client found, enqueuing for replay req-106 {"clientId":"client_test_overflow","eventType":"agent_progress"}
01:59:40 [[33mwarn[39m]  broadcastToClient: no client found, enqueuing for replay req-107 {"clientId":"client_test_overflow","eventType":"agent_progress"}
01:59:40 [[33mwarn[39m]  broadcastToClient: no client found, enqueuing for replay req-108 {"clientId":"client_test_overflow","eventType":"agent_progress"}
01:59:40 [[33mwarn[39m]  broadcastToClient: no client found, enqueuing for replay req-109 {"clientId":"client_test_overflow","eventType":"agent_progress"}
01:59:40 [[33mwarn[39m]  broadcastToClient: no client found, enqueuing for replay req-110 {"clientId":"client_test_overflow","eventType":"agent_progress"}
01:59:40 [[33mwarn[39m]  broadcastToClient: no client found, enqueuing for replay req-111 {"clientId":"client_test_overflow","eventType":"agent_progress"}
01:59:40 [[33mwarn[39m]  broadcastToClient: no client found, enqueuing for replay req-112 {"clientId":"client_test_overflow","eventType":"agent_progress"}
01:59:40 [[33mwarn[39m]  broadcastToClient: no client found, enqueuing for replay req-113 {"clientId":"client_test_overflow","eventType":"agent_progress"}
01:59:40 [[33mwarn[39m]  broadcastToClient: no client found, enqueuing for replay req-114 {"clientId":"client_test_overflow","eventType":"agent_progress"}
01:59:40 [[33mwarn[39m]  broadcastToClient: no client found, enqueuing for replay req-115 {"clientId":"client_test_overflow","eventType":"agent_progress"}
01:59:40 [[33mwarn[39m]  broadcastToClient: no client found, enqueuing for replay req-116 {"clientId":"client_test_overflow","eventType":"agent_progress"}
01:59:40 [[33mwarn[39m]  broadcastToClient: no client found, enqueuing for replay req-117 {"clientId":"client_test_overflow","eventType":"agent_progress"}
01:59:40 [[33mwarn[39m]  broadcastToClient: no client found, enqueuing for replay req-118 {"clientId":"client_test_overflow","eventType":"agent_progress"}
01:59:40 [[33mwarn[39m]  broadcastToClient: no client found, enqueuing for replay req-119 {"clientId":"client_test_overflow","eventType":"agent_progress"}
01:59:40 [[33mwarn[39m]  broadcastToClient: no client found, enqueuing for replay req-120 {"clientId":"client_test_overflow","eventType":"agent_progress"}
01:59:40 [[33mwarn[39m]  broadcastToClient: no client found, enqueuing for replay req-121 {"clientId":"client_test_overflow","eventType":"agent_progress"}
01:59:40 [[33mwarn[39m]  broadcastToClient: no client found, enqueuing for replay req-122 {"clientId":"client_test_overflow","eventType":"agent_progress"}
01:59:40 [[33mwarn[39m]  broadcastToClient: no client found, enqueuing for replay req-123 {"clientId":"client_test_overflow","eventType":"agent_progress"}
01:59:40 [[33mwarn[39m]  broadcastToClient: no client found, enqueuing for replay req-124 {"clientId":"client_test_overflow","eventType":"agent_progress"}
01:59:40 [[33mwarn[39m]  broadcastToClient: no client found, enqueuing for replay req-125 {"clientId":"client_test_overflow","eventType":"agent_progress"}
01:59:40 [[33mwarn[39m]  broadcastToClient: no client found, enqueuing for replay req-126 {"clientId":"client_test_overflow","eventType":"agent_progress"}
01:59:40 [[33mwarn[39m]  broadcastToClient: no client found, enqueuing for replay req-127 {"clientId":"client_test_overflow","eventType":"agent_progress"}
01:59:40 [[33mwarn[39m]  broadcastToClient: no client found, enqueuing for replay req-128 {"clientId":"client_test_overflow","eventType":"agent_progress"}
01:59:40 [[33mwarn[39m]  broadcastToClient: no client found, enqueuing for replay req-129 {"clientId":"client_test_overflow","eventType":"agent_progress"}
01:59:40 [[33mwarn[39m]  broadcastToClient: no client found, enqueuing for replay req-130 {"clientId":"client_test_overflow","eventType":"agent_progress"}
01:59:40 [[33mwarn[39m]  broadcastToClient: no client found, enqueuing for replay req-131 {"clientId":"client_test_overflow","eventType":"agent_progress"}
01:59:40 [[33mwarn[39m]  broadcastToClient: no client found, enqueuing for replay req-132 {"clientId":"client_test_overflow","eventType":"agent_progress"}
01:59:40 [[33mwarn[39m]  broadcastToClient: no client found, enqueuing for replay req-133 {"clientId":"client_test_overflow","eventType":"agent_progress"}
01:59:40 [[33mwarn[39m]  broadcastToClient: no client found, enqueuing for replay req-134 {"clientId":"client_test_overflow","eventType":"agent_progress"}
01:59:40 [[33mwarn[39m]  broadcastToClient: no client found, enqueuing for replay req-135 {"clientId":"client_test_overflow","eventType":"agent_progress"}
01:59:40 [[33mwarn[39m]  broadcastToClient: no client found, enqueuing for replay req-136 {"clientId":"client_test_overflow","eventType":"agent_progress"}
01:59:40 [[33mwarn[39m]  broadcastToClient: no client found, enqueuing for replay req-137 {"clientId":"client_test_overflow","eventType":"agent_progress"}
01:59:40 [[33mwarn[39m]  broadcastToClient: no client found, enqueuing for replay req-138 {"clientId":"client_test_overflow","eventType":"agent_progress"}
01:59:40 [[33mwarn[39m]  broadcastToClient: no client found, enqueuing for replay req-139 {"clientId":"client_test_overflow","eventType":"agent_progress"}
01:59:40 [[33mwarn[39m]  broadcastToClient: no client found, enqueuing for replay req-140 {"clientId":"client_test_overflow","eventType":"agent_progress"}
01:59:40 [[33mwarn[39m]  broadcastToClient: no client found, enqueuing for replay req-141 {"clientId":"client_test_overflow","eventType":"agent_progress"}
01:59:40 [[33mwarn[39m]  broadcastToClient: no client found, enqueuing for replay req-142 {"clientId":"client_test_overflow","eventType":"agent_progress"}
01:59:40 [[33mwarn[39m]  broadcastToClient: no client found, enqueuing for replay req-143 {"clientId":"client_test_overflow","eventType":"agent_progress"}
01:59:40 [[33mwarn[39m]  broadcastToClient: no client found, enqueuing for replay req-144 {"clientId":"client_test_overflow","eventType":"agent_progress"}
01:59:40 [[33mwarn[39m]  broadcastToClient: no client found, enqueuing for replay req-145 {"clientId":"client_test_overflow","eventType":"agent_progress"}
01:59:40 [[33mwarn[39m]  broadcastToClient: no client found, enqueuing for replay req-146 {"clientId":"client_test_overflow","eventType":"agent_progress"}
01:59:40 [[33mwarn[39m]  broadcastToClient: no client found, enqueuing for replay req-147 {"clientId":"client_test_overflow","eventType":"agent_progress"}
01:59:40 [[33mwarn[39m]  broadcastToClient: no client found, enqueuing for replay req-148 {"clientId":"client_test_overflow","eventType":"agent_progress"}
01:59:40 [[33mwarn[39m]  broadcastToClient: no client found, enqueuing for replay req-149 {"clientId":"client_test_overflow","eventType":"agent_progress"}
01:59:40 [[33mwarn[39m]  broadcastToClient: no client found, enqueuing for replay req-150 {"clientId":"client_test_overflow","eventType":"agent_progress"}
01:59:40 [[33mwarn[39m]  broadcastToClient: no client found, enqueuing for replay req-151 {"clientId":"client_test_overflow","eventType":"agent_progress"}
01:59:40 [[33mwarn[39m]  broadcastToClient: no client found, enqueuing for replay req-152 {"clientId":"client_test_overflow","eventType":"agent_progress"}
01:59:40 [[33mwarn[39m]  broadcastToClient: no client found, enqueuing for replay req-153 {"clientId":"client_test_overflow","eventType":"agent_progress"}
01:59:40 [[33mwarn[39m]  broadcastToClient: no client found, enqueuing for replay req-154 {"clientId":"client_test_overflow","eventType":"agent_progress"}

[90mstdout[2m | src/services/__tests__/websocket-lifecycle.test.ts[22m[39m
01:59:39 [[32minfo[39m]  Help registry loaded: 22 tools {"tools":["batch_query_service","challenge_service","... (22 items)"]}
01:59:39 [[32minfo[39m]  Creating GameMasterAgent (as AgentRuntime with isSubAgent=false)
01:59:39 [[32minfo[39m]  Handler subscribed {"eventType":"dialogue"}
01:59:39 [[32minfo[39m]  Handler subscribed {"eventType":"combat_end"}
01:59:39 [[32minfo[39m]  AwarenessAutoSubscriber subscribed to dialogue + combat_end events
01:59:39 [[32minfo[39m]  Agent initialized: gamemaster - GameMasterAgent
01:59:39 [[32minfo[39m] [AGENT-START] Agent gamemaster starting {"agent":"gamemaster","provider":null,"toolsConfigured":1,"maxIterations":200,"isSubAgent":false}
01:59:39 [[32minfo[39m]  Handler subscribed {"eventType":"chapter_advanced"}
01:59:39 [[32minfo[39m]  Creating AgentRuntime instances from default profile: fantasy_rpg
01:59:39 [[32minfo[39m]  Creating agents from profile: fantasy_rpg {"agentCount":10}
01:59:39 [[32minfo[39m]  Agent initialized: gamemaster - GameMasterAgent
01:59:39 [[32minfo[39m] [AGENT-START] Agent gamemaster starting {"agent":"gamemaster","provider":null,"toolsConfigured":1,"maxIterations":200,"isSubAgent":false}
01:59:39 [[32minfo[39m]  Created AgentRuntime: gamemaster {"profile":"fantasy_rpg","tools":["all"]}
01:59:39 [[32minfo[39m]  Agent initialized: map - MapAgent
01:59:39 [[32minfo[39m] [AGENT-START] Agent map starting {"agent":"map","provider":null,"toolsConfigured":7,"maxIterations":200,"isSubAgent":true}
01:59:39 [[32minfo[39m]  Created AgentRuntime: map {"profile":"fantasy_rpg","tools":["map_service","npc_service","... (7 items)"]}
01:59:39 [[32minfo[39m]  Agent initialized: challenge - ChallengeAgent
01:59:39 [[32minfo[39m] [AGENT-START] Agent challenge starting {"agent":"challenge","provider":null,"toolsConfigured":9,"maxIterations":200,"isSubAgent":true}
01:59:39 [[32minfo[39m]  Created AgentRuntime: challenge {"profile":"fantasy_rpg","tools":["challenge_service","numerical_service","... (9 items)"]}
01:59:39 [[32minfo[39m]  Agent initialized: output - OutputAgent
01:59:39 [[32minfo[39m] [AGENT-START] Agent output starting {"agent":"output","provider":null,"toolsConfigured":5,"maxIterations":200,"isSubAgent":true}
01:59:39 [[32minfo[39m]  Created AgentRuntime: output {"profile":"fantasy_rpg","tools":["dialogue_service","dynamic_ui","... (5 items)"]}
01:59:39 [[32minfo[39m]  Agent initialized: quest - QuestAgent
01:59:39 [[32minfo[39m] [AGENT-START] Agent quest starting {"agent":"quest","provider":null,"toolsConfigured":11,"maxIterations":200,"isSubAgent":true}
01:59:39 [[32minfo[39m]  Created AgentRuntime: quest {"profile":"fantasy_rpg","tools":["quest_service","numerical_service","... (11 items)"]}
01:59:39 [[32minfo[39m]  Agent initialized: npc_party - NPCPartyAgent
01:59:39 [[32minfo[39m] [AGENT-START] Agent npc_party starting {"agent":"npc_party","provider":null,"toolsConfigured":9,"maxIterations":200,"isSubAgent":true}
01:59:39 [[32minfo[39m]  Created AgentRuntime: npc_party {"profile":"fantasy_rpg","tools":["npc_service","entity_graph_service","... (9 items)"]}
01:59:39 [[32minfo[39m]  Agent initialized: inventory - InventoryAgent
01:59:39 [[32minfo[39m] [AGENT-START] Agent inventory starting {"agent":"inventory","provider":null,"toolsConfigured":8,"maxIterations":200,"isSubAgent":true}
01:59:39 [[32minfo[39m]  Created AgentRuntime: inventory {"profile":"fantasy_rpg","tools":["inventory_service","template_pool_service","... (8 items)"]}
01:59:39 [[32minfo[39m]  Agent initialized: skill - SkillAgent
01:59:39 [[32minfo[39m] [AGENT-START] Agent skill starting {"agent":"skill","provider":null,"toolsConfigured":7,"maxIterations":200,"isSubAgent":true}
01:59:39 [[32minfo[39m]  Created AgentRuntime: skill {"profile":"fantasy_rpg","tools":["skill_service","template_pool_service","... (7 items)"]}
01:59:39 [[32minfo[39m]  Agent initialized: event - EventAgent
01:59:39 [[32minfo[39m] [AGENT-START] Agent event starting {"agent":"event","provider":null,"toolsConfigured":5,"maxIterations":200,"isSubAgent":true}
01:59:39 [[32minfo[39m]  Created AgentRuntime: event {"profile":"fantasy_rpg","tools":["event_service","game_time_service","... (5 items)"]}
01:59:39 [[32minfo[39m]  Agent initialized: time - TimeAgent
01:59:39 [[32minfo[39m] [AGENT-START] Agent time starting {"agent":"time","provider":null,"toolsConfigured":4,"maxIterations":200,"isSubAgent":true}
01:59:39 [[32minfo[39m]  Created AgentRuntime: time {"profile":"fantasy_rpg","tools":["game_time_service","rule_service","... (4 items)"]}
01:59:39 [[32minfo[39m]  Permissions configured from agent.tools for profile: fantasy_rpg
01:59:39 [[32minfo[39m]  YAML permissions configured
01:59:39 [[32minfo[39m]  Registering AgentRuntime instances to GameMasterAgent...
01:59:39 [[32minfo[39m]  Registered AgentRuntime to Coordinator: gamemaster
01:59:39 [[32minfo[39m]  Registered AgentRuntime to Coordinator: map
01:59:39 [[32minfo[39m]  Registered AgentRuntime to Coordinator: challenge
01:59:39 [[32minfo[39m]  Registered AgentRuntime to Coordinator: output
01:59:39 [[32minfo[39m]  Registered AgentRuntime to Coordinator: quest
01:59:39 [[32minfo[39m]  Registered AgentRuntime to Coordinator: npc_party
01:59:39 [[32minfo[39m]  Registered AgentRuntime to Coordinator: inventory
01:59:39 [[32minfo[39m]  Registered AgentRuntime to Coordinator: skill
01:59:39 [[32minfo[39m]  Registered AgentRuntime to Coordinator: event
01:59:39 [[32minfo[39m]  Registered AgentRuntime to Coordinator: time
01:59:39 [[32minfo[39m]  GameDataExpander configured (manifest path enabled)
01:59:39 [[32minfo[39m]  DedupService configured (dispatch log persistence enabled)
01:59:39 [[32minfo[39m]  Agent system initialized: 10 AgentRuntime instances created
鉁?Agent system initialized with 10 agents
鈿狅笍 YAML Agent system skipped: __vi_import_5__.initializeYamlAgentSystem is not a function
01:59:40 [[32minfo[39m]  Agent routes initialized
01:59:40 [[32minfo[39m]  Save routes initialized
01:59:40 [[32minfo[39m]  Synced template from YAML to DB: cthulhu-investigation
01:59:40 [[32minfo[39m]  Synced template from YAML to DB: cyberpunk-mercenary
01:59:40 [[32minfo[39m]  Synced template from YAML to DB: medieval-fantasy
01:59:40 [[32minfo[39m]  Synced template from YAML to DB: modern-romance
01:59:40 [[32minfo[39m]  Synced template from YAML to DB: xianxia
01:59:40 [[32minfo[39m]  Synced 5 templates from YAML to database
01:59:40 [[32minfo[39m]  Cache refreshed with 5 templates
01:59:40 [[32minfo[39m]  TemplateService loaded {"cachedTemplates":5}
鉁?Template YAML loaded and synced to DB
01:59:40 [[32minfo[39m]  Template routes initialized
鉁?Test environment setup complete
鉁?Database connection closed

 [32m鉁?[39m src/services/__tests__/websocket-lifecycle.test.ts [2m ([22m[2m30 tests[22m[2m)[22m[33m 2006[2mms[22m[39m
[90mstdout[2m | src/game-systems/skill/__tests__/skill-owner-autowire.test.ts[22m[39m
008: added saves.active_challenge_mode column
Migration 008_add_saves_active_challenge_mode.ts completed successfully
All migrations completed
鉁?Migrations completed
All seeds completed
鉁?Seeds completed
01:59:39 [[32minfo[39m]  Starting YAML-driven Agent system initialization
01:59:39 [[32minfo[39m]  Seeding ModelConfigService from environment
01:59:39 [[32minfo[39m]  No DEEPSEEK_API_KEY env var found, skipping env seed
01:59:39 [[32minfo[39m]  Seeded provider from convict config {"providerType":"openai","providerId":"10cca70a-67ba-4673-b687-265f0bce9d32","model":"openrouter/free"}
01:59:39 [[32minfo[39m]  Creating LLMService with ModelConfigService
01:59:39 [[32minfo[39m]  Creating ContextService and DecisionLogService instances
01:59:40 [[32minfo[39m]  Initializing YAML-driven Agent profiles...
01:59:40 [[32minfo[39m]  Loading config from directory: C:\Users\super\Documents\trae_projects\AGG-main\packages\backend\config
01:59:40 [[32minfo[39m]  Loaded agent profile: fantasy_rpg
01:59:40 [[32minfo[39m]  Loaded agent profile: minimal_test
01:59:40 [[32minfo[39m]  Loaded 0 non-builtin profiles from database (0 builtin skipped, using YAML)
01:59:40 [[32minfo[39m]  Config loaded successfully: 2 profiles
01:59:40 [[32minfo[39m]  YAML config loaded successfully
01:59:40 [[32minfo[39m]  Context rules loaded {"agentCount":10}
01:59:40 [[32minfo[39m]  Default manifests loaded {"agentTypeCount":6,"manifestCount":8}
01:59:40 [[32minfo[39m]  Context rules file watcher started {"path":"C:\\Users\\super\\Documents\\trae_projects\\AGG-main\\packages\\backend\\config\\agent-context-rules.yaml"}
01:59:40 [[32minfo[39m]  Loaded 10 agent capabilities from YAML profiles
01:59:40 [[32minfo[39m]  ToolRegistry initialized
01:59:40 [[32minfo[39m]  Registering ServiceTools to ToolRegistry
01:59:40 [[32minfo[39m]  Tool registered: game_time_service - GameTime Service (v1.0.0)
01:59:40 [[32minfo[39m]  Tool registered: numerical_service - Numerical Service (v1.0.0)
01:59:40 [[32minfo[39m]  Tool registered: character_service - Character Service (v1.0.0)
01:59:40 [[32minfo[39m]  Tool registered: inventory_service - Inventory Service (v1.0.0)
01:59:40 [[32minfo[39m]  Tool registered: skill_service - Skill Service (v1.1.0)
01:59:40 [[32minfo[39m]  Tool registered: map_service - Map Service (v2.0.0)
01:59:40 [[32minfo[39m]  Tool registered: npc_service - NPC Service (v1.0.0)
01:59:40 [[32minfo[39m]  Tool registered: dialogue_service - Dialogue Service (v1.0.0)
01:59:40 [[32minfo[39m]  Tool registered: quest_service - Quest Service (v1.0.0)
01:59:40 [[32minfo[39m]  Tool registered: challenge_service - Challenge Service (v1.0.0)
01:59:40 [[32minfo[39m]  Tool registered: event_service - Event Service (v1.0.0)
01:59:40 [[32minfo[39m]  Tool registered: story_service - Story Service (v1.0.0)
01:59:40 [[32minfo[39m]  Tool registered: game_init_service - Game Init Service (v2.0.0)
01:59:40 [[32minfo[39m]  Tool registered: batch_query_service - Batch Query Service (v1.0.0)
01:59:40 [[32minfo[39m]  Tool registered: entity_graph_service - Entity Graph Service (v1.0.0)
01:59:40 [[32minfo[39m]  Tool registered: template_pool_service - Template Pool Service (v1.0.0)
01:59:40 [[32minfo[39m]  Tool registered: dynamic_ui - Dynamic UI Service (v1.0.0)
01:59:40 [[32minfo[39m]  Tool registered: generate_options - Generate Options Service (v2.0.0)
01:59:40 [[32minfo[39m]  Tool registered: coordinator_service - Coordinator Service (v1.0.0)
01:59:40 [[32minfo[39m]  Tool registered: rule_service - Rule Service (v1.0.0)
01:59:40 [[32minfo[39m]  Tool registered: skill_loader - Skill Loader (v1.0.0)
01:59:40 [[32minfo[39m]  Tool registered: help_service - Help Service (v1.0.0)
01:59:40 [[32minfo[39m]  Tool registered: memory_service - Memory Service (v1.0.0)
01:59:40 [[32minfo[39m]  Registered 23 ServiceTools to ToolRegistry
01:59:40 [[32minfo[39m]  Tool reference validation passed

[90mstdout[2m | src/services/__tests__/rules-engine.test.ts[2m > [22m[2mRulesEngine[2m > [22m[2mfile discovery and loading[2m > [22m[2mhandles empty directory gracefully[22m[39m
01:59:40 [[32minfo[39m]  Discovered 0 rule files {"dir":"C:\\Users\\super\\AppData\\Local\\Temp\\rules-engine-test-CoAy0L"}
01:59:40 [[32minfo[39m]  Rules engine loaded: 0 rules {"alwaysApply":0,"hooked":[]}

[90mstdout[2m | src/services/__tests__/rules-engine.test.ts[2m > [22m[2mRulesEngine[2m > [22m[2mfile discovery and loading[2m > [22m[2mhandles non-existent directory gracefully[22m[39m
01:59:40 [[32minfo[39m]  Discovered 0 rule files {"dir":"C:\\Users\\super\\AppData\\Local\\Temp\\rules-engine-test-SRxVzM\\nonexistent"}
01:59:40 [[32minfo[39m]  Rules engine loaded: 0 rules {"alwaysApply":0,"hooked":[]}

[90mstdout[2m | src/services/__tests__/rules-engine.test.ts[2m > [22m[2mRulesEngine[2m > [22m[2mfile discovery and loading[2m > [22m[2mskips files without frontmatter[22m[39m
01:59:40 [[32minfo[39m]  Discovered 2 rule files {"dir":"C:\\Users\\super\\AppData\\Local\\Temp\\rules-engine-test-3FHZeB"}

[90mstdout[2m | src/services/__tests__/rules-engine.test.ts[2m > [22m[2mRulesEngine[2m > [22m[2mfile discovery and loading[2m > [22m[2mskips files without frontmatter[22m[39m
01:59:40 [[33mwarn[39m]  Rule file has no frontmatter: C:\Users\super\AppData\Local\Temp\rules-engine-test-3FHZeB\no-frontmatter.md

[90mstdout[2m | src/services/__tests__/rules-engine.test.ts[2m > [22m[2mRulesEngine[2m > [22m[2mfile discovery and loading[2m > [22m[2mskips files without frontmatter[22m[39m
01:59:40 [[32minfo[39m]  Rules engine loaded: 1 rules {"alwaysApply":2,"hooked":[]}

[90mstdout[2m | src/agents/story/__tests__/pacing-engine.test.ts[22m[39m
01:59:40 [[32minfo[39m]  Discovered 187 help files {"dir":"C:\\Users\\super\\Documents\\trae_projects\\AGG-main\\packages\\backend\\config\\agent-help"}

[90mstdout[2m | src/services/__tests__/rules-engine.test.ts[2m > [22m[2mRulesEngine[2m > [22m[2mfile discovery and loading[2m > [22m[2mthrows on invalid frontmatter (missing required fields)[22m[39m
01:59:40 [[32minfo[39m]  Discovered 1 rule files {"dir":"C:\\Users\\super\\AppData\\Local\\Temp\\rules-engine-test-fykt1S"}

[90mstdout[2m | src/services/__tests__/rules-engine.test.ts[2m > [22m[2mRulesEngine[2m > [22m[2mfile discovery and loading[2m > [22m[2mthrows on invalid frontmatter (missing required fields)[22m[39m
01:59:40 [[31merror[39m]  Failed to load rule file: C:\Users\super\AppData\Local\Temp\rules-engine-test-fykt1S\bad-rule.md {"error":"Invalid rule file C:\\Users\\super\\AppData\\Local\\Temp\\rules-engine-test-fykt1S\\bad-rule.md: alwaysApply is required and must be boolean, targetAgent is required and must be non-empty array, description is required"}
01:59:40 [[32minfo[39m]  Rules engine loaded: 0 rules {"alwaysApply":0,"hooked":[]}

[90mstdout[2m | src/services/__tests__/rules-engine.test.ts[2m > [22m[2mRulesEngine[2m > [22m[2mfile discovery and loading[2m > [22m[2mloads only once (idempotent)[22m[39m
01:59:40 [[32minfo[39m]  Discovered 1 rule files {"dir":"C:\\Users\\super\\AppData\\Local\\Temp\\rules-engine-test-Im2Ls7"}

[90mstdout[2m | src/services/__tests__/rules-engine.test.ts[2m > [22m[2mRulesEngine[2m > [22m[2mfile discovery and loading[2m > [22m[2mloads only once (idempotent)[22m[39m
01:59:40 [[32minfo[39m]  Rules engine loaded: 1 rules {"alwaysApply":2,"hooked":[]}

[90mstdout[2m | src/game-systems/audit/__tests__/EntityCountsChecker.test.ts[22m[39m
01:59:39 [[32minfo[39m]  Help registry loaded: 22 tools {"tools":["batch_query_service","challenge_service","... (22 items)"]}
01:59:39 [[32minfo[39m]  Creating GameMasterAgent (as AgentRuntime with isSubAgent=false)
01:59:39 [[32minfo[39m]  Handler subscribed {"eventType":"dialogue"}
01:59:39 [[32minfo[39m]  Handler subscribed {"eventType":"combat_end"}
01:59:39 [[32minfo[39m]  AwarenessAutoSubscriber subscribed to dialogue + combat_end events
01:59:39 [[32minfo[39m]  Agent initialized: gamemaster - GameMasterAgent
01:59:39 [[32minfo[39m] [AGENT-START] Agent gamemaster starting {"agent":"gamemaster","provider":null,"toolsConfigured":1,"maxIterations":200,"isSubAgent":false}
01:59:39 [[32minfo[39m]  Handler subscribed {"eventType":"chapter_advanced"}
01:59:39 [[32minfo[39m]  Creating AgentRuntime instances from default profile: fantasy_rpg
01:59:39 [[32minfo[39m]  Creating agents from profile: fantasy_rpg {"agentCount":10}
01:59:39 [[32minfo[39m]  Agent initialized: gamemaster - GameMasterAgent
01:59:39 [[32minfo[39m] [AGENT-START] Agent gamemaster starting {"agent":"gamemaster","provider":null,"toolsConfigured":1,"maxIterations":200,"isSubAgent":false}
01:59:39 [[32minfo[39m]  Created AgentRuntime: gamemaster {"profile":"fantasy_rpg","tools":["all"]}
01:59:39 [[32minfo[39m]  Agent initialized: map - MapAgent
01:59:39 [[32minfo[39m] [AGENT-START] Agent map starting {"agent":"map","provider":null,"toolsConfigured":7,"maxIterations":200,"isSubAgent":true}
01:59:39 [[32minfo[39m]  Created AgentRuntime: map {"profile":"fantasy_rpg","tools":["map_service","npc_service","... (7 items)"]}
01:59:39 [[32minfo[39m]  Agent initialized: challenge - ChallengeAgent
01:59:39 [[32minfo[39m] [AGENT-START] Agent challenge starting {"agent":"challenge","provider":null,"toolsConfigured":9,"maxIterations":200,"isSubAgent":true}
01:59:39 [[32minfo[39m]  Created AgentRuntime: challenge {"profile":"fantasy_rpg","tools":["challenge_service","numerical_service","... (9 items)"]}
01:59:39 [[32minfo[39m]  Agent initialized: output - OutputAgent
01:59:39 [[32minfo[39m] [AGENT-START] Agent output starting {"agent":"output","provider":null,"toolsConfigured":5,"maxIterations":200,"isSubAgent":true}
01:59:39 [[32minfo[39m]  Created AgentRuntime: output {"profile":"fantasy_rpg","tools":["dialogue_service","dynamic_ui","... (5 items)"]}
01:59:39 [[32minfo[39m]  Agent initialized: quest - QuestAgent
01:59:39 [[32minfo[39m] [AGENT-START] Agent quest starting {"agent":"quest","provider":null,"toolsConfigured":11,"maxIterations":200,"isSubAgent":true}
01:59:39 [[32minfo[39m]  Created AgentRuntime: quest {"profile":"fantasy_rpg","tools":["quest_service","numerical_service","... (11 items)"]}
01:59:39 [[32minfo[39m]  Agent initialized: npc_party - NPCPartyAgent
01:59:39 [[32minfo[39m] [AGENT-START] Agent npc_party starting {"agent":"npc_party","provider":null,"toolsConfigured":9,"maxIterations":200,"isSubAgent":true}
01:59:39 [[32minfo[39m]  Created AgentRuntime: npc_party {"profile":"fantasy_rpg","tools":["npc_service","entity_graph_service","... (9 items)"]}
01:59:39 [[32minfo[39m]  Agent initialized: inventory - InventoryAgent
01:59:39 [[32minfo[39m] [AGENT-START] Agent inventory starting {"agent":"inventory","provider":null,"toolsConfigured":8,"maxIterations":200,"isSubAgent":true}
01:59:39 [[32minfo[39m]  Created AgentRuntime: inventory {"profile":"fantasy_rpg","tools":["inventory_service","template_pool_service","... (8 items)"]}
01:59:39 [[32minfo[39m]  Agent initialized: skill - SkillAgent
01:59:39 [[32minfo[39m] [AGENT-START] Agent skill starting {"agent":"skill","provider":null,"toolsConfigured":7,"maxIterations":200,"isSubAgent":true}
01:59:39 [[32minfo[39m]  Created AgentRuntime: skill {"profile":"fantasy_rpg","tools":["skill_service","template_pool_service","... (7 items)"]}
01:59:39 [[32minfo[39m]  Agent initialized: event - EventAgent
01:59:39 [[32minfo[39m] [AGENT-START] Agent event starting {"agent":"event","provider":null,"toolsConfigured":5,"maxIterations":200,"isSubAgent":true}
01:59:39 [[32minfo[39m]  Created AgentRuntime: event {"profile":"fantasy_rpg","tools":["event_service","game_time_service","... (5 items)"]}
01:59:39 [[32minfo[39m]  Agent initialized: time - TimeAgent
01:59:39 [[32minfo[39m] [AGENT-START] Agent time starting {"agent":"time","provider":null,"toolsConfigured":4,"maxIterations":200,"isSubAgent":true}
01:59:39 [[32minfo[39m]  Created AgentRuntime: time {"profile":"fantasy_rpg","tools":["game_time_service","rule_service","... (4 items)"]}
01:59:39 [[32minfo[39m]  Permissions configured from agent.tools for profile: fantasy_rpg
01:59:39 [[32minfo[39m]  YAML permissions configured
01:59:39 [[32minfo[39m]  Registering AgentRuntime instances to GameMasterAgent...
01:59:39 [[32minfo[39m]  Registered AgentRuntime to Coordinator: gamemaster
01:59:39 [[32minfo[39m]  Registered AgentRuntime to Coordinator: map
01:59:39 [[32minfo[39m]  Registered AgentRuntime to Coordinator: challenge
01:59:39 [[32minfo[39m]  Registered AgentRuntime to Coordinator: output
01:59:39 [[32minfo[39m]  Registered AgentRuntime to Coordinator: quest
01:59:39 [[32minfo[39m]  Registered AgentRuntime to Coordinator: npc_party
01:59:39 [[32minfo[39m]  Registered AgentRuntime to Coordinator: inventory
01:59:39 [[32minfo[39m]  Registered AgentRuntime to Coordinator: skill
01:59:39 [[32minfo[39m]  Registered AgentRuntime to Coordinator: event
01:59:39 [[32minfo[39m]  Registered AgentRuntime to Coordinator: time
01:59:39 [[32minfo[39m]  GameDataExpander configured (manifest path enabled)
01:59:39 [[32minfo[39m]  DedupService configured (dispatch log persistence enabled)
01:59:39 [[32minfo[39m]  Agent system initialized: 10 AgentRuntime instances created
鉁?Agent system initialized with 10 agents
鈿狅笍 YAML Agent system skipped: __vi_import_5__.initializeYamlAgentSystem is not a function
01:59:39 [[32minfo[39m]  Agent routes initialized
01:59:39 [[32minfo[39m]  Save routes initialized
01:59:39 [[32minfo[39m]  Synced template from YAML to DB: cthulhu-investigation
01:59:39 [[32minfo[39m]  Synced template from YAML to DB: cyberpunk-mercenary
01:59:39 [[32minfo[39m]  Synced template from YAML to DB: medieval-fantasy
01:59:40 [[32minfo[39m]  Synced template from YAML to DB: modern-romance
01:59:40 [[32minfo[39m]  Synced template from YAML to DB: xianxia
01:59:40 [[32minfo[39m]  Synced 5 templates from YAML to database
01:59:40 [[32minfo[39m]  Cache refreshed with 5 templates
01:59:40 [[32minfo[39m]  TemplateService loaded {"cachedTemplates":5}
鉁?Template YAML loaded and synced to DB
01:59:40 [[32minfo[39m]  Template routes initialized
鉁?Test environment setup complete
鉁?Database connection closed

 [32m鉁?[39m src/game-systems/audit/__tests__/EntityCountsChecker.test.ts [2m ([22m[2m33 tests[22m[2m)[22m[33m 2091[2mms[22m[39m
[90mstdout[2m | src/services/__tests__/rules-engine.test.ts[2m > [22m[2mRulesEngine[2m > [22m[2mfrontmatter parsing[2m > [22m[2mparses boolean values correctly[22m[39m
01:59:40 [[32minfo[39m]  Discovered 1 rule files {"dir":"C:\\Users\\super\\AppData\\Local\\Temp\\rules-engine-test-SLkSwg"}

[90mstdout[2m | src/services/__tests__/rules-engine.test.ts[2m > [22m[2mRulesEngine[2m > [22m[2mfrontmatter parsing[2m > [22m[2mparses boolean values correctly[22m[39m
01:59:40 [[32minfo[39m]  Rules engine loaded: 1 rules {"alwaysApply":0,"hooked":[]}

[90mstdout[2m | src/services/__tests__/rules-engine.test.ts[2m > [22m[2mRulesEngine[2m > [22m[2mfrontmatter parsing[2m > [22m[2mparses numeric priority[22m[39m
01:59:40 [[32minfo[39m]  Discovered 1 rule files {"dir":"C:\\Users\\super\\AppData\\Local\\Temp\\rules-engine-test-jrNlYr"}

[90mstdout[2m | src/services/__tests__/rules-engine.test.ts[2m > [22m[2mRulesEngine[2m > [22m[2mfrontmatter parsing[2m > [22m[2mparses numeric priority[22m[39m
01:59:40 [[32minfo[39m]  Rules engine loaded: 1 rules {"alwaysApply":2,"hooked":[]}

[90mstdout[2m | src/game-systems/skill/__tests__/skill-owner-autowire.test.ts[22m[39m
01:59:40 [[32minfo[39m]  Discovered 187 help files {"dir":"C:\\Users\\super\\Documents\\trae_projects\\AGG-main\\packages\\backend\\config\\agent-help"}

[90mstdout[2m | src/services/__tests__/rules-engine.test.ts[2m > [22m[2mRulesEngine[2m > [22m[2mfrontmatter parsing[2m > [22m[2mdefaults priority to 0 when not specified[22m[39m
01:59:40 [[32minfo[39m]  Discovered 1 rule files {"dir":"C:\\Users\\super\\AppData\\Local\\Temp\\rules-engine-test-CoEpCu"}
01:59:40 [[32minfo[39m]  Rules engine loaded: 1 rules {"alwaysApply":2,"hooked":[]}

[90mstdout[2m | src/services/__tests__/rules-engine.test.ts[2m > [22m[2mRulesEngine[2m > [22m[2mfrontmatter parsing[2m > [22m[2mdefaults enabled to true when not specified[22m[39m
01:59:40 [[32minfo[39m]  Discovered 1 rule files {"dir":"C:\\Users\\super\\AppData\\Local\\Temp\\rules-engine-test-GkzSlL"}

[90mstdout[2m | src/services/__tests__/rules-engine.test.ts[2m > [22m[2mRulesEngine[2m > [22m[2mfrontmatter parsing[2m > [22m[2mdefaults enabled to true when not specified[22m[39m
01:59:40 [[32minfo[39m]  Rules engine loaded: 1 rules {"alwaysApply":2,"hooked":[]}

[90mstdout[2m | src/game-systems/inventory/__tests__/owner-autowire-methods.test.ts[2m > [22m[2mInventory 绯荤粺瑙勬牸璇存槑楠岃瘉[2m > [22m[2m涓€銆佹纭緭鍏?[2m > [22m[2m鏌ヨ绫婚€氶厤绗?[2m > [22m[2m1.10 get_equipment ownerType 绮剧‘ 鈫?鎸?owner 杩囨护[22m[39m
01:59:40 [[33mwarn[39m]  Detected duplicate equipped items in same slot, auto-healing {"saveId":"save-1","ownerType":"character","ownerId":"char-1","duplicateIds":["item-1"]}

[90mstdout[2m | src/game-systems/inventory/__tests__/owner-autowire-methods.test.ts[2m > [22m[2mInventory 绯荤粺瑙勬牸璇存槑楠岃瘉[2m > [22m[2m涓€銆佹纭緭鍏?[2m > [22m[2m鍐欏叆绫婚粯璁?character[2m > [22m[2m1.11 add_item ownerType 绌?鈫?榛樿 character锛岃嚜鍔ㄦ敞鍏?characterId[22m[39m
01:59:40 [[32minfo[39m]  Inventory item already exists, applying incremental update {"saveId":"save-1","existingId":"item-1","existingName":"娌荤枟鑽按"}
01:59:40 [[32minfo[39m]  Inventory item incremental update applied {"saveId":"save-1","existingId":"item-1","updatedFields":["name","category","quantity"],"blockedFields":[]}

[90mstdout[2m | src/game-systems/inventory/__tests__/owner-autowire-methods.test.ts[2m > [22m[2mInventory 绯荤粺瑙勬牸璇存槑楠岃瘉[2m > [22m[2m涓€銆佹纭緭鍏?[2m > [22m[2m鍐欏叆绫婚粯璁?character[2m > [22m[2m1.12 add_item ownerType="npc" 鈫?璋冪敤 resolveNpcId 瑙ｆ瀽[22m[39m
01:59:40 [[32minfo[39m]  Inventory item already exists, applying incremental update {"saveId":"save-1","existingId":"item-1","existingName":"娌荤枟鑽按"}
01:59:40 [[32minfo[39m]  Inventory item incremental update applied {"saveId":"save-1","existingId":"item-1","updatedFields":["name","category","quantity"],"blockedFields":[]}

[90mstdout[2m | src/game-systems/inventory/__tests__/owner-autowire-methods.test.ts[2m > [22m[2mInventory 绯荤粺瑙勬牸璇存槑楠岃瘉[2m > [22m[2m涓€銆佹纭緭鍏?[2m > [22m[2m鍐欏叆绫婚粯璁?character[2m > [22m[2m1.13 remove_item 鍒犻櫎鍓嶆牎楠屽綊灞烇紙validateOwnership锛?[22m[39m
01:59:40 [[32minfo[39m]  Item removed completely {"inventoryId":"item-1"}

[90mstdout[2m | src/game-systems/inventory/__tests__/owner-autowire-methods.test.ts[2m > [22m[2mInventory 绯荤粺瑙勬牸璇存槑楠岃瘉[2m > [22m[2m涓€銆佹纭緭鍏?[2m > [22m[2m鍐欏叆绫婚粯璁?character[2m > [22m[2m1.14 update_item patch 鍖呭惈 ownerType/ownerId锛堜粠 item 鐪熷疄褰掑睘璇诲彇锛?[22m[39m
01:59:40 [[32minfo[39m]  Item updated {"inventoryId":"item-1","fields":["ownerType","ownerId","quantity"]}

[90mstdout[2m | src/game-systems/inventory/__tests__/owner-autowire-methods.test.ts[2m > [22m[2mInventory 绯荤粺瑙勬牸璇存槑楠岃瘉[2m > [22m[2m涓€銆佹纭緭鍏?[2m > [22m[2mNPC 鏀寔[2m > [22m[2m1.15 equip_item NPC 鐗╁搧 鈫?璋冪敤 recalculateNpcAttributes[22m[39m
01:59:40 [[32minfo[39m]  Item equipped {"inventoryId":"item-1","slot":"weapon","isArrayList":false,"replacedCount":0}

[90mstdout[2m | src/game-systems/inventory/__tests__/owner-autowire-methods.test.ts[2m > [22m[2mInventory 绯荤粺瑙勬牸璇存槑楠岃瘉[2m > [22m[2m涓€銆佹纭緭鍏?[2m > [22m[2mNPC 鏀寔[2m > [22m[2m1.16 unequip_item NPC 鐗╁搧 鈫?璋冪敤 recalculateNpcAttributes[22m[39m
01:59:40 [[32minfo[39m]  Item unequipped {"inventoryId":"item-1","previousSlot":"weapon"}

[90mstdout[2m | src/game-systems/inventory/__tests__/owner-autowire-methods.test.ts[2m > [22m[2mInventory 绯荤粺瑙勬牸璇存槑楠岃瘉[2m > [22m[2m涓€銆佹纭緭鍏?[2m > [22m[2mNPC 鏀寔[2m > [22m[2m1.17 unequip_item character 鐗╁搧 鈫?璋冪敤 recalculateDerivedAttributes[22m[39m
01:59:40 [[32minfo[39m]  Item unequipped {"inventoryId":"item-1","previousSlot":"weapon"}

[90mstdout[2m | src/game-systems/inventory/__tests__/owner-autowire-methods.test.ts[2m > [22m[2mInventory 绯荤粺瑙勬牸璇存槑楠岃瘉[2m > [22m[2m涓€銆佹纭緭鍏?[2m > [22m[2mNPC 鏀寔[2m > [22m[2m1.18 use_item NPC heal 鈫?璋冪敤 npcService.modifyNpcResource(saveId, npcId, "hp", value)[22m[39m
01:59:40 [[32minfo[39m]  Consumable used {"inventoryId":"item-1","itemName":"娌荤枟鑽按","remaining":2}

[90mstdout[2m | src/game-systems/inventory/__tests__/owner-autowire-methods.test.ts[2m > [22m[2mInventory 绯荤粺瑙勬牸璇存槑楠岃瘉[2m > [22m[2m涓€銆佹纭緭鍏?[2m > [22m[2mNPC 鏀寔[2m > [22m[2m1.19 use_item character heal 鈫?璋冪敤 characterService.modifyHealth[22m[39m
01:59:40 [[32minfo[39m]  Consumable used {"inventoryId":"item-1","itemName":"娌荤枟鑽按","remaining":2}

[90mstdout[2m | src/game-systems/inventory/__tests__/owner-autowire-methods.test.ts[2m > [22m[2mInventory 绯荤粺瑙勬牸璇存槑楠岃瘉[2m > [22m[2m涓€銆佹纭緭鍏?[2m > [22m[2mNPC 鏀寔[2m > [22m[2m1.20 trade_items NPC 鈫?閲戝竵鏌ヨ鐢?npcService.getNpcResources[22m[39m
01:59:40 [[32minfo[39m]  Item quantity reduced {"inventoryId":"item-1","newQuantity":2}
01:59:40 [[32minfo[39m]  Trade completed {"saveId":"save-1","soldCount":1,"boughtCount":0,"goldDelta":10,"newGoldBalance":60}

[90mstdout[2m | src/game-systems/inventory/__tests__/owner-autowire-methods.test.ts[2m > [22m[2mInventory 绯荤粺瑙勬牸璇存槑楠岃瘉[2m > [22m[2m涓€銆佹纭緭鍏?[2m > [22m[2mNPC 鏀寔[2m > [22m[2m1.21 trade_items NPC 鈫?閲戝竵淇敼鐢?npcService.modifyNpcResource(saveId, npcId, "currency", delta)[22m[39m
01:59:40 [[32minfo[39m]  Item quantity reduced {"inventoryId":"item-1","newQuantity":2}
01:59:40 [[32minfo[39m]  Trade completed {"saveId":"save-1","soldCount":1,"boughtCount":0,"goldDelta":10,"newGoldBalance":60}

[90mstdout[2m | src/game-systems/inventory/__tests__/owner-autowire-methods.test.ts[2m > [22m[2mInventory 绯荤粺瑙勬牸璇存槑楠岃瘉[2m > [22m[2m涓€銆佹纭緭鍏?[2m > [22m[2mNPC 鏀寔[2m > [22m[2m1.22 trade_items character 鈫?閲戝竵淇敼鐢?characterService.modifyCurrency[22m[39m
01:59:40 [[32minfo[39m]  Item quantity reduced {"inventoryId":"item-1","newQuantity":2}
01:59:40 [[32minfo[39m]  Trade completed {"saveId":"save-1","soldCount":1,"boughtCount":0,"goldDelta":10,"newGoldBalance":110}

[90mstdout[2m | src/game-systems/inventory/__tests__/owner-autowire-methods.test.ts[2m > [22m[2mInventory 绯荤粺瑙勬牸璇存槑楠岃瘉[2m > [22m[2m浜屻€侀敊璇緭鍏?[2m > [22m[2mresolveOwnerId 閿欒[2m > [22m[2m2.1 ownerType="npc" 浣?ownerId 涓虹┖ 鈫?鎶涢敊[22m[39m
01:59:40 [[31merror[39m]  Failed to get inventory {"saveId":"save-1","error":"ownerId is required when ownerType is npc"}

[90mstdout[2m | src/game-systems/inventory/__tests__/owner-autowire-methods.test.ts[2m > [22m[2mInventory 绯荤粺瑙勬牸璇存槑楠岃瘉[2m > [22m[2m浜屻€侀敊璇緭鍏?[2m > [22m[2mresolveOwnerId 閿欒[2m > [22m[2m2.2 ownerType="all" 鐢ㄤ簬鍐欏叆绫?鈫?鎶涢敊锛堝啓鍏ョ被涓嶆敮鎸侀€氶厤锛?[22m[39m
01:59:40 [[31merror[39m]  Failed to add item {"params":{"saveId":"save-1","name":"test","category":"weapon","ownerType":"all"},"error":"Invalid ownerType: all. Supported: 'character', 'npc', or undefined (defaults to character)"}

[90mstdout[2m | src/game-systems/inventory/__tests__/owner-autowire-methods.test.ts[2m > [22m[2mInventory 绯荤粺瑙勬牸璇存槑楠岃瘉[2m > [22m[2m浜屻€侀敊璇緭鍏?[2m > [22m[2mresolveOwnerId 閿欒[2m > [22m[2m2.3 ownerType 闈炴硶鍊?鈫?鎶涢敊[22m[39m
01:59:40 [[31merror[39m]  Failed to get inventory {"saveId":"save-1","error":"Invalid ownerType: invalid. Supported: 'character', 'npc', or undefined (defaults to character)"}

[90mstdout[2m | src/game-systems/inventory/__tests__/owner-autowire-methods.test.ts[2m > [22m[2mInventory 绯荤粺瑙勬牸璇存槑楠岃瘉[2m > [22m[2m浜屻€侀敊璇緭鍏?[2m > [22m[2m鍐欏叆绫诲綊灞炴牎楠岄敊璇?[2m > [22m[2m2.4 remove_item 褰掑睘涓嶅尮閰?鈫?鎶涢敊锛坕tem 灞炰簬 npc锛屼紶 character 鏍￠獙锛?[22m[39m
01:59:40 [[31merror[39m]  Failed to remove item {"saveId":"save-1","inventoryId":"item-1","error":"Item item-1 does not belong to character:char-1"}

[90mstdout[2m | src/game-systems/inventory/__tests__/owner-autowire-methods.test.ts[2m > [22m[2mInventory 绯荤粺瑙勬牸璇存槑楠岃瘉[2m > [22m[2m浜屻€侀敊璇緭鍏?[2m > [22m[2m鍐欏叆绫诲綊灞炴牎楠岄敊璇?[2m > [22m[2m2.5 update_item 褰掑睘涓嶅尮閰?鈫?鎶涢敊[22m[39m
01:59:40 [[31merror[39m]  Failed to update item {"params":{"saveId":"save-1","inventoryId":"item-1","quantity":5,"ownerType":"character"},"error":"Item item-1 does not belong to character:char-1"}

[90mstdout[2m | src/game-systems/inventory/__tests__/owner-autowire-methods.test.ts[2m > [22m[2mInventory 绯荤粺瑙勬牸璇存槑楠岃瘉[2m > [22m[2m浜屻€侀敊璇緭鍏?[2m > [22m[2m鍐欏叆绫诲綊灞炴牎楠岄敊璇?[2m > [22m[2m2.6 use_item 褰掑睘涓嶅尮閰?鈫?鎶涢敊[22m[39m
01:59:40 [[31merror[39m]  Failed to use item {"saveId":"save-1","inventoryId":"item-1","error":"Item item-1 does not belong to character:char-1"}

[90mstdout[2m | src/game-systems/inventory/__tests__/owner-autowire-methods.test.ts[2m > [22m[2mInventory 绯荤粺瑙勬牸璇存槑楠岃瘉[2m > [22m[2m浜屻€侀敊璇緭鍏?[2m > [22m[2m鍐欏叆绫诲綊灞炴牎楠岄敊璇?[2m > [22m[2m2.7 unequip_item 褰掑睘涓嶅尮閰?鈫?鎶涢敊锛堜慨澶嶅悗涓?validateOwnership 缁熶竴锛?[22m[39m
01:59:40 [[31merror[39m]  Failed to unequip item {"saveId":"save-1","inventoryId":"item-1","error":"Item item-1 does not belong to character:char-1"}

[90mstdout[2m | src/game-systems/inventory/__tests__/owner-autowire-methods.test.ts[2m > [22m[2mInventory 绯荤粺瑙勬牸璇存槑楠岃瘉[2m > [22m[2m浜屻€侀敊璇緭鍏?[2m > [22m[2m鍐欏叆绫诲綊灞炴牎楠岄敊璇?[2m > [22m[2m2.8 unequip_item ownerType="npc" + 閿欒 ownerId 鈫?鎶涢敊[22m[39m
01:59:40 [[31merror[39m]  Failed to unequip item {"saveId":"save-1","inventoryId":"item-1","error":"Item item-1 does not belong to npc:npc-999"}

[90mstdout[2m | src/game-systems/inventory/__tests__/owner-autowire-methods.test.ts[2m > [22m[2mInventory 绯荤粺瑙勬牸璇存槑楠岃瘉[2m > [22m[2m浜屻€侀敊璇緭鍏?[2m > [22m[2m鍐欏叆绫诲綊灞炴牎楠岄敊璇?[2m > [22m[2m2.9 unequip_item ownerType="npc" 浣?ownerId 涓虹┖ 鈫?鎶涢敊[22m[39m
01:59:40 [[31merror[39m]  Failed to unequip item {"saveId":"save-1","inventoryId":"item-1","error":"ownerId is required when ownerType is npc"}

[90mstdout[2m | src/game-systems/inventory/__tests__/owner-autowire-methods.test.ts[2m > [22m[2mInventory 绯荤粺瑙勬牸璇存槑楠岃瘉[2m > [22m[2m浜屻€侀敊璇緭鍏?[2m > [22m[2m鏌ヨ绫婚敊璇?[2m > [22m[2m2.10 get_item 鎸夊悕绉版煡鏃犲尮閰?鈫?鎶涢敊[22m[39m
01:59:40 [[31merror[39m]  Failed to get item {"saveId":"save-1","inventoryId":"涓嶅瓨鍦ㄧ殑鐗╁搧","error":"Inventory item not found: 涓嶅瓨鍦ㄧ殑鐗╁搧. 寤鸿锛氫娇鐢?list_inventory 鏌ョ湅鑳屽寘涓墍鏈夌墿鍝?}

[90mstdout[2m | src/game-systems/inventory/__tests__/owner-autowire-methods.test.ts[2m > [22m[2mInventory 绯荤粺瑙勬牸璇存槑楠岃瘉[2m > [22m[2m浜屻€侀敊璇緭鍏?[2m > [22m[2m鏌ヨ绫婚敊璇?[2m > [22m[2m2.11 get_item 鎸?ID 鏌ユ棤鍖归厤 鈫?鎶涢敊[22m[39m
01:59:40 [[31merror[39m]  Failed to get item {"saveId":"save-1","inventoryId":"nonexistent-id","error":"Inventory item not found: nonexistent-id. 寤鸿锛氫娇鐢?list_inventory 鏌ョ湅鑳屽寘涓墍鏈夌墿鍝?}

[90mstdout[2m | src/game-systems/inventory/__tests__/owner-autowire-methods.test.ts[2m > [22m[2mInventory 绯荤粺瑙勬牸璇存槑楠岃瘉[2m > [22m[2m涓夈€侀儴鍒嗘纭緭鍏ワ紙杈圭晫鍦烘櫙锛?[2m > [22m[2mname/id 鍙屽吋瀹癸紙鏂囨。 1.3 / Q2锛?[2m > [22m[2m3.1 add_item ownerId 浼?NPC 鍚嶇О 鈫?鑷姩 resolveNpcId 涓?ID[22m[39m
01:59:40 [[32minfo[39m]  Inventory item already exists, applying incremental update {"saveId":"save-1","existingId":"item-1","existingName":"娌荤枟鑽按"}
01:59:40 [[32minfo[39m]  Inventory item incremental update applied {"saveId":"save-1","existingId":"item-1","updatedFields":["name","quantity"],"blockedFields":[]}

[90mstdout[2m | src/game-systems/inventory/__tests__/owner-autowire-methods.test.ts[2m > [22m[2mInventory 绯荤粺瑙勬牸璇存槑楠岃瘉[2m > [22m[2m涓夈€侀儴鍒嗘纭緭鍏ワ紙杈圭晫鍦烘櫙锛?[2m > [22m[2mname/id 鍙屽吋瀹癸紙鏂囨。 1.3 / Q2锛?[2m > [22m[2m3.2 add_item ownerId 浼?NPC ID 鈫?鐩存帴浣跨敤锛屼粛璋冪敤 resolveNpcId锛堜竴鑷磋涓猴級[22m[39m
01:59:40 [[32minfo[39m]  Inventory item already exists, applying incremental update {"saveId":"save-1","existingId":"item-1","existingName":"娌荤枟鑽按"}
01:59:40 [[32minfo[39m]  Inventory item incremental update applied {"saveId":"save-1","existingId":"item-1","updatedFields":["name","quantity"],"blockedFields":[]}

[90mstdout[2m | src/game-systems/inventory/__tests__/owner-autowire-methods.test.ts[2m > [22m[2mInventory 绯荤粺瑙勬牸璇存槑楠岃瘉[2m > [22m[2m涓夈€侀儴鍒嗘纭緭鍏ワ紙杈圭晫鍦烘櫙锛?[2m > [22m[2munequip_item 褰掑睘鏍￠獙杈圭晫锛堜慨澶嶅悗琛屼负锛?[2m > [22m[2m3.6 unequip_item NPC 鐗╁搧 + 姝ｇ‘ ownerType="npc" + ownerId 鈫?鎴愬姛鍗镐笅[22m[39m
01:59:40 [[32minfo[39m]  Item unequipped {"inventoryId":"item-1","previousSlot":"weapon"}

[90mstdout[2m | src/game-systems/inventory/__tests__/owner-autowire-methods.test.ts[2m > [22m[2mInventory 绯荤粺瑙勬牸璇存槑楠岃瘉[2m > [22m[2m涓夈€侀儴鍒嗘纭緭鍏ワ紙杈圭晫鍦烘櫙锛?[2m > [22m[2munequip_item 褰掑睘鏍￠獙杈圭晫锛堜慨澶嶅悗琛屼负锛?[2m > [22m[2m3.7 unequip_item character 鐗╁搧 + 涓嶄紶 ownerType 鈫?鎴愬姛鍗镐笅锛堥粯璁?character 鍖归厤锛?[22m[39m
01:59:40 [[32minfo[39m]  Item unequipped {"inventoryId":"item-1","previousSlot":"weapon"}

[90mstdout[2m | src/game-systems/inventory/__tests__/owner-autowire-methods.test.ts[2m > [22m[2mInventory 绯荤粺瑙勬牸璇存槑楠岃瘉[2m > [22m[2m涓夈€侀儴鍒嗘纭緭鍏ワ紙杈圭晫鍦烘櫙锛?[2m > [22m[2munequip_item 褰掑睘鏍￠獙杈圭晫锛堜慨澶嶅悗琛屼负锛?[2m > [22m[2m3.8 unequip_item 鏈澶囩殑鐗╁搧 鈫?鎶涢敊[22m[39m
01:59:40 [[31merror[39m]  Failed to unequip item {"saveId":"save-1","inventoryId":"item-1","error":"Item is not equipped: item-1"}

[90mstdout[2m | src/game-systems/inventory/__tests__/owner-autowire-methods.test.ts[2m > [22m[2mInventory 绯荤粺瑙勬牸璇存槑楠岃瘉[2m > [22m[2m涓夈€侀儴鍒嗘纭緭鍏ワ紙杈圭晫鍦烘櫙锛?[2m > [22m[2muse_item 鏁堟灉绫诲瀷杈圭晫[2m > [22m[2m3.9 use_item NPC mana_restore 鈫?璋冪敤 npcService.modifyNpcResource(saveId, npcId, "mp", value)[22m[39m
01:59:40 [[32minfo[39m]  Consumable used {"inventoryId":"item-1","itemName":"娌荤枟鑽按","remaining":2}

[90mstdout[2m | src/game-systems/inventory/__tests__/owner-autowire-methods.test.ts[22m[39m
01:59:39 [[32minfo[39m]  Help registry loaded: 22 tools {"tools":["batch_query_service","challenge_service","... (22 items)"]}
01:59:39 [[32minfo[39m]  Creating GameMasterAgent (as AgentRuntime with isSubAgent=false)
01:59:39 [[32minfo[39m]  Handler subscribed {"eventType":"dialogue"}
01:59:39 [[32minfo[39m]  Handler subscribed {"eventType":"combat_end"}
01:59:39 [[32minfo[39m]  AwarenessAutoSubscriber subscribed to dialogue + combat_end events
01:59:39 [[32minfo[39m]  Agent initialized: gamemaster - GameMasterAgent
01:59:39 [[32minfo[39m] [AGENT-START] Agent gamemaster starting {"agent":"gamemaster","provider":null,"toolsConfigured":1,"maxIterations":200,"isSubAgent":false}
01:59:39 [[32minfo[39m]  Handler subscribed {"eventType":"chapter_advanced"}
01:59:39 [[32minfo[39m]  Creating AgentRuntime instances from default profile: fantasy_rpg
01:59:39 [[32minfo[39m]  Creating agents from profile: fantasy_rpg {"agentCount":10}
01:59:39 [[32minfo[39m]  Agent initialized: gamemaster - GameMasterAgent
01:59:39 [[32minfo[39m] [AGENT-START] Agent gamemaster starting {"agent":"gamemaster","provider":null,"toolsConfigured":1,"maxIterations":200,"isSubAgent":false}
01:59:39 [[32minfo[39m]  Created AgentRuntime: gamemaster {"profile":"fantasy_rpg","tools":["all"]}
01:59:39 [[32minfo[39m]  Agent initialized: map - MapAgent
01:59:39 [[32minfo[39m] [AGENT-START] Agent map starting {"agent":"map","provider":null,"toolsConfigured":7,"maxIterations":200,"isSubAgent":true}
01:59:39 [[32minfo[39m]  Created AgentRuntime: map {"profile":"fantasy_rpg","tools":["map_service","npc_service","... (7 items)"]}
01:59:39 [[32minfo[39m]  Agent initialized: challenge - ChallengeAgent
01:59:39 [[32minfo[39m] [AGENT-START] Agent challenge starting {"agent":"challenge","provider":null,"toolsConfigured":9,"maxIterations":200,"isSubAgent":true}
01:59:39 [[32minfo[39m]  Created AgentRuntime: challenge {"profile":"fantasy_rpg","tools":["challenge_service","numerical_service","... (9 items)"]}
01:59:39 [[32minfo[39m]  Agent initialized: output - OutputAgent
01:59:39 [[32minfo[39m] [AGENT-START] Agent output starting {"agent":"output","provider":null,"toolsConfigured":5,"maxIterations":200,"isSubAgent":true}
01:59:39 [[32minfo[39m]  Created AgentRuntime: output {"profile":"fantasy_rpg","tools":["dialogue_service","dynamic_ui","... (5 items)"]}
01:59:39 [[32minfo[39m]  Agent initialized: quest - QuestAgent
01:59:39 [[32minfo[39m] [AGENT-START] Agent quest starting {"agent":"quest","provider":null,"toolsConfigured":11,"maxIterations":200,"isSubAgent":true}
01:59:39 [[32minfo[39m]  Created AgentRuntime: quest {"profile":"fantasy_rpg","tools":["quest_service","numerical_service","... (11 items)"]}
01:59:39 [[32minfo[39m]  Agent initialized: npc_party - NPCPartyAgent
01:59:39 [[32minfo[39m] [AGENT-START] Agent npc_party starting {"agent":"npc_party","provider":null,"toolsConfigured":9,"maxIterations":200,"isSubAgent":true}
01:59:39 [[32minfo[39m]  Created AgentRuntime: npc_party {"profile":"fantasy_rpg","tools":["npc_service","entity_graph_service","... (9 items)"]}
01:59:39 [[32minfo[39m]  Agent initialized: inventory - InventoryAgent
01:59:39 [[32minfo[39m] [AGENT-START] Agent inventory starting {"agent":"inventory","provider":null,"toolsConfigured":8,"maxIterations":200,"isSubAgent":true}
01:59:39 [[32minfo[39m]  Created AgentRuntime: inventory {"profile":"fantasy_rpg","tools":["inventory_service","template_pool_service","... (8 items)"]}
01:59:39 [[32minfo[39m]  Agent initialized: skill - SkillAgent
01:59:39 [[32minfo[39m] [AGENT-START] Agent skill starting {"agent":"skill","provider":null,"toolsConfigured":7,"maxIterations":200,"isSubAgent":true}
01:59:39 [[32minfo[39m]  Created AgentRuntime: skill {"profile":"fantasy_rpg","tools":["skill_service","template_pool_service","... (7 items)"]}
01:59:39 [[32minfo[39m]  Agent initialized: event - EventAgent
01:59:39 [[32minfo[39m] [AGENT-START] Agent event starting {"agent":"event","provider":null,"toolsConfigured":5,"maxIterations":200,"isSubAgent":true}
01:59:39 [[32minfo[39m]  Created AgentRuntime: event {"profile":"fantasy_rpg","tools":["event_service","game_time_service","... (5 items)"]}
01:59:39 [[32minfo[39m]  Agent initialized: time - TimeAgent
01:59:39 [[32minfo[39m] [AGENT-START] Agent time starting {"agent":"time","provider":null,"toolsConfigured":4,"maxIterations":200,"isSubAgent":true}
01:59:39 [[32minfo[39m]  Created AgentRuntime: time {"profile":"fantasy_rpg","tools":["game_time_service","rule_service","... (4 items)"]}
01:59:39 [[32minfo[39m]  Permissions configured from agent.tools for profile: fantasy_rpg
01:59:39 [[32minfo[39m]  YAML permissions configured
01:59:39 [[32minfo[39m]  Registering AgentRuntime instances to GameMasterAgent...
01:59:39 [[32minfo[39m]  Registered AgentRuntime to Coordinator: gamemaster
01:59:39 [[32minfo[39m]  Registered AgentRuntime to Coordinator: map
01:59:39 [[32minfo[39m]  Registered AgentRuntime to Coordinator: challenge
01:59:39 [[32minfo[39m]  Registered AgentRuntime to Coordinator: output
01:59:39 [[32minfo[39m]  Registered AgentRuntime to Coordinator: quest
01:59:39 [[32minfo[39m]  Registered AgentRuntime to Coordinator: npc_party
01:59:39 [[32minfo[39m]  Registered AgentRuntime to Coordinator: inventory
01:59:39 [[32minfo[39m]  Registered AgentRuntime to Coordinator: skill
01:59:39 [[32minfo[39m]  Registered AgentRuntime to Coordinator: event
01:59:39 [[32minfo[39m]  Registered AgentRuntime to Coordinator: time
01:59:39 [[32minfo[39m]  GameDataExpander configured (manifest path enabled)
01:59:39 [[32minfo[39m]  DedupService configured (dispatch log persistence enabled)
01:59:39 [[32minfo[39m]  Agent system initialized: 10 AgentRuntime instances created
鉁?Agent system initialized with 10 agents
鈿狅笍 YAML Agent system skipped: __vi_import_5__.initializeYamlAgentSystem is not a function
01:59:39 [[32minfo[39m]  Agent routes initialized
01:59:39 [[32minfo[39m]  Save routes initialized
01:59:39 [[32minfo[39m]  Synced template from YAML to DB: cthulhu-investigation
01:59:39 [[32minfo[39m]  Synced template from YAML to DB: cyberpunk-mercenary
01:59:39 [[32minfo[39m]  Synced template from YAML to DB: medieval-fantasy
01:59:39 [[32minfo[39m]  Synced template from YAML to DB: modern-romance
01:59:39 [[32minfo[39m]  Synced template from YAML to DB: xianxia
01:59:39 [[32minfo[39m]  Synced 5 templates from YAML to database
01:59:40 [[32minfo[39m]  Cache refreshed with 5 templates
01:59:40 [[32minfo[39m]  TemplateService loaded {"cachedTemplates":5}
鉁?Template YAML loaded and synced to DB
01:59:40 [[32minfo[39m]  Template routes initialized
鉁?Test environment setup complete
鉁?Database connection closed

 [33m鉂?[39m src/game-systems/inventory/__tests__/owner-autowire-methods.test.ts [2m ([22m[2m43 tests[22m [2m|[22m [31m4 failed[39m[2m)[22m[33m 2141[2mms[22m[39m
[31m   [33m鉂?[31m src/game-systems/inventory/__tests__/owner-autowire-methods.test.ts[2m > [22mInventory 绯荤粺瑙勬牸璇存槑楠岃瘉[2m > [22m涓€銆佹纭緭鍏?[2m > [22m鍐欏叆绫婚粯璁?character[2m > [22m1.11 add_item ownerType 绌?鈫?榛樿 character锛岃嚜鍔ㄦ敞鍏?characterId[39m
[31m     鈫?expected "spy" to be called with arguments: [ ObjectContaining{鈥, undefined ][90m

Received: 

[31m[90m

Number of calls: [1m0[22m
[31m[39m
[31m   [33m鉂?[31m src/game-systems/inventory/__tests__/owner-autowire-methods.test.ts[2m > [22mInventory 绯荤粺瑙勬牸璇存槑楠岃瘉[2m > [22m涓€銆佹纭緭鍏?[2m > [22m鍐欏叆绫婚粯璁?character[2m > [22m1.12 add_item ownerType="npc" 鈫?璋冪敤 resolveNpcId 瑙ｆ瀽[39m
[31m     鈫?expected "spy" to be called with arguments: [ ObjectContaining{鈥, undefined ][90m

Received: 

[31m[90m

Number of calls: [1m0[22m
[31m[39m
[31m   [33m鉂?[31m src/game-systems/inventory/__tests__/owner-autowire-methods.test.ts[2m > [22mInventory 绯荤粺瑙勬牸璇存槑楠岃瘉[2m > [22m涓夈€侀儴鍒嗘纭緭鍏ワ紙杈圭晫鍦烘櫙锛?[2m > [22mname/id 鍙屽吋瀹癸紙鏂囨。 1.3 / Q2锛?[2m > [22m3.1 add_item ownerId 浼?NPC 鍚嶇О 鈫?鑷姩 resolveNpcId 涓?ID[39m
[31m     鈫?expected "spy" to be called with arguments: [ ObjectContaining{鈥, undefined ][90m

Received: 

[31m[90m

Number of calls: [1m0[22m
[31m[39m
[31m   [33m鉂?[31m src/game-systems/inventory/__tests__/owner-autowire-methods.test.ts[2m > [22mInventory 绯荤粺瑙勬牸璇存槑楠岃瘉[2m > [22m涓夈€侀儴鍒嗘纭緭鍏ワ紙杈圭晫鍦烘櫙锛?[2m > [22mname/id 鍙屽吋瀹癸紙鏂囨。 1.3 / Q2锛?[2m > [22m3.2 add_item ownerId 浼?NPC ID 鈫?鐩存帴浣跨敤锛屼粛璋冪敤 resolveNpcId锛堜竴鑷磋涓猴級[39m
[31m     鈫?expected "spy" to be called with arguments: [ ObjectContaining{鈥, undefined ][90m

Received: 

[31m[90m

Number of calls: [1m0[22m
[31m[39m
[90mstdout[2m | src/routes/__tests__/e2e-game-core.test.ts[22m[39m
01:59:40 [[32minfo[39m]  Discovered 187 help files {"dir":"C:\\Users\\super\\Documents\\trae_projects\\AGG-main\\packages\\backend\\config\\agent-help"}

[90mstdout[2m | src/services/__tests__/rules-engine.test.ts[2m > [22m[2mRulesEngine[2m > [22m[2mfrontmatter parsing[2m > [22m[2mnormalizes single hook string to array[22m[39m
01:59:40 [[32minfo[39m]  Discovered 1 rule files {"dir":"C:\\Users\\super\\AppData\\Local\\Temp\\rules-engine-test-wFOOlT"}

[90mstdout[2m | src/services/__tests__/rules-engine.test.ts[2m > [22m[2mRulesEngine[2m > [22m[2mfrontmatter parsing[2m > [22m[2mnormalizes single hook string to array[22m[39m
01:59:40 [[32minfo[39m]  Rules engine loaded: 1 rules {"alwaysApply":0,"hooked":["initialize"]}

[90mstdout[2m | src/services/__tests__/ws-request-handler.test.ts[2m > [22m[2mWS 娓告垙璇锋眰澶勭悊鍣?[2m > [22m[2mhandleWSGameRequest 鈥?鍒濆鍖栬矾鐢?[2m > [22m[2maction 涓?initialize 鏃惰皟鐢?handleWSInitialize 閫昏緫[22m[39m
01:59:40 [[33mwarn[39m]  WS handler: client not authenticated req-init
01:59:40 [[32minfo[39m]  A0: Save record created {"saveId":"save-mock-001","templateId":"medieval-fantasy"}
01:59:40 [[32minfo[39m]  A1: Character created {"characterId":"char-mock-001","characterName":"TestHero"}
01:59:40 [[32minfo[39m]  A1.1: Character node ensured in entity graph {"saveId":"save-mock-001","characterId":"char-mock-001"}
01:59:40 [[32minfo[39m]  EG-M1-4: EntityGraphBuilder.enrichFromExistingData completed {"saveId":"save-mock-001"}
01:59:40 [[32minfo[39m]  Updated character location after init {"saveId":"save-mock-001","locationId":"loc-mock-001","locationName":"璧峰鏉戝簞"}

[90mstdout[2m | src/services/__tests__/ws-request-handler.test.ts[2m > [22m[2mWS 娓告垙璇锋眰澶勭悊鍣?[2m > [22m[2mhandleWSGameRequest 鈥?鍒濆鍖栬矾鐢?[2m > [22m[2m缂哄皯 templateId 鏃跺彂閫?game:error[22m[39m
01:59:40 [[33mwarn[39m]  WS handler: client not authenticated req-init

[90mstdout[2m | src/services/__tests__/ws-request-handler.test.ts[2m > [22m[2mWS 娓告垙璇锋眰澶勭悊鍣?[2m > [22m[2mhandleWSGameRequest 鈥?瀵硅瘽璺敱[2m > [22m[2maction 涓?chat 鏃惰皟鐢?handleWSChat 閫昏緫[22m[39m
01:59:40 [[33mwarn[39m]  WS handler: client not authenticated req-chat

[90mstdout[2m | src/services/__tests__/ws-request-handler.test.ts[2m > [22m[2mWS 娓告垙璇锋眰澶勭悊鍣?[2m > [22m[2mhandleWSGameRequest 鈥?瀵硅瘽璺敱[2m > [22m[2m缂哄皯 saveId 鏃跺彂閫?game:error[22m[39m
01:59:40 [[33mwarn[39m]  WS handler: client not authenticated req-chat

[90mstdout[2m | src/services/__tests__/ws-request-handler.test.ts[2m > [22m[2mWS 娓告垙璇锋眰澶勭悊鍣?[2m > [22m[2mgame-service processInitialize 鈥?杩涘害閫氳繃 Hook 鑷姩瑙﹀彂[2m > [22m[2m涓嶅啀闇€瑕?onProgress 鍥炶皟鍙傛暟[22m[39m
01:59:40 [[32minfo[39m]  A0: Save record created {"saveId":"save-mock-001","templateId":"medieval-fantasy"}
01:59:40 [[32minfo[39m]  A1: Character created {"characterId":"char-mock-001","characterName":"TestHero"}
01:59:40 [[32minfo[39m]  A1.1: Character node ensured in entity graph {"saveId":"save-mock-001","characterId":"char-mock-001"}
01:59:40 [[32minfo[39m]  EG-M1-4: EntityGraphBuilder.enrichFromExistingData completed {"saveId":"save-mock-001"}
01:59:40 [[32minfo[39m]  Updated character location after init {"saveId":"save-mock-001","locationId":"loc-mock-001","locationName":"璧峰鏉戝簞"}

[90mstdout[2m | src/services/__tests__/ws-request-handler.test.ts[2m > [22m[2mWS 娓告垙璇锋眰澶勭悊鍣?[2m > [22m[2mWS 娑堟伅鍗忚鏍煎紡[2m > [22m[2mgame:result 娑堟伅鏍煎紡鍖呭惈 type/requestId/data/intentHint[22m[39m
01:59:40 [[33mwarn[39m]  WS handler: client not authenticated req-resu
01:59:40 [[32minfo[39m]  A0: Save record created {"saveId":"save-mock-001","templateId":"medieval-fantasy"}
01:59:40 [[32minfo[39m]  A1: Character created {"characterId":"char-mock-001","characterName":"TestHero"}
01:59:40 [[32minfo[39m]  A1.1: Character node ensured in entity graph {"saveId":"save-mock-001","characterId":"char-mock-001"}
01:59:40 [[32minfo[39m]  EG-M1-4: EntityGraphBuilder.enrichFromExistingData completed {"saveId":"save-mock-001"}
01:59:40 [[32minfo[39m]  Updated character location after init {"saveId":"save-mock-001","locationId":"loc-mock-001","locationName":"璧峰鏉戝簞"}

[90mstdout[2m | src/services/__tests__/ws-request-handler.test.ts[2m > [22m[2mWS 娓告垙璇锋眰澶勭悊鍣?[2m > [22m[2mWS 娑堟伅鍗忚鏍煎紡[2m > [22m[2mgame:error 娑堟伅鏍煎紡鍖呭惈 type/requestId/error/recoverable[22m[39m
01:59:40 [[33mwarn[39m]  WS handler: client not authenticated req-erro

[90mstdout[2m | src/services/__tests__/ws-request-handler.test.ts[2m > [22m[2mWS 娓告垙璇锋眰澶勭悊鍣?[2m > [22m[2m妯″潡I: 鍝嶅簲鍙戦€佹椂娓呯悊 pending 璇锋眰[2m > [22m[2m鎴愬姛鍝嶅簲鏃惰皟鐢?completePendingRequest[22m[39m
01:59:40 [[33mwarn[39m]  WS handler: client not authenticated req-clea
01:59:40 [[32minfo[39m]  A0: Save record created {"saveId":"save-mock-001","templateId":"medieval-fantasy"}
01:59:40 [[32minfo[39m]  A1: Character created {"characterId":"char-mock-001","characterName":"TestHero"}
01:59:40 [[32minfo[39m]  A1.1: Character node ensured in entity graph {"saveId":"save-mock-001","characterId":"char-mock-001"}
01:59:40 [[32minfo[39m]  EG-M1-4: EntityGraphBuilder.enrichFromExistingData completed {"saveId":"save-mock-001"}
01:59:40 [[32minfo[39m]  Updated character location after init {"saveId":"save-mock-001","locationId":"loc-mock-001","locationName":"璧峰鏉戝簞"}

[90mstdout[2m | src/services/__tests__/ws-request-handler.test.ts[2m > [22m[2mWS 娓告垙璇锋眰澶勭悊鍣?[2m > [22m[2m妯″潡I: 鍝嶅簲鍙戦€佹椂娓呯悊 pending 璇锋眰[2m > [22m[2m閿欒鍝嶅簲鏃惰皟鐢?completePendingRequest[22m[39m
01:59:40 [[33mwarn[39m]  WS handler: client not authenticated req-clea

[90mstdout[2m | src/services/__tests__/ws-request-handler.test.ts[22m[39m
鉁?Database connection closed

 [32m鉁?[39m src/services/__tests__/ws-request-handler.test.ts [2m ([22m[2m10 tests[22m[2m)[22m[33m 2186[2mms[22m[39m
[90mstdout[2m | src/services/__tests__/rules-engine.test.ts[2m > [22m[2mRulesEngine[2m > [22m[2mfrontmatter parsing[2m > [22m[2mnormalizes hook array[22m[39m
01:59:40 [[32minfo[39m]  Discovered 1 rule files {"dir":"C:\\Users\\super\\AppData\\Local\\Temp\\rules-engine-test-75sywE"}

[90mstdout[2m | src/services/__tests__/rules-engine.test.ts[2m > [22m[2mRulesEngine[2m > [22m[2mfrontmatter parsing[2m > [22m[2mnormalizes hook array[22m[39m
01:59:40 [[32minfo[39m]  Rules engine loaded: 1 rules {"alwaysApply":0,"hooked":["initialize","chat"]}

[90mstdout[2m | src/services/__tests__/ws-e2e-flow.test.ts[22m[39m
008: added saves.active_challenge_mode column
Migration 008_add_saves_active_challenge_mode.ts completed successfully
All migrations completed
鉁?Migrations completed
All seeds completed
鉁?Seeds completed
01:59:40 [[32minfo[39m]  Starting YAML-driven Agent system initialization
01:59:40 [[32minfo[39m]  Seeding ModelConfigService from environment
01:59:40 [[32minfo[39m]  No DEEPSEEK_API_KEY env var found, skipping env seed
01:59:40 [[32minfo[39m]  Seeded provider from convict config {"providerType":"openai","providerId":"68e7ee58-0e1d-4e7d-948c-2188e7de4313","model":"openrouter/free"}
01:59:40 [[32minfo[39m]  Creating LLMService with ModelConfigService
01:59:40 [[32minfo[39m]  Creating ContextService and DecisionLogService instances
01:59:40 [[32minfo[39m]  Initializing YAML-driven Agent profiles...
01:59:40 [[32minfo[39m]  Loading config from directory: C:\Users\super\Documents\trae_projects\AGG-main\packages\backend\config
01:59:40 [[32minfo[39m]  Loaded agent profile: fantasy_rpg
01:59:40 [[32minfo[39m]  Loaded agent profile: minimal_test
01:59:40 [[32minfo[39m]  Loaded 0 non-builtin profiles from database (0 builtin skipped, using YAML)
01:59:40 [[32minfo[39m]  Config loaded successfully: 2 profiles
01:59:40 [[32minfo[39m]  YAML config loaded successfully
01:59:40 [[32minfo[39m]  Context rules loaded {"agentCount":10}
01:59:40 [[32minfo[39m]  Default manifests loaded {"agentTypeCount":6,"manifestCount":8}
01:59:40 [[32minfo[39m]  Context rules file watcher started {"path":"C:\\Users\\super\\Documents\\trae_projects\\AGG-main\\packages\\backend\\config\\agent-context-rules.yaml"}
01:59:40 [[32minfo[39m]  Loaded 10 agent capabilities from YAML profiles
01:59:40 [[32minfo[39m]  ToolRegistry initialized
01:59:40 [[32minfo[39m]  Registering ServiceTools to ToolRegistry
01:59:40 [[32minfo[39m]  Tool registered: game_time_service - GameTime Service (v1.0.0)
01:59:40 [[32minfo[39m]  Tool registered: numerical_service - Numerical Service (v1.0.0)
01:59:40 [[32minfo[39m]  Tool registered: character_service - Character Service (v1.0.0)
01:59:40 [[32minfo[39m]  Tool registered: inventory_service - Inventory Service (v1.0.0)
01:59:40 [[32minfo[39m]  Tool registered: skill_service - Skill Service (v1.1.0)
01:59:40 [[32minfo[39m]  Tool registered: map_service - Map Service (v2.0.0)
01:59:40 [[32minfo[39m]  Tool registered: npc_service - NPC Service (v1.0.0)
01:59:40 [[32minfo[39m]  Tool registered: dialogue_service - Dialogue Service (v1.0.0)
01:59:40 [[32minfo[39m]  Tool registered: quest_service - Quest Service (v1.0.0)
01:59:40 [[32minfo[39m]  Tool registered: challenge_service - Challenge Service (v1.0.0)
01:59:40 [[32minfo[39m]  Tool registered: event_service - Event Service (v1.0.0)
01:59:40 [[32minfo[39m]  Tool registered: story_service - Story Service (v1.0.0)
01:59:40 [[32minfo[39m]  Tool registered: game_init_service - Game Init Service (v2.0.0)
01:59:40 [[32minfo[39m]  Tool registered: batch_query_service - Batch Query Service (v1.0.0)
01:59:40 [[32minfo[39m]  Tool registered: entity_graph_service - Entity Graph Service (v1.0.0)
01:59:40 [[32minfo[39m]  Tool registered: template_pool_service - Template Pool Service (v1.0.0)
01:59:40 [[32minfo[39m]  Tool registered: dynamic_ui - Dynamic UI Service (v1.0.0)
01:59:40 [[32minfo[39m]  Tool registered: generate_options - Generate Options Service (v2.0.0)
01:59:40 [[32minfo[39m]  Tool registered: coordinator_service - Coordinator Service (v1.0.0)
01:59:40 [[32minfo[39m]  Tool registered: rule_service - Rule Service (v1.0.0)
01:59:40 [[32minfo[39m]  Tool registered: skill_loader - Skill Loader (v1.0.0)
01:59:40 [[32minfo[39m]  Tool registered: help_service - Help Service (v1.0.0)
01:59:40 [[32minfo[39m]  Tool registered: memory_service - Memory Service (v1.0.0)
01:59:40 [[32minfo[39m]  Registered 23 ServiceTools to ToolRegistry
01:59:40 [[32minfo[39m]  Tool reference validation passed

[90mstdout[2m | unknown test[22m[39m
01:59:40 [[33mwarn[39m]  broadcastToClient: no client found, enqueuing for replay req-155 {"clientId":"client_test_overflow","eventType":"agent_progress"}
01:59:40 [[33mwarn[39m]  broadcastToClient: no client found, enqueuing for replay req-156 {"clientId":"client_test_overflow","eventType":"agent_progress"}
01:59:40 [[33mwarn[39m]  broadcastToClient: no client found, enqueuing for replay req-157 {"clientId":"client_test_overflow","eventType":"agent_progress"}
01:59:40 [[33mwarn[39m]  broadcastToClient: no client found, enqueuing for replay req-158 {"clientId":"client_test_overflow","eventType":"agent_progress"}
01:59:40 [[33mwarn[39m]  broadcastToClient: no client found, enqueuing for replay req-159 {"clientId":"client_test_overflow","eventType":"agent_progress"}
01:59:40 [[33mwarn[39m]  broadcastToClient: no client found, enqueuing for replay req-160 {"clientId":"client_test_overflow","eventType":"agent_progress"}
01:59:40 [[33mwarn[39m]  broadcastToClient: no client found, enqueuing for replay req-161 {"clientId":"client_test_overflow","eventType":"agent_progress"}
01:59:40 [[33mwarn[39m]  broadcastToClient: no client found, enqueuing for replay req-162 {"clientId":"client_test_overflow","eventType":"agent_progress"}
01:59:40 [[33mwarn[39m]  broadcastToClient: no client found, enqueuing for replay req-163 {"clientId":"client_test_overflow","eventType":"agent_progress"}
01:59:40 [[33mwarn[39m]  broadcastToClient: no client found, enqueuing for replay req-164 {"clientId":"client_test_overflow","eventType":"agent_progress"}
01:59:40 [[33mwarn[39m]  broadcastToClient: no client found, enqueuing for replay req-165 {"clientId":"client_test_overflow","eventType":"agent_progress"}
01:59:40 [[33mwarn[39m]  broadcastToClient: no client found, enqueuing for replay req-166 {"clientId":"client_test_overflow","eventType":"agent_progress"}
01:59:40 [[33mwarn[39m]  broadcastToClient: no client found, enqueuing for replay req-167 {"clientId":"client_test_overflow","eventType":"agent_progress"}
01:59:40 [[33mwarn[39m]  broadcastToClient: no client found, enqueuing for replay req-168 {"clientId":"client_test_overflow","eventType":"agent_progress"}
01:59:40 [[33mwarn[39m]  broadcastToClient: no client found, enqueuing for replay req-169 {"clientId":"client_test_overflow","eventType":"agent_progress"}
01:59:40 [[33mwarn[39m]  broadcastToClient: no client found, enqueuing for replay req-170 {"clientId":"client_test_overflow","eventType":"agent_progress"}
01:59:40 [[33mwarn[39m]  broadcastToClient: no client found, enqueuing for replay req-171 {"clientId":"client_test_overflow","eventType":"agent_progress"}
01:59:40 [[33mwarn[39m]  broadcastToClient: no client found, enqueuing for replay req-172 {"clientId":"client_test_overflow","eventType":"agent_progress"}
01:59:40 [[33mwarn[39m]  broadcastToClient: no client found, enqueuing for replay req-173 {"clientId":"client_test_overflow","eventType":"agent_progress"}
01:59:40 [[33mwarn[39m]  broadcastToClient: no client found, enqueuing for replay req-174 {"clientId":"client_test_overflow","eventType":"agent_progress"}
01:59:40 [[33mwarn[39m]  broadcastToClient: no client found, enqueuing for replay req-175 {"clientId":"client_test_overflow","eventType":"agent_progress"}
01:59:40 [[33mwarn[39m]  broadcastToClient: no client found, enqueuing for replay req-176 {"clientId":"client_test_overflow","eventType":"agent_progress"}
01:59:40 [[33mwarn[39m]  broadcastToClient: no client found, enqueuing for replay req-177 {"clientId":"client_test_overflow","eventType":"agent_progress"}
01:59:40 [[33mwarn[39m]  broadcastToClient: no client found, enqueuing for replay req-178 {"clientId":"client_test_overflow","eventType":"agent_progress"}
01:59:40 [[33mwarn[39m]  broadcastToClient: no client found, enqueuing for replay req-179 {"clientId":"client_test_overflow","eventType":"agent_progress"}
01:59:40 [[33mwarn[39m]  broadcastToClient: no client found, enqueuing for replay req-180 {"clientId":"client_test_overflow","eventType":"agent_progress"}
01:59:40 [[33mwarn[39m]  broadcastToClient: no client found, enqueuing for replay req-181 {"clientId":"client_test_overflow","eventType":"agent_progress"}
01:59:40 [[33mwarn[39m]  broadcastToClient: no client found, enqueuing for replay req-182 {"clientId":"client_test_overflow","eventType":"agent_progress"}
01:59:40 [[33mwarn[39m]  broadcastToClient: no client found, enqueuing for replay req-183 {"clientId":"client_test_overflow","eventType":"agent_progress"}
01:59:40 [[33mwarn[39m]  broadcastToClient: no client found, enqueuing for replay req-184 {"clientId":"client_test_overflow","eventType":"agent_progress"}
01:59:40 [[33mwarn[39m]  broadcastToClient: no client found, enqueuing for replay req-185 {"clientId":"client_test_overflow","eventType":"agent_progress"}
01:59:40 [[33mwarn[39m]  broadcastToClient: no client found, enqueuing for replay req-186 {"clientId":"client_test_overflow","eventType":"agent_progress"}
01:59:40 [[33mwarn[39m]  broadcastToClient: no client found, enqueuing for replay req-187 {"clientId":"client_test_overflow","eventType":"agent_progress"}
01:59:40 [[33mwarn[39m]  broadcastToClient: no client found, enqueuing for replay req-188 {"clientId":"client_test_overflow","eventType":"agent_progress"}
01:59:40 [[33mwarn[39m]  broadcastToClient: no client found, enqueuing for replay req-189 {"clientId":"client_test_overflow","eventType":"agent_progress"}
01:59:40 [[33mwarn[39m]  broadcastToClient: no client found, enqueuing for replay req-190 {"clientId":"client_test_overflow","eventType":"agent_progress"}
01:59:40 [[33mwarn[39m]  broadcastToClient: no client found, enqueuing for replay req-191 {"clientId":"client_test_overflow","eventType":"agent_progress"}
01:59:40 [[33mwarn[39m]  broadcastToClient: no client found, enqueuing for replay req-192 {"clientId":"client_test_overflow","eventType":"agent_progress"}
01:59:40 [[33mwarn[39m]  broadcastToClient: no client found, enqueuing for replay req-193 {"clientId":"client_test_overflow","eventType":"agent_progress"}
01:59:40 [[33mwarn[39m]  broadcastToClient: no client found, enqueuing for replay req-194 {"clientId":"client_test_overflow","eventType":"agent_progress"}
01:59:40 [[33mwarn[39m]  broadcastToClient: no client found, enqueuing for replay req-195 {"clientId":"client_test_overflow","eventType":"agent_progress"}
01:59:40 [[33mwarn[39m]  broadcastToClient: no client found, enqueuing for replay req-196 {"clientId":"client_test_overflow","eventType":"agent_progress"}
01:59:40 [[33mwarn[39m]  broadcastToClient: no client found, enqueuing for replay req-197 {"clientId":"client_test_overflow","eventType":"agent_progress"}
01:59:40 [[33mwarn[39m]  broadcastToClient: no client found, enqueuing for replay req-198 {"clientId":"client_test_overflow","eventType":"agent_progress"}
01:59:40 [[33mwarn[39m]  broadcastToClient: no client found, enqueuing for replay req-199 {"clientId":"client_test_overflow","eventType":"agent_progress"}
01:59:40 [[33mwarn[39m]  broadcastToClient: no client found, enqueuing for replay req-200 {"clientId":"client_test_overflow","eventType":"agent_progress"}
01:59:40 [[33mwarn[39m]  Event queue overflow, oldest event dropped {"clientId":"client_test_overflow"}
01:59:40 [[32minfo[39m]  WebSocket server shut down
01:59:40 [[33mwarn[39m]  Pending request rejected for client req-time {"clientId":"client_heartbeat_timeout","reason":"Connection closed due to heartbeat timeout"}
01:59:40 [[33mwarn[39m]  Heartbeat timeout, terminating connection {"clientId":"client_heartbeat_timeout"}
01:59:40 [[32minfo[39m]  WebSocket server shut down
01:59:40 [[33mwarn[39m]  Pending request rejected for client req-1 {"clientId":"client_multi_pending","reason":"Connection closed due to heartbeat timeout"}
01:59:40 [[33mwarn[39m]  Pending request rejected for client req-2 {"clientId":"client_multi_pending","reason":"Connection closed due to heartbeat timeout"}
01:59:40 [[33mwarn[39m]  Pending request rejected for client req-3 {"clientId":"client_multi_pending","reason":"Connection closed due to heartbeat timeout"}
01:59:40 [[33mwarn[39m]  Heartbeat timeout, terminating connection {"clientId":"client_multi_pending"}
01:59:40 [[32minfo[39m]  WebSocket server shut down
01:59:40 [[32minfo[39m]  Deduplicated queued events {"clientId":"client_dedup_same","original":2,"deduped":1}
01:59:40 [[32minfo[39m]  Replaying queued events {"clientId":"client_dedup_same","count":1}
01:59:40 [[32minfo[39m]  WebSocket server shut down
01:59:40 [[32minfo[39m]  Replaying queued events {"clientId":"client_dedup_progress","count":6}
01:59:40 [[32minfo[39m]  WebSocket server shut down
01:59:40 [[32minfo[39m]  Replaying queued events {"clientId":"client_dedup_diff","count":3}
01:59:40 [[32minfo[39m]  WebSocket server shut down
01:59:40 [[32minfo[39m]  WebSocket server shut down
01:59:40 [[32minfo[39m]  WebSocket server shut down
01:59:40 [[32minfo[39m]  WebSocket server shut down
01:59:40 [[33mwarn[39m]  Pending request rejected for client req-r1 {"clientId":"client_reject_target","reason":"Connection closed"}

[90mstdout[2m | src/services/__tests__/rules-engine.test.ts[2m > [22m[2mRulesEngine[2m > [22m[2mfrontmatter parsing[2m > [22m[2mdefaults hook to empty array when not specified[22m[39m
01:59:40 [[32minfo[39m]  Discovered 1 rule files {"dir":"C:\\Users\\super\\AppData\\Local\\Temp\\rules-engine-test-WU2cYM"}

[90mstdout[2m | src/services/__tests__/rules-engine.test.ts[2m > [22m[2mRulesEngine[2m > [22m[2mfrontmatter parsing[2m > [22m[2mdefaults hook to empty array when not specified[22m[39m
01:59:40 [[32minfo[39m]  Rules engine loaded: 1 rules {"alwaysApply":2,"hooked":[]}

[90mstdout[2m | tests/services/game-service-challenge-mode.test.ts[22m[39m
01:59:39 [[32minfo[39m]  Help registry loaded: 22 tools {"tools":["batch_query_service","challenge_service","... (22 items)"]}
01:59:39 [[32minfo[39m]  Creating GameMasterAgent (as AgentRuntime with isSubAgent=false)
01:59:39 [[32minfo[39m]  Handler subscribed {"eventType":"dialogue"}
01:59:39 [[32minfo[39m]  Handler subscribed {"eventType":"combat_end"}
01:59:39 [[32minfo[39m]  AwarenessAutoSubscriber subscribed to dialogue + combat_end events
01:59:39 [[32minfo[39m]  Agent initialized: gamemaster - GameMasterAgent
01:59:39 [[32minfo[39m] [AGENT-START] Agent gamemaster starting {"agent":"gamemaster","provider":null,"toolsConfigured":1,"maxIterations":200,"isSubAgent":false}
01:59:39 [[32minfo[39m]  Handler subscribed {"eventType":"chapter_advanced"}
01:59:39 [[32minfo[39m]  Creating AgentRuntime instances from default profile: fantasy_rpg
01:59:39 [[32minfo[39m]  Creating agents from profile: fantasy_rpg {"agentCount":10}
01:59:39 [[32minfo[39m]  Agent initialized: gamemaster - GameMasterAgent
01:59:39 [[32minfo[39m] [AGENT-START] Agent gamemaster starting {"agent":"gamemaster","provider":null,"toolsConfigured":1,"maxIterations":200,"isSubAgent":false}
01:59:39 [[32minfo[39m]  Created AgentRuntime: gamemaster {"profile":"fantasy_rpg","tools":["all"]}
01:59:39 [[32minfo[39m]  Agent initialized: map - MapAgent
01:59:39 [[32minfo[39m] [AGENT-START] Agent map starting {"agent":"map","provider":null,"toolsConfigured":7,"maxIterations":200,"isSubAgent":true}
01:59:39 [[32minfo[39m]  Created AgentRuntime: map {"profile":"fantasy_rpg","tools":["map_service","npc_service","... (7 items)"]}
01:59:39 [[32minfo[39m]  Agent initialized: challenge - ChallengeAgent
01:59:39 [[32minfo[39m] [AGENT-START] Agent challenge starting {"agent":"challenge","provider":null,"toolsConfigured":9,"maxIterations":200,"isSubAgent":true}
01:59:39 [[32minfo[39m]  Created AgentRuntime: challenge {"profile":"fantasy_rpg","tools":["challenge_service","numerical_service","... (9 items)"]}
01:59:39 [[32minfo[39m]  Agent initialized: output - OutputAgent
01:59:39 [[32minfo[39m] [AGENT-START] Agent output starting {"agent":"output","provider":null,"toolsConfigured":5,"maxIterations":200,"isSubAgent":true}
01:59:39 [[32minfo[39m]  Created AgentRuntime: output {"profile":"fantasy_rpg","tools":["dialogue_service","dynamic_ui","... (5 items)"]}
01:59:39 [[32minfo[39m]  Agent initialized: quest - QuestAgent
01:59:39 [[32minfo[39m] [AGENT-START] Agent quest starting {"agent":"quest","provider":null,"toolsConfigured":11,"maxIterations":200,"isSubAgent":true}
01:59:39 [[32minfo[39m]  Created AgentRuntime: quest {"profile":"fantasy_rpg","tools":["quest_service","numerical_service","... (11 items)"]}
01:59:39 [[32minfo[39m]  Agent initialized: npc_party - NPCPartyAgent
01:59:39 [[32minfo[39m] [AGENT-START] Agent npc_party starting {"agent":"npc_party","provider":null,"toolsConfigured":9,"maxIterations":200,"isSubAgent":true}
01:59:39 [[32minfo[39m]  Created AgentRuntime: npc_party {"profile":"fantasy_rpg","tools":["npc_service","entity_graph_service","... (9 items)"]}
01:59:39 [[32minfo[39m]  Agent initialized: inventory - InventoryAgent
01:59:39 [[32minfo[39m] [AGENT-START] Agent inventory starting {"agent":"inventory","provider":null,"toolsConfigured":8,"maxIterations":200,"isSubAgent":true}
01:59:39 [[32minfo[39m]  Created AgentRuntime: inventory {"profile":"fantasy_rpg","tools":["inventory_service","template_pool_service","... (8 items)"]}
01:59:39 [[32minfo[39m]  Agent initialized: skill - SkillAgent
01:59:39 [[32minfo[39m] [AGENT-START] Agent skill starting {"agent":"skill","provider":null,"toolsConfigured":7,"maxIterations":200,"isSubAgent":true}
01:59:39 [[32minfo[39m]  Created AgentRuntime: skill {"profile":"fantasy_rpg","tools":["skill_service","template_pool_service","... (7 items)"]}
01:59:39 [[32minfo[39m]  Agent initialized: event - EventAgent
01:59:39 [[32minfo[39m] [AGENT-START] Agent event starting {"agent":"event","provider":null,"toolsConfigured":5,"maxIterations":200,"isSubAgent":true}
01:59:39 [[32minfo[39m]  Created AgentRuntime: event {"profile":"fantasy_rpg","tools":["event_service","game_time_service","... (5 items)"]}
01:59:39 [[32minfo[39m]  Agent initialized: time - TimeAgent
01:59:39 [[32minfo[39m] [AGENT-START] Agent time starting {"agent":"time","provider":null,"toolsConfigured":4,"maxIterations":200,"isSubAgent":true}
01:59:39 [[32minfo[39m]  Created AgentRuntime: time {"profile":"fantasy_rpg","tools":["game_time_service","rule_service","... (4 items)"]}
01:59:39 [[32minfo[39m]  Permissions configured from agent.tools for profile: fantasy_rpg
01:59:39 [[32minfo[39m]  YAML permissions configured
01:59:39 [[32minfo[39m]  Registering AgentRuntime instances to GameMasterAgent...
01:59:39 [[32minfo[39m]  Registered AgentRuntime to Coordinator: gamemaster
01:59:39 [[32minfo[39m]  Registered AgentRuntime to Coordinator: map
01:59:39 [[32minfo[39m]  Registered AgentRuntime to Coordinator: challenge
01:59:39 [[32minfo[39m]  Registered AgentRuntime to Coordinator: output
01:59:39 [[32minfo[39m]  Registered AgentRuntime to Coordinator: quest
01:59:39 [[32minfo[39m]  Registered AgentRuntime to Coordinator: npc_party
01:59:39 [[32minfo[39m]  Registered AgentRuntime to Coordinator: inventory
01:59:39 [[32minfo[39m]  Registered AgentRuntime to Coordinator: skill
01:59:39 [[32minfo[39m]  Registered AgentRuntime to Coordinator: event
01:59:39 [[32minfo[39m]  Registered AgentRuntime to Coordinator: time
01:59:39 [[32minfo[39m]  GameDataExpander configured (manifest path enabled)
01:59:39 [[32minfo[39m]  DedupService configured (dispatch log persistence enabled)
01:59:39 [[32minfo[39m]  Agent system initialized: 10 AgentRuntime instances created
鉁?Agent system initialized with 10 agents
鈿狅笍 YAML Agent system skipped: __vi_import_5__.initializeYamlAgentSystem is not a function
01:59:40 [[32minfo[39m]  Agent routes initialized
01:59:40 [[32minfo[39m]  Save routes initialized
01:59:40 [[32minfo[39m]  Synced template from YAML to DB: cthulhu-investigation
01:59:40 [[32minfo[39m]  Synced template from YAML to DB: cyberpunk-mercenary
01:59:40 [[32minfo[39m]  Synced template from YAML to DB: medieval-fantasy
01:59:40 [[32minfo[39m]  Synced template from YAML to DB: modern-romance
01:59:40 [[32minfo[39m]  Synced template from YAML to DB: xianxia
01:59:40 [[32minfo[39m]  Synced 5 templates from YAML to database
01:59:40 [[32minfo[39m]  Cache refreshed with 5 templates
01:59:40 [[32minfo[39m]  TemplateService loaded {"cachedTemplates":5}
鉁?Template YAML loaded and synced to DB
01:59:40 [[32minfo[39m]  Template routes initialized
鉁?Test environment setup complete
鉁?Database connection closed

 [32m鉁?[39m tests/services/game-service-challenge-mode.test.ts [2m ([22m[2m9 tests[22m[2m)[22m[33m 2212[2mms[22m[39m
[90mstdout[2m | src/services/__tests__/rules-engine.test.ts[2m > [22m[2mRulesEngine[2m > [22m[2mgetAlwaysApplyRules[2m > [22m[2mreturns alwaysApply rules for matching agent[22m[39m
01:59:40 [[32minfo[39m]  Discovered 2 rule files {"dir":"C:\\Users\\super\\AppData\\Local\\Temp\\rules-engine-test-JeDMsm"}

[90mstdout[2m | src/services/__tests__/rules-engine.test.ts[2m > [22m[2mRulesEngine[2m > [22m[2mgetAlwaysApplyRules[2m > [22m[2mreturns alwaysApply rules for matching agent[22m[39m
01:59:40 [[32minfo[39m]  Rules engine loaded: 2 rules {"alwaysApply":2,"hooked":[]}

[90mstdout[2m | src/services/__tests__/rules-engine.test.ts[2m > [22m[2mRulesEngine[2m > [22m[2mgetAlwaysApplyRules[2m > [22m[2mincludes wildcard rules for any agent type[22m[39m
01:59:40 [[32minfo[39m]  Discovered 1 rule files {"dir":"C:\\Users\\super\\AppData\\Local\\Temp\\rules-engine-test-fLOXfz"}
01:59:40 [[32minfo[39m]  Rules engine loaded: 1 rules {"alwaysApply":2,"hooked":[]}

[90mstdout[2m | src/services/__tests__/rules-engine.test.ts[2m > [22m[2mRulesEngine[2m > [22m[2mgetAlwaysApplyRules[2m > [22m[2mexcludes disabled rules[22m[39m
01:59:40 [[32minfo[39m]  Discovered 1 rule files {"dir":"C:\\Users\\super\\AppData\\Local\\Temp\\rules-engine-test-T3xGi3"}
01:59:40 [[32minfo[39m]  Rules engine loaded: 1 rules {"alwaysApply":0,"hooked":[]}

[90mstdout[2m | src/services/__tests__/rules-engine.test.ts[2m > [22m[2mRulesEngine[2m > [22m[2mgetAlwaysApplyRules[2m > [22m[2mexcludes hooked (non-alwaysApply) rules[22m[39m
01:59:40 [[32minfo[39m]  Discovered 1 rule files {"dir":"C:\\Users\\super\\AppData\\Local\\Temp\\rules-engine-test-WbZ2xh"}

[90mstdout[2m | src/services/__tests__/rules-engine.test.ts[2m > [22m[2mRulesEngine[2m > [22m[2mgetAlwaysApplyRules[2m > [22m[2mexcludes hooked (non-alwaysApply) rules[22m[39m
01:59:40 [[32minfo[39m]  Rules engine loaded: 1 rules {"alwaysApply":0,"hooked":["initialize"]}

[90mstdout[2m | src/services/__tests__/rules-engine.test.ts[2m > [22m[2mRulesEngine[2m > [22m[2mgetAlwaysApplyRules[2m > [22m[2msorts by priority descending[22m[39m
01:59:40 [[32minfo[39m]  Discovered 2 rule files {"dir":"C:\\Users\\super\\AppData\\Local\\Temp\\rules-engine-test-XhFAup"}

[90mstdout[2m | src/services/__tests__/rules-engine.test.ts[2m > [22m[2mRulesEngine[2m > [22m[2mgetAlwaysApplyRules[2m > [22m[2msorts by priority descending[22m[39m
01:59:40 [[32minfo[39m]  Rules engine loaded: 2 rules {"alwaysApply":4,"hooked":[]}

[90mstdout[2m | src/services/__tests__/ws-e2e-flow.test.ts[22m[39m
01:59:40 [[32minfo[39m]  Discovered 187 help files {"dir":"C:\\Users\\super\\Documents\\trae_projects\\AGG-main\\packages\\backend\\config\\agent-help"}

[90mstdout[2m | src/services/__tests__/rules-engine.test.ts[2m > [22m[2mRulesEngine[2m > [22m[2mgetHookedRules[2m > [22m[2mreturns hooked rules matching intentHint[22m[39m
01:59:40 [[32minfo[39m]  Discovered 1 rule files {"dir":"C:\\Users\\super\\AppData\\Local\\Temp\\rules-engine-test-slynbb"}

[90mstdout[2m | src/services/__tests__/rules-engine.test.ts[2m > [22m[2mRulesEngine[2m > [22m[2mgetHookedRules[2m > [22m[2mreturns hooked rules matching intentHint[22m[39m
01:59:40 [[32minfo[39m]  Rules engine loaded: 1 rules {"alwaysApply":0,"hooked":["initialize"]}

[90mstdout[2m | src/services/__tests__/rules-engine.test.ts[2m > [22m[2mRulesEngine[2m > [22m[2mgetHookedRules[2m > [22m[2mdoes not return hooked rules for non-matching intentHint[22m[39m
01:59:40 [[32minfo[39m]  Discovered 1 rule files {"dir":"C:\\Users\\super\\AppData\\Local\\Temp\\rules-engine-test-DtLpsY"}

[90mstdout[2m | src/services/__tests__/rules-engine.test.ts[2m > [22m[2mRulesEngine[2m > [22m[2mgetHookedRules[2m > [22m[2mdoes not return hooked rules for non-matching intentHint[22m[39m
01:59:40 [[32minfo[39m]  Rules engine loaded: 1 rules {"alwaysApply":0,"hooked":["initialize"]}

[90mstdout[2m | src/services/__tests__/rules-engine.test.ts[2m > [22m[2mRulesEngine[2m > [22m[2mgetHookedRules[2m > [22m[2mmatches wildcard hook[22m[39m
01:59:40 [[32minfo[39m]  Discovered 1 rule files {"dir":"C:\\Users\\super\\AppData\\Local\\Temp\\rules-engine-test-K3mqHf"}
01:59:40 [[32minfo[39m]  Rules engine loaded: 1 rules {"alwaysApply":0,"hooked":["*"]}

[90mstdout[2m | src/services/__tests__/rules-engine.test.ts[2m > [22m[2mRulesEngine[2m > [22m[2mgetHookedRules[2m > [22m[2mmatches multi-hook rules[22m[39m
01:59:40 [[32minfo[39m]  Discovered 1 rule files {"dir":"C:\\Users\\super\\AppData\\Local\\Temp\\rules-engine-test-muRbEU"}

[90mstdout[2m | src/services/__tests__/rules-engine.test.ts[2m > [22m[2mRulesEngine[2m > [22m[2mgetHookedRules[2m > [22m[2mmatches multi-hook rules[22m[39m
01:59:40 [[32minfo[39m]  Rules engine loaded: 1 rules {"alwaysApply":0,"hooked":["initialize","chat"]}

[90mstdout[2m | src/services/__tests__/rules-engine.test.ts[2m > [22m[2mRulesEngine[2m > [22m[2mgetHookedRules[2m > [22m[2mexcludes alwaysApply rules from hooked results[22m[39m
01:59:40 [[32minfo[39m]  Discovered 1 rule files {"dir":"C:\\Users\\super\\AppData\\Local\\Temp\\rules-engine-test-W6ZhrG"}
01:59:40 [[32minfo[39m]  Rules engine loaded: 1 rules {"alwaysApply":2,"hooked":["initialize"]}

[90mstdout[2m | src/services/__tests__/rules-engine.test.ts[2m > [22m[2mRulesEngine[2m > [22m[2mgetHookedRules[2m > [22m[2mexcludes disabled hooked rules[22m[39m
01:59:40 [[32minfo[39m]  Discovered 1 rule files {"dir":"C:\\Users\\super\\AppData\\Local\\Temp\\rules-engine-test-JMBGtl"}

[90mstdout[2m | src/services/__tests__/rules-engine.test.ts[2m > [22m[2mRulesEngine[2m > [22m[2mgetHookedRules[2m > [22m[2mexcludes disabled hooked rules[22m[39m
01:59:40 [[32minfo[39m]  Rules engine loaded: 1 rules {"alwaysApply":0,"hooked":["initialize"]}

[90mstdout[2m | src/services/__tests__/rules-engine.test.ts[2m > [22m[2mRulesEngine[2m > [22m[2mgetHookedRules[2m > [22m[2mfilters by agent type[22m[39m
01:59:40 [[32minfo[39m]  Discovered 1 rule files {"dir":"C:\\Users\\super\\AppData\\Local\\Temp\\rules-engine-test-hjyY7m"}

[90mstdout[2m | src/services/__tests__/rules-engine.test.ts[2m > [22m[2mRulesEngine[2m > [22m[2mgetHookedRules[2m > [22m[2mfilters by agent type[22m[39m
01:59:40 [[32minfo[39m]  Rules engine loaded: 1 rules {"alwaysApply":0,"hooked":["dialogue"]}

[90mstdout[2m | src/services/__tests__/rules-engine.test.ts[2m > [22m[2mRulesEngine[2m > [22m[2mgetHookedRules[2m > [22m[2msorts hooked rules by priority descending[22m[39m
01:59:40 [[32minfo[39m]  Discovered 2 rule files {"dir":"C:\\Users\\super\\AppData\\Local\\Temp\\rules-engine-test-74tu9y"}

[90mstdout[2m | src/services/__tests__/rules-engine.test.ts[2m > [22m[2mRulesEngine[2m > [22m[2mgetHookedRules[2m > [22m[2msorts hooked rules by priority descending[22m[39m
01:59:40 [[32minfo[39m]  Rules engine loaded: 2 rules {"alwaysApply":0,"hooked":["initialize"]}

[90mstdout[2m | src/services/__tests__/rules-engine.test.ts[2m > [22m[2mRulesEngine[2m > [22m[2mgetAllRulesForAgent[2m > [22m[2mcombines alwaysApply and hooked rules[22m[39m
01:59:40 [[32minfo[39m]  Discovered 2 rule files {"dir":"C:\\Users\\super\\AppData\\Local\\Temp\\rules-engine-test-joU5l9"}

[90mstdout[2m | src/services/__tests__/rules-engine.test.ts[2m > [22m[2mRulesEngine[2m > [22m[2mgetAllRulesForAgent[2m > [22m[2mcombines alwaysApply and hooked rules[22m[39m
01:59:40 [[32minfo[39m]  Rules engine loaded: 2 rules {"alwaysApply":2,"hooked":["initialize"]}

[90mstdout[2m | src/services/__tests__/rules-engine.test.ts[2m > [22m[2mRulesEngine[2m > [22m[2mgetAllRulesForAgent[2m > [22m[2mreturns only alwaysApply when no intentHint provided[22m[39m
01:59:40 [[32minfo[39m]  Discovered 2 rule files {"dir":"C:\\Users\\super\\AppData\\Local\\Temp\\rules-engine-test-N6WXg4"}

[90mstdout[2m | src/services/__tests__/rules-engine.test.ts[2m > [22m[2mRulesEngine[2m > [22m[2mgetAllRulesForAgent[2m > [22m[2mreturns only alwaysApply when no intentHint provided[22m[39m
01:59:40 [[32minfo[39m]  Rules engine loaded: 2 rules {"alwaysApply":2,"hooked":["initialize"]}

[90mstdout[2m | src/services/__tests__/rules-engine.test.ts[2m > [22m[2mRulesEngine[2m > [22m[2mgetAllRulesForAgent[2m > [22m[2mdeduplicates rules by name[22m[39m
01:59:40 [[32minfo[39m]  Discovered 1 rule files {"dir":"C:\\Users\\super\\AppData\\Local\\Temp\\rules-engine-test-c61JsD"}

[90mstdout[2m | src/services/__tests__/rules-engine.test.ts[2m > [22m[2mRulesEngine[2m > [22m[2mgetAllRulesForAgent[2m > [22m[2mdeduplicates rules by name[22m[39m
01:59:40 [[32minfo[39m]  Rules engine loaded: 1 rules {"alwaysApply":2,"hooked":[]}

[90mstdout[2m | src/services/__tests__/rules-engine.test.ts[2m > [22m[2mRulesEngine[2m > [22m[2mformatRulesForPrompt[2m > [22m[2mformats rules as XML[22m[39m
01:59:40 [[32minfo[39m]  Discovered 1 rule files {"dir":"C:\\Users\\super\\AppData\\Local\\Temp\\rules-engine-test-BSOw3N"}
01:59:40 [[32minfo[39m]  Rules engine loaded: 1 rules {"alwaysApply":2,"hooked":[]}

[90mstdout[2m | src/services/__tests__/rules-engine.test.ts[2m > [22m[2mRulesEngine[2m > [22m[2mgetRuleByName[2m > [22m[2mreturns rule by name[22m[39m
01:59:40 [[32minfo[39m]  Discovered 1 rule files {"dir":"C:\\Users\\super\\AppData\\Local\\Temp\\rules-engine-test-zI8njF"}
01:59:40 [[32minfo[39m]  Rules engine loaded: 1 rules {"alwaysApply":2,"hooked":[]}

[90mstdout[2m | src/services/__tests__/rules-engine.test.ts[2m > [22m[2mRulesEngine[2m > [22m[2mgetRuleByName[2m > [22m[2mreturns undefined for unknown rule[22m[39m
01:59:40 [[32minfo[39m]  Discovered 0 rule files {"dir":"C:\\Users\\super\\AppData\\Local\\Temp\\rules-engine-test-k6pdem"}
01:59:40 [[32minfo[39m]  Rules engine loaded: 0 rules {"alwaysApply":0,"hooked":[]}

[90mstdout[2m | src/services/__tests__/rules-engine.test.ts[2m > [22m[2mRulesEngine[2m > [22m[2mreloadRule[2m > [22m[2mreloads a specific rule from disk[22m[39m
01:59:40 [[32minfo[39m]  Discovered 1 rule files {"dir":"C:\\Users\\super\\AppData\\Local\\Temp\\rules-engine-test-3d5J4y"}
01:59:40 [[32minfo[39m]  Rules engine loaded: 1 rules {"alwaysApply":2,"hooked":[]}

[90mstdout[2m | src/services/__tests__/rules-engine.test.ts[2m > [22m[2mRulesEngine[2m > [22m[2mreloadRule[2m > [22m[2mdoes nothing for unknown rule name[22m[39m
01:59:40 [[32minfo[39m]  Discovered 0 rule files {"dir":"C:\\Users\\super\\AppData\\Local\\Temp\\rules-engine-test-B8dlyt"}
01:59:40 [[32minfo[39m]  Rules engine loaded: 0 rules {"alwaysApply":0,"hooked":[]}

[90mstdout[2m | src/game-systems/entity-graph/__tests__/AwarenessRepository.test.ts[22m[39m
01:59:39 [[32minfo[39m]  Help registry loaded: 22 tools {"tools":["batch_query_service","challenge_service","... (22 items)"]}
01:59:40 [[32minfo[39m]  Creating GameMasterAgent (as AgentRuntime with isSubAgent=false)
01:59:40 [[32minfo[39m]  Handler subscribed {"eventType":"dialogue"}
01:59:40 [[32minfo[39m]  Handler subscribed {"eventType":"combat_end"}
01:59:40 [[32minfo[39m]  AwarenessAutoSubscriber subscribed to dialogue + combat_end events
01:59:40 [[32minfo[39m]  Agent initialized: gamemaster - GameMasterAgent
01:59:40 [[32minfo[39m] [AGENT-START] Agent gamemaster starting {"agent":"gamemaster","provider":null,"toolsConfigured":1,"maxIterations":200,"isSubAgent":false}
01:59:40 [[32minfo[39m]  Handler subscribed {"eventType":"chapter_advanced"}
01:59:40 [[32minfo[39m]  Creating AgentRuntime instances from default profile: fantasy_rpg
01:59:40 [[32minfo[39m]  Creating agents from profile: fantasy_rpg {"agentCount":10}
01:59:40 [[32minfo[39m]  Agent initialized: gamemaster - GameMasterAgent
01:59:40 [[32minfo[39m] [AGENT-START] Agent gamemaster starting {"agent":"gamemaster","provider":null,"toolsConfigured":1,"maxIterations":200,"isSubAgent":false}
01:59:40 [[32minfo[39m]  Created AgentRuntime: gamemaster {"profile":"fantasy_rpg","tools":["all"]}
01:59:40 [[32minfo[39m]  Agent initialized: map - MapAgent
01:59:40 [[32minfo[39m] [AGENT-START] Agent map starting {"agent":"map","provider":null,"toolsConfigured":7,"maxIterations":200,"isSubAgent":true}
01:59:40 [[32minfo[39m]  Created AgentRuntime: map {"profile":"fantasy_rpg","tools":["map_service","npc_service","... (7 items)"]}
01:59:40 [[32minfo[39m]  Agent initialized: challenge - ChallengeAgent
01:59:40 [[32minfo[39m] [AGENT-START] Agent challenge starting {"agent":"challenge","provider":null,"toolsConfigured":9,"maxIterations":200,"isSubAgent":true}
01:59:40 [[32minfo[39m]  Created AgentRuntime: challenge {"profile":"fantasy_rpg","tools":["challenge_service","numerical_service","... (9 items)"]}
01:59:40 [[32minfo[39m]  Agent initialized: output - OutputAgent
01:59:40 [[32minfo[39m] [AGENT-START] Agent output starting {"agent":"output","provider":null,"toolsConfigured":5,"maxIterations":200,"isSubAgent":true}
01:59:40 [[32minfo[39m]  Created AgentRuntime: output {"profile":"fantasy_rpg","tools":["dialogue_service","dynamic_ui","... (5 items)"]}
01:59:40 [[32minfo[39m]  Agent initialized: quest - QuestAgent
01:59:40 [[32minfo[39m] [AGENT-START] Agent quest starting {"agent":"quest","provider":null,"toolsConfigured":11,"maxIterations":200,"isSubAgent":true}
01:59:40 [[32minfo[39m]  Created AgentRuntime: quest {"profile":"fantasy_rpg","tools":["quest_service","numerical_service","... (11 items)"]}
01:59:40 [[32minfo[39m]  Agent initialized: npc_party - NPCPartyAgent
01:59:40 [[32minfo[39m] [AGENT-START] Agent npc_party starting {"agent":"npc_party","provider":null,"toolsConfigured":9,"maxIterations":200,"isSubAgent":true}
01:59:40 [[32minfo[39m]  Created AgentRuntime: npc_party {"profile":"fantasy_rpg","tools":["npc_service","entity_graph_service","... (9 items)"]}
01:59:40 [[32minfo[39m]  Agent initialized: inventory - InventoryAgent
01:59:40 [[32minfo[39m] [AGENT-START] Agent inventory starting {"agent":"inventory","provider":null,"toolsConfigured":8,"maxIterations":200,"isSubAgent":true}
01:59:40 [[32minfo[39m]  Created AgentRuntime: inventory {"profile":"fantasy_rpg","tools":["inventory_service","template_pool_service","... (8 items)"]}
01:59:40 [[32minfo[39m]  Agent initialized: skill - SkillAgent
01:59:40 [[32minfo[39m] [AGENT-START] Agent skill starting {"agent":"skill","provider":null,"toolsConfigured":7,"maxIterations":200,"isSubAgent":true}
01:59:40 [[32minfo[39m]  Created AgentRuntime: skill {"profile":"fantasy_rpg","tools":["skill_service","template_pool_service","... (7 items)"]}
01:59:40 [[32minfo[39m]  Agent initialized: event - EventAgent
01:59:40 [[32minfo[39m] [AGENT-START] Agent event starting {"agent":"event","provider":null,"toolsConfigured":5,"maxIterations":200,"isSubAgent":true}
01:59:40 [[32minfo[39m]  Created AgentRuntime: event {"profile":"fantasy_rpg","tools":["event_service","game_time_service","... (5 items)"]}
01:59:40 [[32minfo[39m]  Agent initialized: time - TimeAgent
01:59:40 [[32minfo[39m] [AGENT-START] Agent time starting {"agent":"time","provider":null,"toolsConfigured":4,"maxIterations":200,"isSubAgent":true}
01:59:40 [[32minfo[39m]  Created AgentRuntime: time {"profile":"fantasy_rpg","tools":["game_time_service","rule_service","... (4 items)"]}
01:59:40 [[32minfo[39m]  Permissions configured from agent.tools for profile: fantasy_rpg
01:59:40 [[32minfo[39m]  YAML permissions configured
01:59:40 [[32minfo[39m]  Registering AgentRuntime instances to GameMasterAgent...
01:59:40 [[32minfo[39m]  Registered AgentRuntime to Coordinator: gamemaster
01:59:40 [[32minfo[39m]  Registered AgentRuntime to Coordinator: map
01:59:40 [[32minfo[39m]  Registered AgentRuntime to Coordinator: challenge
01:59:40 [[32minfo[39m]  Registered AgentRuntime to Coordinator: output
01:59:40 [[32minfo[39m]  Registered AgentRuntime to Coordinator: quest
01:59:40 [[32minfo[39m]  Registered AgentRuntime to Coordinator: npc_party
01:59:40 [[32minfo[39m]  Registered AgentRuntime to Coordinator: inventory
01:59:40 [[32minfo[39m]  Registered AgentRuntime to Coordinator: skill
01:59:40 [[32minfo[39m]  Registered AgentRuntime to Coordinator: event
01:59:40 [[32minfo[39m]  Registered AgentRuntime to Coordinator: time
01:59:40 [[32minfo[39m]  GameDataExpander configured (manifest path enabled)
01:59:40 [[32minfo[39m]  DedupService configured (dispatch log persistence enabled)
01:59:40 [[32minfo[39m]  Agent system initialized: 10 AgentRuntime instances created
鉁?Agent system initialized with 10 agents
鈿狅笍 YAML Agent system skipped: __vi_import_5__.initializeYamlAgentSystem is not a function
01:59:40 [[32minfo[39m]  Agent routes initialized
01:59:40 [[32minfo[39m]  Save routes initialized
01:59:40 [[32minfo[39m]  Synced template from YAML to DB: cthulhu-investigation
01:59:40 [[32minfo[39m]  Synced template from YAML to DB: cyberpunk-mercenary
01:59:40 [[32minfo[39m]  Synced template from YAML to DB: medieval-fantasy
01:59:40 [[32minfo[39m]  Synced template from YAML to DB: modern-romance
01:59:40 [[32minfo[39m]  Synced template from YAML to DB: xianxia
01:59:40 [[32minfo[39m]  Synced 5 templates from YAML to database
01:59:40 [[32minfo[39m]  Cache refreshed with 5 templates
01:59:40 [[32minfo[39m]  TemplateService loaded {"cachedTemplates":5}
鉁?Template YAML loaded and synced to DB
01:59:40 [[32minfo[39m]  Template routes initialized
鉁?Test environment setup complete
鉁?Database connection closed

 [32m鉁?[39m src/game-systems/entity-graph/__tests__/AwarenessRepository.test.ts [2m ([22m[2m22 tests[22m[2m)[22m[33m 2401[2mms[22m[39m
[90mstdout[2m | src/services/__tests__/rules-engine.test.ts[2m > [22m[2mRulesEngine[2m > [22m[2mreloadAll[2m > [22m[2mreloads all rules from scratch[22m[39m
01:59:40 [[32minfo[39m]  Discovered 2 rule files {"dir":"C:\\Users\\super\\AppData\\Local\\Temp\\rules-engine-test-8bwrUl"}

[90mstdout[2m | src/services/__tests__/rules-engine.test.ts[2m > [22m[2mRulesEngine[2m > [22m[2mreloadAll[2m > [22m[2mreloads all rules from scratch[22m[39m
01:59:40 [[32minfo[39m]  Rules engine loaded: 2 rules {"alwaysApply":4,"hooked":[]}

[90mstdout[2m | src/services/__tests__/rules-engine.test.ts[2m > [22m[2mRulesEngine[2m > [22m[2mreloadAll[2m > [22m[2mreloads all rules from scratch[22m[39m
01:59:40 [[32minfo[39m]  Discovered 3 rule files {"dir":"C:\\Users\\super\\AppData\\Local\\Temp\\rules-engine-test-8bwrUl"}

[90mstdout[2m | src/agents/__tests__/react-agent-post-react.test.ts[2m > [22m[2mAgentRuntime post-react 涓婚摼[2m > [22m[2mPre-react 搴旀妸妯℃澘銆乻napshot銆乸rojection銆亀orldState銆乻ceneNPC銆佹垬鏂楁€佷笌 entity-graph 閫佸叆 story directive 鐢熸垚閾?[22m[39m
01:59:40 [[32minfo[39m]  Agent initialized: gamemaster - GameMaster
01:59:40 [[32minfo[39m] [AGENT-START] Agent gamemaster starting {"agent":"gamemaster","toolsConfigured":0,"maxIterations":4,"isSubAgent":false}
01:59:40 [[31merror[39m]  ReAct loop execution failed, entering recovery {"agent":"gamemaster","saveId":"save-pre-react","failureStage":"gamemaster-react-loop","attempts":0,"error":"on_task_complete hook 瑙﹀彂鏉′欢涓嶆弧瓒? taskContent 瀛樺湪浣?stagingPool/shadowState/templateId 缂哄け (agentKey=gamemaster)"}

[90mstdout[2m | src/agents/__tests__/react-agent-post-react.test.ts[2m > [22m[2mAgentRuntime post-react 涓婚摼[2m > [22m[2mgenerateStoryDirective 搴斾紭鍏堜娇鐢ㄨ姹備笂涓嬫枃 projection 浣滀负褰撳墠鏁呬簨鎶曞奖鐪熸簮[22m[39m
01:59:40 [[32minfo[39m]  Agent initialized: gamemaster - GameMaster
01:59:40 [[32minfo[39m] [AGENT-START] Agent gamemaster starting {"agent":"gamemaster","toolsConfigured":0,"maxIterations":4,"isSubAgent":false}

[90mstdout[2m | src/agents/__tests__/react-agent-post-react.test.ts[2m > [22m[2mAgentRuntime post-react 涓婚摼[2m > [22m[2mui_interaction 搴斿厛缁忚繃 preprocessAction 鍐嶈繘鍏?generateStoryDirective 涓?LLM 杈撳叆涓婚摼[22m[39m
01:59:40 [[32minfo[39m]  Agent initialized: gamemaster - GameMaster
01:59:40 [[32minfo[39m] [AGENT-START] Agent gamemaster starting {"agent":"gamemaster","toolsConfigured":0,"maxIterations":4,"isSubAgent":false}
01:59:40 [[31merror[39m]  ReAct loop execution failed, entering recovery {"agent":"gamemaster","saveId":"save-ui-interaction","failureStage":"gamemaster-react-loop","attempts":0,"error":"on_task_complete hook 瑙﹀彂鏉′欢涓嶆弧瓒? taskContent 瀛樺湪浣?stagingPool/shadowState/templateId 缂哄け (agentKey=gamemaster)"}

[90mstdout[2m | src/agents/__tests__/react-agent-post-react.test.ts[2m > [22m[2mAgentRuntime post-react 涓婚摼[2m > [22m[2mgenerateStoryDirective 鍦ㄩ潪 chat 鍦烘櫙搴旇В鏋?playerInput 浣滀负鐜╁杈撳叆[22m[39m
01:59:40 [[32minfo[39m]  Agent initialized: gamemaster - GameMaster
01:59:40 [[32minfo[39m] [AGENT-START] Agent gamemaster starting {"agent":"gamemaster","toolsConfigured":0,"maxIterations":4,"isSubAgent":false}

[90mstdout[2m | src/agents/__tests__/react-agent-post-react.test.ts[2m > [22m[2mAgentRuntime post-react 涓婚摼[2m > [22m[2mgenerateStoryDirective 鍦ㄩ潪 chat 鍦烘櫙搴旇В鏋?interactionMessage 浣滀负鐜╁杈撳叆[22m[39m
01:59:40 [[32minfo[39m]  Agent initialized: gamemaster - GameMaster
01:59:40 [[32minfo[39m] [AGENT-START] Agent gamemaster starting {"agent":"gamemaster","toolsConfigured":0,"maxIterations":4,"isSubAgent":false}

[90mstdout[2m | src/agents/__tests__/react-agent-post-react.test.ts[2m > [22m[2mAgentRuntime post-react 涓婚摼[2m > [22m[2mgenerateStoryDirective 鍦ㄩ潪 chat 鍦烘櫙搴旇В鏋?selectedDialogueOption.text 浣滀负鐜╁杈撳叆[22m[39m
01:59:40 [[32minfo[39m]  Agent initialized: gamemaster - GameMaster
01:59:40 [[32minfo[39m] [AGENT-START] Agent gamemaster starting {"agent":"gamemaster","toolsConfigured":0,"maxIterations":4,"isSubAgent":false}

[90mstdout[2m | src/agents/__tests__/react-agent-post-react.test.ts[2m > [22m[2mAgentRuntime post-react 涓婚摼[2m > [22m[2mgenerateStoryDirective 鍦ㄩ潪 chat 鍦烘櫙搴旇В鏋?selectedDialogueOption.message 浣滀负鐜╁杈撳叆[22m[39m
01:59:40 [[32minfo[39m]  Agent initialized: gamemaster - GameMaster
01:59:40 [[32minfo[39m] [AGENT-START] Agent gamemaster starting {"agent":"gamemaster","toolsConfigured":0,"maxIterations":4,"isSubAgent":false}

[90mstdout[2m | src/agents/__tests__/react-agent-post-react.test.ts[2m > [22m[2mAgentRuntime post-react 涓婚摼[2m > [22m[2m搴旀妸鏄惧紡 postReviewDecision 缁忚繃鐪熷疄 pipeline 涓?runtime commit 涓婚摼鍐欏洖锛屼笖涓嶄涪 todo/continuity 瀛楁[22m[39m
01:59:40 [[32minfo[39m]  Agent initialized: gamemaster - GameMaster
01:59:40 [[32minfo[39m] [AGENT-START] Agent gamemaster starting {"agent":"gamemaster","toolsConfigured":0,"maxIterations":4,"isSubAgent":false}

[90mstdout[2m | src/agents/__tests__/react-agent-post-react.test.ts[2m > [22m[2mAgentRuntime post-react 涓婚摼[2m > [22m[2m褰?pipeline 瑕佹眰 repair 鏃跺簲鏈€澶氳拷鍔犱袱娆?ReAct 淇鍥炶矾锛屽苟鎶?repair 鍏冩暟鎹啓鍥?runtime state[22m[39m
01:59:40 [[32minfo[39m]  Agent initialized: gamemaster - GameMaster
01:59:40 [[32minfo[39m] [AGENT-START] Agent gamemaster starting {"agent":"gamemaster","toolsConfigured":0,"maxIterations":4,"isSubAgent":false}

[90mstdout[2m | src/agents/__tests__/react-agent-post-react.test.ts[2m > [22m[2mAgentRuntime post-react 涓婚摼[2m > [22m[2m搴旇鏈€缁堝搷搴斾笌涓绘殏瀛樼姸鎬侀兘鍙娇鐢?repair 閫氳繃杞鐨勭粨鏋?[22m[39m
01:59:40 [[32minfo[39m]  Agent initialized: gamemaster - GameMaster
01:59:40 [[32minfo[39m] [AGENT-START] Agent gamemaster starting {"agent":"gamemaster","toolsConfigured":0,"maxIterations":4,"isSubAgent":false}

[90mstdout[2m | src/agents/__tests__/react-agent-post-react.test.ts[2m > [22m[2mAgentRuntime post-react 涓婚摼[2m > [22m[2mNPC 瀵硅瘽鍦烘櫙涓嬭嫢 React 缁撴灉瓒婃潈绉诲姩鐜╁锛孭ost-react 搴旇Е鍙?repair 骞舵嫆缁濋敊璇啓鍏?[22m[39m
01:59:40 [[32minfo[39m]  Agent initialized: gamemaster - GameMaster
01:59:40 [[32minfo[39m] [AGENT-START] Agent gamemaster starting {"agent":"gamemaster","toolsConfigured":0,"maxIterations":4,"isSubAgent":false}

[90mstdout[2m | src/agents/__tests__/react-agent-post-react.test.ts[2m > [22m[2mAgentRuntime post-react 涓婚摼[2m > [22m[2m鎴樻枟鍙欎簨涓庢暟鍊兼椂闂寸嚎鍐茬獊鏃讹紝搴旇Е鍙?repair 骞舵妸 continuityAudit 鍐欏洖 runtime state[22m[39m
01:59:40 [[32minfo[39m]  Agent initialized: gamemaster - GameMaster
01:59:40 [[32minfo[39m] [AGENT-START] Agent gamemaster starting {"agent":"gamemaster","toolsConfigured":0,"maxIterations":4,"isSubAgent":false}

[90mstdout[2m | src/agents/__tests__/react-agent-post-react.test.ts[2m > [22m[2mAgentRuntime post-react 涓婚摼[2m > [22m[2m褰?repair 鎵ц鍣ㄦ姏閿欐椂搴旀樉寮忓け璐ワ紝涓斾笉鑳芥竻绌轰富 staging 鍘熷啓闆嗗悗闈欓粯鎴愬姛[22m[39m
01:59:40 [[32minfo[39m]  Agent initialized: gamemaster - GameMaster
01:59:40 [[32minfo[39m] [AGENT-START] Agent gamemaster starting {"agent":"gamemaster","toolsConfigured":0,"maxIterations":4,"isSubAgent":false}

[90mstdout[2m | src/agents/__tests__/react-agent-post-react.test.ts[2m > [22m[2mAgentRuntime post-react 涓婚摼[2m > [22m[2m褰?repair 涓よ疆鍚庝粛鏈敹鏁涙椂搴旀樉寮忓け璐ワ紝涓斾笉鑳芥垚鍔熻繑鍥炴棫 writeOperations[22m[39m
01:59:40 [[32minfo[39m]  Agent initialized: gamemaster - GameMaster
01:59:40 [[32minfo[39m] [AGENT-START] Agent gamemaster starting {"agent":"gamemaster","toolsConfigured":0,"maxIterations":4,"isSubAgent":false}

[90mstdout[2m | src/agents/__tests__/react-agent-post-react.test.ts[22m[39m
01:59:39 [[32minfo[39m]  Help registry loaded: 22 tools {"tools":["batch_query_service","challenge_service","... (22 items)"]}
01:59:39 [[32minfo[39m]  Creating GameMasterAgent (as AgentRuntime with isSubAgent=false)
01:59:39 [[32minfo[39m]  Handler subscribed {"eventType":"dialogue"}
01:59:39 [[32minfo[39m]  Handler subscribed {"eventType":"combat_end"}
01:59:39 [[32minfo[39m]  AwarenessAutoSubscriber subscribed to dialogue + combat_end events
01:59:39 [[32minfo[39m]  Agent initialized: gamemaster - GameMasterAgent
01:59:39 [[32minfo[39m] [AGENT-START] Agent gamemaster starting {"agent":"gamemaster","provider":null,"toolsConfigured":1,"maxIterations":200,"isSubAgent":false}
01:59:39 [[32minfo[39m]  Handler subscribed {"eventType":"chapter_advanced"}
01:59:39 [[32minfo[39m]  Creating AgentRuntime instances from default profile: fantasy_rpg
01:59:39 [[32minfo[39m]  Creating agents from profile: fantasy_rpg {"agentCount":10}
01:59:39 [[32minfo[39m]  Agent initialized: gamemaster - GameMasterAgent
01:59:39 [[32minfo[39m] [AGENT-START] Agent gamemaster starting {"agent":"gamemaster","provider":null,"toolsConfigured":1,"maxIterations":200,"isSubAgent":false}
01:59:39 [[32minfo[39m]  Created AgentRuntime: gamemaster {"profile":"fantasy_rpg","tools":["all"]}
01:59:39 [[32minfo[39m]  Agent initialized: map - MapAgent
01:59:39 [[32minfo[39m] [AGENT-START] Agent map starting {"agent":"map","provider":null,"toolsConfigured":7,"maxIterations":200,"isSubAgent":true}
01:59:39 [[32minfo[39m]  Created AgentRuntime: map {"profile":"fantasy_rpg","tools":["map_service","npc_service","... (7 items)"]}
01:59:39 [[32minfo[39m]  Agent initialized: challenge - ChallengeAgent
01:59:39 [[32minfo[39m] [AGENT-START] Agent challenge starting {"agent":"challenge","provider":null,"toolsConfigured":9,"maxIterations":200,"isSubAgent":true}
01:59:39 [[32minfo[39m]  Created AgentRuntime: challenge {"profile":"fantasy_rpg","tools":["challenge_service","numerical_service","... (9 items)"]}
01:59:39 [[32minfo[39m]  Agent initialized: output - OutputAgent
01:59:39 [[32minfo[39m] [AGENT-START] Agent output starting {"agent":"output","provider":null,"toolsConfigured":5,"maxIterations":200,"isSubAgent":true}
01:59:39 [[32minfo[39m]  Created AgentRuntime: output {"profile":"fantasy_rpg","tools":["dialogue_service","dynamic_ui","... (5 items)"]}
01:59:39 [[32minfo[39m]  Agent initialized: quest - QuestAgent
01:59:39 [[32minfo[39m] [AGENT-START] Agent quest starting {"agent":"quest","provider":null,"toolsConfigured":11,"maxIterations":200,"isSubAgent":true}
01:59:39 [[32minfo[39m]  Created AgentRuntime: quest {"profile":"fantasy_rpg","tools":["quest_service","numerical_service","... (11 items)"]}
01:59:39 [[32minfo[39m]  Agent initialized: npc_party - NPCPartyAgent
01:59:39 [[32minfo[39m] [AGENT-START] Agent npc_party starting {"agent":"npc_party","provider":null,"toolsConfigured":9,"maxIterations":200,"isSubAgent":true}
01:59:39 [[32minfo[39m]  Created AgentRuntime: npc_party {"profile":"fantasy_rpg","tools":["npc_service","entity_graph_service","... (9 items)"]}
01:59:39 [[32minfo[39m]  Agent initialized: inventory - InventoryAgent
01:59:39 [[32minfo[39m] [AGENT-START] Agent inventory starting {"agent":"inventory","provider":null,"toolsConfigured":8,"maxIterations":200,"isSubAgent":true}
01:59:39 [[32minfo[39m]  Created AgentRuntime: inventory {"profile":"fantasy_rpg","tools":["inventory_service","template_pool_service","... (8 items)"]}
01:59:39 [[32minfo[39m]  Agent initialized: skill - SkillAgent
01:59:39 [[32minfo[39m] [AGENT-START] Agent skill starting {"agent":"skill","provider":null,"toolsConfigured":7,"maxIterations":200,"isSubAgent":true}
01:59:39 [[32minfo[39m]  Created AgentRuntime: skill {"profile":"fantasy_rpg","tools":["skill_service","template_pool_service","... (7 items)"]}
01:59:39 [[32minfo[39m]  Agent initialized: event - EventAgent
01:59:39 [[32minfo[39m] [AGENT-START] Agent event starting {"agent":"event","provider":null,"toolsConfigured":5,"maxIterations":200,"isSubAgent":true}
01:59:39 [[32minfo[39m]  Created AgentRuntime: event {"profile":"fantasy_rpg","tools":["event_service","game_time_service","... (5 items)"]}
01:59:39 [[32minfo[39m]  Agent initialized: time - TimeAgent
01:59:39 [[32minfo[39m] [AGENT-START] Agent time starting {"agent":"time","provider":null,"toolsConfigured":4,"maxIterations":200,"isSubAgent":true}
01:59:39 [[32minfo[39m]  Created AgentRuntime: time {"profile":"fantasy_rpg","tools":["game_time_service","rule_service","... (4 items)"]}
01:59:39 [[32minfo[39m]  Permissions configured from agent.tools for profile: fantasy_rpg
01:59:39 [[32minfo[39m]  YAML permissions configured
01:59:40 [[32minfo[39m]  Registering AgentRuntime instances to GameMasterAgent...
01:59:40 [[32minfo[39m]  Registered AgentRuntime to Coordinator: gamemaster
01:59:40 [[32minfo[39m]  Registered AgentRuntime to Coordinator: map
01:59:40 [[32minfo[39m]  Registered AgentRuntime to Coordinator: challenge
01:59:40 [[32minfo[39m]  Registered AgentRuntime to Coordinator: output
01:59:40 [[32minfo[39m]  Registered AgentRuntime to Coordinator: quest
01:59:40 [[32minfo[39m]  Registered AgentRuntime to Coordinator: npc_party
01:59:40 [[32minfo[39m]  Registered AgentRuntime to Coordinator: inventory
01:59:40 [[32minfo[39m]  Registered AgentRuntime to Coordinator: skill
01:59:40 [[32minfo[39m]  Registered AgentRuntime to Coordinator: event
01:59:40 [[32minfo[39m]  Registered AgentRuntime to Coordinator: time
01:59:40 [[32minfo[39m]  GameDataExpander configured (manifest path enabled)
01:59:40 [[32minfo[39m]  DedupService configured (dispatch log persistence enabled)
01:59:40 [[32minfo[39m]  Agent system initialized: 10 AgentRuntime instances created
鉁?Agent system initialized with 10 agents
鈿狅笍 YAML Agent system skipped: __vi_import_5__.initializeYamlAgentSystem is not a function
01:59:40 [[32minfo[39m]  Agent routes initialized
01:59:40 [[32minfo[39m]  Save routes initialized
01:59:40 [[32minfo[39m]  Synced template from YAML to DB: cthulhu-investigation
01:59:40 [[32minfo[39m]  Synced template from YAML to DB: cyberpunk-mercenary
01:59:40 [[32minfo[39m]  Synced template from YAML to DB: medieval-fantasy
01:59:40 [[32minfo[39m]  Synced template from YAML to DB: modern-romance
01:59:40 [[32minfo[39m]  Synced template from YAML to DB: xianxia
01:59:40 [[32minfo[39m]  Synced 5 templates from YAML to database
01:59:40 [[32minfo[39m]  Cache refreshed with 5 templates
01:59:40 [[32minfo[39m]  TemplateService loaded {"cachedTemplates":5}
鉁?Template YAML loaded and synced to DB
01:59:40 [[32minfo[39m]  Template routes initialized
鉁?Test environment setup complete
鉁?Database connection closed

 [33m鉂?[39m src/agents/__tests__/react-agent-post-react.test.ts [2m ([22m[2m14 tests[22m [2m|[22m [31m8 failed[39m[2m)[22m[33m 2499[2mms[22m[39m
[31m   [33m鉂?[31m src/agents/__tests__/react-agent-post-react.test.ts[2m > [22mAgentRuntime post-react 涓婚摼[2m > [22mPre-react 搴旀妸妯℃澘銆乻napshot銆乸rojection銆亀orldState銆乻ceneNPC銆佹垬鏂楁€佷笌 entity-graph 閫佸叆 story directive 鐢熸垚閾?[39m
[31m     鈫?Cannot read properties of undefined (reading 'drainPendingEvents')[39m
[31m   [33m鉂?[31m src/agents/__tests__/react-agent-post-react.test.ts[2m > [22mAgentRuntime post-react 涓婚摼[2m > [22mui_interaction 搴斿厛缁忚繃 preprocessAction 鍐嶈繘鍏?generateStoryDirective 涓?LLM 杈撳叆涓婚摼[39m
[31m     鈫?Cannot read properties of undefined (reading 'drainPendingEvents')[39m
[31m   [33m鉂?[31m src/agents/__tests__/react-agent-post-react.test.ts[2m > [22mAgentRuntime post-react 涓婚摼[2m > [22m褰?pipeline 瑕佹眰 repair 鏃跺簲鏈€澶氳拷鍔犱袱娆?ReAct 淇鍥炶矾锛屽苟鎶?repair 鍏冩暟鎹啓鍥?runtime state[39m
[31m     鈫?expected "spy" to be called 2 times, but got 0 times[39m
[31m   [33m鉂?[31m src/agents/__tests__/react-agent-post-react.test.ts[2m > [22mAgentRuntime post-react 涓婚摼[2m > [22m搴旇鏈€缁堝搷搴斾笌涓绘殏瀛樼姸鎬侀兘鍙娇鐢?repair 閫氳繃杞鐨勭粨鏋?[39m
[31m     鈫?expected "spy" to be called 1 times, but got 0 times[39m
[31m   [33m鉂?[31m src/agents/__tests__/react-agent-post-react.test.ts[2m > [22mAgentRuntime post-react 涓婚摼[2m > [22mNPC 瀵硅瘽鍦烘櫙涓嬭嫢 React 缁撴灉瓒婃潈绉诲姩鐜╁锛孭ost-react 搴旇Е鍙?repair 骞舵嫆缁濋敊璇啓鍏?[39m
[31m     鈫?expected "spy" to be called 1 times, but got 0 times[39m
[31m   [33m鉂?[31m src/agents/__tests__/react-agent-post-react.test.ts[2m > [22mAgentRuntime post-react 涓婚摼[2m > [22m鎴樻枟鍙欎簨涓庢暟鍊兼椂闂寸嚎鍐茬獊鏃讹紝搴旇Е鍙?repair 骞舵妸 continuityAudit 鍐欏洖 runtime state[39m
[31m     鈫?expected "spy" to be called 1 times, but got 0 times[39m
[31m   [33m鉂?[31m src/agents/__tests__/react-agent-post-react.test.ts[2m > [22mAgentRuntime post-react 涓婚摼[2m > [22m褰?repair 鎵ц鍣ㄦ姏閿欐椂搴旀樉寮忓け璐ワ紝涓斾笉鑳芥竻绌轰富 staging 鍘熷啓闆嗗悗闈欓粯鎴愬姛[39m
[31m     鈫?promise resolved "{ success: true, data: { 鈥?5) }, 鈥?1) }" instead of rejecting[39m
[31m   [33m鉂?[31m src/agents/__tests__/react-agent-post-react.test.ts[2m > [22mAgentRuntime post-react 涓婚摼[2m > [22m褰?repair 涓よ疆鍚庝粛鏈敹鏁涙椂搴旀樉寮忓け璐ワ紝涓斾笉鑳芥垚鍔熻繑鍥炴棫 writeOperations[39m
[31m     鈫?promise resolved "{ success: true, data: { 鈥?5) }, 鈥?1) }" instead of rejecting[39m
[90mstdout[2m | src/services/__tests__/rules-engine.test.ts[2m > [22m[2mRulesEngine[2m > [22m[2mreloadAll[2m > [22m[2mreloads all rules from scratch[22m[39m
01:59:40 [[32minfo[39m]  Rules engine loaded: 3 rules {"alwaysApply":6,"hooked":[]}

[90mstdout[2m | src/services/__tests__/rules-engine.test.ts[22m[39m
鉁?Database connection closed

 [32m鉁?[39m src/services/__tests__/rules-engine.test.ts [2m ([22m[2m37 tests[22m[2m)[22m[33m 2512[2mms[22m[39m
[90mstdout[2m | src/routes/__tests__/dev-mode.test.ts[22m[39m
01:59:40 [[32minfo[39m]  Help registry loaded: 22 tools {"tools":["batch_query_service","challenge_service","... (22 items)"]}
01:59:40 [[32minfo[39m]  Creating GameMasterAgent (as AgentRuntime with isSubAgent=false)
01:59:40 [[32minfo[39m]  Handler subscribed {"eventType":"dialogue"}
01:59:40 [[32minfo[39m]  Handler subscribed {"eventType":"combat_end"}
01:59:40 [[32minfo[39m]  AwarenessAutoSubscriber subscribed to dialogue + combat_end events
01:59:40 [[32minfo[39m]  Agent initialized: gamemaster - GameMasterAgent
01:59:40 [[32minfo[39m] [AGENT-START] Agent gamemaster starting {"agent":"gamemaster","provider":null,"toolsConfigured":1,"maxIterations":200,"isSubAgent":false}
01:59:40 [[32minfo[39m]  Handler subscribed {"eventType":"chapter_advanced"}
01:59:40 [[32minfo[39m]  Creating AgentRuntime instances from default profile: fantasy_rpg
01:59:40 [[32minfo[39m]  Creating agents from profile: fantasy_rpg {"agentCount":10}
01:59:40 [[32minfo[39m]  Agent initialized: gamemaster - GameMasterAgent
01:59:40 [[32minfo[39m] [AGENT-START] Agent gamemaster starting {"agent":"gamemaster","provider":null,"toolsConfigured":1,"maxIterations":200,"isSubAgent":false}
01:59:40 [[32minfo[39m]  Created AgentRuntime: gamemaster {"profile":"fantasy_rpg","tools":["all"]}
01:59:40 [[32minfo[39m]  Agent initialized: map - MapAgent
01:59:40 [[32minfo[39m] [AGENT-START] Agent map starting {"agent":"map","provider":null,"toolsConfigured":7,"maxIterations":200,"isSubAgent":true}
01:59:40 [[32minfo[39m]  Created AgentRuntime: map {"profile":"fantasy_rpg","tools":["map_service","npc_service","... (7 items)"]}
01:59:40 [[32minfo[39m]  Agent initialized: challenge - ChallengeAgent
01:59:40 [[32minfo[39m] [AGENT-START] Agent challenge starting {"agent":"challenge","provider":null,"toolsConfigured":9,"maxIterations":200,"isSubAgent":true}
01:59:40 [[32minfo[39m]  Created AgentRuntime: challenge {"profile":"fantasy_rpg","tools":["challenge_service","numerical_service","... (9 items)"]}
01:59:40 [[32minfo[39m]  Agent initialized: output - OutputAgent
01:59:40 [[32minfo[39m] [AGENT-START] Agent output starting {"agent":"output","provider":null,"toolsConfigured":5,"maxIterations":200,"isSubAgent":true}
01:59:40 [[32minfo[39m]  Created AgentRuntime: output {"profile":"fantasy_rpg","tools":["dialogue_service","dynamic_ui","... (5 items)"]}
01:59:40 [[32minfo[39m]  Agent initialized: quest - QuestAgent
01:59:40 [[32minfo[39m] [AGENT-START] Agent quest starting {"agent":"quest","provider":null,"toolsConfigured":11,"maxIterations":200,"isSubAgent":true}
01:59:40 [[32minfo[39m]  Created AgentRuntime: quest {"profile":"fantasy_rpg","tools":["quest_service","numerical_service","... (11 items)"]}
01:59:40 [[32minfo[39m]  Agent initialized: npc_party - NPCPartyAgent
01:59:40 [[32minfo[39m] [AGENT-START] Agent npc_party starting {"agent":"npc_party","provider":null,"toolsConfigured":9,"maxIterations":200,"isSubAgent":true}
01:59:40 [[32minfo[39m]  Created AgentRuntime: npc_party {"profile":"fantasy_rpg","tools":["npc_service","entity_graph_service","... (9 items)"]}
01:59:40 [[32minfo[39m]  Agent initialized: inventory - InventoryAgent
01:59:40 [[32minfo[39m] [AGENT-START] Agent inventory starting {"agent":"inventory","provider":null,"toolsConfigured":8,"maxIterations":200,"isSubAgent":true}
01:59:40 [[32minfo[39m]  Created AgentRuntime: inventory {"profile":"fantasy_rpg","tools":["inventory_service","template_pool_service","... (8 items)"]}
01:59:40 [[32minfo[39m]  Agent initialized: skill - SkillAgent
01:59:40 [[32minfo[39m] [AGENT-START] Agent skill starting {"agent":"skill","provider":null,"toolsConfigured":7,"maxIterations":200,"isSubAgent":true}
01:59:40 [[32minfo[39m]  Created AgentRuntime: skill {"profile":"fantasy_rpg","tools":["skill_service","template_pool_service","... (7 items)"]}
01:59:40 [[32minfo[39m]  Agent initialized: event - EventAgent
01:59:40 [[32minfo[39m] [AGENT-START] Agent event starting {"agent":"event","provider":null,"toolsConfigured":5,"maxIterations":200,"isSubAgent":true}
01:59:40 [[32minfo[39m]  Created AgentRuntime: event {"profile":"fantasy_rpg","tools":["event_service","game_time_service","... (5 items)"]}
01:59:40 [[32minfo[39m]  Agent initialized: time - TimeAgent
01:59:40 [[32minfo[39m] [AGENT-START] Agent time starting {"agent":"time","provider":null,"toolsConfigured":4,"maxIterations":200,"isSubAgent":true}
01:59:40 [[32minfo[39m]  Created AgentRuntime: time {"profile":"fantasy_rpg","tools":["game_time_service","rule_service","... (4 items)"]}
01:59:40 [[32minfo[39m]  Permissions configured from agent.tools for profile: fantasy_rpg
01:59:40 [[32minfo[39m]  YAML permissions configured
01:59:40 [[32minfo[39m]  Registering AgentRuntime instances to GameMasterAgent...
01:59:40 [[32minfo[39m]  Registered AgentRuntime to Coordinator: gamemaster
01:59:40 [[32minfo[39m]  Registered AgentRuntime to Coordinator: map
01:59:40 [[32minfo[39m]  Registered AgentRuntime to Coordinator: challenge
01:59:40 [[32minfo[39m]  Registered AgentRuntime to Coordinator: output
01:59:40 [[32minfo[39m]  Registered AgentRuntime to Coordinator: quest
01:59:40 [[32minfo[39m]  Registered AgentRuntime to Coordinator: npc_party
01:59:40 [[32minfo[39m]  Registered AgentRuntime to Coordinator: inventory
01:59:40 [[32minfo[39m]  Registered AgentRuntime to Coordinator: skill
01:59:40 [[32minfo[39m]  Registered AgentRuntime to Coordinator: event
01:59:40 [[32minfo[39m]  Registered AgentRuntime to Coordinator: time
01:59:40 [[32minfo[39m]  GameDataExpander configured (manifest path enabled)
01:59:40 [[32minfo[39m]  DedupService configured (dispatch log persistence enabled)
01:59:40 [[32minfo[39m]  Agent system initialized: 10 AgentRuntime instances created
鉁?Agent system initialized with 10 agents
鈿狅笍 YAML Agent system skipped: __vi_import_5__.initializeYamlAgentSystem is not a function
01:59:40 [[32minfo[39m]  Agent routes initialized
01:59:40 [[32minfo[39m]  Save routes initialized
01:59:40 [[32minfo[39m]  Synced template from YAML to DB: cthulhu-investigation
01:59:40 [[32minfo[39m]  Synced template from YAML to DB: cyberpunk-mercenary
01:59:40 [[32minfo[39m]  Synced template from YAML to DB: medieval-fantasy
01:59:40 [[32minfo[39m]  Synced template from YAML to DB: modern-romance
01:59:40 [[32minfo[39m]  Synced template from YAML to DB: xianxia
01:59:40 [[32minfo[39m]  Synced 5 templates from YAML to database
01:59:40 [[32minfo[39m]  Cache refreshed with 5 templates
01:59:40 [[32minfo[39m]  TemplateService loaded {"cachedTemplates":5}
鉁?Template YAML loaded and synced to DB
01:59:40 [[32minfo[39m]  Template routes initialized
鉁?Test environment setup complete

[90mstdout[2m | src/routes/__tests__/dev-mode.test.ts[2m > [22m[2mDev Mode API 鈥?5 涓柊绔偣[2m > [22m[2m鐜淇濇姢涓棿浠?[2m > [22m[2m鐢熶骇鐜杩斿洖 403[22m[39m
01:59:40 [[32minfo[39m]  Dev routes initialized

[90mstdout[2m | src/routes/__tests__/dev-mode.test.ts[2m > [22m[2mDev Mode API 鈥?5 涓柊绔偣[2m > [22m[2m鐜淇濇姢涓棿浠?[2m > [22m[2m闈炵敓浜х幆澧冨厑璁歌闂?[22m[39m
01:59:40 [[32minfo[39m]  Dev routes initialized

[90mstdout[2m | src/routes/__tests__/dev-mode.test.ts[2m > [22m[2mDev Mode API 鈥?5 涓柊绔偣[2m > [22m[2mAPI Key 鏍￠獙[2m > [22m[2m璁剧疆浜?DEV_API_KEY 浣嗚姹傛棤 key 澶存椂杩斿洖 401[22m[39m
01:59:40 [[32minfo[39m]  Dev routes initialized

[90mstdout[2m | src/routes/__tests__/dev-mode.test.ts[2m > [22m[2mDev Mode API 鈥?5 涓柊绔偣[2m > [22m[2mAPI Key 鏍￠獙[2m > [22m[2m璁剧疆浜?DEV_API_KEY 涓?key 澶存纭椂鍏佽璁块棶[22m[39m
01:59:41 [[32minfo[39m]  Dev routes initialized

[90mstdout[2m | src/routes/__tests__/dev-mode.test.ts[2m > [22m[2mDev Mode API 鈥?5 涓柊绔偣[2m > [22m[2mAPI Key 鏍￠獙[2m > [22m[2m璁剧疆浜?DEV_API_KEY 浣?key 澶撮敊璇椂杩斿洖 401[22m[39m
01:59:41 [[32minfo[39m]  Dev routes initialized

[90mstdout[2m | src/routes/__tests__/dev-mode.test.ts[2m > [22m[2mDev Mode API 鈥?5 涓柊绔偣[2m > [22m[2mAPI Key 鏍￠獙[2m > [22m[2m鏈缃?DEV_API_KEY 鏃朵笉鏍￠獙 key[22m[39m
01:59:41 [[32minfo[39m]  Dev routes initialized

[90mstdout[2m | src/routes/__tests__/dev-mode.test.ts[2m > [22m[2mDev Mode API 鈥?5 涓柊绔偣[2m > [22m[2mPOST /quick-init[2m > [22m[2m缂哄皯 preset 瀛楁杩斿洖 400[22m[39m
01:59:41 [[32minfo[39m]  Dev routes initialized

[90mstdout[2m | src/routes/__tests__/dev-mode.test.ts[2m > [22m[2mDev Mode API 鈥?5 涓柊绔偣[2m > [22m[2mPOST /quick-init[2m > [22m[2mcoordinator 鎴?devModeService 涓嶅彲鐢ㄦ椂杩斿洖 503[22m[39m
01:59:41 [[32minfo[39m]  Dev routes initialized

[90mstdout[2m | src/routes/__tests__/dev-mode.test.ts[2m > [22m[2mDev Mode API 鈥?5 涓柊绔偣[2m > [22m[2mPOST /quick-init[2m > [22m[2m棰勮鏍￠獙澶辫触杩斿洖 400[22m[39m
01:59:41 [[32minfo[39m]  Dev routes initialized

[90mstdout[2m | src/routes/__tests__/dev-mode.test.ts[2m > [22m[2mDev Mode API 鈥?5 涓柊绔偣[2m > [22m[2mPOST /quick-init[2m > [22m[2m鎴愬姛鍒濆鍖栬繑鍥?200 鍙婂畬鏁村搷搴旂粨鏋?[22m[39m
01:59:41 [[32minfo[39m]  Dev routes initialized

[90mstdout[2m | src/routes/__tests__/dev-mode.test.ts[2m > [22m[2mDev Mode API 鈥?5 涓柊绔偣[2m > [22m[2mPOST /quick-init[2m > [22m[2mcoordinator 杩斿洖澶辫触鏃惰繑鍥?400[22m[39m
01:59:41 [[32minfo[39m]  Dev routes initialized

[90mstdout[2m | src/routes/__tests__/dev-mode.test.ts[2m > [22m[2mDev Mode API 鈥?5 涓柊绔偣[2m > [22m[2mPOST /quick-init[2m > [22m[2m璋冪敤 coordinator 鏃?to 瀛楁涓?gamemaster[22m[39m
01:59:41 [[32minfo[39m]  Dev routes initialized

[90mstdout[2m | src/routes/__tests__/dev-mode.test.ts[2m > [22m[2mDev Mode API 鈥?5 涓柊绔偣[2m > [22m[2mPOST /agent-trace[2m > [22m[2m缂哄皯 message 鎴?saveId 杩斿洖 400[22m[39m
01:59:41 [[32minfo[39m]  Dev routes initialized

[90mstdout[2m | src/routes/__tests__/dev-mode.test.ts[2m > [22m[2mDev Mode API 鈥?5 涓柊绔偣[2m > [22m[2mPOST /agent-trace[2m > [22m[2m缂哄皯 message 杩斿洖 400[22m[39m
01:59:41 [[32minfo[39m]  Dev routes initialized

[90mstdout[2m | src/routes/__tests__/dev-mode.test.ts[2m > [22m[2mDev Mode API 鈥?5 涓柊绔偣[2m > [22m[2mPOST /agent-trace[2m > [22m[2mcoordinator 鎴?devModeService 涓嶅彲鐢ㄦ椂杩斿洖 503[22m[39m
01:59:41 [[32minfo[39m]  Dev routes initialized

[90mstdout[2m | tests/agent-system/websocket.test.ts[22m[39m
01:59:40 [[32minfo[39m]  Help registry loaded: 22 tools {"tools":["batch_query_service","challenge_service","... (22 items)"]}
01:59:40 [[32minfo[39m]  Creating GameMasterAgent (as AgentRuntime with isSubAgent=false)
01:59:40 [[32minfo[39m]  Handler subscribed {"eventType":"dialogue"}
01:59:40 [[32minfo[39m]  Handler subscribed {"eventType":"combat_end"}
01:59:40 [[32minfo[39m]  AwarenessAutoSubscriber subscribed to dialogue + combat_end events
01:59:40 [[32minfo[39m]  Agent initialized: gamemaster - GameMasterAgent
01:59:40 [[32minfo[39m] [AGENT-START] Agent gamemaster starting {"agent":"gamemaster","provider":null,"toolsConfigured":1,"maxIterations":200,"isSubAgent":false}
01:59:40 [[32minfo[39m]  Handler subscribed {"eventType":"chapter_advanced"}
01:59:40 [[32minfo[39m]  Creating AgentRuntime instances from default profile: fantasy_rpg
01:59:40 [[32minfo[39m]  Creating agents from profile: fantasy_rpg {"agentCount":10}
01:59:40 [[32minfo[39m]  Agent initialized: gamemaster - GameMasterAgent
01:59:40 [[32minfo[39m] [AGENT-START] Agent gamemaster starting {"agent":"gamemaster","provider":null,"toolsConfigured":1,"maxIterations":200,"isSubAgent":false}
01:59:40 [[32minfo[39m]  Created AgentRuntime: gamemaster {"profile":"fantasy_rpg","tools":["all"]}
01:59:40 [[32minfo[39m]  Agent initialized: map - MapAgent
01:59:40 [[32minfo[39m] [AGENT-START] Agent map starting {"agent":"map","provider":null,"toolsConfigured":7,"maxIterations":200,"isSubAgent":true}
01:59:40 [[32minfo[39m]  Created AgentRuntime: map {"profile":"fantasy_rpg","tools":["map_service","npc_service","... (7 items)"]}
01:59:40 [[32minfo[39m]  Agent initialized: challenge - ChallengeAgent
01:59:40 [[32minfo[39m] [AGENT-START] Agent challenge starting {"agent":"challenge","provider":null,"toolsConfigured":9,"maxIterations":200,"isSubAgent":true}
01:59:40 [[32minfo[39m]  Created AgentRuntime: challenge {"profile":"fantasy_rpg","tools":["challenge_service","numerical_service","... (9 items)"]}
01:59:40 [[32minfo[39m]  Agent initialized: output - OutputAgent
01:59:40 [[32minfo[39m] [AGENT-START] Agent output starting {"agent":"output","provider":null,"toolsConfigured":5,"maxIterations":200,"isSubAgent":true}
01:59:40 [[32minfo[39m]  Created AgentRuntime: output {"profile":"fantasy_rpg","tools":["dialogue_service","dynamic_ui","... (5 items)"]}
01:59:40 [[32minfo[39m]  Agent initialized: quest - QuestAgent
01:59:40 [[32minfo[39m] [AGENT-START] Agent quest starting {"agent":"quest","provider":null,"toolsConfigured":11,"maxIterations":200,"isSubAgent":true}
01:59:40 [[32minfo[39m]  Created AgentRuntime: quest {"profile":"fantasy_rpg","tools":["quest_service","numerical_service","... (11 items)"]}
01:59:40 [[32minfo[39m]  Agent initialized: npc_party - NPCPartyAgent
01:59:40 [[32minfo[39m] [AGENT-START] Agent npc_party starting {"agent":"npc_party","provider":null,"toolsConfigured":9,"maxIterations":200,"isSubAgent":true}
01:59:40 [[32minfo[39m]  Created AgentRuntime: npc_party {"profile":"fantasy_rpg","tools":["npc_service","entity_graph_service","... (9 items)"]}
01:59:40 [[32minfo[39m]  Agent initialized: inventory - InventoryAgent
01:59:40 [[32minfo[39m] [AGENT-START] Agent inventory starting {"agent":"inventory","provider":null,"toolsConfigured":8,"maxIterations":200,"isSubAgent":true}
01:59:40 [[32minfo[39m]  Created AgentRuntime: inventory {"profile":"fantasy_rpg","tools":["inventory_service","template_pool_service","... (8 items)"]}
01:59:40 [[32minfo[39m]  Agent initialized: skill - SkillAgent
01:59:40 [[32minfo[39m] [AGENT-START] Agent skill starting {"agent":"skill","provider":null,"toolsConfigured":7,"maxIterations":200,"isSubAgent":true}
01:59:40 [[32minfo[39m]  Created AgentRuntime: skill {"profile":"fantasy_rpg","tools":["skill_service","template_pool_service","... (7 items)"]}
01:59:40 [[32minfo[39m]  Agent initialized: event - EventAgent
01:59:40 [[32minfo[39m] [AGENT-START] Agent event starting {"agent":"event","provider":null,"toolsConfigured":5,"maxIterations":200,"isSubAgent":true}
01:59:40 [[32minfo[39m]  Created AgentRuntime: event {"profile":"fantasy_rpg","tools":["event_service","game_time_service","... (5 items)"]}
01:59:40 [[32minfo[39m]  Agent initialized: time - TimeAgent
01:59:40 [[32minfo[39m] [AGENT-START] Agent time starting {"agent":"time","provider":null,"toolsConfigured":4,"maxIterations":200,"isSubAgent":true}
01:59:40 [[32minfo[39m]  Created AgentRuntime: time {"profile":"fantasy_rpg","tools":["game_time_service","rule_service","... (4 items)"]}
01:59:40 [[32minfo[39m]  Permissions configured from agent.tools for profile: fantasy_rpg
01:59:40 [[32minfo[39m]  YAML permissions configured
01:59:40 [[32minfo[39m]  Registering AgentRuntime instances to GameMasterAgent...
01:59:40 [[32minfo[39m]  Registered AgentRuntime to Coordinator: gamemaster
01:59:40 [[32minfo[39m]  Registered AgentRuntime to Coordinator: map
01:59:40 [[32minfo[39m]  Registered AgentRuntime to Coordinator: challenge
01:59:40 [[32minfo[39m]  Registered AgentRuntime to Coordinator: output
01:59:40 [[32minfo[39m]  Registered AgentRuntime to Coordinator: quest
01:59:40 [[32minfo[39m]  Registered AgentRuntime to Coordinator: npc_party
01:59:40 [[32minfo[39m]  Registered AgentRuntime to Coordinator: inventory
01:59:40 [[32minfo[39m]  Registered AgentRuntime to Coordinator: skill
01:59:40 [[32minfo[39m]  Registered AgentRuntime to Coordinator: event
01:59:40 [[32minfo[39m]  Registered AgentRuntime to Coordinator: time
01:59:40 [[32minfo[39m]  GameDataExpander configured (manifest path enabled)
01:59:40 [[32minfo[39m]  DedupService configured (dispatch log persistence enabled)
01:59:40 [[32minfo[39m]  Agent system initialized: 10 AgentRuntime instances created
鉁?Agent system initialized with 10 agents
鈿狅笍 YAML Agent system skipped: __vi_import_5__.initializeYamlAgentSystem is not a function
01:59:40 [[32minfo[39m]  Agent routes initialized
01:59:40 [[32minfo[39m]  Save routes initialized
01:59:40 [[32minfo[39m]  Synced template from YAML to DB: cthulhu-investigation
01:59:40 [[32minfo[39m]  Synced template from YAML to DB: cyberpunk-mercenary
01:59:40 [[32minfo[39m]  Synced template from YAML to DB: medieval-fantasy
01:59:40 [[32minfo[39m]  Synced template from YAML to DB: modern-romance
01:59:40 [[32minfo[39m]  Synced template from YAML to DB: xianxia
01:59:40 [[32minfo[39m]  Synced 5 templates from YAML to database
01:59:41 [[32minfo[39m]  Cache refreshed with 5 templates
01:59:41 [[32minfo[39m]  TemplateService loaded {"cachedTemplates":5}
鉁?Template YAML loaded and synced to DB
01:59:41 [[32minfo[39m]  Template routes initialized
鉁?Test environment setup complete

[90mstdout[2m | tests/agent-system/websocket.test.ts[2m > [22m[2mWebSocket Communication System[2m > [22m[2mWebSocket Connection[2m > [22m[2mshould accept WebSocket connections on /ws path[22m[39m
01:59:41 [[32minfo[39m]  WebSocket server initialized on /ws

[90mstdout[2m | src/migrations/__tests__/schema-verification.test.ts[2m > [22m[2m鏁版嵁搴撹〃缁撴瀯楠岃瘉[22m[39m
Running migration: 001_init.ts
Migration 001_init.ts completed successfully
Running migration: 002_add_equipped_index.ts
Migration 002_add_equipped_index.ts completed successfully
Running migration: 003_fix_information_boundaries_timestamps.ts
Migration 003_fix_information_boundaries_timestamps.ts completed successfully
Running migration: 004_drop_information_boundaries.ts
004_drop_information_boundaries: information_boundaries table not found, skipping migration
004_drop_information_boundaries: cleared custom_data.knowledge from 0 NPCs
Migration 004_drop_information_boundaries.ts completed successfully
Running migration: 005_drop_npc_relations.ts
005_drop_npc_relations: dropped npc_relations table
Migration 005_drop_npc_relations.ts completed successfully
Running migration: 006_awareness_relationship_events_states.ts
006: created entity_awareness_events table
006: created entity_awareness_states table
006: created entity_relationship_events table
006: created entity_relationship_states table
Migration 006_awareness_relationship_events_states.ts completed successfully
Running migration: 007_add_combat_mode.ts
007: added combat_states.mode column
Migration 007_add_combat_mode.ts completed successfully
Running migration: 008_add_saves_active_challenge_mode.ts
008: added saves.active_challenge_mode column
Migration 008_add_saves_active_challenge_mode.ts completed successfully
All migrations completed

[90mstdout[2m | src/migrations/__tests__/schema-verification.test.ts[22m[39m
01:59:40 [[32minfo[39m]  Help registry loaded: 22 tools {"tools":["batch_query_service","challenge_service","... (22 items)"]}
01:59:40 [[32minfo[39m]  Creating GameMasterAgent (as AgentRuntime with isSubAgent=false)
01:59:40 [[32minfo[39m]  Handler subscribed {"eventType":"dialogue"}
01:59:40 [[32minfo[39m]  Handler subscribed {"eventType":"combat_end"}
01:59:40 [[32minfo[39m]  AwarenessAutoSubscriber subscribed to dialogue + combat_end events
01:59:40 [[32minfo[39m]  Agent initialized: gamemaster - GameMasterAgent
01:59:40 [[32minfo[39m] [AGENT-START] Agent gamemaster starting {"agent":"gamemaster","provider":null,"toolsConfigured":1,"maxIterations":200,"isSubAgent":false}
01:59:40 [[32minfo[39m]  Handler subscribed {"eventType":"chapter_advanced"}
01:59:40 [[32minfo[39m]  Creating AgentRuntime instances from default profile: fantasy_rpg
01:59:40 [[32minfo[39m]  Creating agents from profile: fantasy_rpg {"agentCount":10}
01:59:40 [[32minfo[39m]  Agent initialized: gamemaster - GameMasterAgent
01:59:40 [[32minfo[39m] [AGENT-START] Agent gamemaster starting {"agent":"gamemaster","provider":null,"toolsConfigured":1,"maxIterations":200,"isSubAgent":false}
01:59:40 [[32minfo[39m]  Created AgentRuntime: gamemaster {"profile":"fantasy_rpg","tools":["all"]}
01:59:40 [[32minfo[39m]  Agent initialized: map - MapAgent
01:59:40 [[32minfo[39m] [AGENT-START] Agent map starting {"agent":"map","provider":null,"toolsConfigured":7,"maxIterations":200,"isSubAgent":true}
01:59:40 [[32minfo[39m]  Created AgentRuntime: map {"profile":"fantasy_rpg","tools":["map_service","npc_service","... (7 items)"]}
01:59:40 [[32minfo[39m]  Agent initialized: challenge - ChallengeAgent
01:59:40 [[32minfo[39m] [AGENT-START] Agent challenge starting {"agent":"challenge","provider":null,"toolsConfigured":9,"maxIterations":200,"isSubAgent":true}
01:59:40 [[32minfo[39m]  Created AgentRuntime: challenge {"profile":"fantasy_rpg","tools":["challenge_service","numerical_service","... (9 items)"]}
01:59:40 [[32minfo[39m]  Agent initialized: output - OutputAgent
01:59:40 [[32minfo[39m] [AGENT-START] Agent output starting {"agent":"output","provider":null,"toolsConfigured":5,"maxIterations":200,"isSubAgent":true}
01:59:40 [[32minfo[39m]  Created AgentRuntime: output {"profile":"fantasy_rpg","tools":["dialogue_service","dynamic_ui","... (5 items)"]}
01:59:40 [[32minfo[39m]  Agent initialized: quest - QuestAgent
01:59:40 [[32minfo[39m] [AGENT-START] Agent quest starting {"agent":"quest","provider":null,"toolsConfigured":11,"maxIterations":200,"isSubAgent":true}
01:59:40 [[32minfo[39m]  Created AgentRuntime: quest {"profile":"fantasy_rpg","tools":["quest_service","numerical_service","... (11 items)"]}
01:59:40 [[32minfo[39m]  Agent initialized: npc_party - NPCPartyAgent
01:59:40 [[32minfo[39m] [AGENT-START] Agent npc_party starting {"agent":"npc_party","provider":null,"toolsConfigured":9,"maxIterations":200,"isSubAgent":true}
01:59:40 [[32minfo[39m]  Created AgentRuntime: npc_party {"profile":"fantasy_rpg","tools":["npc_service","entity_graph_service","... (9 items)"]}
01:59:40 [[32minfo[39m]  Agent initialized: inventory - InventoryAgent
01:59:40 [[32minfo[39m] [AGENT-START] Agent inventory starting {"agent":"inventory","provider":null,"toolsConfigured":8,"maxIterations":200,"isSubAgent":true}
01:59:40 [[32minfo[39m]  Created AgentRuntime: inventory {"profile":"fantasy_rpg","tools":["inventory_service","template_pool_service","... (8 items)"]}
01:59:40 [[32minfo[39m]  Agent initialized: skill - SkillAgent
01:59:40 [[32minfo[39m] [AGENT-START] Agent skill starting {"agent":"skill","provider":null,"toolsConfigured":7,"maxIterations":200,"isSubAgent":true}
01:59:40 [[32minfo[39m]  Created AgentRuntime: skill {"profile":"fantasy_rpg","tools":["skill_service","template_pool_service","... (7 items)"]}
01:59:40 [[32minfo[39m]  Agent initialized: event - EventAgent
01:59:40 [[32minfo[39m] [AGENT-START] Agent event starting {"agent":"event","provider":null,"toolsConfigured":5,"maxIterations":200,"isSubAgent":true}
01:59:40 [[32minfo[39m]  Created AgentRuntime: event {"profile":"fantasy_rpg","tools":["event_service","game_time_service","... (5 items)"]}
01:59:40 [[32minfo[39m]  Agent initialized: time - TimeAgent
01:59:40 [[32minfo[39m] [AGENT-START] Agent time starting {"agent":"time","provider":null,"toolsConfigured":4,"maxIterations":200,"isSubAgent":true}
01:59:40 [[32minfo[39m]  Created AgentRuntime: time {"profile":"fantasy_rpg","tools":["game_time_service","rule_service","... (4 items)"]}
01:59:40 [[32minfo[39m]  Permissions configured from agent.tools for profile: fantasy_rpg
01:59:40 [[32minfo[39m]  YAML permissions configured
01:59:40 [[32minfo[39m]  Registering AgentRuntime instances to GameMasterAgent...
01:59:40 [[32minfo[39m]  Registered AgentRuntime to Coordinator: gamemaster
01:59:40 [[32minfo[39m]  Registered AgentRuntime to Coordinator: map
01:59:40 [[32minfo[39m]  Registered AgentRuntime to Coordinator: challenge
01:59:40 [[32minfo[39m]  Registered AgentRuntime to Coordinator: output
01:59:40 [[32minfo[39m]  Registered AgentRuntime to Coordinator: quest
01:59:40 [[32minfo[39m]  Registered AgentRuntime to Coordinator: npc_party
01:59:40 [[32minfo[39m]  Registered AgentRuntime to Coordinator: inventory
01:59:40 [[32minfo[39m]  Registered AgentRuntime to Coordinator: skill
01:59:40 [[32minfo[39m]  Registered AgentRuntime to Coordinator: event
01:59:40 [[32minfo[39m]  Registered AgentRuntime to Coordinator: time
01:59:40 [[32minfo[39m]  GameDataExpander configured (manifest path enabled)
01:59:40 [[32minfo[39m]  DedupService configured (dispatch log persistence enabled)
01:59:40 [[32minfo[39m]  Agent system initialized: 10 AgentRuntime instances created
鉁?Agent system initialized with 10 agents
鈿狅笍 YAML Agent system skipped: __vi_import_5__.initializeYamlAgentSystem is not a function
01:59:40 [[32minfo[39m]  Agent routes initialized
01:59:40 [[32minfo[39m]  Save routes initialized
01:59:40 [[32minfo[39m]  Synced template from YAML to DB: cthulhu-investigation
01:59:40 [[32minfo[39m]  Synced template from YAML to DB: cyberpunk-mercenary
01:59:40 [[32minfo[39m]  Synced template from YAML to DB: medieval-fantasy
01:59:40 [[32minfo[39m]  Synced template from YAML to DB: modern-romance
01:59:40 [[32minfo[39m]  Synced template from YAML to DB: xianxia
01:59:40 [[32minfo[39m]  Synced 5 templates from YAML to database
01:59:40 [[32minfo[39m]  Cache refreshed with 5 templates
01:59:40 [[32minfo[39m]  TemplateService loaded {"cachedTemplates":5}
鉁?Template YAML loaded and synced to DB
01:59:40 [[32minfo[39m]  Template routes initialized
鉁?Test environment setup complete
鉁?Database connection closed

 [32m鉁?[39m src/migrations/__tests__/schema-verification.test.ts [2m ([22m[2m189 tests[22m[2m)[22m[33m 2378[2mms[22m[39m
[90mstdout[2m | src/routes/__tests__/dev-mode.test.ts[2m > [22m[2mDev Mode API 鈥?5 涓柊绔偣[2m > [22m[2mPOST /agent-trace[2m > [22m[2mto 瀛楁濮嬬粓涓?gamemaster锛宎gentType 浣滀负 _devTargetAgentType 浼犻€?[22m[39m
01:59:41 [[32minfo[39m]  Dev routes initialized

[90mstdout[2m | tests/agent-system/websocket.test.ts[2m > [22m[2mWebSocket Communication System[2m > [22m[2mWebSocket Connection[2m > [22m[2mshould accept WebSocket connections on /ws path[22m[39m
01:59:41 [[32minfo[39m]  WebSocket client connected. Total: 1

[90mstdout[2m | tests/agent-system/websocket.test.ts[2m > [22m[2mWebSocket Communication System[2m > [22m[2mWebSocket Connection[2m > [22m[2mshould accept WebSocket connections on /ws path[22m[39m
01:59:41 [[32minfo[39m]  WebSocket client authenticated {"clientId":"client_4d1e8149-0683-4731-b283-8f7657756500"}

[90mstdout[2m | src/routes/__tests__/dev-mode.test.ts[2m > [22m[2mDev Mode API 鈥?5 涓柊绔偣[2m > [22m[2mPOST /agent-trace[2m > [22m[2m鏃犳晥 agentType 涓嶉樆姝㈣姹傦紝浠嶄綔涓?_devTargetAgentType 浼犻€?[22m[39m
01:59:41 [[32minfo[39m]  Dev routes initialized

[90mstdout[2m | src/routes/__tests__/dev-mode.test.ts[2m > [22m[2mDev Mode API 鈥?5 涓柊绔偣[2m > [22m[2mPOST /agent-trace[2m > [22m[2m鎴愬姛杩斿洖鍖呭惈 summary 鑱氬悎瀛楁[22m[39m
01:59:41 [[32minfo[39m]  Dev routes initialized

[90mstdout[2m | tests/agent-system/websocket.test.ts[2m > [22m[2mWebSocket Communication System[2m > [22m[2mWebSocket Connection[2m > [22m[2mshould accept WebSocket connections on /ws path[22m[39m
01:59:41 [[32minfo[39m]  WebSocket server shut down

[90mstdout[2m | src/game-systems/audit/__tests__/DialogueConsistencyChecker.test.ts[2m > [22m[2mDialogueConsistencyChecker[2m > [22m[2mLLM 澶辫触鏃讹細杩斿洖浣庣疆淇″害 warning锛堥潪闈欓粯闄嶇骇锛?[2m > [22m[2mStep 1 LLM 鎻愬彇澶辫触鏃讹紝杩斿洖浣庣疆淇″害 warning[22m[39m
01:59:41 [[33mwarn[39m]  LLM extract claims failed, returning low-confidence warning {"taskId":"task-1","error":"LLM service unavailable"}

[90mstdout[2m | src/game-systems/audit/__tests__/DialogueConsistencyChecker.test.ts[2m > [22m[2mDialogueConsistencyChecker[2m > [22m[2mLLM 澶辫触鏃讹細杩斿洖浣庣疆淇″害 warning锛堥潪闈欓粯闄嶇骇锛?[2m > [22m[2mStep 3 LLM 缁煎悎鍒ゆ柇澶辫触 + 绋嬪簭鍏滃簳鏈?failures 鈫?杩斿洖绋嬪簭鍏滃簳 failures[22m[39m
01:59:41 [[33mwarn[39m]  LLM synthesize failed, fallback to program judgment {"taskId":"task-1","error":"Step 3 LLM unavailable"}

[90mstdout[2m | src/game-systems/audit/__tests__/DialogueConsistencyChecker.test.ts[2m > [22m[2mDialogueConsistencyChecker[2m > [22m[2mLLM 澶辫触鏃讹細杩斿洖浣庣疆淇″害 warning锛堥潪闈欓粯闄嶇骇锛?[2m > [22m[2mStep 3 LLM 澶辫触 + 绋嬪簭鍏滃簳鏃?failures 鈫?杩斿洖浣庣疆淇″害 warning锛堜笉闈欓粯闄嶇骇涓?閫氳繃"锛?[22m[39m
01:59:41 [[33mwarn[39m]  LLM synthesize failed, fallback to program judgment {"taskId":"task-1","error":"Step 3 LLM unavailable"}

[90mstdout[2m | src/game-systems/audit/__tests__/DialogueConsistencyChecker.test.ts[22m[39m
01:59:40 [[32minfo[39m]  Help registry loaded: 22 tools {"tools":["batch_query_service","challenge_service","... (22 items)"]}
01:59:40 [[32minfo[39m]  Creating GameMasterAgent (as AgentRuntime with isSubAgent=false)
01:59:40 [[32minfo[39m]  Handler subscribed {"eventType":"dialogue"}
01:59:40 [[32minfo[39m]  Handler subscribed {"eventType":"combat_end"}
01:59:40 [[32minfo[39m]  AwarenessAutoSubscriber subscribed to dialogue + combat_end events
01:59:40 [[32minfo[39m]  Agent initialized: gamemaster - GameMasterAgent
01:59:40 [[32minfo[39m] [AGENT-START] Agent gamemaster starting {"agent":"gamemaster","provider":null,"toolsConfigured":1,"maxIterations":200,"isSubAgent":false}
01:59:40 [[32minfo[39m]  Handler subscribed {"eventType":"chapter_advanced"}
01:59:40 [[32minfo[39m]  Creating AgentRuntime instances from default profile: fantasy_rpg
01:59:40 [[32minfo[39m]  Creating agents from profile: fantasy_rpg {"agentCount":10}
01:59:40 [[32minfo[39m]  Agent initialized: gamemaster - GameMasterAgent
01:59:40 [[32minfo[39m] [AGENT-START] Agent gamemaster starting {"agent":"gamemaster","provider":null,"toolsConfigured":1,"maxIterations":200,"isSubAgent":false}
01:59:40 [[32minfo[39m]  Created AgentRuntime: gamemaster {"profile":"fantasy_rpg","tools":["all"]}
01:59:40 [[32minfo[39m]  Agent initialized: map - MapAgent
01:59:40 [[32minfo[39m] [AGENT-START] Agent map starting {"agent":"map","provider":null,"toolsConfigured":7,"maxIterations":200,"isSubAgent":true}
01:59:40 [[32minfo[39m]  Created AgentRuntime: map {"profile":"fantasy_rpg","tools":["map_service","npc_service","... (7 items)"]}
01:59:40 [[32minfo[39m]  Agent initialized: challenge - ChallengeAgent
01:59:40 [[32minfo[39m] [AGENT-START] Agent challenge starting {"agent":"challenge","provider":null,"toolsConfigured":9,"maxIterations":200,"isSubAgent":true}
01:59:40 [[32minfo[39m]  Created AgentRuntime: challenge {"profile":"fantasy_rpg","tools":["challenge_service","numerical_service","... (9 items)"]}
01:59:40 [[32minfo[39m]  Agent initialized: output - OutputAgent
01:59:40 [[32minfo[39m] [AGENT-START] Agent output starting {"agent":"output","provider":null,"toolsConfigured":5,"maxIterations":200,"isSubAgent":true}
01:59:40 [[32minfo[39m]  Created AgentRuntime: output {"profile":"fantasy_rpg","tools":["dialogue_service","dynamic_ui","... (5 items)"]}
01:59:40 [[32minfo[39m]  Agent initialized: quest - QuestAgent
01:59:40 [[32minfo[39m] [AGENT-START] Agent quest starting {"agent":"quest","provider":null,"toolsConfigured":11,"maxIterations":200,"isSubAgent":true}
01:59:40 [[32minfo[39m]  Created AgentRuntime: quest {"profile":"fantasy_rpg","tools":["quest_service","numerical_service","... (11 items)"]}
01:59:40 [[32minfo[39m]  Agent initialized: npc_party - NPCPartyAgent
01:59:40 [[32minfo[39m] [AGENT-START] Agent npc_party starting {"agent":"npc_party","provider":null,"toolsConfigured":9,"maxIterations":200,"isSubAgent":true}
01:59:40 [[32minfo[39m]  Created AgentRuntime: npc_party {"profile":"fantasy_rpg","tools":["npc_service","entity_graph_service","... (9 items)"]}
01:59:40 [[32minfo[39m]  Agent initialized: inventory - InventoryAgent
01:59:40 [[32minfo[39m] [AGENT-START] Agent inventory starting {"agent":"inventory","provider":null,"toolsConfigured":8,"maxIterations":200,"isSubAgent":true}
01:59:40 [[32minfo[39m]  Created AgentRuntime: inventory {"profile":"fantasy_rpg","tools":["inventory_service","template_pool_service","... (8 items)"]}
01:59:40 [[32minfo[39m]  Agent initialized: skill - SkillAgent
01:59:40 [[32minfo[39m] [AGENT-START] Agent skill starting {"agent":"skill","provider":null,"toolsConfigured":7,"maxIterations":200,"isSubAgent":true}
01:59:40 [[32minfo[39m]  Created AgentRuntime: skill {"profile":"fantasy_rpg","tools":["skill_service","template_pool_service","... (7 items)"]}
01:59:40 [[32minfo[39m]  Agent initialized: event - EventAgent
01:59:40 [[32minfo[39m] [AGENT-START] Agent event starting {"agent":"event","provider":null,"toolsConfigured":5,"maxIterations":200,"isSubAgent":true}
01:59:40 [[32minfo[39m]  Created AgentRuntime: event {"profile":"fantasy_rpg","tools":["event_service","game_time_service","... (5 items)"]}
01:59:40 [[32minfo[39m]  Agent initialized: time - TimeAgent
01:59:40 [[32minfo[39m] [AGENT-START] Agent time starting {"agent":"time","provider":null,"toolsConfigured":4,"maxIterations":200,"isSubAgent":true}
01:59:40 [[32minfo[39m]  Created AgentRuntime: time {"profile":"fantasy_rpg","tools":["game_time_service","rule_service","... (4 items)"]}
01:59:40 [[32minfo[39m]  Permissions configured from agent.tools for profile: fantasy_rpg
01:59:40 [[32minfo[39m]  YAML permissions configured
01:59:40 [[32minfo[39m]  Registering AgentRuntime instances to GameMasterAgent...
01:59:40 [[32minfo[39m]  Registered AgentRuntime to Coordinator: gamemaster
01:59:40 [[32minfo[39m]  Registered AgentRuntime to Coordinator: map
01:59:40 [[32minfo[39m]  Registered AgentRuntime to Coordinator: challenge
01:59:40 [[32minfo[39m]  Registered AgentRuntime to Coordinator: output
01:59:40 [[32minfo[39m]  Registered AgentRuntime to Coordinator: quest
01:59:40 [[32minfo[39m]  Registered AgentRuntime to Coordinator: npc_party
01:59:40 [[32minfo[39m]  Registered AgentRuntime to Coordinator: inventory
01:59:40 [[32minfo[39m]  Registered AgentRuntime to Coordinator: skill
01:59:40 [[32minfo[39m]  Registered AgentRuntime to Coordinator: event
01:59:40 [[32minfo[39m]  Registered AgentRuntime to Coordinator: time
01:59:40 [[32minfo[39m]  GameDataExpander configured (manifest path enabled)
01:59:40 [[32minfo[39m]  DedupService configured (dispatch log persistence enabled)
01:59:40 [[32minfo[39m]  Agent system initialized: 10 AgentRuntime instances created
鉁?Agent system initialized with 10 agents
鈿狅笍 YAML Agent system skipped: __vi_import_5__.initializeYamlAgentSystem is not a function
01:59:40 [[32minfo[39m]  Agent routes initialized
01:59:40 [[32minfo[39m]  Save routes initialized
01:59:40 [[32minfo[39m]  Synced template from YAML to DB: cthulhu-investigation
01:59:40 [[32minfo[39m]  Synced template from YAML to DB: cyberpunk-mercenary
01:59:40 [[32minfo[39m]  Synced template from YAML to DB: medieval-fantasy
01:59:40 [[32minfo[39m]  Synced template from YAML to DB: modern-romance
01:59:40 [[32minfo[39m]  Synced template from YAML to DB: xianxia
01:59:40 [[32minfo[39m]  Synced 5 templates from YAML to database
01:59:41 [[32minfo[39m]  Cache refreshed with 5 templates
01:59:41 [[32minfo[39m]  TemplateService loaded {"cachedTemplates":5}
鉁?Template YAML loaded and synced to DB
01:59:41 [[32minfo[39m]  Template routes initialized
鉁?Test environment setup complete
鉁?Database connection closed

 [32m鉁?[39m src/game-systems/audit/__tests__/DialogueConsistencyChecker.test.ts [2m ([22m[2m11 tests[22m[2m)[22m[33m 2905[2mms[22m[39m
[90mstdout[2m | src/routes/__tests__/dev-mode.test.ts[2m > [22m[2mDev Mode API 鈥?5 涓柊绔偣[2m > [22m[2mPOST /agent-trace[2m > [22m[2m鎴愬姛杩斿洖鍖呭惈 coordinatorDecisions 瀛楁[22m[39m
01:59:41 [[32minfo[39m]  Dev routes initialized

[90mstdout[2m | src/routes/__tests__/dev-mode.test.ts[2m > [22m[2mDev Mode API 鈥?5 涓柊绔偣[2m > [22m[2mPOST /agent-trace[2m > [22m[2mtrace 涓虹┖鏃?summary 涓?null[22m[39m
01:59:41 [[32minfo[39m]  Dev routes initialized

[90mstdout[2m | tests/agent-system/websocket.test.ts[2m > [22m[2mWebSocket Communication System[2m > [22m[2mWebSocket Connection[2m > [22m[2mshould send auth_result after auth message[22m[39m
01:59:41 [[32minfo[39m]  WebSocket server initialized on /ws
01:59:41 [[32minfo[39m]  WebSocket client disconnected {"clientId":null,"code":1005,"total":0}

[90mstdout[2m | src/routes/__tests__/dev-mode.test.ts[2m > [22m[2mDev Mode API 鈥?5 涓柊绔偣[2m > [22m[2mPOST /agent-trace[2m > [22m[2m榛樿 action 涓?chat[22m[39m
01:59:41 [[32minfo[39m]  Dev routes initialized

[90mstdout[2m | tests/agent-system/websocket.test.ts[2m > [22m[2mWebSocket Communication System[2m > [22m[2mWebSocket Connection[2m > [22m[2mshould send auth_result after auth message[22m[39m
01:59:41 [[32minfo[39m]  WebSocket client connected. Total: 1

[90mstdout[2m | tests/agent-system/websocket.test.ts[2m > [22m[2mWebSocket Communication System[2m > [22m[2mWebSocket Connection[2m > [22m[2mshould send auth_result after auth message[22m[39m
01:59:41 [[32minfo[39m]  WebSocket client authenticated {"clientId":"client_9b9d46eb-46b2-4fb8-b795-ce9e47f40a71"}

[90mstdout[2m | tests/agent-system/websocket.test.ts[2m > [22m[2mWebSocket Communication System[2m > [22m[2mWebSocket Connection[2m > [22m[2mshould send auth_result after auth message[22m[39m
01:59:41 [[32minfo[39m]  WebSocket server shut down

[90mstdout[2m | tests/agent-system/websocket.test.ts[2m > [22m[2mWebSocket Communication System[2m > [22m[2mWebSocket Connection[2m > [22m[2mshould track connected clients count[22m[39m
01:59:41 [[32minfo[39m]  WebSocket server initialized on /ws
01:59:41 [[32minfo[39m]  WebSocket client disconnected {"clientId":null,"code":1005,"total":0}

[90mstdout[2m | tests/agent-system/websocket.test.ts[2m > [22m[2mWebSocket Communication System[2m > [22m[2mWebSocket Connection[2m > [22m[2mshould track connected clients count[22m[39m
01:59:41 [[32minfo[39m]  WebSocket client connected. Total: 1

[90mstdout[2m | src/routes/__tests__/dev-mode.test.ts[2m > [22m[2mDev Mode API 鈥?5 涓柊绔偣[2m > [22m[2mPOST /agent-trace[2m > [22m[2m鍙嚜瀹氫箟 action[22m[39m
01:59:41 [[32minfo[39m]  Dev routes initialized

[90mstdout[2m | tests/agent-system/websocket.test.ts[2m > [22m[2mWebSocket Communication System[2m > [22m[2mWebSocket Connection[2m > [22m[2mshould track connected clients count[22m[39m
01:59:41 [[32minfo[39m]  WebSocket client authenticated {"clientId":"client_aaaaa2e1-e20f-4da5-9098-fccbcc58d567"}

[90mstdout[2m | tests/agent-system/websocket.test.ts[2m > [22m[2mWebSocket Communication System[2m > [22m[2mWebSocket Connection[2m > [22m[2mshould track connected clients count[22m[39m
01:59:41 [[32minfo[39m]  WebSocket client connected. Total: 2
01:59:41 [[32minfo[39m]  WebSocket client authenticated {"clientId":"client_b5799d74-9c55-4c78-b390-cd50ecb82e08"}

[90mstdout[2m | tests/agent-system/websocket.test.ts[2m > [22m[2mWebSocket Communication System[2m > [22m[2mWebSocket Connection[2m > [22m[2mshould track connected clients count[22m[39m
01:59:41 [[32minfo[39m]  WebSocket client disconnected {"clientId":"client_aaaaa2e1-e20f-4da5-9098-fccbcc58d567","code":1005,"total":1}

[90mstdout[2m | src/routes/__tests__/dev-mode.test.ts[2m > [22m[2mDev Mode API 鈥?5 涓柊绔偣[2m > [22m[2mPOST /ab-test[2m > [22m[2m缂哄皯蹇呭～瀛楁杩斿洖 400[22m[39m
01:59:41 [[32minfo[39m]  Dev routes initialized

[90mstdout[2m | src/routes/__tests__/dev-mode.test.ts[2m > [22m[2mDev Mode API 鈥?5 涓柊绔偣[2m > [22m[2mPOST /ab-test[2m > [22m[2mcoordinator 鎴?devModeService 涓嶅彲鐢ㄦ椂杩斿洖 503[22m[39m
01:59:41 [[32minfo[39m]  Dev routes initialized

[90mstdout[2m | src/routes/__tests__/dev-mode.test.ts[2m > [22m[2mDev Mode API 鈥?5 涓柊绔偣[2m > [22m[2mPOST /ab-test[2m > [22m[2mdryRun 妯″紡浠呮牎楠岄璁句笉璋冪敤 LLM[22m[39m
01:59:41 [[32minfo[39m]  Dev routes initialized

[90mstdout[2m | src/agents/__tests__/story-kernel-contract.test.ts[22m[39m
01:59:40 [[32minfo[39m]  Help registry loaded: 22 tools {"tools":["batch_query_service","challenge_service","... (22 items)"]}
01:59:40 [[32minfo[39m]  Creating GameMasterAgent (as AgentRuntime with isSubAgent=false)
01:59:40 [[32minfo[39m]  Handler subscribed {"eventType":"dialogue"}
01:59:40 [[32minfo[39m]  Handler subscribed {"eventType":"combat_end"}
01:59:40 [[32minfo[39m]  AwarenessAutoSubscriber subscribed to dialogue + combat_end events
01:59:40 [[32minfo[39m]  Agent initialized: gamemaster - GameMasterAgent
01:59:40 [[32minfo[39m] [AGENT-START] Agent gamemaster starting {"agent":"gamemaster","provider":null,"toolsConfigured":1,"maxIterations":200,"isSubAgent":false}
01:59:40 [[32minfo[39m]  Handler subscribed {"eventType":"chapter_advanced"}
01:59:40 [[32minfo[39m]  Creating AgentRuntime instances from default profile: fantasy_rpg
01:59:40 [[32minfo[39m]  Creating agents from profile: fantasy_rpg {"agentCount":10}
01:59:40 [[32minfo[39m]  Agent initialized: gamemaster - GameMasterAgent
01:59:40 [[32minfo[39m] [AGENT-START] Agent gamemaster starting {"agent":"gamemaster","provider":null,"toolsConfigured":1,"maxIterations":200,"isSubAgent":false}
01:59:40 [[32minfo[39m]  Created AgentRuntime: gamemaster {"profile":"fantasy_rpg","tools":["all"]}
01:59:40 [[32minfo[39m]  Agent initialized: map - MapAgent
01:59:40 [[32minfo[39m] [AGENT-START] Agent map starting {"agent":"map","provider":null,"toolsConfigured":7,"maxIterations":200,"isSubAgent":true}
01:59:40 [[32minfo[39m]  Created AgentRuntime: map {"profile":"fantasy_rpg","tools":["map_service","npc_service","... (7 items)"]}
01:59:40 [[32minfo[39m]  Agent initialized: challenge - ChallengeAgent
01:59:40 [[32minfo[39m] [AGENT-START] Agent challenge starting {"agent":"challenge","provider":null,"toolsConfigured":9,"maxIterations":200,"isSubAgent":true}
01:59:40 [[32minfo[39m]  Created AgentRuntime: challenge {"profile":"fantasy_rpg","tools":["challenge_service","numerical_service","... (9 items)"]}
01:59:40 [[32minfo[39m]  Agent initialized: output - OutputAgent
01:59:40 [[32minfo[39m] [AGENT-START] Agent output starting {"agent":"output","provider":null,"toolsConfigured":5,"maxIterations":200,"isSubAgent":true}
01:59:40 [[32minfo[39m]  Created AgentRuntime: output {"profile":"fantasy_rpg","tools":["dialogue_service","dynamic_ui","... (5 items)"]}
01:59:40 [[32minfo[39m]  Agent initialized: quest - QuestAgent
01:59:40 [[32minfo[39m] [AGENT-START] Agent quest starting {"agent":"quest","provider":null,"toolsConfigured":11,"maxIterations":200,"isSubAgent":true}
01:59:40 [[32minfo[39m]  Created AgentRuntime: quest {"profile":"fantasy_rpg","tools":["quest_service","numerical_service","... (11 items)"]}
01:59:40 [[32minfo[39m]  Agent initialized: npc_party - NPCPartyAgent
01:59:40 [[32minfo[39m] [AGENT-START] Agent npc_party starting {"agent":"npc_party","provider":null,"toolsConfigured":9,"maxIterations":200,"isSubAgent":true}
01:59:40 [[32minfo[39m]  Created AgentRuntime: npc_party {"profile":"fantasy_rpg","tools":["npc_service","entity_graph_service","... (9 items)"]}
01:59:40 [[32minfo[39m]  Agent initialized: inventory - InventoryAgent
01:59:40 [[32minfo[39m] [AGENT-START] Agent inventory starting {"agent":"inventory","provider":null,"toolsConfigured":8,"maxIterations":200,"isSubAgent":true}
01:59:40 [[32minfo[39m]  Created AgentRuntime: inventory {"profile":"fantasy_rpg","tools":["inventory_service","template_pool_service","... (8 items)"]}
01:59:40 [[32minfo[39m]  Agent initialized: skill - SkillAgent
01:59:40 [[32minfo[39m] [AGENT-START] Agent skill starting {"agent":"skill","provider":null,"toolsConfigured":7,"maxIterations":200,"isSubAgent":true}
01:59:40 [[32minfo[39m]  Created AgentRuntime: skill {"profile":"fantasy_rpg","tools":["skill_service","template_pool_service","... (7 items)"]}
01:59:40 [[32minfo[39m]  Agent initialized: event - EventAgent
01:59:40 [[32minfo[39m] [AGENT-START] Agent event starting {"agent":"event","provider":null,"toolsConfigured":5,"maxIterations":200,"isSubAgent":true}
01:59:40 [[32minfo[39m]  Created AgentRuntime: event {"profile":"fantasy_rpg","tools":["event_service","game_time_service","... (5 items)"]}
01:59:40 [[32minfo[39m]  Agent initialized: time - TimeAgent
01:59:40 [[32minfo[39m] [AGENT-START] Agent time starting {"agent":"time","provider":null,"toolsConfigured":4,"maxIterations":200,"isSubAgent":true}
01:59:40 [[32minfo[39m]  Created AgentRuntime: time {"profile":"fantasy_rpg","tools":["game_time_service","rule_service","... (4 items)"]}
01:59:40 [[32minfo[39m]  Permissions configured from agent.tools for profile: fantasy_rpg
01:59:40 [[32minfo[39m]  YAML permissions configured
01:59:40 [[32minfo[39m]  Registering AgentRuntime instances to GameMasterAgent...
01:59:40 [[32minfo[39m]  Registered AgentRuntime to Coordinator: gamemaster
01:59:40 [[32minfo[39m]  Registered AgentRuntime to Coordinator: map
01:59:40 [[32minfo[39m]  Registered AgentRuntime to Coordinator: challenge
01:59:40 [[32minfo[39m]  Registered AgentRuntime to Coordinator: output
01:59:40 [[32minfo[39m]  Registered AgentRuntime to Coordinator: quest
01:59:40 [[32minfo[39m]  Registered AgentRuntime to Coordinator: npc_party
01:59:40 [[32minfo[39m]  Registered AgentRuntime to Coordinator: inventory
01:59:40 [[32minfo[39m]  Registered AgentRuntime to Coordinator: skill
01:59:40 [[32minfo[39m]  Registered AgentRuntime to Coordinator: event
01:59:40 [[32minfo[39m]  Registered AgentRuntime to Coordinator: time
01:59:40 [[32minfo[39m]  GameDataExpander configured (manifest path enabled)
01:59:40 [[32minfo[39m]  DedupService configured (dispatch log persistence enabled)
01:59:40 [[32minfo[39m]  Agent system initialized: 10 AgentRuntime instances created
鉁?Agent system initialized with 10 agents
鈿狅笍 YAML Agent system skipped: __vi_import_5__.initializeYamlAgentSystem is not a function
01:59:40 [[32minfo[39m]  Agent routes initialized
01:59:40 [[32minfo[39m]  Save routes initialized
01:59:40 [[32minfo[39m]  Synced template from YAML to DB: cthulhu-investigation
01:59:40 [[32minfo[39m]  Synced template from YAML to DB: cyberpunk-mercenary
01:59:41 [[32minfo[39m]  Synced template from YAML to DB: medieval-fantasy
01:59:41 [[32minfo[39m]  Synced template from YAML to DB: modern-romance
01:59:41 [[32minfo[39m]  Synced template from YAML to DB: xianxia
01:59:41 [[32minfo[39m]  Synced 5 templates from YAML to database
01:59:41 [[32minfo[39m]  Cache refreshed with 5 templates
01:59:41 [[32minfo[39m]  TemplateService loaded {"cachedTemplates":5}
鉁?Template YAML loaded and synced to DB
01:59:41 [[32minfo[39m]  Template routes initialized
鉁?Test environment setup complete
鉁?Database connection closed

[90mstdout[2m | src/routes/__tests__/dev-mode.test.ts[2m > [22m[2mDev Mode API 鈥?5 涓柊绔偣[2m > [22m[2mPOST /ab-test[2m > [22m[2mdryRun 棰勮鏍￠獙澶辫触鏃朵粛杩斿洖 200锛坉ryRun 涓嶉樆姝級[22m[39m
01:59:41 [[32minfo[39m]  Dev routes initialized

 [33m鉂?[39m src/agents/__tests__/story-kernel-contract.test.ts [2m ([22m[2m16 tests[22m [2m|[22m [31m1 failed[39m[2m)[22m[33m 2993[2mms[22m[39m
[31m   [33m鉂?[31m src/agents/__tests__/story-kernel-contract.test.ts[2m > [22mstory kernel skeleton contract[2m > [22mStoryKernel 搴旀妸 postReviewDecision 涓?post-react trace 鎽樿鍐欏叆 runtime state[39m
[31m     鈫?expected { storyPhase: 'opening', 鈥?11) } to deeply equal ObjectContaining{鈥[39m
[90mstdout[2m | src/agents/prompt/layers/__tests__/entity-graph-layer.test.ts[22m[39m
01:59:40 [[32minfo[39m]  Help registry loaded: 22 tools {"tools":["batch_query_service","challenge_service","... (22 items)"]}
01:59:40 [[32minfo[39m]  Creating GameMasterAgent (as AgentRuntime with isSubAgent=false)
01:59:40 [[32minfo[39m]  Handler subscribed {"eventType":"dialogue"}
01:59:40 [[32minfo[39m]  Handler subscribed {"eventType":"combat_end"}
01:59:40 [[32minfo[39m]  AwarenessAutoSubscriber subscribed to dialogue + combat_end events
01:59:40 [[32minfo[39m]  Agent initialized: gamemaster - GameMasterAgent
01:59:40 [[32minfo[39m] [AGENT-START] Agent gamemaster starting {"agent":"gamemaster","provider":null,"toolsConfigured":1,"maxIterations":200,"isSubAgent":false}
01:59:40 [[32minfo[39m]  Handler subscribed {"eventType":"chapter_advanced"}
01:59:40 [[32minfo[39m]  Creating AgentRuntime instances from default profile: fantasy_rpg
01:59:40 [[32minfo[39m]  Creating agents from profile: fantasy_rpg {"agentCount":10}
01:59:40 [[32minfo[39m]  Agent initialized: gamemaster - GameMasterAgent
01:59:40 [[32minfo[39m] [AGENT-START] Agent gamemaster starting {"agent":"gamemaster","provider":null,"toolsConfigured":1,"maxIterations":200,"isSubAgent":false}
01:59:40 [[32minfo[39m]  Created AgentRuntime: gamemaster {"profile":"fantasy_rpg","tools":["all"]}
01:59:40 [[32minfo[39m]  Agent initialized: map - MapAgent
01:59:40 [[32minfo[39m] [AGENT-START] Agent map starting {"agent":"map","provider":null,"toolsConfigured":7,"maxIterations":200,"isSubAgent":true}
01:59:40 [[32minfo[39m]  Created AgentRuntime: map {"profile":"fantasy_rpg","tools":["map_service","npc_service","... (7 items)"]}
01:59:40 [[32minfo[39m]  Agent initialized: challenge - ChallengeAgent
01:59:40 [[32minfo[39m] [AGENT-START] Agent challenge starting {"agent":"challenge","provider":null,"toolsConfigured":9,"maxIterations":200,"isSubAgent":true}
01:59:40 [[32minfo[39m]  Created AgentRuntime: challenge {"profile":"fantasy_rpg","tools":["challenge_service","numerical_service","... (9 items)"]}
01:59:40 [[32minfo[39m]  Agent initialized: output - OutputAgent
01:59:40 [[32minfo[39m] [AGENT-START] Agent output starting {"agent":"output","provider":null,"toolsConfigured":5,"maxIterations":200,"isSubAgent":true}
01:59:40 [[32minfo[39m]  Created AgentRuntime: output {"profile":"fantasy_rpg","tools":["dialogue_service","dynamic_ui","... (5 items)"]}
01:59:40 [[32minfo[39m]  Agent initialized: quest - QuestAgent
01:59:40 [[32minfo[39m] [AGENT-START] Agent quest starting {"agent":"quest","provider":null,"toolsConfigured":11,"maxIterations":200,"isSubAgent":true}
01:59:40 [[32minfo[39m]  Created AgentRuntime: quest {"profile":"fantasy_rpg","tools":["quest_service","numerical_service","... (11 items)"]}
01:59:40 [[32minfo[39m]  Agent initialized: npc_party - NPCPartyAgent
01:59:40 [[32minfo[39m] [AGENT-START] Agent npc_party starting {"agent":"npc_party","provider":null,"toolsConfigured":9,"maxIterations":200,"isSubAgent":true}
01:59:40 [[32minfo[39m]  Created AgentRuntime: npc_party {"profile":"fantasy_rpg","tools":["npc_service","entity_graph_service","... (9 items)"]}
01:59:40 [[32minfo[39m]  Agent initialized: inventory - InventoryAgent
01:59:40 [[32minfo[39m] [AGENT-START] Agent inventory starting {"agent":"inventory","provider":null,"toolsConfigured":8,"maxIterations":200,"isSubAgent":true}
01:59:40 [[32minfo[39m]  Created AgentRuntime: inventory {"profile":"fantasy_rpg","tools":["inventory_service","template_pool_service","... (8 items)"]}
01:59:40 [[32minfo[39m]  Agent initialized: skill - SkillAgent
01:59:40 [[32minfo[39m] [AGENT-START] Agent skill starting {"agent":"skill","provider":null,"toolsConfigured":7,"maxIterations":200,"isSubAgent":true}
01:59:40 [[32minfo[39m]  Created AgentRuntime: skill {"profile":"fantasy_rpg","tools":["skill_service","template_pool_service","... (7 items)"]}
01:59:40 [[32minfo[39m]  Agent initialized: event - EventAgent
01:59:40 [[32minfo[39m] [AGENT-START] Agent event starting {"agent":"event","provider":null,"toolsConfigured":5,"maxIterations":200,"isSubAgent":true}
01:59:40 [[32minfo[39m]  Created AgentRuntime: event {"profile":"fantasy_rpg","tools":["event_service","game_time_service","... (5 items)"]}
01:59:40 [[32minfo[39m]  Agent initialized: time - TimeAgent
01:59:40 [[32minfo[39m] [AGENT-START] Agent time starting {"agent":"time","provider":null,"toolsConfigured":4,"maxIterations":200,"isSubAgent":true}
01:59:40 [[32minfo[39m]  Created AgentRuntime: time {"profile":"fantasy_rpg","tools":["game_time_service","rule_service","... (4 items)"]}
01:59:40 [[32minfo[39m]  Permissions configured from agent.tools for profile: fantasy_rpg
01:59:40 [[32minfo[39m]  YAML permissions configured
01:59:40 [[32minfo[39m]  Registering AgentRuntime instances to GameMasterAgent...
01:59:40 [[32minfo[39m]  Registered AgentRuntime to Coordinator: gamemaster
01:59:40 [[32minfo[39m]  Registered AgentRuntime to Coordinator: map
01:59:40 [[32minfo[39m]  Registered AgentRuntime to Coordinator: challenge
01:59:40 [[32minfo[39m]  Registered AgentRuntime to Coordinator: output
01:59:40 [[32minfo[39m]  Registered AgentRuntime to Coordinator: quest
01:59:40 [[32minfo[39m]  Registered AgentRuntime to Coordinator: npc_party
01:59:40 [[32minfo[39m]  Registered AgentRuntime to Coordinator: inventory
01:59:40 [[32minfo[39m]  Registered AgentRuntime to Coordinator: skill
01:59:40 [[32minfo[39m]  Registered AgentRuntime to Coordinator: event
01:59:40 [[32minfo[39m]  Registered AgentRuntime to Coordinator: time
01:59:40 [[32minfo[39m]  GameDataExpander configured (manifest path enabled)
01:59:40 [[32minfo[39m]  DedupService configured (dispatch log persistence enabled)
01:59:40 [[32minfo[39m]  Agent system initialized: 10 AgentRuntime instances created
鉁?Agent system initialized with 10 agents
鈿狅笍 YAML Agent system skipped: __vi_import_5__.initializeYamlAgentSystem is not a function
01:59:40 [[32minfo[39m]  Agent routes initialized
01:59:40 [[32minfo[39m]  Save routes initialized
01:59:40 [[32minfo[39m]  Synced template from YAML to DB: cthulhu-investigation
01:59:40 [[32minfo[39m]  Synced template from YAML to DB: cyberpunk-mercenary
01:59:40 [[32minfo[39m]  Synced template from YAML to DB: medieval-fantasy
01:59:40 [[32minfo[39m]  Synced template from YAML to DB: modern-romance
01:59:40 [[32minfo[39m]  Synced template from YAML to DB: xianxia
01:59:40 [[32minfo[39m]  Synced 5 templates from YAML to database
01:59:41 [[32minfo[39m]  Cache refreshed with 5 templates
01:59:41 [[32minfo[39m]  TemplateService loaded {"cachedTemplates":5}
鉁?Template YAML loaded and synced to DB
01:59:41 [[32minfo[39m]  Template routes initialized
鉁?Test environment setup complete
鉁?Database connection closed

 [33m鉂?[39m src/agents/prompt/layers/__tests__/entity-graph-layer.test.ts [2m ([22m[2m22 tests[22m [2m|[22m [31m12 failed[39m[2m)[22m[33m 3003[2mms[22m[39m
[31m   [33m鉂?[31m src/agents/prompt/layers/__tests__/entity-graph-layer.test.ts[2m > [22mEntityGraphLayer - L2-2 涓氬姟璇█閲嶆瀯[2m > [22mbuildNpcProfileSummary锛圢PC 鐢诲儚鎽樿锛?[2m > [22mL3-3 鍦烘櫙1锛歂PC 鐢诲儚鍚?PERCEIVES 杈癸紝杈撳嚭 <WorldContext><npcProfile> + awareness/relationship 璇勫垎[39m
[31m     鈫?gs.getEntityRelations is not a function[39m
[31m   [33m鉂?[31m src/agents/prompt/layers/__tests__/entity-graph-layer.test.ts[2m > [22mEntityGraphLayer - L2-2 涓氬姟璇█閲嶆瀯[2m > [22mbuildNpcProfileSummary锛圢PC 鐢诲儚鎽樿锛?[2m > [22mL3-3 杈圭晫鍦烘櫙锛歅ERCEIVES 杈逛粎鍚?awarenessScore 鏃讹紝鍙緭鍑?awareness 鍏冪礌锛堜笉杈撳嚭绌?relationship锛?[39m
[31m     鈫?gs.getEntityRelations is not a function[39m
[31m   [33m鉂?[31m src/agents/prompt/layers/__tests__/entity-graph-layer.test.ts[2m > [22mEntityGraphLayer - L2-2 涓氬姟璇█閲嶆瀯[2m > [22mbuildNpcProfileSummary锛圢PC 鐢诲儚鎽樿锛?[2m > [22mL3-3 杈圭晫鍦烘櫙锛歛warenessScore=0 鏄湁鏁堝€硷紝搴旇緭鍑?[39m
[31m     鈫?gs.getEntityRelations is not a function[39m
[31m   [33m鉂?[31m src/agents/prompt/layers/__tests__/entity-graph-layer.test.ts[2m > [22mEntityGraphLayer - L2-2 涓氬姟璇█閲嶆瀯[2m > [22mbuildNpcProfileSummary锛圢PC 鐢诲儚鎽樿锛?[2m > [22mL3-3 鍦烘櫙2锛氱粨鏋勬€у叧绯伙紙LOCATED_AT/KNOWS锛夋槧灏勪负涓氬姟鏍囩 locatedAt/knows[39m
[31m     鈫?gs.getEntityRelations is not a function[39m
[31m   [33m鉂?[31m src/agents/prompt/layers/__tests__/entity-graph-layer.test.ts[2m > [22mEntityGraphLayer - L2-2 涓氬姟璇█閲嶆瀯[2m > [22mbuildNpcProfileSummary锛圢PC 鐢诲儚鎽樿锛?[2m > [22mL3-3 杈圭晫鍦烘櫙锛氭棤鍏崇郴鏁版嵁鐨?NPC 鐪佺暐杈撳嚭锛堜笉杈撳嚭绌?npcProfile锛?[39m
[31m     鈫?gs.getEntityRelations is not a function[39m
[31m   [33m鉂?[31m src/agents/prompt/layers/__tests__/entity-graph-layer.test.ts[2m > [22mEntityGraphLayer - L2-2 涓氬姟璇█閲嶆瀯[2m > [22mbuildNpcProfileSummary锛圢PC 鐢诲儚鎽樿锛?[2m > [22mL3-3 杈圭晫鍦烘櫙锛氭墍鏈?NPC 閮芥棤鍏崇郴鏁版嵁锛岃繑鍥?null锛堜笉杈撳嚭绌?<WorldContext></WorldContext>锛?[39m
[31m     鈫?gs.getEntityRelations is not a function[39m
[31m   [33m鉂?[31m src/agents/prompt/layers/__tests__/entity-graph-layer.test.ts[2m > [22mEntityGraphLayer - L2-2 涓氬姟璇█閲嶆瀯[2m > [22mbuildNpcProfileSummary锛圢PC 鐢诲儚鎽樿锛?[2m > [22mL2-2 淇濈暀绾︽潫锛氫粎浣跨敤 getNodesByType + getFullGraph锛屼笉璋冪敤宸插垹闄ゆ柟娉?[39m
[31m     鈫?gs.getEntityRelations is not a function[39m
[31m   [33m鉂?[31m src/agents/prompt/layers/__tests__/entity-graph-layer.test.ts[2m > [22mEntityGraphLayer - L2-2 涓氬姟璇█閲嶆瀯[2m > [22mbuild 鍏ュ彛鍒嗗彂[2m > [22magentKey=npc_party 璧?buildNpcProfileSummary 璺緞[39m
[31m     鈫?gs.getEntityRelations is not a function[39m
[31m   [33m鉂?[31m src/agents/prompt/layers/__tests__/entity-graph-layer.test.ts[2m > [22mEntityGraphLayer - L2-2 涓氬姟璇█閲嶆瀯[2m > [22mformatStructuralRelationTag - 缁撴瀯鎬у叧绯绘槧灏?[2m > [22mLOCATED_AT 鏄犲皠涓?locatedAt[39m
[31m     鈫?gs.getEntityRelations is not a function[39m
[31m   [33m鉂?[31m src/agents/prompt/layers/__tests__/entity-graph-layer.test.ts[2m > [22mEntityGraphLayer - L2-2 涓氬姟璇█閲嶆瀯[2m > [22mformatStructuralRelationTag - 缁撴瀯鎬у叧绯绘槧灏?[2m > [22mALLIED_WITH 鏄犲皠涓?alliedWith[39m
[31m     鈫?gs.getEntityRelations is not a function[39m
[31m   [33m鉂?[31m src/agents/prompt/layers/__tests__/entity-graph-layer.test.ts[2m > [22mEntityGraphLayer - L2-2 涓氬姟璇█閲嶆瀯[2m > [22mformatStructuralRelationTag - 缁撴瀯鎬у叧绯绘槧灏?[2m > [22mHOSTILE_TO 鏄犲皠涓?hostileTo[39m
[31m     鈫?gs.getEntityRelations is not a function[39m
[31m   [33m鉂?[31m src/agents/prompt/layers/__tests__/entity-graph-layer.test.ts[2m > [22mEntityGraphLayer - L2-2 涓氬姟璇█閲嶆瀯[2m > [22mformatStructuralRelationTag - 缁撴瀯鎬у叧绯绘槧灏?[2m > [22m鏈槧灏勭殑鍏崇郴绫诲瀷浣跨敤閫氱敤 structuralRelation 鍏冪礌锛堜笉涓㈠け淇℃伅锛?[39m
[31m     鈫?gs.getEntityRelations is not a function[39m
[90mstdout[2m | src/routes/__tests__/dev-mode.test.ts[2m > [22m[2mDev Mode API 鈥?5 涓柊绔偣[2m > [22m[2mPOST /ab-test[2m > [22m[2m姝ｅ紡妯″紡鎴愬姛杩斿洖瀹屾暣缁撴瀯鍚?summary.agentBreakdown[22m[39m
01:59:41 [[32minfo[39m]  Dev routes initialized

[90mstdout[2m | src/routes/__tests__/dev-mode.test.ts[2m > [22m[2mDev Mode API 鈥?5 涓柊绔偣[2m > [22m[2mPOST /ab-test[2m > [22m[2m姝ｅ紡妯″紡 init 澶辫触杩斿洖 400[22m[39m
01:59:41 [[32minfo[39m]  Dev routes initialized

[90mstdout[2m | src/routes/__tests__/dev-mode.test.ts[2m > [22m[2mDev Mode API 鈥?5 涓柊绔偣[2m > [22m[2mPOST /ab-test[2m > [22m[2m姝ｅ紡妯″紡棰勮鏍￠獙澶辫触杩斿洖 400[22m[39m
01:59:41 [[32minfo[39m]  Dev routes initialized

[90mstdout[2m | tests/agent-system/websocket.test.ts[2m > [22m[2mWebSocket Communication System[2m > [22m[2mWebSocket Connection[2m > [22m[2mshould track connected clients count[22m[39m
01:59:41 [[32minfo[39m]  WebSocket client disconnected {"clientId":"client_b5799d74-9c55-4c78-b390-cd50ecb82e08","code":1005,"total":0}

[90mstdout[2m | src/routes/__tests__/dev-mode.test.ts[2m > [22m[2mDev Mode API 鈥?5 涓柊绔偣[2m > [22m[2mGET /presets[2m > [22m[2m杩斿洖棰勮鍒楄〃[22m[39m
01:59:41 [[32minfo[39m]  Dev routes initialized

[90mstdout[2m | src/routes/__tests__/dev-mode.test.ts[2m > [22m[2mDev Mode API 鈥?5 涓柊绔偣[2m > [22m[2mGET /presets[2m > [22m[2mdevModeService 涓嶅彲鐢ㄦ椂杩斿洖 503[22m[39m
01:59:41 [[32minfo[39m]  Dev routes initialized

[90mstdout[2m | src/routes/__tests__/dev-mode.test.ts[2m > [22m[2mDev Mode API 鈥?5 涓柊绔偣[2m > [22m[2mGET /presets/:template/:preset[2m > [22m[2m杩斿洖棰勮璇︽儏[22m[39m
01:59:41 [[32minfo[39m]  Dev routes initialized

[90mstdout[2m | src/routes/__tests__/dev-mode.test.ts[2m > [22m[2mDev Mode API 鈥?5 涓柊绔偣[2m > [22m[2mGET /presets/:template/:preset[2m > [22m[2m棰勮涓嶅瓨鍦ㄨ繑鍥?404[22m[39m
01:59:41 [[32minfo[39m]  Dev routes initialized

[90mstdout[2m | src/routes/__tests__/dev-mode.test.ts[2m > [22m[2mDev Mode API 鈥?5 涓柊绔偣[2m > [22m[2mGET /presets/:template/:preset[2m > [22m[2m鏃犳晥棰勮鏍煎紡杩斿洖 404[22m[39m
01:59:41 [[32minfo[39m]  Dev routes initialized

[90mstdout[2m | src/game-systems/inventory/__tests__/inventory-duplicate-prevention.test.ts[2m > [22m[2mInventoryService 鍘婚噸闃叉姢[2m > [22m[2maddItem 鍫嗗彔鍚堝苟锛氳璁℃枃妗?搂3 addItem 鐭╅樀[2m > [22m[2m鍚?itemId+owner 宸插瓨鍦?鈫?澧為噺鍚堝苟 quantity + alreadyExists + warnings 鍚瓧娈电骇 diff[22m[39m
01:59:41 [[32minfo[39m]  Item stacked {"itemId":"item_鏈ㄥ埗娉曟潠","added":2,"newQuantity":3}

[90mstdout[2m | src/game-systems/inventory/__tests__/inventory-duplicate-prevention.test.ts[2m > [22m[2mInventoryService 鍘婚噸闃叉姢[2m > [22m[2maddItem 鍫嗗彔鍚堝苟锛氳璁℃枃妗?搂3 addItem 鐭╅樀[2m > [22m[2mmaxStack 涓嶈冻 鈫?閮ㄥ垎鍫嗗彔 + 閮ㄥ垎鏂板缓锛寃arnings 鏄庣‘鍛婄煡[22m[39m
01:59:41 [[32minfo[39m]  New item created {"itemId":"item_鏈ㄥ埗娉曟潠","name":"鏈ㄥ埗娉曟潠","quantity":3,"inventorySlot":0}

[90mstdout[2m | src/game-systems/inventory/__tests__/inventory-duplicate-prevention.test.ts[2m > [22m[2mInventoryService 鍘婚噸闃叉姢[2m > [22m[2maddItem 鍫嗗彔鍚堝苟锛氳璁℃枃妗?搂3 addItem 鐭╅樀[2m > [22m[2m涓嶅悓 owner 鈫?涓嶇畻閲嶅锛屾甯稿垱寤猴紙鏃?alreadyExists锛?[22m[39m
01:59:41 [[32minfo[39m]  New item created {"itemId":"item_鏈ㄥ埗娉曟潠","name":"鏈ㄥ埗娉曟潠","quantity":2,"inventorySlot":0}

[90mstdout[2m | src/game-systems/inventory/__tests__/inventory-duplicate-prevention.test.ts[2m > [22m[2mInventoryService 鍘婚噸闃叉姢[2m > [22m[2maddItem 鍫嗗彔鍚堝苟锛氳璁℃枃妗?搂3 addItem 鐭╅樀[2m > [22m[2m涓嶅瓨鍦ㄥ悓 itemId+owner 鐗╁搧 鈫?姝ｅ父鍒涘缓锛屾棤 alreadyExists[22m[39m
01:59:41 [[32minfo[39m]  New item created {"itemId":"item_new","name":"鏂扮墿鍝?,"quantity":1,"inventorySlot":0}

[90mstdout[2m | src/game-systems/inventory/__tests__/inventory-duplicate-prevention.test.ts[2m > [22m[2mInventoryService 鍘婚噸闃叉姢[2m > [22m[2maddItem name 缁村害鍘婚噸锛氳璁℃枃妗ｆ柟妗?1锛堝悓 saveId+name+owner 澧為噺鏇存柊锛?[2m > [22m[2m鍚?saveId+name+owner 宸插瓨鍦?鈫?澧為噺鏇存柊闈為粦鍚嶅崟瀛楁 + alreadyExists + warnings 鍚瓧娈电骇 diff[22m[39m
01:59:41 [[32minfo[39m]  Inventory item already exists, applying incremental update {"saveId":"save-001","existingId":"inv_鏈ㄥ埗娉曟潠_1","existingName":"鏈ㄥ埗娉曟潠"}
01:59:41 [[32minfo[39m]  Inventory item incremental update applied {"saveId":"save-001","existingId":"inv_鏈ㄥ埗娉曟潠_1","updatedFields":["description","quality","stats","quantity"],"blockedFields":[]}

[90mstdout[2m | src/game-systems/inventory/__tests__/inventory-duplicate-prevention.test.ts[2m > [22m[2mInventoryService 鍘婚噸闃叉姢[2m > [22m[2maddItem name 缁村害鍘婚噸锛氳璁℃枃妗ｆ柟妗?1锛堝悓 saveId+name+owner 澧為噺鏇存柊锛?[2m > [22m[2m鍚?name+owner + quantity 澧為噺锛坢axStack>1锛夆啋 鍚堝苟 quantity + warnings 鍚閲忓悎骞舵彁绀?[22m[39m
01:59:41 [[32minfo[39m]  Inventory item already exists, applying incremental update {"saveId":"save-001","existingId":"inv_鏈ㄥ埗娉曟潠_1","existingName":"鏈ㄥ埗娉曟潠"}
01:59:41 [[32minfo[39m]  Inventory item incremental update applied {"saveId":"save-001","existingId":"inv_鏈ㄥ埗娉曟潠_1","updatedFields":["quantity"],"blockedFields":[]}

[90mstdout[2m | src/game-systems/inventory/__tests__/inventory-duplicate-prevention.test.ts[2m > [22m[2mInventoryService 鍘婚噸闃叉姢[2m > [22m[2maddItem name 缁村害鍘婚噸锛氳璁℃枃妗ｆ柟妗?1锛堝悓 saveId+name+owner 澧為噺鏇存柊锛?[2m > [22m[2m鍚?name+owner + 瀛楁鐩稿悓 鈫?warnings 鎻愮ず"鏃犲瓧娈靛彉鍖?[22m[39m
01:59:41 [[32minfo[39m]  Inventory item already exists, applying incremental update {"saveId":"save-001","existingId":"inv_鏈ㄥ埗娉曟潠_1","existingName":"鏈ㄥ埗娉曟潠"}
01:59:41 [[32minfo[39m]  Inventory item incremental update applied {"saveId":"save-001","existingId":"inv_鏈ㄥ埗娉曟潠_1","updatedFields":[],"blockedFields":[]}

[90mstdout[2m | src/game-systems/inventory/__tests__/inventory-duplicate-prevention.test.ts[2m > [22m[2mInventoryService 鍘婚噸闃叉姢[2m > [22m[2maddItem name 缁村害鍘婚噸锛氳璁℃枃妗ｆ柟妗?1锛堝悓 saveId+name+owner 澧為噺鏇存柊锛?[2m > [22m[2m鍚?name+owner + 璇曞浘瑕嗙洊榛戝悕鍗曞瓧娈?itemId 鈫?warnings 鍚?blockedFields 鎻愮ず[22m[39m
01:59:41 [[32minfo[39m]  Inventory item already exists, applying incremental update {"saveId":"save-001","existingId":"inv_鏈ㄥ埗娉曟潠_1","existingName":"鏈ㄥ埗娉曟潠"}
01:59:41 [[32minfo[39m]  Inventory item incremental update applied {"saveId":"save-001","existingId":"inv_鏈ㄥ埗娉曟潠_1","updatedFields":[],"blockedFields":["itemId"]}

[90mstdout[2m | src/game-systems/inventory/__tests__/inventory-duplicate-prevention.test.ts[2m > [22m[2mInventoryService 鍘婚噸闃叉姢[2m > [22m[2maddItem name 缁村害鍘婚噸锛氳璁℃枃妗ｆ柟妗?1锛堝悓 saveId+name+owner 澧為噺鏇存柊锛?[2m > [22m[2m涓嶅悓 owner 鈫?findByNameAndSaveIdAndOwner 杩斿洖 null锛岃蛋姝ｅ父鍒涘缓娴佺▼[22m[39m
01:59:41 [[32minfo[39m]  New item created {"itemId":"item_鏈ㄥ埗娉曟潠_1785002381492","name":"鏈ㄥ埗娉曟潠","quantity":1,"inventorySlot":0}

[90mstdout[2m | src/game-systems/inventory/__tests__/inventory-duplicate-prevention.test.ts[2m > [22m[2mInventoryService 鍘婚噸闃叉姢[2m > [22m[2maddPoolItem 鍘婚噸闃叉姢锛氳璁℃枃妗?搂3 鐭╅樀 #3[2m > [22m[2m鍚?saveId+name 宸插瓨鍦?鈫?澧為噺鏇存柊闈為粦鍚嶅崟瀛楁 + alreadyExists + warnings[22m[39m
01:59:41 [[32minfo[39m]  Pool item already exists, applying incremental update {"saveId":"save-001","existingId":"pool_鏈ㄥ埗娉曟潠_1","existingName":"鏈ㄥ埗娉曟潠"}
01:59:41 [[32minfo[39m]  Pool item incremental update applied {"saveId":"save-001","existingId":"pool_鏈ㄥ埗娉曟潠_1","updatedFields":["description","quality","stats"],"blockedFields":[]}

[90mstdout[2m | src/game-systems/inventory/__tests__/inventory-duplicate-prevention.test.ts[2m > [22m[2mInventoryService 鍘婚噸闃叉姢[2m > [22m[2maddPoolItem 鍘婚噸闃叉姢锛氳璁℃枃妗?搂3 鐭╅樀 #3[2m > [22m[2m澧為噺鏇存柊 stats + description + quality 澶氬瓧娈?[22m[39m
01:59:41 [[32minfo[39m]  Pool item already exists, applying incremental update {"saveId":"save-001","existingId":"pool_鏈ㄥ埗娉曟潠_1","existingName":"鏈ㄥ埗娉曟潠"}
01:59:41 [[32minfo[39m]  Pool item incremental update applied {"saveId":"save-001","existingId":"pool_鏈ㄥ埗娉曟潠_1","updatedFields":["description","quality","stats","weight"],"blockedFields":[]}

[90mstdout[2m | src/game-systems/inventory/__tests__/inventory-duplicate-prevention.test.ts[2m > [22m[2mInventoryService 鍘婚噸闃叉姢[2m > [22m[2maddPoolItem 鍘婚噸闃叉姢锛氳璁℃枃妗?搂3 鐭╅樀 #3[2m > [22m[2m鏃犲瓧娈靛彉鍖?鈫?warnings 鎻愮ず"鏃犲瓧娈靛彉鍖?[22m[39m
01:59:41 [[32minfo[39m]  Pool item already exists, applying incremental update {"saveId":"save-001","existingId":"pool_鏈ㄥ埗娉曟潠_1","existingName":"鏈ㄥ埗娉曟潠"}
01:59:41 [[32minfo[39m]  Pool item incremental update applied {"saveId":"save-001","existingId":"pool_鏈ㄥ埗娉曟潠_1","updatedFields":[],"blockedFields":[]}

[90mstdout[2m | src/game-systems/inventory/__tests__/inventory-duplicate-prevention.test.ts[2m > [22m[2mInventoryService 鍘婚噸闃叉姢[2m > [22m[2maddPoolItem 鍘婚噸闃叉姢锛氳璁℃枃妗?搂3 鐭╅樀 #3[2m > [22m[2m涓嶅瓨鍦?鈫?姝ｅ父鍒涘缓娴佺▼锛屾棤 alreadyExists[22m[39m
01:59:41 [[32minfo[39m]  Pool item added {"saveId":"save-001","poolItemId":"pool_new_1","name":"鏂扮墿鍝?}

[90mstdout[2m | src/game-systems/inventory/__tests__/inventory-duplicate-prevention.test.ts[22m[39m
01:59:40 [[32minfo[39m]  Help registry loaded: 22 tools {"tools":["batch_query_service","challenge_service","... (22 items)"]}
01:59:40 [[32minfo[39m]  Creating GameMasterAgent (as AgentRuntime with isSubAgent=false)
01:59:40 [[32minfo[39m]  Handler subscribed {"eventType":"dialogue"}
01:59:40 [[32minfo[39m]  Handler subscribed {"eventType":"combat_end"}
01:59:40 [[32minfo[39m]  AwarenessAutoSubscriber subscribed to dialogue + combat_end events
01:59:40 [[32minfo[39m]  Agent initialized: gamemaster - GameMasterAgent
01:59:40 [[32minfo[39m] [AGENT-START] Agent gamemaster starting {"agent":"gamemaster","provider":null,"toolsConfigured":1,"maxIterations":200,"isSubAgent":false}
01:59:40 [[32minfo[39m]  Handler subscribed {"eventType":"chapter_advanced"}
01:59:40 [[32minfo[39m]  Creating AgentRuntime instances from default profile: fantasy_rpg
01:59:40 [[32minfo[39m]  Creating agents from profile: fantasy_rpg {"agentCount":10}
01:59:40 [[32minfo[39m]  Agent initialized: gamemaster - GameMasterAgent
01:59:40 [[32minfo[39m] [AGENT-START] Agent gamemaster starting {"agent":"gamemaster","provider":null,"toolsConfigured":1,"maxIterations":200,"isSubAgent":false}
01:59:40 [[32minfo[39m]  Created AgentRuntime: gamemaster {"profile":"fantasy_rpg","tools":["all"]}
01:59:40 [[32minfo[39m]  Agent initialized: map - MapAgent
01:59:40 [[32minfo[39m] [AGENT-START] Agent map starting {"agent":"map","provider":null,"toolsConfigured":7,"maxIterations":200,"isSubAgent":true}
01:59:40 [[32minfo[39m]  Created AgentRuntime: map {"profile":"fantasy_rpg","tools":["map_service","npc_service","... (7 items)"]}
01:59:40 [[32minfo[39m]  Agent initialized: challenge - ChallengeAgent
01:59:40 [[32minfo[39m] [AGENT-START] Agent challenge starting {"agent":"challenge","provider":null,"toolsConfigured":9,"maxIterations":200,"isSubAgent":true}
01:59:40 [[32minfo[39m]  Created AgentRuntime: challenge {"profile":"fantasy_rpg","tools":["challenge_service","numerical_service","... (9 items)"]}
01:59:40 [[32minfo[39m]  Agent initialized: output - OutputAgent
01:59:40 [[32minfo[39m] [AGENT-START] Agent output starting {"agent":"output","provider":null,"toolsConfigured":5,"maxIterations":200,"isSubAgent":true}
01:59:40 [[32minfo[39m]  Created AgentRuntime: output {"profile":"fantasy_rpg","tools":["dialogue_service","dynamic_ui","... (5 items)"]}
01:59:40 [[32minfo[39m]  Agent initialized: quest - QuestAgent
01:59:40 [[32minfo[39m] [AGENT-START] Agent quest starting {"agent":"quest","provider":null,"toolsConfigured":11,"maxIterations":200,"isSubAgent":true}
01:59:40 [[32minfo[39m]  Created AgentRuntime: quest {"profile":"fantasy_rpg","tools":["quest_service","numerical_service","... (11 items)"]}
01:59:40 [[32minfo[39m]  Agent initialized: npc_party - NPCPartyAgent
01:59:40 [[32minfo[39m] [AGENT-START] Agent npc_party starting {"agent":"npc_party","provider":null,"toolsConfigured":9,"maxIterations":200,"isSubAgent":true}
01:59:40 [[32minfo[39m]  Created AgentRuntime: npc_party {"profile":"fantasy_rpg","tools":["npc_service","entity_graph_service","... (9 items)"]}
01:59:40 [[32minfo[39m]  Agent initialized: inventory - InventoryAgent
01:59:40 [[32minfo[39m] [AGENT-START] Agent inventory starting {"agent":"inventory","provider":null,"toolsConfigured":8,"maxIterations":200,"isSubAgent":true}
01:59:40 [[32minfo[39m]  Created AgentRuntime: inventory {"profile":"fantasy_rpg","tools":["inventory_service","template_pool_service","... (8 items)"]}
01:59:40 [[32minfo[39m]  Agent initialized: skill - SkillAgent
01:59:40 [[32minfo[39m] [AGENT-START] Agent skill starting {"agent":"skill","provider":null,"toolsConfigured":7,"maxIterations":200,"isSubAgent":true}
01:59:40 [[32minfo[39m]  Created AgentRuntime: skill {"profile":"fantasy_rpg","tools":["skill_service","template_pool_service","... (7 items)"]}
01:59:40 [[32minfo[39m]  Agent initialized: event - EventAgent
01:59:40 [[32minfo[39m] [AGENT-START] Agent event starting {"agent":"event","provider":null,"toolsConfigured":5,"maxIterations":200,"isSubAgent":true}
01:59:40 [[32minfo[39m]  Created AgentRuntime: event {"profile":"fantasy_rpg","tools":["event_service","game_time_service","... (5 items)"]}
01:59:40 [[32minfo[39m]  Agent initialized: time - TimeAgent
01:59:40 [[32minfo[39m] [AGENT-START] Agent time starting {"agent":"time","provider":null,"toolsConfigured":4,"maxIterations":200,"isSubAgent":true}
01:59:40 [[32minfo[39m]  Created AgentRuntime: time {"profile":"fantasy_rpg","tools":["game_time_service","rule_service","... (4 items)"]}
01:59:40 [[32minfo[39m]  Permissions configured from agent.tools for profile: fantasy_rpg
01:59:40 [[32minfo[39m]  YAML permissions configured
01:59:40 [[32minfo[39m]  Registering AgentRuntime instances to GameMasterAgent...
01:59:40 [[32minfo[39m]  Registered AgentRuntime to Coordinator: gamemaster
01:59:40 [[32minfo[39m]  Registered AgentRuntime to Coordinator: map
01:59:40 [[32minfo[39m]  Registered AgentRuntime to Coordinator: challenge
01:59:40 [[32minfo[39m]  Registered AgentRuntime to Coordinator: output
01:59:40 [[32minfo[39m]  Registered AgentRuntime to Coordinator: quest
01:59:40 [[32minfo[39m]  Registered AgentRuntime to Coordinator: npc_party
01:59:40 [[32minfo[39m]  Registered AgentRuntime to Coordinator: inventory
01:59:40 [[32minfo[39m]  Registered AgentRuntime to Coordinator: skill
01:59:40 [[32minfo[39m]  Registered AgentRuntime to Coordinator: event
01:59:40 [[32minfo[39m]  Registered AgentRuntime to Coordinator: time
01:59:40 [[32minfo[39m]  GameDataExpander configured (manifest path enabled)
01:59:40 [[32minfo[39m]  DedupService configured (dispatch log persistence enabled)
01:59:40 [[32minfo[39m]  Agent system initialized: 10 AgentRuntime instances created
鉁?Agent system initialized with 10 agents
鈿狅笍 YAML Agent system skipped: __vi_import_5__.initializeYamlAgentSystem is not a function
01:59:40 [[32minfo[39m]  Agent routes initialized
01:59:40 [[32minfo[39m]  Save routes initialized
01:59:40 [[32minfo[39m]  Synced template from YAML to DB: cthulhu-investigation
01:59:40 [[32minfo[39m]  Synced template from YAML to DB: cyberpunk-mercenary
01:59:40 [[32minfo[39m]  Synced template from YAML to DB: medieval-fantasy
01:59:40 [[32minfo[39m]  Synced template from YAML to DB: modern-romance
01:59:40 [[32minfo[39m]  Synced template from YAML to DB: xianxia
01:59:40 [[32minfo[39m]  Synced 5 templates from YAML to database
01:59:41 [[32minfo[39m]  Cache refreshed with 5 templates
01:59:41 [[32minfo[39m]  TemplateService loaded {"cachedTemplates":5}
鉁?Template YAML loaded and synced to DB
01:59:41 [[32minfo[39m]  Template routes initialized
鉁?Test environment setup complete
鉁?Database connection closed

 [32m鉁?[39m src/game-systems/inventory/__tests__/inventory-duplicate-prevention.test.ts [2m ([22m[2m13 tests[22m[2m)[22m[33m 3115[2mms[22m[39m
[90mstdout[2m | src/routes/__tests__/dev-mode.test.ts[2m > [22m[2mDev Mode API 鈥?5 涓柊绔偣[2m > [22m[2mGET /presets/:template/:preset[2m > [22m[2mdevModeService 涓嶅彲鐢ㄦ椂杩斿洖 503[22m[39m
01:59:41 [[32minfo[39m]  Dev routes initialized

[90mstdout[2m | src/routes/__tests__/dev-mode.test.ts[2m > [22m[2mDev Mode API 鈥?5 涓柊绔偣[2m > [22m[2mGET /post-react-traces[2m > [22m[2m杩斿洖 post-react traces锛屽苟鎸?story_post_react 绫诲瀷杩囨护[22m[39m
01:59:41 [[32minfo[39m]  Dev routes initialized

[90mstdout[2m | src/routes/__tests__/dev-mode.test.ts[2m > [22m[2mDev Mode API 鈥?5 涓柊绔偣[2m > [22m[2mGET /post-react-traces[2m > [22m[2mcollector 涓嶅彲鐢ㄦ椂搴旇繑鍥?503锛岃€屼笉鏄吉瑁呮垚绌烘暟鎹?[22m[39m
01:59:41 [[32minfo[39m]  Dev routes initialized

[90mstdout[2m | src/routes/__tests__/dev-mode.test.ts[2m > [22m[2mDev Mode API 鈥?5 涓柊绔偣[2m > [22m[2mGET /runtime-snapshots[2m > [22m[2m杩斿洖 runtime snapshot traces锛屽苟鎸?runtime_snapshot 绫诲瀷杩囨护[22m[39m
01:59:41 [[32minfo[39m]  Dev routes initialized

[90mstdout[2m | src/routes/__tests__/dev-mode.test.ts[2m > [22m[2mDev Mode API 鈥?5 涓柊绔偣[2m > [22m[2mGET /runtime-snapshots[2m > [22m[2mcollector 涓嶅彲鐢ㄦ椂搴旇繑鍥?503锛岃€屼笉鏄吉瑁呮垚绌烘暟鎹?[22m[39m
01:59:41 [[32minfo[39m]  Dev routes initialized

[90mstdout[2m | src/routes/__tests__/dev-mode.test.ts[2m > [22m[2mDev Mode API 鈥?5 涓柊绔偣[2m > [22m[2mGET /prompt-composition[2m > [22m[2m甯?agentKey 鎴?intentHint 鏃朵娇鐢ㄧ湡瀹?agentConfig 鏋勫缓 prompt锛岃€屼笉鏄吉閫犵┖閰嶇疆[22m[39m
01:59:41 [[32minfo[39m]  Dev routes initialized

[90mstdout[2m | tests/agent-system/websocket.test.ts[2m > [22m[2mWebSocket Communication System[2m > [22m[2mWebSocket Connection[2m > [22m[2mshould track connected clients count[22m[39m
01:59:41 [[32minfo[39m]  WebSocket server shut down

[90mstdout[2m | tests/agent-system/websocket.test.ts[2m > [22m[2mWebSocket Communication System[2m > [22m[2mWebSocket Connection[2m > [22m[2mshould handle client disconnection[22m[39m
01:59:41 [[32minfo[39m]  WebSocket server initialized on /ws

[90mstdout[2m | tests/agent-system/websocket.test.ts[2m > [22m[2mWebSocket Communication System[2m > [22m[2mWebSocket Connection[2m > [22m[2mshould handle client disconnection[22m[39m
01:59:41 [[32minfo[39m]  WebSocket client connected. Total: 1

[90mstdout[2m | tests/agent-system/websocket.test.ts[2m > [22m[2mWebSocket Communication System[2m > [22m[2mWebSocket Connection[2m > [22m[2mshould handle client disconnection[22m[39m
01:59:41 [[32minfo[39m]  WebSocket client authenticated {"clientId":"client_da49273f-39a4-4d79-9703-0b5ff6b17614"}

[90mstdout[2m | tests/agent-system/websocket.test.ts[2m > [22m[2mWebSocket Communication System[2m > [22m[2mWebSocket Connection[2m > [22m[2mshould handle client disconnection[22m[39m
01:59:41 [[32minfo[39m]  WebSocket client disconnected {"clientId":"client_da49273f-39a4-4d79-9703-0b5ff6b17614","code":1005,"total":0}

[90mstdout[2m | src/routes/__tests__/dev-mode.test.ts[2m > [22m[2mDev Mode API 鈥?5 涓柊绔偣[2m > [22m[2mGET /prompt-composition[2m > [22m[2m鑷畾涔?prompt 棰勮涓嶅簲瑕嗙洊鏈€鍚庝竴娆＄湡瀹炴瀯寤虹粨鏋?[22m[39m
01:59:41 [[32minfo[39m]  Dev routes initialized

[90mstdout[2m | src/routes/__tests__/dev-mode.test.ts[2m > [22m[2mDev Mode API 鈥?5 涓柊绔偣[2m > [22m[2mGET /prompt-composition[2m > [22m[2m鏃犳晥 agentKey 搴旇繑鍥?400锛岃€屼笉鏄吉閫犵┖閰嶇疆缁х画鏋勫缓[22m[39m
01:59:41 [[32minfo[39m]  Dev routes initialized

[90mstdout[2m | src/game-systems/skill/__tests__/skill-owner-autowire.test.ts[2m > [22m[2mSkill 绯荤粺瑙勬牸璇存槑楠岃瘉[2m > [22m[2m涓€銆佹纭緭鍏?[2m > [22m[2m鍐欏叆绫婚粯璁?character[2m > [22m[2m1.10 learn_skill ownerType 绌?鈫?榛樿 character锛岃嚜鍔ㄦ敞鍏?characterId[22m[39m
01:59:41 [[31merror[39m]  Failed to learn skill {"saveId":"save-1","skillIdOrName":"fireball","error":"this.skillPoolRepo.findByIdOrName is not a function"}

[90mstdout[2m | src/game-systems/skill/__tests__/skill-owner-autowire.test.ts[2m > [22m[2mSkill 绯荤粺瑙勬牸璇存槑楠岃瘉[2m > [22m[2m涓€銆佹纭緭鍏?[2m > [22m[2m鍐欏叆绫婚粯璁?character[2m > [22m[2m1.11 upgrade_skill ownerType 绌?鈫?榛樿 character[22m[39m
01:59:41 [[32minfo[39m]  Skill upgraded {"saveId":"save-1","skillId":"slash","previousLevel":1,"newLevel":2,"bonuses":{"powerBonus":3,"costReduction":1}}

[90mstdout[2m | src/game-systems/skill/__tests__/skill-owner-autowire.test.ts[2m > [22m[2mSkill 绯荤粺瑙勬牸璇存槑楠岃瘉[2m > [22m[2m涓€銆佹纭緭鍏?[2m > [22m[2m鍐欏叆绫婚粯璁?character[2m > [22m[2m1.12 use_skill ownerType 绌?鈫?榛樿 character锛堟柦娉曡€呴粯璁よ鑹诧級[22m[39m
01:59:41 [[32minfo[39m]  Skill used {"saveId":"save-1","skillId":"slash","skillName":"鏂╁嚮","costSpent":[],"expGained":11,"cooldownSet":0,"cooldownSystem":"none","damage":30,"effectsAppliedCount":1}

[90mstdout[2m | src/game-systems/skill/__tests__/skill-owner-autowire.test.ts[2m > [22m[2mSkill 绯荤粺瑙勬牸璇存槑楠岃瘉[2m > [22m[2m涓€銆佹纭緭鍏?[2m > [22m[2muse_skill 鐩爣瑙ｆ瀽 + 璧勬簮鎵ｅ噺[2m > [22m[2m1.13 use_skill targetId 鏄?NPC锛坣pc_ 鍓嶇紑锛夆啋 璋冪敤 npcService.modifyNpcHealth[22m[39m
01:59:41 [[32minfo[39m]  Skill used {"saveId":"save-1","skillId":"slash","skillName":"鏂╁嚮","costSpent":[],"expGained":11,"cooldownSet":0,"cooldownSystem":"none","damage":30,"effectsAppliedCount":1}

[90mstdout[2m | src/game-systems/skill/__tests__/skill-owner-autowire.test.ts[2m > [22m[2mSkill 绯荤粺瑙勬牸璇存槑楠岃瘉[2m > [22m[2m涓€銆佹纭緭鍏?[2m > [22m[2muse_skill 鐩爣瑙ｆ瀽 + 璧勬簮鎵ｅ噺[2m > [22m[2m1.14 use_skill targetId 鏄?character 鈫?璋冪敤 characterService.modifyHealth[22m[39m
01:59:41 [[32minfo[39m]  Skill used {"saveId":"save-1","skillId":"slash","skillName":"鏂╁嚮","costSpent":[],"expGained":11,"cooldownSet":0,"cooldownSystem":"none","damage":30,"effectsAppliedCount":1}

[90mstdout[2m | src/game-systems/skill/__tests__/skill-owner-autowire.test.ts[2m > [22m[2mSkill 绯荤粺瑙勬牸璇存槑楠岃瘉[2m > [22m[2m涓€銆佹纭緭鍏?[2m > [22m[2muse_skill 鐩爣瑙ｆ瀽 + 璧勬簮鎵ｅ噺[2m > [22m[2m1.15 use_skill targetId 鏄?NPC 鍚嶇О锛坮esolveNpcId 鎴愬姛锛夆啋 璋冪敤 npcService.modifyNpcHealth[22m[39m
01:59:41 [[32minfo[39m]  Skill used {"saveId":"save-1","skillId":"slash","skillName":"鏂╁嚮","costSpent":[],"expGained":11,"cooldownSet":0,"cooldownSystem":"none","damage":30,"effectsAppliedCount":1}

[90mstdout[2m | src/game-systems/skill/__tests__/skill-owner-autowire.test.ts[2m > [22m[2mSkill 绯荤粺瑙勬牸璇存槑楠岃瘉[2m > [22m[2m浜屻€侀敊璇緭鍏?[2m > [22m[2mresolveOwnerId 閿欒[2m > [22m[2m2.1 ownerType="npc" 浣?ownerId 绌?鈫?鎶涢敊[22m[39m
01:59:41 [[31merror[39m]  Failed to get skills {"saveId":"save-1","error":"ownerId is required when ownerType is npc"}

[90mstdout[2m | src/game-systems/skill/__tests__/skill-owner-autowire.test.ts[2m > [22m[2mSkill 绯荤粺瑙勬牸璇存槑楠岃瘉[2m > [22m[2m浜屻€侀敊璇緭鍏?[2m > [22m[2mresolveOwnerId 閿欒[2m > [22m[2m2.2 ownerType="all" 鐢ㄤ簬鍐欏叆绫?鈫?鎶涢敊锛堝啓鍏ョ被涓嶆敮鎸侀€氶厤锛?[22m[39m
01:59:41 [[31merror[39m]  Failed to upgrade skill {"saveId":"save-1","skillId":"slash","error":"Invalid ownerType: all. Supported: 'character', 'npc', or undefined (defaults to character)"}

[90mstdout[2m | src/game-systems/skill/__tests__/skill-owner-autowire.test.ts[2m > [22m[2mSkill 绯荤粺瑙勬牸璇存槑楠岃瘉[2m > [22m[2m浜屻€侀敊璇緭鍏?[2m > [22m[2mresolveOwnerId 閿欒[2m > [22m[2m2.3 ownerType 闈炴硶鍊?鈫?鎶涢敊[22m[39m
01:59:41 [[31merror[39m]  Failed to get skills {"saveId":"save-1","error":"Invalid ownerType: invalid. Supported: 'character', 'npc', or undefined (defaults to character)"}

[90mstdout[2m | src/game-systems/skill/__tests__/skill-owner-autowire.test.ts[2m > [22m[2mSkill 绯荤粺瑙勬牸璇存槑楠岃瘉[2m > [22m[2m浜屻€侀敊璇緭鍏?[2m > [22m[2m鍐欏叆绫婚敊璇?[2m > [22m[2m2.7 use_skill targetId 鏃㈤潪 character 涔熼潪 NPC 鈫?鎶涢敊锛堜笉闈欓粯閫€鍖栦负 character锛?[22m[39m
01:59:41 [[32minfo[39m]  Skill used {"saveId":"save-1","skillId":"slash","skillName":"鏂╁嚮","costSpent":[],"expGained":11,"cooldownSet":0,"cooldownSystem":"none","damage":30,"effectsAppliedCount":1}
01:59:41 [[31merror[39m]  Failed to use skill {"saveId":"save-1","skillId":"slash","error":"Invalid targetId: unknown_target. Cannot resolve to character or npc"}

[90mstdout[2m | src/game-systems/skill/__tests__/skill-owner-autowire.test.ts[2m > [22m[2mSkill 绯荤粺瑙勬牸璇存槑楠岃瘉[2m > [22m[2m涓夈€侀儴鍒嗘纭緭鍏ワ紙杈圭晫鍦烘櫙锛?[2m > [22m[2m鏁版嵁闅旂淇濊瘉锛堟枃妗?7.1 / 7.2 / 7.3锛?[2m > [22m[2m3.6 upgrade_skill 鎸?skill.id 绮剧‘鏇存柊 + 浼?owner options锛堜慨澶嶅悗琛屼负锛?[22m[39m
01:59:41 [[32minfo[39m]  Skill upgraded {"saveId":"save-1","skillId":"slash","previousLevel":1,"newLevel":2,"bonuses":{"powerBonus":3,"costReduction":1}}

[90mstdout[2m | src/game-systems/skill/__tests__/skill-owner-autowire.test.ts[2m > [22m[2mSkill 绯荤粺瑙勬牸璇存槑楠岃瘉[2m > [22m[2m涓夈€侀儴鍒嗘纭緭鍏ワ紙杈圭晫鍦烘櫙锛?[2m > [22m[2m鏁版嵁闅旂淇濊瘉锛堟枃妗?7.1 / 7.2 / 7.3锛?[2m > [22m[2m3.7 upgrade_skill NPC owner 鈫?update 浼?NPC owner options[22m[39m
01:59:41 [[32minfo[39m]  Skill upgraded {"saveId":"save-1","skillId":"slash","previousLevel":1,"newLevel":2,"bonuses":{"powerBonus":3,"costReduction":1}}

[90mstdout[2m | src/game-systems/skill/__tests__/skill-owner-autowire.test.ts[2m > [22m[2mSkill 绯荤粺瑙勬牸璇存槑楠岃瘉[2m > [22m[2m涓夈€侀儴鍒嗘纭緭鍏ワ紙杈圭晫鍦烘櫙锛?[2m > [22m[2mlearn_skill 鍓嶇疆鎶€鑳?owner 杩囨护锛堜慨澶嶅悗琛屼负锛?[2m > [22m[2m3.8 learn_skill NPC 瀛︽妧鑳?鈫?鍓嶇疆鎶€鑳芥鏌ユ寜 NPC owner 杩囨护[22m[39m
01:59:41 [[31merror[39m]  Failed to learn skill {"saveId":"save-1","skillIdOrName":"fireball","error":"this.skillPoolRepo.findByIdOrName is not a function"}

[90mstdout[2m | src/game-systems/skill/__tests__/skill-owner-autowire.test.ts[22m[39m
01:59:40 [[32minfo[39m]  Help registry loaded: 22 tools {"tools":["batch_query_service","challenge_service","... (22 items)"]}
01:59:40 [[32minfo[39m]  Creating GameMasterAgent (as AgentRuntime with isSubAgent=false)
01:59:40 [[32minfo[39m]  Handler subscribed {"eventType":"dialogue"}
01:59:40 [[32minfo[39m]  Handler subscribed {"eventType":"combat_end"}
01:59:40 [[32minfo[39m]  AwarenessAutoSubscriber subscribed to dialogue + combat_end events
01:59:40 [[32minfo[39m]  Agent initialized: gamemaster - GameMasterAgent
01:59:40 [[32minfo[39m] [AGENT-START] Agent gamemaster starting {"agent":"gamemaster","provider":null,"toolsConfigured":1,"maxIterations":200,"isSubAgent":false}
01:59:40 [[32minfo[39m]  Handler subscribed {"eventType":"chapter_advanced"}
01:59:40 [[32minfo[39m]  Creating AgentRuntime instances from default profile: fantasy_rpg
01:59:40 [[32minfo[39m]  Creating agents from profile: fantasy_rpg {"agentCount":10}
01:59:40 [[32minfo[39m]  Agent initialized: gamemaster - GameMasterAgent
01:59:40 [[32minfo[39m] [AGENT-START] Agent gamemaster starting {"agent":"gamemaster","provider":null,"toolsConfigured":1,"maxIterations":200,"isSubAgent":false}
01:59:40 [[32minfo[39m]  Created AgentRuntime: gamemaster {"profile":"fantasy_rpg","tools":["all"]}
01:59:40 [[32minfo[39m]  Agent initialized: map - MapAgent
01:59:40 [[32minfo[39m] [AGENT-START] Agent map starting {"agent":"map","provider":null,"toolsConfigured":7,"maxIterations":200,"isSubAgent":true}
01:59:40 [[32minfo[39m]  Created AgentRuntime: map {"profile":"fantasy_rpg","tools":["map_service","npc_service","... (7 items)"]}
01:59:40 [[32minfo[39m]  Agent initialized: challenge - ChallengeAgent
01:59:40 [[32minfo[39m] [AGENT-START] Agent challenge starting {"agent":"challenge","provider":null,"toolsConfigured":9,"maxIterations":200,"isSubAgent":true}
01:59:40 [[32minfo[39m]  Created AgentRuntime: challenge {"profile":"fantasy_rpg","tools":["challenge_service","numerical_service","... (9 items)"]}
01:59:40 [[32minfo[39m]  Agent initialized: output - OutputAgent
01:59:40 [[32minfo[39m] [AGENT-START] Agent output starting {"agent":"output","provider":null,"toolsConfigured":5,"maxIterations":200,"isSubAgent":true}
01:59:40 [[32minfo[39m]  Created AgentRuntime: output {"profile":"fantasy_rpg","tools":["dialogue_service","dynamic_ui","... (5 items)"]}
01:59:40 [[32minfo[39m]  Agent initialized: quest - QuestAgent
01:59:40 [[32minfo[39m] [AGENT-START] Agent quest starting {"agent":"quest","provider":null,"toolsConfigured":11,"maxIterations":200,"isSubAgent":true}
01:59:40 [[32minfo[39m]  Created AgentRuntime: quest {"profile":"fantasy_rpg","tools":["quest_service","numerical_service","... (11 items)"]}
01:59:40 [[32minfo[39m]  Agent initialized: npc_party - NPCPartyAgent
01:59:40 [[32minfo[39m] [AGENT-START] Agent npc_party starting {"agent":"npc_party","provider":null,"toolsConfigured":9,"maxIterations":200,"isSubAgent":true}
01:59:40 [[32minfo[39m]  Created AgentRuntime: npc_party {"profile":"fantasy_rpg","tools":["npc_service","entity_graph_service","... (9 items)"]}
01:59:40 [[32minfo[39m]  Agent initialized: inventory - InventoryAgent
01:59:40 [[32minfo[39m] [AGENT-START] Agent inventory starting {"agent":"inventory","provider":null,"toolsConfigured":8,"maxIterations":200,"isSubAgent":true}
01:59:40 [[32minfo[39m]  Created AgentRuntime: inventory {"profile":"fantasy_rpg","tools":["inventory_service","template_pool_service","... (8 items)"]}
01:59:40 [[32minfo[39m]  Agent initialized: skill - SkillAgent
01:59:40 [[32minfo[39m] [AGENT-START] Agent skill starting {"agent":"skill","provider":null,"toolsConfigured":7,"maxIterations":200,"isSubAgent":true}
01:59:40 [[32minfo[39m]  Created AgentRuntime: skill {"profile":"fantasy_rpg","tools":["skill_service","template_pool_service","... (7 items)"]}
01:59:40 [[32minfo[39m]  Agent initialized: event - EventAgent
01:59:40 [[32minfo[39m] [AGENT-START] Agent event starting {"agent":"event","provider":null,"toolsConfigured":5,"maxIterations":200,"isSubAgent":true}
01:59:40 [[32minfo[39m]  Created AgentRuntime: event {"profile":"fantasy_rpg","tools":["event_service","game_time_service","... (5 items)"]}
01:59:40 [[32minfo[39m]  Agent initialized: time - TimeAgent
01:59:40 [[32minfo[39m] [AGENT-START] Agent time starting {"agent":"time","provider":null,"toolsConfigured":4,"maxIterations":200,"isSubAgent":true}
01:59:40 [[32minfo[39m]  Created AgentRuntime: time {"profile":"fantasy_rpg","tools":["game_time_service","rule_service","... (4 items)"]}
01:59:40 [[32minfo[39m]  Permissions configured from agent.tools for profile: fantasy_rpg
01:59:40 [[32minfo[39m]  YAML permissions configured
01:59:40 [[32minfo[39m]  Registering AgentRuntime instances to GameMasterAgent...
01:59:40 [[32minfo[39m]  Registered AgentRuntime to Coordinator: gamemaster
01:59:40 [[32minfo[39m]  Registered AgentRuntime to Coordinator: map
01:59:40 [[32minfo[39m]  Registered AgentRuntime to Coordinator: challenge
01:59:40 [[32minfo[39m]  Registered AgentRuntime to Coordinator: output
01:59:40 [[32minfo[39m]  Registered AgentRuntime to Coordinator: quest
01:59:40 [[32minfo[39m]  Registered AgentRuntime to Coordinator: npc_party
01:59:40 [[32minfo[39m]  Registered AgentRuntime to Coordinator: inventory
01:59:40 [[32minfo[39m]  Registered AgentRuntime to Coordinator: skill
01:59:40 [[32minfo[39m]  Registered AgentRuntime to Coordinator: event
01:59:40 [[32minfo[39m]  Registered AgentRuntime to Coordinator: time
01:59:40 [[32minfo[39m]  GameDataExpander configured (manifest path enabled)
01:59:40 [[32minfo[39m]  DedupService configured (dispatch log persistence enabled)
01:59:40 [[32minfo[39m]  Agent system initialized: 10 AgentRuntime instances created
鉁?Agent system initialized with 10 agents
鈿狅笍 YAML Agent system skipped: __vi_import_5__.initializeYamlAgentSystem is not a function
01:59:40 [[32minfo[39m]  Agent routes initialized
01:59:40 [[32minfo[39m]  Save routes initialized
01:59:40 [[32minfo[39m]  Synced template from YAML to DB: cthulhu-investigation
01:59:40 [[32minfo[39m]  Synced template from YAML to DB: cyberpunk-mercenary
01:59:40 [[32minfo[39m]  Synced template from YAML to DB: medieval-fantasy
01:59:40 [[32minfo[39m]  Synced template from YAML to DB: modern-romance
01:59:40 [[32minfo[39m]  Synced template from YAML to DB: xianxia
01:59:40 [[32minfo[39m]  Synced 5 templates from YAML to database
01:59:41 [[32minfo[39m]  Cache refreshed with 5 templates
01:59:41 [[32minfo[39m]  TemplateService loaded {"cachedTemplates":5}
鉁?Template YAML loaded and synced to DB
01:59:41 [[32minfo[39m]  Template routes initialized
鉁?Test environment setup complete
鉁?Database connection closed

 [32m鉁?[39m src/game-systems/skill/__tests__/skill-owner-autowire.test.ts [2m ([22m[2m31 tests[22m[2m)[22m[33m 3236[2mms[22m[39m
[90mstdout[2m | src/routes/__tests__/dev-mode.test.ts[2m > [22m[2mDev Mode API 鈥?5 涓柊绔偣[2m > [22m[2mGET /prompt-composition[2m > [22m[2m鍚堟硶 agentKey 浣嗙己灏戠湡瀹?agentConfig 鏃跺簲杩斿洖 400锛岃€屼笉鏄洖閫€鍒扮┖閰嶇疆[22m[39m
01:59:41 [[32minfo[39m]  Dev routes initialized

[90mstdout[2m | src/routes/__tests__/dev-mode.test.ts[2m > [22m[2mDev Mode API 鈥?5 涓柊绔偣[2m > [22m[2mGET /prompt-composition[2m > [22m[2mcoordinator 涓嶆敮鎸佽鍙?prompt agentConfig 鏃跺簲杩斿洖 503[22m[39m
01:59:41 [[32minfo[39m]  Dev routes initialized

[90mstdout[2m | src/routes/__tests__/dev-mode.test.ts[2m > [22m[2mDev Mode API 鈥?5 涓柊绔偣[2m > [22m[2mGET /prompt-composition[2m > [22m[2m绌哄瓧绗︿覆 agentKey 搴旇繑鍥?400锛岃€屼笉鏄洖閫€鍒伴粯璁?gamemaster[22m[39m
01:59:41 [[32minfo[39m]  Dev routes initialized

[90mstdout[2m | src/routes/__tests__/dev-mode.test.ts[2m > [22m[2mDev Mode API 鈥?5 涓柊绔偣[2m > [22m[2mGET /prompt-composition[2m > [22m[2m绌哄瓧绗︿覆 agentKey 鎼厤 intentHint 鏃朵篃搴旇繑鍥?400[22m[39m
01:59:41 [[32minfo[39m]  Dev routes initialized

[90mstdout[2m | src/game-systems/entity-graph/__tests__/EntityGraphService.awareness-upgrade.test.ts[2m > [22m[2mEntityGraphService awareness-upgrade 闆嗘垚娴嬭瘯[2m > [22m[2msetAwareness delta 璇箟[2m > [22m[2m杩炵画璋冪敤 scoreDelta=+3, +5, -2 鈫?currentScore=6[22m[39m
01:59:41 [[32minfo[39m]  Awareness updated {"saveId":"save-1","observerType":"npc","observerId":"npc-tom","targetType":"character","targetId":"player-1","scoreDelta":3,"newScore":3,"compressed":false}
01:59:41 [[32minfo[39m]  Awareness updated {"saveId":"save-1","observerType":"npc","observerId":"npc-tom","targetType":"character","targetId":"player-1","scoreDelta":5,"newScore":8,"compressed":false}
01:59:41 [[32minfo[39m]  Awareness updated {"saveId":"save-1","observerType":"npc","observerId":"npc-tom","targetType":"character","targetId":"player-1","scoreDelta":-2,"newScore":6,"compressed":false}

[90mstdout[2m | src/game-systems/entity-graph/__tests__/EntityGraphService.awareness-upgrade.test.ts[2m > [22m[2mEntityGraphService awareness-upgrade 闆嗘垚娴嬭瘯[2m > [22m[2msetAwareness clamp 杈圭晫[2m > [22m[2mcurrentScore=9 + delta=+5 鈫?currentScore=10锛坈lamp 鍒颁笂闄愶級[22m[39m
01:59:41 [[32minfo[39m]  Awareness updated {"saveId":"save-1","observerType":"npc","observerId":"npc-tom","targetType":"character","targetId":"player-1","scoreDelta":5,"newScore":10,"compressed":false}

[90mstdout[2m | src/game-systems/entity-graph/__tests__/EntityGraphService.awareness-upgrade.test.ts[2m > [22m[2mEntityGraphService awareness-upgrade 闆嗘垚娴嬭瘯[2m > [22m[2msetAwareness clamp 杈圭晫[2m > [22m[2mcurrentScore=-8 + delta=-5 鈫?currentScore=-10锛坈lamp 鍒颁笅闄愶級[22m[39m
01:59:41 [[32minfo[39m]  Awareness updated {"saveId":"save-1","observerType":"npc","observerId":"npc-tom","targetType":"character","targetId":"player-1","scoreDelta":-5,"newScore":-10,"compressed":false}

[90mstdout[2m | src/game-systems/entity-graph/__tests__/EntityGraphService.awareness-upgrade.test.ts[2m > [22m[2mEntityGraphService awareness-upgrade 闆嗘垚娴嬭瘯[2m > [22m[2msetAwareness source 缁撴瀯鍖?[2m > [22m[2msource.type=informed_by 鏃?source.informerId 鎸佷箙鍖?[22m[39m
01:59:41 [[32minfo[39m]  Awareness updated {"saveId":"save-1","observerType":"npc","observerId":"npc-tom","targetType":"character","targetId":"player-1","scoreDelta":3,"newScore":3,"compressed":false}

[90mstdout[2m | src/game-systems/entity-graph/__tests__/EntityGraphService.awareness-upgrade.test.ts[2m > [22m[2mEntityGraphService awareness-upgrade 闆嗘垚娴嬭瘯[2m > [22m[2m鍘嬬缉 R1-R4 瑙勫垯[2m > [22m[2mR1+R4锛氳繛缁?auto:dialogue 浜嬩欢 + 鍚岀鍙?鈫?鍚堝苟[22m[39m
01:59:41 [[32minfo[39m]  Awareness updated {"saveId":"save-1","observerType":"npc","observerId":"npc-tom","targetType":"character","targetId":"player-1","scoreDelta":1,"newScore":1,"compressed":true}

[90mstdout[2m | src/game-systems/entity-graph/__tests__/EntityGraphService.awareness-upgrade.test.ts[2m > [22m[2mEntityGraphService awareness-upgrade 闆嗘垚娴嬭瘯[2m > [22m[2m鍘嬬缉 R1-R4 瑙勫垯[2m > [22m[2mR1锛氫笉鍚?source.type 鈫?涓嶅悎骞?[22m[39m
01:59:41 [[32minfo[39m]  Awareness updated {"saveId":"save-1","observerType":"npc","observerId":"npc-tom","targetType":"character","targetId":"player-1","scoreDelta":3,"newScore":3,"compressed":false}

[90mstdout[2m | src/game-systems/entity-graph/__tests__/EntityGraphService.awareness-upgrade.test.ts[2m > [22m[2mEntityGraphService awareness-upgrade 闆嗘垚娴嬭瘯[2m > [22m[2m鍘嬬缉 R1-R4 瑙勫垯[2m > [22m[2mR1锛氫笉鍚岀鍙?鈫?涓嶅悎骞?[22m[39m
01:59:41 [[32minfo[39m]  Awareness updated {"saveId":"save-1","observerType":"npc","observerId":"npc-tom","targetType":"character","targetId":"player-1","scoreDelta":-1,"newScore":-1,"compressed":false}

[90mstdout[2m | src/game-systems/entity-graph/__tests__/EntityGraphService.awareness-upgrade.test.ts[2m > [22m[2mEntityGraphService awareness-upgrade 闆嗘垚娴嬭瘯[2m > [22m[2m鍘嬬缉 R1-R4 瑙勫垯[2m > [22m[2mR2锛歞elta 缁濆鍊?>= 3 鈫?涓嶅悎骞讹紙鍏抽敭杞姌锛?[22m[39m
01:59:41 [[32minfo[39m]  Awareness updated {"saveId":"save-1","observerType":"npc","observerId":"npc-tom","targetType":"character","targetId":"player-1","scoreDelta":3,"newScore":3,"compressed":false}

[90mstdout[2m | src/game-systems/entity-graph/__tests__/EntityGraphService.awareness-upgrade.test.ts[2m > [22m[2mEntityGraphService awareness-upgrade 闆嗘垚娴嬭瘯[2m > [22m[2m鍘嬬缉 R1-R4 瑙勫垯[2m > [22m[2mR3锛歴ource.type=informed_by 鈫?涓嶅悎骞讹紙淇濈暀 informed_by锛?[22m[39m
01:59:41 [[32minfo[39m]  Awareness updated {"saveId":"save-1","observerType":"npc","observerId":"npc-tom","targetType":"character","targetId":"player-1","scoreDelta":1,"newScore":1,"compressed":false}

[90mstdout[2m | src/game-systems/entity-graph/__tests__/EntityGraphService.awareness-upgrade.test.ts[2m > [22m[2mEntityGraphService awareness-upgrade 闆嗘垚娴嬭瘯[2m > [22m[2m鍘嬬缉 R1-R4 瑙勫垯[2m > [22m[2mR4锛歴ource.type 闈?auto:xxx锛圙M 鎵嬪姩锛夆啋 涓嶅悎骞?[22m[39m
01:59:41 [[32minfo[39m]  Awareness updated {"saveId":"save-1","observerType":"npc","observerId":"npc-tom","targetType":"character","targetId":"player-1","scoreDelta":1,"newScore":1,"compressed":false}

[90mstdout[2m | src/game-systems/entity-graph/__tests__/EntityGraphService.awareness-upgrade.test.ts[2m > [22m[2mEntityGraphService awareness-upgrade 闆嗘垚娴嬭瘯[2m > [22m[2m鍘嬬缉 R1-R4 瑙勫垯[2m > [22m[2m鏃犱笂涓€鏉′簨浠舵椂 鈫?涓嶅悎骞讹紙鐩存帴 insertEvent锛?[22m[39m
01:59:41 [[32minfo[39m]  Awareness updated {"saveId":"save-1","observerType":"npc","observerId":"npc-tom","targetType":"character","targetId":"player-1","scoreDelta":1,"newScore":1,"compressed":false}

[90mstdout[2m | src/game-systems/entity-graph/__tests__/EntityGraphService.awareness-upgrade.test.ts[22m[39m
01:59:40 [[32minfo[39m]  Help registry loaded: 22 tools {"tools":["batch_query_service","challenge_service","... (22 items)"]}
01:59:40 [[32minfo[39m]  Creating GameMasterAgent (as AgentRuntime with isSubAgent=false)
01:59:40 [[32minfo[39m]  Handler subscribed {"eventType":"dialogue"}
01:59:40 [[32minfo[39m]  Handler subscribed {"eventType":"combat_end"}
01:59:40 [[32minfo[39m]  AwarenessAutoSubscriber subscribed to dialogue + combat_end events
01:59:40 [[32minfo[39m]  Agent initialized: gamemaster - GameMasterAgent
01:59:40 [[32minfo[39m] [AGENT-START] Agent gamemaster starting {"agent":"gamemaster","provider":null,"toolsConfigured":1,"maxIterations":200,"isSubAgent":false}
01:59:40 [[32minfo[39m]  Handler subscribed {"eventType":"chapter_advanced"}
01:59:40 [[32minfo[39m]  Creating AgentRuntime instances from default profile: fantasy_rpg
01:59:40 [[32minfo[39m]  Creating agents from profile: fantasy_rpg {"agentCount":10}
01:59:40 [[32minfo[39m]  Agent initialized: gamemaster - GameMasterAgent
01:59:40 [[32minfo[39m] [AGENT-START] Agent gamemaster starting {"agent":"gamemaster","provider":null,"toolsConfigured":1,"maxIterations":200,"isSubAgent":false}
01:59:40 [[32minfo[39m]  Created AgentRuntime: gamemaster {"profile":"fantasy_rpg","tools":["all"]}
01:59:40 [[32minfo[39m]  Agent initialized: map - MapAgent
01:59:40 [[32minfo[39m] [AGENT-START] Agent map starting {"agent":"map","provider":null,"toolsConfigured":7,"maxIterations":200,"isSubAgent":true}
01:59:40 [[32minfo[39m]  Created AgentRuntime: map {"profile":"fantasy_rpg","tools":["map_service","npc_service","... (7 items)"]}
01:59:40 [[32minfo[39m]  Agent initialized: challenge - ChallengeAgent
01:59:40 [[32minfo[39m] [AGENT-START] Agent challenge starting {"agent":"challenge","provider":null,"toolsConfigured":9,"maxIterations":200,"isSubAgent":true}
01:59:40 [[32minfo[39m]  Created AgentRuntime: challenge {"profile":"fantasy_rpg","tools":["challenge_service","numerical_service","... (9 items)"]}
01:59:40 [[32minfo[39m]  Agent initialized: output - OutputAgent
01:59:40 [[32minfo[39m] [AGENT-START] Agent output starting {"agent":"output","provider":null,"toolsConfigured":5,"maxIterations":200,"isSubAgent":true}
01:59:40 [[32minfo[39m]  Created AgentRuntime: output {"profile":"fantasy_rpg","tools":["dialogue_service","dynamic_ui","... (5 items)"]}
01:59:40 [[32minfo[39m]  Agent initialized: quest - QuestAgent
01:59:40 [[32minfo[39m] [AGENT-START] Agent quest starting {"agent":"quest","provider":null,"toolsConfigured":11,"maxIterations":200,"isSubAgent":true}
01:59:40 [[32minfo[39m]  Created AgentRuntime: quest {"profile":"fantasy_rpg","tools":["quest_service","numerical_service","... (11 items)"]}
01:59:40 [[32minfo[39m]  Agent initialized: npc_party - NPCPartyAgent
01:59:40 [[32minfo[39m] [AGENT-START] Agent npc_party starting {"agent":"npc_party","provider":null,"toolsConfigured":9,"maxIterations":200,"isSubAgent":true}
01:59:40 [[32minfo[39m]  Created AgentRuntime: npc_party {"profile":"fantasy_rpg","tools":["npc_service","entity_graph_service","... (9 items)"]}
01:59:40 [[32minfo[39m]  Agent initialized: inventory - InventoryAgent
01:59:40 [[32minfo[39m] [AGENT-START] Agent inventory starting {"agent":"inventory","provider":null,"toolsConfigured":8,"maxIterations":200,"isSubAgent":true}
01:59:40 [[32minfo[39m]  Created AgentRuntime: inventory {"profile":"fantasy_rpg","tools":["inventory_service","template_pool_service","... (8 items)"]}
01:59:40 [[32minfo[39m]  Agent initialized: skill - SkillAgent
01:59:40 [[32minfo[39m] [AGENT-START] Agent skill starting {"agent":"skill","provider":null,"toolsConfigured":7,"maxIterations":200,"isSubAgent":true}
01:59:40 [[32minfo[39m]  Created AgentRuntime: skill {"profile":"fantasy_rpg","tools":["skill_service","template_pool_service","... (7 items)"]}
01:59:40 [[32minfo[39m]  Agent initialized: event - EventAgent
01:59:40 [[32minfo[39m] [AGENT-START] Agent event starting {"agent":"event","provider":null,"toolsConfigured":5,"maxIterations":200,"isSubAgent":true}
01:59:40 [[32minfo[39m]  Created AgentRuntime: event {"profile":"fantasy_rpg","tools":["event_service","game_time_service","... (5 items)"]}
01:59:40 [[32minfo[39m]  Agent initialized: time - TimeAgent
01:59:40 [[32minfo[39m] [AGENT-START] Agent time starting {"agent":"time","provider":null,"toolsConfigured":4,"maxIterations":200,"isSubAgent":true}
01:59:40 [[32minfo[39m]  Created AgentRuntime: time {"profile":"fantasy_rpg","tools":["game_time_service","rule_service","... (4 items)"]}
01:59:40 [[32minfo[39m]  Permissions configured from agent.tools for profile: fantasy_rpg
01:59:40 [[32minfo[39m]  YAML permissions configured
01:59:40 [[32minfo[39m]  Registering AgentRuntime instances to GameMasterAgent...
01:59:40 [[32minfo[39m]  Registered AgentRuntime to Coordinator: gamemaster
01:59:40 [[32minfo[39m]  Registered AgentRuntime to Coordinator: map
01:59:40 [[32minfo[39m]  Registered AgentRuntime to Coordinator: challenge
01:59:40 [[32minfo[39m]  Registered AgentRuntime to Coordinator: output
01:59:40 [[32minfo[39m]  Registered AgentRuntime to Coordinator: quest
01:59:40 [[32minfo[39m]  Registered AgentRuntime to Coordinator: npc_party
01:59:40 [[32minfo[39m]  Registered AgentRuntime to Coordinator: inventory
01:59:40 [[32minfo[39m]  Registered AgentRuntime to Coordinator: skill
01:59:40 [[32minfo[39m]  Registered AgentRuntime to Coordinator: event
01:59:40 [[32minfo[39m]  Registered AgentRuntime to Coordinator: time
01:59:40 [[32minfo[39m]  GameDataExpander configured (manifest path enabled)
01:59:40 [[32minfo[39m]  DedupService configured (dispatch log persistence enabled)
01:59:40 [[32minfo[39m]  Agent system initialized: 10 AgentRuntime instances created
鉁?Agent system initialized with 10 agents
鈿狅笍 YAML Agent system skipped: __vi_import_5__.initializeYamlAgentSystem is not a function
01:59:40 [[32minfo[39m]  Agent routes initialized
01:59:40 [[32minfo[39m]  Save routes initialized
01:59:40 [[32minfo[39m]  Synced template from YAML to DB: cthulhu-investigation
01:59:40 [[32minfo[39m]  Synced template from YAML to DB: cyberpunk-mercenary
01:59:40 [[32minfo[39m]  Synced template from YAML to DB: medieval-fantasy
01:59:40 [[32minfo[39m]  Synced template from YAML to DB: modern-romance
01:59:40 [[32minfo[39m]  Synced template from YAML to DB: xianxia
01:59:40 [[32minfo[39m]  Synced 5 templates from YAML to database
01:59:41 [[32minfo[39m]  Cache refreshed with 5 templates
01:59:41 [[32minfo[39m]  TemplateService loaded {"cachedTemplates":5}
鉁?Template YAML loaded and synced to DB
01:59:41 [[32minfo[39m]  Template routes initialized
鉁?Test environment setup complete
鉁?Database connection closed

 [32m鉁?[39m src/game-systems/entity-graph/__tests__/EntityGraphService.awareness-upgrade.test.ts [2m ([22m[2m21 tests[22m[2m)[22m[33m 3253[2mms[22m[39m
[90mstdout[2m | src/routes/__tests__/dev-mode.test.ts[2m > [22m[2mDev Mode API 鈥?5 涓柊绔偣[2m > [22m[2mGET /prompt-composition[2m > [22m[2m閲嶅浼犲叆 agentKey 鏃跺簲杩斿洖 400锛岃€屼笉鏄姏 500 鎴栫户缁瑙?[22m[39m
01:59:41 [[32minfo[39m]  Dev routes initialized

[90mstdout[2m | tests/agent-system/websocket.test.ts[2m > [22m[2mWebSocket Communication System[2m > [22m[2mWebSocket Connection[2m > [22m[2mshould handle client disconnection[22m[39m
01:59:41 [[32minfo[39m]  WebSocket server shut down

[90mstdout[2m | tests/agent-system/websocket.test.ts[2m > [22m[2mWebSocket Communication System[2m > [22m[2mWebSocket Connection[2m > [22m[2mshould reject connections to wrong path[22m[39m
01:59:41 [[32minfo[39m]  WebSocket server initialized on /ws

[90mstdout[2m | tests/agent-system/websocket.test.ts[2m > [22m[2mWebSocket Communication System[2m > [22m[2mWebSocket Connection[2m > [22m[2mshould reject connections to wrong path[22m[39m
01:59:41 [[32minfo[39m]  WebSocket server shut down

[90mstdout[2m | tests/agent-system/websocket.test.ts[2m > [22m[2mWebSocket Communication System[2m > [22m[2mWebSocket Authentication[2m > [22m[2mshould authenticate and return clientId[22m[39m
01:59:41 [[32minfo[39m]  WebSocket server initialized on /ws

[90mstdout[2m | tests/agent-system/websocket.test.ts[2m > [22m[2mWebSocket Communication System[2m > [22m[2mWebSocket Authentication[2m > [22m[2mshould authenticate and return clientId[22m[39m
01:59:41 [[32minfo[39m]  WebSocket client connected. Total: 1

[90mstdout[2m | tests/agent-system/websocket.test.ts[2m > [22m[2mWebSocket Communication System[2m > [22m[2mWebSocket Authentication[2m > [22m[2mshould authenticate and return clientId[22m[39m
01:59:41 [[32minfo[39m]  WebSocket client authenticated {"clientId":"client_513f669a-8bb4-4c62-8638-55c530726e7c"}

[90mstdout[2m | tests/agent-system/websocket.test.ts[2m > [22m[2mWebSocket Communication System[2m > [22m[2mWebSocket Authentication[2m > [22m[2mshould authenticate and return clientId[22m[39m
01:59:41 [[32minfo[39m]  WebSocket server shut down

[90mstdout[2m | tests/agent-system/websocket.test.ts[2m > [22m[2mWebSocket Communication System[2m > [22m[2mWebSocket Authentication[2m > [22m[2mshould create new session for missing clientId[22m[39m
01:59:41 [[32minfo[39m]  WebSocket server initialized on /ws
01:59:41 [[32minfo[39m]  WebSocket client disconnected {"clientId":null,"code":1005,"total":0}

[90mstdout[2m | tests/agent-system/websocket.test.ts[2m > [22m[2mWebSocket Communication System[2m > [22m[2mWebSocket Authentication[2m > [22m[2mshould create new session for missing clientId[22m[39m
01:59:41 [[32minfo[39m]  WebSocket client connected. Total: 1

[90mstdout[2m | tests/agent-system/websocket.test.ts[2m > [22m[2mWebSocket Communication System[2m > [22m[2mWebSocket Authentication[2m > [22m[2mshould create new session for missing clientId[22m[39m
01:59:41 [[32minfo[39m]  WebSocket client authenticated {"clientId":"client_92bc103b-8b09-475d-9abe-2a909b2da6ec"}

[90mstdout[2m | tests/agent-system/websocket.test.ts[2m > [22m[2mWebSocket Communication System[2m > [22m[2mWebSocket Authentication[2m > [22m[2mshould create new session for missing clientId[22m[39m
01:59:41 [[32minfo[39m]  WebSocket server shut down

[90mstdout[2m | tests/agent-system/websocket.test.ts[2m > [22m[2mWebSocket Communication System[2m > [22m[2mWebSocket Authentication[2m > [22m[2mshould create new session for invalid clientId[22m[39m
01:59:41 [[32minfo[39m]  WebSocket server initialized on /ws
01:59:41 [[32minfo[39m]  WebSocket client disconnected {"clientId":null,"code":1005,"total":0}

[90mstdout[2m | tests/agent-system/websocket.test.ts[2m > [22m[2mWebSocket Communication System[2m > [22m[2mWebSocket Authentication[2m > [22m[2mshould create new session for invalid clientId[22m[39m
01:59:41 [[32minfo[39m]  WebSocket client connected. Total: 1

[90mstdout[2m | tests/agent-system/websocket.test.ts[2m > [22m[2mWebSocket Communication System[2m > [22m[2mWebSocket Authentication[2m > [22m[2mshould create new session for invalid clientId[22m[39m
01:59:41 [[32minfo[39m]  WebSocket client authenticated {"clientId":"client_a2393c27-9f62-4526-b259-724f434e3d6c"}

[90mstdout[2m | tests/agent-system/websocket.test.ts[2m > [22m[2mWebSocket Communication System[2m > [22m[2mWebSocket Authentication[2m > [22m[2mshould create new session for invalid clientId[22m[39m
01:59:41 [[32minfo[39m]  WebSocket server shut down

[90mstdout[2m | tests/agent-system/websocket.test.ts[2m > [22m[2mWebSocket Communication System[2m > [22m[2mWebSocket Authentication[2m > [22m[2mshould reuse existing session on reconnect[22m[39m
01:59:41 [[32minfo[39m]  WebSocket server initialized on /ws
01:59:41 [[32minfo[39m]  WebSocket client disconnected {"clientId":null,"code":1005,"total":0}

[90mstdout[2m | tests/agent-system/websocket.test.ts[2m > [22m[2mWebSocket Communication System[2m > [22m[2mWebSocket Authentication[2m > [22m[2mshould reuse existing session on reconnect[22m[39m
01:59:41 [[32minfo[39m]  WebSocket client connected. Total: 1

[90mstdout[2m | tests/agent-system/websocket.test.ts[2m > [22m[2mWebSocket Communication System[2m > [22m[2mWebSocket Authentication[2m > [22m[2mshould reuse existing session on reconnect[22m[39m
01:59:41 [[32minfo[39m]  WebSocket client authenticated {"clientId":"client_4734af7d-39f3-4914-b60e-6d61ee52748b"}

[90mstdout[2m | src/game-systems/inventory/__tests__/inventory-doc-compliance-extended.test.ts[2m > [22m[2mInventory 绯荤粺鏂规硶璇存槑鎵╁睍鍚堣娴嬭瘯[2m > [22m[2m涓€銆乪quip_item NPC 娲剧敓灞炴€ч噸绠?[2m > [22m[2m1.1 NPC 瑁呭鐗╁搧 鈫?璋冪敤 recalculateNpcAttributes锛堥潪 recalculateDerivedAttributes锛?[22m[39m
01:59:41 [[32minfo[39m]  Item equipped {"inventoryId":"npc-weapon-1","slot":"weapon","isArrayList":false,"replacedCount":0}

[90mstdout[2m | src/game-systems/inventory/__tests__/inventory-doc-compliance-extended.test.ts[2m > [22m[2mInventory 绯荤粺鏂规硶璇存槑鎵╁睍鍚堣娴嬭瘯[2m > [22m[2m涓€銆乪quip_item NPC 娲剧敓灞炴€ч噸绠?[2m > [22m[2m1.2 character 瑁呭鐗╁搧 鈫?璋冪敤 recalculateDerivedAttributes[22m[39m
01:59:41 [[32minfo[39m]  Item equipped {"inventoryId":"char-weapon-1","slot":"weapon","isArrayList":false,"replacedCount":0}

[90mstdout[2m | src/game-systems/inventory/__tests__/inventory-doc-compliance-extended.test.ts[2m > [22m[2mInventory 绯荤粺鏂规硶璇存槑鎵╁睍鍚堣娴嬭瘯[2m > [22m[2m涓€銆乪quip_item NPC 娲剧敓灞炴€ч噸绠?[2m > [22m[2m1.3 equip_item update 鎼哄甫 owner_type/owner_id 鍒?patch锛堜緵 EntityGraph 鏋勫缓锛?[22m[39m
01:59:41 [[32minfo[39m]  Item equipped {"inventoryId":"npc-weapon-1","slot":"weapon","isArrayList":false,"replacedCount":0}

[90mstdout[2m | src/game-systems/inventory/__tests__/inventory-doc-compliance-extended.test.ts[2m > [22m[2mInventory 绯荤粺鏂规硶璇存槑鎵╁睍鍚堣娴嬭瘯[2m > [22m[2m涓€銆乪quip_item NPC 娲剧敓灞炴€ч噸绠?[2m > [22m[2m1.4 equip_item 鏇挎崲宸茶澶囩墿鍝?鈫?鏃х墿鍝?update 涔熸惡甯?owner 褰掑睘[22m[39m
01:59:41 [[32minfo[39m]  Item equipped {"inventoryId":"new-weapon","slot":"weapon","isArrayList":false,"replacedCount":0}

[90mstdout[2m | src/game-systems/inventory/__tests__/inventory-doc-compliance-extended.test.ts[2m > [22m[2mInventory 绯荤粺鏂规硶璇存槑鎵╁睍鍚堣娴嬭瘯[2m > [22m[2m浜屻€乪quip_item ownerType/ownerId 绂佹 fallback锛?3.3锛?[2m > [22m[2m2.1 item.ownerType 缂哄け 鈫?涓嶅簲 fallback 鍒?"character"锛堝簲鏆撮湶鏁版嵁闂锛?[22m[39m
01:59:41 [[31merror[39m]  Failed to equip item {"saveId":"save-1","inventoryIdOrName":"broken-item-1","error":"Item missing owner_type: cannot determine ownership for equip"}

[90mstdout[2m | src/game-systems/inventory/__tests__/inventory-doc-compliance-extended.test.ts[2m > [22m[2mInventory 绯荤粺鏂规硶璇存槑鎵╁睍鍚堣娴嬭瘯[2m > [22m[2m浜屻€乪quip_item ownerType/ownerId 绂佹 fallback锛?3.3锛?[2m > [22m[2m2.2 NPC item ownerId 缂哄け 鈫?搴旀姏閿欙紙涓嶅簲 fallback 鍒扮┖瀛楃涓诧級[22m[39m
01:59:41 [[31merror[39m]  Failed to equip item {"saveId":"save-1","inventoryIdOrName":"broken-npc-item","error":"Item missing owner_id: cannot determine ownership for equip"}

[90mstdout[2m | src/game-systems/inventory/__tests__/inventory-doc-compliance-extended.test.ts[2m > [22m[2mInventory 绯荤粺鏂规硶璇存槑鎵╁睍鍚堣娴嬭瘯[2m > [22m[2m涓夈€乽nequip_item 浣跨敤 item.ownerType 鍒ゆ柇鍒嗘敮[2m > [22m[2m3.1 unequip NPC 鐗╁搧 鈫?update 鎼哄甫 owner 褰掑睘[22m[39m
01:59:41 [[32minfo[39m]  Item unequipped {"inventoryId":"npc-weapon-1","previousSlot":"weapon"}

[90mstdout[2m | src/game-systems/inventory/__tests__/inventory-doc-compliance-extended.test.ts[2m > [22m[2mInventory 绯荤粺鏂规硶璇存槑鎵╁睍鍚堣娴嬭瘯[2m > [22m[2m涓夈€乽nequip_item 浣跨敤 item.ownerType 鍒ゆ柇鍒嗘敮[2m > [22m[2m3.2 unequip character 鐗╁搧 鈫?update 鎼哄甫 owner 褰掑睘[22m[39m
01:59:41 [[32minfo[39m]  Item unequipped {"inventoryId":"char-weapon-1","previousSlot":"weapon"}

[90mstdout[2m | src/game-systems/inventory/__tests__/inventory-doc-compliance-extended.test.ts[2m > [22m[2mInventory 绯荤粺鏂规硶璇存槑鎵╁睍鍚堣娴嬭瘯[2m > [22m[2m鍥涖€乽se_item 鏁堟灉绫诲瀷瑕嗙洊[2m > [22m[2m4.1 use_item NPC damage 鏁堟灉 鈫?璋冪敤 npcService.modifyNpcResource(saveId, npcId, "hp", -value)[22m[39m
01:59:41 [[32minfo[39m]  Consumable used {"inventoryId":"item-1","itemName":"娌荤枟鑽按","remaining":2}

[90mstdout[2m | src/game-systems/inventory/__tests__/inventory-doc-compliance-extended.test.ts[2m > [22m[2mInventory 绯荤粺鏂规硶璇存槑鎵╁睍鍚堣娴嬭瘯[2m > [22m[2m鍥涖€乽se_item 鏁堟灉绫诲瀷瑕嗙洊[2m > [22m[2m4.2 use_item character damage 鏁堟灉 鈫?璋冪敤 characterService.modifyHealth(saveId, -value)[22m[39m
01:59:41 [[32minfo[39m]  Consumable used {"inventoryId":"item-1","itemName":"娌荤枟鑽按","remaining":2}

[90mstdout[2m | src/game-systems/inventory/__tests__/inventory-doc-compliance-extended.test.ts[2m > [22m[2mInventory 绯荤粺鏂规硶璇存槑鎵╁睍鍚堣娴嬭瘯[2m > [22m[2m鍥涖€乽se_item 鏁堟灉绫诲瀷瑕嗙洊[2m > [22m[2m4.3 use_item character mana_restore 鏁堟灉 鈫?璋冪敤 characterService.modifyMana[22m[39m
01:59:41 [[32minfo[39m]  Consumable used {"inventoryId":"item-1","itemName":"娌荤枟鑽按","remaining":2}

[90mstdout[2m | src/game-systems/inventory/__tests__/inventory-doc-compliance-extended.test.ts[2m > [22m[2mInventory 绯荤粺鏂规硶璇存槑鎵╁睍鍚堣娴嬭瘯[2m > [22m[2m浜斻€乼rade_items NPC 閲戝竵浠?NPC 鑷韩鎵ｉ櫎[2m > [22m[2m5.1 NPC 鍗栧嚭鐗╁搧 鈫?閲戝竵鍔犲埌 NPC 鑷韩锛坢odifyNpcResource currency锛?[22m[39m
01:59:41 [[32minfo[39m]  Item quantity reduced {"inventoryId":"item-1","newQuantity":2}
01:59:41 [[32minfo[39m]  Trade completed {"saveId":"save-1","soldCount":1,"boughtCount":0,"goldDelta":30,"newGoldBalance":80}

[90mstdout[2m | src/game-systems/inventory/__tests__/inventory-doc-compliance-extended.test.ts[2m > [22m[2mInventory 绯荤粺鏂规硶璇存槑鎵╁睍鍚堣娴嬭瘯[2m > [22m[2m浜斻€乼rade_items NPC 閲戝竵浠?NPC 鑷韩鎵ｉ櫎[2m > [22m[2m5.2 NPC 涔板叆鐗╁搧 鈫?閲戝竵浠?NPC 鑷韩鎵ｉ櫎锛坢odifyNpcResource currency 璐熷€硷級[22m[39m
01:59:41 [[32minfo[39m]  Item quantity reduced {"inventoryId":"item-1","newQuantity":2}
01:59:41 [[32minfo[39m]  Trade completed {"saveId":"save-1","soldCount":1,"boughtCount":0,"goldDelta":-50,"newGoldBalance":0}

[90mstdout[2m | src/game-systems/inventory/__tests__/inventory-doc-compliance-extended.test.ts[2m > [22m[2mInventory 绯荤粺鏂规硶璇存槑鎵╁睍鍚堣娴嬭瘯[2m > [22m[2m鍏€乼rade_items 閲戝竵鏌ヨ鎸?ownerType 鍒嗘敮[2m > [22m[2m6.1 character 浜ゆ槗 鈫?閲戝竵鏌ヨ鐢?characterService.getCharacterBasicInfo[22m[39m
01:59:41 [[32minfo[39m]  Item quantity reduced {"inventoryId":"item-1","newQuantity":2}
01:59:41 [[32minfo[39m]  Trade completed {"saveId":"save-1","soldCount":1,"boughtCount":0,"goldDelta":10,"newGoldBalance":110}

[90mstdout[2m | src/game-systems/inventory/__tests__/inventory-doc-compliance-extended.test.ts[2m > [22m[2mInventory 绯荤粺鏂规硶璇存槑鎵╁睍鍚堣娴嬭瘯[2m > [22m[2m鍏€乼rade_items 閲戝竵鏌ヨ鎸?ownerType 鍒嗘敮[2m > [22m[2m6.2 NPC 浜ゆ槗 鈫?閲戝竵鏌ヨ鐢?npcService.getNpcResources[22m[39m
01:59:41 [[32minfo[39m]  Item quantity reduced {"inventoryId":"item-1","newQuantity":2}
01:59:41 [[32minfo[39m]  Trade completed {"saveId":"save-1","soldCount":1,"boughtCount":0,"goldDelta":10,"newGoldBalance":60}

[90mstdout[2m | src/game-systems/inventory/__tests__/inventory-doc-compliance-extended.test.ts[2m > [22m[2mInventory 绯荤粺鏂规硶璇存槑鎵╁睍鍚堣娴嬭瘯[2m > [22m[2m涓冦€乺emove_item 褰掑睘鏍￠獙[2m > [22m[2m7.1 remove_item character 鐗╁搧鏃朵紶 character owner 鈫?閫氳繃鏍￠獙[22m[39m
01:59:41 [[32minfo[39m]  Item removed completely {"inventoryId":"item-1"}

[90mstdout[2m | tests/agent-system/websocket.test.ts[2m > [22m[2mWebSocket Communication System[2m > [22m[2mWebSocket Authentication[2m > [22m[2mshould reuse existing session on reconnect[22m[39m
01:59:41 [[32minfo[39m]  WebSocket client disconnected {"clientId":"client_4734af7d-39f3-4914-b60e-6d61ee52748b","code":1005,"total":0}

[90mstdout[2m | src/game-systems/inventory/__tests__/inventory-doc-compliance-extended.test.ts[2m > [22m[2mInventory 绯荤粺鏂规硶璇存槑鎵╁睍鍚堣娴嬭瘯[2m > [22m[2m涓冦€乺emove_item 褰掑睘鏍￠獙[2m > [22m[2m7.2 remove_item NPC 鐗╁搧鏃朵紶 NPC owner 鈫?閫氳繃鏍￠獙[22m[39m
01:59:41 [[32minfo[39m]  Item removed completely {"inventoryId":"item-1"}

[90mstdout[2m | src/game-systems/inventory/__tests__/inventory-doc-compliance-extended.test.ts[2m > [22m[2mInventory 绯荤粺鏂规硶璇存槑鎵╁睍鍚堣娴嬭瘯[2m > [22m[2m涓冦€乺emove_item 褰掑睘鏍￠獙[2m > [22m[2m7.3 remove_item 褰掑睘涓嶅尮閰?鈫?鎶涢敊锛堜笉鍒犻櫎锛?[22m[39m
01:59:41 [[31merror[39m]  Failed to remove item {"saveId":"save-1","inventoryId":"item-1","error":"Item item-1 does not belong to character:char-1"}

[90mstdout[2m | src/game-systems/inventory/__tests__/inventory-doc-compliance-extended.test.ts[2m > [22m[2mInventory 绯荤粺鏂规硶璇存槑鎵╁睍鍚堣娴嬭瘯[2m > [22m[2m鍏€侀€氶厤绗︽煡璇㈣繑鍥炵被鍨嬭鍒?[2m > [22m[2m8.4 get_equipment 濮嬬粓杩斿洖 { equipment: [] } 缁撴瀯[22m[39m
01:59:41 [[33mwarn[39m]  Detected duplicate equipped items in same slot, auto-healing {"saveId":"save-1","ownerType":"all","duplicateIds":["item-1"]}

[90mstdout[2m | src/routes/__tests__/dev-mode.test.ts[2m > [22m[2mDev Mode API 鈥?5 涓柊绔偣[2m > [22m[2mGET /prompt-composition[2m > [22m[2m閲嶅浼犲叆 intentHint 鏃跺簲杩斿洖 400锛岃€屼笉鏄户缁瑙?[22m[39m
01:59:41 [[32minfo[39m]  Dev routes initialized

[90mstdout[2m | src/game-systems/inventory/__tests__/inventory-doc-compliance-extended.test.ts[22m[39m
01:59:40 [[32minfo[39m]  Help registry loaded: 22 tools {"tools":["batch_query_service","challenge_service","... (22 items)"]}
01:59:40 [[32minfo[39m]  Creating GameMasterAgent (as AgentRuntime with isSubAgent=false)
01:59:40 [[32minfo[39m]  Handler subscribed {"eventType":"dialogue"}
01:59:40 [[32minfo[39m]  Handler subscribed {"eventType":"combat_end"}
01:59:40 [[32minfo[39m]  AwarenessAutoSubscriber subscribed to dialogue + combat_end events
01:59:40 [[32minfo[39m]  Agent initialized: gamemaster - GameMasterAgent
01:59:40 [[32minfo[39m] [AGENT-START] Agent gamemaster starting {"agent":"gamemaster","provider":null,"toolsConfigured":1,"maxIterations":200,"isSubAgent":false}
01:59:40 [[32minfo[39m]  Handler subscribed {"eventType":"chapter_advanced"}
01:59:40 [[32minfo[39m]  Creating AgentRuntime instances from default profile: fantasy_rpg
01:59:40 [[32minfo[39m]  Creating agents from profile: fantasy_rpg {"agentCount":10}
01:59:40 [[32minfo[39m]  Agent initialized: gamemaster - GameMasterAgent
01:59:40 [[32minfo[39m] [AGENT-START] Agent gamemaster starting {"agent":"gamemaster","provider":null,"toolsConfigured":1,"maxIterations":200,"isSubAgent":false}
01:59:40 [[32minfo[39m]  Created AgentRuntime: gamemaster {"profile":"fantasy_rpg","tools":["all"]}
01:59:40 [[32minfo[39m]  Agent initialized: map - MapAgent
01:59:40 [[32minfo[39m] [AGENT-START] Agent map starting {"agent":"map","provider":null,"toolsConfigured":7,"maxIterations":200,"isSubAgent":true}
01:59:40 [[32minfo[39m]  Created AgentRuntime: map {"profile":"fantasy_rpg","tools":["map_service","npc_service","... (7 items)"]}
01:59:40 [[32minfo[39m]  Agent initialized: challenge - ChallengeAgent
01:59:40 [[32minfo[39m] [AGENT-START] Agent challenge starting {"agent":"challenge","provider":null,"toolsConfigured":9,"maxIterations":200,"isSubAgent":true}
01:59:40 [[32minfo[39m]  Created AgentRuntime: challenge {"profile":"fantasy_rpg","tools":["challenge_service","numerical_service","... (9 items)"]}
01:59:40 [[32minfo[39m]  Agent initialized: output - OutputAgent
01:59:40 [[32minfo[39m] [AGENT-START] Agent output starting {"agent":"output","provider":null,"toolsConfigured":5,"maxIterations":200,"isSubAgent":true}
01:59:40 [[32minfo[39m]  Created AgentRuntime: output {"profile":"fantasy_rpg","tools":["dialogue_service","dynamic_ui","... (5 items)"]}
01:59:40 [[32minfo[39m]  Agent initialized: quest - QuestAgent
01:59:40 [[32minfo[39m] [AGENT-START] Agent quest starting {"agent":"quest","provider":null,"toolsConfigured":11,"maxIterations":200,"isSubAgent":true}
01:59:40 [[32minfo[39m]  Created AgentRuntime: quest {"profile":"fantasy_rpg","tools":["quest_service","numerical_service","... (11 items)"]}
01:59:40 [[32minfo[39m]  Agent initialized: npc_party - NPCPartyAgent
01:59:40 [[32minfo[39m] [AGENT-START] Agent npc_party starting {"agent":"npc_party","provider":null,"toolsConfigured":9,"maxIterations":200,"isSubAgent":true}
01:59:40 [[32minfo[39m]  Created AgentRuntime: npc_party {"profile":"fantasy_rpg","tools":["npc_service","entity_graph_service","... (9 items)"]}
01:59:40 [[32minfo[39m]  Agent initialized: inventory - InventoryAgent
01:59:40 [[32minfo[39m] [AGENT-START] Agent inventory starting {"agent":"inventory","provider":null,"toolsConfigured":8,"maxIterations":200,"isSubAgent":true}
01:59:40 [[32minfo[39m]  Created AgentRuntime: inventory {"profile":"fantasy_rpg","tools":["inventory_service","template_pool_service","... (8 items)"]}
01:59:40 [[32minfo[39m]  Agent initialized: skill - SkillAgent
01:59:40 [[32minfo[39m] [AGENT-START] Agent skill starting {"agent":"skill","provider":null,"toolsConfigured":7,"maxIterations":200,"isSubAgent":true}
01:59:40 [[32minfo[39m]  Created AgentRuntime: skill {"profile":"fantasy_rpg","tools":["skill_service","template_pool_service","... (7 items)"]}
01:59:40 [[32minfo[39m]  Agent initialized: event - EventAgent
01:59:40 [[32minfo[39m] [AGENT-START] Agent event starting {"agent":"event","provider":null,"toolsConfigured":5,"maxIterations":200,"isSubAgent":true}
01:59:40 [[32minfo[39m]  Created AgentRuntime: event {"profile":"fantasy_rpg","tools":["event_service","game_time_service","... (5 items)"]}
01:59:40 [[32minfo[39m]  Agent initialized: time - TimeAgent
01:59:40 [[32minfo[39m] [AGENT-START] Agent time starting {"agent":"time","provider":null,"toolsConfigured":4,"maxIterations":200,"isSubAgent":true}
01:59:40 [[32minfo[39m]  Created AgentRuntime: time {"profile":"fantasy_rpg","tools":["game_time_service","rule_service","... (4 items)"]}
01:59:40 [[32minfo[39m]  Permissions configured from agent.tools for profile: fantasy_rpg
01:59:40 [[32minfo[39m]  YAML permissions configured
01:59:40 [[32minfo[39m]  Registering AgentRuntime instances to GameMasterAgent...
01:59:40 [[32minfo[39m]  Registered AgentRuntime to Coordinator: gamemaster
01:59:40 [[32minfo[39m]  Registered AgentRuntime to Coordinator: map
01:59:40 [[32minfo[39m]  Registered AgentRuntime to Coordinator: challenge
01:59:40 [[32minfo[39m]  Registered AgentRuntime to Coordinator: output
01:59:40 [[32minfo[39m]  Registered AgentRuntime to Coordinator: quest
01:59:40 [[32minfo[39m]  Registered AgentRuntime to Coordinator: npc_party
01:59:40 [[32minfo[39m]  Registered AgentRuntime to Coordinator: inventory
01:59:40 [[32minfo[39m]  Registered AgentRuntime to Coordinator: skill
01:59:40 [[32minfo[39m]  Registered AgentRuntime to Coordinator: event
01:59:40 [[32minfo[39m]  Registered AgentRuntime to Coordinator: time
01:59:40 [[32minfo[39m]  GameDataExpander configured (manifest path enabled)
01:59:40 [[32minfo[39m]  DedupService configured (dispatch log persistence enabled)
01:59:40 [[32minfo[39m]  Agent system initialized: 10 AgentRuntime instances created
鉁?Agent system initialized with 10 agents
鈿狅笍 YAML Agent system skipped: __vi_import_5__.initializeYamlAgentSystem is not a function
01:59:40 [[32minfo[39m]  Agent routes initialized
01:59:40 [[32minfo[39m]  Save routes initialized
01:59:40 [[32minfo[39m]  Synced template from YAML to DB: cthulhu-investigation
01:59:40 [[32minfo[39m]  Synced template from YAML to DB: cyberpunk-mercenary
01:59:40 [[32minfo[39m]  Synced template from YAML to DB: medieval-fantasy
01:59:40 [[32minfo[39m]  Synced template from YAML to DB: modern-romance
01:59:40 [[32minfo[39m]  Synced template from YAML to DB: xianxia
01:59:40 [[32minfo[39m]  Synced 5 templates from YAML to database
01:59:41 [[32minfo[39m]  Cache refreshed with 5 templates
01:59:41 [[32minfo[39m]  TemplateService loaded {"cachedTemplates":5}
鉁?Template YAML loaded and synced to DB
01:59:41 [[32minfo[39m]  Template routes initialized
鉁?Test environment setup complete
鉁?Database connection closed

[90mstdout[2m | src/routes/__tests__/dev-mode.test.ts[22m[39m
鉁?Database connection closed

 [32m鉁?[39m src/game-systems/inventory/__tests__/inventory-doc-compliance-extended.test.ts [2m ([22m[2m23 tests[22m[2m)[22m[33m 3372[2mms[22m[39m
 [32m鉁?[39m src/routes/__tests__/dev-mode.test.ts [2m ([22m[2m48 tests[22m[2m)[22m[33m 2561[2mms[22m[39m
[90mstdout[2m | tests/agent-system/websocket.test.ts[2m > [22m[2mWebSocket Communication System[2m > [22m[2mWebSocket Authentication[2m > [22m[2mshould reuse existing session on reconnect[22m[39m
01:59:41 [[32minfo[39m]  WebSocket client connected. Total: 1
01:59:41 [[32minfo[39m]  WebSocket client authenticated {"clientId":"client_4734af7d-39f3-4914-b60e-6d61ee52748b"}

[90mstdout[2m | tests/agent-system/websocket.test.ts[2m > [22m[2mWebSocket Communication System[2m > [22m[2mWebSocket Authentication[2m > [22m[2mshould reuse existing session on reconnect[22m[39m
01:59:41 [[32minfo[39m]  WebSocket server shut down

[90mstdout[2m | tests/agent-system/websocket.test.ts[2m > [22m[2mWebSocket Communication System[2m > [22m[2mWebSocket Authentication[2m > [22m[2mshould require auth before other messages[22m[39m
01:59:41 [[32minfo[39m]  WebSocket server initialized on /ws
01:59:41 [[32minfo[39m]  WebSocket client disconnected {"clientId":null,"code":1005,"total":0}

[90mstdout[2m | tests/agent-system/websocket.test.ts[2m > [22m[2mWebSocket Communication System[2m > [22m[2mWebSocket Authentication[2m > [22m[2mshould require auth before other messages[22m[39m
01:59:41 [[32minfo[39m]  WebSocket client connected. Total: 1

[90mstdout[2m | tests/agent-system/websocket.test.ts[2m > [22m[2mWebSocket Communication System[2m > [22m[2mWebSocket Authentication[2m > [22m[2mshould require auth before other messages[22m[39m
01:59:41 [[32minfo[39m]  WebSocket server shut down

[90mstdout[2m | tests/agent-system/websocket.test.ts[2m > [22m[2mWebSocket Communication System[2m > [22m[2mWebSocket Subscribe[2m > [22m[2mshould handle subscribe message with saveId[22m[39m
01:59:41 [[32minfo[39m]  WebSocket server initialized on /ws
01:59:41 [[32minfo[39m]  WebSocket client disconnected {"clientId":null,"code":1005,"total":0}

[90mstdout[2m | tests/agent-system/websocket.test.ts[2m > [22m[2mWebSocket Communication System[2m > [22m[2mWebSocket Subscribe[2m > [22m[2mshould handle subscribe message with saveId[22m[39m
01:59:41 [[32minfo[39m]  WebSocket client connected. Total: 1
01:59:41 [[32minfo[39m]  WebSocket client authenticated {"clientId":"client_78e6c844-02d0-44a5-ae0e-e0f65125c91e"}

[90mstdout[2m | tests/agent-system/websocket.test.ts[2m > [22m[2mWebSocket Communication System[2m > [22m[2mWebSocket Subscribe[2m > [22m[2mshould handle subscribe message with saveId[22m[39m
01:59:41 [[32minfo[39m]  Client subscribed {"clientId":"client_78e6c844-02d0-44a5-ae0e-e0f65125c91e","saveId":"save-123"}

[90mstdout[2m | tests/agent-system/websocket.test.ts[2m > [22m[2mWebSocket Communication System[2m > [22m[2mWebSocket Subscribe[2m > [22m[2mshould handle subscribe message with saveId[22m[39m
01:59:41 [[32minfo[39m]  WebSocket server shut down

[90mstdout[2m | tests/agent-system/websocket.test.ts[2m > [22m[2mWebSocket Communication System[2m > [22m[2mWebSocket Subscribe[2m > [22m[2mshould handle unsubscribe message[22m[39m
01:59:41 [[32minfo[39m]  WebSocket server initialized on /ws
01:59:41 [[32minfo[39m]  WebSocket client disconnected {"clientId":null,"code":1005,"total":0}

[90mstdout[2m | tests/agent-system/websocket.test.ts[2m > [22m[2mWebSocket Communication System[2m > [22m[2mWebSocket Subscribe[2m > [22m[2mshould handle unsubscribe message[22m[39m
01:59:41 [[32minfo[39m]  WebSocket client connected. Total: 1

[90mstdout[2m | tests/agent-system/websocket.test.ts[2m > [22m[2mWebSocket Communication System[2m > [22m[2mWebSocket Subscribe[2m > [22m[2mshould handle unsubscribe message[22m[39m
01:59:41 [[32minfo[39m]  WebSocket client authenticated {"clientId":"client_4fa132b2-94d9-4e01-a7e7-e4b9e9d3c184"}

[90mstdout[2m | tests/agent-system/websocket.test.ts[2m > [22m[2mWebSocket Communication System[2m > [22m[2mWebSocket Subscribe[2m > [22m[2mshould handle unsubscribe message[22m[39m
01:59:41 [[32minfo[39m]  Client subscribed {"clientId":"client_4fa132b2-94d9-4e01-a7e7-e4b9e9d3c184","saveId":"save-123"}

[90mstdout[2m | tests/agent-system/websocket.test.ts[2m > [22m[2mWebSocket Communication System[2m > [22m[2mWebSocket Subscribe[2m > [22m[2mshould handle unsubscribe message[22m[39m
01:59:41 [[32minfo[39m]  Client unsubscribed {"clientId":"client_4fa132b2-94d9-4e01-a7e7-e4b9e9d3c184"}

[90mstdout[2m | tests/agent-system/websocket.test.ts[2m > [22m[2mWebSocket Communication System[2m > [22m[2mWebSocket Subscribe[2m > [22m[2mshould handle unsubscribe message[22m[39m
01:59:41 [[32minfo[39m]  WebSocket server shut down

[90mstdout[2m | tests/agent-system/websocket.test.ts[2m > [22m[2mWebSocket Communication System[2m > [22m[2mWebSocket Subscribe[2m > [22m[2mshould reject subscribe message without saveId[22m[39m
01:59:41 [[32minfo[39m]  WebSocket server initialized on /ws
01:59:42 [[32minfo[39m]  WebSocket client disconnected {"clientId":null,"code":1005,"total":0}

[90mstdout[2m | tests/agent-system/websocket.test.ts[2m > [22m[2mWebSocket Communication System[2m > [22m[2mWebSocket Subscribe[2m > [22m[2mshould reject subscribe message without saveId[22m[39m
01:59:42 [[32minfo[39m]  WebSocket client connected. Total: 1

[90mstdout[2m | tests/agent-system/websocket.test.ts[2m > [22m[2mWebSocket Communication System[2m > [22m[2mWebSocket Subscribe[2m > [22m[2mshould reject subscribe message without saveId[22m[39m
01:59:42 [[32minfo[39m]  WebSocket client authenticated {"clientId":"client_195a08c5-b51c-427d-96d2-0758d9fbad8a"}

[90mstdout[2m | tests/agent-system/websocket.test.ts[2m > [22m[2mWebSocket Communication System[2m > [22m[2mWebSocket Subscribe[2m > [22m[2mshould reject subscribe message without saveId[22m[39m
01:59:42 [[32minfo[39m]  WebSocket server shut down

[90mstdout[2m | tests/agent-system/websocket.test.ts[2m > [22m[2mWebSocket Communication System[2m > [22m[2mWebSocket Subscribe[2m > [22m[2mshould deliver events to client subscribed by saveId[22m[39m
01:59:42 [[32minfo[39m]  WebSocket server initialized on /ws
01:59:42 [[32minfo[39m]  WebSocket client disconnected {"clientId":null,"code":1005,"total":0}

[90mstdout[2m | tests/agent-system/websocket.test.ts[2m > [22m[2mWebSocket Communication System[2m > [22m[2mWebSocket Subscribe[2m > [22m[2mshould deliver events to client subscribed by saveId[22m[39m
01:59:42 [[32minfo[39m]  WebSocket client connected. Total: 1
01:59:42 [[32minfo[39m]  WebSocket client authenticated {"clientId":"client_b2257c32-e693-44a7-9d6e-4d0fa10d6238"}

[90mstdout[2m | tests/agent-system/websocket.test.ts[2m > [22m[2mWebSocket Communication System[2m > [22m[2mWebSocket Subscribe[2m > [22m[2mshould deliver events to client subscribed by saveId[22m[39m
01:59:42 [[32minfo[39m]  Client subscribed {"clientId":"client_b2257c32-e693-44a7-9d6e-4d0fa10d6238","saveId":"save-123"}

[90mstdout[2m | tests/agent-system/websocket.test.ts[2m > [22m[2mWebSocket Communication System[2m > [22m[2mWebSocket Subscribe[2m > [22m[2mshould deliver events to client subscribed by saveId[22m[39m
01:59:42 [[32minfo[39m]  WebSocket server shut down

[90mstdout[2m | tests/agent-system/websocket.test.ts[2m > [22m[2mWebSocket Communication System[2m > [22m[2mWebSocket Subscribe[2m > [22m[2mshould filter events by saveId for subscribed clients[22m[39m
01:59:42 [[32minfo[39m]  WebSocket server initialized on /ws
01:59:42 [[32minfo[39m]  WebSocket client disconnected {"clientId":null,"code":1005,"total":0}

[90mstdout[2m | tests/agent-system/websocket.test.ts[2m > [22m[2mWebSocket Communication System[2m > [22m[2mWebSocket Subscribe[2m > [22m[2mshould filter events by saveId for subscribed clients[22m[39m
01:59:42 [[32minfo[39m]  WebSocket client connected. Total: 1

[90mstdout[2m | tests/agent-system/websocket.test.ts[2m > [22m[2mWebSocket Communication System[2m > [22m[2mWebSocket Subscribe[2m > [22m[2mshould filter events by saveId for subscribed clients[22m[39m
01:59:42 [[32minfo[39m]  WebSocket client authenticated {"clientId":"client_60dfe4c2-041c-43d3-9973-46bc40d34588"}

[90mstdout[2m | tests/agent-system/websocket.test.ts[2m > [22m[2mWebSocket Communication System[2m > [22m[2mWebSocket Subscribe[2m > [22m[2mshould filter events by saveId for subscribed clients[22m[39m
01:59:42 [[32minfo[39m]  WebSocket client connected. Total: 2

[90mstdout[2m | tests/agent-system/websocket.test.ts[2m > [22m[2mWebSocket Communication System[2m > [22m[2mWebSocket Subscribe[2m > [22m[2mshould filter events by saveId for subscribed clients[22m[39m
01:59:42 [[32minfo[39m]  WebSocket client authenticated {"clientId":"client_1706ac61-bb1a-4ab8-a7ca-a1767a719421"}
01:59:42 [[32minfo[39m]  Client subscribed {"clientId":"client_60dfe4c2-041c-43d3-9973-46bc40d34588","saveId":"save-A"}
01:59:42 [[32minfo[39m]  Client subscribed {"clientId":"client_1706ac61-bb1a-4ab8-a7ca-a1767a719421","saveId":"save-B"}

[90mstdout[2m | src/game-systems/skill/__tests__/skill-doc-compliance-extended.test.ts[2m > [22m[2mSkill 绯荤粺鏂规硶璇存槑鎵╁睍鍚堣娴嬭瘯[2m > [22m[2m涓€銆乴earn_skill 鏁版嵁闅旂锛氭瘡涓?owner 鐙珛璁板綍[2m > [22m[2m1.1 character 瀛︽妧鑳?鈫?insert 鏃?ownerType=character, ownerId=characterId[22m[39m
01:59:41 [[32minfo[39m]  Resolved pool skill (fallback) {"input":"fireball","resolved":"pool-fireball"}
01:59:41 [[32minfo[39m]  Skill learned from pool {"saveId":"save-1","poolSkillId":"pool-fireball","skillName":"鐏悆鏈?}

[90mstdout[2m | src/game-systems/skill/__tests__/skill-doc-compliance-extended.test.ts[2m > [22m[2mSkill 绯荤粺鏂规硶璇存槑鎵╁睍鍚堣娴嬭瘯[2m > [22m[2m涓€銆乴earn_skill 鏁版嵁闅旂锛氭瘡涓?owner 鐙珛璁板綍[2m > [22m[2m1.2 NPC 瀛︽妧鑳?鈫?insert 鏃?ownerType=npc, ownerId=resolvedNpcId[22m[39m
01:59:41 [[32minfo[39m]  Resolved pool skill (fallback) {"input":"fireball","resolved":"pool-fireball"}
01:59:41 [[32minfo[39m]  Skill learned from pool {"saveId":"save-1","poolSkillId":"pool-fireball","skillName":"鐏悆鏈?}

[90mstdout[2m | src/game-systems/skill/__tests__/skill-doc-compliance-extended.test.ts[2m > [22m[2mSkill 绯荤粺鏂规硶璇存槑鎵╁睍鍚堣娴嬭瘯[2m > [22m[2m涓€銆乴earn_skill 鏁版嵁闅旂锛氭瘡涓?owner 鐙珛璁板綍[2m > [22m[2m1.3 宸插涔犳鏌ユ寜 owner 绮剧‘鏌ヨ锛堜笉浼氳鍒ゅ叾浠?owner 鐨勫悓鍚嶆妧鑳戒负宸插锛?[22m[39m
01:59:41 [[32minfo[39m]  Resolved pool skill (fallback) {"input":"fireball","resolved":"pool-fireball"}
01:59:41 [[32minfo[39m]  Skill learned from pool {"saveId":"save-1","poolSkillId":"pool-fireball","skillName":"鐏悆鏈?}

[90mstdout[2m | src/game-systems/skill/__tests__/skill-doc-compliance-extended.test.ts[2m > [22m[2mSkill 绯荤粺鏂规硶璇存槑鎵╁睍鍚堣娴嬭瘯[2m > [22m[2m浜屻€乽se_skill NPC 鏂芥硶璧勬簮鎵ｅ噺鎸?ownerType 鍒嗘敮[2m > [22m[2m2.1 NPC 鏂芥硶娑堣€?MP 鈫?璋冪敤 npcService.modifyNpcResource(saveId, npcId, "mp", -amount)[22m[39m
01:59:41 [[32minfo[39m]  Skill used {"saveId":"save-1","skillId":"slash","skillName":"鏂╁嚮","costSpent":[{"type":"mp","amount":10}],"expGained":11,"cooldownSet":0,"cooldownSystem":"none","damage":30,"effectsAppliedCount":1}

[90mstdout[2m | src/game-systems/skill/__tests__/skill-doc-compliance-extended.test.ts[2m > [22m[2mSkill 绯荤粺鏂规硶璇存槑鎵╁睍鍚堣娴嬭瘯[2m > [22m[2m浜屻€乽se_skill NPC 鏂芥硶璧勬簮鎵ｅ噺鎸?ownerType 鍒嗘敮[2m > [22m[2m2.2 character 鏂芥硶娑堣€?MP 鈫?璋冪敤 characterService.modifyMana[22m[39m
01:59:41 [[32minfo[39m]  Skill used {"saveId":"save-1","skillId":"slash","skillName":"鏂╁嚮","costSpent":[{"type":"mp","amount":10}],"expGained":11,"cooldownSet":0,"cooldownSystem":"none","damage":30,"effectsAppliedCount":1}

[90mstdout[2m | src/game-systems/skill/__tests__/skill-doc-compliance-extended.test.ts[2m > [22m[2mSkill 绯荤粺鏂规硶璇存槑鎵╁睍鍚堣娴嬭瘯[2m > [22m[2m浜屻€乽se_skill NPC 鏂芥硶璧勬簮鎵ｅ噺鎸?ownerType 鍒嗘敮[2m > [22m[2m2.3 NPC 鏂芥硶娑堣€?HP 鈫?璋冪敤 npcService.modifyNpcResource(saveId, npcId, "hp", -amount)[22m[39m
01:59:41 [[32minfo[39m]  Skill used {"saveId":"save-1","skillId":"slash","skillName":"鏂╁嚮","costSpent":[{"type":"hp","amount":5}],"expGained":11,"cooldownSet":0,"cooldownSystem":"none","damage":30,"effectsAppliedCount":1}

[90mstdout[2m | src/game-systems/skill/__tests__/skill-doc-compliance-extended.test.ts[2m > [22m[2mSkill 绯荤粺鏂规硶璇存槑鎵╁睍鍚堣娴嬭瘯[2m > [22m[2m浜屻€乽se_skill NPC 鏂芥硶璧勬簮鎵ｅ噺鎸?ownerType 鍒嗘敮[2m > [22m[2m2.4 NPC 鏂芥硶娑堣€?currency 鈫?璋冪敤 npcService.modifyNpcResource(saveId, npcId, "currency", -amount)[22m[39m
01:59:41 [[32minfo[39m]  Skill used {"saveId":"save-1","skillId":"slash","skillName":"鏂╁嚮","costSpent":[{"type":"currency","amount":20}],"expGained":11,"cooldownSet":0,"cooldownSystem":"none","damage":30,"effectsAppliedCount":1}

[90mstdout[2m | src/game-systems/skill/__tests__/skill-doc-compliance-extended.test.ts[2m > [22m[2mSkill 绯荤粺鏂规硶璇存槑鎵╁睍鍚堣娴嬭瘯[2m > [22m[2m涓夈€乽se_skill 鐩爣瑙ｆ瀽鎸?targetType 鍒嗘敮[2m > [22m[2m3.1 NPC 鏂芥硶鏀诲嚮 character 鐩爣 鈫?璋冪敤 characterService.modifyHealth[22m[39m
01:59:41 [[32minfo[39m]  Skill used {"saveId":"save-1","skillId":"slash","skillName":"鏂╁嚮","costSpent":[],"expGained":11,"cooldownSet":0,"cooldownSystem":"none","damage":30,"effectsAppliedCount":1}

[90mstdout[2m | src/game-systems/skill/__tests__/skill-doc-compliance-extended.test.ts[2m > [22m[2mSkill 绯荤粺鏂规硶璇存槑鎵╁睍鍚堣娴嬭瘯[2m > [22m[2m涓夈€乽se_skill 鐩爣瑙ｆ瀽鎸?targetType 鍒嗘敮[2m > [22m[2m3.2 character 鏂芥硶鏀诲嚮 NPC 鐩爣 鈫?璋冪敤 npcService.modifyNpcHealth[22m[39m
01:59:41 [[32minfo[39m]  Skill used {"saveId":"save-1","skillId":"slash","skillName":"鏂╁嚮","costSpent":[],"expGained":11,"cooldownSet":0,"cooldownSystem":"none","damage":30,"effectsAppliedCount":1}

[90mstdout[2m | src/game-systems/skill/__tests__/skill-doc-compliance-extended.test.ts[2m > [22m[2mSkill 绯荤粺鏂规硶璇存槑鎵╁睍鍚堣娴嬭瘯[2m > [22m[2m鍥涖€乽se_skill NPC 鏂芥硶甯﹀喎鍗达紙瀹℃煡 CRITICAL bug 楠岃瘉锛?[2m > [22m[2m4.1 NPC 鏂芥硶甯﹀喎鍗寸殑鎶€鑳?鈫?搴旀垚鍔熻缃喎鍗达紙涓嶆姏 "Skill not found"锛?[22m[39m
01:59:41 [[32minfo[39m]  Skill used {"saveId":"save-1","skillId":"slash","skillName":"鏂╁嚮","costSpent":[],"expGained":11,"cooldownSet":2,"cooldownSystem":"turn","damage":30,"effectsAppliedCount":1}

[90mstdout[2m | src/game-systems/skill/__tests__/skill-doc-compliance-extended.test.ts[2m > [22m[2mSkill 绯荤粺鏂规硶璇存槑鎵╁睍鍚堣娴嬭瘯[2m > [22m[2m鍥涖€乽se_skill NPC 鏂芥硶甯﹀喎鍗达紙瀹℃煡 CRITICAL bug 楠岃瘉锛?[2m > [22m[2m4.2 NPC 鏂芥硶甯﹀喎鍗?鈫?setCooldown 搴旇缃?cooldownRemaining锛堥獙璇?update 琚皟鐢級[22m[39m
01:59:41 [[32minfo[39m]  Skill used {"saveId":"save-1","skillId":"slash","skillName":"鏂╁嚮","costSpent":[],"expGained":11,"cooldownSet":3,"cooldownSystem":"turn","damage":30,"effectsAppliedCount":1}

[90mstdout[2m | src/game-systems/skill/__tests__/skill-doc-compliance-extended.test.ts[2m > [22m[2mSkill 绯荤粺鏂规硶璇存槑鎵╁睍鍚堣娴嬭瘯[2m > [22m[2m鍏€乺esolveTarget 绂佹 fallback 鍒?character锛?3.3 绗?鏉★級[2m > [22m[2m6.1 浼犲叆鏃犳晥 targetId锛坮esolveNpcId 澶辫触锛夆啋 涓嶅簲闈欓粯閫€鍖栦负 character[22m[39m
01:59:42 [[32minfo[39m]  Skill used {"saveId":"save-1","skillId":"slash","skillName":"鏂╁嚮","costSpent":[],"expGained":11,"cooldownSet":0,"cooldownSystem":"none","damage":30,"effectsAppliedCount":1}
01:59:42 [[31merror[39m]  Failed to use skill {"saveId":"save-1","skillId":"slash","error":"Invalid targetId: invalid_target_xyz. Cannot resolve to character or npc"}

[90mstdout[2m | src/game-systems/skill/__tests__/skill-doc-compliance-extended.test.ts[2m > [22m[2mSkill 绯荤粺鏂规硶璇存槑鎵╁睍鍚堣娴嬭瘯[2m > [22m[2m鍏€乽pgrade_skill 鍗囩骇鍏紡涓庢暟鎹殧绂?[2m > [22m[2m8.1 鍗囩骇娑堣€楃粡楠?= calcExpForLevel(level + 1)[22m[39m
01:59:42 [[32minfo[39m]  Skill upgraded {"saveId":"save-1","skillId":"slash","previousLevel":2,"newLevel":3,"bonuses":{"powerBonus":4,"costReduction":1}}

[90mstdout[2m | src/game-systems/skill/__tests__/skill-doc-compliance-extended.test.ts[2m > [22m[2mSkill 绯荤粺鏂规硶璇存槑鎵╁睍鍚堣娴嬭瘯[2m > [22m[2m鍏€乽pgrade_skill 鍗囩骇鍏紡涓庢暟鎹殧绂?[2m > [22m[2m8.2 鍗囩骇鎸?skill.id 绮剧‘鏇存柊锛屼笉褰卞搷鍏朵粬 owner 鍚屽悕鎶€鑳?[22m[39m
01:59:42 [[32minfo[39m]  Skill upgraded {"saveId":"save-1","skillId":"slash","previousLevel":1,"newLevel":2,"bonuses":{"powerBonus":3,"costReduction":1}}

[90mstdout[2m | src/game-systems/skill/__tests__/skill-doc-compliance-extended.test.ts[22m[39m
01:59:40 [[32minfo[39m]  Help registry loaded: 22 tools {"tools":["batch_query_service","challenge_service","... (22 items)"]}
01:59:40 [[32minfo[39m]  Creating GameMasterAgent (as AgentRuntime with isSubAgent=false)
01:59:40 [[32minfo[39m]  Handler subscribed {"eventType":"dialogue"}
01:59:40 [[32minfo[39m]  Handler subscribed {"eventType":"combat_end"}
01:59:40 [[32minfo[39m]  AwarenessAutoSubscriber subscribed to dialogue + combat_end events
01:59:40 [[32minfo[39m]  Agent initialized: gamemaster - GameMasterAgent
01:59:40 [[32minfo[39m] [AGENT-START] Agent gamemaster starting {"agent":"gamemaster","provider":null,"toolsConfigured":1,"maxIterations":200,"isSubAgent":false}
01:59:40 [[32minfo[39m]  Handler subscribed {"eventType":"chapter_advanced"}
01:59:40 [[32minfo[39m]  Creating AgentRuntime instances from default profile: fantasy_rpg
01:59:40 [[32minfo[39m]  Creating agents from profile: fantasy_rpg {"agentCount":10}
01:59:40 [[32minfo[39m]  Agent initialized: gamemaster - GameMasterAgent
01:59:40 [[32minfo[39m] [AGENT-START] Agent gamemaster starting {"agent":"gamemaster","provider":null,"toolsConfigured":1,"maxIterations":200,"isSubAgent":false}
01:59:40 [[32minfo[39m]  Created AgentRuntime: gamemaster {"profile":"fantasy_rpg","tools":["all"]}
01:59:40 [[32minfo[39m]  Agent initialized: map - MapAgent
01:59:40 [[32minfo[39m] [AGENT-START] Agent map starting {"agent":"map","provider":null,"toolsConfigured":7,"maxIterations":200,"isSubAgent":true}
01:59:40 [[32minfo[39m]  Created AgentRuntime: map {"profile":"fantasy_rpg","tools":["map_service","npc_service","... (7 items)"]}
01:59:40 [[32minfo[39m]  Agent initialized: challenge - ChallengeAgent
01:59:40 [[32minfo[39m] [AGENT-START] Agent challenge starting {"agent":"challenge","provider":null,"toolsConfigured":9,"maxIterations":200,"isSubAgent":true}
01:59:40 [[32minfo[39m]  Created AgentRuntime: challenge {"profile":"fantasy_rpg","tools":["challenge_service","numerical_service","... (9 items)"]}
01:59:40 [[32minfo[39m]  Agent initialized: output - OutputAgent
01:59:40 [[32minfo[39m] [AGENT-START] Agent output starting {"agent":"output","provider":null,"toolsConfigured":5,"maxIterations":200,"isSubAgent":true}
01:59:40 [[32minfo[39m]  Created AgentRuntime: output {"profile":"fantasy_rpg","tools":["dialogue_service","dynamic_ui","... (5 items)"]}
01:59:40 [[32minfo[39m]  Agent initialized: quest - QuestAgent
01:59:40 [[32minfo[39m] [AGENT-START] Agent quest starting {"agent":"quest","provider":null,"toolsConfigured":11,"maxIterations":200,"isSubAgent":true}
01:59:40 [[32minfo[39m]  Created AgentRuntime: quest {"profile":"fantasy_rpg","tools":["quest_service","numerical_service","... (11 items)"]}
01:59:40 [[32minfo[39m]  Agent initialized: npc_party - NPCPartyAgent
01:59:40 [[32minfo[39m] [AGENT-START] Agent npc_party starting {"agent":"npc_party","provider":null,"toolsConfigured":9,"maxIterations":200,"isSubAgent":true}
01:59:40 [[32minfo[39m]  Created AgentRuntime: npc_party {"profile":"fantasy_rpg","tools":["npc_service","entity_graph_service","... (9 items)"]}
01:59:40 [[32minfo[39m]  Agent initialized: inventory - InventoryAgent
01:59:40 [[32minfo[39m] [AGENT-START] Agent inventory starting {"agent":"inventory","provider":null,"toolsConfigured":8,"maxIterations":200,"isSubAgent":true}
01:59:40 [[32minfo[39m]  Created AgentRuntime: inventory {"profile":"fantasy_rpg","tools":["inventory_service","template_pool_service","... (8 items)"]}
01:59:40 [[32minfo[39m]  Agent initialized: skill - SkillAgent
01:59:40 [[32minfo[39m] [AGENT-START] Agent skill starting {"agent":"skill","provider":null,"toolsConfigured":7,"maxIterations":200,"isSubAgent":true}
01:59:40 [[32minfo[39m]  Created AgentRuntime: skill {"profile":"fantasy_rpg","tools":["skill_service","template_pool_service","... (7 items)"]}
01:59:40 [[32minfo[39m]  Agent initialized: event - EventAgent
01:59:40 [[32minfo[39m] [AGENT-START] Agent event starting {"agent":"event","provider":null,"toolsConfigured":5,"maxIterations":200,"isSubAgent":true}
01:59:40 [[32minfo[39m]  Created AgentRuntime: event {"profile":"fantasy_rpg","tools":["event_service","game_time_service","... (5 items)"]}
01:59:40 [[32minfo[39m]  Agent initialized: time - TimeAgent
01:59:40 [[32minfo[39m] [AGENT-START] Agent time starting {"agent":"time","provider":null,"toolsConfigured":4,"maxIterations":200,"isSubAgent":true}
01:59:40 [[32minfo[39m]  Created AgentRuntime: time {"profile":"fantasy_rpg","tools":["game_time_service","rule_service","... (4 items)"]}
01:59:40 [[32minfo[39m]  Permissions configured from agent.tools for profile: fantasy_rpg
01:59:40 [[32minfo[39m]  YAML permissions configured
01:59:40 [[32minfo[39m]  Registering AgentRuntime instances to GameMasterAgent...
01:59:40 [[32minfo[39m]  Registered AgentRuntime to Coordinator: gamemaster
01:59:40 [[32minfo[39m]  Registered AgentRuntime to Coordinator: map
01:59:40 [[32minfo[39m]  Registered AgentRuntime to Coordinator: challenge
01:59:40 [[32minfo[39m]  Registered AgentRuntime to Coordinator: output
01:59:40 [[32minfo[39m]  Registered AgentRuntime to Coordinator: quest
01:59:40 [[32minfo[39m]  Registered AgentRuntime to Coordinator: npc_party
01:59:40 [[32minfo[39m]  Registered AgentRuntime to Coordinator: inventory
01:59:40 [[32minfo[39m]  Registered AgentRuntime to Coordinator: skill
01:59:40 [[32minfo[39m]  Registered AgentRuntime to Coordinator: event
01:59:40 [[32minfo[39m]  Registered AgentRuntime to Coordinator: time
01:59:40 [[32minfo[39m]  GameDataExpander configured (manifest path enabled)
01:59:40 [[32minfo[39m]  DedupService configured (dispatch log persistence enabled)
01:59:40 [[32minfo[39m]  Agent system initialized: 10 AgentRuntime instances created
鉁?Agent system initialized with 10 agents
鈿狅笍 YAML Agent system skipped: __vi_import_5__.initializeYamlAgentSystem is not a function
01:59:40 [[32minfo[39m]  Agent routes initialized
01:59:40 [[32minfo[39m]  Save routes initialized
01:59:40 [[32minfo[39m]  Synced template from YAML to DB: cthulhu-investigation
01:59:40 [[32minfo[39m]  Synced template from YAML to DB: cyberpunk-mercenary
01:59:40 [[32minfo[39m]  Synced template from YAML to DB: medieval-fantasy
01:59:40 [[32minfo[39m]  Synced template from YAML to DB: modern-romance
01:59:40 [[32minfo[39m]  Synced template from YAML to DB: xianxia
01:59:40 [[32minfo[39m]  Synced 5 templates from YAML to database
01:59:41 [[32minfo[39m]  Cache refreshed with 5 templates
01:59:41 [[32minfo[39m]  TemplateService loaded {"cachedTemplates":5}
鉁?Template YAML loaded and synced to DB
01:59:41 [[32minfo[39m]  Template routes initialized
鉁?Test environment setup complete
鉁?Database connection closed

 [32m鉁?[39m src/game-systems/skill/__tests__/skill-doc-compliance-extended.test.ts [2m ([22m[2m19 tests[22m[2m)[22m[33m 3818[2mms[22m[39m
[90mstdout[2m | tests/agent-system/websocket.test.ts[2m > [22m[2mWebSocket Communication System[2m > [22m[2mWebSocket Subscribe[2m > [22m[2mshould filter events by saveId for subscribed clients[22m[39m
01:59:42 [[32minfo[39m]  WebSocket client disconnected {"clientId":"client_60dfe4c2-041c-43d3-9973-46bc40d34588","code":1005,"total":1}
01:59:42 [[32minfo[39m]  WebSocket server shut down

[90mstdout[2m | tests/agent-system/websocket.test.ts[2m > [22m[2mWebSocket Communication System[2m > [22m[2mWebSocket Subscribe[2m > [22m[2mshould allow resubscription to different saveId[22m[39m
01:59:42 [[32minfo[39m]  WebSocket server initialized on /ws
01:59:42 [[32minfo[39m]  WebSocket client disconnected {"clientId":null,"code":1005,"total":0}

[90mstdout[2m | tests/agent-system/websocket.test.ts[2m > [22m[2mWebSocket Communication System[2m > [22m[2mWebSocket Subscribe[2m > [22m[2mshould allow resubscription to different saveId[22m[39m
01:59:42 [[32minfo[39m]  WebSocket client connected. Total: 1

[90mstdout[2m | tests/agent-system/websocket.test.ts[2m > [22m[2mWebSocket Communication System[2m > [22m[2mWebSocket Subscribe[2m > [22m[2mshould allow resubscription to different saveId[22m[39m
01:59:42 [[32minfo[39m]  WebSocket client authenticated {"clientId":"client_788036c8-84c3-440b-9733-c4f0c386e98e"}

[90mstdout[2m | tests/agent-system/websocket.test.ts[2m > [22m[2mWebSocket Communication System[2m > [22m[2mWebSocket Subscribe[2m > [22m[2mshould allow resubscription to different saveId[22m[39m
01:59:42 [[32minfo[39m]  Client subscribed {"clientId":"client_788036c8-84c3-440b-9733-c4f0c386e98e","saveId":"save-A"}

[90mstdout[2m | tests/agent-system/websocket.test.ts[2m > [22m[2mWebSocket Communication System[2m > [22m[2mWebSocket Subscribe[2m > [22m[2mshould allow resubscription to different saveId[22m[39m
01:59:42 [[32minfo[39m]  Client subscribed {"clientId":"client_788036c8-84c3-440b-9733-c4f0c386e98e","saveId":"save-B"}

[90mstdout[2m | tests/agent-system/websocket.test.ts[2m > [22m[2mWebSocket Communication System[2m > [22m[2mWebSocket Subscribe[2m > [22m[2mshould allow resubscription to different saveId[22m[39m
01:59:42 [[32minfo[39m]  WebSocket server shut down

[90mstdout[2m | tests/agent-system/websocket.test.ts[2m > [22m[2mWebSocket Communication System[2m > [22m[2mWebSocket Broadcast[2m > [22m[2mshould broadcast to specific client by clientId[22m[39m
01:59:42 [[32minfo[39m]  WebSocket server initialized on /ws
01:59:42 [[32minfo[39m]  WebSocket client disconnected {"clientId":null,"code":1005,"total":0}

[90mstdout[2m | tests/agent-system/websocket.test.ts[2m > [22m[2mWebSocket Communication System[2m > [22m[2mWebSocket Broadcast[2m > [22m[2mshould broadcast to specific client by clientId[22m[39m
01:59:42 [[32minfo[39m]  WebSocket client connected. Total: 1

[90mstdout[2m | tests/agent-system/websocket.test.ts[2m > [22m[2mWebSocket Communication System[2m > [22m[2mWebSocket Broadcast[2m > [22m[2mshould broadcast to specific client by clientId[22m[39m
01:59:42 [[32minfo[39m]  WebSocket client authenticated {"clientId":"client_15be021a-d7b5-4e12-af97-1f9102a1c25f"}

[90mstdout[2m | tests/agent-system/websocket.test.ts[2m > [22m[2mWebSocket Communication System[2m > [22m[2mWebSocket Broadcast[2m > [22m[2mshould broadcast to specific client by clientId[22m[39m
01:59:42 [[32minfo[39m]  WebSocket server shut down

[90mstdout[2m | tests/agent-system/websocket.test.ts[2m > [22m[2mWebSocket Communication System[2m > [22m[2mWebSocket Broadcast[2m > [22m[2mshould broadcast to client by saveId[22m[39m
01:59:42 [[32minfo[39m]  WebSocket server initialized on /ws
01:59:42 [[32minfo[39m]  WebSocket client disconnected {"clientId":null,"code":1005,"total":0}

[90mstdout[2m | tests/agent-system/websocket.test.ts[2m > [22m[2mWebSocket Communication System[2m > [22m[2mWebSocket Broadcast[2m > [22m[2mshould broadcast to client by saveId[22m[39m
01:59:42 [[32minfo[39m]  WebSocket client connected. Total: 1

[90mstdout[2m | tests/agent-system/websocket.test.ts[2m > [22m[2mWebSocket Communication System[2m > [22m[2mWebSocket Broadcast[2m > [22m[2mshould broadcast to client by saveId[22m[39m
01:59:42 [[32minfo[39m]  WebSocket client authenticated {"clientId":"client_712eef16-72e3-44ee-bd8e-16d187e0e102"}

[90mstdout[2m | tests/agent-system/websocket.test.ts[2m > [22m[2mWebSocket Communication System[2m > [22m[2mWebSocket Broadcast[2m > [22m[2mshould broadcast to client by saveId[22m[39m
01:59:42 [[32minfo[39m]  Client subscribed {"clientId":"client_712eef16-72e3-44ee-bd8e-16d187e0e102","saveId":"save-target"}

[90mstdout[2m | tests/agent-system/websocket.test.ts[2m > [22m[2mWebSocket Communication System[2m > [22m[2mWebSocket Broadcast[2m > [22m[2mshould broadcast to client by saveId[22m[39m
01:59:42 [[32minfo[39m]  WebSocket server shut down

[90mstdout[2m | tests/agent-system/websocket.test.ts[2m > [22m[2mWebSocket Communication System[2m > [22m[2mWebSocket Broadcast[2m > [22m[2mshould broadcast to all authenticated clients[22m[39m
01:59:42 [[32minfo[39m]  WebSocket server initialized on /ws
01:59:42 [[32minfo[39m]  WebSocket client disconnected {"clientId":null,"code":1005,"total":0}

[90mstdout[2m | tests/agent-system/websocket.test.ts[2m > [22m[2mWebSocket Communication System[2m > [22m[2mWebSocket Broadcast[2m > [22m[2mshould broadcast to all authenticated clients[22m[39m
01:59:42 [[32minfo[39m]  WebSocket client connected. Total: 1

[90mstdout[2m | tests/agent-system/websocket.test.ts[2m > [22m[2mWebSocket Communication System[2m > [22m[2mWebSocket Broadcast[2m > [22m[2mshould broadcast to all authenticated clients[22m[39m
01:59:42 [[32minfo[39m]  WebSocket client authenticated {"clientId":"client_4fd67f66-e870-47fc-95a5-fed7236be3c6"}

[90mstdout[2m | tests/agent-system/websocket.test.ts[2m > [22m[2mWebSocket Communication System[2m > [22m[2mWebSocket Broadcast[2m > [22m[2mshould broadcast to all authenticated clients[22m[39m
01:59:42 [[32minfo[39m]  WebSocket client connected. Total: 2

[90mstdout[2m | tests/agent-system/websocket.test.ts[2m > [22m[2mWebSocket Communication System[2m > [22m[2mWebSocket Broadcast[2m > [22m[2mshould broadcast to all authenticated clients[22m[39m
01:59:42 [[32minfo[39m]  WebSocket client authenticated {"clientId":"client_e121927f-4748-4357-a1a7-7991e41f5ad2"}

[90mstdout[2m | tests/agent-system/websocket.test.ts[2m > [22m[2mWebSocket Communication System[2m > [22m[2mWebSocket Broadcast[2m > [22m[2mshould broadcast to all authenticated clients[22m[39m
01:59:42 [[32minfo[39m]  WebSocket client disconnected {"clientId":"client_4fd67f66-e870-47fc-95a5-fed7236be3c6","code":1005,"total":1}
01:59:42 [[32minfo[39m]  WebSocket server shut down

[90mstdout[2m | tests/agent-system/websocket.test.ts[2m > [22m[2mWebSocket Communication System[2m > [22m[2mWebSocket Broadcast[2m > [22m[2mshould handle closed connections gracefully during broadcast[22m[39m
01:59:42 [[32minfo[39m]  WebSocket server initialized on /ws
01:59:42 [[32minfo[39m]  WebSocket client disconnected {"clientId":null,"code":1005,"total":0}

[90mstdout[2m | tests/agent-system/websocket.test.ts[2m > [22m[2mWebSocket Communication System[2m > [22m[2mWebSocket Broadcast[2m > [22m[2mshould handle closed connections gracefully during broadcast[22m[39m
01:59:42 [[32minfo[39m]  WebSocket client connected. Total: 1
01:59:42 [[32minfo[39m]  WebSocket client authenticated {"clientId":"client_82c4e30a-445d-49be-b897-35aebadc0791"}

[90mstdout[2m | tests/agent-system/websocket.test.ts[2m > [22m[2mWebSocket Communication System[2m > [22m[2mWebSocket Broadcast[2m > [22m[2mshould handle closed connections gracefully during broadcast[22m[39m
01:59:42 [[32minfo[39m]  WebSocket client disconnected {"clientId":"client_82c4e30a-445d-49be-b897-35aebadc0791","code":1005,"total":0}

[90mstdout[2m | tests/agent-system/websocket.test.ts[2m > [22m[2mWebSocket Communication System[2m > [22m[2mWebSocket Broadcast[2m > [22m[2mshould handle closed connections gracefully during broadcast[22m[39m
01:59:42 [[32minfo[39m]  WebSocket client connected. Total: 1

[90mstdout[2m | tests/agent-system/websocket.test.ts[2m > [22m[2mWebSocket Communication System[2m > [22m[2mWebSocket Broadcast[2m > [22m[2mshould handle closed connections gracefully during broadcast[22m[39m
01:59:42 [[32minfo[39m]  WebSocket client authenticated {"clientId":"client_16b12b22-f162-4ce3-837e-bc4a145bbbe0"}

[90mstdout[2m | tests/agent-system/websocket.test.ts[2m > [22m[2mWebSocket Communication System[2m > [22m[2mWebSocket Broadcast[2m > [22m[2mshould handle closed connections gracefully during broadcast[22m[39m
01:59:42 [[32minfo[39m]  WebSocket server shut down

[90mstdout[2m | tests/agent-system/websocket.test.ts[2m > [22m[2mWebSocket Communication System[2m > [22m[2mWebSocket Broadcast[2m > [22m[2mshould broadcast all supported event types[22m[39m
01:59:42 [[32minfo[39m]  WebSocket server initialized on /ws
01:59:42 [[32minfo[39m]  WebSocket client disconnected {"clientId":null,"code":1005,"total":0}

[90mstdout[2m | tests/agent-system/websocket.test.ts[2m > [22m[2mWebSocket Communication System[2m > [22m[2mWebSocket Broadcast[2m > [22m[2mshould broadcast all supported event types[22m[39m
01:59:42 [[32minfo[39m]  WebSocket client connected. Total: 1

[90mstdout[2m | tests/agent-system/websocket.test.ts[2m > [22m[2mWebSocket Communication System[2m > [22m[2mWebSocket Broadcast[2m > [22m[2mshould broadcast all supported event types[22m[39m
01:59:42 [[32minfo[39m]  WebSocket client authenticated {"clientId":"client_bf872d21-8b96-48a0-8ff4-fffbe00549de"}

[90mstdout[2m | tests/agent-system/websocket.test.ts[2m > [22m[2mWebSocket Communication System[2m > [22m[2mWebSocket Broadcast[2m > [22m[2mshould broadcast all supported event types[22m[39m
01:59:42 [[32minfo[39m]  WebSocket client connected. Total: 2

[90mstdout[2m | tests/agent-system/websocket.test.ts[2m > [22m[2mWebSocket Communication System[2m > [22m[2mWebSocket Broadcast[2m > [22m[2mshould broadcast all supported event types[22m[39m
01:59:42 [[32minfo[39m]  WebSocket client authenticated {"clientId":"client_346af811-a532-4130-9990-9844f948913a"}

[90mstdout[2m | tests/agent-system/websocket.test.ts[2m > [22m[2mWebSocket Communication System[2m > [22m[2mWebSocket Broadcast[2m > [22m[2mshould broadcast all supported event types[22m[39m
01:59:42 [[32minfo[39m]  WebSocket client disconnected {"clientId":"client_bf872d21-8b96-48a0-8ff4-fffbe00549de","code":1005,"total":1}
01:59:42 [[32minfo[39m]  WebSocket server shut down

[90mstdout[2m | tests/agent-system/websocket.test.ts[2m > [22m[2mWebSocket Communication System[2m > [22m[2mWebSocket Broadcast[2m > [22m[2mshould include timestamp in broadcast events[22m[39m
01:59:42 [[32minfo[39m]  WebSocket server initialized on /ws
01:59:42 [[32minfo[39m]  WebSocket client disconnected {"clientId":null,"code":1005,"total":0}

[90mstdout[2m | tests/agent-system/websocket.test.ts[2m > [22m[2mWebSocket Communication System[2m > [22m[2mWebSocket Broadcast[2m > [22m[2mshould include timestamp in broadcast events[22m[39m
01:59:42 [[32minfo[39m]  WebSocket client connected. Total: 1
01:59:42 [[32minfo[39m]  WebSocket client authenticated {"clientId":"client_5a9641ad-4d71-4237-9722-86ad77d098b6"}

[90mstdout[2m | tests/agent-system/websocket.test.ts[2m > [22m[2mWebSocket Communication System[2m > [22m[2mWebSocket Broadcast[2m > [22m[2mshould include timestamp in broadcast events[22m[39m
01:59:42 [[32minfo[39m]  WebSocket server shut down

[90mstdout[2m | tests/agent-system/websocket.test.ts[2m > [22m[2mWebSocket Communication System[2m > [22m[2mWebSocket Error Handling[2m > [22m[2mshould handle invalid JSON messages gracefully[22m[39m
01:59:42 [[32minfo[39m]  WebSocket server initialized on /ws
01:59:42 [[32minfo[39m]  WebSocket client disconnected {"clientId":null,"code":1005,"total":0}

[90mstdout[2m | tests/agent-system/websocket.test.ts[2m > [22m[2mWebSocket Communication System[2m > [22m[2mWebSocket Error Handling[2m > [22m[2mshould handle invalid JSON messages gracefully[22m[39m
01:59:42 [[32minfo[39m]  WebSocket client connected. Total: 1

[90mstdout[2m | tests/agent-system/websocket.test.ts[2m > [22m[2mWebSocket Communication System[2m > [22m[2mWebSocket Error Handling[2m > [22m[2mshould handle invalid JSON messages gracefully[22m[39m
01:59:42 [[32minfo[39m]  WebSocket client authenticated {"clientId":"client_54a5aa5f-af3e-41cb-8096-69735ee8a732"}

[90mstdout[2m | tests/agent-system/websocket.test.ts[2m > [22m[2mWebSocket Communication System[2m > [22m[2mWebSocket Error Handling[2m > [22m[2mshould handle invalid JSON messages gracefully[22m[39m
01:59:42 [[33mwarn[39m]  Failed to parse WebSocket message: Unexpected token 'o', "not valid json {{{" is not valid JSON

[90mstdout[2m | tests/agent-system/websocket.test.ts[2m > [22m[2mWebSocket Communication System[2m > [22m[2mWebSocket Error Handling[2m > [22m[2mshould handle invalid JSON messages gracefully[22m[39m
01:59:42 [[32minfo[39m]  Client subscribed {"clientId":"client_54a5aa5f-af3e-41cb-8096-69735ee8a732","saveId":"save-test"}

[90mstdout[2m | tests/agent-system/websocket.test.ts[2m > [22m[2mWebSocket Communication System[2m > [22m[2mWebSocket Error Handling[2m > [22m[2mshould handle invalid JSON messages gracefully[22m[39m
01:59:42 [[32minfo[39m]  WebSocket server shut down

[90mstdout[2m | tests/agent-system/websocket.test.ts[2m > [22m[2mWebSocket Communication System[2m > [22m[2mWebSocket Error Handling[2m > [22m[2mshould handle multiple invalid JSON messages without crashing[22m[39m
01:59:42 [[32minfo[39m]  WebSocket server initialized on /ws
01:59:42 [[32minfo[39m]  WebSocket client disconnected {"clientId":null,"code":1005,"total":0}

[90mstdout[2m | tests/agent-system/websocket.test.ts[2m > [22m[2mWebSocket Communication System[2m > [22m[2mWebSocket Error Handling[2m > [22m[2mshould handle multiple invalid JSON messages without crashing[22m[39m
01:59:42 [[32minfo[39m]  WebSocket client connected. Total: 1
01:59:42 [[32minfo[39m]  WebSocket client authenticated {"clientId":"client_72196d92-2a60-469d-a3c8-d86485e600b9"}
01:59:42 [[33mwarn[39m]  Failed to parse WebSocket message: Unexpected token 'i', "invalid1" is not valid JSON
01:59:42 [[33mwarn[39m]  Failed to parse WebSocket message: Expected property name or '}' in JSON at position 1 (line 1 column 2)
01:59:42 [[33mwarn[39m]  Failed to parse WebSocket message: Unexpected token '}', "{"type":}" is not valid JSON

[90mstdout[2m | tests/agent-system/websocket.test.ts[2m > [22m[2mWebSocket Communication System[2m > [22m[2mWebSocket Error Handling[2m > [22m[2mshould handle multiple invalid JSON messages without crashing[22m[39m
01:59:42 [[32minfo[39m]  WebSocket server shut down

[90mstdout[2m | tests/agent-system/websocket.test.ts[2m > [22m[2mWebSocket Communication System[2m > [22m[2mWebSocket Error Handling[2m > [22m[2mshould handle connection errors and clean up[22m[39m
01:59:42 [[32minfo[39m]  WebSocket server initialized on /ws
01:59:42 [[32minfo[39m]  WebSocket client disconnected {"clientId":null,"code":1005,"total":0}

[90mstdout[2m | tests/agent-system/websocket.test.ts[2m > [22m[2mWebSocket Communication System[2m > [22m[2mWebSocket Error Handling[2m > [22m[2mshould handle connection errors and clean up[22m[39m
01:59:42 [[32minfo[39m]  WebSocket client connected. Total: 1
01:59:42 [[32minfo[39m]  WebSocket client authenticated {"clientId":"client_fef618e7-da6c-4593-b34b-52430fb7d4a2"}
01:59:42 [[32minfo[39m]  WebSocket client disconnected {"clientId":"client_fef618e7-da6c-4593-b34b-52430fb7d4a2","code":1006,"total":0}

[90mstdout[2m | tests/agent-system/websocket.test.ts[2m > [22m[2mWebSocket Communication System[2m > [22m[2mWebSocket Error Handling[2m > [22m[2mshould handle connection errors and clean up[22m[39m
01:59:43 [[32minfo[39m]  WebSocket server shut down

[90mstdout[2m | tests/agent-system/websocket.test.ts[2m > [22m[2mWebSocket Communication System[2m > [22m[2mWebSocket Error Handling[2m > [22m[2mshould handle shutdown with connected clients[22m[39m
01:59:43 [[32minfo[39m]  WebSocket server initialized on /ws

[90mstdout[2m | tests/agent-system/websocket.test.ts[2m > [22m[2mWebSocket Communication System[2m > [22m[2mWebSocket Error Handling[2m > [22m[2mshould handle shutdown with connected clients[22m[39m
01:59:43 [[32minfo[39m]  WebSocket client connected. Total: 1
01:59:43 [[32minfo[39m]  WebSocket client authenticated {"clientId":"client_2c34555b-5c02-4055-9959-728b5eb0dccf"}

[90mstdout[2m | tests/agent-system/websocket.test.ts[2m > [22m[2mWebSocket Communication System[2m > [22m[2mWebSocket Error Handling[2m > [22m[2mshould handle shutdown with connected clients[22m[39m
01:59:43 [[32minfo[39m]  WebSocket client connected. Total: 2

[90mstdout[2m | tests/agent-system/websocket.test.ts[2m > [22m[2mWebSocket Communication System[2m > [22m[2mWebSocket Error Handling[2m > [22m[2mshould handle shutdown with connected clients[22m[39m
01:59:43 [[32minfo[39m]  WebSocket client authenticated {"clientId":"client_ee34b575-5440-4439-bdae-09274c023983"}

[90mstdout[2m | tests/agent-system/websocket.test.ts[2m > [22m[2mWebSocket Communication System[2m > [22m[2mWebSocket Error Handling[2m > [22m[2mshould handle shutdown with connected clients[22m[39m
01:59:43 [[32minfo[39m]  WebSocket server shut down

[90mstdout[2m | tests/agent-system/websocket.test.ts[2m > [22m[2mWebSocket Communication System[2m > [22m[2mWebSocket Error Handling[2m > [22m[2mshould handle shutdown with connected clients[22m[39m
01:59:43 [[32minfo[39m]  WebSocket client disconnected {"clientId":null,"code":1001,"total":0}
01:59:43 [[32minfo[39m]  WebSocket client disconnected {"clientId":null,"code":1001,"total":0}

[90mstdout[2m | tests/agent-system/websocket.test.ts[2m > [22m[2mWebSocket Communication System[2m > [22m[2mWebSocket Error Handling[2m > [22m[2mshould handle shutdown with connected clients[22m[39m
01:59:43 [[32minfo[39m]  WebSocket server shut down

[90mstdout[2m | tests/agent-system/websocket.test.ts[2m > [22m[2mWebSocket Communication System[2m > [22m[2mWebSocket Error Handling[2m > [22m[2mshould handle double shutdown gracefully[22m[39m
01:59:43 [[32minfo[39m]  WebSocket server initialized on /ws

[90mstdout[2m | tests/agent-system/websocket.test.ts[2m > [22m[2mWebSocket Communication System[2m > [22m[2mWebSocket Error Handling[2m > [22m[2mshould handle double shutdown gracefully[22m[39m
01:59:43 [[32minfo[39m]  WebSocket client connected. Total: 1

[90mstdout[2m | tests/agent-system/websocket.test.ts[2m > [22m[2mWebSocket Communication System[2m > [22m[2mWebSocket Error Handling[2m > [22m[2mshould handle double shutdown gracefully[22m[39m
01:59:43 [[32minfo[39m]  WebSocket client authenticated {"clientId":"client_a58f7653-7464-45ad-96e8-b01ffb0428fd"}
01:59:43 [[32minfo[39m]  WebSocket server shut down
01:59:43 [[32minfo[39m]  WebSocket client disconnected {"clientId":null,"code":1001,"total":0}

[90mstdout[2m | tests/agent-system/websocket.test.ts[2m > [22m[2mWebSocket Communication System[2m > [22m[2mWebSocket Error Handling[2m > [22m[2mshould handle double shutdown gracefully[22m[39m
01:59:43 [[32minfo[39m]  WebSocket server shut down
01:59:43 [[32minfo[39m]  WebSocket server shut down

[90mstdout[2m | tests/agent-system/websocket.test.ts[2m > [22m[2mWebSocket Communication System[2m > [22m[2mWebSocket Error Handling[2m > [22m[2mshould handle shutdown with no clients[22m[39m
01:59:43 [[32minfo[39m]  WebSocket server initialized on /ws
01:59:43 [[32minfo[39m]  WebSocket server shut down
01:59:43 [[32minfo[39m]  WebSocket server shut down

[90mstdout[2m | tests/agent-system/websocket.test.ts[2m > [22m[2mWebSocket Communication System[2m > [22m[2mWebSocket Session Recovery[2m > [22m[2mshould preserve session on disconnect (session outlives WS connection)[22m[39m
01:59:43 [[32minfo[39m]  WebSocket server initialized on /ws

[90mstdout[2m | tests/agent-system/websocket.test.ts[2m > [22m[2mWebSocket Communication System[2m > [22m[2mWebSocket Session Recovery[2m > [22m[2mshould preserve session on disconnect (session outlives WS connection)[22m[39m
01:59:43 [[32minfo[39m]  WebSocket client connected. Total: 1

[90mstdout[2m | tests/agent-system/websocket.test.ts[2m > [22m[2mWebSocket Communication System[2m > [22m[2mWebSocket Session Recovery[2m > [22m[2mshould preserve session on disconnect (session outlives WS connection)[22m[39m
01:59:43 [[32minfo[39m]  WebSocket client authenticated {"clientId":"client_917d9443-55c9-4afe-a715-7fbe7c0b1200"}
01:59:43 [[32minfo[39m]  Client subscribed {"clientId":"client_917d9443-55c9-4afe-a715-7fbe7c0b1200","saveId":"save-preserve"}

[90mstdout[2m | tests/agent-system/websocket.test.ts[2m > [22m[2mWebSocket Communication System[2m > [22m[2mWebSocket Session Recovery[2m > [22m[2mshould preserve session on disconnect (session outlives WS connection)[22m[39m
01:59:43 [[32minfo[39m]  WebSocket client disconnected {"clientId":"client_917d9443-55c9-4afe-a715-7fbe7c0b1200","code":1005,"total":0}

[90mstdout[2m | src/agents/story/__tests__/pacing-engine.test.ts[2m > [22m[2mStoryKernel 鑺傚寮曟搸[2m > [22m[2mcomputeDeterministicTension[2m > [22m[2m鏃犳垬鏂楁椂绱у紶搴︿綆[22m[39m
01:59:42 [[32minfo[39m]  Deterministic tension computed {"factors":{"combat":0,"threat":0,"resource":0,"info":0,"time":0},"tension":20,"tensionRange":{"min":20,"max":80}}

[90mstdout[2m | src/agents/story/__tests__/pacing-engine.test.ts[2m > [22m[2mStoryKernel 鑺傚寮曟搸[2m > [22m[2mcomputeDeterministicTension[2m > [22m[2m鏈夋垬鏂楀拰濞佽儊鏃剁揣寮犲害杈冮珮[22m[39m
01:59:42 [[32minfo[39m]  Deterministic tension computed {"factors":{"combat":0.7,"threat":0,"resource":0,"info":0,"time":0},"tension":21,"tensionRange":{"min":20,"max":80}}

[90mstdout[2m | src/agents/story/__tests__/pacing-engine.test.ts[2m > [22m[2mStoryKernel 鑺傚寮曟搸[2m > [22m[2mdetermineStage[2m > [22m[2m浣庣揣寮犲害涓?exposition[22m[39m
01:59:42 [[32minfo[39m]  Deterministic tension computed {"factors":{"combat":0,"threat":0,"resource":0,"info":0,"time":0},"tension":20,"tensionRange":{"min":20,"max":80}}

[90mstdout[2m | src/agents/story/__tests__/pacing-engine.test.ts[2m > [22m[2mStoryKernel 鑺傚寮曟搸[2m > [22m[2massessEventDensity[2m > [22m[2m鏃犲巻鍙叉暟鎹椂杩斿洖 increase锛堝瘑搴︿负0锛屽缓璁鍔狅級[22m[39m
01:59:42 [[32minfo[39m]  Event density assessed {"currentDensity":0,"guidance":"increase","highImpactRounds":0,"rareBudget":1,"rareBudgetExceeded":false}

[90mstdout[2m | src/agents/story/__tests__/pacing-engine.test.ts[2m > [22m[2mStoryKernel 鑺傚寮曟搸[2m > [22m[2massessProgressSpeed[2m > [22m[2m鏃犲巻鍙叉暟鎹椂杩斿洖 maintain[22m[39m
01:59:42 [[32minfo[39m]  Progress speed assessed {"deviation":0,"guidance":"maintain"}

[90mstdout[2m | src/agents/story/__tests__/pacing-engine.test.ts[2m > [22m[2mStoryKernel 鑺傚寮曟搸[2m > [22m[2mboundary scenarios[2m > [22m[2mLLM淇杩斿洖瓒呭嚭卤20鑼冨洿鐨勫€兼椂 clamp 鍒?[deterministic-20, deterministic+20][22m[39m
01:59:42 [[33mwarn[39m]  LLM adjustedTension out of 卤20 bounds, clamping {"adjustedTension":70,"deterministicTension":50,"minTension":30,"maxTension":70}
01:59:42 [[33mwarn[39m]  LLM adjustedTension out of 卤20 bounds, clamping {"adjustedTension":30,"deterministicTension":50,"minTension":30,"maxTension":70}

[90mstdout[2m | src/agents/story/__tests__/pacing-engine.test.ts[2m > [22m[2mStoryKernel 鑺傚寮曟搸[2m > [22m[2mboundary scenarios[2m > [22m[2mLLM淇杩斿洖闈炴暟瀛楁椂鍥為€€鍒扮‘瀹氭€у€?[22m[39m
01:59:42 [[33mwarn[39m]  LLM returned non-number adjustedTension, falling back to deterministic {"returned":"high","deterministicTension":50}

[90mstdout[2m | src/agents/story/__tests__/pacing-engine.test.ts[2m > [22m[2mStoryKernel 鑺傚寮曟搸[2m > [22m[2mboundary scenarios[2m > [22m[2mLLM淇杩斿洖null鏃跺洖閫€鍒扮‘瀹氭€у€?[22m[39m
01:59:42 [[33mwarn[39m]  LLM returned non-number adjustedTension, falling back to deterministic {"returned":null,"deterministicTension":50}

[90mstdout[2m | src/agents/story/__tests__/pacing-engine.test.ts[2m > [22m[2mStoryKernel 鑺傚寮曟搸[2m > [22m[2mboundary scenarios[2m > [22m[2mLLM淇璋冪敤澶辫触鏃跺洖閫€鍒扮‘瀹氭€у€?[22m[39m
01:59:42 [[31merror[39m]  LLM pacing correction failed, falling back to deterministic values {"error":"LLM unavailable"}

[90mstdout[2m | src/agents/story/__tests__/pacing-engine.test.ts[2m > [22m[2mStoryKernel 鑺傚寮曟搸[2m > [22m[2mboundary scenarios[2m > [22m[2mpacing_config鏃犺褰曚笖LLM鐢熸垚澶辫触鏃惰繑鍥炰唬鐮侀粯璁ゅ€?[22m[39m
01:59:42 [[33mwarn[39m]  LLM pacing config generation failed, using defaults {"error":"LLM failed"}

[90mstdout[2m | src/agents/story/__tests__/pacing-engine.test.ts[2m > [22m[2mStoryKernel 鑺傚寮曟搸[2m > [22m[2mboundary scenarios[2m > [22m[2m绱у紶搴﹁竟鐣屽€?鍜?00 clamp 鍒?[0,100][22m[39m
01:59:42 [[32minfo[39m]  Deterministic tension computed {"factors":{"combat":0,"threat":0,"resource":0,"info":0,"time":0},"tension":20,"tensionRange":{"min":20,"max":80}}
01:59:42 [[32minfo[39m]  Deterministic tension computed {"factors":{"combat":0.7,"threat":1,"resource":0,"info":0.7,"time":0},"tension":56,"tensionRange":{"min":20,"max":80}}

[90mstdout[2m | src/agents/story/__tests__/pacing-engine.test.ts[2m > [22m[2mStoryKernel 鑺傚寮曟搸[2m > [22m[2massessEventDensity rareBudget 绐楀彛棰勭畻[2m > [22m[2mrareWindow杞唴楂樺啿鍑昏疆娆¤秴杩噐areBudget鏃惰繑鍥瀌ecrease[22m[39m
01:59:42 [[32minfo[39m]  Event density assessed {"currentDensity":2.2,"guidance":"decrease","highImpactRounds":4,"rareBudget":1,"rareBudgetExceeded":true}

[90mstdout[2m | src/agents/story/__tests__/pacing-engine.test.ts[2m > [22m[2mStoryKernel 鑺傚寮曟搸[2m > [22m[2massessEventDensity rareBudget 绐楀彛棰勭畻[2m > [22m[2mrareWindow杞唴楂樺啿鍑昏疆娆℃湭瓒呰繃rareBudget鏃朵繚鎸乵aintain[22m[39m
01:59:42 [[32minfo[39m]  Event density assessed {"currentDensity":1.2,"guidance":"maintain","highImpactRounds":1,"rareBudget":1,"rareBudgetExceeded":false}

[90mstdout[2m | src/agents/story/__tests__/pacing-engine.test.ts[2m > [22m[2mStoryKernel 鑺傚寮曟搸[2m > [22m[2massessInfoSpreadFactor锛?06 鍗囩骇 awareness 鎵╂暎搴﹀洜瀛愶級[2m > [22m[2mcountAwarenessByTopic 鎶涢敊鏃舵崟鑾峰苟杩斿洖 0锛堜笉浼犳挱寮傚父锛?[22m[39m
01:59:43 [[33mwarn[39m]  countAwarenessByTopic failed, fallback spreadFactor=0 {"saveId":"save-1","mainQuestId":"quest-main-001","error":"mock countAwarenessByTopic error"}

[90mstdout[2m | src/agents/story/__tests__/pacing-engine.test.ts[22m[39m
01:59:40 [[32minfo[39m]  Help registry loaded: 22 tools {"tools":["batch_query_service","challenge_service","... (22 items)"]}
01:59:40 [[32minfo[39m]  Creating GameMasterAgent (as AgentRuntime with isSubAgent=false)
01:59:40 [[32minfo[39m]  Handler subscribed {"eventType":"dialogue"}
01:59:40 [[32minfo[39m]  Handler subscribed {"eventType":"combat_end"}
01:59:40 [[32minfo[39m]  AwarenessAutoSubscriber subscribed to dialogue + combat_end events
01:59:40 [[32minfo[39m]  Agent initialized: gamemaster - GameMasterAgent
01:59:40 [[32minfo[39m] [AGENT-START] Agent gamemaster starting {"agent":"gamemaster","provider":null,"toolsConfigured":1,"maxIterations":200,"isSubAgent":false}
01:59:40 [[32minfo[39m]  Handler subscribed {"eventType":"chapter_advanced"}
01:59:40 [[32minfo[39m]  Creating AgentRuntime instances from default profile: fantasy_rpg
01:59:40 [[32minfo[39m]  Creating agents from profile: fantasy_rpg {"agentCount":10}
01:59:40 [[32minfo[39m]  Agent initialized: gamemaster - GameMasterAgent
01:59:40 [[32minfo[39m] [AGENT-START] Agent gamemaster starting {"agent":"gamemaster","provider":null,"toolsConfigured":1,"maxIterations":200,"isSubAgent":false}
01:59:40 [[32minfo[39m]  Created AgentRuntime: gamemaster {"profile":"fantasy_rpg","tools":["all"]}
01:59:40 [[32minfo[39m]  Agent initialized: map - MapAgent
01:59:40 [[32minfo[39m] [AGENT-START] Agent map starting {"agent":"map","provider":null,"toolsConfigured":7,"maxIterations":200,"isSubAgent":true}
01:59:40 [[32minfo[39m]  Created AgentRuntime: map {"profile":"fantasy_rpg","tools":["map_service","npc_service","... (7 items)"]}
01:59:40 [[32minfo[39m]  Agent initialized: challenge - ChallengeAgent
01:59:40 [[32minfo[39m] [AGENT-START] Agent challenge starting {"agent":"challenge","provider":null,"toolsConfigured":9,"maxIterations":200,"isSubAgent":true}
01:59:40 [[32minfo[39m]  Created AgentRuntime: challenge {"profile":"fantasy_rpg","tools":["challenge_service","numerical_service","... (9 items)"]}
01:59:40 [[32minfo[39m]  Agent initialized: output - OutputAgent
01:59:40 [[32minfo[39m] [AGENT-START] Agent output starting {"agent":"output","provider":null,"toolsConfigured":5,"maxIterations":200,"isSubAgent":true}
01:59:40 [[32minfo[39m]  Created AgentRuntime: output {"profile":"fantasy_rpg","tools":["dialogue_service","dynamic_ui","... (5 items)"]}
01:59:40 [[32minfo[39m]  Agent initialized: quest - QuestAgent
01:59:40 [[32minfo[39m] [AGENT-START] Agent quest starting {"agent":"quest","provider":null,"toolsConfigured":11,"maxIterations":200,"isSubAgent":true}
01:59:40 [[32minfo[39m]  Created AgentRuntime: quest {"profile":"fantasy_rpg","tools":["quest_service","numerical_service","... (11 items)"]}
01:59:40 [[32minfo[39m]  Agent initialized: npc_party - NPCPartyAgent
01:59:40 [[32minfo[39m] [AGENT-START] Agent npc_party starting {"agent":"npc_party","provider":null,"toolsConfigured":9,"maxIterations":200,"isSubAgent":true}
01:59:40 [[32minfo[39m]  Created AgentRuntime: npc_party {"profile":"fantasy_rpg","tools":["npc_service","entity_graph_service","... (9 items)"]}
01:59:40 [[32minfo[39m]  Agent initialized: inventory - InventoryAgent
01:59:40 [[32minfo[39m] [AGENT-START] Agent inventory starting {"agent":"inventory","provider":null,"toolsConfigured":8,"maxIterations":200,"isSubAgent":true}
01:59:40 [[32minfo[39m]  Created AgentRuntime: inventory {"profile":"fantasy_rpg","tools":["inventory_service","template_pool_service","... (8 items)"]}
01:59:40 [[32minfo[39m]  Agent initialized: skill - SkillAgent
01:59:40 [[32minfo[39m] [AGENT-START] Agent skill starting {"agent":"skill","provider":null,"toolsConfigured":7,"maxIterations":200,"isSubAgent":true}
01:59:40 [[32minfo[39m]  Created AgentRuntime: skill {"profile":"fantasy_rpg","tools":["skill_service","template_pool_service","... (7 items)"]}
01:59:40 [[32minfo[39m]  Agent initialized: event - EventAgent
01:59:40 [[32minfo[39m] [AGENT-START] Agent event starting {"agent":"event","provider":null,"toolsConfigured":5,"maxIterations":200,"isSubAgent":true}
01:59:40 [[32minfo[39m]  Created AgentRuntime: event {"profile":"fantasy_rpg","tools":["event_service","game_time_service","... (5 items)"]}
01:59:40 [[32minfo[39m]  Agent initialized: time - TimeAgent
01:59:40 [[32minfo[39m] [AGENT-START] Agent time starting {"agent":"time","provider":null,"toolsConfigured":4,"maxIterations":200,"isSubAgent":true}
01:59:40 [[32minfo[39m]  Created AgentRuntime: time {"profile":"fantasy_rpg","tools":["game_time_service","rule_service","... (4 items)"]}
01:59:41 [[32minfo[39m]  Permissions configured from agent.tools for profile: fantasy_rpg
01:59:41 [[32minfo[39m]  YAML permissions configured
01:59:41 [[32minfo[39m]  Registering AgentRuntime instances to GameMasterAgent...
01:59:41 [[32minfo[39m]  Registered AgentRuntime to Coordinator: gamemaster
01:59:41 [[32minfo[39m]  Registered AgentRuntime to Coordinator: map
01:59:41 [[32minfo[39m]  Registered AgentRuntime to Coordinator: challenge
01:59:41 [[32minfo[39m]  Registered AgentRuntime to Coordinator: output
01:59:41 [[32minfo[39m]  Registered AgentRuntime to Coordinator: quest
01:59:41 [[32minfo[39m]  Registered AgentRuntime to Coordinator: npc_party
01:59:41 [[32minfo[39m]  Registered AgentRuntime to Coordinator: inventory
01:59:41 [[32minfo[39m]  Registered AgentRuntime to Coordinator: skill
01:59:41 [[32minfo[39m]  Registered AgentRuntime to Coordinator: event
01:59:41 [[32minfo[39m]  Registered AgentRuntime to Coordinator: time
01:59:41 [[32minfo[39m]  GameDataExpander configured (manifest path enabled)
01:59:41 [[32minfo[39m]  DedupService configured (dispatch log persistence enabled)
01:59:41 [[32minfo[39m]  Agent system initialized: 10 AgentRuntime instances created
鉁?Agent system initialized with 10 agents
鈿狅笍 YAML Agent system skipped: __vi_import_5__.initializeYamlAgentSystem is not a function
01:59:41 [[32minfo[39m]  Agent routes initialized
01:59:41 [[32minfo[39m]  Save routes initialized
01:59:41 [[32minfo[39m]  Synced template from YAML to DB: cthulhu-investigation
01:59:41 [[32minfo[39m]  Synced template from YAML to DB: cyberpunk-mercenary
01:59:41 [[32minfo[39m]  Synced template from YAML to DB: medieval-fantasy
01:59:41 [[32minfo[39m]  Synced template from YAML to DB: modern-romance
01:59:41 [[32minfo[39m]  Synced template from YAML to DB: xianxia
01:59:41 [[32minfo[39m]  Synced 5 templates from YAML to database
01:59:42 [[32minfo[39m]  Cache refreshed with 5 templates
01:59:42 [[32minfo[39m]  TemplateService loaded {"cachedTemplates":5}
鉁?Template YAML loaded and synced to DB
01:59:42 [[32minfo[39m]  Template routes initialized
鉁?Test environment setup complete
鉁?Database connection closed

 [32m鉁?[39m src/agents/story/__tests__/pacing-engine.test.ts [2m ([22m[2m35 tests[22m[2m)[22m[33m 4935[2mms[22m[39m
[90mstdout[2m | src/routes/__tests__/e2e-game-core.test.ts[22m[39m
01:59:40 [[32minfo[39m]  Help registry loaded: 22 tools {"tools":["batch_query_service","challenge_service","... (22 items)"]}
01:59:41 [[32minfo[39m]  Creating GameMasterAgent (as AgentRuntime with isSubAgent=false)
01:59:41 [[32minfo[39m]  Handler subscribed {"eventType":"dialogue"}
01:59:41 [[32minfo[39m]  Handler subscribed {"eventType":"combat_end"}
01:59:41 [[32minfo[39m]  AwarenessAutoSubscriber subscribed to dialogue + combat_end events
01:59:41 [[32minfo[39m]  Agent initialized: gamemaster - GameMasterAgent
01:59:41 [[32minfo[39m] [AGENT-START] Agent gamemaster starting {"agent":"gamemaster","provider":null,"toolsConfigured":1,"maxIterations":200,"isSubAgent":false}
01:59:41 [[32minfo[39m]  Handler subscribed {"eventType":"chapter_advanced"}
01:59:41 [[32minfo[39m]  Creating AgentRuntime instances from default profile: fantasy_rpg
01:59:41 [[32minfo[39m]  Creating agents from profile: fantasy_rpg {"agentCount":10}
01:59:41 [[32minfo[39m]  Agent initialized: gamemaster - GameMasterAgent
01:59:41 [[32minfo[39m] [AGENT-START] Agent gamemaster starting {"agent":"gamemaster","provider":null,"toolsConfigured":1,"maxIterations":200,"isSubAgent":false}
01:59:41 [[32minfo[39m]  Created AgentRuntime: gamemaster {"profile":"fantasy_rpg","tools":["all"]}
01:59:41 [[32minfo[39m]  Agent initialized: map - MapAgent
01:59:41 [[32minfo[39m] [AGENT-START] Agent map starting {"agent":"map","provider":null,"toolsConfigured":7,"maxIterations":200,"isSubAgent":true}
01:59:41 [[32minfo[39m]  Created AgentRuntime: map {"profile":"fantasy_rpg","tools":["map_service","npc_service","... (7 items)"]}
01:59:41 [[32minfo[39m]  Agent initialized: challenge - ChallengeAgent
01:59:41 [[32minfo[39m] [AGENT-START] Agent challenge starting {"agent":"challenge","provider":null,"toolsConfigured":9,"maxIterations":200,"isSubAgent":true}
01:59:41 [[32minfo[39m]  Created AgentRuntime: challenge {"profile":"fantasy_rpg","tools":["challenge_service","numerical_service","... (9 items)"]}
01:59:41 [[32minfo[39m]  Agent initialized: output - OutputAgent
01:59:41 [[32minfo[39m] [AGENT-START] Agent output starting {"agent":"output","provider":null,"toolsConfigured":5,"maxIterations":200,"isSubAgent":true}
01:59:41 [[32minfo[39m]  Created AgentRuntime: output {"profile":"fantasy_rpg","tools":["dialogue_service","dynamic_ui","... (5 items)"]}
01:59:41 [[32minfo[39m]  Agent initialized: quest - QuestAgent
01:59:41 [[32minfo[39m] [AGENT-START] Agent quest starting {"agent":"quest","provider":null,"toolsConfigured":11,"maxIterations":200,"isSubAgent":true}
01:59:41 [[32minfo[39m]  Created AgentRuntime: quest {"profile":"fantasy_rpg","tools":["quest_service","numerical_service","... (11 items)"]}
01:59:41 [[32minfo[39m]  Agent initialized: npc_party - NPCPartyAgent
01:59:41 [[32minfo[39m] [AGENT-START] Agent npc_party starting {"agent":"npc_party","provider":null,"toolsConfigured":9,"maxIterations":200,"isSubAgent":true}
01:59:41 [[32minfo[39m]  Created AgentRuntime: npc_party {"profile":"fantasy_rpg","tools":["npc_service","entity_graph_service","... (9 items)"]}
01:59:41 [[32minfo[39m]  Agent initialized: inventory - InventoryAgent
01:59:41 [[32minfo[39m] [AGENT-START] Agent inventory starting {"agent":"inventory","provider":null,"toolsConfigured":8,"maxIterations":200,"isSubAgent":true}
01:59:41 [[32minfo[39m]  Created AgentRuntime: inventory {"profile":"fantasy_rpg","tools":["inventory_service","template_pool_service","... (8 items)"]}
01:59:41 [[32minfo[39m]  Agent initialized: skill - SkillAgent
01:59:41 [[32minfo[39m] [AGENT-START] Agent skill starting {"agent":"skill","provider":null,"toolsConfigured":7,"maxIterations":200,"isSubAgent":true}
01:59:41 [[32minfo[39m]  Created AgentRuntime: skill {"profile":"fantasy_rpg","tools":["skill_service","template_pool_service","... (7 items)"]}
01:59:41 [[32minfo[39m]  Agent initialized: event - EventAgent
01:59:41 [[32minfo[39m] [AGENT-START] Agent event starting {"agent":"event","provider":null,"toolsConfigured":5,"maxIterations":200,"isSubAgent":true}
01:59:41 [[32minfo[39m]  Created AgentRuntime: event {"profile":"fantasy_rpg","tools":["event_service","game_time_service","... (5 items)"]}
01:59:41 [[32minfo[39m]  Agent initialized: time - TimeAgent
01:59:41 [[32minfo[39m] [AGENT-START] Agent time starting {"agent":"time","provider":null,"toolsConfigured":4,"maxIterations":200,"isSubAgent":true}
01:59:41 [[32minfo[39m]  Created AgentRuntime: time {"profile":"fantasy_rpg","tools":["game_time_service","rule_service","... (4 items)"]}
01:59:41 [[32minfo[39m]  Permissions configured from agent.tools for profile: fantasy_rpg
01:59:41 [[32minfo[39m]  YAML permissions configured
01:59:41 [[32minfo[39m]  Registering AgentRuntime instances to GameMasterAgent...
01:59:41 [[32minfo[39m]  Registered AgentRuntime to Coordinator: gamemaster
01:59:41 [[32minfo[39m]  Registered AgentRuntime to Coordinator: map
01:59:41 [[32minfo[39m]  Registered AgentRuntime to Coordinator: challenge
01:59:41 [[32minfo[39m]  Registered AgentRuntime to Coordinator: output
01:59:41 [[32minfo[39m]  Registered AgentRuntime to Coordinator: quest
01:59:41 [[32minfo[39m]  Registered AgentRuntime to Coordinator: npc_party
01:59:41 [[32minfo[39m]  Registered AgentRuntime to Coordinator: inventory
01:59:41 [[32minfo[39m]  Registered AgentRuntime to Coordinator: skill
01:59:41 [[32minfo[39m]  Registered AgentRuntime to Coordinator: event
01:59:41 [[32minfo[39m]  Registered AgentRuntime to Coordinator: time
01:59:41 [[32minfo[39m]  GameDataExpander configured (manifest path enabled)
01:59:41 [[32minfo[39m]  DedupService configured (dispatch log persistence enabled)
01:59:41 [[32minfo[39m]  Agent system initialized: 10 AgentRuntime instances created
鉁?Agent system initialized with 10 agents
鈿狅笍 YAML Agent system skipped: __vi_import_5__.initializeYamlAgentSystem is not a function
01:59:41 [[32minfo[39m]  Agent routes initialized
01:59:41 [[32minfo[39m]  Save routes initialized
01:59:41 [[32minfo[39m]  Synced template from YAML to DB: cthulhu-investigation
01:59:41 [[32minfo[39m]  Synced template from YAML to DB: cyberpunk-mercenary
01:59:41 [[32minfo[39m]  Synced template from YAML to DB: medieval-fantasy
01:59:41 [[32minfo[39m]  Synced template from YAML to DB: modern-romance
01:59:41 [[32minfo[39m]  Synced template from YAML to DB: xianxia
01:59:41 [[32minfo[39m]  Synced 5 templates from YAML to database
01:59:42 [[32minfo[39m]  Cache refreshed with 5 templates
01:59:42 [[32minfo[39m]  TemplateService loaded {"cachedTemplates":5}
鉁?Template YAML loaded and synced to DB
01:59:42 [[32minfo[39m]  Template routes initialized
鉁?Test environment setup complete

[90mstdout[2m | src/routes/__tests__/e2e-game-core.test.ts[2m > [22m[2mE2E: Game Core Flow (Init + Chat + Save)[2m > [22m[2mGET /api/v1/health[2m > [22m[2mreturns status ok[22m[39m
Running migration: 001_init.ts
Migration 001_init.ts completed successfully
Running migration: 002_add_equipped_index.ts
Migration 002_add_equipped_index.ts completed successfully
Running migration: 003_fix_information_boundaries_timestamps.ts
Migration 003_fix_information_boundaries_timestamps.ts completed successfully
Running migration: 004_drop_information_boundaries.ts
004_drop_information_boundaries: information_boundaries table not found, skipping migration
004_drop_information_boundaries: cleared custom_data.knowledge from 0 NPCs
Migration 004_drop_information_boundaries.ts completed successfully
Running migration: 005_drop_npc_relations.ts
005_drop_npc_relations: dropped npc_relations table
Migration 005_drop_npc_relations.ts completed successfully
Running migration: 006_awareness_relationship_events_states.ts
006: created entity_awareness_events table
006: created entity_awareness_states table
006: created entity_relationship_events table
006: created entity_relationship_states table
Migration 006_awareness_relationship_events_states.ts completed successfully
Running migration: 007_add_combat_mode.ts
007: added combat_states.mode column
Migration 007_add_combat_mode.ts completed successfully
Running migration: 008_add_saves_active_challenge_mode.ts
008: added saves.active_challenge_mode column
Migration 008_add_saves_active_challenge_mode.ts completed successfully
All migrations completed
01:59:43 [[32minfo[39m]  Save routes initialized

[90mstdout[2m | tests/agent-system/websocket.test.ts[2m > [22m[2mWebSocket Communication System[2m > [22m[2mWebSocket Session Recovery[2m > [22m[2mshould preserve session on disconnect (session outlives WS connection)[22m[39m
01:59:43 [[32minfo[39m]  WebSocket server shut down

[90mstdout[2m | tests/agent-system/websocket.test.ts[2m > [22m[2mWebSocket Communication System[2m > [22m[2mWebSocket Session Recovery[2m > [22m[2mshould restore session on reconnect with same clientId[22m[39m
01:59:43 [[32minfo[39m]  WebSocket server initialized on /ws

[90mstdout[2m | tests/agent-system/websocket.test.ts[2m > [22m[2mWebSocket Communication System[2m > [22m[2mWebSocket Session Recovery[2m > [22m[2mshould restore session on reconnect with same clientId[22m[39m
01:59:43 [[32minfo[39m]  WebSocket client connected. Total: 1

[90mstdout[2m | tests/agent-system/websocket.test.ts[2m > [22m[2mWebSocket Communication System[2m > [22m[2mWebSocket Session Recovery[2m > [22m[2mshould restore session on reconnect with same clientId[22m[39m
01:59:43 [[32minfo[39m]  WebSocket client authenticated {"clientId":"client_c4c46d28-4e2f-4765-a3d8-be8e68095600"}

[90mstdout[2m | tests/agent-system/websocket.test.ts[2m > [22m[2mWebSocket Communication System[2m > [22m[2mWebSocket Session Recovery[2m > [22m[2mshould restore session on reconnect with same clientId[22m[39m
01:59:43 [[32minfo[39m]  Client subscribed {"clientId":"client_c4c46d28-4e2f-4765-a3d8-be8e68095600","saveId":"save-reconnect"}

[90mstdout[2m | tests/agent-system/websocket.test.ts[2m > [22m[2mWebSocket Communication System[2m > [22m[2mWebSocket Session Recovery[2m > [22m[2mshould restore session on reconnect with same clientId[22m[39m
01:59:43 [[32minfo[39m]  WebSocket client disconnected {"clientId":"client_c4c46d28-4e2f-4765-a3d8-be8e68095600","code":1005,"total":0}

[90mstdout[2m | src/routes/__tests__/e2e-game-core.test.ts[2m > [22m[2mE2E: Game Core Flow (Init + Chat + Save)[2m > [22m[2mPOST /api/v1/game 鈥?Initialize[2m > [22m[2mmissing templateId returns 400[22m[39m
Running migration: 001_init.ts
Migration 001_init.ts completed successfully
Running migration: 002_add_equipped_index.ts
Migration 002_add_equipped_index.ts completed successfully
Running migration: 003_fix_information_boundaries_timestamps.ts
Migration 003_fix_information_boundaries_timestamps.ts completed successfully
Running migration: 004_drop_information_boundaries.ts
004_drop_information_boundaries: information_boundaries table not found, skipping migration
004_drop_information_boundaries: cleared custom_data.knowledge from 0 NPCs
Migration 004_drop_information_boundaries.ts completed successfully
Running migration: 005_drop_npc_relations.ts
005_drop_npc_relations: dropped npc_relations table
Migration 005_drop_npc_relations.ts completed successfully
Running migration: 006_awareness_relationship_events_states.ts
006: created entity_awareness_events table
006: created entity_awareness_states table
006: created entity_relationship_events table
006: created entity_relationship_states table
Migration 006_awareness_relationship_events_states.ts completed successfully
Running migration: 007_add_combat_mode.ts
007: added combat_states.mode column
Migration 007_add_combat_mode.ts completed successfully
Running migration: 008_add_saves_active_challenge_mode.ts
008: added saves.active_challenge_mode column
Migration 008_add_saves_active_challenge_mode.ts completed successfully
All migrations completed
01:59:43 [[32minfo[39m]  Save routes initialized

[90mstdout[2m | src/services/__tests__/ws-e2e-flow.test.ts[22m[39m
01:59:41 [[32minfo[39m]  Help registry loaded: 22 tools {"tools":["batch_query_service","challenge_service","... (22 items)"]}
01:59:41 [[32minfo[39m]  Creating GameMasterAgent (as AgentRuntime with isSubAgent=false)
01:59:41 [[32minfo[39m]  Handler subscribed {"eventType":"dialogue"}
01:59:41 [[32minfo[39m]  Handler subscribed {"eventType":"combat_end"}
01:59:41 [[32minfo[39m]  AwarenessAutoSubscriber subscribed to dialogue + combat_end events
01:59:41 [[32minfo[39m]  Agent initialized: gamemaster - GameMasterAgent
01:59:41 [[32minfo[39m] [AGENT-START] Agent gamemaster starting {"agent":"gamemaster","provider":null,"toolsConfigured":1,"maxIterations":200,"isSubAgent":false}
01:59:41 [[32minfo[39m]  Handler subscribed {"eventType":"chapter_advanced"}
01:59:41 [[32minfo[39m]  Creating AgentRuntime instances from default profile: fantasy_rpg
01:59:41 [[32minfo[39m]  Creating agents from profile: fantasy_rpg {"agentCount":10}
01:59:41 [[32minfo[39m]  Agent initialized: gamemaster - GameMasterAgent
01:59:41 [[32minfo[39m] [AGENT-START] Agent gamemaster starting {"agent":"gamemaster","provider":null,"toolsConfigured":1,"maxIterations":200,"isSubAgent":false}
01:59:41 [[32minfo[39m]  Created AgentRuntime: gamemaster {"profile":"fantasy_rpg","tools":["all"]}
01:59:41 [[32minfo[39m]  Agent initialized: map - MapAgent
01:59:41 [[32minfo[39m] [AGENT-START] Agent map starting {"agent":"map","provider":null,"toolsConfigured":7,"maxIterations":200,"isSubAgent":true}
01:59:41 [[32minfo[39m]  Created AgentRuntime: map {"profile":"fantasy_rpg","tools":["map_service","npc_service","... (7 items)"]}
01:59:41 [[32minfo[39m]  Agent initialized: challenge - ChallengeAgent
01:59:41 [[32minfo[39m] [AGENT-START] Agent challenge starting {"agent":"challenge","provider":null,"toolsConfigured":9,"maxIterations":200,"isSubAgent":true}
01:59:41 [[32minfo[39m]  Created AgentRuntime: challenge {"profile":"fantasy_rpg","tools":["challenge_service","numerical_service","... (9 items)"]}
01:59:41 [[32minfo[39m]  Agent initialized: output - OutputAgent
01:59:41 [[32minfo[39m] [AGENT-START] Agent output starting {"agent":"output","provider":null,"toolsConfigured":5,"maxIterations":200,"isSubAgent":true}
01:59:41 [[32minfo[39m]  Created AgentRuntime: output {"profile":"fantasy_rpg","tools":["dialogue_service","dynamic_ui","... (5 items)"]}
01:59:41 [[32minfo[39m]  Agent initialized: quest - QuestAgent
01:59:41 [[32minfo[39m] [AGENT-START] Agent quest starting {"agent":"quest","provider":null,"toolsConfigured":11,"maxIterations":200,"isSubAgent":true}
01:59:41 [[32minfo[39m]  Created AgentRuntime: quest {"profile":"fantasy_rpg","tools":["quest_service","numerical_service","... (11 items)"]}
01:59:41 [[32minfo[39m]  Agent initialized: npc_party - NPCPartyAgent
01:59:41 [[32minfo[39m] [AGENT-START] Agent npc_party starting {"agent":"npc_party","provider":null,"toolsConfigured":9,"maxIterations":200,"isSubAgent":true}
01:59:41 [[32minfo[39m]  Created AgentRuntime: npc_party {"profile":"fantasy_rpg","tools":["npc_service","entity_graph_service","... (9 items)"]}
01:59:41 [[32minfo[39m]  Agent initialized: inventory - InventoryAgent
01:59:41 [[32minfo[39m] [AGENT-START] Agent inventory starting {"agent":"inventory","provider":null,"toolsConfigured":8,"maxIterations":200,"isSubAgent":true}
01:59:41 [[32minfo[39m]  Created AgentRuntime: inventory {"profile":"fantasy_rpg","tools":["inventory_service","template_pool_service","... (8 items)"]}
01:59:41 [[32minfo[39m]  Agent initialized: skill - SkillAgent
01:59:41 [[32minfo[39m] [AGENT-START] Agent skill starting {"agent":"skill","provider":null,"toolsConfigured":7,"maxIterations":200,"isSubAgent":true}
01:59:41 [[32minfo[39m]  Created AgentRuntime: skill {"profile":"fantasy_rpg","tools":["skill_service","template_pool_service","... (7 items)"]}
01:59:41 [[32minfo[39m]  Agent initialized: event - EventAgent
01:59:41 [[32minfo[39m] [AGENT-START] Agent event starting {"agent":"event","provider":null,"toolsConfigured":5,"maxIterations":200,"isSubAgent":true}
01:59:41 [[32minfo[39m]  Created AgentRuntime: event {"profile":"fantasy_rpg","tools":["event_service","game_time_service","... (5 items)"]}
01:59:41 [[32minfo[39m]  Agent initialized: time - TimeAgent
01:59:41 [[32minfo[39m] [AGENT-START] Agent time starting {"agent":"time","provider":null,"toolsConfigured":4,"maxIterations":200,"isSubAgent":true}
01:59:41 [[32minfo[39m]  Created AgentRuntime: time {"profile":"fantasy_rpg","tools":["game_time_service","rule_service","... (4 items)"]}
01:59:41 [[32minfo[39m]  Permissions configured from agent.tools for profile: fantasy_rpg
01:59:41 [[32minfo[39m]  YAML permissions configured
01:59:41 [[32minfo[39m]  Registering AgentRuntime instances to GameMasterAgent...
01:59:41 [[32minfo[39m]  Registered AgentRuntime to Coordinator: gamemaster
01:59:41 [[32minfo[39m]  Registered AgentRuntime to Coordinator: map
01:59:41 [[32minfo[39m]  Registered AgentRuntime to Coordinator: challenge
01:59:41 [[32minfo[39m]  Registered AgentRuntime to Coordinator: output
01:59:41 [[32minfo[39m]  Registered AgentRuntime to Coordinator: quest
01:59:41 [[32minfo[39m]  Registered AgentRuntime to Coordinator: npc_party
01:59:41 [[32minfo[39m]  Registered AgentRuntime to Coordinator: inventory
01:59:41 [[32minfo[39m]  Registered AgentRuntime to Coordinator: skill
01:59:41 [[32minfo[39m]  Registered AgentRuntime to Coordinator: event
01:59:41 [[32minfo[39m]  Registered AgentRuntime to Coordinator: time
01:59:41 [[32minfo[39m]  GameDataExpander configured (manifest path enabled)
01:59:41 [[32minfo[39m]  DedupService configured (dispatch log persistence enabled)
01:59:41 [[32minfo[39m]  Agent system initialized: 10 AgentRuntime instances created
鉁?Agent system initialized with 10 agents
鈿狅笍 YAML Agent system skipped: __vi_import_5__.initializeYamlAgentSystem is not a function
01:59:42 [[32minfo[39m]  Agent routes initialized
01:59:42 [[32minfo[39m]  Save routes initialized
01:59:42 [[32minfo[39m]  Synced template from YAML to DB: cthulhu-investigation
01:59:42 [[32minfo[39m]  Synced template from YAML to DB: cyberpunk-mercenary
01:59:42 [[32minfo[39m]  Synced template from YAML to DB: medieval-fantasy
01:59:42 [[32minfo[39m]  Synced template from YAML to DB: modern-romance
01:59:43 [[32minfo[39m]  Synced template from YAML to DB: xianxia
01:59:43 [[32minfo[39m]  Synced 5 templates from YAML to database
01:59:43 [[32minfo[39m]  Cache refreshed with 5 templates
01:59:43 [[32minfo[39m]  TemplateService loaded {"cachedTemplates":5}
鉁?Template YAML loaded and synced to DB
01:59:43 [[32minfo[39m]  Template routes initialized
鉁?Test environment setup complete

[90mstdout[2m | src/services/__tests__/ws-e2e-flow.test.ts[2m > [22m[2mWS-8: WebSocket 绔埌绔泦鎴愭祴璇?[2m > [22m[2m鎴愬姛璺緞锛歐S璇锋眰 鈫?杩涘害浜嬩欢 鈫?鏈€缁堢粨鏋?[2m > [22m[2mchat 璇锋眰锛氬鎴风鏀跺埌 agent_progress 杩涘害浜嬩欢搴忓垪 + game:result 鏈€缁堢粨鏋?[22m[39m
Running migration: 001_init.ts
Migration 001_init.ts completed successfully
Running migration: 002_add_equipped_index.ts
Migration 002_add_equipped_index.ts completed successfully
Running migration: 003_fix_information_boundaries_timestamps.ts
Migration 003_fix_information_boundaries_timestamps.ts completed successfully
Running migration: 004_drop_information_boundaries.ts
004_drop_information_boundaries: information_boundaries table not found, skipping migration
004_drop_information_boundaries: cleared custom_data.knowledge from 0 NPCs
Migration 004_drop_information_boundaries.ts completed successfully
Running migration: 005_drop_npc_relations.ts
005_drop_npc_relations: dropped npc_relations table
Migration 005_drop_npc_relations.ts completed successfully
Running migration: 006_awareness_relationship_events_states.ts
006: created entity_awareness_events table
006: created entity_awareness_states table
006: created entity_relationship_events table
006: created entity_relationship_states table
Migration 006_awareness_relationship_events_states.ts completed successfully
Running migration: 007_add_combat_mode.ts
007: added combat_states.mode column
Migration 007_add_combat_mode.ts completed successfully
Running migration: 008_add_saves_active_challenge_mode.ts
008: added saves.active_challenge_mode column
Migration 008_add_saves_active_challenge_mode.ts completed successfully
All migrations completed
01:59:43 [[32minfo[39m]  Save routes initialized
01:59:43 [[32minfo[39m]  WebSocket server initialized on /ws
01:59:43 [[32minfo[39m]  Save created {"saveId":"save_Test_Save_1785002383422_0","name":"Test Save","templateId":"test-template","restrictionType":"free"}

[90mstdout[2m | tests/agent-system/websocket.test.ts[2m > [22m[2mWebSocket Communication System[2m > [22m[2mWebSocket Session Recovery[2m > [22m[2mshould restore session on reconnect with same clientId[22m[39m
01:59:43 [[32minfo[39m]  WebSocket client connected. Total: 1

[90mstdout[2m | tests/agent-system/websocket.test.ts[2m > [22m[2mWebSocket Communication System[2m > [22m[2mWebSocket Session Recovery[2m > [22m[2mshould restore session on reconnect with same clientId[22m[39m
01:59:43 [[32minfo[39m]  WebSocket client authenticated {"clientId":"client_c4c46d28-4e2f-4765-a3d8-be8e68095600"}
01:59:43 [[32minfo[39m]  WebSocket server shut down

[90mstdout[2m | tests/agent-system/websocket.test.ts[2m > [22m[2mWebSocket Communication System[2m > [22m[2mWebSocket Session Recovery[2m > [22m[2mshould handle subscribe after reconnect[22m[39m
01:59:43 [[32minfo[39m]  WebSocket server initialized on /ws
01:59:43 [[32minfo[39m]  WebSocket client disconnected {"clientId":null,"code":1005,"total":0}

[90mstdout[2m | tests/agent-system/websocket.test.ts[2m > [22m[2mWebSocket Communication System[2m > [22m[2mWebSocket Session Recovery[2m > [22m[2mshould handle subscribe after reconnect[22m[39m
01:59:43 [[32minfo[39m]  WebSocket client connected. Total: 1

[90mstdout[2m | tests/agent-system/websocket.test.ts[2m > [22m[2mWebSocket Communication System[2m > [22m[2mWebSocket Session Recovery[2m > [22m[2mshould handle subscribe after reconnect[22m[39m
01:59:43 [[32minfo[39m]  WebSocket client authenticated {"clientId":"client_3f7563a6-5b72-41c8-8279-62570ee5a447"}

[90mstdout[2m | src/services/__tests__/ws-e2e-flow.test.ts[2m > [22m[2mWS-8: WebSocket 绔埌绔泦鎴愭祴璇?[2m > [22m[2m鎴愬姛璺緞锛歐S璇锋眰 鈫?杩涘害浜嬩欢 鈫?鏈€缁堢粨鏋?[2m > [22m[2mchat 璇锋眰锛氬鎴风鏀跺埌 agent_progress 杩涘害浜嬩欢搴忓垪 + game:result 鏈€缁堢粨鏋?[22m[39m
01:59:43 [[32minfo[39m]  WebSocket client connected. Total: 1

[90mstdout[2m | src/services/__tests__/ws-e2e-flow.test.ts[2m > [22m[2mWS-8: WebSocket 绔埌绔泦鎴愭祴璇?[2m > [22m[2m鎴愬姛璺緞锛歐S璇锋眰 鈫?杩涘害浜嬩欢 鈫?鏈€缁堢粨鏋?[2m > [22m[2mchat 璇锋眰锛氬鎴风鏀跺埌 agent_progress 杩涘害浜嬩欢搴忓垪 + game:result 鏈€缁堢粨鏋?[22m[39m
01:59:43 [[32minfo[39m]  WebSocket client authenticated {"clientId":"client_65e7d7d9-fe59-49d4-ae99-2abe551d6c7f"}

[90mstdout[2m | src/services/__tests__/ws-e2e-flow.test.ts[2m > [22m[2mWS-8: WebSocket 绔埌绔泦鎴愭祴璇?[2m > [22m[2m鎴愬姛璺緞锛歐S璇锋眰 鈫?杩涘害浜嬩欢 鈫?鏈€缁堢粨鏋?[2m > [22m[2mchat 璇锋眰锛氬鎴风鏀跺埌 agent_progress 杩涘害浜嬩欢搴忓垪 + game:result 鏈€缁堢粨鏋?[22m[39m
01:59:43 [[32minfo[39m]  Client subscribed {"clientId":"client_65e7d7d9-fe59-49d4-ae99-2abe551d6c7f","saveId":"save_Test_Save_1785002383422_0"}

[90mstdout[2m | tests/agent-system/websocket.test.ts[2m > [22m[2mWebSocket Communication System[2m > [22m[2mWebSocket Session Recovery[2m > [22m[2mshould handle subscribe after reconnect[22m[39m
01:59:43 [[32minfo[39m]  WebSocket client disconnected {"clientId":"client_3f7563a6-5b72-41c8-8279-62570ee5a447","code":1005,"total":0}

[90mstdout[2m | src/routes/__tests__/e2e-game-core.test.ts[2m > [22m[2mE2E: Game Core Flow (Init + Chat + Save)[2m > [22m[2mPOST /api/v1/game 鈥?Initialize[2m > [22m[2mmissing characterData returns 400[22m[39m
Running migration: 001_init.ts
Migration 001_init.ts completed successfully
Running migration: 002_add_equipped_index.ts
Migration 002_add_equipped_index.ts completed successfully
Running migration: 003_fix_information_boundaries_timestamps.ts
Migration 003_fix_information_boundaries_timestamps.ts completed successfully
Running migration: 004_drop_information_boundaries.ts
004_drop_information_boundaries: information_boundaries table not found, skipping migration
004_drop_information_boundaries: cleared custom_data.knowledge from 0 NPCs
Migration 004_drop_information_boundaries.ts completed successfully
Running migration: 005_drop_npc_relations.ts
005_drop_npc_relations: dropped npc_relations table
Migration 005_drop_npc_relations.ts completed successfully
Running migration: 006_awareness_relationship_events_states.ts
006: created entity_awareness_events table
006: created entity_awareness_states table
006: created entity_relationship_events table
006: created entity_relationship_states table
Migration 006_awareness_relationship_events_states.ts completed successfully
Running migration: 007_add_combat_mode.ts
007: added combat_states.mode column
Migration 007_add_combat_mode.ts completed successfully
Running migration: 008_add_saves_active_challenge_mode.ts
008: added saves.active_challenge_mode column
Migration 008_add_saves_active_challenge_mode.ts completed successfully
All migrations completed
01:59:43 [[32minfo[39m]  Save routes initialized

[90mstdout[2m | src/services/__tests__/ws-e2e-flow.test.ts[2m > [22m[2mWS-8: WebSocket 绔埌绔泦鎴愭祴璇?[2m > [22m[2m鎴愬姛璺緞锛歐S璇锋眰 鈫?杩涘害浜嬩欢 鈫?鏈€缁堢粨鏋?[2m > [22m[2mchat 璇锋眰锛氬鎴风鏀跺埌 agent_progress 杩涘害浜嬩欢搴忓垪 + game:result 鏈€缁堢粨鏋?[22m[39m
01:59:43 [[32minfo[39m]  WebSocket server shut down

[90mstdout[2m | src/services/__tests__/ws-e2e-flow.test.ts[2m > [22m[2mWS-8: WebSocket 绔埌绔泦鎴愭祴璇?[2m > [22m[2m鎴愬姛璺緞锛歐S璇锋眰 鈫?杩涘害浜嬩欢 鈫?鏈€缁堢粨鏋?[2m > [22m[2m杩涘害浜嬩欢鎼哄甫 agentRunId / agentType / taskDescription 瀛楁[22m[39m
Running migration: 001_init.ts
Migration 001_init.ts completed successfully
Running migration: 002_add_equipped_index.ts
Migration 002_add_equipped_index.ts completed successfully
Running migration: 003_fix_information_boundaries_timestamps.ts
Migration 003_fix_information_boundaries_timestamps.ts completed successfully
Running migration: 004_drop_information_boundaries.ts
004_drop_information_boundaries: information_boundaries table not found, skipping migration
004_drop_information_boundaries: cleared custom_data.knowledge from 0 NPCs
Migration 004_drop_information_boundaries.ts completed successfully
Running migration: 005_drop_npc_relations.ts
005_drop_npc_relations: dropped npc_relations table
Migration 005_drop_npc_relations.ts completed successfully
Running migration: 006_awareness_relationship_events_states.ts
006: created entity_awareness_events table
006: created entity_awareness_states table
006: created entity_relationship_events table
006: created entity_relationship_states table
Migration 006_awareness_relationship_events_states.ts completed successfully
Running migration: 007_add_combat_mode.ts
007: added combat_states.mode column
Migration 007_add_combat_mode.ts completed successfully
Running migration: 008_add_saves_active_challenge_mode.ts
008: added saves.active_challenge_mode column
Migration 008_add_saves_active_challenge_mode.ts completed successfully
All migrations completed
01:59:43 [[32minfo[39m]  Save routes initialized
01:59:43 [[32minfo[39m]  WebSocket server initialized on /ws
01:59:43 [[32minfo[39m]  Save created {"saveId":"save_Test_Save_1785002383626_1","name":"Test Save","templateId":"test-template","restrictionType":"free"}
01:59:43 [[32minfo[39m]  WebSocket client disconnected {"clientId":null,"code":1005,"total":0}

[90mstdout[2m | src/services/__tests__/ws-e2e-flow.test.ts[2m > [22m[2mWS-8: WebSocket 绔埌绔泦鎴愭祴璇?[2m > [22m[2m鎴愬姛璺緞锛歐S璇锋眰 鈫?杩涘害浜嬩欢 鈫?鏈€缁堢粨鏋?[2m > [22m[2m杩涘害浜嬩欢鎼哄甫 agentRunId / agentType / taskDescription 瀛楁[22m[39m
01:59:43 [[32minfo[39m]  WebSocket client connected. Total: 1

[90mstdout[2m | src/services/__tests__/ws-e2e-flow.test.ts[2m > [22m[2mWS-8: WebSocket 绔埌绔泦鎴愭祴璇?[2m > [22m[2m鎴愬姛璺緞锛歐S璇锋眰 鈫?杩涘害浜嬩欢 鈫?鏈€缁堢粨鏋?[2m > [22m[2m杩涘害浜嬩欢鎼哄甫 agentRunId / agentType / taskDescription 瀛楁[22m[39m
01:59:43 [[32minfo[39m]  WebSocket client authenticated {"clientId":"client_2822ef15-f214-4747-8af7-28838db2f072"}
01:59:43 [[32minfo[39m]  Client subscribed {"clientId":"client_2822ef15-f214-4747-8af7-28838db2f072","saveId":"save_Test_Save_1785002383626_1"}

[90mstdout[2m | tests/agent-system/websocket.test.ts[2m > [22m[2mWebSocket Communication System[2m > [22m[2mWebSocket Session Recovery[2m > [22m[2mshould handle subscribe after reconnect[22m[39m
01:59:43 [[32minfo[39m]  WebSocket client connected. Total: 1

[90mstdout[2m | tests/agent-system/websocket.test.ts[2m > [22m[2mWebSocket Communication System[2m > [22m[2mWebSocket Session Recovery[2m > [22m[2mshould handle subscribe after reconnect[22m[39m
01:59:43 [[32minfo[39m]  WebSocket client authenticated {"clientId":"client_0787390e-9dc2-4ecf-8bd6-d7d8f07b87fc"}
01:59:43 [[32minfo[39m]  Client subscribed {"clientId":"client_0787390e-9dc2-4ecf-8bd6-d7d8f07b87fc","saveId":"save-after-reconnect"}

[90mstdout[2m | tests/agent-system/websocket.test.ts[2m > [22m[2mWebSocket Communication System[2m > [22m[2mWebSocket Session Recovery[2m > [22m[2mshould handle subscribe after reconnect[22m[39m
01:59:43 [[32minfo[39m]  WebSocket server shut down

[90mstdout[2m | src/routes/__tests__/e2e-game-core.test.ts[2m > [22m[2mE2E: Game Core Flow (Init + Chat + Save)[2m > [22m[2mPOST /api/v1/game 鈥?Initialize[2m > [22m[2mpartial characterData (missing name) returns 400[22m[39m
Running migration: 001_init.ts
Migration 001_init.ts completed successfully
Running migration: 002_add_equipped_index.ts
Migration 002_add_equipped_index.ts completed successfully
Running migration: 003_fix_information_boundaries_timestamps.ts
Migration 003_fix_information_boundaries_timestamps.ts completed successfully
Running migration: 004_drop_information_boundaries.ts
004_drop_information_boundaries: information_boundaries table not found, skipping migration
004_drop_information_boundaries: cleared custom_data.knowledge from 0 NPCs
Migration 004_drop_information_boundaries.ts completed successfully
Running migration: 005_drop_npc_relations.ts
005_drop_npc_relations: dropped npc_relations table
Migration 005_drop_npc_relations.ts completed successfully
Running migration: 006_awareness_relationship_events_states.ts
006: created entity_awareness_events table
006: created entity_awareness_states table
006: created entity_relationship_events table
006: created entity_relationship_states table
Migration 006_awareness_relationship_events_states.ts completed successfully
Running migration: 007_add_combat_mode.ts
007: added combat_states.mode column
Migration 007_add_combat_mode.ts completed successfully
Running migration: 008_add_saves_active_challenge_mode.ts
008: added saves.active_challenge_mode column
Migration 008_add_saves_active_challenge_mode.ts completed successfully
All migrations completed
01:59:43 [[32minfo[39m]  Save routes initialized

[90mstdout[2m | src/services/__tests__/ws-e2e-flow.test.ts[2m > [22m[2mWS-8: WebSocket 绔埌绔泦鎴愭祴璇?[2m > [22m[2m鎴愬姛璺緞锛歐S璇锋眰 鈫?杩涘害浜嬩欢 鈫?鏈€缁堢粨鏋?[2m > [22m[2m杩涘害浜嬩欢鎼哄甫 agentRunId / agentType / taskDescription 瀛楁[22m[39m
01:59:43 [[32minfo[39m]  WebSocket server shut down

[90mstdout[2m | tests/agent-system/websocket.test.ts[2m > [22m[2mWebSocket Communication System[2m > [22m[2mWebSocket + Agent Integration[2m > [22m[2mshould broadcast game events after save creation[22m[39m
01:59:43 [[32minfo[39m]  WebSocket server initialized on /ws
01:59:43 [[32minfo[39m]  WebSocket client disconnected {"clientId":null,"code":1005,"total":0}
01:59:43 [[32minfo[39m]  Save created {"saveId":"save_WebSocket_Integration_Test_1785002383679_0","name":"WebSocket Integration Test","restrictionType":"free"}
01:59:43 [[32minfo[39m]  POST / 201 13ms f44bec96 {"method":"POST","url":"/","status":201,"duration":"13ms"}

[90mstdout[2m | tests/agent-system/websocket.test.ts[2m > [22m[2mWebSocket Communication System[2m > [22m[2mWebSocket + Agent Integration[2m > [22m[2mshould broadcast game events after save creation[22m[39m
01:59:43 [[32minfo[39m]  WebSocket client connected. Total: 1
01:59:43 [[32minfo[39m]  WebSocket client authenticated {"clientId":"client_2d35ff94-f00d-4f18-9577-8f15fc2ead44"}
01:59:43 [[32minfo[39m]  Client subscribed {"clientId":"client_2d35ff94-f00d-4f18-9577-8f15fc2ead44","saveId":"save_WebSocket_Integration_Test_1785002383679_0"}

[90mstdout[2m | tests/agent-system/websocket.test.ts[2m > [22m[2mWebSocket Communication System[2m > [22m[2mWebSocket + Agent Integration[2m > [22m[2mshould broadcast game events after save creation[22m[39m
01:59:43 [[32minfo[39m]  WebSocket server shut down

[90mstdout[2m | tests/agent-system/websocket.test.ts[2m > [22m[2mWebSocket Communication System[2m > [22m[2mWebSocket + Agent Integration[2m > [22m[2mshould isolate events between different save sessions[22m[39m
01:59:43 [[32minfo[39m]  WebSocket server initialized on /ws
01:59:43 [[32minfo[39m]  WebSocket client disconnected {"clientId":null,"code":1005,"total":0}

[90mstdout[2m | src/services/__tests__/ws-e2e-flow.test.ts[2m > [22m[2mWS-8: WebSocket 绔埌绔泦鎴愭祴璇?[2m > [22m[2m閿欒澶勭悊锛歐S璇锋眰 鈫?game:error / partialSuccess[2m > [22m[2mcoordinator 杩斿洖澶辫触鏃跺鎴风鏀跺埌 game:result锛坧artialSuccess=true锛?[22m[39m
Running migration: 001_init.ts
Migration 001_init.ts completed successfully
Running migration: 002_add_equipped_index.ts
Migration 002_add_equipped_index.ts completed successfully
Running migration: 003_fix_information_boundaries_timestamps.ts
Migration 003_fix_information_boundaries_timestamps.ts completed successfully
Running migration: 004_drop_information_boundaries.ts
004_drop_information_boundaries: information_boundaries table not found, skipping migration
004_drop_information_boundaries: cleared custom_data.knowledge from 0 NPCs
Migration 004_drop_information_boundaries.ts completed successfully
Running migration: 005_drop_npc_relations.ts
005_drop_npc_relations: dropped npc_relations table
Migration 005_drop_npc_relations.ts completed successfully
Running migration: 006_awareness_relationship_events_states.ts
006: created entity_awareness_events table
006: created entity_awareness_states table
006: created entity_relationship_events table
006: created entity_relationship_states table
Migration 006_awareness_relationship_events_states.ts completed successfully
Running migration: 007_add_combat_mode.ts
007: added combat_states.mode column
Migration 007_add_combat_mode.ts completed successfully
Running migration: 008_add_saves_active_challenge_mode.ts
008: added saves.active_challenge_mode column
Migration 008_add_saves_active_challenge_mode.ts completed successfully
All migrations completed
01:59:43 [[32minfo[39m]  Save routes initialized
01:59:43 [[32minfo[39m]  WebSocket server initialized on /ws
01:59:43 [[32minfo[39m]  Save created {"saveId":"save_Test_Save_1785002383708_2","name":"Test Save","templateId":"test-template","restrictionType":"free"}
01:59:43 [[32minfo[39m]  WebSocket client disconnected {"clientId":null,"code":1005,"total":0}

[90mstdout[2m | tests/agent-system/websocket.test.ts[2m > [22m[2mWebSocket Communication System[2m > [22m[2mWebSocket + Agent Integration[2m > [22m[2mshould isolate events between different save sessions[22m[39m
01:59:43 [[32minfo[39m]  Save created {"saveId":"save_Isolation_Test_1_1785002383705_1","name":"Isolation Test 1","restrictionType":"free"}
01:59:43 [[32minfo[39m]  POST / 201 2ms 163f6e32 {"method":"POST","url":"/","status":201,"duration":"2ms"}

[90mstdout[2m | src/services/__tests__/ws-e2e-flow.test.ts[2m > [22m[2mWS-8: WebSocket 绔埌绔泦鎴愭祴璇?[2m > [22m[2m閿欒澶勭悊锛歐S璇锋眰 鈫?game:error / partialSuccess[2m > [22m[2mcoordinator 杩斿洖澶辫触鏃跺鎴风鏀跺埌 game:result锛坧artialSuccess=true锛?[22m[39m
01:59:43 [[32minfo[39m]  WebSocket client connected. Total: 1

[90mstdout[2m | src/services/__tests__/ws-e2e-flow.test.ts[2m > [22m[2mWS-8: WebSocket 绔埌绔泦鎴愭祴璇?[2m > [22m[2m閿欒澶勭悊锛歐S璇锋眰 鈫?game:error / partialSuccess[2m > [22m[2mcoordinator 杩斿洖澶辫触鏃跺鎴风鏀跺埌 game:result锛坧artialSuccess=true锛?[22m[39m
01:59:43 [[32minfo[39m]  WebSocket client authenticated {"clientId":"client_cf9cd735-ddb4-46e4-b869-a17cafffce8f"}

[90mstdout[2m | tests/agent-system/websocket.test.ts[2m > [22m[2mWebSocket Communication System[2m > [22m[2mWebSocket + Agent Integration[2m > [22m[2mshould isolate events between different save sessions[22m[39m
01:59:43 [[32minfo[39m]  Save created {"saveId":"save_Isolation_Test_2_1785002383712_2","name":"Isolation Test 2","restrictionType":"free"}
01:59:43 [[32minfo[39m]  POST / 201 2ms 054f35c7 {"method":"POST","url":"/","status":201,"duration":"2ms"}

[90mstdout[2m | src/services/__tests__/ws-e2e-flow.test.ts[2m > [22m[2mWS-8: WebSocket 绔埌绔泦鎴愭祴璇?[2m > [22m[2m閿欒澶勭悊锛歐S璇锋眰 鈫?game:error / partialSuccess[2m > [22m[2mcoordinator 杩斿洖澶辫触鏃跺鎴风鏀跺埌 game:result锛坧artialSuccess=true锛?[22m[39m
01:59:43 [[32minfo[39m]  Client subscribed {"clientId":"client_cf9cd735-ddb4-46e4-b869-a17cafffce8f","saveId":"save_Test_Save_1785002383708_2"}

[90mstdout[2m | tests/agent-system/websocket.test.ts[2m > [22m[2mWebSocket Communication System[2m > [22m[2mWebSocket + Agent Integration[2m > [22m[2mshould isolate events between different save sessions[22m[39m
01:59:43 [[32minfo[39m]  WebSocket client connected. Total: 1

[90mstdout[2m | tests/agent-system/websocket.test.ts[2m > [22m[2mWebSocket Communication System[2m > [22m[2mWebSocket + Agent Integration[2m > [22m[2mshould isolate events between different save sessions[22m[39m
01:59:43 [[32minfo[39m]  WebSocket client authenticated {"clientId":"client_6fc0d1d3-903e-4807-8ed8-2f33f19f1459"}

[90mstdout[2m | tests/agent-system/websocket.test.ts[2m > [22m[2mWebSocket Communication System[2m > [22m[2mWebSocket + Agent Integration[2m > [22m[2mshould isolate events between different save sessions[22m[39m
01:59:43 [[32minfo[39m]  WebSocket client connected. Total: 2

[90mstdout[2m | tests/agent-system/websocket.test.ts[2m > [22m[2mWebSocket Communication System[2m > [22m[2mWebSocket + Agent Integration[2m > [22m[2mshould isolate events between different save sessions[22m[39m
01:59:43 [[32minfo[39m]  WebSocket client authenticated {"clientId":"client_d1d514f4-b998-46b5-a343-89430ce0b11d"}

[90mstdout[2m | tests/agent-system/websocket.test.ts[2m > [22m[2mWebSocket Communication System[2m > [22m[2mWebSocket + Agent Integration[2m > [22m[2mshould isolate events between different save sessions[22m[39m
01:59:43 [[32minfo[39m]  Client subscribed {"clientId":"client_6fc0d1d3-903e-4807-8ed8-2f33f19f1459","saveId":"save_Isolation_Test_1_1785002383705_1"}
01:59:43 [[32minfo[39m]  Client subscribed {"clientId":"client_d1d514f4-b998-46b5-a343-89430ce0b11d","saveId":"save_Isolation_Test_2_1785002383712_2"}

[90mstdout[2m | src/services/__tests__/ws-e2e-flow.test.ts[2m > [22m[2mWS-8: WebSocket 绔埌绔泦鎴愭祴璇?[2m > [22m[2m閿欒澶勭悊锛歐S璇锋眰 鈫?game:error / partialSuccess[2m > [22m[2mcoordinator 杩斿洖澶辫触鏃跺鎴风鏀跺埌 game:result锛坧artialSuccess=true锛?[22m[39m
01:59:43 [[32minfo[39m]  WebSocket server shut down

[90mstdout[2m | src/routes/__tests__/e2e-game-core.test.ts[2m > [22m[2mE2E: Game Core Flow (Init + Chat + Save)[2m > [22m[2mPOST /api/v1/game 鈥?Initialize[2m > [22m[2msuccessful initialization returns metadata with saveId and characterId[22m[39m
Running migration: 001_init.ts
Migration 001_init.ts completed successfully
Running migration: 002_add_equipped_index.ts
Migration 002_add_equipped_index.ts completed successfully
Running migration: 003_fix_information_boundaries_timestamps.ts
Migration 003_fix_information_boundaries_timestamps.ts completed successfully
Running migration: 004_drop_information_boundaries.ts
004_drop_information_boundaries: information_boundaries table not found, skipping migration
004_drop_information_boundaries: cleared custom_data.knowledge from 0 NPCs
Migration 004_drop_information_boundaries.ts completed successfully
Running migration: 005_drop_npc_relations.ts
005_drop_npc_relations: dropped npc_relations table
Migration 005_drop_npc_relations.ts completed successfully
Running migration: 006_awareness_relationship_events_states.ts
006: created entity_awareness_events table
006: created entity_awareness_states table
006: created entity_relationship_events table
006: created entity_relationship_states table
Migration 006_awareness_relationship_events_states.ts completed successfully
Running migration: 007_add_combat_mode.ts
007: added combat_states.mode column
Migration 007_add_combat_mode.ts completed successfully
Running migration: 008_add_saves_active_challenge_mode.ts
008: added saves.active_challenge_mode column
Migration 008_add_saves_active_challenge_mode.ts completed successfully
All migrations completed
01:59:43 [[32minfo[39m]  Save routes initialized

[90mstdout[2m | src/routes/__tests__/e2e-game-core.test.ts[2m > [22m[2mE2E: Game Core Flow (Init + Chat + Save)[2m > [22m[2mPOST /api/v1/game 鈥?Initialize[2m > [22m[2msuccessful initialization returns metadata with saveId and characterId[22m[39m
01:59:43 [[31merror[39m]  Game route error {"action":"initialize","error":"Cannot read properties of undefined (reading 'createSave')"}
01:59:43 [[31merror[39m]  Error occurred: Cannot read properties of undefined (reading 'createSave') {"name":"TypeError"}

[90mstdout[2m | src/services/__tests__/ws-e2e-flow.test.ts[2m > [22m[2mWS-8: WebSocket 绔埌绔泦鎴愭祴璇?[2m > [22m[2m閿欒澶勭悊锛歐S璇锋眰 鈫?game:error / partialSuccess[2m > [22m[2m涓嶅瓨鍦ㄧ殑 saveId 杩斿洖鍙仮澶嶉敊璇?[22m[39m
Running migration: 001_init.ts
Migration 001_init.ts completed successfully
Running migration: 002_add_equipped_index.ts
Migration 002_add_equipped_index.ts completed successfully
Running migration: 003_fix_information_boundaries_timestamps.ts
Migration 003_fix_information_boundaries_timestamps.ts completed successfully
Running migration: 004_drop_information_boundaries.ts
004_drop_information_boundaries: information_boundaries table not found, skipping migration
004_drop_information_boundaries: cleared custom_data.knowledge from 0 NPCs
Migration 004_drop_information_boundaries.ts completed successfully
Running migration: 005_drop_npc_relations.ts
005_drop_npc_relations: dropped npc_relations table
Migration 005_drop_npc_relations.ts completed successfully
Running migration: 006_awareness_relationship_events_states.ts
006: created entity_awareness_events table
006: created entity_awareness_states table
006: created entity_relationship_events table
006: created entity_relationship_states table
Migration 006_awareness_relationship_events_states.ts completed successfully
Running migration: 007_add_combat_mode.ts
007: added combat_states.mode column
Migration 007_add_combat_mode.ts completed successfully
Running migration: 008_add_saves_active_challenge_mode.ts
008: added saves.active_challenge_mode column
Migration 008_add_saves_active_challenge_mode.ts completed successfully
All migrations completed
01:59:43 [[32minfo[39m]  Save routes initialized
01:59:43 [[32minfo[39m]  WebSocket server initialized on /ws
01:59:43 [[32minfo[39m]  WebSocket client disconnected {"clientId":null,"code":1005,"total":0}

[90mstdout[2m | src/services/__tests__/ws-e2e-flow.test.ts[2m > [22m[2mWS-8: WebSocket 绔埌绔泦鎴愭祴璇?[2m > [22m[2m閿欒澶勭悊锛歐S璇锋眰 鈫?game:error / partialSuccess[2m > [22m[2m涓嶅瓨鍦ㄧ殑 saveId 杩斿洖鍙仮澶嶉敊璇?[22m[39m
01:59:43 [[32minfo[39m]  WebSocket client connected. Total: 1
01:59:43 [[32minfo[39m]  WebSocket client authenticated {"clientId":"client_cb155542-9700-453a-8966-b5cec3bf0505"}

[90mstdout[2m | src/services/__tests__/ws-e2e-flow.test.ts[2m > [22m[2mWS-8: WebSocket 绔埌绔泦鎴愭祴璇?[2m > [22m[2m閿欒澶勭悊锛歐S璇锋眰 鈫?game:error / partialSuccess[2m > [22m[2m涓嶅瓨鍦ㄧ殑 saveId 杩斿洖鍙仮澶嶉敊璇?[22m[39m
01:59:43 [[32minfo[39m]  WebSocket server shut down

[90mstdout[2m | src/routes/__tests__/e2e-game-core.test.ts[2m > [22m[2mE2E: Game Core Flow (Init + Chat + Save)[2m > [22m[2mPOST /api/v1/game 鈥?Initialize[2m > [22m[2mcoordinator failure triggers rollback and returns 400[22m[39m
Running migration: 001_init.ts
Migration 001_init.ts completed successfully
Running migration: 002_add_equipped_index.ts
Migration 002_add_equipped_index.ts completed successfully
Running migration: 003_fix_information_boundaries_timestamps.ts
Migration 003_fix_information_boundaries_timestamps.ts completed successfully
Running migration: 004_drop_information_boundaries.ts
004_drop_information_boundaries: information_boundaries table not found, skipping migration
004_drop_information_boundaries: cleared custom_data.knowledge from 0 NPCs
Migration 004_drop_information_boundaries.ts completed successfully
Running migration: 005_drop_npc_relations.ts
005_drop_npc_relations: dropped npc_relations table
Migration 005_drop_npc_relations.ts completed successfully
Running migration: 006_awareness_relationship_events_states.ts
006: created entity_awareness_events table
006: created entity_awareness_states table
006: created entity_relationship_events table
006: created entity_relationship_states table
Migration 006_awareness_relationship_events_states.ts completed successfully
Running migration: 007_add_combat_mode.ts
007: added combat_states.mode column
Migration 007_add_combat_mode.ts completed successfully
Running migration: 008_add_saves_active_challenge_mode.ts
008: added saves.active_challenge_mode column
Migration 008_add_saves_active_challenge_mode.ts completed successfully
All migrations completed
01:59:43 [[32minfo[39m]  Save routes initialized

[90mstdout[2m | src/services/__tests__/ws-e2e-flow.test.ts[2m > [22m[2mWS-8: WebSocket 绔埌绔泦鎴愭祴璇?[2m > [22m[2m閿欒澶勭悊锛歐S璇锋眰 鈫?game:error / partialSuccess[2m > [22m[2mhandler 鎶涘紓甯告椂杩斿洖 game:error锛坮ecoverable=false锛?[22m[39m
Running migration: 001_init.ts
Migration 001_init.ts completed successfully
Running migration: 002_add_equipped_index.ts
Migration 002_add_equipped_index.ts completed successfully
Running migration: 003_fix_information_boundaries_timestamps.ts
Migration 003_fix_information_boundaries_timestamps.ts completed successfully
Running migration: 004_drop_information_boundaries.ts
004_drop_information_boundaries: information_boundaries table not found, skipping migration
004_drop_information_boundaries: cleared custom_data.knowledge from 0 NPCs
Migration 004_drop_information_boundaries.ts completed successfully
Running migration: 005_drop_npc_relations.ts
005_drop_npc_relations: dropped npc_relations table
Migration 005_drop_npc_relations.ts completed successfully
Running migration: 006_awareness_relationship_events_states.ts
006: created entity_awareness_events table
006: created entity_awareness_states table
006: created entity_relationship_events table
006: created entity_relationship_states table
Migration 006_awareness_relationship_events_states.ts completed successfully
Running migration: 007_add_combat_mode.ts
007: added combat_states.mode column
Migration 007_add_combat_mode.ts completed successfully
Running migration: 008_add_saves_active_challenge_mode.ts
008: added saves.active_challenge_mode column
Migration 008_add_saves_active_challenge_mode.ts completed successfully
All migrations completed
01:59:43 [[32minfo[39m]  Save routes initialized
01:59:43 [[32minfo[39m]  WebSocket server initialized on /ws
01:59:43 [[32minfo[39m]  Save created {"saveId":"save_Test_Save_1785002383854_3","name":"Test Save","templateId":"test-template","restrictionType":"free"}
01:59:43 [[32minfo[39m]  WebSocket client disconnected {"clientId":null,"code":1005,"total":0}

[90mstdout[2m | src/services/__tests__/ws-e2e-flow.test.ts[2m > [22m[2mWS-8: WebSocket 绔埌绔泦鎴愭祴璇?[2m > [22m[2m閿欒澶勭悊锛歐S璇锋眰 鈫?game:error / partialSuccess[2m > [22m[2mhandler 鎶涘紓甯告椂杩斿洖 game:error锛坮ecoverable=false锛?[22m[39m
01:59:43 [[32minfo[39m]  WebSocket client connected. Total: 1

[90mstdout[2m | src/services/__tests__/ws-e2e-flow.test.ts[2m > [22m[2mWS-8: WebSocket 绔埌绔泦鎴愭祴璇?[2m > [22m[2m閿欒澶勭悊锛歐S璇锋眰 鈫?game:error / partialSuccess[2m > [22m[2mhandler 鎶涘紓甯告椂杩斿洖 game:error锛坮ecoverable=false锛?[22m[39m
01:59:43 [[32minfo[39m]  WebSocket client authenticated {"clientId":"client_ada29f23-4c35-4a3b-a610-d3fd3a688e89"}
01:59:43 [[32minfo[39m]  Client subscribed {"clientId":"client_ada29f23-4c35-4a3b-a610-d3fd3a688e89","saveId":"save_Test_Save_1785002383854_3"}

[90mstdout[2m | src/routes/__tests__/e2e-game-core.test.ts[2m > [22m[2mE2E: Game Core Flow (Init + Chat + Save)[2m > [22m[2mPOST /api/v1/game 鈥?Initialize[2m > [22m[2mcoordinator failure triggers rollback and returns 400[22m[39m
01:59:43 [[31merror[39m]  Game route error {"action":"initialize","error":"Cannot read properties of undefined (reading 'createSave')"}
01:59:43 [[31merror[39m]  Error occurred: Cannot read properties of undefined (reading 'createSave') {"name":"TypeError"}

[90mstdout[2m | src/services/__tests__/ws-e2e-flow.test.ts[2m > [22m[2mWS-8: WebSocket 绔埌绔泦鎴愭祴璇?[2m > [22m[2m閿欒澶勭悊锛歐S璇锋眰 鈫?game:error / partialSuccess[2m > [22m[2mhandler 鎶涘紓甯告椂杩斿洖 game:error锛坮ecoverable=false锛?[22m[39m
01:59:43 [[32minfo[39m]  WebSocket server shut down

[90mstdout[2m | src/services/__tests__/ws-e2e-flow.test.ts[2m > [22m[2mWS-8: WebSocket 绔埌绔泦鎴愭祴璇?[2m > [22m[2m閿欒澶勭悊锛歐S璇锋眰 鈫?game:error / partialSuccess[2m > [22m[2mpartialSuccess 鍝嶅簲涔熸竻鐞?pending request锛坈ompletePendingRequest 琚皟鐢級[22m[39m
Running migration: 001_init.ts
Migration 001_init.ts completed successfully
Running migration: 002_add_equipped_index.ts
Migration 002_add_equipped_index.ts completed successfully
Running migration: 003_fix_information_boundaries_timestamps.ts
Migration 003_fix_information_boundaries_timestamps.ts completed successfully
Running migration: 004_drop_information_boundaries.ts
004_drop_information_boundaries: information_boundaries table not found, skipping migration
004_drop_information_boundaries: cleared custom_data.knowledge from 0 NPCs
Migration 004_drop_information_boundaries.ts completed successfully
Running migration: 005_drop_npc_relations.ts
005_drop_npc_relations: dropped npc_relations table
Migration 005_drop_npc_relations.ts completed successfully
Running migration: 006_awareness_relationship_events_states.ts
006: created entity_awareness_events table
006: created entity_awareness_states table
006: created entity_relationship_events table
006: created entity_relationship_states table
Migration 006_awareness_relationship_events_states.ts completed successfully
Running migration: 007_add_combat_mode.ts
007: added combat_states.mode column
Migration 007_add_combat_mode.ts completed successfully
Running migration: 008_add_saves_active_challenge_mode.ts
008: added saves.active_challenge_mode column
Migration 008_add_saves_active_challenge_mode.ts completed successfully
All migrations completed
01:59:43 [[32minfo[39m]  Save routes initialized
01:59:43 [[32minfo[39m]  WebSocket server initialized on /ws
01:59:43 [[32minfo[39m]  Save created {"saveId":"save_Test_Save_1785002383924_4","name":"Test Save","templateId":"test-template","restrictionType":"free"}
01:59:43 [[32minfo[39m]  WebSocket client disconnected {"clientId":null,"code":1005,"total":0}

[90mstdout[2m | src/routes/__tests__/e2e-game-core.test.ts[2m > [22m[2mE2E: Game Core Flow (Init + Chat + Save)[2m > [22m[2mPOST /api/v1/game 鈥?Initialize[2m > [22m[2maction "init" also triggers initialize (alias)[22m[39m
Running migration: 001_init.ts
Migration 001_init.ts completed successfully
Running migration: 002_add_equipped_index.ts
Migration 002_add_equipped_index.ts completed successfully
Running migration: 003_fix_information_boundaries_timestamps.ts
Migration 003_fix_information_boundaries_timestamps.ts completed successfully
Running migration: 004_drop_information_boundaries.ts
004_drop_information_boundaries: information_boundaries table not found, skipping migration
004_drop_information_boundaries: cleared custom_data.knowledge from 0 NPCs
Migration 004_drop_information_boundaries.ts completed successfully
Running migration: 005_drop_npc_relations.ts
005_drop_npc_relations: dropped npc_relations table
Migration 005_drop_npc_relations.ts completed successfully
Running migration: 006_awareness_relationship_events_states.ts
006: created entity_awareness_events table
006: created entity_awareness_states table
006: created entity_relationship_events table
006: created entity_relationship_states table
Migration 006_awareness_relationship_events_states.ts completed successfully
Running migration: 007_add_combat_mode.ts
007: added combat_states.mode column
Migration 007_add_combat_mode.ts completed successfully
Running migration: 008_add_saves_active_challenge_mode.ts
008: added saves.active_challenge_mode column
Migration 008_add_saves_active_challenge_mode.ts completed successfully
All migrations completed
01:59:43 [[32minfo[39m]  Save routes initialized

[90mstdout[2m | src/routes/__tests__/e2e-game-core.test.ts[2m > [22m[2mE2E: Game Core Flow (Init + Chat + Save)[2m > [22m[2mPOST /api/v1/game 鈥?Initialize[2m > [22m[2maction "init" also triggers initialize (alias)[22m[39m
01:59:43 [[31merror[39m]  Game route error {"action":"init","error":"Cannot read properties of undefined (reading 'createSave')"}
01:59:43 [[31merror[39m]  Error occurred: Cannot read properties of undefined (reading 'createSave') {"name":"TypeError"}

[90mstdout[2m | src/services/__tests__/ws-e2e-flow.test.ts[2m > [22m[2mWS-8: WebSocket 绔埌绔泦鎴愭祴璇?[2m > [22m[2m閿欒澶勭悊锛歐S璇锋眰 鈫?game:error / partialSuccess[2m > [22m[2mpartialSuccess 鍝嶅簲涔熸竻鐞?pending request锛坈ompletePendingRequest 琚皟鐢級[22m[39m
01:59:43 [[32minfo[39m]  WebSocket client connected. Total: 1
01:59:43 [[32minfo[39m]  WebSocket client authenticated {"clientId":"client_9a06d43c-d49f-446b-ae13-d3a81a1a244c"}
01:59:43 [[32minfo[39m]  Client subscribed {"clientId":"client_9a06d43c-d49f-446b-ae13-d3a81a1a244c","saveId":"save_Test_Save_1785002383924_4"}

[90mstdout[2m | tests/agent-system/websocket.test.ts[2m > [22m[2mWebSocket Communication System[2m > [22m[2mWebSocket + Agent Integration[2m > [22m[2mshould isolate events between different save sessions[22m[39m
01:59:44 [[32minfo[39m]  WebSocket client disconnected {"clientId":"client_6fc0d1d3-903e-4807-8ed8-2f33f19f1459","code":1005,"total":1}

[90mstdout[2m | tests/agent-system/websocket.test.ts[2m > [22m[2mWebSocket Communication System[2m > [22m[2mWebSocket + Agent Integration[2m > [22m[2mshould isolate events between different save sessions[22m[39m
01:59:44 [[32minfo[39m]  WebSocket server shut down

[90mstdout[2m | tests/agent-system/websocket.test.ts[2m > [22m[2mWebSocket Communication System[2m > [22m[2mWebSocket + Agent Integration[2m > [22m[2mshould broadcast all game event types for a save session[22m[39m
01:59:44 [[32minfo[39m]  WebSocket server initialized on /ws
01:59:44 [[32minfo[39m]  WebSocket client disconnected {"clientId":null,"code":1005,"total":0}

[90mstdout[2m | tests/agent-system/websocket.test.ts[2m > [22m[2mWebSocket Communication System[2m > [22m[2mWebSocket + Agent Integration[2m > [22m[2mshould broadcast all game event types for a save session[22m[39m
01:59:44 [[32minfo[39m]  Save created {"saveId":"save_Event_Types_Test_1785002384069_3","name":"Event Types Test","restrictionType":"free"}
01:59:44 [[32minfo[39m]  POST / 201 1ms 8e1055ed {"method":"POST","url":"/","status":201,"duration":"1ms"}

[90mstdout[2m | tests/agent-system/websocket.test.ts[2m > [22m[2mWebSocket Communication System[2m > [22m[2mWebSocket + Agent Integration[2m > [22m[2mshould broadcast all game event types for a save session[22m[39m
01:59:44 [[32minfo[39m]  WebSocket client connected. Total: 1
01:59:44 [[32minfo[39m]  WebSocket client authenticated {"clientId":"client_92d542d1-92f1-4154-8734-09d2552dc9b7"}
01:59:44 [[32minfo[39m]  Client subscribed {"clientId":"client_92d542d1-92f1-4154-8734-09d2552dc9b7","saveId":"save_Event_Types_Test_1785002384069_3"}

[90mstdout[2m | tests/agent-system/websocket.test.ts[2m > [22m[2mWebSocket Communication System[2m > [22m[2mWebSocket + Agent Integration[2m > [22m[2mshould broadcast all game event types for a save session[22m[39m
01:59:44 [[32minfo[39m]  WebSocket server shut down

[90mstdout[2m | tests/agent-system/websocket.test.ts[22m[39m
鉁?Database connection closed
01:59:44 [[32minfo[39m]  WebSocket client disconnected {"clientId":null,"code":1005,"total":0}

 [32m鉁?[39m tests/agent-system/websocket.test.ts [2m ([22m[2m34 tests[22m[2m)[22m[33m 4740[2mms[22m[39m
[90mstdout[2m | src/routes/__tests__/e2e-game-core.test.ts[2m > [22m[2mE2E: Game Core Flow (Init + Chat + Save)[2m > [22m[2mPOST /api/v1/game/chat[2m > [22m[2mmissing message returns 400 (chatSchema validation)[22m[39m
Running migration: 001_init.ts
Migration 001_init.ts completed successfully
Running migration: 002_add_equipped_index.ts
Migration 002_add_equipped_index.ts completed successfully
Running migration: 003_fix_information_boundaries_timestamps.ts
Migration 003_fix_information_boundaries_timestamps.ts completed successfully
Running migration: 004_drop_information_boundaries.ts
004_drop_information_boundaries: information_boundaries table not found, skipping migration
004_drop_information_boundaries: cleared custom_data.knowledge from 0 NPCs
Migration 004_drop_information_boundaries.ts completed successfully
Running migration: 005_drop_npc_relations.ts
005_drop_npc_relations: dropped npc_relations table
Migration 005_drop_npc_relations.ts completed successfully
Running migration: 006_awareness_relationship_events_states.ts
006: created entity_awareness_events table
006: created entity_awareness_states table
006: created entity_relationship_events table
006: created entity_relationship_states table
Migration 006_awareness_relationship_events_states.ts completed successfully
Running migration: 007_add_combat_mode.ts
007: added combat_states.mode column
Migration 007_add_combat_mode.ts completed successfully
Running migration: 008_add_saves_active_challenge_mode.ts
008: added saves.active_challenge_mode column
Migration 008_add_saves_active_challenge_mode.ts completed successfully
All migrations completed
01:59:44 [[32minfo[39m]  Save routes initialized

[90mstdout[2m | src/routes/__tests__/e2e-game-core.test.ts[2m > [22m[2mE2E: Game Core Flow (Init + Chat + Save)[2m > [22m[2mPOST /api/v1/game/chat[2m > [22m[2mmissing message returns 400 (chatSchema validation)[22m[39m
01:59:44 [[31merror[39m]  Error occurred: [
  {
    "expected": "string",
    "code": "invalid_type",
    "path": [
      "message"
    ],
    "message": "Invalid input: expected string, received undefined"
  }
] {"name":"ZodError"}

[90mstdout[2m | src/services/__tests__/ws-e2e-flow.test.ts[2m > [22m[2mWS-8: WebSocket 绔埌绔泦鎴愭祴璇?[2m > [22m[2m閿欒澶勭悊锛歐S璇锋眰 鈫?game:error / partialSuccess[2m > [22m[2mpartialSuccess 鍝嶅簲涔熸竻鐞?pending request锛坈ompletePendingRequest 琚皟鐢級[22m[39m
01:59:43 [[32minfo[39m]  WebSocket server shut down

[90mstdout[2m | src/services/__tests__/ws-e2e-flow.test.ts[2m > [22m[2mWS-8: WebSocket 绔埌绔泦鎴愭祴璇?[2m > [22m[2mHTTP 鍥為€€锛欻TTP 璺緞涓?WS 璺緞骞惰鍙敤[2m > [22m[2mHTTP POST /api/v1/game/chat 杩斿洖涓?WS 绛変环鐨勭粨鏋?[22m[39m
Running migration: 001_init.ts
Migration 001_init.ts completed successfully
Running migration: 002_add_equipped_index.ts
Migration 002_add_equipped_index.ts completed successfully
Running migration: 003_fix_information_boundaries_timestamps.ts
Migration 003_fix_information_boundaries_timestamps.ts completed successfully
Running migration: 004_drop_information_boundaries.ts
004_drop_information_boundaries: information_boundaries table not found, skipping migration
004_drop_information_boundaries: cleared custom_data.knowledge from 0 NPCs
Migration 004_drop_information_boundaries.ts completed successfully
Running migration: 005_drop_npc_relations.ts
005_drop_npc_relations: dropped npc_relations table
Migration 005_drop_npc_relations.ts completed successfully
Running migration: 006_awareness_relationship_events_states.ts
006: created entity_awareness_events table
006: created entity_awareness_states table
006: created entity_relationship_events table
006: created entity_relationship_states table
Migration 006_awareness_relationship_events_states.ts completed successfully
Running migration: 007_add_combat_mode.ts
007: added combat_states.mode column
Migration 007_add_combat_mode.ts completed successfully
Running migration: 008_add_saves_active_challenge_mode.ts
008: added saves.active_challenge_mode column
Migration 008_add_saves_active_challenge_mode.ts completed successfully
All migrations completed
01:59:44 [[32minfo[39m]  Save routes initialized
01:59:44 [[32minfo[39m]  WebSocket server initialized on /ws
01:59:44 [[32minfo[39m]  Save created {"saveId":"save_Test_Save_1785002384153_5","name":"Test Save","templateId":"test-template","restrictionType":"free"}
01:59:44 [[32minfo[39m]  WebSocket client disconnected {"clientId":null,"code":1005,"total":0}

[90mstdout[2m | src/routes/__tests__/e2e-game-core.test.ts[2m > [22m[2mE2E: Game Core Flow (Init + Chat + Save)[2m > [22m[2mPOST /api/v1/game/chat[2m > [22m[2mmissing saveId returns 400 (chatSchema validation)[22m[39m
Running migration: 001_init.ts
Migration 001_init.ts completed successfully
Running migration: 002_add_equipped_index.ts
Migration 002_add_equipped_index.ts completed successfully
Running migration: 003_fix_information_boundaries_timestamps.ts
Migration 003_fix_information_boundaries_timestamps.ts completed successfully
Running migration: 004_drop_information_boundaries.ts
004_drop_information_boundaries: information_boundaries table not found, skipping migration
004_drop_information_boundaries: cleared custom_data.knowledge from 0 NPCs
Migration 004_drop_information_boundaries.ts completed successfully
Running migration: 005_drop_npc_relations.ts
005_drop_npc_relations: dropped npc_relations table
Migration 005_drop_npc_relations.ts completed successfully
Running migration: 006_awareness_relationship_events_states.ts
006: created entity_awareness_events table
006: created entity_awareness_states table
006: created entity_relationship_events table
006: created entity_relationship_states table
Migration 006_awareness_relationship_events_states.ts completed successfully
Running migration: 007_add_combat_mode.ts
007: added combat_states.mode column
Migration 007_add_combat_mode.ts completed successfully
Running migration: 008_add_saves_active_challenge_mode.ts
008: added saves.active_challenge_mode column
Migration 008_add_saves_active_challenge_mode.ts completed successfully
All migrations completed
01:59:44 [[32minfo[39m]  Save routes initialized

[90mstdout[2m | src/routes/__tests__/e2e-game-core.test.ts[2m > [22m[2mE2E: Game Core Flow (Init + Chat + Save)[2m > [22m[2mPOST /api/v1/game/chat[2m > [22m[2mnonexistent saveId returns 404[22m[39m
Running migration: 001_init.ts
Migration 001_init.ts completed successfully
Running migration: 002_add_equipped_index.ts
Migration 002_add_equipped_index.ts completed successfully
Running migration: 003_fix_information_boundaries_timestamps.ts
Migration 003_fix_information_boundaries_timestamps.ts completed successfully
Running migration: 004_drop_information_boundaries.ts
004_drop_information_boundaries: information_boundaries table not found, skipping migration
004_drop_information_boundaries: cleared custom_data.knowledge from 0 NPCs
Migration 004_drop_information_boundaries.ts completed successfully
Running migration: 005_drop_npc_relations.ts
005_drop_npc_relations: dropped npc_relations table
Migration 005_drop_npc_relations.ts completed successfully
Running migration: 006_awareness_relationship_events_states.ts
006: created entity_awareness_events table
006: created entity_awareness_states table
006: created entity_relationship_events table
006: created entity_relationship_states table
Migration 006_awareness_relationship_events_states.ts completed successfully
Running migration: 007_add_combat_mode.ts
007: added combat_states.mode column
Migration 007_add_combat_mode.ts completed successfully
Running migration: 008_add_saves_active_challenge_mode.ts
008: added saves.active_challenge_mode column
Migration 008_add_saves_active_challenge_mode.ts completed successfully
All migrations completed
01:59:44 [[32minfo[39m]  Save routes initialized

[90mstdout[2m | src/routes/__tests__/e2e-game-core.test.ts[2m > [22m[2mE2E: Game Core Flow (Init + Chat + Save)[2m > [22m[2mPOST /api/v1/game/chat[2m > [22m[2mnonexistent saveId returns 404[22m[39m
01:59:44 [[31merror[39m]  Game chat route error {"error":"Cannot read properties of undefined (reading 'getSave')"}
01:59:44 [[31merror[39m]  Error occurred: Cannot read properties of undefined (reading 'getSave') {"name":"TypeError"}

[90mstdout[2m | src/routes/__tests__/e2e-game-core.test.ts[2m > [22m[2mE2E: Game Core Flow (Init + Chat + Save)[2m > [22m[2mPOST /api/v1/game/chat[2m > [22m[2msuccessful chat returns metadata with processingTime[22m[39m
Running migration: 001_init.ts
Migration 001_init.ts completed successfully
Running migration: 002_add_equipped_index.ts
Migration 002_add_equipped_index.ts completed successfully
Running migration: 003_fix_information_boundaries_timestamps.ts
Migration 003_fix_information_boundaries_timestamps.ts completed successfully
Running migration: 004_drop_information_boundaries.ts
004_drop_information_boundaries: information_boundaries table not found, skipping migration
004_drop_information_boundaries: cleared custom_data.knowledge from 0 NPCs
Migration 004_drop_information_boundaries.ts completed successfully
Running migration: 005_drop_npc_relations.ts
005_drop_npc_relations: dropped npc_relations table
Migration 005_drop_npc_relations.ts completed successfully
Running migration: 006_awareness_relationship_events_states.ts
006: created entity_awareness_events table
006: created entity_awareness_states table
006: created entity_relationship_events table
006: created entity_relationship_states table
Migration 006_awareness_relationship_events_states.ts completed successfully
Running migration: 007_add_combat_mode.ts
007: added combat_states.mode column
Migration 007_add_combat_mode.ts completed successfully
Running migration: 008_add_saves_active_challenge_mode.ts
008: added saves.active_challenge_mode column
Migration 008_add_saves_active_challenge_mode.ts completed successfully
All migrations completed
01:59:44 [[32minfo[39m]  Save routes initialized

[90mstdout[2m | src/routes/__tests__/e2e-game-core.test.ts[2m > [22m[2mE2E: Game Core Flow (Init + Chat + Save)[2m > [22m[2mPOST /api/v1/game/chat[2m > [22m[2msuccessful chat returns metadata with processingTime[22m[39m
01:59:44 [[31merror[39m]  Game route error {"action":"initialize","error":"Cannot read properties of undefined (reading 'createSave')"}
01:59:44 [[31merror[39m]  Error occurred: Cannot read properties of undefined (reading 'createSave') {"name":"TypeError"}

[90mstdout[2m | src/routes/__tests__/e2e-game-core.test.ts[2m > [22m[2mE2E: Game Core Flow (Init + Chat + Save)[2m > [22m[2mPOST /api/v1/game/chat[2m > [22m[2mchat 搴旈€氳繃璇锋眰绾?StagingPool 鎸佷箙鍖栫帺瀹舵秷鎭?[22m[39m
Running migration: 001_init.ts
Migration 001_init.ts completed successfully
Running migration: 002_add_equipped_index.ts
Migration 002_add_equipped_index.ts completed successfully
Running migration: 003_fix_information_boundaries_timestamps.ts
Migration 003_fix_information_boundaries_timestamps.ts completed successfully
Running migration: 004_drop_information_boundaries.ts
004_drop_information_boundaries: information_boundaries table not found, skipping migration
004_drop_information_boundaries: cleared custom_data.knowledge from 0 NPCs
Migration 004_drop_information_boundaries.ts completed successfully
Running migration: 005_drop_npc_relations.ts
005_drop_npc_relations: dropped npc_relations table
Migration 005_drop_npc_relations.ts completed successfully
Running migration: 006_awareness_relationship_events_states.ts
006: created entity_awareness_events table
006: created entity_awareness_states table
006: created entity_relationship_events table
006: created entity_relationship_states table
Migration 006_awareness_relationship_events_states.ts completed successfully
Running migration: 007_add_combat_mode.ts
007: added combat_states.mode column
Migration 007_add_combat_mode.ts completed successfully
Running migration: 008_add_saves_active_challenge_mode.ts
008: added saves.active_challenge_mode column
Migration 008_add_saves_active_challenge_mode.ts completed successfully
All migrations completed
01:59:44 [[32minfo[39m]  Save routes initialized

[90mstdout[2m | src/routes/__tests__/e2e-game-core.test.ts[2m > [22m[2mE2E: Game Core Flow (Init + Chat + Save)[2m > [22m[2mPOST /api/v1/game/chat[2m > [22m[2mchat 搴旈€氳繃璇锋眰绾?StagingPool 鎸佷箙鍖栫帺瀹舵秷鎭?[22m[39m
01:59:44 [[31merror[39m]  Game route error {"action":"initialize","error":"Cannot read properties of undefined (reading 'createSave')"}
01:59:44 [[31merror[39m]  Error occurred: Cannot read properties of undefined (reading 'createSave') {"name":"TypeError"}

[90mstdout[2m | src/services/__tests__/ws-e2e-flow.test.ts[2m > [22m[2mWS-8: WebSocket 绔埌绔泦鎴愭祴璇?[2m > [22m[2mHTTP 鍥為€€锛欻TTP 璺緞涓?WS 璺緞骞惰鍙敤[2m > [22m[2mHTTP POST /api/v1/game/chat 杩斿洖涓?WS 绛変环鐨勭粨鏋?[22m[39m
01:59:44 [[32minfo[39m]  WebSocket client connected. Total: 1

[90mstdout[2m | src/services/__tests__/ws-e2e-flow.test.ts[2m > [22m[2mWS-8: WebSocket 绔埌绔泦鎴愭祴璇?[2m > [22m[2mHTTP 鍥為€€锛欻TTP 璺緞涓?WS 璺緞骞惰鍙敤[2m > [22m[2mHTTP POST /api/v1/game/chat 杩斿洖涓?WS 绛変环鐨勭粨鏋?[22m[39m
01:59:44 [[32minfo[39m]  WebSocket client authenticated {"clientId":"client_53d9ecfb-84c0-4a8d-967d-e3e345d5825b"}

[90mstdout[2m | src/services/__tests__/ws-e2e-flow.test.ts[2m > [22m[2mWS-8: WebSocket 绔埌绔泦鎴愭祴璇?[2m > [22m[2mHTTP 鍥為€€锛欻TTP 璺緞涓?WS 璺緞骞惰鍙敤[2m > [22m[2mHTTP POST /api/v1/game/chat 杩斿洖涓?WS 绛変环鐨勭粨鏋?[22m[39m
01:59:44 [[32minfo[39m]  Client subscribed {"clientId":"client_53d9ecfb-84c0-4a8d-967d-e3e345d5825b","saveId":"save_Test_Save_1785002384153_5"}

[90mstdout[2m | src/services/__tests__/ws-e2e-flow.test.ts[2m > [22m[2mWS-8: WebSocket 绔埌绔泦鎴愭祴璇?[2m > [22m[2mHTTP 鍥為€€锛欻TTP 璺緞涓?WS 璺緞骞惰鍙敤[2m > [22m[2mHTTP POST /api/v1/game/chat 杩斿洖涓?WS 绛変环鐨勭粨鏋?[22m[39m
01:59:44 [[32minfo[39m]  WebSocket server shut down

[90mstdout[2m | src/routes/__tests__/e2e-game-core.test.ts[2m > [22m[2mE2E: Game Core Flow (Init + Chat + Save)[2m > [22m[2mPOST /api/v1/game/chat[2m > [22m[2mchat 鍝嶅簲涓殑鏃ф牸寮忕帺瀹舵秷鎭己灏?messageType 鏃朵笉搴旈噸澶嶅洖鏄?[22m[39m
Running migration: 001_init.ts
Migration 001_init.ts completed successfully
Running migration: 002_add_equipped_index.ts
Migration 002_add_equipped_index.ts completed successfully
Running migration: 003_fix_information_boundaries_timestamps.ts
Migration 003_fix_information_boundaries_timestamps.ts completed successfully
Running migration: 004_drop_information_boundaries.ts
004_drop_information_boundaries: information_boundaries table not found, skipping migration
004_drop_information_boundaries: cleared custom_data.knowledge from 0 NPCs
Migration 004_drop_information_boundaries.ts completed successfully
Running migration: 005_drop_npc_relations.ts
005_drop_npc_relations: dropped npc_relations table
Migration 005_drop_npc_relations.ts completed successfully
Running migration: 006_awareness_relationship_events_states.ts
006: created entity_awareness_events table
006: created entity_awareness_states table
006: created entity_relationship_events table
006: created entity_relationship_states table
Migration 006_awareness_relationship_events_states.ts completed successfully
Running migration: 007_add_combat_mode.ts
007: added combat_states.mode column
Migration 007_add_combat_mode.ts completed successfully
Running migration: 008_add_saves_active_challenge_mode.ts
008: added saves.active_challenge_mode column
Migration 008_add_saves_active_challenge_mode.ts completed successfully
All migrations completed
01:59:44 [[32minfo[39m]  Save routes initialized

[90mstdout[2m | src/routes/__tests__/e2e-game-core.test.ts[2m > [22m[2mE2E: Game Core Flow (Init + Chat + Save)[2m > [22m[2mPOST /api/v1/game/chat[2m > [22m[2mchat 鍝嶅簲涓殑鏃ф牸寮忕帺瀹舵秷鎭己灏?messageType 鏃朵笉搴旈噸澶嶅洖鏄?[22m[39m
01:59:44 [[31merror[39m]  Game route error {"action":"initialize","error":"Cannot read properties of undefined (reading 'createSave')"}
01:59:44 [[31merror[39m]  Error occurred: Cannot read properties of undefined (reading 'createSave') {"name":"TypeError"}

[90mstdout[2m | src/routes/__tests__/e2e-game-core.test.ts[2m > [22m[2mE2E: Game Core Flow (Init + Chat + Save)[2m > [22m[2mPOST /api/v1/game/chat[2m > [22m[2muse_skill 鍓嶇疆鏍￠獙澶辫触鏃朵篃搴斿厛鎸佷箙鍖栫帺瀹舵秷鎭?[22m[39m
Running migration: 001_init.ts
Migration 001_init.ts completed successfully
Running migration: 002_add_equipped_index.ts
Migration 002_add_equipped_index.ts completed successfully
Running migration: 003_fix_information_boundaries_timestamps.ts
Migration 003_fix_information_boundaries_timestamps.ts completed successfully
Running migration: 004_drop_information_boundaries.ts
004_drop_information_boundaries: information_boundaries table not found, skipping migration
004_drop_information_boundaries: cleared custom_data.knowledge from 0 NPCs
Migration 004_drop_information_boundaries.ts completed successfully
Running migration: 005_drop_npc_relations.ts
005_drop_npc_relations: dropped npc_relations table
Migration 005_drop_npc_relations.ts completed successfully
Running migration: 006_awareness_relationship_events_states.ts
006: created entity_awareness_events table
006: created entity_awareness_states table
006: created entity_relationship_events table
006: created entity_relationship_states table
Migration 006_awareness_relationship_events_states.ts completed successfully
Running migration: 007_add_combat_mode.ts
007: added combat_states.mode column
Migration 007_add_combat_mode.ts completed successfully
Running migration: 008_add_saves_active_challenge_mode.ts
008: added saves.active_challenge_mode column
Migration 008_add_saves_active_challenge_mode.ts completed successfully
All migrations completed
01:59:44 [[32minfo[39m]  Save routes initialized

[90mstdout[2m | src/routes/__tests__/e2e-game-core.test.ts[2m > [22m[2mE2E: Game Core Flow (Init + Chat + Save)[2m > [22m[2mPOST /api/v1/game/chat[2m > [22m[2muse_skill 鍓嶇疆鏍￠獙澶辫触鏃朵篃搴斿厛鎸佷箙鍖栫帺瀹舵秷鎭?[22m[39m
01:59:44 [[31merror[39m]  Game route error {"action":"initialize","error":"Cannot read properties of undefined (reading 'createSave')"}
01:59:44 [[31merror[39m]  Error occurred: Cannot read properties of undefined (reading 'createSave') {"name":"TypeError"}

[90mstdout[2m | src/routes/__tests__/e2e-game-core.test.ts[2m > [22m[2mE2E: Game Core Flow (Init + Chat + Save)[2m > [22m[2mPOST /api/v1/game 鈥?Default Chat[2m > [22m[2mwithout action field defaults to chat[22m[39m
Running migration: 001_init.ts
Migration 001_init.ts completed successfully
Running migration: 002_add_equipped_index.ts
Migration 002_add_equipped_index.ts completed successfully
Running migration: 003_fix_information_boundaries_timestamps.ts
Migration 003_fix_information_boundaries_timestamps.ts completed successfully
Running migration: 004_drop_information_boundaries.ts
004_drop_information_boundaries: information_boundaries table not found, skipping migration
004_drop_information_boundaries: cleared custom_data.knowledge from 0 NPCs
Migration 004_drop_information_boundaries.ts completed successfully
Running migration: 005_drop_npc_relations.ts
005_drop_npc_relations: dropped npc_relations table
Migration 005_drop_npc_relations.ts completed successfully
Running migration: 006_awareness_relationship_events_states.ts
006: created entity_awareness_events table
006: created entity_awareness_states table
006: created entity_relationship_events table
006: created entity_relationship_states table
Migration 006_awareness_relationship_events_states.ts completed successfully
Running migration: 007_add_combat_mode.ts
007: added combat_states.mode column
Migration 007_add_combat_mode.ts completed successfully
Running migration: 008_add_saves_active_challenge_mode.ts
008: added saves.active_challenge_mode column
Migration 008_add_saves_active_challenge_mode.ts completed successfully
All migrations completed
01:59:44 [[32minfo[39m]  Save routes initialized

[90mstdout[2m | src/routes/__tests__/e2e-game-core.test.ts[2m > [22m[2mE2E: Game Core Flow (Init + Chat + Save)[2m > [22m[2mPOST /api/v1/game 鈥?Default Chat[2m > [22m[2mwithout action field defaults to chat[22m[39m
01:59:44 [[31merror[39m]  Game route error {"action":"initialize","error":"Cannot read properties of undefined (reading 'createSave')"}
01:59:44 [[31merror[39m]  Error occurred: Cannot read properties of undefined (reading 'createSave') {"name":"TypeError"}

[90mstdout[2m | src/routes/__tests__/e2e-game-core.test.ts[2m > [22m[2mE2E: Game Core Flow (Init + Chat + Save)[2m > [22m[2mGET /api/v1/saves[2m > [22m[2mreturns empty saves initially (no seed data in baseline)[22m[39m
Running migration: 001_init.ts
Migration 001_init.ts completed successfully
Running migration: 002_add_equipped_index.ts
Migration 002_add_equipped_index.ts completed successfully
Running migration: 003_fix_information_boundaries_timestamps.ts
Migration 003_fix_information_boundaries_timestamps.ts completed successfully
Running migration: 004_drop_information_boundaries.ts
004_drop_information_boundaries: information_boundaries table not found, skipping migration
004_drop_information_boundaries: cleared custom_data.knowledge from 0 NPCs
Migration 004_drop_information_boundaries.ts completed successfully
Running migration: 005_drop_npc_relations.ts
005_drop_npc_relations: dropped npc_relations table
Migration 005_drop_npc_relations.ts completed successfully
Running migration: 006_awareness_relationship_events_states.ts
006: created entity_awareness_events table
006: created entity_awareness_states table
006: created entity_relationship_events table
006: created entity_relationship_states table
Migration 006_awareness_relationship_events_states.ts completed successfully
Running migration: 007_add_combat_mode.ts
007: added combat_states.mode column
Migration 007_add_combat_mode.ts completed successfully
Running migration: 008_add_saves_active_challenge_mode.ts
008: added saves.active_challenge_mode column
Migration 008_add_saves_active_challenge_mode.ts completed successfully
All migrations completed
01:59:44 [[32minfo[39m]  Save routes initialized

[90mstdout[2m | src/routes/__tests__/e2e-game-core.test.ts[2m > [22m[2mE2E: Game Core Flow (Init + Chat + Save)[2m > [22m[2mGET /api/v1/saves[2m > [22m[2mreturns saves after initialization[22m[39m
Running migration: 001_init.ts
Migration 001_init.ts completed successfully
Running migration: 002_add_equipped_index.ts
Migration 002_add_equipped_index.ts completed successfully
Running migration: 003_fix_information_boundaries_timestamps.ts
Migration 003_fix_information_boundaries_timestamps.ts completed successfully
Running migration: 004_drop_information_boundaries.ts
004_drop_information_boundaries: information_boundaries table not found, skipping migration
004_drop_information_boundaries: cleared custom_data.knowledge from 0 NPCs
Migration 004_drop_information_boundaries.ts completed successfully
Running migration: 005_drop_npc_relations.ts
005_drop_npc_relations: dropped npc_relations table
Migration 005_drop_npc_relations.ts completed successfully
Running migration: 006_awareness_relationship_events_states.ts
006: created entity_awareness_events table
006: created entity_awareness_states table
006: created entity_relationship_events table
006: created entity_relationship_states table
Migration 006_awareness_relationship_events_states.ts completed successfully
Running migration: 007_add_combat_mode.ts
007: added combat_states.mode column
Migration 007_add_combat_mode.ts completed successfully
Running migration: 008_add_saves_active_challenge_mode.ts
008: added saves.active_challenge_mode column
Migration 008_add_saves_active_challenge_mode.ts completed successfully
All migrations completed
01:59:44 [[32minfo[39m]  Save routes initialized

[90mstdout[2m | src/services/__tests__/ws-e2e-flow.test.ts[2m > [22m[2mWS-8: WebSocket 绔埌绔泦鎴愭祴璇?[2m > [22m[2mHTTP 鍥為€€锛欻TTP 璺緞涓?WS 璺緞骞惰鍙敤[2m > [22m[2mWS 涓嶅彲鐢ㄦ椂 HTTP 浠嶅彲鐙珛宸ヤ綔锛圚TTP 涓嶄緷璧?WS锛?[22m[39m
Running migration: 001_init.ts
Migration 001_init.ts completed successfully
Running migration: 002_add_equipped_index.ts
Migration 002_add_equipped_index.ts completed successfully
Running migration: 003_fix_information_boundaries_timestamps.ts
Migration 003_fix_information_boundaries_timestamps.ts completed successfully
Running migration: 004_drop_information_boundaries.ts
004_drop_information_boundaries: information_boundaries table not found, skipping migration
004_drop_information_boundaries: cleared custom_data.knowledge from 0 NPCs
Migration 004_drop_information_boundaries.ts completed successfully
Running migration: 005_drop_npc_relations.ts
005_drop_npc_relations: dropped npc_relations table
Migration 005_drop_npc_relations.ts completed successfully
Running migration: 006_awareness_relationship_events_states.ts
006: created entity_awareness_events table
006: created entity_awareness_states table
006: created entity_relationship_events table
006: created entity_relationship_states table
Migration 006_awareness_relationship_events_states.ts completed successfully
Running migration: 007_add_combat_mode.ts
007: added combat_states.mode column
Migration 007_add_combat_mode.ts completed successfully
Running migration: 008_add_saves_active_challenge_mode.ts
008: added saves.active_challenge_mode column
Migration 008_add_saves_active_challenge_mode.ts completed successfully
All migrations completed
01:59:44 [[32minfo[39m]  Save routes initialized
01:59:44 [[32minfo[39m]  WebSocket server initialized on /ws
01:59:44 [[32minfo[39m]  Save created {"saveId":"save_Test_Save_1785002384788_6","name":"Test Save","templateId":"test-template","restrictionType":"free"}
01:59:44 [[32minfo[39m]  WebSocket client disconnected {"clientId":null,"code":1005,"total":0}

[90mstdout[2m | src/routes/__tests__/e2e-game-core.test.ts[2m > [22m[2mE2E: Game Core Flow (Init + Chat + Save)[2m > [22m[2mGET /api/v1/saves[2m > [22m[2mreturns saves after initialization[22m[39m
01:59:44 [[31merror[39m]  Game route error {"action":"initialize","error":"Cannot read properties of undefined (reading 'createSave')"}
01:59:44 [[31merror[39m]  Error occurred: Cannot read properties of undefined (reading 'createSave') {"name":"TypeError"}

[90mstdout[2m | src/routes/__tests__/e2e-game-core.test.ts[2m > [22m[2mE2E: Game Core Flow (Init + Chat + Save)[2m > [22m[2mGET /api/v1/saves[2m > [22m[2msupports query parameter filtering by template_id[22m[39m
Running migration: 001_init.ts
Migration 001_init.ts completed successfully
Running migration: 002_add_equipped_index.ts
Migration 002_add_equipped_index.ts completed successfully
Running migration: 003_fix_information_boundaries_timestamps.ts
Migration 003_fix_information_boundaries_timestamps.ts completed successfully
Running migration: 004_drop_information_boundaries.ts
004_drop_information_boundaries: information_boundaries table not found, skipping migration
004_drop_information_boundaries: cleared custom_data.knowledge from 0 NPCs
Migration 004_drop_information_boundaries.ts completed successfully
Running migration: 005_drop_npc_relations.ts
005_drop_npc_relations: dropped npc_relations table
Migration 005_drop_npc_relations.ts completed successfully
Running migration: 006_awareness_relationship_events_states.ts
006: created entity_awareness_events table
006: created entity_awareness_states table
006: created entity_relationship_events table
006: created entity_relationship_states table
Migration 006_awareness_relationship_events_states.ts completed successfully
Running migration: 007_add_combat_mode.ts
007: added combat_states.mode column
Migration 007_add_combat_mode.ts completed successfully
Running migration: 008_add_saves_active_challenge_mode.ts
008: added saves.active_challenge_mode column
Migration 008_add_saves_active_challenge_mode.ts completed successfully
All migrations completed
01:59:44 [[32minfo[39m]  Save routes initialized

[90mstdout[2m | src/services/__tests__/ws-e2e-flow.test.ts[2m > [22m[2mWS-8: WebSocket 绔埌绔泦鎴愭祴璇?[2m > [22m[2mHTTP 鍥為€€锛欻TTP 璺緞涓?WS 璺緞骞惰鍙敤[2m > [22m[2mWS 涓嶅彲鐢ㄦ椂 HTTP 浠嶅彲鐙珛宸ヤ綔锛圚TTP 涓嶄緷璧?WS锛?[22m[39m
01:59:44 [[32minfo[39m]  WebSocket server shut down

[90mstdout[2m | src/services/__tests__/ws-e2e-flow.test.ts[2m > [22m[2mWS-8: WebSocket 绔埌绔泦鎴愭祴璇?[2m > [22m[2mHTTP 鍥為€€锛欻TTP 璺緞涓?WS 璺緞骞惰鍙敤[2m > [22m[2mHTTP 鍜?WS 鍙苟琛屽鐞嗗悓涓€瀛樻。鐨勮姹?[22m[39m
Running migration: 001_init.ts
Migration 001_init.ts completed successfully
Running migration: 002_add_equipped_index.ts
Migration 002_add_equipped_index.ts completed successfully
Running migration: 003_fix_information_boundaries_timestamps.ts
Migration 003_fix_information_boundaries_timestamps.ts completed successfully
Running migration: 004_drop_information_boundaries.ts
004_drop_information_boundaries: information_boundaries table not found, skipping migration
004_drop_information_boundaries: cleared custom_data.knowledge from 0 NPCs
Migration 004_drop_information_boundaries.ts completed successfully
Running migration: 005_drop_npc_relations.ts
005_drop_npc_relations: dropped npc_relations table
Migration 005_drop_npc_relations.ts completed successfully
Running migration: 006_awareness_relationship_events_states.ts
006: created entity_awareness_events table
006: created entity_awareness_states table
006: created entity_relationship_events table
006: created entity_relationship_states table
Migration 006_awareness_relationship_events_states.ts completed successfully
Running migration: 007_add_combat_mode.ts
007: added combat_states.mode column
Migration 007_add_combat_mode.ts completed successfully
Running migration: 008_add_saves_active_challenge_mode.ts
008: added saves.active_challenge_mode column
Migration 008_add_saves_active_challenge_mode.ts completed successfully
All migrations completed
01:59:44 [[32minfo[39m]  Save routes initialized
01:59:44 [[32minfo[39m]  WebSocket server initialized on /ws
01:59:44 [[32minfo[39m]  Save created {"saveId":"save_Test_Save_1785002384926_7","name":"Test Save","templateId":"test-template","restrictionType":"free"}

[90mstdout[2m | src/services/__tests__/ws-e2e-flow.test.ts[2m > [22m[2mWS-8: WebSocket 绔埌绔泦鎴愭祴璇?[2m > [22m[2mHTTP 鍥為€€锛欻TTP 璺緞涓?WS 璺緞骞惰鍙敤[2m > [22m[2mHTTP 鍜?WS 鍙苟琛屽鐞嗗悓涓€瀛樻。鐨勮姹?[22m[39m
01:59:44 [[32minfo[39m]  WebSocket client connected. Total: 1
01:59:44 [[32minfo[39m]  WebSocket client authenticated {"clientId":"client_8a4d6192-62a0-4a5f-81e1-893ffbe94ead"}

[90mstdout[2m | src/services/__tests__/ws-e2e-flow.test.ts[2m > [22m[2mWS-8: WebSocket 绔埌绔泦鎴愭祴璇?[2m > [22m[2mHTTP 鍥為€€锛欻TTP 璺緞涓?WS 璺緞骞惰鍙敤[2m > [22m[2mHTTP 鍜?WS 鍙苟琛屽鐞嗗悓涓€瀛樻。鐨勮姹?[22m[39m
01:59:44 [[32minfo[39m]  Client subscribed {"clientId":"client_8a4d6192-62a0-4a5f-81e1-893ffbe94ead","saveId":"save_Test_Save_1785002384926_7"}

[90mstdout[2m | src/game-systems/audit/__tests__/entity-counts-create-operation-matching.test.ts[22m[39m
馃И Setting up comprehensive test environment...
鉁?Database connected
Running migration: 001_init.ts

[90mstdout[2m | src/routes/__tests__/e2e-game-core.test.ts[2m > [22m[2mE2E: Game Core Flow (Init + Chat + Save)[2m > [22m[2mGET /api/v1/saves/:saveId[2m > [22m[2mnonexistent saveId returns 404[22m[39m
Running migration: 001_init.ts
Migration 001_init.ts completed successfully
Running migration: 002_add_equipped_index.ts
Migration 002_add_equipped_index.ts completed successfully
Running migration: 003_fix_information_boundaries_timestamps.ts
Migration 003_fix_information_boundaries_timestamps.ts completed successfully
Running migration: 004_drop_information_boundaries.ts
004_drop_information_boundaries: information_boundaries table not found, skipping migration
004_drop_information_boundaries: cleared custom_data.knowledge from 0 NPCs
Migration 004_drop_information_boundaries.ts completed successfully
Running migration: 005_drop_npc_relations.ts
005_drop_npc_relations: dropped npc_relations table
Migration 005_drop_npc_relations.ts completed successfully
Running migration: 006_awareness_relationship_events_states.ts
006: created entity_awareness_events table
006: created entity_awareness_states table
006: created entity_relationship_events table
006: created entity_relationship_states table
Migration 006_awareness_relationship_events_states.ts completed successfully
Running migration: 007_add_combat_mode.ts
007: added combat_states.mode column
Migration 007_add_combat_mode.ts completed successfully
Running migration: 008_add_saves_active_challenge_mode.ts
008: added saves.active_challenge_mode column
Migration 008_add_saves_active_challenge_mode.ts completed successfully
All migrations completed
01:59:44 [[32minfo[39m]  Save routes initialized

[90mstdout[2m | src/services/__tests__/ws-e2e-flow.test.ts[2m > [22m[2mWS-8: WebSocket 绔埌绔泦鎴愭祴璇?[2m > [22m[2mHTTP 鍥為€€锛欻TTP 璺緞涓?WS 璺緞骞惰鍙敤[2m > [22m[2mHTTP 鍜?WS 鍙苟琛屽鐞嗗悓涓€瀛樻。鐨勮姹?[22m[39m
01:59:44 [[32minfo[39m]  WebSocket server shut down

[90mstdout[2m | src/routes/__tests__/e2e-game-core.test.ts[2m > [22m[2mE2E: Game Core Flow (Init + Chat + Save)[2m > [22m[2mGET /api/v1/saves/:saveId[2m > [22m[2mnonexistent saveId returns 404[22m[39m
01:59:44 [[31merror[39m]  Failed to load save {"saveId":"save_nonexistent","error":"Save not found: save_nonexistent"}
01:59:44 [[31merror[39m]  Failed to load save {"saveId":"save_nonexistent","error":"Save not found: save_nonexistent"}

[90mstdout[2m | src/game-systems/audit/__tests__/entity-counts-create-operation-matching.test.ts[22m[39m
Migration 001_init.ts completed successfully
Running migration: 002_add_equipped_index.ts

[90mstdout[2m | src/routes/__tests__/e2e-game-core.test.ts[2m > [22m[2mE2E: Game Core Flow (Init + Chat + Save)[2m > [22m[2mGET /api/v1/saves/:saveId[2m > [22m[2mreturns save data for existing save[22m[39m
Running migration: 001_init.ts
Migration 001_init.ts completed successfully
Running migration: 002_add_equipped_index.ts
Migration 002_add_equipped_index.ts completed successfully
Running migration: 003_fix_information_boundaries_timestamps.ts
Migration 003_fix_information_boundaries_timestamps.ts completed successfully
Running migration: 004_drop_information_boundaries.ts
004_drop_information_boundaries: information_boundaries table not found, skipping migration
004_drop_information_boundaries: cleared custom_data.knowledge from 0 NPCs
Migration 004_drop_information_boundaries.ts completed successfully
Running migration: 005_drop_npc_relations.ts
005_drop_npc_relations: dropped npc_relations table
Migration 005_drop_npc_relations.ts completed successfully
Running migration: 006_awareness_relationship_events_states.ts
006: created entity_awareness_events table
006: created entity_awareness_states table
006: created entity_relationship_events table
006: created entity_relationship_states table
Migration 006_awareness_relationship_events_states.ts completed successfully
Running migration: 007_add_combat_mode.ts
007: added combat_states.mode column
Migration 007_add_combat_mode.ts completed successfully
Running migration: 008_add_saves_active_challenge_mode.ts
008: added saves.active_challenge_mode column
Migration 008_add_saves_active_challenge_mode.ts completed successfully
All migrations completed
01:59:45 [[32minfo[39m]  Save routes initialized

[90mstdout[2m | src/routes/__tests__/e2e-game-core.test.ts[2m > [22m[2mE2E: Game Core Flow (Init + Chat + Save)[2m > [22m[2mGET /api/v1/saves/:saveId[2m > [22m[2mreturns save data for existing save[22m[39m
01:59:45 [[31merror[39m]  Game route error {"action":"initialize","error":"Cannot read properties of undefined (reading 'createSave')"}
01:59:45 [[31merror[39m]  Error occurred: Cannot read properties of undefined (reading 'createSave') {"name":"TypeError"}

[90mstdout[2m | src/routes/__tests__/e2e-game-core.test.ts[2m > [22m[2mE2E: Game Core Flow (Init + Chat + Save)[2m > [22m[2mPOST /api/v1/saves[2m > [22m[2mmissing name returns 400[22m[39m
Running migration: 001_init.ts
Migration 001_init.ts completed successfully
Running migration: 002_add_equipped_index.ts
Migration 002_add_equipped_index.ts completed successfully
Running migration: 003_fix_information_boundaries_timestamps.ts
Migration 003_fix_information_boundaries_timestamps.ts completed successfully
Running migration: 004_drop_information_boundaries.ts
004_drop_information_boundaries: information_boundaries table not found, skipping migration
004_drop_information_boundaries: cleared custom_data.knowledge from 0 NPCs
Migration 004_drop_information_boundaries.ts completed successfully
Running migration: 005_drop_npc_relations.ts
005_drop_npc_relations: dropped npc_relations table
Migration 005_drop_npc_relations.ts completed successfully
Running migration: 006_awareness_relationship_events_states.ts
006: created entity_awareness_events table
006: created entity_awareness_states table
006: created entity_relationship_events table
006: created entity_relationship_states table
Migration 006_awareness_relationship_events_states.ts completed successfully
Running migration: 007_add_combat_mode.ts
007: added combat_states.mode column
Migration 007_add_combat_mode.ts completed successfully
Running migration: 008_add_saves_active_challenge_mode.ts
008: added saves.active_challenge_mode column
Migration 008_add_saves_active_challenge_mode.ts completed successfully
All migrations completed
01:59:45 [[32minfo[39m]  Save routes initialized

[90mstdout[2m | src/game-systems/audit/__tests__/entity-counts-create-operation-matching.test.ts[22m[39m
Migration 002_add_equipped_index.ts completed successfully
Running migration: 003_fix_information_boundaries_timestamps.ts
Migration 003_fix_information_boundaries_timestamps.ts completed successfully
Running migration: 004_drop_information_boundaries.ts

[90mstdout[2m | src/agents/__tests__/full-chain-regression.test.ts[22m[39m
馃И Setting up comprehensive test environment...
鉁?Database connected
Running migration: 001_init.ts

[90mstdout[2m | src/game-systems/audit/__tests__/entity-counts-create-operation-matching.test.ts[22m[39m
004_drop_information_boundaries: information_boundaries table not found, skipping migration
004_drop_information_boundaries: cleared custom_data.knowledge from 0 NPCs
Migration 004_drop_information_boundaries.ts completed successfully
Running migration: 005_drop_npc_relations.ts

[90mstdout[2m | src/game-systems/audit/__tests__/entity-counts-create-operation-matching.test.ts[22m[39m
005_drop_npc_relations: dropped npc_relations table
Migration 005_drop_npc_relations.ts completed successfully
Running migration: 006_awareness_relationship_events_states.ts

[90mstdout[2m | src/game-systems/audit/__tests__/entity-counts-create-operation-matching.test.ts[22m[39m
006: created entity_awareness_events table
006: created entity_awareness_states table
006: created entity_relationship_events table
006: created entity_relationship_states table
Migration 006_awareness_relationship_events_states.ts completed successfully
Running migration: 007_add_combat_mode.ts

[90mstdout[2m | src/routes/__tests__/e2e-game-core.test.ts[2m > [22m[2mE2E: Game Core Flow (Init + Chat + Save)[2m > [22m[2mPOST /api/v1/saves[2m > [22m[2mempty name returns 400[22m[39m
Running migration: 001_init.ts
Migration 001_init.ts completed successfully
Running migration: 002_add_equipped_index.ts
Migration 002_add_equipped_index.ts completed successfully
Running migration: 003_fix_information_boundaries_timestamps.ts
Migration 003_fix_information_boundaries_timestamps.ts completed successfully
Running migration: 004_drop_information_boundaries.ts
004_drop_information_boundaries: information_boundaries table not found, skipping migration
004_drop_information_boundaries: cleared custom_data.knowledge from 0 NPCs
Migration 004_drop_information_boundaries.ts completed successfully
Running migration: 005_drop_npc_relations.ts
005_drop_npc_relations: dropped npc_relations table
Migration 005_drop_npc_relations.ts completed successfully
Running migration: 006_awareness_relationship_events_states.ts
006: created entity_awareness_events table
006: created entity_awareness_states table
006: created entity_relationship_events table
006: created entity_relationship_states table
Migration 006_awareness_relationship_events_states.ts completed successfully
Running migration: 007_add_combat_mode.ts
007: added combat_states.mode column
Migration 007_add_combat_mode.ts completed successfully
Running migration: 008_add_saves_active_challenge_mode.ts
008: added saves.active_challenge_mode column
Migration 008_add_saves_active_challenge_mode.ts completed successfully
All migrations completed
01:59:45 [[32minfo[39m]  Save routes initialized

[90mstdout[2m | src/services/__tests__/ws-e2e-flow.test.ts[2m > [22m[2mWS-8: WebSocket 绔埌绔泦鎴愭祴璇?[2m > [22m[2m杩涘害浜嬩欢璺敱锛歝lientId 绮惧噯鎶曢€?[2m > [22m[2m杩涘害浜嬩欢浠呴€佽揪鍙戣捣璇锋眰鐨勫鎴风锛屼笉褰卞搷鍏朵粬瀹㈡埛绔?[22m[39m
Running migration: 001_init.ts
Migration 001_init.ts completed successfully
Running migration: 002_add_equipped_index.ts
Migration 002_add_equipped_index.ts completed successfully
Running migration: 003_fix_information_boundaries_timestamps.ts
Migration 003_fix_information_boundaries_timestamps.ts completed successfully
Running migration: 004_drop_information_boundaries.ts
004_drop_information_boundaries: information_boundaries table not found, skipping migration
004_drop_information_boundaries: cleared custom_data.knowledge from 0 NPCs
Migration 004_drop_information_boundaries.ts completed successfully
Running migration: 005_drop_npc_relations.ts
005_drop_npc_relations: dropped npc_relations table
Migration 005_drop_npc_relations.ts completed successfully
Running migration: 006_awareness_relationship_events_states.ts
006: created entity_awareness_events table
006: created entity_awareness_states table
006: created entity_relationship_events table
006: created entity_relationship_states table
Migration 006_awareness_relationship_events_states.ts completed successfully
Running migration: 007_add_combat_mode.ts
007: added combat_states.mode column
Migration 007_add_combat_mode.ts completed successfully
Running migration: 008_add_saves_active_challenge_mode.ts
008: added saves.active_challenge_mode column
Migration 008_add_saves_active_challenge_mode.ts completed successfully
All migrations completed
01:59:45 [[32minfo[39m]  Save routes initialized
01:59:45 [[32minfo[39m]  WebSocket server initialized on /ws
01:59:45 [[32minfo[39m]  Save created {"saveId":"save_Test_Save_1785002385098_8","name":"Test Save","templateId":"test-template","restrictionType":"free"}
01:59:45 [[32minfo[39m]  WebSocket client disconnected {"clientId":null,"code":1005,"total":0}

[90mstdout[2m | src/services/__tests__/ws-e2e-flow.test.ts[2m > [22m[2mWS-8: WebSocket 绔埌绔泦鎴愭祴璇?[2m > [22m[2m杩涘害浜嬩欢璺敱锛歝lientId 绮惧噯鎶曢€?[2m > [22m[2m杩涘害浜嬩欢浠呴€佽揪鍙戣捣璇锋眰鐨勫鎴风锛屼笉褰卞搷鍏朵粬瀹㈡埛绔?[22m[39m
01:59:45 [[32minfo[39m]  WebSocket client connected. Total: 1

[90mstdout[2m | src/services/__tests__/ws-e2e-flow.test.ts[2m > [22m[2mWS-8: WebSocket 绔埌绔泦鎴愭祴璇?[2m > [22m[2m杩涘害浜嬩欢璺敱锛歝lientId 绮惧噯鎶曢€?[2m > [22m[2m杩涘害浜嬩欢浠呴€佽揪鍙戣捣璇锋眰鐨勫鎴风锛屼笉褰卞搷鍏朵粬瀹㈡埛绔?[22m[39m
01:59:45 [[32minfo[39m]  WebSocket client authenticated {"clientId":"client_462af7cb-2781-406c-aff0-42d8fbdf7db4"}

[90mstdout[2m | src/services/__tests__/ws-e2e-flow.test.ts[2m > [22m[2mWS-8: WebSocket 绔埌绔泦鎴愭祴璇?[2m > [22m[2m杩涘害浜嬩欢璺敱锛歝lientId 绮惧噯鎶曢€?[2m > [22m[2m杩涘害浜嬩欢浠呴€佽揪鍙戣捣璇锋眰鐨勫鎴风锛屼笉褰卞搷鍏朵粬瀹㈡埛绔?[22m[39m
01:59:45 [[32minfo[39m]  Client subscribed {"clientId":"client_462af7cb-2781-406c-aff0-42d8fbdf7db4","saveId":"save_Test_Save_1785002385098_8"}

[90mstdout[2m | src/services/__tests__/ws-e2e-flow.test.ts[2m > [22m[2mWS-8: WebSocket 绔埌绔泦鎴愭祴璇?[2m > [22m[2m杩涘害浜嬩欢璺敱锛歝lientId 绮惧噯鎶曢€?[2m > [22m[2m杩涘害浜嬩欢浠呴€佽揪鍙戣捣璇锋眰鐨勫鎴风锛屼笉褰卞搷鍏朵粬瀹㈡埛绔?[22m[39m
01:59:45 [[32minfo[39m]  WebSocket client connected. Total: 2

[90mstdout[2m | src/services/__tests__/ws-e2e-flow.test.ts[2m > [22m[2mWS-8: WebSocket 绔埌绔泦鎴愭祴璇?[2m > [22m[2m杩涘害浜嬩欢璺敱锛歝lientId 绮惧噯鎶曢€?[2m > [22m[2m杩涘害浜嬩欢浠呴€佽揪鍙戣捣璇锋眰鐨勫鎴风锛屼笉褰卞搷鍏朵粬瀹㈡埛绔?[22m[39m
01:59:45 [[32minfo[39m]  WebSocket client authenticated {"clientId":"client_f28ce153-63ee-4a43-a3a5-fd933039292e"}

[90mstdout[2m | src/services/__tests__/ws-e2e-flow.test.ts[2m > [22m[2mWS-8: WebSocket 绔埌绔泦鎴愭祴璇?[2m > [22m[2m杩涘害浜嬩欢璺敱锛歝lientId 绮惧噯鎶曢€?[2m > [22m[2m杩涘害浜嬩欢浠呴€佽揪鍙戣捣璇锋眰鐨勫鎴风锛屼笉褰卞搷鍏朵粬瀹㈡埛绔?[22m[39m
01:59:45 [[32minfo[39m]  Client subscribed {"clientId":"client_f28ce153-63ee-4a43-a3a5-fd933039292e","saveId":"save_Test_Save_1785002385098_8"}

[90mstdout[2m | src/routes/__tests__/e2e-game-core.test.ts[2m > [22m[2mE2E: Game Core Flow (Init + Chat + Save)[2m > [22m[2mPOST /api/v1/saves[2m > [22m[2msuccessful creation returns save object with 201[22m[39m
Running migration: 001_init.ts
Migration 001_init.ts completed successfully
Running migration: 002_add_equipped_index.ts
Migration 002_add_equipped_index.ts completed successfully
Running migration: 003_fix_information_boundaries_timestamps.ts
Migration 003_fix_information_boundaries_timestamps.ts completed successfully
Running migration: 004_drop_information_boundaries.ts
004_drop_information_boundaries: information_boundaries table not found, skipping migration
004_drop_information_boundaries: cleared custom_data.knowledge from 0 NPCs
Migration 004_drop_information_boundaries.ts completed successfully
Running migration: 005_drop_npc_relations.ts
005_drop_npc_relations: dropped npc_relations table
Migration 005_drop_npc_relations.ts completed successfully
Running migration: 006_awareness_relationship_events_states.ts
006: created entity_awareness_events table
006: created entity_awareness_states table
006: created entity_relationship_events table
006: created entity_relationship_states table
Migration 006_awareness_relationship_events_states.ts completed successfully
Running migration: 007_add_combat_mode.ts
007: added combat_states.mode column
Migration 007_add_combat_mode.ts completed successfully
Running migration: 008_add_saves_active_challenge_mode.ts
008: added saves.active_challenge_mode column
Migration 008_add_saves_active_challenge_mode.ts completed successfully
All migrations completed
01:59:45 [[32minfo[39m]  Save routes initialized

[90mstdout[2m | src/routes/__tests__/e2e-game-core.test.ts[2m > [22m[2mE2E: Game Core Flow (Init + Chat + Save)[2m > [22m[2mPOST /api/v1/saves[2m > [22m[2msuccessful creation returns save object with 201[22m[39m
01:59:45 [[32minfo[39m]  Save created {"saveId":"save_Test_Save_1785002385151_0","name":"Test Save","restrictionType":"free"}

[90mstdout[2m | src/services/__tests__/ws-e2e-flow.test.ts[2m > [22m[2mWS-8: WebSocket 绔埌绔泦鎴愭祴璇?[2m > [22m[2m杩涘害浜嬩欢璺敱锛歝lientId 绮惧噯鎶曢€?[2m > [22m[2m杩涘害浜嬩欢浠呴€佽揪鍙戣捣璇锋眰鐨勫鎴风锛屼笉褰卞搷鍏朵粬瀹㈡埛绔?[22m[39m
01:59:45 [[32minfo[39m]  WebSocket client disconnected {"clientId":"client_462af7cb-2781-406c-aff0-42d8fbdf7db4","code":1005,"total":1}
01:59:45 [[32minfo[39m]  WebSocket server shut down

 [32m鉁?[39m src/services/__tests__/ws-e2e-flow.test.ts [2m ([22m[2m10 tests[22m[2m)[22m[33m 5367[2mms[22m[39m
[90mstdout[2m | src/services/__tests__/ws-e2e-flow.test.ts[22m[39m
鉁?Database connection closed
01:59:45 [[32minfo[39m]  WebSocket client disconnected {"clientId":null,"code":1005,"total":0}

[90mstdout[2m | src/routes/__tests__/e2e-game-core.test.ts[2m > [22m[2mE2E: Game Core Flow (Init + Chat + Save)[2m > [22m[2mPOST /api/v1/saves[2m > [22m[2mcreation with template_id and game_mode[22m[39m
Running migration: 001_init.ts
Migration 001_init.ts completed successfully
Running migration: 002_add_equipped_index.ts
Migration 002_add_equipped_index.ts completed successfully
Running migration: 003_fix_information_boundaries_timestamps.ts
Migration 003_fix_information_boundaries_timestamps.ts completed successfully
Running migration: 004_drop_information_boundaries.ts
004_drop_information_boundaries: information_boundaries table not found, skipping migration
004_drop_information_boundaries: cleared custom_data.knowledge from 0 NPCs
Migration 004_drop_information_boundaries.ts completed successfully
Running migration: 005_drop_npc_relations.ts
005_drop_npc_relations: dropped npc_relations table
Migration 005_drop_npc_relations.ts completed successfully
Running migration: 006_awareness_relationship_events_states.ts
006: created entity_awareness_events table
006: created entity_awareness_states table
006: created entity_relationship_events table
006: created entity_relationship_states table
Migration 006_awareness_relationship_events_states.ts completed successfully
Running migration: 007_add_combat_mode.ts
007: added combat_states.mode column
Migration 007_add_combat_mode.ts completed successfully
Running migration: 008_add_saves_active_challenge_mode.ts
008: added saves.active_challenge_mode column
Migration 008_add_saves_active_challenge_mode.ts completed successfully
All migrations completed
01:59:45 [[32minfo[39m]  Save routes initialized

[90mstdout[2m | src/routes/__tests__/e2e-game-core.test.ts[2m > [22m[2mE2E: Game Core Flow (Init + Chat + Save)[2m > [22m[2mPOST /api/v1/saves[2m > [22m[2mcreation with template_id and game_mode[22m[39m
01:59:45 [[32minfo[39m]  Save created {"saveId":"save_Templated_Save_1785002385256_1","name":"Templated Save","templateId":"test-template","restrictionType":"free"}

[90mstdout[2m | src/routes/__tests__/e2e-game-core.test.ts[2m > [22m[2mE2E: Game Core Flow (Init + Chat + Save)[2m > [22m[2mDELETE /api/v1/saves/:saveId[2m > [22m[2mnonexistent saveId returns 404[22m[39m
Running migration: 001_init.ts
Migration 001_init.ts completed successfully
Running migration: 002_add_equipped_index.ts
Migration 002_add_equipped_index.ts completed successfully
Running migration: 003_fix_information_boundaries_timestamps.ts
Migration 003_fix_information_boundaries_timestamps.ts completed successfully
Running migration: 004_drop_information_boundaries.ts
004_drop_information_boundaries: information_boundaries table not found, skipping migration
004_drop_information_boundaries: cleared custom_data.knowledge from 0 NPCs
Migration 004_drop_information_boundaries.ts completed successfully
Running migration: 005_drop_npc_relations.ts
005_drop_npc_relations: dropped npc_relations table
Migration 005_drop_npc_relations.ts completed successfully
Running migration: 006_awareness_relationship_events_states.ts
006: created entity_awareness_events table
006: created entity_awareness_states table
006: created entity_relationship_events table
006: created entity_relationship_states table
Migration 006_awareness_relationship_events_states.ts completed successfully
Running migration: 007_add_combat_mode.ts
007: added combat_states.mode column
Migration 007_add_combat_mode.ts completed successfully
Running migration: 008_add_saves_active_challenge_mode.ts
008: added saves.active_challenge_mode column
Migration 008_add_saves_active_challenge_mode.ts completed successfully
All migrations completed
01:59:45 [[32minfo[39m]  Save routes initialized

[90mstdout[2m | src/routes/__tests__/e2e-game-core.test.ts[2m > [22m[2mE2E: Game Core Flow (Init + Chat + Save)[2m > [22m[2mDELETE /api/v1/saves/:saveId[2m > [22m[2msuccessful deletion returns { deleted: true, saveId }[22m[39m
Running migration: 001_init.ts
Migration 001_init.ts completed successfully
Running migration: 002_add_equipped_index.ts
Migration 002_add_equipped_index.ts completed successfully
Running migration: 003_fix_information_boundaries_timestamps.ts
Migration 003_fix_information_boundaries_timestamps.ts completed successfully
Running migration: 004_drop_information_boundaries.ts
004_drop_information_boundaries: information_boundaries table not found, skipping migration
004_drop_information_boundaries: cleared custom_data.knowledge from 0 NPCs
Migration 004_drop_information_boundaries.ts completed successfully
Running migration: 005_drop_npc_relations.ts
005_drop_npc_relations: dropped npc_relations table
Migration 005_drop_npc_relations.ts completed successfully
Running migration: 006_awareness_relationship_events_states.ts
006: created entity_awareness_events table
006: created entity_awareness_states table
006: created entity_relationship_events table
006: created entity_relationship_states table
Migration 006_awareness_relationship_events_states.ts completed successfully
Running migration: 007_add_combat_mode.ts
007: added combat_states.mode column
Migration 007_add_combat_mode.ts completed successfully
Running migration: 008_add_saves_active_challenge_mode.ts
008: added saves.active_challenge_mode column
Migration 008_add_saves_active_challenge_mode.ts completed successfully
All migrations completed
01:59:45 [[32minfo[39m]  Save routes initialized

[90mstdout[2m | src/routes/__tests__/e2e-game-core.test.ts[2m > [22m[2mE2E: Game Core Flow (Init + Chat + Save)[2m > [22m[2mDELETE /api/v1/saves/:saveId[2m > [22m[2msuccessful deletion returns { deleted: true, saveId }[22m[39m
01:59:45 [[32minfo[39m]  Save created {"saveId":"save_Delete_Test_Save_1785002385341_2","name":"Delete Test Save","restrictionType":"free"}

[90mstdout[2m | src/routes/__tests__/e2e-game-core.test.ts[2m > [22m[2mE2E: Game Core Flow (Init + Chat + Save)[2m > [22m[2mDELETE /api/v1/saves/:saveId[2m > [22m[2msuccessful deletion returns { deleted: true, saveId }[22m[39m
01:59:45 [[32minfo[39m]  Save deleted with all related data {"saveId":"save_Delete_Test_Save_1785002385341_2"}

[90mstdout[2m | src/routes/__tests__/e2e-game-core.test.ts[2m > [22m[2mE2E: Game Core Flow (Init + Chat + Save)[2m > [22m[2mGET /api/v1/game/:saveId/pool/template/skills[2m > [22m[2mnonexistent saveId returns 404[22m[39m
Running migration: 001_init.ts
Migration 001_init.ts completed successfully
Running migration: 002_add_equipped_index.ts
Migration 002_add_equipped_index.ts completed successfully
Running migration: 003_fix_information_boundaries_timestamps.ts
Migration 003_fix_information_boundaries_timestamps.ts completed successfully
Running migration: 004_drop_information_boundaries.ts
004_drop_information_boundaries: information_boundaries table not found, skipping migration
004_drop_information_boundaries: cleared custom_data.knowledge from 0 NPCs
Migration 004_drop_information_boundaries.ts completed successfully
Running migration: 005_drop_npc_relations.ts
005_drop_npc_relations: dropped npc_relations table
Migration 005_drop_npc_relations.ts completed successfully
Running migration: 006_awareness_relationship_events_states.ts
006: created entity_awareness_events table
006: created entity_awareness_states table
006: created entity_relationship_events table
006: created entity_relationship_states table
Migration 006_awareness_relationship_events_states.ts completed successfully
Running migration: 007_add_combat_mode.ts
007: added combat_states.mode column
Migration 007_add_combat_mode.ts completed successfully
Running migration: 008_add_saves_active_challenge_mode.ts
008: added saves.active_challenge_mode column
Migration 008_add_saves_active_challenge_mode.ts completed successfully
All migrations completed
01:59:45 [[32minfo[39m]  Save routes initialized

[90mstdout[2m | src/routes/__tests__/e2e-game-core.test.ts[2m > [22m[2mE2E: Game Core Flow (Init + Chat + Save)[2m > [22m[2mGET /api/v1/game/:saveId/pool/template/skills[2m > [22m[2mreturns skills array for existing save[22m[39m
Running migration: 001_init.ts
Migration 001_init.ts completed successfully
Running migration: 002_add_equipped_index.ts
Migration 002_add_equipped_index.ts completed successfully
Running migration: 003_fix_information_boundaries_timestamps.ts
Migration 003_fix_information_boundaries_timestamps.ts completed successfully
Running migration: 004_drop_information_boundaries.ts
004_drop_information_boundaries: information_boundaries table not found, skipping migration
004_drop_information_boundaries: cleared custom_data.knowledge from 0 NPCs
Migration 004_drop_information_boundaries.ts completed successfully
Running migration: 005_drop_npc_relations.ts
005_drop_npc_relations: dropped npc_relations table
Migration 005_drop_npc_relations.ts completed successfully
Running migration: 006_awareness_relationship_events_states.ts
006: created entity_awareness_events table
006: created entity_awareness_states table
006: created entity_relationship_events table
006: created entity_relationship_states table
Migration 006_awareness_relationship_events_states.ts completed successfully
Running migration: 007_add_combat_mode.ts
007: added combat_states.mode column
Migration 007_add_combat_mode.ts completed successfully
Running migration: 008_add_saves_active_challenge_mode.ts
008: added saves.active_challenge_mode column
Migration 008_add_saves_active_challenge_mode.ts completed successfully
All migrations completed
01:59:45 [[32minfo[39m]  Save routes initialized

[90mstdout[2m | src/routes/__tests__/e2e-game-core.test.ts[2m > [22m[2mE2E: Game Core Flow (Init + Chat + Save)[2m > [22m[2mGET /api/v1/game/:saveId/pool/template/skills[2m > [22m[2mreturns skills array for existing save[22m[39m
01:59:45 [[31merror[39m]  Game route error {"action":"initialize","error":"Cannot read properties of undefined (reading 'createSave')"}
01:59:45 [[31merror[39m]  Error occurred: Cannot read properties of undefined (reading 'createSave') {"name":"TypeError"}

[90mstdout[2m | src/routes/__tests__/e2e-game-core.test.ts[2m > [22m[2mE2E: Game Core Flow (Init + Chat + Save)[2m > [22m[2mGET /api/v1/game/:saveId/pool/template/items[2m > [22m[2mnonexistent saveId returns 404[22m[39m
Running migration: 001_init.ts
Migration 001_init.ts completed successfully
Running migration: 002_add_equipped_index.ts
Migration 002_add_equipped_index.ts completed successfully
Running migration: 003_fix_information_boundaries_timestamps.ts
Migration 003_fix_information_boundaries_timestamps.ts completed successfully
Running migration: 004_drop_information_boundaries.ts
004_drop_information_boundaries: information_boundaries table not found, skipping migration
004_drop_information_boundaries: cleared custom_data.knowledge from 0 NPCs
Migration 004_drop_information_boundaries.ts completed successfully
Running migration: 005_drop_npc_relations.ts
005_drop_npc_relations: dropped npc_relations table
Migration 005_drop_npc_relations.ts completed successfully
Running migration: 006_awareness_relationship_events_states.ts
006: created entity_awareness_events table
006: created entity_awareness_states table
006: created entity_relationship_events table
006: created entity_relationship_states table
Migration 006_awareness_relationship_events_states.ts completed successfully
Running migration: 007_add_combat_mode.ts
007: added combat_states.mode column
Migration 007_add_combat_mode.ts completed successfully
Running migration: 008_add_saves_active_challenge_mode.ts
008: added saves.active_challenge_mode column
Migration 008_add_saves_active_challenge_mode.ts completed successfully
All migrations completed
01:59:45 [[32minfo[39m]  Save routes initialized

[90mstdout[2m | src/agents/__tests__/full-chain-regression.test.ts[22m[39m
Migration 001_init.ts completed successfully
Running migration: 002_add_equipped_index.ts

[90mstdout[2m | src/game-systems/audit/__tests__/entity-counts-create-operation-matching.test.ts[22m[39m
007: added combat_states.mode column
Migration 007_add_combat_mode.ts completed successfully
Running migration: 008_add_saves_active_challenge_mode.ts
008: added saves.active_challenge_mode column
Migration 008_add_saves_active_challenge_mode.ts completed successfully
All migrations completed
鉁?Migrations completed
All seeds completed
鉁?Seeds completed
01:59:45 [[32minfo[39m]  Starting YAML-driven Agent system initialization
01:59:45 [[32minfo[39m]  Seeding ModelConfigService from environment
01:59:45 [[32minfo[39m]  No DEEPSEEK_API_KEY env var found, skipping env seed
01:59:45 [[32minfo[39m]  Seeded provider from convict config {"providerType":"openai","providerId":"42d4a23c-2614-45e6-ad90-6c898d3dd082","model":"openrouter/free"}
01:59:45 [[32minfo[39m]  Creating LLMService with ModelConfigService
01:59:45 [[32minfo[39m]  Creating ContextService and DecisionLogService instances
01:59:45 [[32minfo[39m]  Initializing YAML-driven Agent profiles...
01:59:45 [[32minfo[39m]  Loading config from directory: C:\Users\super\Documents\trae_projects\AGG-main\packages\backend\config
01:59:45 [[32minfo[39m]  Loaded agent profile: fantasy_rpg
01:59:45 [[32minfo[39m]  Loaded agent profile: minimal_test
01:59:45 [[32minfo[39m]  Loaded 0 non-builtin profiles from database (0 builtin skipped, using YAML)
01:59:45 [[32minfo[39m]  Config loaded successfully: 2 profiles
01:59:45 [[32minfo[39m]  YAML config loaded successfully
01:59:45 [[32minfo[39m]  Context rules loaded {"agentCount":10}
01:59:45 [[32minfo[39m]  Default manifests loaded {"agentTypeCount":6,"manifestCount":8}
01:59:45 [[32minfo[39m]  Context rules file watcher started {"path":"C:\\Users\\super\\Documents\\trae_projects\\AGG-main\\packages\\backend\\config\\agent-context-rules.yaml"}
01:59:45 [[32minfo[39m]  Loaded 10 agent capabilities from YAML profiles
01:59:45 [[32minfo[39m]  ToolRegistry initialized
01:59:45 [[32minfo[39m]  Registering ServiceTools to ToolRegistry
01:59:45 [[32minfo[39m]  Tool registered: game_time_service - GameTime Service (v1.0.0)
01:59:45 [[32minfo[39m]  Tool registered: numerical_service - Numerical Service (v1.0.0)
01:59:45 [[32minfo[39m]  Tool registered: character_service - Character Service (v1.0.0)
01:59:45 [[32minfo[39m]  Tool registered: inventory_service - Inventory Service (v1.0.0)
01:59:45 [[32minfo[39m]  Tool registered: skill_service - Skill Service (v1.1.0)
01:59:45 [[32minfo[39m]  Tool registered: map_service - Map Service (v2.0.0)
01:59:45 [[32minfo[39m]  Tool registered: npc_service - NPC Service (v1.0.0)
01:59:45 [[32minfo[39m]  Tool registered: dialogue_service - Dialogue Service (v1.0.0)
01:59:45 [[32minfo[39m]  Tool registered: quest_service - Quest Service (v1.0.0)
01:59:45 [[32minfo[39m]  Tool registered: challenge_service - Challenge Service (v1.0.0)
01:59:45 [[32minfo[39m]  Tool registered: event_service - Event Service (v1.0.0)
01:59:45 [[32minfo[39m]  Tool registered: story_service - Story Service (v1.0.0)
01:59:45 [[32minfo[39m]  Tool registered: game_init_service - Game Init Service (v2.0.0)
01:59:45 [[32minfo[39m]  Tool registered: batch_query_service - Batch Query Service (v1.0.0)
01:59:45 [[32minfo[39m]  Tool registered: entity_graph_service - Entity Graph Service (v1.0.0)
01:59:45 [[32minfo[39m]  Tool registered: template_pool_service - Template Pool Service (v1.0.0)
01:59:45 [[32minfo[39m]  Tool registered: dynamic_ui - Dynamic UI Service (v1.0.0)
01:59:45 [[32minfo[39m]  Tool registered: generate_options - Generate Options Service (v2.0.0)
01:59:45 [[32minfo[39m]  Tool registered: coordinator_service - Coordinator Service (v1.0.0)
01:59:45 [[32minfo[39m]  Tool registered: rule_service - Rule Service (v1.0.0)
01:59:45 [[32minfo[39m]  Tool registered: skill_loader - Skill Loader (v1.0.0)
01:59:45 [[32minfo[39m]  Tool registered: help_service - Help Service (v1.0.0)
01:59:45 [[32minfo[39m]  Tool registered: memory_service - Memory Service (v1.0.0)
01:59:45 [[32minfo[39m]  Registered 23 ServiceTools to ToolRegistry
01:59:45 [[32minfo[39m]  Tool reference validation passed

[90mstdout[2m | src/game-systems/audit/__tests__/entity-counts-create-operation-matching.test.ts[22m[39m
01:59:45 [[32minfo[39m]  Discovered 187 help files {"dir":"C:\\Users\\super\\Documents\\trae_projects\\AGG-main\\packages\\backend\\config\\agent-help"}

[90mstdout[2m | src/agents/__tests__/full-chain-regression.test.ts[22m[39m
Migration 002_add_equipped_index.ts completed successfully
Running migration: 003_fix_information_boundaries_timestamps.ts

[90mstdout[2m | src/agents/__tests__/full-chain-regression.test.ts[22m[39m
Migration 003_fix_information_boundaries_timestamps.ts completed successfully
Running migration: 004_drop_information_boundaries.ts
004_drop_information_boundaries: information_boundaries table not found, skipping migration
004_drop_information_boundaries: cleared custom_data.knowledge from 0 NPCs
Migration 004_drop_information_boundaries.ts completed successfully
Running migration: 005_drop_npc_relations.ts
005_drop_npc_relations: dropped npc_relations table
Migration 005_drop_npc_relations.ts completed successfully
Running migration: 006_awareness_relationship_events_states.ts
006: created entity_awareness_events table
006: created entity_awareness_states table
006: created entity_relationship_events table
006: created entity_relationship_states table
Migration 006_awareness_relationship_events_states.ts completed successfully
Running migration: 007_add_combat_mode.ts

[90mstdout[2m | src/routes/__tests__/e2e-game-core.test.ts[2m > [22m[2mE2E: Game Core Flow (Init + Chat + Save)[2m > [22m[2mGET /api/v1/game/:saveId/pool/template/items[2m > [22m[2mreturns items array for existing save[22m[39m
Running migration: 001_init.ts
Migration 001_init.ts completed successfully
Running migration: 002_add_equipped_index.ts
Migration 002_add_equipped_index.ts completed successfully
Running migration: 003_fix_information_boundaries_timestamps.ts
Migration 003_fix_information_boundaries_timestamps.ts completed successfully
Running migration: 004_drop_information_boundaries.ts
004_drop_information_boundaries: information_boundaries table not found, skipping migration
004_drop_information_boundaries: cleared custom_data.knowledge from 0 NPCs
Migration 004_drop_information_boundaries.ts completed successfully
Running migration: 005_drop_npc_relations.ts
005_drop_npc_relations: dropped npc_relations table
Migration 005_drop_npc_relations.ts completed successfully
Running migration: 006_awareness_relationship_events_states.ts
006: created entity_awareness_events table
006: created entity_awareness_states table
006: created entity_relationship_events table
006: created entity_relationship_states table
Migration 006_awareness_relationship_events_states.ts completed successfully
Running migration: 007_add_combat_mode.ts
007: added combat_states.mode column
Migration 007_add_combat_mode.ts completed successfully
Running migration: 008_add_saves_active_challenge_mode.ts
008: added saves.active_challenge_mode column
Migration 008_add_saves_active_challenge_mode.ts completed successfully
All migrations completed
01:59:45 [[32minfo[39m]  Save routes initialized

[90mstdout[2m | src/routes/__tests__/e2e-game-core.test.ts[2m > [22m[2mE2E: Game Core Flow (Init + Chat + Save)[2m > [22m[2mGET /api/v1/game/:saveId/pool/template/items[2m > [22m[2mreturns items array for existing save[22m[39m
01:59:45 [[31merror[39m]  Game route error {"action":"initialize","error":"Cannot read properties of undefined (reading 'createSave')"}
01:59:45 [[31merror[39m]  Error occurred: Cannot read properties of undefined (reading 'createSave') {"name":"TypeError"}

[90mstdout[2m | src/routes/__tests__/e2e-game-core.test.ts[2m > [22m[2mE2E: Game Core Flow (Init + Chat + Save)[2m > [22m[2mGET /api/v1/game/:saveId/pool/stats[2m > [22m[2mnonexistent saveId returns 404[22m[39m
Running migration: 001_init.ts
Migration 001_init.ts completed successfully
Running migration: 002_add_equipped_index.ts
Migration 002_add_equipped_index.ts completed successfully
Running migration: 003_fix_information_boundaries_timestamps.ts
Migration 003_fix_information_boundaries_timestamps.ts completed successfully
Running migration: 004_drop_information_boundaries.ts
004_drop_information_boundaries: information_boundaries table not found, skipping migration
004_drop_information_boundaries: cleared custom_data.knowledge from 0 NPCs
Migration 004_drop_information_boundaries.ts completed successfully
Running migration: 005_drop_npc_relations.ts
005_drop_npc_relations: dropped npc_relations table
Migration 005_drop_npc_relations.ts completed successfully
Running migration: 006_awareness_relationship_events_states.ts
006: created entity_awareness_events table
006: created entity_awareness_states table
006: created entity_relationship_events table
006: created entity_relationship_states table
Migration 006_awareness_relationship_events_states.ts completed successfully
Running migration: 007_add_combat_mode.ts
007: added combat_states.mode column
Migration 007_add_combat_mode.ts completed successfully
Running migration: 008_add_saves_active_challenge_mode.ts
008: added saves.active_challenge_mode column
Migration 008_add_saves_active_challenge_mode.ts completed successfully
All migrations completed
01:59:45 [[32minfo[39m]  Save routes initialized

[90mstdout[2m | src/routes/__tests__/e2e-game-core.test.ts[2m > [22m[2mE2E: Game Core Flow (Init + Chat + Save)[2m > [22m[2mGET /api/v1/game/:saveId/pool/stats[2m > [22m[2mreturns pool stats for existing save[22m[39m
Running migration: 001_init.ts
Migration 001_init.ts completed successfully
Running migration: 002_add_equipped_index.ts
Migration 002_add_equipped_index.ts completed successfully
Running migration: 003_fix_information_boundaries_timestamps.ts
Migration 003_fix_information_boundaries_timestamps.ts completed successfully
Running migration: 004_drop_information_boundaries.ts
004_drop_information_boundaries: information_boundaries table not found, skipping migration
004_drop_information_boundaries: cleared custom_data.knowledge from 0 NPCs
Migration 004_drop_information_boundaries.ts completed successfully
Running migration: 005_drop_npc_relations.ts
005_drop_npc_relations: dropped npc_relations table
Migration 005_drop_npc_relations.ts completed successfully
Running migration: 006_awareness_relationship_events_states.ts
006: created entity_awareness_events table
006: created entity_awareness_states table
006: created entity_relationship_events table
006: created entity_relationship_states table
Migration 006_awareness_relationship_events_states.ts completed successfully
Running migration: 007_add_combat_mode.ts
007: added combat_states.mode column
Migration 007_add_combat_mode.ts completed successfully
Running migration: 008_add_saves_active_challenge_mode.ts
008: added saves.active_challenge_mode column
Migration 008_add_saves_active_challenge_mode.ts completed successfully
All migrations completed
01:59:45 [[32minfo[39m]  Save routes initialized

[90mstdout[2m | src/game-systems/inventory/__tests__/accessory-array-slot.test.ts[22m[39m
馃И Setting up comprehensive test environment...
鉁?Database connected
Running migration: 001_init.ts
Migration 001_init.ts completed successfully
Running migration: 002_add_equipped_index.ts

[90mstdout[2m | src/routes/__tests__/e2e-game-core.test.ts[2m > [22m[2mE2E: Game Core Flow (Init + Chat + Save)[2m > [22m[2mGET /api/v1/game/:saveId/pool/stats[2m > [22m[2mreturns pool stats for existing save[22m[39m
01:59:45 [[31merror[39m]  Game route error {"action":"initialize","error":"Cannot read properties of undefined (reading 'createSave')"}
01:59:45 [[31merror[39m]  Error occurred: Cannot read properties of undefined (reading 'createSave') {"name":"TypeError"}

[90mstdout[2m | src/routes/__tests__/e2e-game-core.test.ts[2m > [22m[2mE2E: Game Core Flow (Init + Chat + Save)[2m > [22m[2mFull E2E Flow[2m > [22m[2mcomplete game lifecycle: init -> chat -> list saves -> load save -> delete save[22m[39m
Running migration: 001_init.ts
Migration 001_init.ts completed successfully
Running migration: 002_add_equipped_index.ts
Migration 002_add_equipped_index.ts completed successfully
Running migration: 003_fix_information_boundaries_timestamps.ts
Migration 003_fix_information_boundaries_timestamps.ts completed successfully
Running migration: 004_drop_information_boundaries.ts
004_drop_information_boundaries: information_boundaries table not found, skipping migration
004_drop_information_boundaries: cleared custom_data.knowledge from 0 NPCs
Migration 004_drop_information_boundaries.ts completed successfully
Running migration: 005_drop_npc_relations.ts
005_drop_npc_relations: dropped npc_relations table
Migration 005_drop_npc_relations.ts completed successfully
Running migration: 006_awareness_relationship_events_states.ts
006: created entity_awareness_events table
006: created entity_awareness_states table
006: created entity_relationship_events table
006: created entity_relationship_states table
Migration 006_awareness_relationship_events_states.ts completed successfully
Running migration: 007_add_combat_mode.ts
007: added combat_states.mode column
Migration 007_add_combat_mode.ts completed successfully
Running migration: 008_add_saves_active_challenge_mode.ts
008: added saves.active_challenge_mode column
Migration 008_add_saves_active_challenge_mode.ts completed successfully
All migrations completed
01:59:45 [[32minfo[39m]  Save routes initialized

[90mstdout[2m | src/routes/__tests__/e2e-game-core.test.ts[2m > [22m[2mE2E: Game Core Flow (Init + Chat + Save)[2m > [22m[2mFull E2E Flow[2m > [22m[2mcomplete game lifecycle: init -> chat -> list saves -> load save -> delete save[22m[39m
01:59:45 [[31merror[39m]  Game route error {"action":"initialize","error":"Cannot read properties of undefined (reading 'createSave')"}
01:59:45 [[31merror[39m]  Error occurred: Cannot read properties of undefined (reading 'createSave') {"name":"TypeError"}

[90mstdout[2m | src/routes/__tests__/e2e-game-core.test.ts[2m > [22m[2mE2E: Game Core Flow (Init + Chat + Save)[2m > [22m[2mFull E2E Flow[2m > [22m[2minit creates character record in database[22m[39m
Running migration: 001_init.ts
Migration 001_init.ts completed successfully
Running migration: 002_add_equipped_index.ts
Migration 002_add_equipped_index.ts completed successfully
Running migration: 003_fix_information_boundaries_timestamps.ts
Migration 003_fix_information_boundaries_timestamps.ts completed successfully
Running migration: 004_drop_information_boundaries.ts
004_drop_information_boundaries: information_boundaries table not found, skipping migration
004_drop_information_boundaries: cleared custom_data.knowledge from 0 NPCs
Migration 004_drop_information_boundaries.ts completed successfully
Running migration: 005_drop_npc_relations.ts
005_drop_npc_relations: dropped npc_relations table
Migration 005_drop_npc_relations.ts completed successfully
Running migration: 006_awareness_relationship_events_states.ts
006: created entity_awareness_events table
006: created entity_awareness_states table
006: created entity_relationship_events table
006: created entity_relationship_states table
Migration 006_awareness_relationship_events_states.ts completed successfully
Running migration: 007_add_combat_mode.ts
007: added combat_states.mode column
Migration 007_add_combat_mode.ts completed successfully
Running migration: 008_add_saves_active_challenge_mode.ts
008: added saves.active_challenge_mode column
Migration 008_add_saves_active_challenge_mode.ts completed successfully
All migrations completed
01:59:45 [[32minfo[39m]  Save routes initialized

[90mstdout[2m | src/routes/__tests__/e2e-game-core.test.ts[2m > [22m[2mE2E: Game Core Flow (Init + Chat + Save)[2m > [22m[2mFull E2E Flow[2m > [22m[2minit creates character record in database[22m[39m
01:59:45 [[31merror[39m]  Game route error {"action":"initialize","error":"Cannot read properties of undefined (reading 'createSave')"}
01:59:45 [[31merror[39m]  Error occurred: Cannot read properties of undefined (reading 'createSave') {"name":"TypeError"}

[90mstdout[2m | src/routes/__tests__/e2e-game-core.test.ts[2m > [22m[2mE2E: Game Core Flow (Init + Chat + Save)[2m > [22m[2mFull E2E Flow[2m > [22m[2mmultiple initializations create independent saves[22m[39m
Running migration: 001_init.ts
Migration 001_init.ts completed successfully
Running migration: 002_add_equipped_index.ts
Migration 002_add_equipped_index.ts completed successfully
Running migration: 003_fix_information_boundaries_timestamps.ts
Migration 003_fix_information_boundaries_timestamps.ts completed successfully
Running migration: 004_drop_information_boundaries.ts
004_drop_information_boundaries: information_boundaries table not found, skipping migration
004_drop_information_boundaries: cleared custom_data.knowledge from 0 NPCs
Migration 004_drop_information_boundaries.ts completed successfully
Running migration: 005_drop_npc_relations.ts
005_drop_npc_relations: dropped npc_relations table
Migration 005_drop_npc_relations.ts completed successfully
Running migration: 006_awareness_relationship_events_states.ts
006: created entity_awareness_events table
006: created entity_awareness_states table
006: created entity_relationship_events table
006: created entity_relationship_states table
Migration 006_awareness_relationship_events_states.ts completed successfully
Running migration: 007_add_combat_mode.ts
007: added combat_states.mode column
Migration 007_add_combat_mode.ts completed successfully
Running migration: 008_add_saves_active_challenge_mode.ts
008: added saves.active_challenge_mode column
Migration 008_add_saves_active_challenge_mode.ts completed successfully
All migrations completed
01:59:45 [[32minfo[39m]  Save routes initialized

[90mstdout[2m | src/routes/__tests__/e2e-game-core.test.ts[2m > [22m[2mE2E: Game Core Flow (Init + Chat + Save)[2m > [22m[2mFull E2E Flow[2m > [22m[2mmultiple initializations create independent saves[22m[39m
01:59:45 [[31merror[39m]  Game route error {"action":"initialize","error":"Cannot read properties of undefined (reading 'createSave')"}
01:59:45 [[31merror[39m]  Error occurred: Cannot read properties of undefined (reading 'createSave') {"name":"TypeError"}

[90mstdout[2m | src/routes/__tests__/e2e-game-core.test.ts[2m > [22m[2mE2E: Game Core Flow (Init + Chat + Save)[2m > [22m[2mFull E2E Flow[2m > [22m[2mmultiple initializations create independent saves[22m[39m
01:59:45 [[31merror[39m]  Game route error {"action":"initialize","error":"Cannot read properties of undefined (reading 'createSave')"}
01:59:45 [[31merror[39m]  Error occurred: Cannot read properties of undefined (reading 'createSave') {"name":"TypeError"}

[90mstdout[2m | src/agents/__tests__/full-chain-regression.test.ts[22m[39m
007: added combat_states.mode column
Migration 007_add_combat_mode.ts completed successfully
Running migration: 008_add_saves_active_challenge_mode.ts
008: added saves.active_challenge_mode column
Migration 008_add_saves_active_challenge_mode.ts completed successfully
All migrations completed
鉁?Migrations completed
All seeds completed
鉁?Seeds completed
01:59:45 [[32minfo[39m]  Starting YAML-driven Agent system initialization
01:59:45 [[32minfo[39m]  Seeding ModelConfigService from environment
01:59:45 [[32minfo[39m]  No DEEPSEEK_API_KEY env var found, skipping env seed
01:59:45 [[32minfo[39m]  Seeded provider from convict config {"providerType":"openai","providerId":"c4e46df2-460b-4312-8689-4512ce1e7bfc","model":"openrouter/free"}
01:59:45 [[32minfo[39m]  Creating LLMService with ModelConfigService
01:59:45 [[32minfo[39m]  Creating ContextService and DecisionLogService instances
01:59:45 [[32minfo[39m]  Initializing YAML-driven Agent profiles...
01:59:45 [[32minfo[39m]  Loading config from directory: C:\Users\super\Documents\trae_projects\AGG-main\packages\backend\config
01:59:45 [[32minfo[39m]  Loaded agent profile: fantasy_rpg
01:59:45 [[32minfo[39m]  Loaded agent profile: minimal_test
01:59:45 [[32minfo[39m]  Loaded 0 non-builtin profiles from database (0 builtin skipped, using YAML)
01:59:45 [[32minfo[39m]  Config loaded successfully: 2 profiles
01:59:45 [[32minfo[39m]  YAML config loaded successfully
01:59:45 [[32minfo[39m]  Context rules loaded {"agentCount":10}
01:59:45 [[32minfo[39m]  Default manifests loaded {"agentTypeCount":6,"manifestCount":8}
01:59:45 [[32minfo[39m]  Context rules file watcher started {"path":"C:\\Users\\super\\Documents\\trae_projects\\AGG-main\\packages\\backend\\config\\agent-context-rules.yaml"}
01:59:45 [[32minfo[39m]  Loaded 10 agent capabilities from YAML profiles
01:59:45 [[32minfo[39m]  ToolRegistry initialized
01:59:45 [[32minfo[39m]  Registering ServiceTools to ToolRegistry
01:59:45 [[32minfo[39m]  Tool registered: game_time_service - GameTime Service (v1.0.0)
01:59:45 [[32minfo[39m]  Tool registered: numerical_service - Numerical Service (v1.0.0)
01:59:45 [[32minfo[39m]  Tool registered: character_service - Character Service (v1.0.0)
01:59:45 [[32minfo[39m]  Tool registered: inventory_service - Inventory Service (v1.0.0)
01:59:45 [[32minfo[39m]  Tool registered: skill_service - Skill Service (v1.1.0)
01:59:45 [[32minfo[39m]  Tool registered: map_service - Map Service (v2.0.0)
01:59:45 [[32minfo[39m]  Tool registered: npc_service - NPC Service (v1.0.0)
01:59:45 [[32minfo[39m]  Tool registered: dialogue_service - Dialogue Service (v1.0.0)
01:59:45 [[32minfo[39m]  Tool registered: quest_service - Quest Service (v1.0.0)
01:59:45 [[32minfo[39m]  Tool registered: challenge_service - Challenge Service (v1.0.0)
01:59:45 [[32minfo[39m]  Tool registered: event_service - Event Service (v1.0.0)
01:59:45 [[32minfo[39m]  Tool registered: story_service - Story Service (v1.0.0)
01:59:45 [[32minfo[39m]  Tool registered: game_init_service - Game Init Service (v2.0.0)
01:59:45 [[32minfo[39m]  Tool registered: batch_query_service - Batch Query Service (v1.0.0)
01:59:45 [[32minfo[39m]  Tool registered: entity_graph_service - Entity Graph Service (v1.0.0)
01:59:45 [[32minfo[39m]  Tool registered: template_pool_service - Template Pool Service (v1.0.0)
01:59:45 [[32minfo[39m]  Tool registered: dynamic_ui - Dynamic UI Service (v1.0.0)
01:59:45 [[32minfo[39m]  Tool registered: generate_options - Generate Options Service (v2.0.0)
01:59:45 [[32minfo[39m]  Tool registered: coordinator_service - Coordinator Service (v1.0.0)
01:59:45 [[32minfo[39m]  Tool registered: rule_service - Rule Service (v1.0.0)
01:59:45 [[32minfo[39m]  Tool registered: skill_loader - Skill Loader (v1.0.0)
01:59:45 [[32minfo[39m]  Tool registered: help_service - Help Service (v1.0.0)
01:59:45 [[32minfo[39m]  Tool registered: memory_service - Memory Service (v1.0.0)
01:59:45 [[32minfo[39m]  Registered 23 ServiceTools to ToolRegistry
01:59:45 [[32minfo[39m]  Tool reference validation passed

[90mstdout[2m | src/game-systems/inventory/__tests__/accessory-array-slot.test.ts[22m[39m
Migration 002_add_equipped_index.ts completed successfully
Running migration: 003_fix_information_boundaries_timestamps.ts

[90mstdout[2m | src/routes/__tests__/e2e-game-core.test.ts[22m[39m
鉁?Database connection closed

[90mstdout[2m | src/game-systems/inventory/__tests__/accessory-array-slot.test.ts[22m[39m
Migration 003_fix_information_boundaries_timestamps.ts completed successfully
Running migration: 004_drop_information_boundaries.ts

 [33m鉂?[39m src/routes/__tests__/e2e-game-core.test.ts [2m ([22m[2m35 tests[22m [2m|[22m [31m17 failed[39m[2m)[22m[33m 6886[2mms[22m[39m
[31m   [33m鉂?[31m src/routes/__tests__/e2e-game-core.test.ts[2m > [22mE2E: Game Core Flow (Init + Chat + Save)[2m > [22mPOST /api/v1/game 鈥?Initialize[2m > [22msuccessful initialization returns metadata with saveId and characterId[39m
[31m     鈫?expected 500 to be 200 // Object.is equality[39m
[31m   [33m鉂?[31m src/routes/__tests__/e2e-game-core.test.ts[2m > [22mE2E: Game Core Flow (Init + Chat + Save)[2m > [22mPOST /api/v1/game 鈥?Initialize[2m > [22mcoordinator failure triggers rollback and returns 400[39m
[31m     鈫?expected 500 to be 400 // Object.is equality[39m
[31m   [33m鉂?[31m src/routes/__tests__/e2e-game-core.test.ts[2m > [22mE2E: Game Core Flow (Init + Chat + Save)[2m > [22mPOST /api/v1/game 鈥?Initialize[2m > [22maction "init" also triggers initialize (alias)[39m
[31m     鈫?expected 500 to be 200 // Object.is equality[39m
[31m   [33m鉂?[31m src/routes/__tests__/e2e-game-core.test.ts[2m > [22mE2E: Game Core Flow (Init + Chat + Save)[2m > [22mPOST /api/v1/game/chat[2m > [22mnonexistent saveId returns 404[39m
[31m     鈫?expected 500 to be 404 // Object.is equality[39m
[31m   [33m鉂?[31m src/routes/__tests__/e2e-game-core.test.ts[2m > [22mE2E: Game Core Flow (Init + Chat + Save)[2m > [22mPOST /api/v1/game/chat[2m > [22msuccessful chat returns metadata with processingTime[39m
[31m     鈫?Cannot read properties of undefined (reading 'metadata')[39m
[31m   [33m鉂?[31m src/routes/__tests__/e2e-game-core.test.ts[2m > [22mE2E: Game Core Flow (Init + Chat + Save)[2m > [22mPOST /api/v1/game/chat[2m > [22mchat 搴旈€氳繃璇锋眰绾?StagingPool 鎸佷箙鍖栫帺瀹舵秷鎭?[39m
[31m     鈫?Cannot read properties of undefined (reading 'metadata')[39m
[31m   [33m鉂?[31m src/routes/__tests__/e2e-game-core.test.ts[2m > [22mE2E: Game Core Flow (Init + Chat + Save)[2m > [22mPOST /api/v1/game/chat[2m > [22mchat 鍝嶅簲涓殑鏃ф牸寮忕帺瀹舵秷鎭己灏?messageType 鏃朵笉搴旈噸澶嶅洖鏄?[39m
[31m     鈫?Cannot read properties of undefined (reading 'metadata')[39m
[31m   [33m鉂?[31m src/routes/__tests__/e2e-game-core.test.ts[2m > [22mE2E: Game Core Flow (Init + Chat + Save)[2m > [22mPOST /api/v1/game/chat[2m > [22muse_skill 鍓嶇疆鏍￠獙澶辫触鏃朵篃搴斿厛鎸佷箙鍖栫帺瀹舵秷鎭?[39m
[31m     鈫?Cannot read properties of undefined (reading 'metadata')[39m
[31m   [33m鉂?[31m src/routes/__tests__/e2e-game-core.test.ts[2m > [22mE2E: Game Core Flow (Init + Chat + Save)[2m > [22mPOST /api/v1/game 鈥?Default Chat[2m > [22mwithout action field defaults to chat[39m
[31m     鈫?Cannot read properties of undefined (reading 'metadata')[39m
[31m   [33m鉂?[31m src/routes/__tests__/e2e-game-core.test.ts[2m > [22mE2E: Game Core Flow (Init + Chat + Save)[2m > [22mGET /api/v1/saves[2m > [22mreturns saves after initialization[39m
[31m     鈫?expected 0 to be greater than or equal to 1[39m
[31m   [33m鉂?[31m src/routes/__tests__/e2e-game-core.test.ts[2m > [22mE2E: Game Core Flow (Init + Chat + Save)[2m > [22mGET /api/v1/saves/:saveId[2m > [22mreturns save data for existing save[39m
[31m     鈫?Cannot read properties of undefined (reading 'metadata')[39m
[31m   [33m鉂?[31m src/routes/__tests__/e2e-game-core.test.ts[2m > [22mE2E: Game Core Flow (Init + Chat + Save)[2m > [22mGET /api/v1/game/:saveId/pool/template/skills[2m > [22mreturns skills array for existing save[39m
[31m     鈫?Cannot read properties of undefined (reading 'metadata')[39m
[31m   [33m鉂?[31m src/routes/__tests__/e2e-game-core.test.ts[2m > [22mE2E: Game Core Flow (Init + Chat + Save)[2m > [22mGET /api/v1/game/:saveId/pool/template/items[2m > [22mreturns items array for existing save[39m
[31m     鈫?Cannot read properties of undefined (reading 'metadata')[39m
[31m   [33m鉂?[31m src/routes/__tests__/e2e-game-core.test.ts[2m > [22mE2E: Game Core Flow (Init + Chat + Save)[2m > [22mGET /api/v1/game/:saveId/pool/stats[2m > [22mreturns pool stats for existing save[39m
[31m     鈫?Cannot read properties of undefined (reading 'metadata')[39m
[31m   [33m鉂?[31m src/routes/__tests__/e2e-game-core.test.ts[2m > [22mE2E: Game Core Flow (Init + Chat + Save)[2m > [22mFull E2E Flow[2m > [22mcomplete game lifecycle: init -> chat -> list saves -> load save -> delete save[39m
[31m     鈫?expected 500 to be 200 // Object.is equality[39m
[31m   [33m鉂?[31m src/routes/__tests__/e2e-game-core.test.ts[2m > [22mE2E: Game Core Flow (Init + Chat + Save)[2m > [22mFull E2E Flow[2m > [22minit creates character record in database[39m
[31m     鈫?Cannot read properties of undefined (reading 'metadata')[39m
[31m   [33m鉂?[31m src/routes/__tests__/e2e-game-core.test.ts[2m > [22mE2E: Game Core Flow (Init + Chat + Save)[2m > [22mFull E2E Flow[2m > [22mmultiple initializations create independent saves[39m
[31m     鈫?expected 500 to be 200 // Object.is equality[39m
[90mstdout[2m | src/game-systems/audit/__tests__/entity-counts-create-operation-matching.test.ts[22m[39m
01:59:45 [[32minfo[39m]  Help registry loaded: 22 tools {"tools":["batch_query_service","challenge_service","... (22 items)"]}
01:59:45 [[32minfo[39m]  Creating GameMasterAgent (as AgentRuntime with isSubAgent=false)
01:59:45 [[32minfo[39m]  Handler subscribed {"eventType":"dialogue"}
01:59:45 [[32minfo[39m]  Handler subscribed {"eventType":"combat_end"}
01:59:45 [[32minfo[39m]  AwarenessAutoSubscriber subscribed to dialogue + combat_end events
01:59:45 [[32minfo[39m]  Agent initialized: gamemaster - GameMasterAgent
01:59:45 [[32minfo[39m] [AGENT-START] Agent gamemaster starting {"agent":"gamemaster","provider":null,"toolsConfigured":1,"maxIterations":200,"isSubAgent":false}
01:59:45 [[32minfo[39m]  Handler subscribed {"eventType":"chapter_advanced"}
01:59:45 [[32minfo[39m]  Creating AgentRuntime instances from default profile: fantasy_rpg
01:59:45 [[32minfo[39m]  Creating agents from profile: fantasy_rpg {"agentCount":10}
01:59:45 [[32minfo[39m]  Agent initialized: gamemaster - GameMasterAgent
01:59:45 [[32minfo[39m] [AGENT-START] Agent gamemaster starting {"agent":"gamemaster","provider":null,"toolsConfigured":1,"maxIterations":200,"isSubAgent":false}
01:59:45 [[32minfo[39m]  Created AgentRuntime: gamemaster {"profile":"fantasy_rpg","tools":["all"]}
01:59:45 [[32minfo[39m]  Agent initialized: map - MapAgent
01:59:45 [[32minfo[39m] [AGENT-START] Agent map starting {"agent":"map","provider":null,"toolsConfigured":7,"maxIterations":200,"isSubAgent":true}
01:59:45 [[32minfo[39m]  Created AgentRuntime: map {"profile":"fantasy_rpg","tools":["map_service","npc_service","... (7 items)"]}
01:59:45 [[32minfo[39m]  Agent initialized: challenge - ChallengeAgent
01:59:45 [[32minfo[39m] [AGENT-START] Agent challenge starting {"agent":"challenge","provider":null,"toolsConfigured":9,"maxIterations":200,"isSubAgent":true}
01:59:45 [[32minfo[39m]  Created AgentRuntime: challenge {"profile":"fantasy_rpg","tools":["challenge_service","numerical_service","... (9 items)"]}
01:59:45 [[32minfo[39m]  Agent initialized: output - OutputAgent
01:59:45 [[32minfo[39m] [AGENT-START] Agent output starting {"agent":"output","provider":null,"toolsConfigured":5,"maxIterations":200,"isSubAgent":true}
01:59:45 [[32minfo[39m]  Created AgentRuntime: output {"profile":"fantasy_rpg","tools":["dialogue_service","dynamic_ui","... (5 items)"]}
01:59:45 [[32minfo[39m]  Agent initialized: quest - QuestAgent
01:59:45 [[32minfo[39m] [AGENT-START] Agent quest starting {"agent":"quest","provider":null,"toolsConfigured":11,"maxIterations":200,"isSubAgent":true}
01:59:45 [[32minfo[39m]  Created AgentRuntime: quest {"profile":"fantasy_rpg","tools":["quest_service","numerical_service","... (11 items)"]}
01:59:45 [[32minfo[39m]  Agent initialized: npc_party - NPCPartyAgent
01:59:45 [[32minfo[39m] [AGENT-START] Agent npc_party starting {"agent":"npc_party","provider":null,"toolsConfigured":9,"maxIterations":200,"isSubAgent":true}
01:59:45 [[32minfo[39m]  Created AgentRuntime: npc_party {"profile":"fantasy_rpg","tools":["npc_service","entity_graph_service","... (9 items)"]}
01:59:45 [[32minfo[39m]  Agent initialized: inventory - InventoryAgent
01:59:45 [[32minfo[39m] [AGENT-START] Agent inventory starting {"agent":"inventory","provider":null,"toolsConfigured":8,"maxIterations":200,"isSubAgent":true}
01:59:45 [[32minfo[39m]  Created AgentRuntime: inventory {"profile":"fantasy_rpg","tools":["inventory_service","template_pool_service","... (8 items)"]}
01:59:45 [[32minfo[39m]  Agent initialized: skill - SkillAgent
01:59:45 [[32minfo[39m] [AGENT-START] Agent skill starting {"agent":"skill","provider":null,"toolsConfigured":7,"maxIterations":200,"isSubAgent":true}
01:59:45 [[32minfo[39m]  Created AgentRuntime: skill {"profile":"fantasy_rpg","tools":["skill_service","template_pool_service","... (7 items)"]}
01:59:45 [[32minfo[39m]  Agent initialized: event - EventAgent
01:59:45 [[32minfo[39m] [AGENT-START] Agent event starting {"agent":"event","provider":null,"toolsConfigured":5,"maxIterations":200,"isSubAgent":true}
01:59:45 [[32minfo[39m]  Created AgentRuntime: event {"profile":"fantasy_rpg","tools":["event_service","game_time_service","... (5 items)"]}
01:59:45 [[32minfo[39m]  Agent initialized: time - TimeAgent
01:59:45 [[32minfo[39m] [AGENT-START] Agent time starting {"agent":"time","provider":null,"toolsConfigured":4,"maxIterations":200,"isSubAgent":true}
01:59:45 [[32minfo[39m]  Created AgentRuntime: time {"profile":"fantasy_rpg","tools":["game_time_service","rule_service","... (4 items)"]}
01:59:45 [[32minfo[39m]  Permissions configured from agent.tools for profile: fantasy_rpg
01:59:45 [[32minfo[39m]  YAML permissions configured
01:59:45 [[32minfo[39m]  Registering AgentRuntime instances to GameMasterAgent...
01:59:45 [[32minfo[39m]  Registered AgentRuntime to Coordinator: gamemaster
01:59:45 [[32minfo[39m]  Registered AgentRuntime to Coordinator: map
01:59:45 [[32minfo[39m]  Registered AgentRuntime to Coordinator: challenge
01:59:45 [[32minfo[39m]  Registered AgentRuntime to Coordinator: output
01:59:45 [[32minfo[39m]  Registered AgentRuntime to Coordinator: quest
01:59:45 [[32minfo[39m]  Registered AgentRuntime to Coordinator: npc_party
01:59:45 [[32minfo[39m]  Registered AgentRuntime to Coordinator: inventory
01:59:45 [[32minfo[39m]  Registered AgentRuntime to Coordinator: skill
01:59:45 [[32minfo[39m]  Registered AgentRuntime to Coordinator: event
01:59:45 [[32minfo[39m]  Registered AgentRuntime to Coordinator: time
01:59:45 [[32minfo[39m]  GameDataExpander configured (manifest path enabled)
01:59:45 [[32minfo[39m]  DedupService configured (dispatch log persistence enabled)
01:59:45 [[32minfo[39m]  Agent system initialized: 10 AgentRuntime instances created
鉁?Agent system initialized with 10 agents
鈿狅笍 YAML Agent system skipped: __vi_import_5__.initializeYamlAgentSystem is not a function
01:59:45 [[32minfo[39m]  Agent routes initialized
01:59:45 [[32minfo[39m]  Save routes initialized
01:59:45 [[32minfo[39m]  Synced template from YAML to DB: cthulhu-investigation
01:59:45 [[32minfo[39m]  Synced template from YAML to DB: cyberpunk-mercenary
01:59:45 [[32minfo[39m]  Synced template from YAML to DB: medieval-fantasy
01:59:45 [[32minfo[39m]  Synced template from YAML to DB: modern-romance
01:59:45 [[32minfo[39m]  Synced template from YAML to DB: xianxia
01:59:45 [[32minfo[39m]  Synced 5 templates from YAML to database
01:59:45 [[32minfo[39m]  Cache refreshed with 5 templates
01:59:45 [[32minfo[39m]  TemplateService loaded {"cachedTemplates":5}
鉁?Template YAML loaded and synced to DB
01:59:45 [[32minfo[39m]  Template routes initialized
鉁?Test environment setup complete
鉁?Database connection closed

[90mstdout[2m | src/game-systems/inventory/__tests__/accessory-array-slot.test.ts[22m[39m
004_drop_information_boundaries: information_boundaries table not found, skipping migration
004_drop_information_boundaries: cleared custom_data.knowledge from 0 NPCs
Migration 004_drop_information_boundaries.ts completed successfully
Running migration: 005_drop_npc_relations.ts

 [32m鉁?[39m src/game-systems/audit/__tests__/entity-counts-create-operation-matching.test.ts [2m ([22m[2m26 tests[22m[2m)[22m[33m 974[2mms[22m[39m
[90mstdout[2m | src/agents/__tests__/full-chain-regression.test.ts[22m[39m
01:59:45 [[32minfo[39m]  Discovered 187 help files {"dir":"C:\\Users\\super\\Documents\\trae_projects\\AGG-main\\packages\\backend\\config\\agent-help"}

[90mstdout[2m | src/services/__tests__/context-injector.test.ts[22m[39m
馃И Setting up comprehensive test environment...
鉁?Database connected
Running migration: 001_init.ts

[90mstdout[2m | src/game-systems/inventory/__tests__/accessory-array-slot.test.ts[22m[39m
005_drop_npc_relations: dropped npc_relations table
Migration 005_drop_npc_relations.ts completed successfully
Running migration: 006_awareness_relationship_events_states.ts
006: created entity_awareness_events table
006: created entity_awareness_states table
006: created entity_relationship_events table
006: created entity_relationship_states table
Migration 006_awareness_relationship_events_states.ts completed successfully
Running migration: 007_add_combat_mode.ts
007: added combat_states.mode column
Migration 007_add_combat_mode.ts completed successfully
Running migration: 008_add_saves_active_challenge_mode.ts
008: added saves.active_challenge_mode column
Migration 008_add_saves_active_challenge_mode.ts completed successfully
All migrations completed
鉁?Migrations completed
All seeds completed
鉁?Seeds completed
01:59:45 [[32minfo[39m]  Starting YAML-driven Agent system initialization
01:59:45 [[32minfo[39m]  Seeding ModelConfigService from environment
01:59:45 [[32minfo[39m]  No DEEPSEEK_API_KEY env var found, skipping env seed
01:59:45 [[32minfo[39m]  Seeded provider from convict config {"providerType":"openai","providerId":"ad210c5e-35cd-47fc-a6da-8eca5dfddc92","model":"openrouter/free"}
01:59:45 [[32minfo[39m]  Creating LLMService with ModelConfigService
01:59:45 [[32minfo[39m]  Creating ContextService and DecisionLogService instances
01:59:45 [[32minfo[39m]  Initializing YAML-driven Agent profiles...
01:59:45 [[32minfo[39m]  Loading config from directory: C:\Users\super\Documents\trae_projects\AGG-main\packages\backend\config
01:59:45 [[32minfo[39m]  Loaded agent profile: fantasy_rpg
01:59:45 [[32minfo[39m]  Loaded agent profile: minimal_test
01:59:45 [[32minfo[39m]  Loaded 0 non-builtin profiles from database (0 builtin skipped, using YAML)
01:59:45 [[32minfo[39m]  Config loaded successfully: 2 profiles
01:59:45 [[32minfo[39m]  YAML config loaded successfully
01:59:46 [[32minfo[39m]  Context rules loaded {"agentCount":10}
01:59:46 [[32minfo[39m]  Default manifests loaded {"agentTypeCount":6,"manifestCount":8}
01:59:46 [[32minfo[39m]  Context rules file watcher started {"path":"C:\\Users\\super\\Documents\\trae_projects\\AGG-main\\packages\\backend\\config\\agent-context-rules.yaml"}
01:59:46 [[32minfo[39m]  Loaded 10 agent capabilities from YAML profiles
01:59:46 [[32minfo[39m]  ToolRegistry initialized
01:59:46 [[32minfo[39m]  Registering ServiceTools to ToolRegistry
01:59:46 [[32minfo[39m]  Tool registered: game_time_service - GameTime Service (v1.0.0)
01:59:46 [[32minfo[39m]  Tool registered: numerical_service - Numerical Service (v1.0.0)
01:59:46 [[32minfo[39m]  Tool registered: character_service - Character Service (v1.0.0)
01:59:46 [[32minfo[39m]  Tool registered: inventory_service - Inventory Service (v1.0.0)
01:59:46 [[32minfo[39m]  Tool registered: skill_service - Skill Service (v1.1.0)
01:59:46 [[32minfo[39m]  Tool registered: map_service - Map Service (v2.0.0)
01:59:46 [[32minfo[39m]  Tool registered: npc_service - NPC Service (v1.0.0)
01:59:46 [[32minfo[39m]  Tool registered: dialogue_service - Dialogue Service (v1.0.0)
01:59:46 [[32minfo[39m]  Tool registered: quest_service - Quest Service (v1.0.0)
01:59:46 [[32minfo[39m]  Tool registered: challenge_service - Challenge Service (v1.0.0)
01:59:46 [[32minfo[39m]  Tool registered: event_service - Event Service (v1.0.0)
01:59:46 [[32minfo[39m]  Tool registered: story_service - Story Service (v1.0.0)
01:59:46 [[32minfo[39m]  Tool registered: game_init_service - Game Init Service (v2.0.0)
01:59:46 [[32minfo[39m]  Tool registered: batch_query_service - Batch Query Service (v1.0.0)
01:59:46 [[32minfo[39m]  Tool registered: entity_graph_service - Entity Graph Service (v1.0.0)
01:59:46 [[32minfo[39m]  Tool registered: template_pool_service - Template Pool Service (v1.0.0)
01:59:46 [[32minfo[39m]  Tool registered: dynamic_ui - Dynamic UI Service (v1.0.0)
01:59:46 [[32minfo[39m]  Tool registered: generate_options - Generate Options Service (v2.0.0)
01:59:46 [[32minfo[39m]  Tool registered: coordinator_service - Coordinator Service (v1.0.0)
01:59:46 [[32minfo[39m]  Tool registered: rule_service - Rule Service (v1.0.0)
01:59:46 [[32minfo[39m]  Tool registered: skill_loader - Skill Loader (v1.0.0)
01:59:46 [[32minfo[39m]  Tool registered: help_service - Help Service (v1.0.0)
01:59:46 [[32minfo[39m]  Tool registered: memory_service - Memory Service (v1.0.0)
01:59:46 [[32minfo[39m]  Registered 23 ServiceTools to ToolRegistry
01:59:46 [[32minfo[39m]  Tool reference validation passed

[90mstdout[2m | src/game-systems/inventory/__tests__/accessory-array-slot.test.ts[22m[39m
01:59:46 [[32minfo[39m]  Discovered 187 help files {"dir":"C:\\Users\\super\\Documents\\trae_projects\\AGG-main\\packages\\backend\\config\\agent-help"}

[90mstdout[2m | src/services/__tests__/context-injector.test.ts[22m[39m
Migration 001_init.ts completed successfully
Running migration: 002_add_equipped_index.ts

[90mstdout[2m | src/services/__tests__/context-injector.test.ts[22m[39m
Migration 002_add_equipped_index.ts completed successfully
Running migration: 003_fix_information_boundaries_timestamps.ts

[90mstdout[2m | src/services/__tests__/context-injector.test.ts[22m[39m
Migration 003_fix_information_boundaries_timestamps.ts completed successfully
Running migration: 004_drop_information_boundaries.ts

[90mstdout[2m | src/services/__tests__/context-injector.test.ts[22m[39m
004_drop_information_boundaries: information_boundaries table not found, skipping migration
004_drop_information_boundaries: cleared custom_data.knowledge from 0 NPCs
Migration 004_drop_information_boundaries.ts completed successfully
Running migration: 005_drop_npc_relations.ts
005_drop_npc_relations: dropped npc_relations table
Migration 005_drop_npc_relations.ts completed successfully
Running migration: 006_awareness_relationship_events_states.ts
006: created entity_awareness_events table
006: created entity_awareness_states table
006: created entity_relationship_events table
006: created entity_relationship_states table
Migration 006_awareness_relationship_events_states.ts completed successfully
Running migration: 007_add_combat_mode.ts
007: added combat_states.mode column
Migration 007_add_combat_mode.ts completed successfully
Running migration: 008_add_saves_active_challenge_mode.ts

[90mstdout[2m | src/agents/__tests__/agent-runtime-push.test.ts[22m[39m
馃И Setting up comprehensive test environment...
鉁?Database connected
Running migration: 001_init.ts

[90mstdout[2m | src/agents/__tests__/full-chain-regression.test.ts[22m[39m
01:59:46 [[32minfo[39m]  Help registry loaded: 22 tools {"tools":["batch_query_service","challenge_service","... (22 items)"]}
01:59:46 [[32minfo[39m]  Creating GameMasterAgent (as AgentRuntime with isSubAgent=false)
01:59:46 [[32minfo[39m]  Handler subscribed {"eventType":"dialogue"}
01:59:46 [[32minfo[39m]  Handler subscribed {"eventType":"combat_end"}
01:59:46 [[32minfo[39m]  AwarenessAutoSubscriber subscribed to dialogue + combat_end events
01:59:46 [[32minfo[39m]  Agent initialized: gamemaster - GameMasterAgent
01:59:46 [[32minfo[39m] [AGENT-START] Agent gamemaster starting {"agent":"gamemaster","provider":null,"toolsConfigured":1,"maxIterations":200,"isSubAgent":false}
01:59:46 [[32minfo[39m]  Handler subscribed {"eventType":"chapter_advanced"}
01:59:46 [[32minfo[39m]  Creating AgentRuntime instances from default profile: fantasy_rpg
01:59:46 [[32minfo[39m]  Creating agents from profile: fantasy_rpg {"agentCount":10}
01:59:46 [[32minfo[39m]  Agent initialized: gamemaster - GameMasterAgent
01:59:46 [[32minfo[39m] [AGENT-START] Agent gamemaster starting {"agent":"gamemaster","provider":null,"toolsConfigured":1,"maxIterations":200,"isSubAgent":false}
01:59:46 [[32minfo[39m]  Created AgentRuntime: gamemaster {"profile":"fantasy_rpg","tools":["all"]}
01:59:46 [[32minfo[39m]  Agent initialized: map - MapAgent
01:59:46 [[32minfo[39m] [AGENT-START] Agent map starting {"agent":"map","provider":null,"toolsConfigured":7,"maxIterations":200,"isSubAgent":true}
01:59:46 [[32minfo[39m]  Created AgentRuntime: map {"profile":"fantasy_rpg","tools":["map_service","npc_service","... (7 items)"]}
01:59:46 [[32minfo[39m]  Agent initialized: challenge - ChallengeAgent
01:59:46 [[32minfo[39m] [AGENT-START] Agent challenge starting {"agent":"challenge","provider":null,"toolsConfigured":9,"maxIterations":200,"isSubAgent":true}
01:59:46 [[32minfo[39m]  Created AgentRuntime: challenge {"profile":"fantasy_rpg","tools":["challenge_service","numerical_service","... (9 items)"]}
01:59:46 [[32minfo[39m]  Agent initialized: output - OutputAgent
01:59:46 [[32minfo[39m] [AGENT-START] Agent output starting {"agent":"output","provider":null,"toolsConfigured":5,"maxIterations":200,"isSubAgent":true}
01:59:46 [[32minfo[39m]  Created AgentRuntime: output {"profile":"fantasy_rpg","tools":["dialogue_service","dynamic_ui","... (5 items)"]}
01:59:46 [[32minfo[39m]  Agent initialized: quest - QuestAgent
01:59:46 [[32minfo[39m] [AGENT-START] Agent quest starting {"agent":"quest","provider":null,"toolsConfigured":11,"maxIterations":200,"isSubAgent":true}
01:59:46 [[32minfo[39m]  Created AgentRuntime: quest {"profile":"fantasy_rpg","tools":["quest_service","numerical_service","... (11 items)"]}
01:59:46 [[32minfo[39m]  Agent initialized: npc_party - NPCPartyAgent
01:59:46 [[32minfo[39m] [AGENT-START] Agent npc_party starting {"agent":"npc_party","provider":null,"toolsConfigured":9,"maxIterations":200,"isSubAgent":true}
01:59:46 [[32minfo[39m]  Created AgentRuntime: npc_party {"profile":"fantasy_rpg","tools":["npc_service","entity_graph_service","... (9 items)"]}
01:59:46 [[32minfo[39m]  Agent initialized: inventory - InventoryAgent
01:59:46 [[32minfo[39m] [AGENT-START] Agent inventory starting {"agent":"inventory","provider":null,"toolsConfigured":8,"maxIterations":200,"isSubAgent":true}
01:59:46 [[32minfo[39m]  Created AgentRuntime: inventory {"profile":"fantasy_rpg","tools":["inventory_service","template_pool_service","... (8 items)"]}
01:59:46 [[32minfo[39m]  Agent initialized: skill - SkillAgent
01:59:46 [[32minfo[39m] [AGENT-START] Agent skill starting {"agent":"skill","provider":null,"toolsConfigured":7,"maxIterations":200,"isSubAgent":true}
01:59:46 [[32minfo[39m]  Created AgentRuntime: skill {"profile":"fantasy_rpg","tools":["skill_service","template_pool_service","... (7 items)"]}
01:59:46 [[32minfo[39m]  Agent initialized: event - EventAgent
01:59:46 [[32minfo[39m] [AGENT-START] Agent event starting {"agent":"event","provider":null,"toolsConfigured":5,"maxIterations":200,"isSubAgent":true}
01:59:46 [[32minfo[39m]  Created AgentRuntime: event {"profile":"fantasy_rpg","tools":["event_service","game_time_service","... (5 items)"]}
01:59:46 [[32minfo[39m]  Agent initialized: time - TimeAgent
01:59:46 [[32minfo[39m] [AGENT-START] Agent time starting {"agent":"time","provider":null,"toolsConfigured":4,"maxIterations":200,"isSubAgent":true}
01:59:46 [[32minfo[39m]  Created AgentRuntime: time {"profile":"fantasy_rpg","tools":["game_time_service","rule_service","... (4 items)"]}
01:59:46 [[32minfo[39m]  Permissions configured from agent.tools for profile: fantasy_rpg
01:59:46 [[32minfo[39m]  YAML permissions configured
01:59:46 [[32minfo[39m]  Registering AgentRuntime instances to GameMasterAgent...
01:59:46 [[32minfo[39m]  Registered AgentRuntime to Coordinator: gamemaster
01:59:46 [[32minfo[39m]  Registered AgentRuntime to Coordinator: map
01:59:46 [[32minfo[39m]  Registered AgentRuntime to Coordinator: challenge
01:59:46 [[32minfo[39m]  Registered AgentRuntime to Coordinator: output
01:59:46 [[32minfo[39m]  Registered AgentRuntime to Coordinator: quest
01:59:46 [[32minfo[39m]  Registered AgentRuntime to Coordinator: npc_party
01:59:46 [[32minfo[39m]  Registered AgentRuntime to Coordinator: inventory
01:59:46 [[32minfo[39m]  Registered AgentRuntime to Coordinator: skill
01:59:46 [[32minfo[39m]  Registered AgentRuntime to Coordinator: event
01:59:46 [[32minfo[39m]  Registered AgentRuntime to Coordinator: time
01:59:46 [[32minfo[39m]  GameDataExpander configured (manifest path enabled)
01:59:46 [[32minfo[39m]  DedupService configured (dispatch log persistence enabled)
01:59:46 [[32minfo[39m]  Agent system initialized: 10 AgentRuntime instances created
鉁?Agent system initialized with 10 agents
鈿狅笍 YAML Agent system skipped: __vi_import_5__.initializeYamlAgentSystem is not a function
01:59:46 [[32minfo[39m]  Agent routes initialized
01:59:46 [[32minfo[39m]  Save routes initialized
01:59:46 [[32minfo[39m]  Synced template from YAML to DB: cthulhu-investigation
01:59:46 [[32minfo[39m]  Synced template from YAML to DB: cyberpunk-mercenary
01:59:46 [[32minfo[39m]  Synced template from YAML to DB: medieval-fantasy
01:59:46 [[32minfo[39m]  Synced template from YAML to DB: modern-romance
01:59:46 [[32minfo[39m]  Synced template from YAML to DB: xianxia
01:59:46 [[32minfo[39m]  Synced 5 templates from YAML to database
01:59:46 [[32minfo[39m]  Cache refreshed with 5 templates
01:59:46 [[32minfo[39m]  TemplateService loaded {"cachedTemplates":5}
鉁?Template YAML loaded and synced to DB
01:59:46 [[32minfo[39m]  Template routes initialized
鉁?Test environment setup complete

[90mstdout[2m | src/agents/__tests__/full-chain-regression.test.ts[2m > [22m[2m閾捐矾3: 鏉冮檺绯荤粺 鈥?鍚?Agent 鍙兘璋冪敤鎺堟潈鐨勫伐鍏?[2m > [22m[2mToolRegistry.checkPermission 瀵规湭鎺堟潈宸ュ叿杩斿洖 false锛屾巿鏉冨悗杩斿洖 true[22m[39m
01:59:46 [[33mwarn[39m]  All tools and permissions cleared
01:59:46 [[32minfo[39m]  Tool registered: map_service - Map Service (v1.0.0)

[90mstdout[2m | src/agents/__tests__/full-chain-regression.test.ts[2m > [22m[2m閾捐矾4: ContextInjector 涓婁笅鏂囨敞鍏ュ埌 Agent 鎵ц[2m > [22m[2mprefetchForAgentsFiltered 鏍规嵁 peerResultKeys 姝ｇ‘杩囨护琚鐩栫殑 source[22m[39m
01:59:46 [[32minfo[39m]  Context rules loaded {"agentCount":2}
01:59:46 [[32minfo[39m]  Context rules file watcher started {"path":"C:\\Users\\super\\AppData\\Local\\Temp\\ctx-injector-regression-6oZkdi\\agent-context-rules.yaml"}
01:59:46 [[32minfo[39m]  Context rule auto-suppressed (source covered by peerResults) {"agentType":"dialogue","ruleId":"npc_list","peerResultKeys":["npc_party"]}
01:59:46 [[32minfo[39m] [CONTEXT-INJECT] Context injected for npc_party, 1 rules, 10 tokens {"agent":"npc_party","injectedRules":[{"ruleId":"npc_list","source":"npc_service","method":"list_npcs","recordCount":1,"estimatedTokens":10,"content":"npc_service:list_npcs"}],"totalTokens":10,"maxTokens":200}
01:59:46 [[32minfo[39m] [CONTEXT-INJECT] Context injected for dialogue, 1 rules, 15 tokens {"agent":"dialogue","injectedRules":[{"ruleId":"dialogue_history","source":"dialogue_service","method":"get_recent_dialogue","recordCount":1,"estimatedTokens":15,"content":"dialogue_service:get_recent_dialogue"}],"totalTokens":15,"maxTokens":200}

[90mstdout[2m | src/agents/__tests__/full-chain-regression.test.ts[2m > [22m[2m閾捐矾4: ContextInjector 涓婁笅鏂囨敞鍏ュ埌 Agent 鎵ц[2m > [22m[2mgetCoveredSources 浠?peerResult keys 姝ｇ‘鎺ㄥ琚鐩栫殑 source 闆嗗悎[22m[39m
01:59:46 [[32minfo[39m]  Context rules loaded {"agentCount":2}
01:59:46 [[32minfo[39m]  Context rules file watcher started {"path":"C:\\Users\\super\\AppData\\Local\\Temp\\ctx-injector-regression-CEoJms\\agent-context-rules.yaml"}

[90mstdout[2m | src/agents/__tests__/agent-runtime-push.test.ts[22m[39m
Migration 001_init.ts completed successfully
Running migration: 002_add_equipped_index.ts

[90mstdout[2m | src/agents/__tests__/agent-runtime-push.test.ts[22m[39m
Migration 002_add_equipped_index.ts completed successfully
Running migration: 003_fix_information_boundaries_timestamps.ts

[90mstdout[2m | src/services/__tests__/skill-registry.test.ts[22m[39m
馃И Setting up comprehensive test environment...
鉁?Database connected
Running migration: 001_init.ts

[90mstdout[2m | src/services/__tests__/context-injector.test.ts[22m[39m
008: added saves.active_challenge_mode column
Migration 008_add_saves_active_challenge_mode.ts completed successfully
All migrations completed
鉁?Migrations completed
All seeds completed
鉁?Seeds completed
01:59:46 [[32minfo[39m]  Starting YAML-driven Agent system initialization
01:59:46 [[32minfo[39m]  Seeding ModelConfigService from environment
01:59:46 [[32minfo[39m]  No DEEPSEEK_API_KEY env var found, skipping env seed
01:59:46 [[32minfo[39m]  Seeded provider from convict config {"providerType":"openai","providerId":"dd4fc77c-20a0-4f47-8362-c3234a8ccdc0","model":"openrouter/free"}
01:59:46 [[32minfo[39m]  Creating LLMService with ModelConfigService
01:59:46 [[32minfo[39m]  Creating ContextService and DecisionLogService instances
01:59:46 [[32minfo[39m]  Initializing YAML-driven Agent profiles...
01:59:46 [[32minfo[39m]  Loading config from directory: C:\Users\super\Documents\trae_projects\AGG-main\packages\backend\config
01:59:46 [[32minfo[39m]  Loaded agent profile: fantasy_rpg
01:59:46 [[32minfo[39m]  Loaded agent profile: minimal_test
01:59:46 [[32minfo[39m]  Loaded 0 non-builtin profiles from database (0 builtin skipped, using YAML)
01:59:46 [[32minfo[39m]  Config loaded successfully: 2 profiles
01:59:46 [[32minfo[39m]  YAML config loaded successfully
01:59:46 [[32minfo[39m]  Context rules loaded {"agentCount":10}
01:59:46 [[32minfo[39m]  Default manifests loaded {"agentTypeCount":6,"manifestCount":8}
01:59:46 [[32minfo[39m]  Context rules file watcher started {"path":"C:\\Users\\super\\Documents\\trae_projects\\AGG-main\\packages\\backend\\config\\agent-context-rules.yaml"}
01:59:46 [[32minfo[39m]  Loaded 10 agent capabilities from YAML profiles
01:59:46 [[32minfo[39m]  ToolRegistry initialized
01:59:46 [[32minfo[39m]  Registering ServiceTools to ToolRegistry
01:59:46 [[32minfo[39m]  Tool registered: game_time_service - GameTime Service (v1.0.0)
01:59:46 [[32minfo[39m]  Tool registered: numerical_service - Numerical Service (v1.0.0)
01:59:46 [[32minfo[39m]  Tool registered: character_service - Character Service (v1.0.0)
01:59:46 [[32minfo[39m]  Tool registered: inventory_service - Inventory Service (v1.0.0)
01:59:46 [[32minfo[39m]  Tool registered: skill_service - Skill Service (v1.1.0)
01:59:46 [[32minfo[39m]  Tool registered: map_service - Map Service (v2.0.0)
01:59:46 [[32minfo[39m]  Tool registered: npc_service - NPC Service (v1.0.0)
01:59:46 [[32minfo[39m]  Tool registered: dialogue_service - Dialogue Service (v1.0.0)
01:59:46 [[32minfo[39m]  Tool registered: quest_service - Quest Service (v1.0.0)
01:59:46 [[32minfo[39m]  Tool registered: challenge_service - Challenge Service (v1.0.0)
01:59:46 [[32minfo[39m]  Tool registered: event_service - Event Service (v1.0.0)
01:59:46 [[32minfo[39m]  Tool registered: story_service - Story Service (v1.0.0)
01:59:46 [[32minfo[39m]  Tool registered: game_init_service - Game Init Service (v2.0.0)
01:59:46 [[32minfo[39m]  Tool registered: batch_query_service - Batch Query Service (v1.0.0)
01:59:46 [[32minfo[39m]  Tool registered: entity_graph_service - Entity Graph Service (v1.0.0)
01:59:46 [[32minfo[39m]  Tool registered: template_pool_service - Template Pool Service (v1.0.0)
01:59:46 [[32minfo[39m]  Tool registered: dynamic_ui - Dynamic UI Service (v1.0.0)
01:59:46 [[32minfo[39m]  Tool registered: generate_options - Generate Options Service (v2.0.0)
01:59:46 [[32minfo[39m]  Tool registered: coordinator_service - Coordinator Service (v1.0.0)
01:59:46 [[32minfo[39m]  Tool registered: rule_service - Rule Service (v1.0.0)
01:59:46 [[32minfo[39m]  Tool registered: skill_loader - Skill Loader (v1.0.0)
01:59:46 [[32minfo[39m]  Tool registered: help_service - Help Service (v1.0.0)
01:59:46 [[32minfo[39m]  Tool registered: memory_service - Memory Service (v1.0.0)
01:59:46 [[32minfo[39m]  Registered 23 ServiceTools to ToolRegistry
01:59:46 [[32minfo[39m]  Tool reference validation passed

[90mstdout[2m | src/agents/__tests__/agent-runtime-push.test.ts[22m[39m
Migration 003_fix_information_boundaries_timestamps.ts completed successfully
Running migration: 004_drop_information_boundaries.ts

[90mstdout[2m | src/agents/__tests__/agent-runtime-push.test.ts[22m[39m
004_drop_information_boundaries: information_boundaries table not found, skipping migration
004_drop_information_boundaries: cleared custom_data.knowledge from 0 NPCs
Migration 004_drop_information_boundaries.ts completed successfully
Running migration: 005_drop_npc_relations.ts

[90mstdout[2m | src/agents/__tests__/full-chain-regression.test.ts[2m > [22m[2m閾捐矾6: RiskGate 浣庨闄╄烦杩?Reviewer[2m > [22m[2m浣庨闄╁満鏅?assess 杩斿洖 skippedReviewer=true[22m[39m
01:59:46 [[32minfo[39m]  RiskGate: low risk, skipping Reviewer

[90mstdout[2m | src/agents/__tests__/full-chain-regression.test.ts[2m > [22m[2m閾捐矾6: RiskGate 浣庨闄╄烦杩?Reviewer[2m > [22m[2m楂橀闄╁満鏅紙璺ˋgent鍐欏啿绐?+ needsDynamicUI锛塧ssess 杩斿洖 skippedReviewer=false[22m[39m
01:59:46 [[32minfo[39m]  RiskGate: high risk, entering Reviewer {"reasons":["dynamic_ui_needed"]}

[90mstdout[2m | src/agents/__tests__/full-chain-regression.test.ts[22m[39m
鉁?Database connection closed

[90mstdout[2m | src/agents/__tests__/agent-runtime-push.test.ts[22m[39m
005_drop_npc_relations: dropped npc_relations table
Migration 005_drop_npc_relations.ts completed successfully
Running migration: 006_awareness_relationship_events_states.ts

 [32m鉁?[39m src/agents/__tests__/full-chain-regression.test.ts [2m ([22m[2m12 tests[22m [2m|[22m [33m4 skipped[39m[2m)[22m[33m 1869[2mms[22m[39m
[90mstdout[2m | src/agents/__tests__/agent-runtime-push.test.ts[22m[39m
006: created entity_awareness_events table
006: created entity_awareness_states table
006: created entity_relationship_events table
006: created entity_relationship_states table
Migration 006_awareness_relationship_events_states.ts completed successfully
Running migration: 007_add_combat_mode.ts

[90mstdout[2m | src/game-systems/inventory/__tests__/accessory-array-slot.test.ts[2m > [22m[2m楗板搧妲芥暟缁勫寲 - equipItem[2m > [22m[2m姝ｇ‘杈撳叆[2m > [22m[2m鏁扮粍鍖栨Ы浣嶆湁绌轰綅鏃跺簲杩藉姞鍒版湯灏撅紙index=0 涓洪浠讹級[22m[39m
01:59:46 [[32minfo[39m]  Item equipped {"inventoryId":"item_ring_1","slot":"accessory","isArrayList":true,"assignedIndex":0,"replacedCount":0}

[90mstdout[2m | src/game-systems/inventory/__tests__/accessory-array-slot.test.ts[2m > [22m[2m楗板搧妲芥暟缁勫寲 - equipItem[2m > [22m[2m姝ｇ‘杈撳叆[2m > [22m[2m鏁扮粍鍖栨Ы浣嶆湁1浠舵椂搴旇拷鍔犲埌 index=1[22m[39m
01:59:46 [[32minfo[39m]  Item equipped {"inventoryId":"item_ring_2","slot":"accessory","isArrayList":true,"assignedIndex":1,"replacedCount":0}

[90mstdout[2m | src/game-systems/inventory/__tests__/accessory-array-slot.test.ts[2m > [22m[2m楗板搧妲芥暟缁勫寲 - equipItem[2m > [22m[2m姝ｇ‘杈撳叆[2m > [22m[2m鏁扮粍鍖栨Ы浣嶆弧鏃跺簲鍫嗘爤鏇挎崲锛氭挙涓?index 鏈€澶х殑锛屾柊瑁呭 index=0[22m[39m
01:59:46 [[32minfo[39m]  Item equipped {"inventoryId":"item_ring_3","slot":"accessory","isArrayList":true,"assignedIndex":0,"replacedCount":1}

[90mstdout[2m | src/game-systems/inventory/__tests__/accessory-array-slot.test.ts[2m > [22m[2m楗板搧妲芥暟缁勫寲 - equipItem[2m > [22m[2m姝ｇ‘杈撳叆[2m > [22m[2m鍗曟Ы浣嶅簲淇濇寔鍘熸湁鏇挎崲閫昏緫锛坋quippedIndex=null锛?[22m[39m
01:59:46 [[32minfo[39m]  Item equipped {"inventoryId":"item_sword_new","slot":"main_hand","isArrayList":false,"replacedCount":0}

[90mstdout[2m | src/game-systems/inventory/__tests__/accessory-array-slot.test.ts[2m > [22m[2m楗板搧妲芥暟缁勫寲 - equipItem[2m > [22m[2m閮ㄥ垎姝ｇ‘杈撳叆锛堝埆鍚嶆槧灏?+ 鑷姩閫夋嫨锛?[2m > [22m[2m鏃у埆鍚?accessory1 搴旀槧灏勫埌 accessory 骞惰蛋鏁扮粍鍖栭€昏緫[22m[39m
01:59:46 [[32minfo[39m]  Item equipped {"inventoryId":"item_ring_1","slot":"accessory","isArrayList":true,"assignedIndex":0,"replacedCount":0}

[90mstdout[2m | src/game-systems/inventory/__tests__/accessory-array-slot.test.ts[2m > [22m[2m楗板搧妲芥暟缁勫寲 - equipItem[2m > [22m[2m閮ㄥ垎姝ｇ‘杈撳叆锛堝埆鍚嶆槧灏?+ 鑷姩閫夋嫨锛?[2m > [22m[2m鏃у埆鍚?ring1 搴旀槧灏勫埌 accessory[22m[39m
01:59:46 [[32minfo[39m]  Item equipped {"inventoryId":"item_ring_1","slot":"accessory","isArrayList":true,"assignedIndex":0,"replacedCount":0}

[90mstdout[2m | src/game-systems/inventory/__tests__/accessory-array-slot.test.ts[2m > [22m[2m楗板搧妲芥暟缁勫寲 - equipItem[2m > [22m[2m閮ㄥ垎姝ｇ‘杈撳叆锛堝埆鍚嶆槧灏?+ 鑷姩閫夋嫨锛?[2m > [22m[2m涓嶄紶 targetSlot 涓?category=accessory 鏃跺簲鑷姩閫夋嫨 accessory 妲戒綅[22m[39m
01:59:46 [[32minfo[39m]  Item equipped {"inventoryId":"item_ring_1","slot":"accessory","isArrayList":true,"assignedIndex":0,"replacedCount":0}

[90mstdout[2m | src/game-systems/inventory/__tests__/accessory-array-slot.test.ts[2m > [22m[2m楗板搧妲芥暟缁勫寲 - equipItem[2m > [22m[2m閿欒杈撳叆[2m > [22m[2m鏃犳晥鐨勬Ы浣嶅簲杩斿洖澶辫触[22m[39m
01:59:46 [[33mwarn[39m]  equipItem: no valid slot {"category":"accessory","targetSlot":"invalid_slot"}

[90mstdout[2m | src/game-systems/inventory/__tests__/accessory-array-slot.test.ts[2m > [22m[2m楗板搧妲芥暟缁勫寲 - equipItem[2m > [22m[2m閿欒杈撳叆[2m > [22m[2m鐗╁搧绫诲瀷涓庢Ы浣嶄笉鍖归厤搴旇繑鍥炲け璐?[22m[39m
01:59:46 [[33mwarn[39m]  equipItem: category not allowed {"slot":"head","category":"accessory","allowedCategories":["armor"]}

[90mstdout[2m | src/game-systems/inventory/__tests__/accessory-array-slot.test.ts[2m > [22m[2m楗板搧妲芥暟缁勫寲 - unequipItem[2m > [22m[2m姝ｇ‘杈撳叆[2m > [22m[2m鍗镐笅鏁扮粍鍖栨Ы浣嶈澶囧悗搴旂储寮曞墠绉诲～琛ョ┖浣?[22m[39m
01:59:46 [[32minfo[39m]  Item unequipped {"inventoryId":"item_ring_1","previousSlot":"accessory"}

[90mstdout[2m | src/game-systems/inventory/__tests__/accessory-array-slot.test.ts[2m > [22m[2m楗板搧妲芥暟缁勫寲 - unequipItem[2m > [22m[2m姝ｇ‘杈撳叆[2m > [22m[2m鍗镐笅鍗曟Ы浣嶈澶囦笉搴旇Е鍙戠储寮曞墠绉?[22m[39m
01:59:46 [[32minfo[39m]  Item unequipped {"inventoryId":"item_sword_1","previousSlot":"main_hand"}

[90mstdout[2m | src/game-systems/inventory/__tests__/accessory-array-slot.test.ts[2m > [22m[2m楗板搧妲芥暟缁勫寲 - unequipItem[2m > [22m[2m閿欒杈撳叆[2m > [22m[2m鍗镐笅鏈澶囩殑鐗╁搧搴旀姏閿?[22m[39m
01:59:46 [[31merror[39m]  Failed to unequip item {"saveId":"save-a","inventoryId":"item_ring_1","error":"Item is not equipped: item_ring_1"}

[90mstdout[2m | src/game-systems/inventory/__tests__/accessory-array-slot.test.ts[22m[39m
01:59:46 [[32minfo[39m]  Help registry loaded: 22 tools {"tools":["batch_query_service","challenge_service","... (22 items)"]}
01:59:46 [[32minfo[39m]  Creating GameMasterAgent (as AgentRuntime with isSubAgent=false)
01:59:46 [[32minfo[39m]  Handler subscribed {"eventType":"dialogue"}
01:59:46 [[32minfo[39m]  Handler subscribed {"eventType":"combat_end"}
01:59:46 [[32minfo[39m]  AwarenessAutoSubscriber subscribed to dialogue + combat_end events
01:59:46 [[32minfo[39m]  Agent initialized: gamemaster - GameMasterAgent
01:59:46 [[32minfo[39m] [AGENT-START] Agent gamemaster starting {"agent":"gamemaster","provider":null,"toolsConfigured":1,"maxIterations":200,"isSubAgent":false}
01:59:46 [[32minfo[39m]  Handler subscribed {"eventType":"chapter_advanced"}
01:59:46 [[32minfo[39m]  Creating AgentRuntime instances from default profile: fantasy_rpg
01:59:46 [[32minfo[39m]  Creating agents from profile: fantasy_rpg {"agentCount":10}
01:59:46 [[32minfo[39m]  Agent initialized: gamemaster - GameMasterAgent
01:59:46 [[32minfo[39m] [AGENT-START] Agent gamemaster starting {"agent":"gamemaster","provider":null,"toolsConfigured":1,"maxIterations":200,"isSubAgent":false}
01:59:46 [[32minfo[39m]  Created AgentRuntime: gamemaster {"profile":"fantasy_rpg","tools":["all"]}
01:59:46 [[32minfo[39m]  Agent initialized: map - MapAgent
01:59:46 [[32minfo[39m] [AGENT-START] Agent map starting {"agent":"map","provider":null,"toolsConfigured":7,"maxIterations":200,"isSubAgent":true}
01:59:46 [[32minfo[39m]  Created AgentRuntime: map {"profile":"fantasy_rpg","tools":["map_service","npc_service","... (7 items)"]}
01:59:46 [[32minfo[39m]  Agent initialized: challenge - ChallengeAgent
01:59:46 [[32minfo[39m] [AGENT-START] Agent challenge starting {"agent":"challenge","provider":null,"toolsConfigured":9,"maxIterations":200,"isSubAgent":true}
01:59:46 [[32minfo[39m]  Created AgentRuntime: challenge {"profile":"fantasy_rpg","tools":["challenge_service","numerical_service","... (9 items)"]}
01:59:46 [[32minfo[39m]  Agent initialized: output - OutputAgent
01:59:46 [[32minfo[39m] [AGENT-START] Agent output starting {"agent":"output","provider":null,"toolsConfigured":5,"maxIterations":200,"isSubAgent":true}
01:59:46 [[32minfo[39m]  Created AgentRuntime: output {"profile":"fantasy_rpg","tools":["dialogue_service","dynamic_ui","... (5 items)"]}
01:59:46 [[32minfo[39m]  Agent initialized: quest - QuestAgent
01:59:46 [[32minfo[39m] [AGENT-START] Agent quest starting {"agent":"quest","provider":null,"toolsConfigured":11,"maxIterations":200,"isSubAgent":true}
01:59:46 [[32minfo[39m]  Created AgentRuntime: quest {"profile":"fantasy_rpg","tools":["quest_service","numerical_service","... (11 items)"]}
01:59:46 [[32minfo[39m]  Agent initialized: npc_party - NPCPartyAgent
01:59:46 [[32minfo[39m] [AGENT-START] Agent npc_party starting {"agent":"npc_party","provider":null,"toolsConfigured":9,"maxIterations":200,"isSubAgent":true}
01:59:46 [[32minfo[39m]  Created AgentRuntime: npc_party {"profile":"fantasy_rpg","tools":["npc_service","entity_graph_service","... (9 items)"]}
01:59:46 [[32minfo[39m]  Agent initialized: inventory - InventoryAgent
01:59:46 [[32minfo[39m] [AGENT-START] Agent inventory starting {"agent":"inventory","provider":null,"toolsConfigured":8,"maxIterations":200,"isSubAgent":true}
01:59:46 [[32minfo[39m]  Created AgentRuntime: inventory {"profile":"fantasy_rpg","tools":["inventory_service","template_pool_service","... (8 items)"]}
01:59:46 [[32minfo[39m]  Agent initialized: skill - SkillAgent
01:59:46 [[32minfo[39m] [AGENT-START] Agent skill starting {"agent":"skill","provider":null,"toolsConfigured":7,"maxIterations":200,"isSubAgent":true}
01:59:46 [[32minfo[39m]  Created AgentRuntime: skill {"profile":"fantasy_rpg","tools":["skill_service","template_pool_service","... (7 items)"]}
01:59:46 [[32minfo[39m]  Agent initialized: event - EventAgent
01:59:46 [[32minfo[39m] [AGENT-START] Agent event starting {"agent":"event","provider":null,"toolsConfigured":5,"maxIterations":200,"isSubAgent":true}
01:59:46 [[32minfo[39m]  Created AgentRuntime: event {"profile":"fantasy_rpg","tools":["event_service","game_time_service","... (5 items)"]}
01:59:46 [[32minfo[39m]  Agent initialized: time - TimeAgent
01:59:46 [[32minfo[39m] [AGENT-START] Agent time starting {"agent":"time","provider":null,"toolsConfigured":4,"maxIterations":200,"isSubAgent":true}
01:59:46 [[32minfo[39m]  Created AgentRuntime: time {"profile":"fantasy_rpg","tools":["game_time_service","rule_service","... (4 items)"]}
01:59:46 [[32minfo[39m]  Permissions configured from agent.tools for profile: fantasy_rpg
01:59:46 [[32minfo[39m]  YAML permissions configured
01:59:46 [[32minfo[39m]  Registering AgentRuntime instances to GameMasterAgent...
01:59:46 [[32minfo[39m]  Registered AgentRuntime to Coordinator: gamemaster
01:59:46 [[32minfo[39m]  Registered AgentRuntime to Coordinator: map
01:59:46 [[32minfo[39m]  Registered AgentRuntime to Coordinator: challenge
01:59:46 [[32minfo[39m]  Registered AgentRuntime to Coordinator: output
01:59:46 [[32minfo[39m]  Registered AgentRuntime to Coordinator: quest
01:59:46 [[32minfo[39m]  Registered AgentRuntime to Coordinator: npc_party
01:59:46 [[32minfo[39m]  Registered AgentRuntime to Coordinator: inventory
01:59:46 [[32minfo[39m]  Registered AgentRuntime to Coordinator: skill
01:59:46 [[32minfo[39m]  Registered AgentRuntime to Coordinator: event
01:59:46 [[32minfo[39m]  Registered AgentRuntime to Coordinator: time
01:59:46 [[32minfo[39m]  GameDataExpander configured (manifest path enabled)
01:59:46 [[32minfo[39m]  DedupService configured (dispatch log persistence enabled)
01:59:46 [[32minfo[39m]  Agent system initialized: 10 AgentRuntime instances created
鉁?Agent system initialized with 10 agents
鈿狅笍 YAML Agent system skipped: __vi_import_5__.initializeYamlAgentSystem is not a function
01:59:46 [[32minfo[39m]  Agent routes initialized
01:59:46 [[32minfo[39m]  Save routes initialized
01:59:46 [[32minfo[39m]  Synced template from YAML to DB: cthulhu-investigation
01:59:46 [[32minfo[39m]  Synced template from YAML to DB: cyberpunk-mercenary
01:59:46 [[32minfo[39m]  Synced template from YAML to DB: medieval-fantasy
01:59:46 [[32minfo[39m]  Synced template from YAML to DB: modern-romance
01:59:46 [[32minfo[39m]  Synced template from YAML to DB: xianxia
01:59:46 [[32minfo[39m]  Synced 5 templates from YAML to database
01:59:46 [[32minfo[39m]  Cache refreshed with 5 templates
01:59:46 [[32minfo[39m]  TemplateService loaded {"cachedTemplates":5}
鉁?Template YAML loaded and synced to DB
01:59:46 [[32minfo[39m]  Template routes initialized
鉁?Test environment setup complete
鉁?Database connection closed

 [32m鉁?[39m src/game-systems/inventory/__tests__/accessory-array-slot.test.ts [2m ([22m[2m14 tests[22m[2m)[22m[33m 1160[2mms[22m[39m
[90mstdout[2m | src/agents/__tests__/agent-runtime-push.test.ts[22m[39m
007: added combat_states.mode column
Migration 007_add_combat_mode.ts completed successfully
Running migration: 008_add_saves_active_challenge_mode.ts

[90mstdout[2m | src/game-systems/shared/entity-resolver/__tests__/EntityResolverBase.test.ts[22m[39m
馃И Setting up comprehensive test environment...
鉁?Database connected
Running migration: 001_init.ts

[90mstdout[2m | src/services/__tests__/skill-registry.test.ts[22m[39m
Migration 001_init.ts completed successfully
Running migration: 002_add_equipped_index.ts

[90mstdout[2m | src/services/__tests__/skill-registry.test.ts[22m[39m
Migration 002_add_equipped_index.ts completed successfully
Running migration: 003_fix_information_boundaries_timestamps.ts

[90mstdout[2m | src/game-systems/shared/entity-resolver/__tests__/EntityResolverBase.test.ts[22m[39m
Migration 001_init.ts completed successfully
Running migration: 002_add_equipped_index.ts

[90mstdout[2m | src/game-systems/shared/entity-resolver/__tests__/EntityResolverBase.test.ts[22m[39m
Migration 002_add_equipped_index.ts completed successfully
Running migration: 003_fix_information_boundaries_timestamps.ts

[90mstdout[2m | src/game-systems/shared/entity-resolver/__tests__/EntityResolverBase.test.ts[22m[39m
Migration 003_fix_information_boundaries_timestamps.ts completed successfully
Running migration: 004_drop_information_boundaries.ts
004_drop_information_boundaries: information_boundaries table not found, skipping migration
004_drop_information_boundaries: cleared custom_data.knowledge from 0 NPCs
Migration 004_drop_information_boundaries.ts completed successfully
Running migration: 005_drop_npc_relations.ts
005_drop_npc_relations: dropped npc_relations table
Migration 005_drop_npc_relations.ts completed successfully
Running migration: 006_awareness_relationship_events_states.ts

[90mstdout[2m | src/services/__tests__/skill-registry.test.ts[22m[39m
Migration 003_fix_information_boundaries_timestamps.ts completed successfully
Running migration: 004_drop_information_boundaries.ts
004_drop_information_boundaries: information_boundaries table not found, skipping migration
004_drop_information_boundaries: cleared custom_data.knowledge from 0 NPCs
Migration 004_drop_information_boundaries.ts completed successfully
Running migration: 005_drop_npc_relations.ts
005_drop_npc_relations: dropped npc_relations table
Migration 005_drop_npc_relations.ts completed successfully
Running migration: 006_awareness_relationship_events_states.ts
006: created entity_awareness_events table
006: created entity_awareness_states table
006: created entity_relationship_events table
006: created entity_relationship_states table
Migration 006_awareness_relationship_events_states.ts completed successfully
Running migration: 007_add_combat_mode.ts

[90mstdout[2m | src/agents/__tests__/agent-runtime-push.test.ts[22m[39m
008: added saves.active_challenge_mode column
Migration 008_add_saves_active_challenge_mode.ts completed successfully
All migrations completed
鉁?Migrations completed
All seeds completed
鉁?Seeds completed
01:59:46 [[32minfo[39m]  Starting YAML-driven Agent system initialization
01:59:46 [[32minfo[39m]  Seeding ModelConfigService from environment
01:59:46 [[32minfo[39m]  No DEEPSEEK_API_KEY env var found, skipping env seed
01:59:46 [[32minfo[39m]  Seeded provider from convict config {"providerType":"openai","providerId":"6a990a42-5a4e-44e4-8f16-531529f94faa","model":"openrouter/free"}
01:59:46 [[32minfo[39m]  Creating LLMService with ModelConfigService
01:59:46 [[32minfo[39m]  Creating ContextService and DecisionLogService instances
01:59:46 [[32minfo[39m]  Initializing YAML-driven Agent profiles...
01:59:46 [[32minfo[39m]  Loading config from directory: C:\Users\super\Documents\trae_projects\AGG-main\packages\backend\config
01:59:46 [[32minfo[39m]  Loaded agent profile: fantasy_rpg
01:59:46 [[32minfo[39m]  Loaded agent profile: minimal_test
01:59:46 [[32minfo[39m]  Loaded 0 non-builtin profiles from database (0 builtin skipped, using YAML)
01:59:46 [[32minfo[39m]  Config loaded successfully: 2 profiles
01:59:46 [[32minfo[39m]  YAML config loaded successfully
01:59:46 [[32minfo[39m]  Context rules loaded {"agentCount":10}
01:59:46 [[32minfo[39m]  Default manifests loaded {"agentTypeCount":6,"manifestCount":8}
01:59:46 [[32minfo[39m]  Context rules file watcher started {"path":"C:\\Users\\super\\Documents\\trae_projects\\AGG-main\\packages\\backend\\config\\agent-context-rules.yaml"}
01:59:46 [[32minfo[39m]  Loaded 10 agent capabilities from YAML profiles
01:59:46 [[32minfo[39m]  ToolRegistry initialized
01:59:46 [[32minfo[39m]  Registering ServiceTools to ToolRegistry
01:59:46 [[32minfo[39m]  Tool registered: game_time_service - GameTime Service (v1.0.0)
01:59:46 [[32minfo[39m]  Tool registered: numerical_service - Numerical Service (v1.0.0)
01:59:46 [[32minfo[39m]  Tool registered: character_service - Character Service (v1.0.0)
01:59:46 [[32minfo[39m]  Tool registered: inventory_service - Inventory Service (v1.0.0)
01:59:46 [[32minfo[39m]  Tool registered: skill_service - Skill Service (v1.1.0)
01:59:46 [[32minfo[39m]  Tool registered: map_service - Map Service (v2.0.0)
01:59:46 [[32minfo[39m]  Tool registered: npc_service - NPC Service (v1.0.0)
01:59:46 [[32minfo[39m]  Tool registered: dialogue_service - Dialogue Service (v1.0.0)
01:59:46 [[32minfo[39m]  Tool registered: quest_service - Quest Service (v1.0.0)
01:59:46 [[32minfo[39m]  Tool registered: challenge_service - Challenge Service (v1.0.0)
01:59:46 [[32minfo[39m]  Tool registered: event_service - Event Service (v1.0.0)
01:59:46 [[32minfo[39m]  Tool registered: story_service - Story Service (v1.0.0)
01:59:46 [[32minfo[39m]  Tool registered: game_init_service - Game Init Service (v2.0.0)
01:59:46 [[32minfo[39m]  Tool registered: batch_query_service - Batch Query Service (v1.0.0)
01:59:46 [[32minfo[39m]  Tool registered: entity_graph_service - Entity Graph Service (v1.0.0)
01:59:46 [[32minfo[39m]  Tool registered: template_pool_service - Template Pool Service (v1.0.0)
01:59:46 [[32minfo[39m]  Tool registered: dynamic_ui - Dynamic UI Service (v1.0.0)
01:59:46 [[32minfo[39m]  Tool registered: generate_options - Generate Options Service (v2.0.0)
01:59:46 [[32minfo[39m]  Tool registered: coordinator_service - Coordinator Service (v1.0.0)
01:59:46 [[32minfo[39m]  Tool registered: rule_service - Rule Service (v1.0.0)
01:59:46 [[32minfo[39m]  Tool registered: skill_loader - Skill Loader (v1.0.0)
01:59:46 [[32minfo[39m]  Tool registered: help_service - Help Service (v1.0.0)
01:59:46 [[32minfo[39m]  Tool registered: memory_service - Memory Service (v1.0.0)
01:59:46 [[32minfo[39m]  Registered 23 ServiceTools to ToolRegistry
01:59:46 [[32minfo[39m]  Tool reference validation passed

[90mstdout[2m | src/agents/__tests__/agent-runtime-push.test.ts[22m[39m
01:59:47 [[32minfo[39m]  Discovered 187 help files {"dir":"C:\\Users\\super\\Documents\\trae_projects\\AGG-main\\packages\\backend\\config\\agent-help"}

[90mstdout[2m | src/services/__tests__/context-injector.test.ts[22m[39m
01:59:47 [[32minfo[39m]  Discovered 187 help files {"dir":"C:\\Users\\super\\Documents\\trae_projects\\AGG-main\\packages\\backend\\config\\agent-help"}

[90mstdout[2m | src/game-systems/shared/entity-resolver/__tests__/EntityResolverBase.test.ts[22m[39m
006: created entity_awareness_events table
006: created entity_awareness_states table
006: created entity_relationship_events table
006: created entity_relationship_states table
Migration 006_awareness_relationship_events_states.ts completed successfully
Running migration: 007_add_combat_mode.ts
007: added combat_states.mode column
Migration 007_add_combat_mode.ts completed successfully
Running migration: 008_add_saves_active_challenge_mode.ts
008: added saves.active_challenge_mode column
Migration 008_add_saves_active_challenge_mode.ts completed successfully
All migrations completed
鉁?Migrations completed
All seeds completed
鉁?Seeds completed
01:59:46 [[32minfo[39m]  Starting YAML-driven Agent system initialization
01:59:46 [[32minfo[39m]  Seeding ModelConfigService from environment
01:59:46 [[32minfo[39m]  No DEEPSEEK_API_KEY env var found, skipping env seed
01:59:47 [[32minfo[39m]  Seeded provider from convict config {"providerType":"openai","providerId":"2fa57384-d67a-4514-9fb3-61d97e283096","model":"openrouter/free"}
01:59:47 [[32minfo[39m]  Creating LLMService with ModelConfigService
01:59:47 [[32minfo[39m]  Creating ContextService and DecisionLogService instances
01:59:47 [[32minfo[39m]  Initializing YAML-driven Agent profiles...
01:59:47 [[32minfo[39m]  Loading config from directory: C:\Users\super\Documents\trae_projects\AGG-main\packages\backend\config
01:59:47 [[32minfo[39m]  Loaded agent profile: fantasy_rpg
01:59:47 [[32minfo[39m]  Loaded agent profile: minimal_test
01:59:47 [[32minfo[39m]  Loaded 0 non-builtin profiles from database (0 builtin skipped, using YAML)
01:59:47 [[32minfo[39m]  Config loaded successfully: 2 profiles
01:59:47 [[32minfo[39m]  YAML config loaded successfully
01:59:47 [[32minfo[39m]  Context rules loaded {"agentCount":10}
01:59:47 [[32minfo[39m]  Default manifests loaded {"agentTypeCount":6,"manifestCount":8}
01:59:47 [[32minfo[39m]  Context rules file watcher started {"path":"C:\\Users\\super\\Documents\\trae_projects\\AGG-main\\packages\\backend\\config\\agent-context-rules.yaml"}
01:59:47 [[32minfo[39m]  Loaded 10 agent capabilities from YAML profiles
01:59:47 [[32minfo[39m]  ToolRegistry initialized
01:59:47 [[32minfo[39m]  Registering ServiceTools to ToolRegistry
01:59:47 [[32minfo[39m]  Tool registered: game_time_service - GameTime Service (v1.0.0)
01:59:47 [[32minfo[39m]  Tool registered: numerical_service - Numerical Service (v1.0.0)
01:59:47 [[32minfo[39m]  Tool registered: character_service - Character Service (v1.0.0)
01:59:47 [[32minfo[39m]  Tool registered: inventory_service - Inventory Service (v1.0.0)
01:59:47 [[32minfo[39m]  Tool registered: skill_service - Skill Service (v1.1.0)
01:59:47 [[32minfo[39m]  Tool registered: map_service - Map Service (v2.0.0)
01:59:47 [[32minfo[39m]  Tool registered: npc_service - NPC Service (v1.0.0)
01:59:47 [[32minfo[39m]  Tool registered: dialogue_service - Dialogue Service (v1.0.0)
01:59:47 [[32minfo[39m]  Tool registered: quest_service - Quest Service (v1.0.0)
01:59:47 [[32minfo[39m]  Tool registered: challenge_service - Challenge Service (v1.0.0)
01:59:47 [[32minfo[39m]  Tool registered: event_service - Event Service (v1.0.0)
01:59:47 [[32minfo[39m]  Tool registered: story_service - Story Service (v1.0.0)
01:59:47 [[32minfo[39m]  Tool registered: game_init_service - Game Init Service (v2.0.0)
01:59:47 [[32minfo[39m]  Tool registered: batch_query_service - Batch Query Service (v1.0.0)
01:59:47 [[32minfo[39m]  Tool registered: entity_graph_service - Entity Graph Service (v1.0.0)
01:59:47 [[32minfo[39m]  Tool registered: template_pool_service - Template Pool Service (v1.0.0)
01:59:47 [[32minfo[39m]  Tool registered: dynamic_ui - Dynamic UI Service (v1.0.0)
01:59:47 [[32minfo[39m]  Tool registered: generate_options - Generate Options Service (v2.0.0)
01:59:47 [[32minfo[39m]  Tool registered: coordinator_service - Coordinator Service (v1.0.0)
01:59:47 [[32minfo[39m]  Tool registered: rule_service - Rule Service (v1.0.0)
01:59:47 [[32minfo[39m]  Tool registered: skill_loader - Skill Loader (v1.0.0)
01:59:47 [[32minfo[39m]  Tool registered: help_service - Help Service (v1.0.0)
01:59:47 [[32minfo[39m]  Tool registered: memory_service - Memory Service (v1.0.0)
01:59:47 [[32minfo[39m]  Registered 23 ServiceTools to ToolRegistry
01:59:47 [[32minfo[39m]  Tool reference validation passed

[90mstdout[2m | src/services/__tests__/skill-registry.test.ts[22m[39m
007: added combat_states.mode column
Migration 007_add_combat_mode.ts completed successfully
Running migration: 008_add_saves_active_challenge_mode.ts
008: added saves.active_challenge_mode column
Migration 008_add_saves_active_challenge_mode.ts completed successfully
All migrations completed
鉁?Migrations completed
All seeds completed
鉁?Seeds completed
01:59:46 [[32minfo[39m]  Starting YAML-driven Agent system initialization
01:59:46 [[32minfo[39m]  Seeding ModelConfigService from environment
01:59:46 [[32minfo[39m]  No DEEPSEEK_API_KEY env var found, skipping env seed
01:59:47 [[32minfo[39m]  Seeded provider from convict config {"providerType":"openai","providerId":"195f161f-00ba-46c5-a5e1-a6e0c23b864d","model":"openrouter/free"}
01:59:47 [[32minfo[39m]  Creating LLMService with ModelConfigService
01:59:47 [[32minfo[39m]  Creating ContextService and DecisionLogService instances
01:59:47 [[32minfo[39m]  Initializing YAML-driven Agent profiles...
01:59:47 [[32minfo[39m]  Loading config from directory: C:\Users\super\Documents\trae_projects\AGG-main\packages\backend\config
01:59:47 [[32minfo[39m]  Loaded agent profile: fantasy_rpg
01:59:47 [[32minfo[39m]  Loaded agent profile: minimal_test
01:59:47 [[32minfo[39m]  Loaded 0 non-builtin profiles from database (0 builtin skipped, using YAML)
01:59:47 [[32minfo[39m]  Config loaded successfully: 2 profiles
01:59:47 [[32minfo[39m]  YAML config loaded successfully
01:59:47 [[32minfo[39m]  Context rules loaded {"agentCount":10}
01:59:47 [[32minfo[39m]  Default manifests loaded {"agentTypeCount":6,"manifestCount":8}
01:59:47 [[32minfo[39m]  Context rules file watcher started {"path":"C:\\Users\\super\\Documents\\trae_projects\\AGG-main\\packages\\backend\\config\\agent-context-rules.yaml"}
01:59:47 [[32minfo[39m]  Loaded 10 agent capabilities from YAML profiles
01:59:47 [[32minfo[39m]  ToolRegistry initialized
01:59:47 [[32minfo[39m]  Registering ServiceTools to ToolRegistry
01:59:47 [[32minfo[39m]  Tool registered: game_time_service - GameTime Service (v1.0.0)
01:59:47 [[32minfo[39m]  Tool registered: numerical_service - Numerical Service (v1.0.0)
01:59:47 [[32minfo[39m]  Tool registered: character_service - Character Service (v1.0.0)
01:59:47 [[32minfo[39m]  Tool registered: inventory_service - Inventory Service (v1.0.0)
01:59:47 [[32minfo[39m]  Tool registered: skill_service - Skill Service (v1.1.0)
01:59:47 [[32minfo[39m]  Tool registered: map_service - Map Service (v2.0.0)
01:59:47 [[32minfo[39m]  Tool registered: npc_service - NPC Service (v1.0.0)
01:59:47 [[32minfo[39m]  Tool registered: dialogue_service - Dialogue Service (v1.0.0)
01:59:47 [[32minfo[39m]  Tool registered: quest_service - Quest Service (v1.0.0)
01:59:47 [[32minfo[39m]  Tool registered: challenge_service - Challenge Service (v1.0.0)
01:59:47 [[32minfo[39m]  Tool registered: event_service - Event Service (v1.0.0)
01:59:47 [[32minfo[39m]  Tool registered: story_service - Story Service (v1.0.0)
01:59:47 [[32minfo[39m]  Tool registered: game_init_service - Game Init Service (v2.0.0)
01:59:47 [[32minfo[39m]  Tool registered: batch_query_service - Batch Query Service (v1.0.0)
01:59:47 [[32minfo[39m]  Tool registered: entity_graph_service - Entity Graph Service (v1.0.0)
01:59:47 [[32minfo[39m]  Tool registered: template_pool_service - Template Pool Service (v1.0.0)
01:59:47 [[32minfo[39m]  Tool registered: dynamic_ui - Dynamic UI Service (v1.0.0)
01:59:47 [[32minfo[39m]  Tool registered: generate_options - Generate Options Service (v2.0.0)
01:59:47 [[32minfo[39m]  Tool registered: coordinator_service - Coordinator Service (v1.0.0)
01:59:47 [[32minfo[39m]  Tool registered: rule_service - Rule Service (v1.0.0)
01:59:47 [[32minfo[39m]  Tool registered: skill_loader - Skill Loader (v1.0.0)
01:59:47 [[32minfo[39m]  Tool registered: help_service - Help Service (v1.0.0)
01:59:47 [[32minfo[39m]  Tool registered: memory_service - Memory Service (v1.0.0)
01:59:47 [[32minfo[39m]  Registered 23 ServiceTools to ToolRegistry
01:59:47 [[32minfo[39m]  Tool reference validation passed

[90mstdout[2m | src/game-systems/shared/entity-resolver/__tests__/EntityResolverBase.test.ts[22m[39m
01:59:47 [[32minfo[39m]  Discovered 187 help files {"dir":"C:\\Users\\super\\Documents\\trae_projects\\AGG-main\\packages\\backend\\config\\agent-help"}

[90mstdout[2m | src/services/__tests__/skill-registry.test.ts[22m[39m
01:59:47 [[32minfo[39m]  Discovered 187 help files {"dir":"C:\\Users\\super\\Documents\\trae_projects\\AGG-main\\packages\\backend\\config\\agent-help"}

[90mstdout[2m | src/agents/__tests__/react-agent-runtime-snapshot.test.ts[22m[39m
馃И Setting up comprehensive test environment...
鉁?Database connected
Running migration: 001_init.ts

[90mstdout[2m | src/services/__tests__/context-injector.test.ts[2m > [22m[2mContextInjector[2m > [22m[2m搴斿苟琛屾姄鍙栬鍒欏苟淇濇寔杈撳嚭椤哄簭绋冲畾[22m[39m
01:59:47 [[32minfo[39m]  Context rules loaded {"agentCount":1}
01:59:47 [[32minfo[39m]  Context rules file watcher started {"path":"C:\\Users\\super\\AppData\\Local\\Temp\\context-injector-xGRXC1\\agent-context-rules.yaml"}
01:59:47 [[32minfo[39m] [CONTEXT-INJECT] Context injected for dialogue, 2 rules, 10 tokens {"agent":"dialogue","injectedRules":[{"ruleId":"first","source":"memory","method":"getFirst","recordCount":1,"estimatedTokens":5,"content":"绗竴鏉′笂涓嬫枃"},{"ruleId":"second","source":"memory","method":"getSecond","recordCount":1,"estimatedTokens":5,"content":"绗簩鏉′笂涓嬫枃"}],"totalTokens":10,"maxTokens":200}

[90mstdout[2m | src/services/__tests__/context-injector.test.ts[2m > [22m[2mContextInjector[2m > [22m[2m瀵瑰悓涓€ agent/saveId 鐨勫苟鍙戣姹傚簲澶嶇敤 in-flight 蹇収[22m[39m
01:59:47 [[32minfo[39m]  Context rules loaded {"agentCount":1}
01:59:47 [[32minfo[39m]  Context rules file watcher started {"path":"C:\\Users\\super\\AppData\\Local\\Temp\\context-injector-UBg50P\\agent-context-rules.yaml"}
01:59:47 [[32minfo[39m] [CONTEXT-INJECT] Context injected for dialogue, 1 rules, 4 tokens {"agent":"dialogue","injectedRules":[{"ruleId":"snapshot","source":"memory","method":"getSnapshot","recordCount":1,"estimatedTokens":4,"content":"鍏变韩蹇収"}],"totalTokens":4,"maxTokens":200}

[90mstdout[2m | src/services/__tests__/context-injector.test.ts[2m > [22m[2mContextInjector[2m > [22m[2m瓒呭嚭 token 棰勭畻鏃跺簲淇濇寔鍓嶇紑浼樺厛璇箟骞跺仠姝㈠悗缁敞鍏?[22m[39m
01:59:47 [[32minfo[39m]  Context rules loaded {"agentCount":1}
01:59:47 [[32minfo[39m]  Context rules file watcher started {"path":"C:\\Users\\super\\AppData\\Local\\Temp\\context-injector-oRU99Y\\agent-context-rules.yaml"}
01:59:47 [[32minfo[39m]  Context token limit reached, skipping remaining rules {"agentType":"dialogue","totalTokens":5,"maxTokens":10,"skippedRule":"second"}
01:59:47 [[32minfo[39m] [CONTEXT-INJECT] Context injected for dialogue, 1 rules, 5 tokens {"agent":"dialogue","injectedRules":[{"ruleId":"first","source":"memory","method":"first","recordCount":1,"estimatedTokens":5,"content":"123456"}],"skippedRules":["second(token_limit)"],"totalTokens":5,"maxTokens":10}

[90mstdout[2m | src/services/__tests__/context-injector.test.ts[2m > [22m[2mContextInjector[2m > [22m[2m鍛戒腑 token 棰勭畻鍚庝笉搴旂户缁姄鍙栧悗缁鍒?[22m[39m
01:59:47 [[32minfo[39m]  Context rules loaded {"agentCount":1}
01:59:47 [[32minfo[39m]  Context rules file watcher started {"path":"C:\\Users\\super\\AppData\\Local\\Temp\\context-injector-Svqv9c\\agent-context-rules.yaml"}
01:59:47 [[32minfo[39m]  Context token limit reached, skipping remaining rules {"agentType":"dialogue","totalTokens":5,"maxTokens":10,"skippedRule":"second"}
01:59:47 [[32minfo[39m] [CONTEXT-INJECT] Context injected for dialogue, 1 rules, 5 tokens {"agent":"dialogue","injectedRules":[{"ruleId":"first","source":"memory","method":"first","recordCount":1,"estimatedTokens":5,"content":"123456"}],"skippedRules":["second(token_limit)"],"totalTokens":5,"maxTokens":10}

[90mstdout[2m | src/services/__tests__/context-injector.test.ts[2m > [22m[2mContextInjector[2m > [22m[2m搴斿澶氫釜 agent 鑱氬悎鍘婚噸骞跺叡浜姄鍙栫粨鏋?[22m[39m
01:59:47 [[32minfo[39m]  Context rules loaded {"agentCount":2}
01:59:47 [[32minfo[39m]  Context rules file watcher started {"path":"C:\\Users\\super\\AppData\\Local\\Temp\\context-injector-F4ex9Y\\agent-context-rules.yaml"}
01:59:47 [[32minfo[39m] [CONTEXT-INJECT] Context injected for dialogue, 2 rules, 29 tokens {"agent":"dialogue","injectedRules":[{"ruleId":"shared_location","source":"map_service","method":"get_current_location","recordCount":1,"estimatedTokens":14,"content":"map_service:get_current_location"},{"ruleId":"dialogue_history","source":"dialogue_service","method":"get_recent_dialogue","recordCount":1,"estimatedTokens":15,"content":"dialogue_service:get_recent_dialogue"}],"totalTokens":29,"maxTokens":200}
01:59:47 [[32minfo[39m] [CONTEXT-INJECT] Context injected for ui, 2 rules, 27 tokens {"agent":"ui","injectedRules":[{"ruleId":"shared_location","source":"map_service","method":"get_current_location","recordCount":1,"estimatedTokens":14,"content":"map_service:get_current_location"},{"ruleId":"active_quests","source":"quest_service","method":"get_active_quests","recordCount":1,"estimatedTokens":13,"content":"quest_service:get_active_quests"}],"totalTokens":27,"maxTokens":200}

[90mstdout[2m | src/services/__tests__/context-injector.test.ts[2m > [22m[2mContextInjector[2m > [22m[2m鎵归噺棰勫彇鏃跺崟涓?agent 涓婁笅鏂囧け璐ヤ笉搴旀嫋鍨叾浠?agent[22m[39m
01:59:47 [[32minfo[39m]  Context rules loaded {"agentCount":2}
01:59:47 [[32minfo[39m]  Context rules file watcher started {"path":"C:\\Users\\super\\AppData\\Local\\Temp\\context-injector-cnQQAb\\agent-context-rules.yaml"}
01:59:47 [[32minfo[39m]  Context token limit reached, skipping remaining rules {"agentType":"dialogue","totalTokens":0,"maxTokens":4,"skippedRule":"huge_context"}
01:59:47 [[33mwarn[39m]  Context overflow: all context rules skipped due to token limits or fetch failures {"agentType":"dialogue","maxTokens":4,"ruleCount":1}
01:59:47 [[32minfo[39m] [CONTEXT-INJECT] Context injected for ui, 1 rules, 14 tokens {"agent":"ui","injectedRules":[{"ruleId":"location","source":"map_service","method":"get_current_location","recordCount":1,"estimatedTokens":14,"content":"map_service:get_current_location"}],"totalTokens":14,"maxTokens":200}
01:59:47 [[32minfo[39m]  Context prefetch skipped for agent {"agentType":"dialogue","error":"Context overflow for dialogue: 0/4 tokens"}

[90mstdout[2m | src/services/__tests__/context-injector.test.ts[2m > [22m[2mContextInjector[2m > [22m[2m涓棿瑙勫垯鏃犳暟鎹椂浠嶅簲缁х画鎶撳彇骞舵敞鍏ュ悗缁彲鐢ㄨ鍒?[22m[39m
01:59:47 [[32minfo[39m]  Context rules loaded {"agentCount":1}
01:59:47 [[32minfo[39m]  Context rules file watcher started {"path":"C:\\Users\\super\\AppData\\Local\\Temp\\context-injector-b7bQI1\\agent-context-rules.yaml"}
01:59:47 [[32minfo[39m] [CONTEXT-INJECT] Context injected for dialogue, 2 rules, 14 tokens {"agent":"dialogue","injectedRules":[{"ruleId":"first","source":"memory","method":"first","recordCount":1,"estimatedTokens":7,"content":"first-context"},{"ruleId":"third","source":"memory","method":"third","recordCount":1,"estimatedTokens":7,"content":"third-context"}],"skippedRules":["second(no_data)"],"totalTokens":14,"maxTokens":200}

[90mstdout[2m | src/services/__tests__/context-injector.test.ts[2m > [22m[2mContextInjector[2m > [22m[2m鑷姩鍘婚噸鏈哄埗[2m > [22m[2mgetCoveredSources 搴旀牴鎹?peerResult keys 鎺ㄥ琚鐩栫殑 sources[22m[39m
01:59:47 [[32minfo[39m]  Context rules loaded {"agentCount":3}
01:59:47 [[32minfo[39m]  Context rules file watcher started {"path":"C:\\Users\\super\\AppData\\Local\\Temp\\context-injector-CxnbWb\\agent-context-rules.yaml"}

[90mstdout[2m | src/services/__tests__/context-injector.test.ts[2m > [22m[2mContextInjector[2m > [22m[2m鑷姩鍘婚噸鏈哄埗[2m > [22m[2mgetCoveredSources 瀵圭┖ peerResult keys 搴旇繑鍥炵┖闆?[22m[39m
01:59:47 [[32minfo[39m]  Context rules loaded {"agentCount":1}
01:59:47 [[32minfo[39m]  Context rules file watcher started {"path":"C:\\Users\\super\\AppData\\Local\\Temp\\context-injector-JZJEqH\\agent-context-rules.yaml"}

[90mstdout[2m | src/services/__tests__/context-injector.test.ts[2m > [22m[2mContextInjector[2m > [22m[2m鑷姩鍘婚噸鏈哄埗[2m > [22m[2mbuildContextSnapshotFiltered 搴旇嚜鍔ㄨ繃婊よ peerResults 瑕嗙洊鐨勯鍔犺浇椤?[22m[39m
01:59:47 [[32minfo[39m]  Context rules loaded {"agentCount":2}
01:59:47 [[32minfo[39m]  Context rules file watcher started {"path":"C:\\Users\\super\\AppData\\Local\\Temp\\context-injector-b5kHrr\\agent-context-rules.yaml"}
01:59:47 [[32minfo[39m]  Context rule auto-suppressed (source covered by peerResults) {"agentType":"dialogue","ruleId":"nearby_npcs","peerResultKeys":["npc_party"]}
01:59:47 [[32minfo[39m] [CONTEXT-INJECT] Context injected for dialogue, 1 rules, 15 tokens {"agent":"dialogue","injectedRules":[{"ruleId":"dialogue_history","source":"dialogue_service","method":"get_recent_dialogue","recordCount":1,"estimatedTokens":15,"content":"dialogue_service:get_recent_dialogue"}],"totalTokens":15,"maxTokens":200}

[90mstdout[2m | src/services/__tests__/context-injector.test.ts[2m > [22m[2mContextInjector[2m > [22m[2m鑷姩鍘婚噸鏈哄埗[2m > [22m[2mprefetchForAgentsFiltered 搴斾负涓嶅悓 Agent 浼犲叆涓嶅悓鐨?peerResult keys[22m[39m
01:59:47 [[32minfo[39m]  Context rules loaded {"agentCount":2}
01:59:47 [[32minfo[39m]  Context rules file watcher started {"path":"C:\\Users\\super\\AppData\\Local\\Temp\\context-injector-yD756K\\agent-context-rules.yaml"}
01:59:47 [[32minfo[39m]  Context rule auto-suppressed (source covered by peerResults) {"agentType":"dialogue","ruleId":"nearby_npcs","peerResultKeys":["npc_party"]}
01:59:47 [[32minfo[39m] [CONTEXT-INJECT] Context injected for npc_party, 1 rules, 10 tokens {"agent":"npc_party","injectedRules":[{"ruleId":"nearby_npcs","source":"npc_service","method":"list_npcs","recordCount":1,"estimatedTokens":10,"content":"npc_service:list_npcs"}],"totalTokens":10,"maxTokens":200}
01:59:47 [[32minfo[39m] [CONTEXT-INJECT] Context injected for dialogue, 1 rules, 15 tokens {"agent":"dialogue","injectedRules":[{"ruleId":"dialogue_history","source":"dialogue_service","method":"get_recent_dialogue","recordCount":1,"estimatedTokens":15,"content":"dialogue_service:get_recent_dialogue"}],"totalTokens":15,"maxTokens":200}

[90mstdout[2m | src/services/__tests__/context-injector.test.ts[2m > [22m[2mContextInjector[2m > [22m[2m棰勫姞杞戒笂涓嬫枃闅愯棌鏈哄埗锛圕10锛?[2m > [22m[2m娉ㄥ叆鍐呭涓嶆毚闇?source.method锛堜慨澶?pre-load 绗竴灞傞殣钘忔満鍒舵硠闇诧級[22m[39m
01:59:47 [[32minfo[39m]  Context rules loaded {"agentCount":1}
01:59:47 [[32minfo[39m]  Context rules file watcher started {"path":"C:\\Users\\super\\AppData\\Local\\Temp\\context-injector-fbjA6u\\agent-context-rules.yaml"}
01:59:47 [[32minfo[39m] [CONTEXT-INJECT] Context injected for dialogue, 1 rules, 10 tokens {"agent":"dialogue","injectedRules":[{"ruleId":"character_status","source":"character_service","method":"get_full_status","recordCount":1,"estimatedTokens":10,"content":"瑙掕壊鏁版嵁锛欻P=100, MP=50"}],"totalTokens":10,"maxTokens":200}

[90mstdout[2m | src/services/__tests__/context-injector.test.ts[2m > [22m[2mContextInjector[2m > [22m[2m棰勫姞杞戒笂涓嬫枃闅愯棌鏈哄埗锛圕10锛?[2m > [22m[2m澶氭潯瑙勫垯鐨勬敞鍏ュ唴瀹瑰潎涓嶆毚闇?source.method[22m[39m
01:59:47 [[32minfo[39m]  Context rules loaded {"agentCount":1}
01:59:47 [[32minfo[39m]  Context rules file watcher started {"path":"C:\\Users\\super\\AppData\\Local\\Temp\\context-injector-Ig2Mc3\\agent-context-rules.yaml"}
01:59:47 [[32minfo[39m] [CONTEXT-INJECT] Context injected for dialogue, 3 rules, 15 tokens {"agent":"dialogue","injectedRules":[{"ruleId":"character_status","source":"character_service","method":"get_full_status","recordCount":1,"estimatedTokens":6,"content":"HP=100"},{"ruleId":"nearby_npcs","source":"npc_service","method":"list_npcs","recordCount":1,"estimatedTokens":5,"content":"鏉戦暱, 鍟嗕汉"},{"ruleId":"current_location","source":"map_service","method":"get_current_location","recordCount":1,"estimatedTokens":4,"content":"鐧芥潹鏉?}],"totalTokens":15,"maxTokens":500}

[90mstdout[2m | src/services/__tests__/context-injector.test.ts[2m > [22m[2mContextInjector[2m > [22m[2m棰勫姞杞戒笂涓嬫枃闅愯棌鏈哄埗锛圕10锛?[2m > [22m[2minjectedMethods 浠嶄繚鐣?source/method 鍏冩暟鎹緵绋嬪簭鍐呴儴浣跨敤[22m[39m
01:59:47 [[32minfo[39m]  Context rules loaded {"agentCount":1}
01:59:47 [[32minfo[39m]  Context rules file watcher started {"path":"C:\\Users\\super\\AppData\\Local\\Temp\\context-injector-3cDJ7B\\agent-context-rules.yaml"}
01:59:47 [[32minfo[39m] [CONTEXT-INJECT] Context injected for dialogue, 1 rules, 6 tokens {"agent":"dialogue","injectedRules":[{"ruleId":"character_status","source":"character_service","method":"get_full_status","recordCount":1,"estimatedTokens":6,"content":"HP=100"}],"totalTokens":6,"maxTokens":200}

[90mstdout[2m | src/services/__tests__/context-injector.test.ts[22m[39m
01:59:47 [[32minfo[39m]  Help registry loaded: 22 tools {"tools":["batch_query_service","challenge_service","... (22 items)"]}
01:59:47 [[32minfo[39m]  Creating GameMasterAgent (as AgentRuntime with isSubAgent=false)
01:59:47 [[32minfo[39m]  Handler subscribed {"eventType":"dialogue"}
01:59:47 [[32minfo[39m]  Handler subscribed {"eventType":"combat_end"}
01:59:47 [[32minfo[39m]  AwarenessAutoSubscriber subscribed to dialogue + combat_end events
01:59:47 [[32minfo[39m]  Agent initialized: gamemaster - GameMasterAgent
01:59:47 [[32minfo[39m] [AGENT-START] Agent gamemaster starting {"agent":"gamemaster","provider":null,"toolsConfigured":1,"maxIterations":200,"isSubAgent":false}
01:59:47 [[32minfo[39m]  Handler subscribed {"eventType":"chapter_advanced"}
01:59:47 [[32minfo[39m]  Creating AgentRuntime instances from default profile: fantasy_rpg
01:59:47 [[32minfo[39m]  Creating agents from profile: fantasy_rpg {"agentCount":10}
01:59:47 [[32minfo[39m]  Agent initialized: gamemaster - GameMasterAgent
01:59:47 [[32minfo[39m] [AGENT-START] Agent gamemaster starting {"agent":"gamemaster","provider":null,"toolsConfigured":1,"maxIterations":200,"isSubAgent":false}
01:59:47 [[32minfo[39m]  Created AgentRuntime: gamemaster {"profile":"fantasy_rpg","tools":["all"]}
01:59:47 [[32minfo[39m]  Agent initialized: map - MapAgent
01:59:47 [[32minfo[39m] [AGENT-START] Agent map starting {"agent":"map","provider":null,"toolsConfigured":7,"maxIterations":200,"isSubAgent":true}
01:59:47 [[32minfo[39m]  Created AgentRuntime: map {"profile":"fantasy_rpg","tools":["map_service","npc_service","... (7 items)"]}
01:59:47 [[32minfo[39m]  Agent initialized: challenge - ChallengeAgent
01:59:47 [[32minfo[39m] [AGENT-START] Agent challenge starting {"agent":"challenge","provider":null,"toolsConfigured":9,"maxIterations":200,"isSubAgent":true}
01:59:47 [[32minfo[39m]  Created AgentRuntime: challenge {"profile":"fantasy_rpg","tools":["challenge_service","numerical_service","... (9 items)"]}
01:59:47 [[32minfo[39m]  Agent initialized: output - OutputAgent
01:59:47 [[32minfo[39m] [AGENT-START] Agent output starting {"agent":"output","provider":null,"toolsConfigured":5,"maxIterations":200,"isSubAgent":true}
01:59:47 [[32minfo[39m]  Created AgentRuntime: output {"profile":"fantasy_rpg","tools":["dialogue_service","dynamic_ui","... (5 items)"]}
01:59:47 [[32minfo[39m]  Agent initialized: quest - QuestAgent
01:59:47 [[32minfo[39m] [AGENT-START] Agent quest starting {"agent":"quest","provider":null,"toolsConfigured":11,"maxIterations":200,"isSubAgent":true}
01:59:47 [[32minfo[39m]  Created AgentRuntime: quest {"profile":"fantasy_rpg","tools":["quest_service","numerical_service","... (11 items)"]}
01:59:47 [[32minfo[39m]  Agent initialized: npc_party - NPCPartyAgent
01:59:47 [[32minfo[39m] [AGENT-START] Agent npc_party starting {"agent":"npc_party","provider":null,"toolsConfigured":9,"maxIterations":200,"isSubAgent":true}
01:59:47 [[32minfo[39m]  Created AgentRuntime: npc_party {"profile":"fantasy_rpg","tools":["npc_service","entity_graph_service","... (9 items)"]}
01:59:47 [[32minfo[39m]  Agent initialized: inventory - InventoryAgent
01:59:47 [[32minfo[39m] [AGENT-START] Agent inventory starting {"agent":"inventory","provider":null,"toolsConfigured":8,"maxIterations":200,"isSubAgent":true}
01:59:47 [[32minfo[39m]  Created AgentRuntime: inventory {"profile":"fantasy_rpg","tools":["inventory_service","template_pool_service","... (8 items)"]}
01:59:47 [[32minfo[39m]  Agent initialized: skill - SkillAgent
01:59:47 [[32minfo[39m] [AGENT-START] Agent skill starting {"agent":"skill","provider":null,"toolsConfigured":7,"maxIterations":200,"isSubAgent":true}
01:59:47 [[32minfo[39m]  Created AgentRuntime: skill {"profile":"fantasy_rpg","tools":["skill_service","template_pool_service","... (7 items)"]}
01:59:47 [[32minfo[39m]  Agent initialized: event - EventAgent
01:59:47 [[32minfo[39m] [AGENT-START] Agent event starting {"agent":"event","provider":null,"toolsConfigured":5,"maxIterations":200,"isSubAgent":true}
01:59:47 [[32minfo[39m]  Created AgentRuntime: event {"profile":"fantasy_rpg","tools":["event_service","game_time_service","... (5 items)"]}
01:59:47 [[32minfo[39m]  Agent initialized: time - TimeAgent
01:59:47 [[32minfo[39m] [AGENT-START] Agent time starting {"agent":"time","provider":null,"toolsConfigured":4,"maxIterations":200,"isSubAgent":true}
01:59:47 [[32minfo[39m]  Created AgentRuntime: time {"profile":"fantasy_rpg","tools":["game_time_service","rule_service","... (4 items)"]}
01:59:47 [[32minfo[39m]  Permissions configured from agent.tools for profile: fantasy_rpg
01:59:47 [[32minfo[39m]  YAML permissions configured
01:59:47 [[32minfo[39m]  Registering AgentRuntime instances to GameMasterAgent...
01:59:47 [[32minfo[39m]  Registered AgentRuntime to Coordinator: gamemaster
01:59:47 [[32minfo[39m]  Registered AgentRuntime to Coordinator: map
01:59:47 [[32minfo[39m]  Registered AgentRuntime to Coordinator: challenge
01:59:47 [[32minfo[39m]  Registered AgentRuntime to Coordinator: output
01:59:47 [[32minfo[39m]  Registered AgentRuntime to Coordinator: quest
01:59:47 [[32minfo[39m]  Registered AgentRuntime to Coordinator: npc_party
01:59:47 [[32minfo[39m]  Registered AgentRuntime to Coordinator: inventory
01:59:47 [[32minfo[39m]  Registered AgentRuntime to Coordinator: skill
01:59:47 [[32minfo[39m]  Registered AgentRuntime to Coordinator: event
01:59:47 [[32minfo[39m]  Registered AgentRuntime to Coordinator: time
01:59:47 [[32minfo[39m]  GameDataExpander configured (manifest path enabled)
01:59:47 [[32minfo[39m]  DedupService configured (dispatch log persistence enabled)
01:59:47 [[32minfo[39m]  Agent system initialized: 10 AgentRuntime instances created
鉁?Agent system initialized with 10 agents
鈿狅笍 YAML Agent system skipped: __vi_import_5__.initializeYamlAgentSystem is not a function
01:59:47 [[32minfo[39m]  Agent routes initialized
01:59:47 [[32minfo[39m]  Save routes initialized
01:59:47 [[32minfo[39m]  Synced template from YAML to DB: cthulhu-investigation
01:59:47 [[32minfo[39m]  Synced template from YAML to DB: cyberpunk-mercenary
01:59:47 [[32minfo[39m]  Synced template from YAML to DB: medieval-fantasy
01:59:47 [[32minfo[39m]  Synced template from YAML to DB: modern-romance
01:59:47 [[32minfo[39m]  Synced template from YAML to DB: xianxia
01:59:47 [[32minfo[39m]  Synced 5 templates from YAML to database
01:59:47 [[32minfo[39m]  Cache refreshed with 5 templates
01:59:47 [[32minfo[39m]  TemplateService loaded {"cachedTemplates":5}
鉁?Template YAML loaded and synced to DB
01:59:47 [[32minfo[39m]  Template routes initialized
鉁?Test environment setup complete
鉁?Database connection closed

 [32m鉁?[39m src/services/__tests__/context-injector.test.ts [2m ([22m[2m14 tests[22m[2m)[22m[33m 1812[2mms[22m[39m
[90mstdout[2m | src/agents/__tests__/agent-runtime-push.test.ts[2m > [22m[2mAgentRuntime: 缁熶竴闈㈡澘鍙樻洿鎺ㄩ€佹満鍒?[2m > [22m[2mbuildUnifiedResponse 涓嶅啀鍐欏叆 GameResponse.panelUpdates 瀛楁[2m > [22m[2mflushData 鍚?panelUpdates 鏃讹紝response.data 涓嶅簲鍖呭惈 panelUpdates 閿?[22m[39m
01:59:47 [[32minfo[39m]  Agent initialized: gamemaster - gamemaster
01:59:47 [[32minfo[39m] [AGENT-START] Agent gamemaster starting {"agent":"gamemaster","toolsConfigured":0,"maxIterations":4,"isSubAgent":false}

[90mstdout[2m | src/agents/__tests__/agent-runtime-push.test.ts[2m > [22m[2mAgentRuntime: 缁熶竴闈㈡澘鍙樻洿鎺ㄩ€佹満鍒?[2m > [22m[2mbuildUnifiedResponse 涓嶅啀鍐欏叆 GameResponse.panelUpdates 瀛楁[2m > [22m[2mflushData.panelUpdates 涓虹┖瀵硅薄鏃朵篃涓嶅啓鍏?panelUpdates 瀛楁[22m[39m
01:59:47 [[32minfo[39m]  Agent initialized: gamemaster - gamemaster
01:59:47 [[32minfo[39m] [AGENT-START] Agent gamemaster starting {"agent":"gamemaster","toolsConfigured":0,"maxIterations":4,"isSubAgent":false}

[90mstdout[2m | src/agents/__tests__/agent-runtime-push.test.ts[2m > [22m[2mAgentRuntime: 缁熶竴闈㈡澘鍙樻洿鎺ㄩ€佹満鍒?[2m > [22m[2mbuildUnifiedResponse 涓嶅啀鍐欏叆 GameResponse.panelUpdates 瀛楁[2m > [22m[2mextraData 閫忎紶鐨?panelUpdates 涔熷簲琚?sanitizeAllOutputsPublic 澶勭悊鍚庝笉鍐欏叆椤跺眰[22m[39m
01:59:47 [[32minfo[39m]  Agent initialized: gamemaster - gamemaster
01:59:47 [[32minfo[39m] [AGENT-START] Agent gamemaster starting {"agent":"gamemaster","toolsConfigured":0,"maxIterations":4,"isSubAgent":false}

[90mstdout[2m | src/agents/__tests__/agent-runtime-push.test.ts[2m > [22m[2mAgentRuntime: 缁熶竴闈㈡澘鍙樻洿鎺ㄩ€佹満鍒?[2m > [22m[2mbuildGameMasterFinalResponse 鍦?ReAct flush 鍚庤皟 pushPanelUpdates[2m > [22m[2mflushData.panelUpdates 闈炵┖鏃惰皟 pushPanelUpdates锛宻ource=react_flush锛宼riggeredOps 鏉ヨ嚜 writeOperations[22m[39m
01:59:47 [[32minfo[39m]  Agent initialized: gamemaster - gamemaster
01:59:47 [[32minfo[39m] [AGENT-START] Agent gamemaster starting {"agent":"gamemaster","toolsConfigured":0,"maxIterations":4,"isSubAgent":false}

[90mstdout[2m | src/agents/__tests__/agent-runtime-push.test.ts[2m > [22m[2mAgentRuntime: 缁熶竴闈㈡澘鍙樻洿鎺ㄩ€佹満鍒?[2m > [22m[2mbuildGameMasterFinalResponse 鍦?ReAct flush 鍚庤皟 pushPanelUpdates[2m > [22m[2mflushData.panelUpdates 涓虹┖瀵硅薄鏃朵笉璋?pushPanelUpdates[22m[39m
01:59:47 [[32minfo[39m]  Agent initialized: gamemaster - gamemaster
01:59:47 [[32minfo[39m] [AGENT-START] Agent gamemaster starting {"agent":"gamemaster","toolsConfigured":0,"maxIterations":4,"isSubAgent":false}

[90mstdout[2m | src/agents/__tests__/agent-runtime-push.test.ts[2m > [22m[2mAgentRuntime: 缁熶竴闈㈡澘鍙樻洿鎺ㄩ€佹満鍒?[2m > [22m[2mbuildGameMasterFinalResponse 鍦?ReAct flush 鍚庤皟 pushPanelUpdates[2m > [22m[2mtriggeredOps 浠呭彇 toolType 涓?method 涓ゅ瓧娈碉紝涓嶅惈 timestamp[22m[39m
01:59:47 [[32minfo[39m]  Agent initialized: gamemaster - gamemaster
01:59:47 [[32minfo[39m] [AGENT-START] Agent gamemaster starting {"agent":"gamemaster","toolsConfigured":0,"maxIterations":4,"isSubAgent":false}

[90mstdout[2m | src/agents/__tests__/agent-runtime-push.test.ts[2m > [22m[2mAgentRuntime: 缁熶竴闈㈡澘鍙樻洿鎺ㄩ€佹満鍒?[2m > [22m[2mbuildGameMasterFinalResponse 鍦?ReAct flush 鍚庤皟 pushPanelUpdates[2m > [22m[2mwriteOperations 涓虹┖鏁扮粍鏃讹紝triggeredOps 涓虹┖鏁扮粍浣嗕粛璋?pushPanelUpdates锛坧anelUpdates 闈炵┖鏃讹級[22m[39m
01:59:47 [[32minfo[39m]  Agent initialized: gamemaster - gamemaster
01:59:47 [[32minfo[39m] [AGENT-START] Agent gamemaster starting {"agent":"gamemaster","toolsConfigured":0,"maxIterations":4,"isSubAgent":false}

[90mstdout[2m | src/agents/__tests__/agent-runtime-push.test.ts[22m[39m
01:59:47 [[32minfo[39m]  Help registry loaded: 22 tools {"tools":["batch_query_service","challenge_service","... (22 items)"]}
01:59:47 [[32minfo[39m]  Creating GameMasterAgent (as AgentRuntime with isSubAgent=false)
01:59:47 [[32minfo[39m]  Handler subscribed {"eventType":"dialogue"}
01:59:47 [[32minfo[39m]  Handler subscribed {"eventType":"combat_end"}
01:59:47 [[32minfo[39m]  AwarenessAutoSubscriber subscribed to dialogue + combat_end events
01:59:47 [[32minfo[39m]  Agent initialized: gamemaster - GameMasterAgent
01:59:47 [[32minfo[39m] [AGENT-START] Agent gamemaster starting {"agent":"gamemaster","provider":null,"toolsConfigured":1,"maxIterations":200,"isSubAgent":false}
01:59:47 [[32minfo[39m]  Handler subscribed {"eventType":"chapter_advanced"}
01:59:47 [[32minfo[39m]  Creating AgentRuntime instances from default profile: fantasy_rpg
01:59:47 [[32minfo[39m]  Creating agents from profile: fantasy_rpg {"agentCount":10}
01:59:47 [[32minfo[39m]  Agent initialized: gamemaster - GameMasterAgent
01:59:47 [[32minfo[39m] [AGENT-START] Agent gamemaster starting {"agent":"gamemaster","provider":null,"toolsConfigured":1,"maxIterations":200,"isSubAgent":false}
01:59:47 [[32minfo[39m]  Created AgentRuntime: gamemaster {"profile":"fantasy_rpg","tools":["all"]}
01:59:47 [[32minfo[39m]  Agent initialized: map - MapAgent
01:59:47 [[32minfo[39m] [AGENT-START] Agent map starting {"agent":"map","provider":null,"toolsConfigured":7,"maxIterations":200,"isSubAgent":true}
01:59:47 [[32minfo[39m]  Created AgentRuntime: map {"profile":"fantasy_rpg","tools":["map_service","npc_service","... (7 items)"]}
01:59:47 [[32minfo[39m]  Agent initialized: challenge - ChallengeAgent
01:59:47 [[32minfo[39m] [AGENT-START] Agent challenge starting {"agent":"challenge","provider":null,"toolsConfigured":9,"maxIterations":200,"isSubAgent":true}
01:59:47 [[32minfo[39m]  Created AgentRuntime: challenge {"profile":"fantasy_rpg","tools":["challenge_service","numerical_service","... (9 items)"]}
01:59:47 [[32minfo[39m]  Agent initialized: output - OutputAgent
01:59:47 [[32minfo[39m] [AGENT-START] Agent output starting {"agent":"output","provider":null,"toolsConfigured":5,"maxIterations":200,"isSubAgent":true}
01:59:47 [[32minfo[39m]  Created AgentRuntime: output {"profile":"fantasy_rpg","tools":["dialogue_service","dynamic_ui","... (5 items)"]}
01:59:47 [[32minfo[39m]  Agent initialized: quest - QuestAgent
01:59:47 [[32minfo[39m] [AGENT-START] Agent quest starting {"agent":"quest","provider":null,"toolsConfigured":11,"maxIterations":200,"isSubAgent":true}
01:59:47 [[32minfo[39m]  Created AgentRuntime: quest {"profile":"fantasy_rpg","tools":["quest_service","numerical_service","... (11 items)"]}
01:59:47 [[32minfo[39m]  Agent initialized: npc_party - NPCPartyAgent
01:59:47 [[32minfo[39m] [AGENT-START] Agent npc_party starting {"agent":"npc_party","provider":null,"toolsConfigured":9,"maxIterations":200,"isSubAgent":true}
01:59:47 [[32minfo[39m]  Created AgentRuntime: npc_party {"profile":"fantasy_rpg","tools":["npc_service","entity_graph_service","... (9 items)"]}
01:59:47 [[32minfo[39m]  Agent initialized: inventory - InventoryAgent
01:59:47 [[32minfo[39m] [AGENT-START] Agent inventory starting {"agent":"inventory","provider":null,"toolsConfigured":8,"maxIterations":200,"isSubAgent":true}
01:59:47 [[32minfo[39m]  Created AgentRuntime: inventory {"profile":"fantasy_rpg","tools":["inventory_service","template_pool_service","... (8 items)"]}
01:59:47 [[32minfo[39m]  Agent initialized: skill - SkillAgent
01:59:47 [[32minfo[39m] [AGENT-START] Agent skill starting {"agent":"skill","provider":null,"toolsConfigured":7,"maxIterations":200,"isSubAgent":true}
01:59:47 [[32minfo[39m]  Created AgentRuntime: skill {"profile":"fantasy_rpg","tools":["skill_service","template_pool_service","... (7 items)"]}
01:59:47 [[32minfo[39m]  Agent initialized: event - EventAgent
01:59:47 [[32minfo[39m] [AGENT-START] Agent event starting {"agent":"event","provider":null,"toolsConfigured":5,"maxIterations":200,"isSubAgent":true}
01:59:47 [[32minfo[39m]  Created AgentRuntime: event {"profile":"fantasy_rpg","tools":["event_service","game_time_service","... (5 items)"]}
01:59:47 [[32minfo[39m]  Agent initialized: time - TimeAgent
01:59:47 [[32minfo[39m] [AGENT-START] Agent time starting {"agent":"time","provider":null,"toolsConfigured":4,"maxIterations":200,"isSubAgent":true}
01:59:47 [[32minfo[39m]  Created AgentRuntime: time {"profile":"fantasy_rpg","tools":["game_time_service","rule_service","... (4 items)"]}
01:59:47 [[32minfo[39m]  Permissions configured from agent.tools for profile: fantasy_rpg
01:59:47 [[32minfo[39m]  YAML permissions configured
01:59:47 [[32minfo[39m]  Registering AgentRuntime instances to GameMasterAgent...
01:59:47 [[32minfo[39m]  Registered AgentRuntime to Coordinator: gamemaster
01:59:47 [[32minfo[39m]  Registered AgentRuntime to Coordinator: map
01:59:47 [[32minfo[39m]  Registered AgentRuntime to Coordinator: challenge
01:59:47 [[32minfo[39m]  Registered AgentRuntime to Coordinator: output
01:59:47 [[32minfo[39m]  Registered AgentRuntime to Coordinator: quest
01:59:47 [[32minfo[39m]  Registered AgentRuntime to Coordinator: npc_party
01:59:47 [[32minfo[39m]  Registered AgentRuntime to Coordinator: inventory
01:59:47 [[32minfo[39m]  Registered AgentRuntime to Coordinator: skill
01:59:47 [[32minfo[39m]  Registered AgentRuntime to Coordinator: event
01:59:47 [[32minfo[39m]  Registered AgentRuntime to Coordinator: time
01:59:47 [[32minfo[39m]  GameDataExpander configured (manifest path enabled)
01:59:47 [[32minfo[39m]  DedupService configured (dispatch log persistence enabled)
01:59:47 [[32minfo[39m]  Agent system initialized: 10 AgentRuntime instances created
鉁?Agent system initialized with 10 agents
鈿狅笍 YAML Agent system skipped: __vi_import_5__.initializeYamlAgentSystem is not a function
01:59:47 [[32minfo[39m]  Agent routes initialized
01:59:47 [[32minfo[39m]  Save routes initialized
01:59:47 [[32minfo[39m]  Synced template from YAML to DB: cthulhu-investigation
01:59:47 [[32minfo[39m]  Synced template from YAML to DB: cyberpunk-mercenary
01:59:47 [[32minfo[39m]  Synced template from YAML to DB: medieval-fantasy
01:59:47 [[32minfo[39m]  Synced template from YAML to DB: modern-romance
01:59:47 [[32minfo[39m]  Synced template from YAML to DB: xianxia
01:59:47 [[32minfo[39m]  Synced 5 templates from YAML to database
01:59:47 [[32minfo[39m]  Cache refreshed with 5 templates
01:59:47 [[32minfo[39m]  TemplateService loaded {"cachedTemplates":5}
鉁?Template YAML loaded and synced to DB
01:59:47 [[32minfo[39m]  Template routes initialized
鉁?Test environment setup complete
鉁?Database connection closed

 [32m鉁?[39m src/agents/__tests__/agent-runtime-push.test.ts [2m ([22m[2m7 tests[22m[2m)[22m[33m 1456[2mms[22m[39m
[90mstdout[2m | src/agents/__tests__/react-agent-runtime-snapshot.test.ts[22m[39m
Migration 001_init.ts completed successfully
Running migration: 002_add_equipped_index.ts

[90mstdout[2m | src/agents/__tests__/react-agent-runtime-snapshot.test.ts[22m[39m
Migration 002_add_equipped_index.ts completed successfully
Running migration: 003_fix_information_boundaries_timestamps.ts

[90mstdout[2m | src/services/__tests__/skill-registry.test.ts[22m[39m
01:59:47 [[32minfo[39m]  Help registry loaded: 22 tools {"tools":["batch_query_service","challenge_service","... (22 items)"]}
01:59:47 [[32minfo[39m]  Creating GameMasterAgent (as AgentRuntime with isSubAgent=false)
01:59:47 [[32minfo[39m]  Handler subscribed {"eventType":"dialogue"}
01:59:47 [[32minfo[39m]  Handler subscribed {"eventType":"combat_end"}
01:59:47 [[32minfo[39m]  AwarenessAutoSubscriber subscribed to dialogue + combat_end events
01:59:47 [[32minfo[39m]  Agent initialized: gamemaster - GameMasterAgent
01:59:47 [[32minfo[39m] [AGENT-START] Agent gamemaster starting {"agent":"gamemaster","provider":null,"toolsConfigured":1,"maxIterations":200,"isSubAgent":false}
01:59:47 [[32minfo[39m]  Handler subscribed {"eventType":"chapter_advanced"}
01:59:47 [[32minfo[39m]  Creating AgentRuntime instances from default profile: fantasy_rpg
01:59:47 [[32minfo[39m]  Creating agents from profile: fantasy_rpg {"agentCount":10}
01:59:47 [[32minfo[39m]  Agent initialized: gamemaster - GameMasterAgent
01:59:47 [[32minfo[39m] [AGENT-START] Agent gamemaster starting {"agent":"gamemaster","provider":null,"toolsConfigured":1,"maxIterations":200,"isSubAgent":false}
01:59:47 [[32minfo[39m]  Created AgentRuntime: gamemaster {"profile":"fantasy_rpg","tools":["all"]}
01:59:47 [[32minfo[39m]  Agent initialized: map - MapAgent
01:59:47 [[32minfo[39m] [AGENT-START] Agent map starting {"agent":"map","provider":null,"toolsConfigured":7,"maxIterations":200,"isSubAgent":true}
01:59:47 [[32minfo[39m]  Created AgentRuntime: map {"profile":"fantasy_rpg","tools":["map_service","npc_service","... (7 items)"]}
01:59:47 [[32minfo[39m]  Agent initialized: challenge - ChallengeAgent
01:59:47 [[32minfo[39m] [AGENT-START] Agent challenge starting {"agent":"challenge","provider":null,"toolsConfigured":9,"maxIterations":200,"isSubAgent":true}
01:59:47 [[32minfo[39m]  Created AgentRuntime: challenge {"profile":"fantasy_rpg","tools":["challenge_service","numerical_service","... (9 items)"]}
01:59:47 [[32minfo[39m]  Agent initialized: output - OutputAgent
01:59:47 [[32minfo[39m] [AGENT-START] Agent output starting {"agent":"output","provider":null,"toolsConfigured":5,"maxIterations":200,"isSubAgent":true}
01:59:47 [[32minfo[39m]  Created AgentRuntime: output {"profile":"fantasy_rpg","tools":["dialogue_service","dynamic_ui","... (5 items)"]}
01:59:47 [[32minfo[39m]  Agent initialized: quest - QuestAgent
01:59:47 [[32minfo[39m] [AGENT-START] Agent quest starting {"agent":"quest","provider":null,"toolsConfigured":11,"maxIterations":200,"isSubAgent":true}
01:59:47 [[32minfo[39m]  Created AgentRuntime: quest {"profile":"fantasy_rpg","tools":["quest_service","numerical_service","... (11 items)"]}
01:59:47 [[32minfo[39m]  Agent initialized: npc_party - NPCPartyAgent
01:59:47 [[32minfo[39m] [AGENT-START] Agent npc_party starting {"agent":"npc_party","provider":null,"toolsConfigured":9,"maxIterations":200,"isSubAgent":true}
01:59:47 [[32minfo[39m]  Created AgentRuntime: npc_party {"profile":"fantasy_rpg","tools":["npc_service","entity_graph_service","... (9 items)"]}
01:59:47 [[32minfo[39m]  Agent initialized: inventory - InventoryAgent
01:59:47 [[32minfo[39m] [AGENT-START] Agent inventory starting {"agent":"inventory","provider":null,"toolsConfigured":8,"maxIterations":200,"isSubAgent":true}
01:59:47 [[32minfo[39m]  Created AgentRuntime: inventory {"profile":"fantasy_rpg","tools":["inventory_service","template_pool_service","... (8 items)"]}
01:59:47 [[32minfo[39m]  Agent initialized: skill - SkillAgent
01:59:47 [[32minfo[39m] [AGENT-START] Agent skill starting {"agent":"skill","provider":null,"toolsConfigured":7,"maxIterations":200,"isSubAgent":true}
01:59:47 [[32minfo[39m]  Created AgentRuntime: skill {"profile":"fantasy_rpg","tools":["skill_service","template_pool_service","... (7 items)"]}
01:59:47 [[32minfo[39m]  Agent initialized: event - EventAgent
01:59:47 [[32minfo[39m] [AGENT-START] Agent event starting {"agent":"event","provider":null,"toolsConfigured":5,"maxIterations":200,"isSubAgent":true}
01:59:47 [[32minfo[39m]  Created AgentRuntime: event {"profile":"fantasy_rpg","tools":["event_service","game_time_service","... (5 items)"]}
01:59:47 [[32minfo[39m]  Agent initialized: time - TimeAgent
01:59:47 [[32minfo[39m] [AGENT-START] Agent time starting {"agent":"time","provider":null,"toolsConfigured":4,"maxIterations":200,"isSubAgent":true}
01:59:47 [[32minfo[39m]  Created AgentRuntime: time {"profile":"fantasy_rpg","tools":["game_time_service","rule_service","... (4 items)"]}
01:59:47 [[32minfo[39m]  Permissions configured from agent.tools for profile: fantasy_rpg
01:59:47 [[32minfo[39m]  YAML permissions configured
01:59:47 [[32minfo[39m]  Registering AgentRuntime instances to GameMasterAgent...
01:59:47 [[32minfo[39m]  Registered AgentRuntime to Coordinator: gamemaster
01:59:47 [[32minfo[39m]  Registered AgentRuntime to Coordinator: map
01:59:47 [[32minfo[39m]  Registered AgentRuntime to Coordinator: challenge
01:59:47 [[32minfo[39m]  Registered AgentRuntime to Coordinator: output
01:59:47 [[32minfo[39m]  Registered AgentRuntime to Coordinator: quest
01:59:47 [[32minfo[39m]  Registered AgentRuntime to Coordinator: npc_party
01:59:47 [[32minfo[39m]  Registered AgentRuntime to Coordinator: inventory
01:59:47 [[32minfo[39m]  Registered AgentRuntime to Coordinator: skill
01:59:47 [[32minfo[39m]  Registered AgentRuntime to Coordinator: event
01:59:47 [[32minfo[39m]  Registered AgentRuntime to Coordinator: time
01:59:47 [[32minfo[39m]  GameDataExpander configured (manifest path enabled)
01:59:47 [[32minfo[39m]  DedupService configured (dispatch log persistence enabled)
01:59:47 [[32minfo[39m]  Agent system initialized: 10 AgentRuntime instances created
鉁?Agent system initialized with 10 agents
鈿狅笍 YAML Agent system skipped: __vi_import_5__.initializeYamlAgentSystem is not a function
01:59:47 [[32minfo[39m]  Agent routes initialized
01:59:47 [[32minfo[39m]  Save routes initialized
01:59:47 [[32minfo[39m]  Synced template from YAML to DB: cthulhu-investigation
01:59:47 [[32minfo[39m]  Synced template from YAML to DB: cyberpunk-mercenary
01:59:48 [[32minfo[39m]  Synced template from YAML to DB: medieval-fantasy
01:59:48 [[32minfo[39m]  Synced template from YAML to DB: modern-romance
01:59:48 [[32minfo[39m]  Synced template from YAML to DB: xianxia
01:59:48 [[32minfo[39m]  Synced 5 templates from YAML to database
01:59:48 [[32minfo[39m]  Cache refreshed with 5 templates
01:59:48 [[32minfo[39m]  TemplateService loaded {"cachedTemplates":5}
鉁?Template YAML loaded and synced to DB
01:59:48 [[32minfo[39m]  Template routes initialized
鉁?Test environment setup complete

[90mstdout[2m | src/services/__tests__/skill-registry.test.ts[2m > [22m[2mSkillRegistry[2m > [22m[2mfile discovery and loading[2m > [22m[2mdiscovers skill files in nested directories[22m[39m
01:59:48 [[32minfo[39m]  Discovered 2 skill files {"dir":"C:\\Users\\super\\AppData\\Local\\Temp\\skill-registry-test-o7PpoD"}

[90mstdout[2m | src/services/__tests__/skill-registry.test.ts[2m > [22m[2mSkillRegistry[2m > [22m[2mfile discovery and loading[2m > [22m[2mdiscovers skill files in nested directories[22m[39m
01:59:48 [[32minfo[39m]  Skill registry loaded: 2 skills {"agents":["challenge","gamemaster"]}

[90mstdout[2m | src/services/__tests__/skill-registry.test.ts[2m > [22m[2mSkillRegistry[2m > [22m[2mfile discovery and loading[2m > [22m[2mignores non-markdown files[22m[39m
01:59:48 [[32minfo[39m]  Discovered 1 skill files {"dir":"C:\\Users\\super\\AppData\\Local\\Temp\\skill-registry-test-7NqyNY"}
01:59:48 [[32minfo[39m]  Skill registry loaded: 1 skills {"agents":["*"]}

[90mstdout[2m | src/services/__tests__/skill-registry.test.ts[2m > [22m[2mSkillRegistry[2m > [22m[2mfile discovery and loading[2m > [22m[2mhandles empty directory gracefully[22m[39m
01:59:48 [[32minfo[39m]  Discovered 0 skill files {"dir":"C:\\Users\\super\\AppData\\Local\\Temp\\skill-registry-test-6WXx5q"}
01:59:48 [[32minfo[39m]  Skill registry loaded: 0 skills {"agents":[]}

[90mstdout[2m | src/services/__tests__/skill-registry.test.ts[2m > [22m[2mSkillRegistry[2m > [22m[2mfile discovery and loading[2m > [22m[2mhandles non-existent directory gracefully[22m[39m
01:59:48 [[32minfo[39m]  Discovered 0 skill files {"dir":"C:\\Users\\super\\AppData\\Local\\Temp\\skill-registry-test-CZCR71\\nonexistent"}
01:59:48 [[32minfo[39m]  Skill registry loaded: 0 skills {"agents":[]}

[90mstdout[2m | src/services/__tests__/skill-registry.test.ts[2m > [22m[2mSkillRegistry[2m > [22m[2mfile discovery and loading[2m > [22m[2mskips files without frontmatter[22m[39m
01:59:48 [[32minfo[39m]  Discovered 2 skill files {"dir":"C:\\Users\\super\\AppData\\Local\\Temp\\skill-registry-test-bpkOVP"}

[90mstdout[2m | src/services/__tests__/skill-registry.test.ts[2m > [22m[2mSkillRegistry[2m > [22m[2mfile discovery and loading[2m > [22m[2mskips files without frontmatter[22m[39m
01:59:48 [[33mwarn[39m]  Skill file has no frontmatter: C:\Users\super\AppData\Local\Temp\skill-registry-test-bpkOVP\no-frontmatter.md
01:59:48 [[32minfo[39m]  Skill registry loaded: 1 skills {"agents":["*"]}

[90mstdout[2m | src/services/__tests__/skill-registry.test.ts[2m > [22m[2mSkillRegistry[2m > [22m[2mfile discovery and loading[2m > [22m[2mskips files with invalid frontmatter[22m[39m
01:59:48 [[32minfo[39m]  Discovered 1 skill files {"dir":"C:\\Users\\super\\AppData\\Local\\Temp\\skill-registry-test-VoI2O6"}
01:59:48 [[31merror[39m]  Failed to load skill file: C:\Users\super\AppData\Local\Temp\skill-registry-test-VoI2O6\bad-skill.md {"error":"Invalid skill file C:\\Users\\super\\AppData\\Local\\Temp\\skill-registry-test-VoI2O6\\bad-skill.md: description is required, targetAgent is required and must be non-empty array, whenToUse is required, completionCriteria is required"}
01:59:48 [[32minfo[39m]  Skill registry loaded: 0 skills {"agents":[]}

[90mstdout[2m | src/services/__tests__/skill-registry.test.ts[2m > [22m[2mSkillRegistry[2m > [22m[2mfile discovery and loading[2m > [22m[2mloads only once (idempotent)[22m[39m
01:59:48 [[32minfo[39m]  Discovered 1 skill files {"dir":"C:\\Users\\super\\AppData\\Local\\Temp\\skill-registry-test-5zLang"}

[90mstdout[2m | src/services/__tests__/skill-registry.test.ts[2m > [22m[2mSkillRegistry[2m > [22m[2mfile discovery and loading[2m > [22m[2mloads only once (idempotent)[22m[39m
01:59:48 [[32minfo[39m]  Skill registry loaded: 1 skills {"agents":["*"]}

[90mstdout[2m | src/services/__tests__/skill-registry.test.ts[2m > [22m[2mSkillRegistry[2m > [22m[2mfrontmatter parsing[2m > [22m[2mparses all fields correctly[22m[39m
01:59:48 [[32minfo[39m]  Discovered 1 skill files {"dir":"C:\\Users\\super\\AppData\\Local\\Temp\\skill-registry-test-RlCj2d"}
01:59:48 [[32minfo[39m]  Skill registry loaded: 1 skills {"agents":["challenge","gamemaster"]}

[90mstdout[2m | src/services/__tests__/skill-registry.test.ts[2m > [22m[2mSkillRegistry[2m > [22m[2mfrontmatter parsing[2m > [22m[2mdefaults version to 1.0[22m[39m
01:59:48 [[32minfo[39m]  Discovered 1 skill files {"dir":"C:\\Users\\super\\AppData\\Local\\Temp\\skill-registry-test-GRMIqk"}

[90mstdout[2m | src/services/__tests__/skill-registry.test.ts[2m > [22m[2mSkillRegistry[2m > [22m[2mfrontmatter parsing[2m > [22m[2mdefaults version to 1.0[22m[39m
01:59:48 [[32minfo[39m]  Skill registry loaded: 1 skills {"agents":["*"]}

[90mstdout[2m | src/services/__tests__/skill-registry.test.ts[2m > [22m[2mSkillRegistry[2m > [22m[2mfrontmatter parsing[2m > [22m[2mdefaults enabled to true[22m[39m
01:59:48 [[32minfo[39m]  Discovered 1 skill files {"dir":"C:\\Users\\super\\AppData\\Local\\Temp\\skill-registry-test-134QIT"}
01:59:48 [[32minfo[39m]  Skill registry loaded: 1 skills {"agents":["*"]}

[90mstdout[2m | src/services/__tests__/skill-registry.test.ts[2m > [22m[2mSkillRegistry[2m > [22m[2mfrontmatter parsing[2m > [22m[2mdefaults recommendedTools and relatedRules to empty arrays[22m[39m
01:59:48 [[32minfo[39m]  Discovered 1 skill files {"dir":"C:\\Users\\super\\AppData\\Local\\Temp\\skill-registry-test-iMLXCg"}

[90mstdout[2m | src/services/__tests__/skill-registry.test.ts[2m > [22m[2mSkillRegistry[2m > [22m[2mfrontmatter parsing[2m > [22m[2mdefaults recommendedTools and relatedRules to empty arrays[22m[39m
01:59:48 [[32minfo[39m]  Skill registry loaded: 1 skills {"agents":["*"]}

[90mstdout[2m | src/services/__tests__/skill-registry.test.ts[2m > [22m[2mSkillRegistry[2m > [22m[2mgetSkillListForAgent[2m > [22m[2mreturns skills for matching agent[22m[39m
01:59:48 [[32minfo[39m]  Discovered 2 skill files {"dir":"C:\\Users\\super\\AppData\\Local\\Temp\\skill-registry-test-eAqv8v"}

[90mstdout[2m | src/services/__tests__/skill-registry.test.ts[2m > [22m[2mSkillRegistry[2m > [22m[2mgetSkillListForAgent[2m > [22m[2mreturns skills for matching agent[22m[39m
01:59:48 [[32minfo[39m]  Skill registry loaded: 2 skills {"agents":["challenge","gamemaster"]}

[90mstdout[2m | src/services/__tests__/skill-registry.test.ts[2m > [22m[2mSkillRegistry[2m > [22m[2mgetSkillListForAgent[2m > [22m[2mincludes wildcard skills for any agent[22m[39m
01:59:48 [[32minfo[39m]  Discovered 1 skill files {"dir":"C:\\Users\\super\\AppData\\Local\\Temp\\skill-registry-test-r9252o"}

[90mstdout[2m | src/services/__tests__/skill-registry.test.ts[2m > [22m[2mSkillRegistry[2m > [22m[2mgetSkillListForAgent[2m > [22m[2mincludes wildcard skills for any agent[22m[39m
01:59:48 [[32minfo[39m]  Skill registry loaded: 1 skills {"agents":["*"]}

[90mstdout[2m | src/services/__tests__/skill-registry.test.ts[2m > [22m[2mSkillRegistry[2m > [22m[2mgetSkillListForAgent[2m > [22m[2mexcludes disabled skills[22m[39m
01:59:48 [[32minfo[39m]  Discovered 1 skill files {"dir":"C:\\Users\\super\\AppData\\Local\\Temp\\skill-registry-test-mdJl3u"}

[90mstdout[2m | src/services/__tests__/skill-registry.test.ts[2m > [22m[2mSkillRegistry[2m > [22m[2mgetSkillListForAgent[2m > [22m[2mexcludes disabled skills[22m[39m
01:59:48 [[32minfo[39m]  Skill registry loaded: 1 skills {"agents":["*"]}

[90mstdout[2m | src/services/__tests__/skill-registry.test.ts[2m > [22m[2mSkillRegistry[2m > [22m[2mgetSkillListForAgent[2m > [22m[2mdeduplicates skills by name[22m[39m
01:59:48 [[32minfo[39m]  Discovered 1 skill files {"dir":"C:\\Users\\super\\AppData\\Local\\Temp\\skill-registry-test-sasKL6"}
01:59:48 [[32minfo[39m]  Skill registry loaded: 1 skills {"agents":["gamemaster","*"]}

[90mstdout[2m | src/services/__tests__/skill-registry.test.ts[2m > [22m[2mSkillRegistry[2m > [22m[2mgetSkillListForAgent[2m > [22m[2mreturns SkillSummary with correct fields[22m[39m
01:59:48 [[32minfo[39m]  Discovered 1 skill files {"dir":"C:\\Users\\super\\AppData\\Local\\Temp\\skill-registry-test-WKqzSD"}

[90mstdout[2m | src/services/__tests__/skill-registry.test.ts[2m > [22m[2mSkillRegistry[2m > [22m[2mgetSkillListForAgent[2m > [22m[2mreturns SkillSummary with correct fields[22m[39m
01:59:48 [[32minfo[39m]  Skill registry loaded: 1 skills {"agents":["*"]}

[90mstdout[2m | src/game-systems/shared/entity-resolver/__tests__/EntityResolverBase.test.ts[22m[39m
01:59:47 [[32minfo[39m]  Help registry loaded: 22 tools {"tools":["batch_query_service","challenge_service","... (22 items)"]}
01:59:47 [[32minfo[39m]  Creating GameMasterAgent (as AgentRuntime with isSubAgent=false)
01:59:47 [[32minfo[39m]  Handler subscribed {"eventType":"dialogue"}
01:59:47 [[32minfo[39m]  Handler subscribed {"eventType":"combat_end"}
01:59:47 [[32minfo[39m]  AwarenessAutoSubscriber subscribed to dialogue + combat_end events
01:59:47 [[32minfo[39m]  Agent initialized: gamemaster - GameMasterAgent
01:59:47 [[32minfo[39m] [AGENT-START] Agent gamemaster starting {"agent":"gamemaster","provider":null,"toolsConfigured":1,"maxIterations":200,"isSubAgent":false}
01:59:47 [[32minfo[39m]  Handler subscribed {"eventType":"chapter_advanced"}
01:59:47 [[32minfo[39m]  Creating AgentRuntime instances from default profile: fantasy_rpg
01:59:47 [[32minfo[39m]  Creating agents from profile: fantasy_rpg {"agentCount":10}
01:59:47 [[32minfo[39m]  Agent initialized: gamemaster - GameMasterAgent
01:59:47 [[32minfo[39m] [AGENT-START] Agent gamemaster starting {"agent":"gamemaster","provider":null,"toolsConfigured":1,"maxIterations":200,"isSubAgent":false}
01:59:47 [[32minfo[39m]  Created AgentRuntime: gamemaster {"profile":"fantasy_rpg","tools":["all"]}
01:59:47 [[32minfo[39m]  Agent initialized: map - MapAgent
01:59:47 [[32minfo[39m] [AGENT-START] Agent map starting {"agent":"map","provider":null,"toolsConfigured":7,"maxIterations":200,"isSubAgent":true}
01:59:47 [[32minfo[39m]  Created AgentRuntime: map {"profile":"fantasy_rpg","tools":["map_service","npc_service","... (7 items)"]}
01:59:47 [[32minfo[39m]  Agent initialized: challenge - ChallengeAgent
01:59:47 [[32minfo[39m] [AGENT-START] Agent challenge starting {"agent":"challenge","provider":null,"toolsConfigured":9,"maxIterations":200,"isSubAgent":true}
01:59:47 [[32minfo[39m]  Created AgentRuntime: challenge {"profile":"fantasy_rpg","tools":["challenge_service","numerical_service","... (9 items)"]}
01:59:47 [[32minfo[39m]  Agent initialized: output - OutputAgent
01:59:47 [[32minfo[39m] [AGENT-START] Agent output starting {"agent":"output","provider":null,"toolsConfigured":5,"maxIterations":200,"isSubAgent":true}
01:59:47 [[32minfo[39m]  Created AgentRuntime: output {"profile":"fantasy_rpg","tools":["dialogue_service","dynamic_ui","... (5 items)"]}
01:59:47 [[32minfo[39m]  Agent initialized: quest - QuestAgent
01:59:47 [[32minfo[39m] [AGENT-START] Agent quest starting {"agent":"quest","provider":null,"toolsConfigured":11,"maxIterations":200,"isSubAgent":true}
01:59:47 [[32minfo[39m]  Created AgentRuntime: quest {"profile":"fantasy_rpg","tools":["quest_service","numerical_service","... (11 items)"]}
01:59:47 [[32minfo[39m]  Agent initialized: npc_party - NPCPartyAgent
01:59:47 [[32minfo[39m] [AGENT-START] Agent npc_party starting {"agent":"npc_party","provider":null,"toolsConfigured":9,"maxIterations":200,"isSubAgent":true}
01:59:47 [[32minfo[39m]  Created AgentRuntime: npc_party {"profile":"fantasy_rpg","tools":["npc_service","entity_graph_service","... (9 items)"]}
01:59:47 [[32minfo[39m]  Agent initialized: inventory - InventoryAgent
01:59:47 [[32minfo[39m] [AGENT-START] Agent inventory starting {"agent":"inventory","provider":null,"toolsConfigured":8,"maxIterations":200,"isSubAgent":true}
01:59:47 [[32minfo[39m]  Created AgentRuntime: inventory {"profile":"fantasy_rpg","tools":["inventory_service","template_pool_service","... (8 items)"]}
01:59:47 [[32minfo[39m]  Agent initialized: skill - SkillAgent
01:59:47 [[32minfo[39m] [AGENT-START] Agent skill starting {"agent":"skill","provider":null,"toolsConfigured":7,"maxIterations":200,"isSubAgent":true}
01:59:47 [[32minfo[39m]  Created AgentRuntime: skill {"profile":"fantasy_rpg","tools":["skill_service","template_pool_service","... (7 items)"]}
01:59:47 [[32minfo[39m]  Agent initialized: event - EventAgent
01:59:47 [[32minfo[39m] [AGENT-START] Agent event starting {"agent":"event","provider":null,"toolsConfigured":5,"maxIterations":200,"isSubAgent":true}
01:59:47 [[32minfo[39m]  Created AgentRuntime: event {"profile":"fantasy_rpg","tools":["event_service","game_time_service","... (5 items)"]}
01:59:47 [[32minfo[39m]  Agent initialized: time - TimeAgent
01:59:47 [[32minfo[39m] [AGENT-START] Agent time starting {"agent":"time","provider":null,"toolsConfigured":4,"maxIterations":200,"isSubAgent":true}
01:59:47 [[32minfo[39m]  Created AgentRuntime: time {"profile":"fantasy_rpg","tools":["game_time_service","rule_service","... (4 items)"]}
01:59:47 [[32minfo[39m]  Permissions configured from agent.tools for profile: fantasy_rpg
01:59:47 [[32minfo[39m]  YAML permissions configured
01:59:47 [[32minfo[39m]  Registering AgentRuntime instances to GameMasterAgent...
01:59:47 [[32minfo[39m]  Registered AgentRuntime to Coordinator: gamemaster
01:59:47 [[32minfo[39m]  Registered AgentRuntime to Coordinator: map
01:59:47 [[32minfo[39m]  Registered AgentRuntime to Coordinator: challenge
01:59:47 [[32minfo[39m]  Registered AgentRuntime to Coordinator: output
01:59:47 [[32minfo[39m]  Registered AgentRuntime to Coordinator: quest
01:59:47 [[32minfo[39m]  Registered AgentRuntime to Coordinator: npc_party
01:59:47 [[32minfo[39m]  Registered AgentRuntime to Coordinator: inventory
01:59:47 [[32minfo[39m]  Registered AgentRuntime to Coordinator: skill
01:59:47 [[32minfo[39m]  Registered AgentRuntime to Coordinator: event
01:59:47 [[32minfo[39m]  Registered AgentRuntime to Coordinator: time
01:59:47 [[32minfo[39m]  GameDataExpander configured (manifest path enabled)
01:59:47 [[32minfo[39m]  DedupService configured (dispatch log persistence enabled)
01:59:47 [[32minfo[39m]  Agent system initialized: 10 AgentRuntime instances created
鉁?Agent system initialized with 10 agents
鈿狅笍 YAML Agent system skipped: __vi_import_5__.initializeYamlAgentSystem is not a function
01:59:47 [[32minfo[39m]  Agent routes initialized
01:59:47 [[32minfo[39m]  Save routes initialized
01:59:47 [[32minfo[39m]  Synced template from YAML to DB: cthulhu-investigation
01:59:47 [[32minfo[39m]  Synced template from YAML to DB: cyberpunk-mercenary
01:59:47 [[32minfo[39m]  Synced template from YAML to DB: medieval-fantasy
01:59:48 [[32minfo[39m]  Synced template from YAML to DB: modern-romance
01:59:48 [[32minfo[39m]  Synced template from YAML to DB: xianxia
01:59:48 [[32minfo[39m]  Synced 5 templates from YAML to database
01:59:48 [[32minfo[39m]  Cache refreshed with 5 templates
01:59:48 [[32minfo[39m]  TemplateService loaded {"cachedTemplates":5}
鉁?Template YAML loaded and synced to DB
01:59:48 [[32minfo[39m]  Template routes initialized
鉁?Test environment setup complete
鉁?Database connection closed

 [32m鉁?[39m src/game-systems/shared/entity-resolver/__tests__/EntityResolverBase.test.ts [2m ([22m[2m22 tests[22m[2m)[22m[33m 1504[2mms[22m[39m
[90mstdout[2m | src/services/__tests__/ws-init-panel-push.test.ts[22m[39m
馃И Setting up comprehensive test environment...
鉁?Database connected
Running migration: 001_init.ts

[90mstdout[2m | src/agents/__tests__/react-agent-runtime-snapshot.test.ts[22m[39m
Migration 003_fix_information_boundaries_timestamps.ts completed successfully
Running migration: 004_drop_information_boundaries.ts

[90mstdout[2m | src/services/__tests__/skill-registry.test.ts[2m > [22m[2mSkillRegistry[2m > [22m[2mgetSkillsByIntent[2m > [22m[2mreturns skills whose trigger matches intentHint[22m[39m
01:59:48 [[32minfo[39m]  Discovered 2 skill files {"dir":"C:\\Users\\super\\AppData\\Local\\Temp\\skill-registry-test-EWoHep"}

[90mstdout[2m | src/services/__tests__/skill-registry.test.ts[2m > [22m[2mSkillRegistry[2m > [22m[2mgetSkillsByIntent[2m > [22m[2mreturns skills whose trigger matches intentHint[22m[39m
01:59:48 [[32minfo[39m]  Skill registry loaded: 2 skills {"agents":["gamemaster"]}

[90mstdout[2m | src/services/__tests__/skill-registry.test.ts[2m > [22m[2mSkillRegistry[2m > [22m[2mgetSkillsByIntent[2m > [22m[2mreturns skills with empty trigger (always available)[22m[39m
01:59:48 [[32minfo[39m]  Discovered 2 skill files {"dir":"C:\\Users\\super\\AppData\\Local\\Temp\\skill-registry-test-P3JQoN"}

[90mstdout[2m | src/agents/__tests__/react-agent-runtime-snapshot.test.ts[22m[39m
004_drop_information_boundaries: information_boundaries table not found, skipping migration
004_drop_information_boundaries: cleared custom_data.knowledge from 0 NPCs
Migration 004_drop_information_boundaries.ts completed successfully
Running migration: 005_drop_npc_relations.ts

[90mstdout[2m | src/services/__tests__/skill-registry.test.ts[2m > [22m[2mSkillRegistry[2m > [22m[2mgetSkillsByIntent[2m > [22m[2mreturns skills with empty trigger (always available)[22m[39m
01:59:48 [[32minfo[39m]  Skill registry loaded: 2 skills {"agents":["gamemaster"]}

[90mstdout[2m | src/agents/__tests__/react-agent-runtime-snapshot.test.ts[22m[39m
005_drop_npc_relations: dropped npc_relations table
Migration 005_drop_npc_relations.ts completed successfully
Running migration: 006_awareness_relationship_events_states.ts

[90mstdout[2m | src/agents/__tests__/react-agent-runtime-snapshot.test.ts[22m[39m
006: created entity_awareness_events table
006: created entity_awareness_states table
006: created entity_relationship_events table
006: created entity_relationship_states table
Migration 006_awareness_relationship_events_states.ts completed successfully
Running migration: 007_add_combat_mode.ts

[90mstdout[2m | src/services/__tests__/skill-registry.test.ts[2m > [22m[2mSkillRegistry[2m > [22m[2mgetSkillsByIntent[2m > [22m[2mreturns skills with wildcard trigger[22m[39m
01:59:48 [[32minfo[39m]  Discovered 1 skill files {"dir":"C:\\Users\\super\\AppData\\Local\\Temp\\skill-registry-test-GspsJr"}

[90mstdout[2m | src/services/__tests__/skill-registry.test.ts[2m > [22m[2mSkillRegistry[2m > [22m[2mgetSkillsByIntent[2m > [22m[2mreturns skills with wildcard trigger[22m[39m
01:59:48 [[32minfo[39m]  Skill registry loaded: 1 skills {"agents":["gamemaster"]}

[90mstdout[2m | src/services/__tests__/skill-registry.test.ts[2m > [22m[2mSkillRegistry[2m > [22m[2mloadSkillContent[2m > [22m[2mlazy loads skill content on first access[22m[39m
01:59:48 [[32minfo[39m]  Discovered 1 skill files {"dir":"C:\\Users\\super\\AppData\\Local\\Temp\\skill-registry-test-ZqgrX0"}

[90mstdout[2m | src/services/__tests__/skill-registry.test.ts[2m > [22m[2mSkillRegistry[2m > [22m[2mloadSkillContent[2m > [22m[2mlazy loads skill content on first access[22m[39m
01:59:48 [[32minfo[39m]  Skill registry loaded: 1 skills {"agents":["*"]}

[90mstdout[2m | src/services/__tests__/skill-registry.test.ts[2m > [22m[2mSkillRegistry[2m > [22m[2mloadSkillContent[2m > [22m[2mreturns cached content on subsequent access[22m[39m
01:59:48 [[32minfo[39m]  Discovered 1 skill files {"dir":"C:\\Users\\super\\AppData\\Local\\Temp\\skill-registry-test-8doLLM"}

[90mstdout[2m | src/services/__tests__/skill-registry.test.ts[2m > [22m[2mSkillRegistry[2m > [22m[2mloadSkillContent[2m > [22m[2mreturns cached content on subsequent access[22m[39m
01:59:48 [[32minfo[39m]  Skill registry loaded: 1 skills {"agents":["*"]}

[90mstdout[2m | src/services/__tests__/skill-registry.test.ts[2m > [22m[2mSkillRegistry[2m > [22m[2mloadSkillContent[2m > [22m[2mreturns null for unknown skill[22m[39m
01:59:48 [[32minfo[39m]  Discovered 0 skill files {"dir":"C:\\Users\\super\\AppData\\Local\\Temp\\skill-registry-test-lzvj8P"}
01:59:48 [[32minfo[39m]  Skill registry loaded: 0 skills {"agents":[]}

[90mstdout[2m | src/services/__tests__/skill-registry.test.ts[2m > [22m[2mSkillRegistry[2m > [22m[2mloadSkillContent[2m > [22m[2mreturns null for disabled skill[22m[39m
01:59:48 [[32minfo[39m]  Discovered 1 skill files {"dir":"C:\\Users\\super\\AppData\\Local\\Temp\\skill-registry-test-pg269D"}

[90mstdout[2m | src/services/__tests__/skill-registry.test.ts[2m > [22m[2mSkillRegistry[2m > [22m[2mloadSkillContent[2m > [22m[2mreturns null for disabled skill[22m[39m
01:59:48 [[32minfo[39m]  Skill registry loaded: 1 skills {"agents":["*"]}

[90mstdout[2m | src/services/__tests__/skill-registry.test.ts[2m > [22m[2mSkillRegistry[2m > [22m[2mformatSkillListForPrompt[2m > [22m[2mformats skills as XML[22m[39m
01:59:48 [[32minfo[39m]  Discovered 1 skill files {"dir":"C:\\Users\\super\\AppData\\Local\\Temp\\skill-registry-test-KCKxnk"}

[90mstdout[2m | src/services/__tests__/skill-registry.test.ts[2m > [22m[2mSkillRegistry[2m > [22m[2mformatSkillListForPrompt[2m > [22m[2mformats skills as XML[22m[39m
01:59:48 [[32minfo[39m]  Skill registry loaded: 1 skills {"agents":["*"]}

[90mstdout[2m | src/services/__tests__/skill-registry.test.ts[2m > [22m[2mSkillRegistry[2m > [22m[2mreloadSkill[2m > [22m[2mreloads a specific skill from disk[22m[39m
01:59:48 [[32minfo[39m]  Discovered 1 skill files {"dir":"C:\\Users\\super\\AppData\\Local\\Temp\\skill-registry-test-ufuUe8"}
01:59:48 [[32minfo[39m]  Skill registry loaded: 1 skills {"agents":["*"]}

[90mstdout[2m | src/services/__tests__/skill-registry.test.ts[2m > [22m[2mSkillRegistry[2m > [22m[2mreloadSkill[2m > [22m[2mdoes nothing for unknown skill name[22m[39m
01:59:48 [[32minfo[39m]  Discovered 0 skill files {"dir":"C:\\Users\\super\\AppData\\Local\\Temp\\skill-registry-test-4K3ugm"}
01:59:48 [[32minfo[39m]  Skill registry loaded: 0 skills {"agents":[]}

[90mstdout[2m | src/services/__tests__/skill-registry.test.ts[2m > [22m[2mSkillRegistry[2m > [22m[2mreloadAll[2m > [22m[2mreloads all skills from scratch[22m[39m
01:59:48 [[32minfo[39m]  Discovered 1 skill files {"dir":"C:\\Users\\super\\AppData\\Local\\Temp\\skill-registry-test-ueyfCJ"}

[90mstdout[2m | src/services/__tests__/skill-registry.test.ts[2m > [22m[2mSkillRegistry[2m > [22m[2mreloadAll[2m > [22m[2mreloads all skills from scratch[22m[39m
01:59:48 [[32minfo[39m]  Skill registry loaded: 1 skills {"agents":["*"]}

[90mstdout[2m | src/services/__tests__/skill-registry.test.ts[2m > [22m[2mSkillRegistry[2m > [22m[2mreloadAll[2m > [22m[2mreloads all skills from scratch[22m[39m
01:59:48 [[32minfo[39m]  Discovered 2 skill files {"dir":"C:\\Users\\super\\AppData\\Local\\Temp\\skill-registry-test-ueyfCJ"}

[90mstdout[2m | src/services/__tests__/skill-registry.test.ts[2m > [22m[2mSkillRegistry[2m > [22m[2mreloadAll[2m > [22m[2mreloads all skills from scratch[22m[39m
01:59:48 [[32minfo[39m]  Skill registry loaded: 2 skills {"agents":["*"]}

[90mstdout[2m | src/services/__tests__/skill-registry.test.ts[2m > [22m[2mSkillRegistry[2m > [22m[2mYAML multiline block scalar parsing[2m > [22m[2mparses pipe (|) block scalar preserving newlines[22m[39m
01:59:48 [[32minfo[39m]  Discovered 1 skill files {"dir":"C:\\Users\\super\\AppData\\Local\\Temp\\skill-registry-test-GAg6AD"}

[90mstdout[2m | src/services/__tests__/skill-registry.test.ts[2m > [22m[2mSkillRegistry[2m > [22m[2mYAML multiline block scalar parsing[2m > [22m[2mparses pipe (|) block scalar preserving newlines[22m[39m
01:59:48 [[32minfo[39m]  Skill registry loaded: 1 skills {"agents":["gamemaster"]}

[90mstdout[2m | src/services/__tests__/skill-registry.test.ts[2m > [22m[2mSkillRegistry[2m > [22m[2mYAML multiline block scalar parsing[2m > [22m[2mparses folded (>) block scalar collapsing newlines[22m[39m
01:59:48 [[32minfo[39m]  Discovered 1 skill files {"dir":"C:\\Users\\super\\AppData\\Local\\Temp\\skill-registry-test-K4UigR"}
01:59:48 [[32minfo[39m]  Skill registry loaded: 1 skills {"agents":["gamemaster"]}

[90mstdout[2m | src/services/__tests__/skill-registry.test.ts[22m[39m
鉁?Database connection closed

 [32m鉁?[39m src/services/__tests__/skill-registry.test.ts [2m ([22m[2m30 tests[22m[2m)[22m[33m 2133[2mms[22m[39m
[90mstdout[2m | src/game-systems/shared/__tests__/dedup-helper.test.ts[22m[39m
馃И Setting up comprehensive test environment...
鉁?Database connected
Running migration: 001_init.ts

[90mstdout[2m | src/services/__tests__/ws-init-panel-push.test.ts[22m[39m
Migration 001_init.ts completed successfully
Running migration: 002_add_equipped_index.ts

[90mstdout[2m | src/game-systems/shared/__tests__/dedup-helper.test.ts[22m[39m
Migration 001_init.ts completed successfully
Running migration: 002_add_equipped_index.ts

[90mstdout[2m | src/agents/__tests__/react-agent-runtime-snapshot.test.ts[22m[39m
007: added combat_states.mode column
Migration 007_add_combat_mode.ts completed successfully
Running migration: 008_add_saves_active_challenge_mode.ts
008: added saves.active_challenge_mode column
Migration 008_add_saves_active_challenge_mode.ts completed successfully
All migrations completed
鉁?Migrations completed
All seeds completed
鉁?Seeds completed
01:59:48 [[32minfo[39m]  Starting YAML-driven Agent system initialization
01:59:48 [[32minfo[39m]  Seeding ModelConfigService from environment
01:59:48 [[32minfo[39m]  No DEEPSEEK_API_KEY env var found, skipping env seed
01:59:48 [[32minfo[39m]  Seeded provider from convict config {"providerType":"openai","providerId":"56a4ed46-4f63-42e7-a731-59c84912f224","model":"openrouter/free"}
01:59:48 [[32minfo[39m]  Creating LLMService with ModelConfigService
01:59:48 [[32minfo[39m]  Creating ContextService and DecisionLogService instances
01:59:48 [[32minfo[39m]  Initializing YAML-driven Agent profiles...
01:59:48 [[32minfo[39m]  Loading config from directory: C:\Users\super\Documents\trae_projects\AGG-main\packages\backend\config
01:59:48 [[32minfo[39m]  Loaded agent profile: fantasy_rpg
01:59:48 [[32minfo[39m]  Loaded agent profile: minimal_test
01:59:48 [[32minfo[39m]  Loaded 0 non-builtin profiles from database (0 builtin skipped, using YAML)
01:59:48 [[32minfo[39m]  Config loaded successfully: 2 profiles
01:59:48 [[32minfo[39m]  YAML config loaded successfully
01:59:48 [[32minfo[39m]  Context rules loaded {"agentCount":10}
01:59:48 [[32minfo[39m]  Default manifests loaded {"agentTypeCount":6,"manifestCount":8}
01:59:48 [[32minfo[39m]  Context rules file watcher started {"path":"C:\\Users\\super\\Documents\\trae_projects\\AGG-main\\packages\\backend\\config\\agent-context-rules.yaml"}
01:59:48 [[32minfo[39m]  Loaded 10 agent capabilities from YAML profiles
01:59:48 [[32minfo[39m]  ToolRegistry initialized
01:59:48 [[32minfo[39m]  Registering ServiceTools to ToolRegistry
01:59:48 [[32minfo[39m]  Tool registered: game_time_service - GameTime Service (v1.0.0)
01:59:48 [[32minfo[39m]  Tool registered: numerical_service - Numerical Service (v1.0.0)
01:59:48 [[32minfo[39m]  Tool registered: character_service - Character Service (v1.0.0)
01:59:48 [[32minfo[39m]  Tool registered: inventory_service - Inventory Service (v1.0.0)
01:59:48 [[32minfo[39m]  Tool registered: skill_service - Skill Service (v1.1.0)
01:59:48 [[32minfo[39m]  Tool registered: map_service - Map Service (v2.0.0)
01:59:48 [[32minfo[39m]  Tool registered: npc_service - NPC Service (v1.0.0)
01:59:48 [[32minfo[39m]  Tool registered: dialogue_service - Dialogue Service (v1.0.0)
01:59:48 [[32minfo[39m]  Tool registered: quest_service - Quest Service (v1.0.0)
01:59:48 [[32minfo[39m]  Tool registered: challenge_service - Challenge Service (v1.0.0)
01:59:48 [[32minfo[39m]  Tool registered: event_service - Event Service (v1.0.0)
01:59:48 [[32minfo[39m]  Tool registered: story_service - Story Service (v1.0.0)
01:59:48 [[32minfo[39m]  Tool registered: game_init_service - Game Init Service (v2.0.0)
01:59:48 [[32minfo[39m]  Tool registered: batch_query_service - Batch Query Service (v1.0.0)
01:59:48 [[32minfo[39m]  Tool registered: entity_graph_service - Entity Graph Service (v1.0.0)
01:59:48 [[32minfo[39m]  Tool registered: template_pool_service - Template Pool Service (v1.0.0)
01:59:48 [[32minfo[39m]  Tool registered: dynamic_ui - Dynamic UI Service (v1.0.0)
01:59:48 [[32minfo[39m]  Tool registered: generate_options - Generate Options Service (v2.0.0)
01:59:48 [[32minfo[39m]  Tool registered: coordinator_service - Coordinator Service (v1.0.0)
01:59:48 [[32minfo[39m]  Tool registered: rule_service - Rule Service (v1.0.0)
01:59:48 [[32minfo[39m]  Tool registered: skill_loader - Skill Loader (v1.0.0)
01:59:48 [[32minfo[39m]  Tool registered: help_service - Help Service (v1.0.0)
01:59:48 [[32minfo[39m]  Tool registered: memory_service - Memory Service (v1.0.0)
01:59:48 [[32minfo[39m]  Registered 23 ServiceTools to ToolRegistry
01:59:48 [[32minfo[39m]  Tool reference validation passed

[90mstdout[2m | src/game-systems/shared/__tests__/dedup-helper.test.ts[22m[39m
Migration 002_add_equipped_index.ts completed successfully
Running migration: 003_fix_information_boundaries_timestamps.ts

[90mstdout[2m | src/game-systems/shared/__tests__/dedup-helper.test.ts[22m[39m
Migration 003_fix_information_boundaries_timestamps.ts completed successfully
Running migration: 004_drop_information_boundaries.ts

[90mstdout[2m | src/game-systems/shared/__tests__/dedup-helper.test.ts[22m[39m
004_drop_information_boundaries: information_boundaries table not found, skipping migration
004_drop_information_boundaries: cleared custom_data.knowledge from 0 NPCs
Migration 004_drop_information_boundaries.ts completed successfully
Running migration: 005_drop_npc_relations.ts

[90mstdout[2m | src/game-systems/shared/__tests__/dedup-helper.test.ts[22m[39m
005_drop_npc_relations: dropped npc_relations table
Migration 005_drop_npc_relations.ts completed successfully
Running migration: 006_awareness_relationship_events_states.ts

[90mstdout[2m | src/services/__tests__/ws-init-panel-push.test.ts[22m[39m
Migration 002_add_equipped_index.ts completed successfully
Running migration: 003_fix_information_boundaries_timestamps.ts

[90mstdout[2m | src/game-systems/shared/__tests__/dedup-helper.test.ts[22m[39m
006: created entity_awareness_events table
006: created entity_awareness_states table
006: created entity_relationship_events table
006: created entity_relationship_states table
Migration 006_awareness_relationship_events_states.ts completed successfully
Running migration: 007_add_combat_mode.ts

[90mstdout[2m | src/game-systems/shared/__tests__/dedup-helper.test.ts[22m[39m
007: added combat_states.mode column
Migration 007_add_combat_mode.ts completed successfully
Running migration: 008_add_saves_active_challenge_mode.ts

[90mstdout[2m | src/services/__tests__/ws-init-panel-push.test.ts[22m[39m
Migration 003_fix_information_boundaries_timestamps.ts completed successfully
Running migration: 004_drop_information_boundaries.ts
004_drop_information_boundaries: information_boundaries table not found, skipping migration
004_drop_information_boundaries: cleared custom_data.knowledge from 0 NPCs
Migration 004_drop_information_boundaries.ts completed successfully
Running migration: 005_drop_npc_relations.ts

[90mstdout[2m | src/services/__tests__/ws-init-panel-push.test.ts[22m[39m
005_drop_npc_relations: dropped npc_relations table
Migration 005_drop_npc_relations.ts completed successfully
Running migration: 006_awareness_relationship_events_states.ts
006: created entity_awareness_events table
006: created entity_awareness_states table
006: created entity_relationship_events table
006: created entity_relationship_states table
Migration 006_awareness_relationship_events_states.ts completed successfully
Running migration: 007_add_combat_mode.ts

[90mstdout[2m | src/game-systems/shared/__tests__/dedup-helper.test.ts[22m[39m
008: added saves.active_challenge_mode column
Migration 008_add_saves_active_challenge_mode.ts completed successfully
All migrations completed
鉁?Migrations completed
All seeds completed
鉁?Seeds completed
01:59:48 [[32minfo[39m]  Starting YAML-driven Agent system initialization
01:59:48 [[32minfo[39m]  Seeding ModelConfigService from environment
01:59:48 [[32minfo[39m]  No DEEPSEEK_API_KEY env var found, skipping env seed
01:59:48 [[32minfo[39m]  Seeded provider from convict config {"providerType":"openai","providerId":"6fa7fc21-2d7d-49c1-8b94-cc3c6abed6d3","model":"openrouter/free"}
01:59:48 [[32minfo[39m]  Creating LLMService with ModelConfigService
01:59:48 [[32minfo[39m]  Creating ContextService and DecisionLogService instances
01:59:48 [[32minfo[39m]  Initializing YAML-driven Agent profiles...
01:59:48 [[32minfo[39m]  Loading config from directory: C:\Users\super\Documents\trae_projects\AGG-main\packages\backend\config
01:59:48 [[32minfo[39m]  Loaded agent profile: fantasy_rpg
01:59:48 [[32minfo[39m]  Loaded agent profile: minimal_test
01:59:48 [[32minfo[39m]  Loaded 0 non-builtin profiles from database (0 builtin skipped, using YAML)
01:59:48 [[32minfo[39m]  Config loaded successfully: 2 profiles
01:59:48 [[32minfo[39m]  YAML config loaded successfully
01:59:48 [[32minfo[39m]  Context rules loaded {"agentCount":10}
01:59:48 [[32minfo[39m]  Default manifests loaded {"agentTypeCount":6,"manifestCount":8}
01:59:48 [[32minfo[39m]  Context rules file watcher started {"path":"C:\\Users\\super\\Documents\\trae_projects\\AGG-main\\packages\\backend\\config\\agent-context-rules.yaml"}
01:59:48 [[32minfo[39m]  Loaded 10 agent capabilities from YAML profiles
01:59:48 [[32minfo[39m]  ToolRegistry initialized
01:59:48 [[32minfo[39m]  Registering ServiceTools to ToolRegistry
01:59:48 [[32minfo[39m]  Tool registered: game_time_service - GameTime Service (v1.0.0)
01:59:48 [[32minfo[39m]  Tool registered: numerical_service - Numerical Service (v1.0.0)
01:59:48 [[32minfo[39m]  Tool registered: character_service - Character Service (v1.0.0)
01:59:48 [[32minfo[39m]  Tool registered: inventory_service - Inventory Service (v1.0.0)
01:59:48 [[32minfo[39m]  Tool registered: skill_service - Skill Service (v1.1.0)
01:59:48 [[32minfo[39m]  Tool registered: map_service - Map Service (v2.0.0)
01:59:48 [[32minfo[39m]  Tool registered: npc_service - NPC Service (v1.0.0)
01:59:48 [[32minfo[39m]  Tool registered: dialogue_service - Dialogue Service (v1.0.0)
01:59:48 [[32minfo[39m]  Tool registered: quest_service - Quest Service (v1.0.0)
01:59:48 [[32minfo[39m]  Tool registered: challenge_service - Challenge Service (v1.0.0)
01:59:48 [[32minfo[39m]  Tool registered: event_service - Event Service (v1.0.0)
01:59:48 [[32minfo[39m]  Tool registered: story_service - Story Service (v1.0.0)
01:59:48 [[32minfo[39m]  Tool registered: game_init_service - Game Init Service (v2.0.0)
01:59:48 [[32minfo[39m]  Tool registered: batch_query_service - Batch Query Service (v1.0.0)
01:59:48 [[32minfo[39m]  Tool registered: entity_graph_service - Entity Graph Service (v1.0.0)
01:59:48 [[32minfo[39m]  Tool registered: template_pool_service - Template Pool Service (v1.0.0)
01:59:48 [[32minfo[39m]  Tool registered: dynamic_ui - Dynamic UI Service (v1.0.0)
01:59:48 [[32minfo[39m]  Tool registered: generate_options - Generate Options Service (v2.0.0)
01:59:48 [[32minfo[39m]  Tool registered: coordinator_service - Coordinator Service (v1.0.0)
01:59:48 [[32minfo[39m]  Tool registered: rule_service - Rule Service (v1.0.0)
01:59:48 [[32minfo[39m]  Tool registered: skill_loader - Skill Loader (v1.0.0)
01:59:48 [[32minfo[39m]  Tool registered: help_service - Help Service (v1.0.0)
01:59:48 [[32minfo[39m]  Tool registered: memory_service - Memory Service (v1.0.0)
01:59:48 [[32minfo[39m]  Registered 23 ServiceTools to ToolRegistry
01:59:48 [[32minfo[39m]  Tool reference validation passed

[90mstdout[2m | src/game-systems/shared/__tests__/dedup-helper.test.ts[22m[39m
01:59:49 [[32minfo[39m]  Discovered 187 help files {"dir":"C:\\Users\\super\\Documents\\trae_projects\\AGG-main\\packages\\backend\\config\\agent-help"}

[90mstdout[2m | src/services/__tests__/ws-init-panel-push.test.ts[22m[39m
007: added combat_states.mode column
Migration 007_add_combat_mode.ts completed successfully
Running migration: 008_add_saves_active_challenge_mode.ts
008: added saves.active_challenge_mode column
Migration 008_add_saves_active_challenge_mode.ts completed successfully
All migrations completed
鉁?Migrations completed
All seeds completed
鉁?Seeds completed
01:59:48 [[32minfo[39m]  Starting YAML-driven Agent system initialization
01:59:48 [[32minfo[39m]  Seeding ModelConfigService from environment
01:59:48 [[32minfo[39m]  No DEEPSEEK_API_KEY env var found, skipping env seed
01:59:48 [[32minfo[39m]  Seeded provider from convict config {"providerType":"openai","providerId":"24e83a65-25d8-4524-b6ee-b073c830b593","model":"openrouter/free"}
01:59:48 [[32minfo[39m]  Creating LLMService with ModelConfigService
01:59:48 [[32minfo[39m]  Creating ContextService and DecisionLogService instances
01:59:48 [[32minfo[39m]  Initializing YAML-driven Agent profiles...
01:59:48 [[32minfo[39m]  Loading config from directory: C:\Users\super\Documents\trae_projects\AGG-main\packages\backend\config
01:59:48 [[32minfo[39m]  Loaded agent profile: fantasy_rpg
01:59:48 [[32minfo[39m]  Loaded agent profile: minimal_test
01:59:48 [[32minfo[39m]  Loaded 0 non-builtin profiles from database (0 builtin skipped, using YAML)
01:59:49 [[32minfo[39m]  Config loaded successfully: 2 profiles
01:59:49 [[32minfo[39m]  YAML config loaded successfully
01:59:49 [[32minfo[39m]  Context rules loaded {"agentCount":10}
01:59:49 [[32minfo[39m]  Default manifests loaded {"agentTypeCount":6,"manifestCount":8}
01:59:49 [[32minfo[39m]  Context rules file watcher started {"path":"C:\\Users\\super\\Documents\\trae_projects\\AGG-main\\packages\\backend\\config\\agent-context-rules.yaml"}
01:59:49 [[32minfo[39m]  Loaded 10 agent capabilities from YAML profiles
01:59:49 [[32minfo[39m]  ToolRegistry initialized
01:59:49 [[32minfo[39m]  Registering ServiceTools to ToolRegistry
01:59:49 [[32minfo[39m]  Tool registered: game_time_service - GameTime Service (v1.0.0)
01:59:49 [[32minfo[39m]  Tool registered: numerical_service - Numerical Service (v1.0.0)
01:59:49 [[32minfo[39m]  Tool registered: character_service - Character Service (v1.0.0)
01:59:49 [[32minfo[39m]  Tool registered: inventory_service - Inventory Service (v1.0.0)
01:59:49 [[32minfo[39m]  Tool registered: skill_service - Skill Service (v1.1.0)
01:59:49 [[32minfo[39m]  Tool registered: map_service - Map Service (v2.0.0)
01:59:49 [[32minfo[39m]  Tool registered: npc_service - NPC Service (v1.0.0)
01:59:49 [[32minfo[39m]  Tool registered: dialogue_service - Dialogue Service (v1.0.0)
01:59:49 [[32minfo[39m]  Tool registered: quest_service - Quest Service (v1.0.0)
01:59:49 [[32minfo[39m]  Tool registered: challenge_service - Challenge Service (v1.0.0)
01:59:49 [[32minfo[39m]  Tool registered: event_service - Event Service (v1.0.0)
01:59:49 [[32minfo[39m]  Tool registered: story_service - Story Service (v1.0.0)
01:59:49 [[32minfo[39m]  Tool registered: game_init_service - Game Init Service (v2.0.0)
01:59:49 [[32minfo[39m]  Tool registered: batch_query_service - Batch Query Service (v1.0.0)
01:59:49 [[32minfo[39m]  Tool registered: entity_graph_service - Entity Graph Service (v1.0.0)
01:59:49 [[32minfo[39m]  Tool registered: template_pool_service - Template Pool Service (v1.0.0)
01:59:49 [[32minfo[39m]  Tool registered: dynamic_ui - Dynamic UI Service (v1.0.0)
01:59:49 [[32minfo[39m]  Tool registered: generate_options - Generate Options Service (v2.0.0)
01:59:49 [[32minfo[39m]  Tool registered: coordinator_service - Coordinator Service (v1.0.0)
01:59:49 [[32minfo[39m]  Tool registered: rule_service - Rule Service (v1.0.0)
01:59:49 [[32minfo[39m]  Tool registered: skill_loader - Skill Loader (v1.0.0)
01:59:49 [[32minfo[39m]  Tool registered: help_service - Help Service (v1.0.0)
01:59:49 [[32minfo[39m]  Tool registered: memory_service - Memory Service (v1.0.0)
01:59:49 [[32minfo[39m]  Registered 23 ServiceTools to ToolRegistry
01:59:49 [[32minfo[39m]  Tool reference validation passed

[90mstdout[2m | src/agents/__tests__/react-agent-runtime-snapshot.test.ts[22m[39m
01:59:49 [[32minfo[39m]  Discovered 187 help files {"dir":"C:\\Users\\super\\Documents\\trae_projects\\AGG-main\\packages\\backend\\config\\agent-help"}

[90mstdout[2m | src/services/__tests__/ws-init-panel-push.test.ts[22m[39m
01:59:49 [[32minfo[39m]  Discovered 187 help files {"dir":"C:\\Users\\super\\Documents\\trae_projects\\AGG-main\\packages\\backend\\config\\agent-help"}

[90mstdout[2m | src/services/__tests__/staging-knex.location-connections-batch.test.ts[22m[39m
馃И Setting up comprehensive test environment...
鉁?Database connected
Running migration: 001_init.ts
Migration 001_init.ts completed successfully
Running migration: 002_add_equipped_index.ts

[90mstdout[2m | tests/agent-system/lifecycle.test.ts[22m[39m
馃И Setting up comprehensive test environment...
鉁?Database connected
Running migration: 001_init.ts
Migration 001_init.ts completed successfully
Running migration: 002_add_equipped_index.ts

[90mstdout[2m | tests/agent-system/lifecycle.test.ts[22m[39m
Migration 002_add_equipped_index.ts completed successfully
Running migration: 003_fix_information_boundaries_timestamps.ts
Migration 003_fix_information_boundaries_timestamps.ts completed successfully
Running migration: 004_drop_information_boundaries.ts
004_drop_information_boundaries: information_boundaries table not found, skipping migration
004_drop_information_boundaries: cleared custom_data.knowledge from 0 NPCs
Migration 004_drop_information_boundaries.ts completed successfully
Running migration: 005_drop_npc_relations.ts
005_drop_npc_relations: dropped npc_relations table
Migration 005_drop_npc_relations.ts completed successfully
Running migration: 006_awareness_relationship_events_states.ts

[90mstdout[2m | src/services/__tests__/staging-knex.location-connections-batch.test.ts[22m[39m
Migration 002_add_equipped_index.ts completed successfully
Running migration: 003_fix_information_boundaries_timestamps.ts

[90mstdout[2m | src/services/__tests__/staging-knex.location-connections-batch.test.ts[22m[39m
Migration 003_fix_information_boundaries_timestamps.ts completed successfully
Running migration: 004_drop_information_boundaries.ts

[90mstdout[2m | src/game-systems/shared/__tests__/dedup-helper.test.ts[22m[39m
01:59:49 [[32minfo[39m]  Help registry loaded: 22 tools {"tools":["batch_query_service","challenge_service","... (22 items)"]}
01:59:49 [[32minfo[39m]  Creating GameMasterAgent (as AgentRuntime with isSubAgent=false)
01:59:49 [[32minfo[39m]  Handler subscribed {"eventType":"dialogue"}
01:59:49 [[32minfo[39m]  Handler subscribed {"eventType":"combat_end"}
01:59:49 [[32minfo[39m]  AwarenessAutoSubscriber subscribed to dialogue + combat_end events
01:59:49 [[32minfo[39m]  Agent initialized: gamemaster - GameMasterAgent
01:59:49 [[32minfo[39m] [AGENT-START] Agent gamemaster starting {"agent":"gamemaster","provider":null,"toolsConfigured":1,"maxIterations":200,"isSubAgent":false}
01:59:49 [[32minfo[39m]  Handler subscribed {"eventType":"chapter_advanced"}
01:59:49 [[32minfo[39m]  Creating AgentRuntime instances from default profile: fantasy_rpg
01:59:49 [[32minfo[39m]  Creating agents from profile: fantasy_rpg {"agentCount":10}
01:59:49 [[32minfo[39m]  Agent initialized: gamemaster - GameMasterAgent
01:59:49 [[32minfo[39m] [AGENT-START] Agent gamemaster starting {"agent":"gamemaster","provider":null,"toolsConfigured":1,"maxIterations":200,"isSubAgent":false}
01:59:49 [[32minfo[39m]  Created AgentRuntime: gamemaster {"profile":"fantasy_rpg","tools":["all"]}
01:59:49 [[32minfo[39m]  Agent initialized: map - MapAgent
01:59:49 [[32minfo[39m] [AGENT-START] Agent map starting {"agent":"map","provider":null,"toolsConfigured":7,"maxIterations":200,"isSubAgent":true}
01:59:49 [[32minfo[39m]  Created AgentRuntime: map {"profile":"fantasy_rpg","tools":["map_service","npc_service","... (7 items)"]}
01:59:49 [[32minfo[39m]  Agent initialized: challenge - ChallengeAgent
01:59:49 [[32minfo[39m] [AGENT-START] Agent challenge starting {"agent":"challenge","provider":null,"toolsConfigured":9,"maxIterations":200,"isSubAgent":true}
01:59:49 [[32minfo[39m]  Created AgentRuntime: challenge {"profile":"fantasy_rpg","tools":["challenge_service","numerical_service","... (9 items)"]}
01:59:49 [[32minfo[39m]  Agent initialized: output - OutputAgent
01:59:49 [[32minfo[39m] [AGENT-START] Agent output starting {"agent":"output","provider":null,"toolsConfigured":5,"maxIterations":200,"isSubAgent":true}
01:59:49 [[32minfo[39m]  Created AgentRuntime: output {"profile":"fantasy_rpg","tools":["dialogue_service","dynamic_ui","... (5 items)"]}
01:59:49 [[32minfo[39m]  Agent initialized: quest - QuestAgent
01:59:49 [[32minfo[39m] [AGENT-START] Agent quest starting {"agent":"quest","provider":null,"toolsConfigured":11,"maxIterations":200,"isSubAgent":true}
01:59:49 [[32minfo[39m]  Created AgentRuntime: quest {"profile":"fantasy_rpg","tools":["quest_service","numerical_service","... (11 items)"]}
01:59:49 [[32minfo[39m]  Agent initialized: npc_party - NPCPartyAgent
01:59:49 [[32minfo[39m] [AGENT-START] Agent npc_party starting {"agent":"npc_party","provider":null,"toolsConfigured":9,"maxIterations":200,"isSubAgent":true}
01:59:49 [[32minfo[39m]  Created AgentRuntime: npc_party {"profile":"fantasy_rpg","tools":["npc_service","entity_graph_service","... (9 items)"]}
01:59:49 [[32minfo[39m]  Agent initialized: inventory - InventoryAgent
01:59:49 [[32minfo[39m] [AGENT-START] Agent inventory starting {"agent":"inventory","provider":null,"toolsConfigured":8,"maxIterations":200,"isSubAgent":true}
01:59:49 [[32minfo[39m]  Created AgentRuntime: inventory {"profile":"fantasy_rpg","tools":["inventory_service","template_pool_service","... (8 items)"]}
01:59:49 [[32minfo[39m]  Agent initialized: skill - SkillAgent
01:59:49 [[32minfo[39m] [AGENT-START] Agent skill starting {"agent":"skill","provider":null,"toolsConfigured":7,"maxIterations":200,"isSubAgent":true}
01:59:49 [[32minfo[39m]  Created AgentRuntime: skill {"profile":"fantasy_rpg","tools":["skill_service","template_pool_service","... (7 items)"]}
01:59:49 [[32minfo[39m]  Agent initialized: event - EventAgent
01:59:49 [[32minfo[39m] [AGENT-START] Agent event starting {"agent":"event","provider":null,"toolsConfigured":5,"maxIterations":200,"isSubAgent":true}
01:59:49 [[32minfo[39m]  Created AgentRuntime: event {"profile":"fantasy_rpg","tools":["event_service","game_time_service","... (5 items)"]}
01:59:49 [[32minfo[39m]  Agent initialized: time - TimeAgent
01:59:49 [[32minfo[39m] [AGENT-START] Agent time starting {"agent":"time","provider":null,"toolsConfigured":4,"maxIterations":200,"isSubAgent":true}
01:59:49 [[32minfo[39m]  Created AgentRuntime: time {"profile":"fantasy_rpg","tools":["game_time_service","rule_service","... (4 items)"]}
01:59:49 [[32minfo[39m]  Permissions configured from agent.tools for profile: fantasy_rpg
01:59:49 [[32minfo[39m]  YAML permissions configured
01:59:49 [[32minfo[39m]  Registering AgentRuntime instances to GameMasterAgent...
01:59:49 [[32minfo[39m]  Registered AgentRuntime to Coordinator: gamemaster
01:59:49 [[32minfo[39m]  Registered AgentRuntime to Coordinator: map
01:59:49 [[32minfo[39m]  Registered AgentRuntime to Coordinator: challenge
01:59:49 [[32minfo[39m]  Registered AgentRuntime to Coordinator: output
01:59:49 [[32minfo[39m]  Registered AgentRuntime to Coordinator: quest
01:59:49 [[32minfo[39m]  Registered AgentRuntime to Coordinator: npc_party
01:59:49 [[32minfo[39m]  Registered AgentRuntime to Coordinator: inventory
01:59:49 [[32minfo[39m]  Registered AgentRuntime to Coordinator: skill
01:59:49 [[32minfo[39m]  Registered AgentRuntime to Coordinator: event
01:59:49 [[32minfo[39m]  Registered AgentRuntime to Coordinator: time
01:59:49 [[32minfo[39m]  GameDataExpander configured (manifest path enabled)
01:59:49 [[32minfo[39m]  DedupService configured (dispatch log persistence enabled)
01:59:49 [[32minfo[39m]  Agent system initialized: 10 AgentRuntime instances created
鉁?Agent system initialized with 10 agents
鈿狅笍 YAML Agent system skipped: __vi_import_5__.initializeYamlAgentSystem is not a function
01:59:49 [[32minfo[39m]  Agent routes initialized
01:59:49 [[32minfo[39m]  Save routes initialized
01:59:49 [[32minfo[39m]  Synced template from YAML to DB: cthulhu-investigation
01:59:49 [[32minfo[39m]  Synced template from YAML to DB: cyberpunk-mercenary
01:59:49 [[32minfo[39m]  Synced template from YAML to DB: medieval-fantasy
01:59:49 [[32minfo[39m]  Synced template from YAML to DB: modern-romance
01:59:49 [[32minfo[39m]  Synced template from YAML to DB: xianxia
01:59:49 [[32minfo[39m]  Synced 5 templates from YAML to database
01:59:49 [[32minfo[39m]  Cache refreshed with 5 templates
01:59:49 [[32minfo[39m]  TemplateService loaded {"cachedTemplates":5}
鉁?Template YAML loaded and synced to DB
01:59:49 [[32minfo[39m]  Template routes initialized
鉁?Test environment setup complete
鉁?Database connection closed

 [32m鉁?[39m src/game-systems/shared/__tests__/dedup-helper.test.ts [2m ([22m[2m26 tests[22m[2m)[22m[33m 976[2mms[22m[39m
[90mstdout[2m | tests/agent-system/lifecycle.test.ts[22m[39m
006: created entity_awareness_events table
006: created entity_awareness_states table
006: created entity_relationship_events table
006: created entity_relationship_states table
Migration 006_awareness_relationship_events_states.ts completed successfully
Running migration: 007_add_combat_mode.ts
007: added combat_states.mode column
Migration 007_add_combat_mode.ts completed successfully
Running migration: 008_add_saves_active_challenge_mode.ts
008: added saves.active_challenge_mode column
Migration 008_add_saves_active_challenge_mode.ts completed successfully
All migrations completed
鉁?Migrations completed
All seeds completed
鉁?Seeds completed
01:59:49 [[32minfo[39m]  Starting YAML-driven Agent system initialization
01:59:49 [[32minfo[39m]  Seeding ModelConfigService from environment
01:59:49 [[32minfo[39m]  No DEEPSEEK_API_KEY env var found, skipping env seed
01:59:49 [[32minfo[39m]  Seeded provider from convict config {"providerType":"openai","providerId":"5f23448c-47dc-4128-8ccc-fa16f9550481","model":"openrouter/free"}
01:59:49 [[32minfo[39m]  Creating LLMService with ModelConfigService
01:59:49 [[32minfo[39m]  Creating ContextService and DecisionLogService instances
01:59:49 [[32minfo[39m]  Initializing YAML-driven Agent profiles...
01:59:49 [[32minfo[39m]  Loading config from directory: C:\Users\super\Documents\trae_projects\AGG-main\packages\backend\config
01:59:49 [[32minfo[39m]  Loaded agent profile: fantasy_rpg
01:59:49 [[32minfo[39m]  Loaded agent profile: minimal_test
01:59:49 [[32minfo[39m]  Loaded 0 non-builtin profiles from database (0 builtin skipped, using YAML)
01:59:49 [[32minfo[39m]  Config loaded successfully: 2 profiles
01:59:49 [[32minfo[39m]  YAML config loaded successfully
01:59:49 [[32minfo[39m]  Context rules loaded {"agentCount":10}
01:59:49 [[32minfo[39m]  Default manifests loaded {"agentTypeCount":6,"manifestCount":8}
01:59:49 [[32minfo[39m]  Context rules file watcher started {"path":"C:\\Users\\super\\Documents\\trae_projects\\AGG-main\\packages\\backend\\config\\agent-context-rules.yaml"}
01:59:49 [[32minfo[39m]  Loaded 10 agent capabilities from YAML profiles
01:59:49 [[32minfo[39m]  ToolRegistry initialized
01:59:49 [[32minfo[39m]  Registering ServiceTools to ToolRegistry
01:59:49 [[32minfo[39m]  Tool registered: game_time_service - GameTime Service (v1.0.0)
01:59:49 [[32minfo[39m]  Tool registered: numerical_service - Numerical Service (v1.0.0)
01:59:49 [[32minfo[39m]  Tool registered: character_service - Character Service (v1.0.0)
01:59:49 [[32minfo[39m]  Tool registered: inventory_service - Inventory Service (v1.0.0)
01:59:49 [[32minfo[39m]  Tool registered: skill_service - Skill Service (v1.1.0)
01:59:49 [[32minfo[39m]  Tool registered: map_service - Map Service (v2.0.0)
01:59:49 [[32minfo[39m]  Tool registered: npc_service - NPC Service (v1.0.0)
01:59:49 [[32minfo[39m]  Tool registered: dialogue_service - Dialogue Service (v1.0.0)
01:59:49 [[32minfo[39m]  Tool registered: quest_service - Quest Service (v1.0.0)
01:59:49 [[32minfo[39m]  Tool registered: challenge_service - Challenge Service (v1.0.0)
01:59:49 [[32minfo[39m]  Tool registered: event_service - Event Service (v1.0.0)
01:59:49 [[32minfo[39m]  Tool registered: story_service - Story Service (v1.0.0)
01:59:49 [[32minfo[39m]  Tool registered: game_init_service - Game Init Service (v2.0.0)
01:59:49 [[32minfo[39m]  Tool registered: batch_query_service - Batch Query Service (v1.0.0)
01:59:49 [[32minfo[39m]  Tool registered: entity_graph_service - Entity Graph Service (v1.0.0)
01:59:49 [[32minfo[39m]  Tool registered: template_pool_service - Template Pool Service (v1.0.0)
01:59:49 [[32minfo[39m]  Tool registered: dynamic_ui - Dynamic UI Service (v1.0.0)
01:59:49 [[32minfo[39m]  Tool registered: generate_options - Generate Options Service (v2.0.0)
01:59:49 [[32minfo[39m]  Tool registered: coordinator_service - Coordinator Service (v1.0.0)
01:59:49 [[32minfo[39m]  Tool registered: rule_service - Rule Service (v1.0.0)
01:59:49 [[32minfo[39m]  Tool registered: skill_loader - Skill Loader (v1.0.0)
01:59:49 [[32minfo[39m]  Tool registered: help_service - Help Service (v1.0.0)
01:59:49 [[32minfo[39m]  Tool registered: memory_service - Memory Service (v1.0.0)
01:59:49 [[32minfo[39m]  Registered 23 ServiceTools to ToolRegistry
01:59:49 [[32minfo[39m]  Tool reference validation passed

[90mstdout[2m | src/services/__tests__/staging-knex.location-connections-batch.test.ts[22m[39m
004_drop_information_boundaries: information_boundaries table not found, skipping migration
004_drop_information_boundaries: cleared custom_data.knowledge from 0 NPCs
Migration 004_drop_information_boundaries.ts completed successfully
Running migration: 005_drop_npc_relations.ts
005_drop_npc_relations: dropped npc_relations table
Migration 005_drop_npc_relations.ts completed successfully
Running migration: 006_awareness_relationship_events_states.ts
006: created entity_awareness_events table
006: created entity_awareness_states table
006: created entity_relationship_events table
006: created entity_relationship_states table
Migration 006_awareness_relationship_events_states.ts completed successfully
Running migration: 007_add_combat_mode.ts
007: added combat_states.mode column
Migration 007_add_combat_mode.ts completed successfully
Running migration: 008_add_saves_active_challenge_mode.ts
008: added saves.active_challenge_mode column
Migration 008_add_saves_active_challenge_mode.ts completed successfully
All migrations completed
鉁?Migrations completed
All seeds completed
鉁?Seeds completed
01:59:49 [[32minfo[39m]  Starting YAML-driven Agent system initialization
01:59:49 [[32minfo[39m]  Seeding ModelConfigService from environment
01:59:49 [[32minfo[39m]  No DEEPSEEK_API_KEY env var found, skipping env seed
01:59:49 [[32minfo[39m]  Seeded provider from convict config {"providerType":"openai","providerId":"6aa2f2bf-5556-4b60-bf9f-f83209805b6f","model":"openrouter/free"}
01:59:49 [[32minfo[39m]  Creating LLMService with ModelConfigService
01:59:49 [[32minfo[39m]  Creating ContextService and DecisionLogService instances
01:59:49 [[32minfo[39m]  Initializing YAML-driven Agent profiles...
01:59:49 [[32minfo[39m]  Loading config from directory: C:\Users\super\Documents\trae_projects\AGG-main\packages\backend\config
01:59:49 [[32minfo[39m]  Loaded agent profile: fantasy_rpg
01:59:49 [[32minfo[39m]  Loaded agent profile: minimal_test
01:59:49 [[32minfo[39m]  Loaded 0 non-builtin profiles from database (0 builtin skipped, using YAML)
01:59:49 [[32minfo[39m]  Config loaded successfully: 2 profiles
01:59:49 [[32minfo[39m]  YAML config loaded successfully
01:59:49 [[32minfo[39m]  Context rules loaded {"agentCount":10}
01:59:49 [[32minfo[39m]  Default manifests loaded {"agentTypeCount":6,"manifestCount":8}
01:59:49 [[32minfo[39m]  Context rules file watcher started {"path":"C:\\Users\\super\\Documents\\trae_projects\\AGG-main\\packages\\backend\\config\\agent-context-rules.yaml"}
01:59:49 [[32minfo[39m]  Loaded 10 agent capabilities from YAML profiles
01:59:49 [[32minfo[39m]  ToolRegistry initialized
01:59:49 [[32minfo[39m]  Registering ServiceTools to ToolRegistry
01:59:49 [[32minfo[39m]  Tool registered: game_time_service - GameTime Service (v1.0.0)
01:59:49 [[32minfo[39m]  Tool registered: numerical_service - Numerical Service (v1.0.0)
01:59:49 [[32minfo[39m]  Tool registered: character_service - Character Service (v1.0.0)
01:59:49 [[32minfo[39m]  Tool registered: inventory_service - Inventory Service (v1.0.0)
01:59:49 [[32minfo[39m]  Tool registered: skill_service - Skill Service (v1.1.0)
01:59:49 [[32minfo[39m]  Tool registered: map_service - Map Service (v2.0.0)
01:59:49 [[32minfo[39m]  Tool registered: npc_service - NPC Service (v1.0.0)
01:59:49 [[32minfo[39m]  Tool registered: dialogue_service - Dialogue Service (v1.0.0)
01:59:49 [[32minfo[39m]  Tool registered: quest_service - Quest Service (v1.0.0)
01:59:49 [[32minfo[39m]  Tool registered: challenge_service - Challenge Service (v1.0.0)
01:59:49 [[32minfo[39m]  Tool registered: event_service - Event Service (v1.0.0)
01:59:49 [[32minfo[39m]  Tool registered: story_service - Story Service (v1.0.0)
01:59:49 [[32minfo[39m]  Tool registered: game_init_service - Game Init Service (v2.0.0)
01:59:49 [[32minfo[39m]  Tool registered: batch_query_service - Batch Query Service (v1.0.0)
01:59:49 [[32minfo[39m]  Tool registered: entity_graph_service - Entity Graph Service (v1.0.0)
01:59:49 [[32minfo[39m]  Tool registered: template_pool_service - Template Pool Service (v1.0.0)
01:59:49 [[32minfo[39m]  Tool registered: dynamic_ui - Dynamic UI Service (v1.0.0)
01:59:49 [[32minfo[39m]  Tool registered: generate_options - Generate Options Service (v2.0.0)
01:59:49 [[32minfo[39m]  Tool registered: coordinator_service - Coordinator Service (v1.0.0)
01:59:49 [[32minfo[39m]  Tool registered: rule_service - Rule Service (v1.0.0)
01:59:49 [[32minfo[39m]  Tool registered: skill_loader - Skill Loader (v1.0.0)
01:59:49 [[32minfo[39m]  Tool registered: help_service - Help Service (v1.0.0)
01:59:49 [[32minfo[39m]  Tool registered: memory_service - Memory Service (v1.0.0)
01:59:49 [[32minfo[39m]  Registered 23 ServiceTools to ToolRegistry
01:59:49 [[32minfo[39m]  Tool reference validation passed

[90mstdout[2m | src/services/__tests__/staging-knex.location-connections-batch.test.ts[22m[39m
01:59:49 [[32minfo[39m]  Discovered 187 help files {"dir":"C:\\Users\\super\\Documents\\trae_projects\\AGG-main\\packages\\backend\\config\\agent-help"}

[90mstdout[2m | src/game-systems/condition/__tests__/condition-evaluator.test.ts[22m[39m
馃И Setting up comprehensive test environment...
鉁?Database connected
Running migration: 001_init.ts
Migration 001_init.ts completed successfully
Running migration: 002_add_equipped_index.ts

[90mstdout[2m | src/game-systems/condition/__tests__/condition-evaluator.test.ts[22m[39m
Migration 002_add_equipped_index.ts completed successfully
Running migration: 003_fix_information_boundaries_timestamps.ts
Migration 003_fix_information_boundaries_timestamps.ts completed successfully
Running migration: 004_drop_information_boundaries.ts
004_drop_information_boundaries: information_boundaries table not found, skipping migration
004_drop_information_boundaries: cleared custom_data.knowledge from 0 NPCs
Migration 004_drop_information_boundaries.ts completed successfully
Running migration: 005_drop_npc_relations.ts

[90mstdout[2m | src/game-systems/condition/__tests__/condition-evaluator.test.ts[22m[39m
005_drop_npc_relations: dropped npc_relations table
Migration 005_drop_npc_relations.ts completed successfully
Running migration: 006_awareness_relationship_events_states.ts
006: created entity_awareness_events table
006: created entity_awareness_states table
006: created entity_relationship_events table
006: created entity_relationship_states table
Migration 006_awareness_relationship_events_states.ts completed successfully
Running migration: 007_add_combat_mode.ts
007: added combat_states.mode column
Migration 007_add_combat_mode.ts completed successfully
Running migration: 008_add_saves_active_challenge_mode.ts

[90mstdout[2m | tests/agent-system/lifecycle.test.ts[22m[39m
01:59:49 [[32minfo[39m]  Discovered 187 help files {"dir":"C:\\Users\\super\\Documents\\trae_projects\\AGG-main\\packages\\backend\\config\\agent-help"}

[90mstdout[2m | src/services/__tests__/ws-init-panel-push.test.ts[22m[39m
01:59:49 [[32minfo[39m]  Help registry loaded: 22 tools {"tools":["batch_query_service","challenge_service","... (22 items)"]}
01:59:49 [[32minfo[39m]  Creating GameMasterAgent (as AgentRuntime with isSubAgent=false)
01:59:49 [[32minfo[39m]  Handler subscribed {"eventType":"dialogue"}
01:59:49 [[32minfo[39m]  Handler subscribed {"eventType":"combat_end"}
01:59:49 [[32minfo[39m]  AwarenessAutoSubscriber subscribed to dialogue + combat_end events
01:59:49 [[32minfo[39m]  Agent initialized: gamemaster - GameMasterAgent
01:59:49 [[32minfo[39m] [AGENT-START] Agent gamemaster starting {"agent":"gamemaster","provider":null,"toolsConfigured":1,"maxIterations":200,"isSubAgent":false}
01:59:49 [[32minfo[39m]  Handler subscribed {"eventType":"chapter_advanced"}
01:59:49 [[32minfo[39m]  Creating AgentRuntime instances from default profile: fantasy_rpg
01:59:49 [[32minfo[39m]  Creating agents from profile: fantasy_rpg {"agentCount":10}
01:59:49 [[32minfo[39m]  Agent initialized: gamemaster - GameMasterAgent
01:59:49 [[32minfo[39m] [AGENT-START] Agent gamemaster starting {"agent":"gamemaster","provider":null,"toolsConfigured":1,"maxIterations":200,"isSubAgent":false}
01:59:49 [[32minfo[39m]  Created AgentRuntime: gamemaster {"profile":"fantasy_rpg","tools":["all"]}
01:59:49 [[32minfo[39m]  Agent initialized: map - MapAgent
01:59:49 [[32minfo[39m] [AGENT-START] Agent map starting {"agent":"map","provider":null,"toolsConfigured":7,"maxIterations":200,"isSubAgent":true}
01:59:49 [[32minfo[39m]  Created AgentRuntime: map {"profile":"fantasy_rpg","tools":["map_service","npc_service","... (7 items)"]}
01:59:49 [[32minfo[39m]  Agent initialized: challenge - ChallengeAgent
01:59:49 [[32minfo[39m] [AGENT-START] Agent challenge starting {"agent":"challenge","provider":null,"toolsConfigured":9,"maxIterations":200,"isSubAgent":true}
01:59:49 [[32minfo[39m]  Created AgentRuntime: challenge {"profile":"fantasy_rpg","tools":["challenge_service","numerical_service","... (9 items)"]}
01:59:49 [[32minfo[39m]  Agent initialized: output - OutputAgent
01:59:49 [[32minfo[39m] [AGENT-START] Agent output starting {"agent":"output","provider":null,"toolsConfigured":5,"maxIterations":200,"isSubAgent":true}
01:59:49 [[32minfo[39m]  Created AgentRuntime: output {"profile":"fantasy_rpg","tools":["dialogue_service","dynamic_ui","... (5 items)"]}
01:59:49 [[32minfo[39m]  Agent initialized: quest - QuestAgent
01:59:49 [[32minfo[39m] [AGENT-START] Agent quest starting {"agent":"quest","provider":null,"toolsConfigured":11,"maxIterations":200,"isSubAgent":true}
01:59:49 [[32minfo[39m]  Created AgentRuntime: quest {"profile":"fantasy_rpg","tools":["quest_service","numerical_service","... (11 items)"]}
01:59:49 [[32minfo[39m]  Agent initialized: npc_party - NPCPartyAgent
01:59:49 [[32minfo[39m] [AGENT-START] Agent npc_party starting {"agent":"npc_party","provider":null,"toolsConfigured":9,"maxIterations":200,"isSubAgent":true}
01:59:49 [[32minfo[39m]  Created AgentRuntime: npc_party {"profile":"fantasy_rpg","tools":["npc_service","entity_graph_service","... (9 items)"]}
01:59:49 [[32minfo[39m]  Agent initialized: inventory - InventoryAgent
01:59:49 [[32minfo[39m] [AGENT-START] Agent inventory starting {"agent":"inventory","provider":null,"toolsConfigured":8,"maxIterations":200,"isSubAgent":true}
01:59:49 [[32minfo[39m]  Created AgentRuntime: inventory {"profile":"fantasy_rpg","tools":["inventory_service","template_pool_service","... (8 items)"]}
01:59:49 [[32minfo[39m]  Agent initialized: skill - SkillAgent
01:59:49 [[32minfo[39m] [AGENT-START] Agent skill starting {"agent":"skill","provider":null,"toolsConfigured":7,"maxIterations":200,"isSubAgent":true}
01:59:49 [[32minfo[39m]  Created AgentRuntime: skill {"profile":"fantasy_rpg","tools":["skill_service","template_pool_service","... (7 items)"]}
01:59:49 [[32minfo[39m]  Agent initialized: event - EventAgent
01:59:49 [[32minfo[39m] [AGENT-START] Agent event starting {"agent":"event","provider":null,"toolsConfigured":5,"maxIterations":200,"isSubAgent":true}
01:59:49 [[32minfo[39m]  Created AgentRuntime: event {"profile":"fantasy_rpg","tools":["event_service","game_time_service","... (5 items)"]}
01:59:49 [[32minfo[39m]  Agent initialized: time - TimeAgent
01:59:49 [[32minfo[39m] [AGENT-START] Agent time starting {"agent":"time","provider":null,"toolsConfigured":4,"maxIterations":200,"isSubAgent":true}
01:59:49 [[32minfo[39m]  Created AgentRuntime: time {"profile":"fantasy_rpg","tools":["game_time_service","rule_service","... (4 items)"]}
01:59:49 [[32minfo[39m]  Permissions configured from agent.tools for profile: fantasy_rpg
01:59:49 [[32minfo[39m]  YAML permissions configured
01:59:49 [[32minfo[39m]  Registering AgentRuntime instances to GameMasterAgent...
01:59:49 [[32minfo[39m]  Registered AgentRuntime to Coordinator: gamemaster
01:59:49 [[32minfo[39m]  Registered AgentRuntime to Coordinator: map
01:59:49 [[32minfo[39m]  Registered AgentRuntime to Coordinator: challenge
01:59:49 [[32minfo[39m]  Registered AgentRuntime to Coordinator: output
01:59:49 [[32minfo[39m]  Registered AgentRuntime to Coordinator: quest
01:59:49 [[32minfo[39m]  Registered AgentRuntime to Coordinator: npc_party
01:59:49 [[32minfo[39m]  Registered AgentRuntime to Coordinator: inventory
01:59:49 [[32minfo[39m]  Registered AgentRuntime to Coordinator: skill
01:59:49 [[32minfo[39m]  Registered AgentRuntime to Coordinator: event
01:59:49 [[32minfo[39m]  Registered AgentRuntime to Coordinator: time
01:59:49 [[32minfo[39m]  GameDataExpander configured (manifest path enabled)
01:59:49 [[32minfo[39m]  DedupService configured (dispatch log persistence enabled)
01:59:49 [[32minfo[39m]  Agent system initialized: 10 AgentRuntime instances created
鉁?Agent system initialized with 10 agents
鈿狅笍 YAML Agent system skipped: __vi_import_5__.initializeYamlAgentSystem is not a function
01:59:49 [[32minfo[39m]  Agent routes initialized
01:59:49 [[32minfo[39m]  Save routes initialized
01:59:49 [[32minfo[39m]  Synced template from YAML to DB: cthulhu-investigation
01:59:49 [[32minfo[39m]  Synced template from YAML to DB: cyberpunk-mercenary
01:59:49 [[32minfo[39m]  Synced template from YAML to DB: medieval-fantasy
01:59:49 [[32minfo[39m]  Synced template from YAML to DB: modern-romance
01:59:49 [[32minfo[39m]  Synced template from YAML to DB: xianxia
01:59:49 [[32minfo[39m]  Synced 5 templates from YAML to database
01:59:49 [[32minfo[39m]  Cache refreshed with 5 templates
01:59:49 [[32minfo[39m]  TemplateService loaded {"cachedTemplates":5}
鉁?Template YAML loaded and synced to DB
01:59:49 [[32minfo[39m]  Template routes initialized
鉁?Test environment setup complete

[90mstdout[2m | src/agents/__tests__/react-agent-runtime-snapshot.test.ts[2m > [22m[2mAgentRuntime runtime snapshot[2m > [22m[2mSubAgent 涓婚摼搴斿湪 prompt build 鍚庣粦瀹?runtime snapshot 骞剁敤蹇収椹卞姩 ReAct context[22m[39m
01:59:49 [[32minfo[39m]  Agent initialized: event - event
01:59:49 [[32minfo[39m] [AGENT-START] Agent event starting {"agent":"event","toolsConfigured":1,"maxIterations":4,"isSubAgent":true}
01:59:49 [[34mdebug[39m]  Agent status changed: event -> processing
01:59:49 [[31merror[39m]  ReAct loop execution failed, entering recovery {"agent":"event","saveId":"save-1","failureStage":"subagent-react-loop","attempts":0,"error":"on_task_complete hook 瑙﹀彂鏉′欢涓嶆弧瓒? taskContent 瀛樺湪浣?stagingPool/shadowState/templateId 缂哄け (agentKey=event)"}
01:59:49 [[34mdebug[39m]  Agent status changed: event -> idle

[90mstdout[2m | src/agents/__tests__/react-agent-runtime-snapshot.test.ts[2m > [22m[2mAgentRuntime runtime snapshot[2m > [22m[2mGameMaster 涓婚摼搴斿湪 prompt build 鍚庣粦瀹?runtime snapshot 骞惰褰撳墠杞秷璐硅蹇収[22m[39m
01:59:49 [[32minfo[39m]  Agent initialized: gamemaster - gamemaster
01:59:49 [[32minfo[39m] [AGENT-START] Agent gamemaster starting {"agent":"gamemaster","toolsConfigured":1,"maxIterations":4,"isSubAgent":false}
01:59:49 [[31merror[39m]  ReAct loop execution failed, entering recovery {"agent":"gamemaster","saveId":"save-1","failureStage":"gamemaster-react-loop","attempts":0,"error":"auditContextBuilder is not a function"}

[90mstdout[2m | src/agents/__tests__/react-agent-runtime-snapshot.test.ts[2m > [22m[2mAgentRuntime runtime snapshot[2m > [22m[2mpendingRuntimeRefreshes 搴斿湪杞杈圭晫搴旂敤鏈€鍚庝竴浠?queued snapshot[22m[39m
01:59:49 [[32minfo[39m]  Agent initialized: gamemaster - gamemaster
01:59:49 [[32minfo[39m] [AGENT-START] Agent gamemaster starting {"agent":"gamemaster","toolsConfigured":1,"maxIterations":4,"isSubAgent":false}

[90mstdout[2m | src/agents/__tests__/react-agent-runtime-snapshot.test.ts[2m > [22m[2mAgentRuntime runtime snapshot[2m > [22m[2msyncRuntimeSnapshotToolExposureState 搴斿悓姝ヨ拷鍔犲綋鍓嶈姹傚凡娉ㄥ叆鐨勫府鍔╂柟娉?[22m[39m
01:59:49 [[32minfo[39m]  Agent initialized: gamemaster - gamemaster
01:59:49 [[32minfo[39m] [AGENT-START] Agent gamemaster starting {"agent":"gamemaster","toolsConfigured":2,"maxIterations":4,"isSubAgent":false}

[90mstdout[2m | src/agents/__tests__/react-agent-runtime-snapshot.test.ts[2m > [22m[2mAgentRuntime runtime snapshot[2m > [22m[2mAgentRuntime.callTool 搴斿皢褰撳墠 runtime snapshot 閫忎紶缁?ToolContext[22m[39m
01:59:49 [[32minfo[39m]  Agent initialized: gamemaster - gamemaster
01:59:49 [[32minfo[39m] [AGENT-START] Agent gamemaster starting {"agent":"gamemaster","toolsConfigured":1,"maxIterations":4,"isSubAgent":false}

[90mstdout[2m | src/agents/__tests__/react-agent-runtime-snapshot.test.ts[22m[39m
01:59:49 [[32minfo[39m]  Help registry loaded: 22 tools {"tools":["batch_query_service","challenge_service","... (22 items)"]}
01:59:49 [[32minfo[39m]  Creating GameMasterAgent (as AgentRuntime with isSubAgent=false)
01:59:49 [[32minfo[39m]  Handler subscribed {"eventType":"dialogue"}
01:59:49 [[32minfo[39m]  Handler subscribed {"eventType":"combat_end"}
01:59:49 [[32minfo[39m]  AwarenessAutoSubscriber subscribed to dialogue + combat_end events
01:59:49 [[32minfo[39m]  Agent initialized: gamemaster - GameMasterAgent
01:59:49 [[32minfo[39m] [AGENT-START] Agent gamemaster starting {"agent":"gamemaster","provider":null,"toolsConfigured":1,"maxIterations":200,"isSubAgent":false}
01:59:49 [[32minfo[39m]  Handler subscribed {"eventType":"chapter_advanced"}
01:59:49 [[32minfo[39m]  Creating AgentRuntime instances from default profile: fantasy_rpg
01:59:49 [[32minfo[39m]  Creating agents from profile: fantasy_rpg {"agentCount":10}
01:59:49 [[32minfo[39m]  Agent initialized: gamemaster - GameMasterAgent
01:59:49 [[32minfo[39m] [AGENT-START] Agent gamemaster starting {"agent":"gamemaster","provider":null,"toolsConfigured":1,"maxIterations":200,"isSubAgent":false}
01:59:49 [[32minfo[39m]  Created AgentRuntime: gamemaster {"profile":"fantasy_rpg","tools":["all"]}
01:59:49 [[32minfo[39m]  Agent initialized: map - MapAgent
01:59:49 [[32minfo[39m] [AGENT-START] Agent map starting {"agent":"map","provider":null,"toolsConfigured":7,"maxIterations":200,"isSubAgent":true}
01:59:49 [[32minfo[39m]  Created AgentRuntime: map {"profile":"fantasy_rpg","tools":["map_service","npc_service","... (7 items)"]}
01:59:49 [[32minfo[39m]  Agent initialized: challenge - ChallengeAgent
01:59:49 [[32minfo[39m] [AGENT-START] Agent challenge starting {"agent":"challenge","provider":null,"toolsConfigured":9,"maxIterations":200,"isSubAgent":true}
01:59:49 [[32minfo[39m]  Created AgentRuntime: challenge {"profile":"fantasy_rpg","tools":["challenge_service","numerical_service","... (9 items)"]}
01:59:49 [[32minfo[39m]  Agent initialized: output - OutputAgent
01:59:49 [[32minfo[39m] [AGENT-START] Agent output starting {"agent":"output","provider":null,"toolsConfigured":5,"maxIterations":200,"isSubAgent":true}
01:59:49 [[32minfo[39m]  Created AgentRuntime: output {"profile":"fantasy_rpg","tools":["dialogue_service","dynamic_ui","... (5 items)"]}
01:59:49 [[32minfo[39m]  Agent initialized: quest - QuestAgent
01:59:49 [[32minfo[39m] [AGENT-START] Agent quest starting {"agent":"quest","provider":null,"toolsConfigured":11,"maxIterations":200,"isSubAgent":true}
01:59:49 [[32minfo[39m]  Created AgentRuntime: quest {"profile":"fantasy_rpg","tools":["quest_service","numerical_service","... (11 items)"]}
01:59:49 [[32minfo[39m]  Agent initialized: npc_party - NPCPartyAgent
01:59:49 [[32minfo[39m] [AGENT-START] Agent npc_party starting {"agent":"npc_party","provider":null,"toolsConfigured":9,"maxIterations":200,"isSubAgent":true}
01:59:49 [[32minfo[39m]  Created AgentRuntime: npc_party {"profile":"fantasy_rpg","tools":["npc_service","entity_graph_service","... (9 items)"]}
01:59:49 [[32minfo[39m]  Agent initialized: inventory - InventoryAgent
01:59:49 [[32minfo[39m] [AGENT-START] Agent inventory starting {"agent":"inventory","provider":null,"toolsConfigured":8,"maxIterations":200,"isSubAgent":true}
01:59:49 [[32minfo[39m]  Created AgentRuntime: inventory {"profile":"fantasy_rpg","tools":["inventory_service","template_pool_service","... (8 items)"]}
01:59:49 [[32minfo[39m]  Agent initialized: skill - SkillAgent
01:59:49 [[32minfo[39m] [AGENT-START] Agent skill starting {"agent":"skill","provider":null,"toolsConfigured":7,"maxIterations":200,"isSubAgent":true}
01:59:49 [[32minfo[39m]  Created AgentRuntime: skill {"profile":"fantasy_rpg","tools":["skill_service","template_pool_service","... (7 items)"]}
01:59:49 [[32minfo[39m]  Agent initialized: event - EventAgent
01:59:49 [[32minfo[39m] [AGENT-START] Agent event starting {"agent":"event","provider":null,"toolsConfigured":5,"maxIterations":200,"isSubAgent":true}
01:59:49 [[32minfo[39m]  Created AgentRuntime: event {"profile":"fantasy_rpg","tools":["event_service","game_time_service","... (5 items)"]}
01:59:49 [[32minfo[39m]  Agent initialized: time - TimeAgent
01:59:49 [[32minfo[39m] [AGENT-START] Agent time starting {"agent":"time","provider":null,"toolsConfigured":4,"maxIterations":200,"isSubAgent":true}
01:59:49 [[32minfo[39m]  Created AgentRuntime: time {"profile":"fantasy_rpg","tools":["game_time_service","rule_service","... (4 items)"]}
01:59:49 [[32minfo[39m]  Permissions configured from agent.tools for profile: fantasy_rpg
01:59:49 [[32minfo[39m]  YAML permissions configured
01:59:49 [[32minfo[39m]  Registering AgentRuntime instances to GameMasterAgent...
01:59:49 [[32minfo[39m]  Registered AgentRuntime to Coordinator: gamemaster
01:59:49 [[32minfo[39m]  Registered AgentRuntime to Coordinator: map
01:59:49 [[32minfo[39m]  Registered AgentRuntime to Coordinator: challenge
01:59:49 [[32minfo[39m]  Registered AgentRuntime to Coordinator: output
01:59:49 [[32minfo[39m]  Registered AgentRuntime to Coordinator: quest
01:59:49 [[32minfo[39m]  Registered AgentRuntime to Coordinator: npc_party
01:59:49 [[32minfo[39m]  Registered AgentRuntime to Coordinator: inventory
01:59:49 [[32minfo[39m]  Registered AgentRuntime to Coordinator: skill
01:59:49 [[32minfo[39m]  Registered AgentRuntime to Coordinator: event
01:59:49 [[32minfo[39m]  Registered AgentRuntime to Coordinator: time
01:59:49 [[32minfo[39m]  GameDataExpander configured (manifest path enabled)
01:59:49 [[32minfo[39m]  DedupService configured (dispatch log persistence enabled)
01:59:49 [[32minfo[39m]  Agent system initialized: 10 AgentRuntime instances created
鉁?Agent system initialized with 10 agents
鈿狅笍 YAML Agent system skipped: __vi_import_5__.initializeYamlAgentSystem is not a function
01:59:49 [[32minfo[39m]  Agent routes initialized
01:59:49 [[32minfo[39m]  Save routes initialized
01:59:49 [[32minfo[39m]  Synced template from YAML to DB: cthulhu-investigation
01:59:49 [[32minfo[39m]  Synced template from YAML to DB: cyberpunk-mercenary
01:59:49 [[32minfo[39m]  Synced template from YAML to DB: medieval-fantasy
01:59:49 [[32minfo[39m]  Synced template from YAML to DB: modern-romance
01:59:49 [[32minfo[39m]  Synced template from YAML to DB: xianxia
01:59:49 [[32minfo[39m]  Synced 5 templates from YAML to database
01:59:49 [[32minfo[39m]  Cache refreshed with 5 templates
01:59:49 [[32minfo[39m]  TemplateService loaded {"cachedTemplates":5}
鉁?Template YAML loaded and synced to DB
01:59:49 [[32minfo[39m]  Template routes initialized
鉁?Test environment setup complete
鉁?Database connection closed

 [33m鉂?[39m src/agents/__tests__/react-agent-runtime-snapshot.test.ts [2m ([22m[2m6 tests[22m [2m|[22m [31m1 failed[39m[2m)[22m[33m 2368[2mms[22m[39m
[31m   [33m鉂?[31m src/agents/__tests__/react-agent-runtime-snapshot.test.ts[2m > [22mAgentRuntime runtime snapshot[2m > [22mGameMaster 涓婚摼搴斿湪 prompt build 鍚庣粦瀹?runtime snapshot 骞惰褰撳墠杞秷璐硅蹇収[39m
[31m     鈫?Cannot read properties of undefined (reading 'drainPendingEvents')[39m
 [32m鉁?[39m src/services/__tests__/ws-init-panel-push.test.ts [2m ([22m[2m6 tests[22m[2m)[22m[33m 1599[2mms[22m[39m
[90mstdout[2m | src/services/__tests__/ws-init-panel-push.test.ts[2m > [22m[2mhandleWSInitialize 缁熶竴闈㈡澘鍙樻洿鎺ㄩ€佹満鍒?[2m > [22m[2mlocationRepo.findBySaveId 鎶涢敊鏃朵笉璋冪敤 pushPanelUpdate锛屼絾浠嶅彂閫?game:result[22m[39m
01:59:49 [[33mwarn[39m]  Failed to push initial location panel update {"saveId":"save-test-001","error":"DB connection failed"}

[90mstdout[2m | src/services/__tests__/ws-init-panel-push.test.ts[22m[39m
鉁?Database connection closed

[90mstdout[2m | src/game-systems/condition/__tests__/condition-evaluator.test.ts[22m[39m
008: added saves.active_challenge_mode column
Migration 008_add_saves_active_challenge_mode.ts completed successfully
All migrations completed
鉁?Migrations completed
All seeds completed
鉁?Seeds completed
01:59:49 [[32minfo[39m]  Starting YAML-driven Agent system initialization
01:59:49 [[32minfo[39m]  Seeding ModelConfigService from environment
01:59:49 [[32minfo[39m]  No DEEPSEEK_API_KEY env var found, skipping env seed
01:59:49 [[32minfo[39m]  Seeded provider from convict config {"providerType":"openai","providerId":"2f9818b6-dfbb-40e6-ad6b-e4ec2ac5ec7d","model":"openrouter/free"}
01:59:49 [[32minfo[39m]  Creating LLMService with ModelConfigService
01:59:49 [[32minfo[39m]  Creating ContextService and DecisionLogService instances
01:59:49 [[32minfo[39m]  Initializing YAML-driven Agent profiles...
01:59:49 [[32minfo[39m]  Loading config from directory: C:\Users\super\Documents\trae_projects\AGG-main\packages\backend\config
01:59:49 [[32minfo[39m]  Loaded agent profile: fantasy_rpg
01:59:49 [[32minfo[39m]  Loaded agent profile: minimal_test
01:59:49 [[32minfo[39m]  Loaded 0 non-builtin profiles from database (0 builtin skipped, using YAML)
01:59:49 [[32minfo[39m]  Config loaded successfully: 2 profiles
01:59:49 [[32minfo[39m]  YAML config loaded successfully
01:59:49 [[32minfo[39m]  Context rules loaded {"agentCount":10}
01:59:49 [[32minfo[39m]  Default manifests loaded {"agentTypeCount":6,"manifestCount":8}
01:59:49 [[32minfo[39m]  Context rules file watcher started {"path":"C:\\Users\\super\\Documents\\trae_projects\\AGG-main\\packages\\backend\\config\\agent-context-rules.yaml"}
01:59:49 [[32minfo[39m]  Loaded 10 agent capabilities from YAML profiles
01:59:49 [[32minfo[39m]  ToolRegistry initialized
01:59:49 [[32minfo[39m]  Registering ServiceTools to ToolRegistry
01:59:49 [[32minfo[39m]  Tool registered: game_time_service - GameTime Service (v1.0.0)
01:59:49 [[32minfo[39m]  Tool registered: numerical_service - Numerical Service (v1.0.0)
01:59:49 [[32minfo[39m]  Tool registered: character_service - Character Service (v1.0.0)
01:59:49 [[32minfo[39m]  Tool registered: inventory_service - Inventory Service (v1.0.0)
01:59:49 [[32minfo[39m]  Tool registered: skill_service - Skill Service (v1.1.0)
01:59:49 [[32minfo[39m]  Tool registered: map_service - Map Service (v2.0.0)
01:59:49 [[32minfo[39m]  Tool registered: npc_service - NPC Service (v1.0.0)
01:59:49 [[32minfo[39m]  Tool registered: dialogue_service - Dialogue Service (v1.0.0)
01:59:49 [[32minfo[39m]  Tool registered: quest_service - Quest Service (v1.0.0)
01:59:49 [[32minfo[39m]  Tool registered: challenge_service - Challenge Service (v1.0.0)
01:59:49 [[32minfo[39m]  Tool registered: event_service - Event Service (v1.0.0)
01:59:49 [[32minfo[39m]  Tool registered: story_service - Story Service (v1.0.0)
01:59:49 [[32minfo[39m]  Tool registered: game_init_service - Game Init Service (v2.0.0)
01:59:49 [[32minfo[39m]  Tool registered: batch_query_service - Batch Query Service (v1.0.0)
01:59:49 [[32minfo[39m]  Tool registered: entity_graph_service - Entity Graph Service (v1.0.0)
01:59:49 [[32minfo[39m]  Tool registered: template_pool_service - Template Pool Service (v1.0.0)
01:59:49 [[32minfo[39m]  Tool registered: dynamic_ui - Dynamic UI Service (v1.0.0)
01:59:49 [[32minfo[39m]  Tool registered: generate_options - Generate Options Service (v2.0.0)
01:59:49 [[32minfo[39m]  Tool registered: coordinator_service - Coordinator Service (v1.0.0)
01:59:49 [[32minfo[39m]  Tool registered: rule_service - Rule Service (v1.0.0)
01:59:49 [[32minfo[39m]  Tool registered: skill_loader - Skill Loader (v1.0.0)
01:59:49 [[32minfo[39m]  Tool registered: help_service - Help Service (v1.0.0)
01:59:49 [[32minfo[39m]  Tool registered: memory_service - Memory Service (v1.0.0)
01:59:49 [[32minfo[39m]  Registered 23 ServiceTools to ToolRegistry
01:59:49 [[32minfo[39m]  Tool reference validation passed

[90mstdout[2m | src/routes/__tests__/e2e-template.test.ts[22m[39m
馃И Setting up comprehensive test environment...
鉁?Database connected
Running migration: 001_init.ts

[90mstdout[2m | tests/agent-system/scheduling.test.ts[22m[39m
馃И Setting up comprehensive test environment...
鉁?Database connected
Running migration: 001_init.ts

[90mstdout[2m | src/game-systems/condition/__tests__/condition-evaluator.test.ts[22m[39m
01:59:49 [[32minfo[39m]  Discovered 187 help files {"dir":"C:\\Users\\super\\Documents\\trae_projects\\AGG-main\\packages\\backend\\config\\agent-help"}

[90mstdout[2m | tests/agent-system/scheduling.test.ts[22m[39m
Migration 001_init.ts completed successfully
Running migration: 002_add_equipped_index.ts
Migration 002_add_equipped_index.ts completed successfully
Running migration: 003_fix_information_boundaries_timestamps.ts

[90mstdout[2m | tests/agent-system/scheduling.test.ts[22m[39m
Migration 003_fix_information_boundaries_timestamps.ts completed successfully
Running migration: 004_drop_information_boundaries.ts
004_drop_information_boundaries: information_boundaries table not found, skipping migration
004_drop_information_boundaries: cleared custom_data.knowledge from 0 NPCs
Migration 004_drop_information_boundaries.ts completed successfully
Running migration: 005_drop_npc_relations.ts

[90mstdout[2m | src/routes/__tests__/e2e-template.test.ts[22m[39m
Migration 001_init.ts completed successfully
Running migration: 002_add_equipped_index.ts
Migration 002_add_equipped_index.ts completed successfully
Running migration: 003_fix_information_boundaries_timestamps.ts
Migration 003_fix_information_boundaries_timestamps.ts completed successfully
Running migration: 004_drop_information_boundaries.ts
004_drop_information_boundaries: information_boundaries table not found, skipping migration
004_drop_information_boundaries: cleared custom_data.knowledge from 0 NPCs
Migration 004_drop_information_boundaries.ts completed successfully
Running migration: 005_drop_npc_relations.ts
005_drop_npc_relations: dropped npc_relations table
Migration 005_drop_npc_relations.ts completed successfully
Running migration: 006_awareness_relationship_events_states.ts
006: created entity_awareness_events table
006: created entity_awareness_states table
006: created entity_relationship_events table
006: created entity_relationship_states table
Migration 006_awareness_relationship_events_states.ts completed successfully
Running migration: 007_add_combat_mode.ts
007: added combat_states.mode column
Migration 007_add_combat_mode.ts completed successfully
Running migration: 008_add_saves_active_challenge_mode.ts

[90mstdout[2m | tests/agent-system/scheduling.test.ts[22m[39m
005_drop_npc_relations: dropped npc_relations table
Migration 005_drop_npc_relations.ts completed successfully
Running migration: 006_awareness_relationship_events_states.ts
006: created entity_awareness_events table
006: created entity_awareness_states table
006: created entity_relationship_events table
006: created entity_relationship_states table
Migration 006_awareness_relationship_events_states.ts completed successfully
Running migration: 007_add_combat_mode.ts
007: added combat_states.mode column
Migration 007_add_combat_mode.ts completed successfully
Running migration: 008_add_saves_active_challenge_mode.ts

[90mstdout[2m | src/routes/__tests__/e2e-template.test.ts[22m[39m
008: added saves.active_challenge_mode column
Migration 008_add_saves_active_challenge_mode.ts completed successfully
All migrations completed
鉁?Migrations completed
All seeds completed
鉁?Seeds completed
01:59:50 [[32minfo[39m]  Starting YAML-driven Agent system initialization
01:59:50 [[32minfo[39m]  Seeding ModelConfigService from environment
01:59:50 [[32minfo[39m]  No DEEPSEEK_API_KEY env var found, skipping env seed
01:59:50 [[32minfo[39m]  Seeded provider from convict config {"providerType":"openai","providerId":"e3058861-57cf-4cdc-84ec-3a84a75c8c0c","model":"openrouter/free"}
01:59:50 [[32minfo[39m]  Creating LLMService with ModelConfigService
01:59:50 [[32minfo[39m]  Creating ContextService and DecisionLogService instances
01:59:50 [[32minfo[39m]  Initializing YAML-driven Agent profiles...
01:59:50 [[32minfo[39m]  Loading config from directory: C:\Users\super\Documents\trae_projects\AGG-main\packages\backend\config
01:59:50 [[32minfo[39m]  Loaded agent profile: fantasy_rpg
01:59:50 [[32minfo[39m]  Loaded agent profile: minimal_test
01:59:50 [[32minfo[39m]  Loaded 0 non-builtin profiles from database (0 builtin skipped, using YAML)
01:59:50 [[32minfo[39m]  Config loaded successfully: 2 profiles
01:59:50 [[32minfo[39m]  YAML config loaded successfully
01:59:50 [[32minfo[39m]  Context rules loaded {"agentCount":10}
01:59:50 [[32minfo[39m]  Default manifests loaded {"agentTypeCount":6,"manifestCount":8}
01:59:50 [[32minfo[39m]  Context rules file watcher started {"path":"C:\\Users\\super\\Documents\\trae_projects\\AGG-main\\packages\\backend\\config\\agent-context-rules.yaml"}
01:59:50 [[32minfo[39m]  Loaded 10 agent capabilities from YAML profiles
01:59:50 [[32minfo[39m]  ToolRegistry initialized
01:59:50 [[32minfo[39m]  Registering ServiceTools to ToolRegistry
01:59:50 [[32minfo[39m]  Tool registered: game_time_service - GameTime Service (v1.0.0)
01:59:50 [[32minfo[39m]  Tool registered: numerical_service - Numerical Service (v1.0.0)
01:59:50 [[32minfo[39m]  Tool registered: character_service - Character Service (v1.0.0)
01:59:50 [[32minfo[39m]  Tool registered: inventory_service - Inventory Service (v1.0.0)
01:59:50 [[32minfo[39m]  Tool registered: skill_service - Skill Service (v1.1.0)
01:59:50 [[32minfo[39m]  Tool registered: map_service - Map Service (v2.0.0)
01:59:50 [[32minfo[39m]  Tool registered: npc_service - NPC Service (v1.0.0)
01:59:50 [[32minfo[39m]  Tool registered: dialogue_service - Dialogue Service (v1.0.0)
01:59:50 [[32minfo[39m]  Tool registered: quest_service - Quest Service (v1.0.0)
01:59:50 [[32minfo[39m]  Tool registered: challenge_service - Challenge Service (v1.0.0)
01:59:50 [[32minfo[39m]  Tool registered: event_service - Event Service (v1.0.0)
01:59:50 [[32minfo[39m]  Tool registered: story_service - Story Service (v1.0.0)
01:59:50 [[32minfo[39m]  Tool registered: game_init_service - Game Init Service (v2.0.0)
01:59:50 [[32minfo[39m]  Tool registered: batch_query_service - Batch Query Service (v1.0.0)
01:59:50 [[32minfo[39m]  Tool registered: entity_graph_service - Entity Graph Service (v1.0.0)
01:59:50 [[32minfo[39m]  Tool registered: template_pool_service - Template Pool Service (v1.0.0)
01:59:50 [[32minfo[39m]  Tool registered: dynamic_ui - Dynamic UI Service (v1.0.0)
01:59:50 [[32minfo[39m]  Tool registered: generate_options - Generate Options Service (v2.0.0)
01:59:50 [[32minfo[39m]  Tool registered: coordinator_service - Coordinator Service (v1.0.0)
01:59:50 [[32minfo[39m]  Tool registered: rule_service - Rule Service (v1.0.0)
01:59:50 [[32minfo[39m]  Tool registered: skill_loader - Skill Loader (v1.0.0)
01:59:50 [[32minfo[39m]  Tool registered: help_service - Help Service (v1.0.0)
01:59:50 [[32minfo[39m]  Tool registered: memory_service - Memory Service (v1.0.0)
01:59:50 [[32minfo[39m]  Registered 23 ServiceTools to ToolRegistry
01:59:50 [[32minfo[39m]  Tool reference validation passed

[90mstdout[2m | tests/agent-system/scheduling.test.ts[22m[39m
008: added saves.active_challenge_mode column
Migration 008_add_saves_active_challenge_mode.ts completed successfully
All migrations completed
鉁?Migrations completed
All seeds completed
鉁?Seeds completed
01:59:50 [[32minfo[39m]  Starting YAML-driven Agent system initialization
01:59:50 [[32minfo[39m]  Seeding ModelConfigService from environment
01:59:50 [[32minfo[39m]  No DEEPSEEK_API_KEY env var found, skipping env seed
01:59:50 [[32minfo[39m]  Seeded provider from convict config {"providerType":"openai","providerId":"e6890397-e2a2-4e66-82b0-162c76b51777","model":"openrouter/free"}
01:59:50 [[32minfo[39m]  Creating LLMService with ModelConfigService
01:59:50 [[32minfo[39m]  Creating ContextService and DecisionLogService instances
01:59:50 [[32minfo[39m]  Initializing YAML-driven Agent profiles...
01:59:50 [[32minfo[39m]  Loading config from directory: C:\Users\super\Documents\trae_projects\AGG-main\packages\backend\config
01:59:50 [[32minfo[39m]  Loaded agent profile: fantasy_rpg
01:59:50 [[32minfo[39m]  Loaded agent profile: minimal_test
01:59:50 [[32minfo[39m]  Loaded 0 non-builtin profiles from database (0 builtin skipped, using YAML)
01:59:50 [[32minfo[39m]  Config loaded successfully: 2 profiles
01:59:50 [[32minfo[39m]  YAML config loaded successfully
01:59:50 [[32minfo[39m]  Context rules loaded {"agentCount":10}
01:59:50 [[32minfo[39m]  Default manifests loaded {"agentTypeCount":6,"manifestCount":8}
01:59:50 [[32minfo[39m]  Context rules file watcher started {"path":"C:\\Users\\super\\Documents\\trae_projects\\AGG-main\\packages\\backend\\config\\agent-context-rules.yaml"}
01:59:50 [[32minfo[39m]  Loaded 10 agent capabilities from YAML profiles
01:59:50 [[32minfo[39m]  ToolRegistry initialized
01:59:50 [[32minfo[39m]  Registering ServiceTools to ToolRegistry
01:59:50 [[32minfo[39m]  Tool registered: game_time_service - GameTime Service (v1.0.0)
01:59:50 [[32minfo[39m]  Tool registered: numerical_service - Numerical Service (v1.0.0)
01:59:50 [[32minfo[39m]  Tool registered: character_service - Character Service (v1.0.0)
01:59:50 [[32minfo[39m]  Tool registered: inventory_service - Inventory Service (v1.0.0)
01:59:50 [[32minfo[39m]  Tool registered: skill_service - Skill Service (v1.1.0)
01:59:50 [[32minfo[39m]  Tool registered: map_service - Map Service (v2.0.0)
01:59:50 [[32minfo[39m]  Tool registered: npc_service - NPC Service (v1.0.0)
01:59:50 [[32minfo[39m]  Tool registered: dialogue_service - Dialogue Service (v1.0.0)
01:59:50 [[32minfo[39m]  Tool registered: quest_service - Quest Service (v1.0.0)
01:59:50 [[32minfo[39m]  Tool registered: challenge_service - Challenge Service (v1.0.0)
01:59:50 [[32minfo[39m]  Tool registered: event_service - Event Service (v1.0.0)
01:59:50 [[32minfo[39m]  Tool registered: story_service - Story Service (v1.0.0)
01:59:50 [[32minfo[39m]  Tool registered: game_init_service - Game Init Service (v2.0.0)
01:59:50 [[32minfo[39m]  Tool registered: batch_query_service - Batch Query Service (v1.0.0)
01:59:50 [[32minfo[39m]  Tool registered: entity_graph_service - Entity Graph Service (v1.0.0)
01:59:50 [[32minfo[39m]  Tool registered: template_pool_service - Template Pool Service (v1.0.0)
01:59:50 [[32minfo[39m]  Tool registered: dynamic_ui - Dynamic UI Service (v1.0.0)
01:59:50 [[32minfo[39m]  Tool registered: generate_options - Generate Options Service (v2.0.0)
01:59:50 [[32minfo[39m]  Tool registered: coordinator_service - Coordinator Service (v1.0.0)
01:59:50 [[32minfo[39m]  Tool registered: rule_service - Rule Service (v1.0.0)
01:59:50 [[32minfo[39m]  Tool registered: skill_loader - Skill Loader (v1.0.0)
01:59:50 [[32minfo[39m]  Tool registered: help_service - Help Service (v1.0.0)
01:59:50 [[32minfo[39m]  Tool registered: memory_service - Memory Service (v1.0.0)
01:59:50 [[32minfo[39m]  Registered 23 ServiceTools to ToolRegistry
01:59:50 [[32minfo[39m]  Tool reference validation passed

[90mstdout[2m | tests/agent-system/lifecycle.test.ts[22m[39m
01:59:50 [[32minfo[39m]  Help registry loaded: 22 tools {"tools":["batch_query_service","challenge_service","... (22 items)"]}
01:59:50 [[32minfo[39m]  Creating GameMasterAgent (as AgentRuntime with isSubAgent=false)
01:59:50 [[32minfo[39m]  Handler subscribed {"eventType":"dialogue"}
01:59:50 [[32minfo[39m]  Handler subscribed {"eventType":"combat_end"}
01:59:50 [[32minfo[39m]  AwarenessAutoSubscriber subscribed to dialogue + combat_end events
01:59:50 [[32minfo[39m]  Agent initialized: gamemaster - GameMasterAgent
01:59:50 [[32minfo[39m] [AGENT-START] Agent gamemaster starting {"agent":"gamemaster","provider":null,"toolsConfigured":1,"maxIterations":200,"isSubAgent":false}
01:59:50 [[32minfo[39m]  Handler subscribed {"eventType":"chapter_advanced"}
01:59:50 [[32minfo[39m]  Creating AgentRuntime instances from default profile: fantasy_rpg
01:59:50 [[32minfo[39m]  Creating agents from profile: fantasy_rpg {"agentCount":10}
01:59:50 [[32minfo[39m]  Agent initialized: gamemaster - GameMasterAgent
01:59:50 [[32minfo[39m] [AGENT-START] Agent gamemaster starting {"agent":"gamemaster","provider":null,"toolsConfigured":1,"maxIterations":200,"isSubAgent":false}
01:59:50 [[32minfo[39m]  Created AgentRuntime: gamemaster {"profile":"fantasy_rpg","tools":["all"]}
01:59:50 [[32minfo[39m]  Agent initialized: map - MapAgent
01:59:50 [[32minfo[39m] [AGENT-START] Agent map starting {"agent":"map","provider":null,"toolsConfigured":7,"maxIterations":200,"isSubAgent":true}
01:59:50 [[32minfo[39m]  Created AgentRuntime: map {"profile":"fantasy_rpg","tools":["map_service","npc_service","... (7 items)"]}
01:59:50 [[32minfo[39m]  Agent initialized: challenge - ChallengeAgent
01:59:50 [[32minfo[39m] [AGENT-START] Agent challenge starting {"agent":"challenge","provider":null,"toolsConfigured":9,"maxIterations":200,"isSubAgent":true}
01:59:50 [[32minfo[39m]  Created AgentRuntime: challenge {"profile":"fantasy_rpg","tools":["challenge_service","numerical_service","... (9 items)"]}
01:59:50 [[32minfo[39m]  Agent initialized: output - OutputAgent
01:59:50 [[32minfo[39m] [AGENT-START] Agent output starting {"agent":"output","provider":null,"toolsConfigured":5,"maxIterations":200,"isSubAgent":true}
01:59:50 [[32minfo[39m]  Created AgentRuntime: output {"profile":"fantasy_rpg","tools":["dialogue_service","dynamic_ui","... (5 items)"]}
01:59:50 [[32minfo[39m]  Agent initialized: quest - QuestAgent
01:59:50 [[32minfo[39m] [AGENT-START] Agent quest starting {"agent":"quest","provider":null,"toolsConfigured":11,"maxIterations":200,"isSubAgent":true}
01:59:50 [[32minfo[39m]  Created AgentRuntime: quest {"profile":"fantasy_rpg","tools":["quest_service","numerical_service","... (11 items)"]}
01:59:50 [[32minfo[39m]  Agent initialized: npc_party - NPCPartyAgent
01:59:50 [[32minfo[39m] [AGENT-START] Agent npc_party starting {"agent":"npc_party","provider":null,"toolsConfigured":9,"maxIterations":200,"isSubAgent":true}
01:59:50 [[32minfo[39m]  Created AgentRuntime: npc_party {"profile":"fantasy_rpg","tools":["npc_service","entity_graph_service","... (9 items)"]}
01:59:50 [[32minfo[39m]  Agent initialized: inventory - InventoryAgent
01:59:50 [[32minfo[39m] [AGENT-START] Agent inventory starting {"agent":"inventory","provider":null,"toolsConfigured":8,"maxIterations":200,"isSubAgent":true}
01:59:50 [[32minfo[39m]  Created AgentRuntime: inventory {"profile":"fantasy_rpg","tools":["inventory_service","template_pool_service","... (8 items)"]}
01:59:50 [[32minfo[39m]  Agent initialized: skill - SkillAgent
01:59:50 [[32minfo[39m] [AGENT-START] Agent skill starting {"agent":"skill","provider":null,"toolsConfigured":7,"maxIterations":200,"isSubAgent":true}
01:59:50 [[32minfo[39m]  Created AgentRuntime: skill {"profile":"fantasy_rpg","tools":["skill_service","template_pool_service","... (7 items)"]}
01:59:50 [[32minfo[39m]  Agent initialized: event - EventAgent
01:59:50 [[32minfo[39m] [AGENT-START] Agent event starting {"agent":"event","provider":null,"toolsConfigured":5,"maxIterations":200,"isSubAgent":true}
01:59:50 [[32minfo[39m]  Created AgentRuntime: event {"profile":"fantasy_rpg","tools":["event_service","game_time_service","... (5 items)"]}
01:59:50 [[32minfo[39m]  Agent initialized: time - TimeAgent
01:59:50 [[32minfo[39m] [AGENT-START] Agent time starting {"agent":"time","provider":null,"toolsConfigured":4,"maxIterations":200,"isSubAgent":true}
01:59:50 [[32minfo[39m]  Created AgentRuntime: time {"profile":"fantasy_rpg","tools":["game_time_service","rule_service","... (4 items)"]}
01:59:50 [[32minfo[39m]  Permissions configured from agent.tools for profile: fantasy_rpg
01:59:50 [[32minfo[39m]  YAML permissions configured
01:59:50 [[32minfo[39m]  Registering AgentRuntime instances to GameMasterAgent...
01:59:50 [[32minfo[39m]  Registered AgentRuntime to Coordinator: gamemaster
01:59:50 [[32minfo[39m]  Registered AgentRuntime to Coordinator: map
01:59:50 [[32minfo[39m]  Registered AgentRuntime to Coordinator: challenge
01:59:50 [[32minfo[39m]  Registered AgentRuntime to Coordinator: output
01:59:50 [[32minfo[39m]  Registered AgentRuntime to Coordinator: quest
01:59:50 [[32minfo[39m]  Registered AgentRuntime to Coordinator: npc_party
01:59:50 [[32minfo[39m]  Registered AgentRuntime to Coordinator: inventory
01:59:50 [[32minfo[39m]  Registered AgentRuntime to Coordinator: skill
01:59:50 [[32minfo[39m]  Registered AgentRuntime to Coordinator: event
01:59:50 [[32minfo[39m]  Registered AgentRuntime to Coordinator: time
01:59:50 [[32minfo[39m]  GameDataExpander configured (manifest path enabled)
01:59:50 [[32minfo[39m]  DedupService configured (dispatch log persistence enabled)
01:59:50 [[32minfo[39m]  Agent system initialized: 10 AgentRuntime instances created
鉁?Agent system initialized with 10 agents
鈿狅笍 YAML Agent system skipped: __vi_import_5__.initializeYamlAgentSystem is not a function
01:59:50 [[32minfo[39m]  Agent routes initialized
01:59:50 [[32minfo[39m]  Save routes initialized
01:59:50 [[32minfo[39m]  Synced template from YAML to DB: cthulhu-investigation
01:59:50 [[32minfo[39m]  Synced template from YAML to DB: cyberpunk-mercenary
01:59:50 [[32minfo[39m]  Synced template from YAML to DB: medieval-fantasy
01:59:50 [[32minfo[39m]  Synced template from YAML to DB: modern-romance
01:59:50 [[32minfo[39m]  Synced template from YAML to DB: xianxia
01:59:50 [[32minfo[39m]  Synced 5 templates from YAML to database
01:59:50 [[32minfo[39m]  Cache refreshed with 5 templates
01:59:50 [[32minfo[39m]  TemplateService loaded {"cachedTemplates":5}
鉁?Template YAML loaded and synced to DB
01:59:50 [[32minfo[39m]  Template routes initialized
鉁?Test environment setup complete

[90mstdout[2m | tests/agent-system/lifecycle.test.ts[2m > [22m[2mAgent Lifecycle and State Management[2m > [22m[2mAgent System Initialization[2m > [22m[2mshould return coordinator info from status endpoint[22m[39m
01:59:50 [[32minfo[39m]  [TRACE-7a8ebdbb-ca6c-4d65-a1b5-66fcdfe918bc] [REQUEST] GET /api/v1/agent/status
01:59:50 [[32minfo[39m]  Fetching system status
01:59:50 [[32minfo[39m]  System status retrieved {"agentsCount":10,"toolsCount":23}
01:59:50 [[32minfo[39m]  [TRACE-7a8ebdbb-ca6c-4d65-a1b5-66fcdfe918bc] [RESPONSE] 200 {"success":true,"data":{"coordinator":{"status":"active","type":"gamemaster","name":"GameMasterAgent","currentScheduleDepth":0,"registeredAgentsCount":10},"agents":[{"type":"gamemaster","status":"regi... [truncated, total 1273 chars]
01:59:50 [[32minfo[39m]  GET /status 200 6ms 7a8ebdbb {"method":"GET","url":"/status","status":200,"duration":"6ms"}
01:59:50 [[32minfo[39m]  [TRACE-7a8ebdbb-ca6c-4d65-a1b5-66fcdfe918bc] [DURATION] 6ms

[90mstdout[2m | src/routes/__tests__/e2e-template.test.ts[22m[39m
01:59:50 [[32minfo[39m]  Discovered 187 help files {"dir":"C:\\Users\\super\\Documents\\trae_projects\\AGG-main\\packages\\backend\\config\\agent-help"}

[90mstdout[2m | tests/agent-system/lifecycle.test.ts[2m > [22m[2mAgent Lifecycle and State Management[2m > [22m[2mAgent System Initialization[2m > [22m[2mshould have 10 registered agents[22m[39m
01:59:50 [[32minfo[39m]  [TRACE-a7ba9b86-42ec-4c19-aef2-808a4810e354] [REQUEST] GET /api/v1/agent/status
01:59:50 [[32minfo[39m]  Fetching system status
01:59:50 [[32minfo[39m]  System status retrieved {"agentsCount":10,"toolsCount":23}
01:59:50 [[32minfo[39m]  [TRACE-a7ba9b86-42ec-4c19-aef2-808a4810e354] [RESPONSE] 200 {"success":true,"data":{"coordinator":{"status":"active","type":"gamemaster","name":"GameMasterAgent","currentScheduleDepth":0,"registeredAgentsCount":10},"agents":[{"type":"gamemaster","status":"regi... [truncated, total 1272 chars]
01:59:50 [[32minfo[39m]  GET /status 200 5ms a7ba9b86 {"method":"GET","url":"/status","status":200,"duration":"5ms"}
01:59:50 [[32minfo[39m]  [TRACE-a7ba9b86-42ec-4c19-aef2-808a4810e354] [DURATION] 6ms

[90mstdout[2m | src/game-systems/condition/__tests__/condition-evaluator.test.ts[22m[39m
01:59:50 [[32minfo[39m]  Help registry loaded: 22 tools {"tools":["batch_query_service","challenge_service","... (22 items)"]}
01:59:50 [[32minfo[39m]  Creating GameMasterAgent (as AgentRuntime with isSubAgent=false)
01:59:50 [[32minfo[39m]  Handler subscribed {"eventType":"dialogue"}
01:59:50 [[32minfo[39m]  Handler subscribed {"eventType":"combat_end"}
01:59:50 [[32minfo[39m]  AwarenessAutoSubscriber subscribed to dialogue + combat_end events
01:59:50 [[32minfo[39m]  Agent initialized: gamemaster - GameMasterAgent
01:59:50 [[32minfo[39m] [AGENT-START] Agent gamemaster starting {"agent":"gamemaster","provider":null,"toolsConfigured":1,"maxIterations":200,"isSubAgent":false}
01:59:50 [[32minfo[39m]  Handler subscribed {"eventType":"chapter_advanced"}
01:59:50 [[32minfo[39m]  Creating AgentRuntime instances from default profile: fantasy_rpg
01:59:50 [[32minfo[39m]  Creating agents from profile: fantasy_rpg {"agentCount":10}
01:59:50 [[32minfo[39m]  Agent initialized: gamemaster - GameMasterAgent
01:59:50 [[32minfo[39m] [AGENT-START] Agent gamemaster starting {"agent":"gamemaster","provider":null,"toolsConfigured":1,"maxIterations":200,"isSubAgent":false}
01:59:50 [[32minfo[39m]  Created AgentRuntime: gamemaster {"profile":"fantasy_rpg","tools":["all"]}
01:59:50 [[32minfo[39m]  Agent initialized: map - MapAgent
01:59:50 [[32minfo[39m] [AGENT-START] Agent map starting {"agent":"map","provider":null,"toolsConfigured":7,"maxIterations":200,"isSubAgent":true}
01:59:50 [[32minfo[39m]  Created AgentRuntime: map {"profile":"fantasy_rpg","tools":["map_service","npc_service","... (7 items)"]}
01:59:50 [[32minfo[39m]  Agent initialized: challenge - ChallengeAgent
01:59:50 [[32minfo[39m] [AGENT-START] Agent challenge starting {"agent":"challenge","provider":null,"toolsConfigured":9,"maxIterations":200,"isSubAgent":true}
01:59:50 [[32minfo[39m]  Created AgentRuntime: challenge {"profile":"fantasy_rpg","tools":["challenge_service","numerical_service","... (9 items)"]}
01:59:50 [[32minfo[39m]  Agent initialized: output - OutputAgent
01:59:50 [[32minfo[39m] [AGENT-START] Agent output starting {"agent":"output","provider":null,"toolsConfigured":5,"maxIterations":200,"isSubAgent":true}
01:59:50 [[32minfo[39m]  Created AgentRuntime: output {"profile":"fantasy_rpg","tools":["dialogue_service","dynamic_ui","... (5 items)"]}
01:59:50 [[32minfo[39m]  Agent initialized: quest - QuestAgent
01:59:50 [[32minfo[39m] [AGENT-START] Agent quest starting {"agent":"quest","provider":null,"toolsConfigured":11,"maxIterations":200,"isSubAgent":true}
01:59:50 [[32minfo[39m]  Created AgentRuntime: quest {"profile":"fantasy_rpg","tools":["quest_service","numerical_service","... (11 items)"]}
01:59:50 [[32minfo[39m]  Agent initialized: npc_party - NPCPartyAgent
01:59:50 [[32minfo[39m] [AGENT-START] Agent npc_party starting {"agent":"npc_party","provider":null,"toolsConfigured":9,"maxIterations":200,"isSubAgent":true}
01:59:50 [[32minfo[39m]  Created AgentRuntime: npc_party {"profile":"fantasy_rpg","tools":["npc_service","entity_graph_service","... (9 items)"]}
01:59:50 [[32minfo[39m]  Agent initialized: inventory - InventoryAgent
01:59:50 [[32minfo[39m] [AGENT-START] Agent inventory starting {"agent":"inventory","provider":null,"toolsConfigured":8,"maxIterations":200,"isSubAgent":true}
01:59:50 [[32minfo[39m]  Created AgentRuntime: inventory {"profile":"fantasy_rpg","tools":["inventory_service","template_pool_service","... (8 items)"]}
01:59:50 [[32minfo[39m]  Agent initialized: skill - SkillAgent
01:59:50 [[32minfo[39m] [AGENT-START] Agent skill starting {"agent":"skill","provider":null,"toolsConfigured":7,"maxIterations":200,"isSubAgent":true}
01:59:50 [[32minfo[39m]  Created AgentRuntime: skill {"profile":"fantasy_rpg","tools":["skill_service","template_pool_service","... (7 items)"]}
01:59:50 [[32minfo[39m]  Agent initialized: event - EventAgent
01:59:50 [[32minfo[39m] [AGENT-START] Agent event starting {"agent":"event","provider":null,"toolsConfigured":5,"maxIterations":200,"isSubAgent":true}
01:59:50 [[32minfo[39m]  Created AgentRuntime: event {"profile":"fantasy_rpg","tools":["event_service","game_time_service","... (5 items)"]}
01:59:50 [[32minfo[39m]  Agent initialized: time - TimeAgent
01:59:50 [[32minfo[39m] [AGENT-START] Agent time starting {"agent":"time","provider":null,"toolsConfigured":4,"maxIterations":200,"isSubAgent":true}
01:59:50 [[32minfo[39m]  Created AgentRuntime: time {"profile":"fantasy_rpg","tools":["game_time_service","rule_service","... (4 items)"]}
01:59:50 [[32minfo[39m]  Permissions configured from agent.tools for profile: fantasy_rpg
01:59:50 [[32minfo[39m]  YAML permissions configured
01:59:50 [[32minfo[39m]  Registering AgentRuntime instances to GameMasterAgent...
01:59:50 [[32minfo[39m]  Registered AgentRuntime to Coordinator: gamemaster
01:59:50 [[32minfo[39m]  Registered AgentRuntime to Coordinator: map
01:59:50 [[32minfo[39m]  Registered AgentRuntime to Coordinator: challenge
01:59:50 [[32minfo[39m]  Registered AgentRuntime to Coordinator: output
01:59:50 [[32minfo[39m]  Registered AgentRuntime to Coordinator: quest
01:59:50 [[32minfo[39m]  Registered AgentRuntime to Coordinator: npc_party
01:59:50 [[32minfo[39m]  Registered AgentRuntime to Coordinator: inventory
01:59:50 [[32minfo[39m]  Registered AgentRuntime to Coordinator: skill
01:59:50 [[32minfo[39m]  Registered AgentRuntime to Coordinator: event
01:59:50 [[32minfo[39m]  Registered AgentRuntime to Coordinator: time
01:59:50 [[32minfo[39m]  GameDataExpander configured (manifest path enabled)
01:59:50 [[32minfo[39m]  DedupService configured (dispatch log persistence enabled)
01:59:50 [[32minfo[39m]  Agent system initialized: 10 AgentRuntime instances created
鉁?Agent system initialized with 10 agents
鈿狅笍 YAML Agent system skipped: __vi_import_5__.initializeYamlAgentSystem is not a function
01:59:50 [[32minfo[39m]  Agent routes initialized
01:59:50 [[32minfo[39m]  Save routes initialized
01:59:50 [[32minfo[39m]  Synced template from YAML to DB: cthulhu-investigation
01:59:50 [[32minfo[39m]  Synced template from YAML to DB: cyberpunk-mercenary
01:59:50 [[32minfo[39m]  Synced template from YAML to DB: medieval-fantasy
01:59:50 [[32minfo[39m]  Synced template from YAML to DB: modern-romance
01:59:50 [[32minfo[39m]  Synced template from YAML to DB: xianxia
01:59:50 [[32minfo[39m]  Synced 5 templates from YAML to database
01:59:50 [[32minfo[39m]  Cache refreshed with 5 templates
01:59:50 [[32minfo[39m]  TemplateService loaded {"cachedTemplates":5}
鉁?Template YAML loaded and synced to DB
01:59:50 [[32minfo[39m]  Template routes initialized
鉁?Test environment setup complete
鉁?Database connection closed

 [32m鉁?[39m src/game-systems/condition/__tests__/condition-evaluator.test.ts [2m ([22m[2m56 tests[22m[2m)[22m[33m 742[2mms[22m[39m
[90mstdout[2m | src/game-systems/audit/__tests__/RootCauseClassifier.test.ts[22m[39m
馃И Setting up comprehensive test environment...
鉁?Database connected
Running migration: 001_init.ts

[90mstdout[2m | tests/agent-system/lifecycle.test.ts[2m > [22m[2mAgent Lifecycle and State Management[2m > [22m[2mAgent System Initialization[2m > [22m[2mshould have 23 available tools[22m[39m
01:59:50 [[32minfo[39m]  [TRACE-a2be5ef9-af35-4f06-9c4d-aac9b303e03b] [REQUEST] GET /api/v1/agent/status
01:59:50 [[32minfo[39m]  Fetching system status
01:59:50 [[32minfo[39m]  System status retrieved {"agentsCount":10,"toolsCount":23}
01:59:50 [[32minfo[39m]  [TRACE-a2be5ef9-af35-4f06-9c4d-aac9b303e03b] [RESPONSE] 200 {"success":true,"data":{"coordinator":{"status":"active","type":"gamemaster","name":"GameMasterAgent","currentScheduleDepth":0,"registeredAgentsCount":10},"agents":[{"type":"gamemaster","status":"regi... [truncated, total 1273 chars]
01:59:50 [[32minfo[39m]  GET /status 200 4ms a2be5ef9 {"method":"GET","url":"/status","status":200,"duration":"4ms"}
01:59:50 [[32minfo[39m]  [TRACE-a2be5ef9-af35-4f06-9c4d-aac9b303e03b] [DURATION] 5ms

[90mstdout[2m | tests/agent-system/lifecycle.test.ts[2m > [22m[2mAgent Lifecycle and State Management[2m > [22m[2mAgent System Initialization[2m > [22m[2mshould include coordinator schedule depth and registered agents count[22m[39m
01:59:50 [[32minfo[39m]  [TRACE-f4cbe0be-959e-4f29-ad07-947f082a68a0] [REQUEST] GET /api/v1/agent/status
01:59:50 [[32minfo[39m]  Fetching system status
01:59:50 [[32minfo[39m]  System status retrieved {"agentsCount":10,"toolsCount":23}
01:59:50 [[32minfo[39m]  [TRACE-f4cbe0be-959e-4f29-ad07-947f082a68a0] [RESPONSE] 200 {"success":true,"data":{"coordinator":{"status":"active","type":"gamemaster","name":"GameMasterAgent","currentScheduleDepth":0,"registeredAgentsCount":10},"agents":[{"type":"gamemaster","status":"regi... [truncated, total 1273 chars]
01:59:50 [[32minfo[39m]  GET /status 200 2ms f4cbe0be {"method":"GET","url":"/status","status":200,"duration":"2ms"}
01:59:50 [[32minfo[39m]  [TRACE-f4cbe0be-959e-4f29-ad07-947f082a68a0] [DURATION] 2ms

[90mstdout[2m | tests/agent-system/lifecycle.test.ts[2m > [22m[2mAgent Lifecycle and State Management[2m > [22m[2mAgent Status Management[2m > [22m[2mshould show all agents with registered status[22m[39m
01:59:50 [[32minfo[39m]  [TRACE-dde04998-9a28-4355-8eb7-95ecad15e9a1] [REQUEST] GET /api/v1/agent/agents
01:59:50 [[32minfo[39m]  Fetching registered agents
01:59:50 [[32minfo[39m]  Agents retrieved {"count":10}
01:59:50 [[32minfo[39m]  [TRACE-dde04998-9a28-4355-8eb7-95ecad15e9a1] [RESPONSE] 200 {"success":true,"data":{"agents":[{"type":"gamemaster","name":"GameMasterAgent","status":"active","systemPrompt":"# GameMaster Agent\n\n浣犳槸娓告垙涓绘寔浜猴紙GameMaster锛夛紝AI-generated Games鐨勬牳蹇冦€備綘璐熻矗鐞嗚В鐜╁鎰忓浘骞跺崗璋冩父鎴忎笘鐣屽搷搴斻€備綘璐熻矗... [truncated, total 1989 chars]
01:59:50 [[32minfo[39m]  GET /agents 200 9ms dde04998 {"method":"GET","url":"/agents","status":200,"duration":"9ms"}
01:59:50 [[32minfo[39m]  [TRACE-dde04998-9a28-4355-8eb7-95ecad15e9a1] [DURATION] 9ms

[90mstdout[2m | tests/agent-system/lifecycle.test.ts[2m > [22m[2mAgent Lifecycle and State Management[2m > [22m[2mAgent Status Management[2m > [22m[2mshould return each agent with active status[22m[39m
01:59:50 [[32minfo[39m]  [TRACE-1becf006-48e5-4866-bd11-fe57d5042eb1] [REQUEST] GET /api/v1/agent/agents
01:59:50 [[32minfo[39m]  Fetching registered agents
01:59:50 [[32minfo[39m]  Agents retrieved {"count":10}
01:59:50 [[32minfo[39m]  [TRACE-1becf006-48e5-4866-bd11-fe57d5042eb1] [RESPONSE] 200 {"success":true,"data":{"agents":[{"type":"gamemaster","name":"GameMasterAgent","status":"active","systemPrompt":"# GameMaster Agent\n\n浣犳槸娓告垙涓绘寔浜猴紙GameMaster锛夛紝AI-generated Games鐨勬牳蹇冦€備綘璐熻矗鐞嗚В鐜╁鎰忓浘骞跺崗璋冩父鎴忎笘鐣屽搷搴斻€備綘璐熻矗... [truncated, total 1989 chars]
01:59:50 [[32minfo[39m]  GET /agents 200 4ms 1becf006 {"method":"GET","url":"/agents","status":200,"duration":"4ms"}
01:59:50 [[32minfo[39m]  [TRACE-1becf006-48e5-4866-bd11-fe57d5042eb1] [DURATION] 4ms

[90mstdout[2m | tests/agent-system/lifecycle.test.ts[2m > [22m[2mAgent Lifecycle and State Management[2m > [22m[2mAgent Status Management[2m > [22m[2mshould contain all expected agent types[22m[39m
01:59:50 [[32minfo[39m]  [TRACE-b0fc535a-f1b2-474b-9578-f9270eec9050] [REQUEST] GET /api/v1/agent/agents
01:59:50 [[32minfo[39m]  Fetching registered agents
01:59:50 [[32minfo[39m]  Agents retrieved {"count":10}
01:59:50 [[32minfo[39m]  [TRACE-b0fc535a-f1b2-474b-9578-f9270eec9050] [RESPONSE] 200 {"success":true,"data":{"agents":[{"type":"gamemaster","name":"GameMasterAgent","status":"active","systemPrompt":"# GameMaster Agent\n\n浣犳槸娓告垙涓绘寔浜猴紙GameMaster锛夛紝AI-generated Games鐨勬牳蹇冦€備綘璐熻矗鐞嗚В鐜╁鎰忓浘骞跺崗璋冩父鎴忎笘鐣屽搷搴斻€備綘璐熻矗... [truncated, total 1989 chars]
01:59:50 [[32minfo[39m]  GET /agents 200 2ms b0fc535a {"method":"GET","url":"/agents","status":200,"duration":"2ms"}
01:59:50 [[32minfo[39m]  [TRACE-b0fc535a-f1b2-474b-9578-f9270eec9050] [DURATION] 3ms

[90mstdout[2m | tests/agent-system/lifecycle.test.ts[2m > [22m[2mAgent Lifecycle and State Management[2m > [22m[2mAgent Status Management[2m > [22m[2mshould return agent status to idle after processing a direct message[22m[39m
01:59:50 [[32minfo[39m]  [TRACE-28aeb626-aca5-4440-9180-b8990cd91160] [REQUEST] GET /api/v1/agent/agents
01:59:50 [[32minfo[39m]  Fetching registered agents
01:59:50 [[32minfo[39m]  Agents retrieved {"count":10}
01:59:50 [[32minfo[39m]  [TRACE-28aeb626-aca5-4440-9180-b8990cd91160] [RESPONSE] 200 {"success":true,"data":{"agents":[{"type":"gamemaster","name":"GameMasterAgent","status":"active","systemPrompt":"# GameMaster Agent\n\n浣犳槸娓告垙涓绘寔浜猴紙GameMaster锛夛紝AI-generated Games鐨勬牳蹇冦€備綘璐熻矗鐞嗚В鐜╁鎰忓浘骞跺崗璋冩父鎴忎笘鐣屽搷搴斻€備綘璐熻矗... [truncated, total 1989 chars]
01:59:50 [[32minfo[39m]  GET /agents 200 1ms 28aeb626 {"method":"GET","url":"/agents","status":200,"duration":"1ms"}
01:59:50 [[32minfo[39m]  [TRACE-28aeb626-aca5-4440-9180-b8990cd91160] [DURATION] 6ms

[90mstdout[2m | src/game-systems/audit/__tests__/RootCauseClassifier.test.ts[22m[39m
Migration 001_init.ts completed successfully
Running migration: 002_add_equipped_index.ts

[90mstdout[2m | src/game-systems/audit/__tests__/RootCauseClassifier.test.ts[22m[39m
Migration 002_add_equipped_index.ts completed successfully
Running migration: 003_fix_information_boundaries_timestamps.ts
Migration 003_fix_information_boundaries_timestamps.ts completed successfully
Running migration: 004_drop_information_boundaries.ts
004_drop_information_boundaries: information_boundaries table not found, skipping migration
004_drop_information_boundaries: cleared custom_data.knowledge from 0 NPCs
Migration 004_drop_information_boundaries.ts completed successfully
Running migration: 005_drop_npc_relations.ts

[90mstdout[2m | src/game-systems/audit/__tests__/RootCauseClassifier.test.ts[22m[39m
005_drop_npc_relations: dropped npc_relations table
Migration 005_drop_npc_relations.ts completed successfully
Running migration: 006_awareness_relationship_events_states.ts

[90mstdout[2m | tests/agent-system/lifecycle.test.ts[2m > [22m[2mAgent Lifecycle and State Management[2m > [22m[2mAgent Status Management[2m > [22m[2mshould return agent status to idle after processing a direct message[22m[39m
01:59:50 [[32minfo[39m]  [TRACE-8611512c-f36b-4785-b952-24abf329b942] [REQUEST] POST /api/v1/agent/message
01:59:50 [[32minfo[39m]  Received direct message request {"targetAgent":"output","messageLength":22}
01:59:50 [[33mwarn[39m]  broadcastToClient: clientId is empty, event dropped eac10efc {"eventType":"agent_progress"}
01:59:50 [[34mdebug[39m]  Agent status changed: output -> processing

[90mstdout[2m | src/game-systems/audit/__tests__/RootCauseClassifier.test.ts[22m[39m
006: created entity_awareness_events table
006: created entity_awareness_states table
006: created entity_relationship_events table
006: created entity_relationship_states table
Migration 006_awareness_relationship_events_states.ts completed successfully
Running migration: 007_add_combat_mode.ts
007: added combat_states.mode column
Migration 007_add_combat_mode.ts completed successfully
Running migration: 008_add_saves_active_challenge_mode.ts

[90mstdout[2m | tests/agent-system/scheduling.test.ts[22m[39m
01:59:50 [[32minfo[39m]  Discovered 187 help files {"dir":"C:\\Users\\super\\Documents\\trae_projects\\AGG-main\\packages\\backend\\config\\agent-help"}

[90mstdout[2m | src/agents/tools/__tests__/help-service.test.ts[22m[39m
馃И Setting up comprehensive test environment...
鉁?Database connected
Running migration: 001_init.ts
Migration 001_init.ts completed successfully
Running migration: 002_add_equipped_index.ts

[90mstdout[2m | tests/agent-system/lifecycle.test.ts[2m > [22m[2mAgent Lifecycle and State Management[2m > [22m[2mAgent Status Management[2m > [22m[2mshould return agent status to idle after processing a direct message[22m[39m
01:59:50 [[32minfo[39m]  Discovered 34 rule files {"dir":"C:\\Users\\super\\Documents\\trae_projects\\AGG-main\\packages\\backend\\config\\agent-rules"}

[90mstdout[2m | src/agents/tools/__tests__/help-service.test.ts[22m[39m
Migration 002_add_equipped_index.ts completed successfully
Running migration: 003_fix_information_boundaries_timestamps.ts
Migration 003_fix_information_boundaries_timestamps.ts completed successfully
Running migration: 004_drop_information_boundaries.ts
004_drop_information_boundaries: information_boundaries table not found, skipping migration
004_drop_information_boundaries: cleared custom_data.knowledge from 0 NPCs
Migration 004_drop_information_boundaries.ts completed successfully
Running migration: 005_drop_npc_relations.ts

[90mstdout[2m | src/agents/tools/__tests__/help-service.test.ts[22m[39m
005_drop_npc_relations: dropped npc_relations table
Migration 005_drop_npc_relations.ts completed successfully
Running migration: 006_awareness_relationship_events_states.ts

[90mstdout[2m | src/agents/tools/__tests__/help-service.test.ts[22m[39m
006: created entity_awareness_events table
006: created entity_awareness_states table
006: created entity_relationship_events table
006: created entity_relationship_states table
Migration 006_awareness_relationship_events_states.ts completed successfully
Running migration: 007_add_combat_mode.ts

[90mstdout[2m | tests/agent-system/lifecycle.test.ts[2m > [22m[2mAgent Lifecycle and State Management[2m > [22m[2mAgent Status Management[2m > [22m[2mshould return agent status to idle after processing a direct message[22m[39m
01:59:50 [[32minfo[39m]  Rules engine loaded: 34 rules {"alwaysApply":12,"hooked":["combat","combat_turn","null","combat_start","dialogue","initialize","travel","generate_pool_skills","generate_pool_items","explore","buy_item","sell_item","accept_quest","chat","quest_complete","use_item","equip_item","unequip_item","drop_item"]}

[90mstdout[2m | tests/agent-system/lifecycle.test.ts[2m > [22m[2mAgent Lifecycle and State Management[2m > [22m[2mAgent Status Management[2m > [22m[2mshould return agent status to idle after processing a direct message[22m[39m
01:59:50 [[32minfo[39m]  Discovered 50 skill files {"dir":"C:\\Users\\super\\Documents\\trae_projects\\AGG-main\\packages\\backend\\config\\agent-skills"}

[90mstdout[2m | tests/agent-system/lifecycle.test.ts[2m > [22m[2mAgent Lifecycle and State Management[2m > [22m[2mAgent Status Management[2m > [22m[2mshould return agent status to idle after processing a direct message[22m[39m
01:59:50 [[32minfo[39m]  Skill registry loaded: 50 skills {"agents":["combat","event","gamemaster","inventory","map","npc_party","output","quest","*","skill","time"]}

[90mstdout[2m | src/game-systems/audit/__tests__/RootCauseClassifier.test.ts[22m[39m
008: added saves.active_challenge_mode column
Migration 008_add_saves_active_challenge_mode.ts completed successfully
All migrations completed
鉁?Migrations completed
All seeds completed
鉁?Seeds completed
01:59:50 [[32minfo[39m]  Starting YAML-driven Agent system initialization
01:59:50 [[32minfo[39m]  Seeding ModelConfigService from environment
01:59:50 [[32minfo[39m]  No DEEPSEEK_API_KEY env var found, skipping env seed
01:59:50 [[32minfo[39m]  Seeded provider from convict config {"providerType":"openai","providerId":"31f4b889-0a97-4a4a-81b0-958ba1eeb289","model":"openrouter/free"}
01:59:50 [[32minfo[39m]  Creating LLMService with ModelConfigService
01:59:50 [[32minfo[39m]  Creating ContextService and DecisionLogService instances
01:59:50 [[32minfo[39m]  Initializing YAML-driven Agent profiles...
01:59:50 [[32minfo[39m]  Loading config from directory: C:\Users\super\Documents\trae_projects\AGG-main\packages\backend\config
01:59:50 [[32minfo[39m]  Loaded agent profile: fantasy_rpg
01:59:50 [[32minfo[39m]  Loaded agent profile: minimal_test
01:59:50 [[32minfo[39m]  Loaded 0 non-builtin profiles from database (0 builtin skipped, using YAML)
01:59:50 [[32minfo[39m]  Config loaded successfully: 2 profiles
01:59:50 [[32minfo[39m]  YAML config loaded successfully
01:59:50 [[32minfo[39m]  Context rules loaded {"agentCount":10}
01:59:50 [[32minfo[39m]  Default manifests loaded {"agentTypeCount":6,"manifestCount":8}
01:59:50 [[32minfo[39m]  Context rules file watcher started {"path":"C:\\Users\\super\\Documents\\trae_projects\\AGG-main\\packages\\backend\\config\\agent-context-rules.yaml"}
01:59:50 [[32minfo[39m]  Loaded 10 agent capabilities from YAML profiles
01:59:50 [[32minfo[39m]  ToolRegistry initialized
01:59:50 [[32minfo[39m]  Registering ServiceTools to ToolRegistry
01:59:50 [[32minfo[39m]  Tool registered: game_time_service - GameTime Service (v1.0.0)
01:59:50 [[32minfo[39m]  Tool registered: numerical_service - Numerical Service (v1.0.0)
01:59:50 [[32minfo[39m]  Tool registered: character_service - Character Service (v1.0.0)
01:59:50 [[32minfo[39m]  Tool registered: inventory_service - Inventory Service (v1.0.0)
01:59:50 [[32minfo[39m]  Tool registered: skill_service - Skill Service (v1.1.0)
01:59:50 [[32minfo[39m]  Tool registered: map_service - Map Service (v2.0.0)
01:59:50 [[32minfo[39m]  Tool registered: npc_service - NPC Service (v1.0.0)
01:59:50 [[32minfo[39m]  Tool registered: dialogue_service - Dialogue Service (v1.0.0)
01:59:50 [[32minfo[39m]  Tool registered: quest_service - Quest Service (v1.0.0)
01:59:50 [[32minfo[39m]  Tool registered: challenge_service - Challenge Service (v1.0.0)
01:59:50 [[32minfo[39m]  Tool registered: event_service - Event Service (v1.0.0)
01:59:50 [[32minfo[39m]  Tool registered: story_service - Story Service (v1.0.0)
01:59:50 [[32minfo[39m]  Tool registered: game_init_service - Game Init Service (v2.0.0)
01:59:50 [[32minfo[39m]  Tool registered: batch_query_service - Batch Query Service (v1.0.0)
01:59:50 [[32minfo[39m]  Tool registered: entity_graph_service - Entity Graph Service (v1.0.0)
01:59:50 [[32minfo[39m]  Tool registered: template_pool_service - Template Pool Service (v1.0.0)
01:59:50 [[32minfo[39m]  Tool registered: dynamic_ui - Dynamic UI Service (v1.0.0)
01:59:50 [[32minfo[39m]  Tool registered: generate_options - Generate Options Service (v2.0.0)
01:59:50 [[32minfo[39m]  Tool registered: coordinator_service - Coordinator Service (v1.0.0)
01:59:50 [[32minfo[39m]  Tool registered: rule_service - Rule Service (v1.0.0)
01:59:50 [[32minfo[39m]  Tool registered: skill_loader - Skill Loader (v1.0.0)
01:59:50 [[32minfo[39m]  Tool registered: help_service - Help Service (v1.0.0)
01:59:50 [[32minfo[39m]  Tool registered: memory_service - Memory Service (v1.0.0)
01:59:50 [[32minfo[39m]  Registered 23 ServiceTools to ToolRegistry
01:59:50 [[32minfo[39m]  Tool reference validation passed

[90mstdout[2m | src/game-systems/audit/__tests__/RootCauseClassifier.test.ts[22m[39m
01:59:50 [[32minfo[39m]  Discovered 187 help files {"dir":"C:\\Users\\super\\Documents\\trae_projects\\AGG-main\\packages\\backend\\config\\agent-help"}

[90mstdout[2m | src/game-systems/audit/__tests__/llm-checker-independence.test.ts[22m[39m
馃И Setting up comprehensive test environment...
鉁?Database connected
Running migration: 001_init.ts

[90mstdout[2m | src/game-systems/entity-graph/__tests__/AwarenessAutoSubscriber.test.ts[22m[39m
馃И Setting up comprehensive test environment...
鉁?Database connected
Running migration: 001_init.ts

[90mstdout[2m | src/agents/tools/__tests__/help-service.test.ts[22m[39m
007: added combat_states.mode column
Migration 007_add_combat_mode.ts completed successfully
Running migration: 008_add_saves_active_challenge_mode.ts

[90mstdout[2m | src/game-systems/entity-graph/__tests__/AwarenessAutoSubscriber.test.ts[22m[39m
Migration 001_init.ts completed successfully
Running migration: 002_add_equipped_index.ts

[90mstdout[2m | src/game-systems/entity-graph/__tests__/AwarenessAutoSubscriber.test.ts[22m[39m
Migration 002_add_equipped_index.ts completed successfully
Running migration: 003_fix_information_boundaries_timestamps.ts

[90mstdout[2m | src/game-systems/entity-graph/__tests__/AwarenessAutoSubscriber.test.ts[22m[39m
Migration 003_fix_information_boundaries_timestamps.ts completed successfully
Running migration: 004_drop_information_boundaries.ts
004_drop_information_boundaries: information_boundaries table not found, skipping migration
004_drop_information_boundaries: cleared custom_data.knowledge from 0 NPCs
Migration 004_drop_information_boundaries.ts completed successfully
Running migration: 005_drop_npc_relations.ts

[90mstdout[2m | src/game-systems/entity-graph/__tests__/AwarenessAutoSubscriber.test.ts[22m[39m
005_drop_npc_relations: dropped npc_relations table
Migration 005_drop_npc_relations.ts completed successfully
Running migration: 006_awareness_relationship_events_states.ts

[90mstdout[2m | src/game-systems/entity-graph/__tests__/AwarenessAutoSubscriber.test.ts[22m[39m
006: created entity_awareness_events table
006: created entity_awareness_states table
006: created entity_relationship_events table
006: created entity_relationship_states table
Migration 006_awareness_relationship_events_states.ts completed successfully
Running migration: 007_add_combat_mode.ts

[90mstdout[2m | src/game-systems/entity-graph/__tests__/AwarenessAutoSubscriber.test.ts[22m[39m
007: added combat_states.mode column
Migration 007_add_combat_mode.ts completed successfully
Running migration: 008_add_saves_active_challenge_mode.ts

[90mstdout[2m | tests/agent-system/lifecycle.test.ts[2m > [22m[2mAgent Lifecycle and State Management[2m > [22m[2mAgent Status Management[2m > [22m[2mshould return agent status to idle after processing a direct message[22m[39m
01:59:50 [[33mwarn[39m]  dev:runtime_snapshot: no client for saveId {"saveId":"unknown-session"}
01:59:50 [[34mdebug[39m] [REACT-ITER] ReAct iteration 1/200 iter=1 eac10efc {"agent":"output","currentIteration":1,"maxIterations":200,"cumulativeMessages":2}
01:59:50 [[33mwarn[39m]  broadcastToClient: clientId is empty, event dropped eac10efc {"eventType":"agent_progress"}
01:59:50 [[32minfo[39m] [LLM-INPUT] LLM input for output, iteration 1 (full context) iter=1 eac10efc {"agent":"output","model":"openrouter/free","provider":"5f23448c-47dc-4128-8ccc-fa16f9550481","cumulativeMessages":2,"toolsCount":9,"messages":[{"role":"system","content":"浣犳槸杈撳嚭Agent锛圠ayer 3锛夛紝璐熻矗AI-generated Games涓殑瀵硅瘽鍙欎簨鐢熸垚鍜孶I鎸囦护鐢熸垚銆俓n\n## 瑙掕壊瀹氫箟\n浣犳槸灞曠ず灞傜殑鏍稿績Agent锛岃礋璐ｄ袱椤圭嫭绔嬩换鍔★細\n- **瀵硅瘽鍙欎簨**锛氬皢Domain Agent鐨勬暟鎹暣鍚堟鼎鑹蹭负鐢熷姩鐨勫璇濆彊浜嬶紝鐢熸垚澶歂PC瀵硅瘽鍐呭銆佹梺鐧芥弿杩板拰瀵硅瘽閫夐」锛岄€氳繃 `dialogue_service.submit_dialogue` 鎻愪氦\n- **UI鎸囦护*... (11282 chars)"},{"role":"user","content":"[鐜╁鎿嶄綔: direct_message]"}],"tools":[{"name":"game_time_service__get_current_time","description":"鑾峰彇褰撳墠娓告垙鏃堕棿 鑾峰彇褰撳墠娓告垙鏃堕棿璇︽儏","parameters":{}},{"name":"game_time_service__get_period_of_day","description":"鑾峰彇褰撳墠鏃堕棿娈?鑾峰彇褰撳墠鏃堕棿娈碉紙榛庢槑/涓婂崍/涓崍/涓嬪崍/鍌嶆櫄/澶滄櫄/鍗堝锛?,"parameters":{}},"... (9 items)"],"temperature":0.85,"maxTokens":8192,"responseFormat":{"type":"json_object"}}
01:59:50 [[32minfo[39m] [LLM-REQUEST] Provider request to openai/openrouter/free, 2 messages eac10efc {"provider":"openai","model":"openrouter/free","messageCount":2,"toolsCount":9,"temperature":0.85,"maxTokens":16384}

[90mstdout[2m | src/game-systems/audit/__tests__/llm-checker-independence.test.ts[22m[39m
Migration 001_init.ts completed successfully
Running migration: 002_add_equipped_index.ts

[90mstdout[2m | src/game-systems/audit/__tests__/llm-checker-independence.test.ts[22m[39m
Migration 002_add_equipped_index.ts completed successfully
Running migration: 003_fix_information_boundaries_timestamps.ts

[90mstdout[2m | src/game-systems/audit/__tests__/llm-checker-independence.test.ts[22m[39m
Migration 003_fix_information_boundaries_timestamps.ts completed successfully
Running migration: 004_drop_information_boundaries.ts
004_drop_information_boundaries: information_boundaries table not found, skipping migration
004_drop_information_boundaries: cleared custom_data.knowledge from 0 NPCs
Migration 004_drop_information_boundaries.ts completed successfully
Running migration: 005_drop_npc_relations.ts

[90mstdout[2m | src/game-systems/audit/__tests__/llm-checker-independence.test.ts[22m[39m
005_drop_npc_relations: dropped npc_relations table
Migration 005_drop_npc_relations.ts completed successfully
Running migration: 006_awareness_relationship_events_states.ts

[90mstdout[2m | src/game-systems/audit/__tests__/llm-checker-independence.test.ts[22m[39m
006: created entity_awareness_events table
006: created entity_awareness_states table
006: created entity_relationship_events table
006: created entity_relationship_states table
Migration 006_awareness_relationship_events_states.ts completed successfully
Running migration: 007_add_combat_mode.ts

[90mstdout[2m | src/routes/__tests__/e2e-template.test.ts[22m[39m
01:59:50 [[32minfo[39m]  Help registry loaded: 22 tools {"tools":["batch_query_service","challenge_service","... (22 items)"]}
01:59:50 [[32minfo[39m]  Creating GameMasterAgent (as AgentRuntime with isSubAgent=false)
01:59:50 [[32minfo[39m]  Handler subscribed {"eventType":"dialogue"}
01:59:50 [[32minfo[39m]  Handler subscribed {"eventType":"combat_end"}
01:59:50 [[32minfo[39m]  AwarenessAutoSubscriber subscribed to dialogue + combat_end events
01:59:50 [[32minfo[39m]  Agent initialized: gamemaster - GameMasterAgent
01:59:50 [[32minfo[39m] [AGENT-START] Agent gamemaster starting {"agent":"gamemaster","provider":null,"toolsConfigured":1,"maxIterations":200,"isSubAgent":false}
01:59:50 [[32minfo[39m]  Handler subscribed {"eventType":"chapter_advanced"}
01:59:50 [[32minfo[39m]  Creating AgentRuntime instances from default profile: fantasy_rpg
01:59:50 [[32minfo[39m]  Creating agents from profile: fantasy_rpg {"agentCount":10}
01:59:50 [[32minfo[39m]  Agent initialized: gamemaster - GameMasterAgent
01:59:50 [[32minfo[39m] [AGENT-START] Agent gamemaster starting {"agent":"gamemaster","provider":null,"toolsConfigured":1,"maxIterations":200,"isSubAgent":false}
01:59:50 [[32minfo[39m]  Created AgentRuntime: gamemaster {"profile":"fantasy_rpg","tools":["all"]}
01:59:50 [[32minfo[39m]  Agent initialized: map - MapAgent
01:59:50 [[32minfo[39m] [AGENT-START] Agent map starting {"agent":"map","provider":null,"toolsConfigured":7,"maxIterations":200,"isSubAgent":true}
01:59:50 [[32minfo[39m]  Created AgentRuntime: map {"profile":"fantasy_rpg","tools":["map_service","npc_service","... (7 items)"]}
01:59:50 [[32minfo[39m]  Agent initialized: challenge - ChallengeAgent
01:59:50 [[32minfo[39m] [AGENT-START] Agent challenge starting {"agent":"challenge","provider":null,"toolsConfigured":9,"maxIterations":200,"isSubAgent":true}
01:59:50 [[32minfo[39m]  Created AgentRuntime: challenge {"profile":"fantasy_rpg","tools":["challenge_service","numerical_service","... (9 items)"]}
01:59:50 [[32minfo[39m]  Agent initialized: output - OutputAgent
01:59:50 [[32minfo[39m] [AGENT-START] Agent output starting {"agent":"output","provider":null,"toolsConfigured":5,"maxIterations":200,"isSubAgent":true}
01:59:50 [[32minfo[39m]  Created AgentRuntime: output {"profile":"fantasy_rpg","tools":["dialogue_service","dynamic_ui","... (5 items)"]}
01:59:50 [[32minfo[39m]  Agent initialized: quest - QuestAgent
01:59:50 [[32minfo[39m] [AGENT-START] Agent quest starting {"agent":"quest","provider":null,"toolsConfigured":11,"maxIterations":200,"isSubAgent":true}
01:59:50 [[32minfo[39m]  Created AgentRuntime: quest {"profile":"fantasy_rpg","tools":["quest_service","numerical_service","... (11 items)"]}
01:59:50 [[32minfo[39m]  Agent initialized: npc_party - NPCPartyAgent
01:59:50 [[32minfo[39m] [AGENT-START] Agent npc_party starting {"agent":"npc_party","provider":null,"toolsConfigured":9,"maxIterations":200,"isSubAgent":true}
01:59:50 [[32minfo[39m]  Created AgentRuntime: npc_party {"profile":"fantasy_rpg","tools":["npc_service","entity_graph_service","... (9 items)"]}
01:59:50 [[32minfo[39m]  Agent initialized: inventory - InventoryAgent
01:59:50 [[32minfo[39m] [AGENT-START] Agent inventory starting {"agent":"inventory","provider":null,"toolsConfigured":8,"maxIterations":200,"isSubAgent":true}
01:59:50 [[32minfo[39m]  Created AgentRuntime: inventory {"profile":"fantasy_rpg","tools":["inventory_service","template_pool_service","... (8 items)"]}
01:59:50 [[32minfo[39m]  Agent initialized: skill - SkillAgent
01:59:50 [[32minfo[39m] [AGENT-START] Agent skill starting {"agent":"skill","provider":null,"toolsConfigured":7,"maxIterations":200,"isSubAgent":true}
01:59:50 [[32minfo[39m]  Created AgentRuntime: skill {"profile":"fantasy_rpg","tools":["skill_service","template_pool_service","... (7 items)"]}
01:59:50 [[32minfo[39m]  Agent initialized: event - EventAgent
01:59:50 [[32minfo[39m] [AGENT-START] Agent event starting {"agent":"event","provider":null,"toolsConfigured":5,"maxIterations":200,"isSubAgent":true}
01:59:50 [[32minfo[39m]  Created AgentRuntime: event {"profile":"fantasy_rpg","tools":["event_service","game_time_service","... (5 items)"]}
01:59:50 [[32minfo[39m]  Agent initialized: time - TimeAgent
01:59:50 [[32minfo[39m] [AGENT-START] Agent time starting {"agent":"time","provider":null,"toolsConfigured":4,"maxIterations":200,"isSubAgent":true}
01:59:50 [[32minfo[39m]  Created AgentRuntime: time {"profile":"fantasy_rpg","tools":["game_time_service","rule_service","... (4 items)"]}
01:59:50 [[32minfo[39m]  Permissions configured from agent.tools for profile: fantasy_rpg
01:59:50 [[32minfo[39m]  YAML permissions configured
01:59:50 [[32minfo[39m]  Registering AgentRuntime instances to GameMasterAgent...
01:59:50 [[32minfo[39m]  Registered AgentRuntime to Coordinator: gamemaster
01:59:50 [[32minfo[39m]  Registered AgentRuntime to Coordinator: map
01:59:50 [[32minfo[39m]  Registered AgentRuntime to Coordinator: challenge
01:59:50 [[32minfo[39m]  Registered AgentRuntime to Coordinator: output
01:59:50 [[32minfo[39m]  Registered AgentRuntime to Coordinator: quest
01:59:50 [[32minfo[39m]  Registered AgentRuntime to Coordinator: npc_party
01:59:50 [[32minfo[39m]  Registered AgentRuntime to Coordinator: inventory
01:59:50 [[32minfo[39m]  Registered AgentRuntime to Coordinator: skill
01:59:50 [[32minfo[39m]  Registered AgentRuntime to Coordinator: event
01:59:50 [[32minfo[39m]  Registered AgentRuntime to Coordinator: time
01:59:50 [[32minfo[39m]  GameDataExpander configured (manifest path enabled)
01:59:50 [[32minfo[39m]  DedupService configured (dispatch log persistence enabled)
01:59:50 [[32minfo[39m]  Agent system initialized: 10 AgentRuntime instances created
鉁?Agent system initialized with 10 agents
鈿狅笍 YAML Agent system skipped: __vi_import_5__.initializeYamlAgentSystem is not a function
01:59:50 [[32minfo[39m]  Agent routes initialized
01:59:50 [[32minfo[39m]  Save routes initialized
01:59:50 [[32minfo[39m]  Synced template from YAML to DB: cthulhu-investigation
01:59:50 [[32minfo[39m]  Synced template from YAML to DB: cyberpunk-mercenary
01:59:50 [[32minfo[39m]  Synced template from YAML to DB: medieval-fantasy
01:59:50 [[32minfo[39m]  Synced template from YAML to DB: modern-romance
01:59:50 [[32minfo[39m]  Synced template from YAML to DB: xianxia
01:59:50 [[32minfo[39m]  Synced 5 templates from YAML to database
01:59:51 [[32minfo[39m]  Cache refreshed with 5 templates
01:59:51 [[32minfo[39m]  TemplateService loaded {"cachedTemplates":5}
鉁?Template YAML loaded and synced to DB
01:59:51 [[32minfo[39m]  Template routes initialized
鉁?Test environment setup complete

[90mstdout[2m | src/routes/__tests__/e2e-template.test.ts[2m > [22m[2mTemplate API e2e[2m > [22m[2mGET /[2m > [22m[2m杩斿洖绌烘暟缁勫綋鏃犳ā鏉?[22m[39m
Running migration: 001_init.ts
Migration 001_init.ts completed successfully
Running migration: 002_add_equipped_index.ts
Migration 002_add_equipped_index.ts completed successfully
Running migration: 003_fix_information_boundaries_timestamps.ts
Migration 003_fix_information_boundaries_timestamps.ts completed successfully
Running migration: 004_drop_information_boundaries.ts
004_drop_information_boundaries: information_boundaries table not found, skipping migration
004_drop_information_boundaries: cleared custom_data.knowledge from 0 NPCs
Migration 004_drop_information_boundaries.ts completed successfully
Running migration: 005_drop_npc_relations.ts
005_drop_npc_relations: dropped npc_relations table
Migration 005_drop_npc_relations.ts completed successfully
Running migration: 006_awareness_relationship_events_states.ts
006: created entity_awareness_events table
006: created entity_awareness_states table
006: created entity_relationship_events table
006: created entity_relationship_states table
Migration 006_awareness_relationship_events_states.ts completed successfully
Running migration: 007_add_combat_mode.ts
007: added combat_states.mode column
Migration 007_add_combat_mode.ts completed successfully
Running migration: 008_add_saves_active_challenge_mode.ts
008: added saves.active_challenge_mode column
Migration 008_add_saves_active_challenge_mode.ts completed successfully
All migrations completed
01:59:51 [[32minfo[39m]  Template routes initialized

[90mstdout[2m | src/routes/__tests__/e2e-template.test.ts[2m > [22m[2mTemplate API e2e[2m > [22m[2mGET /[2m > [22m[2m杩斿洖绌烘暟缁勫綋鏃犳ā鏉?[22m[39m
01:59:51 [[32minfo[39m]  Cache refreshed with 0 templates

[90mstdout[2m | src/agents/prompt/__tests__/composers.test.ts[22m[39m
馃И Setting up comprehensive test environment...
鉁?Database connected
Running migration: 001_init.ts

[90mstdout[2m | src/routes/__tests__/e2e-template.test.ts[2m > [22m[2mTemplate API e2e[2m > [22m[2mGET /[2m > [22m[2m杩斿洖宸叉湁妯℃澘鏁扮粍[22m[39m
Running migration: 001_init.ts
Migration 001_init.ts completed successfully
Running migration: 002_add_equipped_index.ts
Migration 002_add_equipped_index.ts completed successfully
Running migration: 003_fix_information_boundaries_timestamps.ts
Migration 003_fix_information_boundaries_timestamps.ts completed successfully
Running migration: 004_drop_information_boundaries.ts
004_drop_information_boundaries: information_boundaries table not found, skipping migration
004_drop_information_boundaries: cleared custom_data.knowledge from 0 NPCs
Migration 004_drop_information_boundaries.ts completed successfully
Running migration: 005_drop_npc_relations.ts
005_drop_npc_relations: dropped npc_relations table
Migration 005_drop_npc_relations.ts completed successfully
Running migration: 006_awareness_relationship_events_states.ts
006: created entity_awareness_events table
006: created entity_awareness_states table
006: created entity_relationship_events table
006: created entity_relationship_states table
Migration 006_awareness_relationship_events_states.ts completed successfully
Running migration: 007_add_combat_mode.ts
007: added combat_states.mode column
Migration 007_add_combat_mode.ts completed successfully
Running migration: 008_add_saves_active_challenge_mode.ts
008: added saves.active_challenge_mode column
Migration 008_add_saves_active_challenge_mode.ts completed successfully
All migrations completed
01:59:51 [[32minfo[39m]  Template routes initialized

[90mstdout[2m | src/routes/__tests__/e2e-template.test.ts[2m > [22m[2mTemplate API e2e[2m > [22m[2mGET /[2m > [22m[2m杩斿洖宸叉湁妯℃澘鏁扮粍[22m[39m
01:59:51 [[32minfo[39m]  Cache refreshed with 1 templates

[90mstdout[2m | src/routes/__tests__/e2e-template.test.ts[2m > [22m[2mTemplate API e2e[2m > [22m[2mGET /:id[2m > [22m[2m杩斿洖妯℃澘璇︽儏[22m[39m
Running migration: 001_init.ts
Migration 001_init.ts completed successfully
Running migration: 002_add_equipped_index.ts
Migration 002_add_equipped_index.ts completed successfully
Running migration: 003_fix_information_boundaries_timestamps.ts
Migration 003_fix_information_boundaries_timestamps.ts completed successfully
Running migration: 004_drop_information_boundaries.ts
004_drop_information_boundaries: information_boundaries table not found, skipping migration
004_drop_information_boundaries: cleared custom_data.knowledge from 0 NPCs
Migration 004_drop_information_boundaries.ts completed successfully
Running migration: 005_drop_npc_relations.ts
005_drop_npc_relations: dropped npc_relations table
Migration 005_drop_npc_relations.ts completed successfully
Running migration: 006_awareness_relationship_events_states.ts
006: created entity_awareness_events table
006: created entity_awareness_states table
006: created entity_relationship_events table
006: created entity_relationship_states table
Migration 006_awareness_relationship_events_states.ts completed successfully
Running migration: 007_add_combat_mode.ts
007: added combat_states.mode column
Migration 007_add_combat_mode.ts completed successfully
Running migration: 008_add_saves_active_challenge_mode.ts
008: added saves.active_challenge_mode column
Migration 008_add_saves_active_challenge_mode.ts completed successfully
All migrations completed
01:59:51 [[32minfo[39m]  Template routes initialized

[90mstdout[2m | src/routes/__tests__/e2e-template.test.ts[2m > [22m[2mTemplate API e2e[2m > [22m[2mGET /:id[2m > [22m[2m杩斿洖妯℃澘璇︽儏[22m[39m
01:59:51 [[32minfo[39m]  Cache refreshed with 1 templates

[90mstdout[2m | src/agents/tools/__tests__/help-service.test.ts[22m[39m
008: added saves.active_challenge_mode column
Migration 008_add_saves_active_challenge_mode.ts completed successfully
All migrations completed
鉁?Migrations completed
All seeds completed
鉁?Seeds completed
01:59:50 [[32minfo[39m]  Starting YAML-driven Agent system initialization
01:59:50 [[32minfo[39m]  Seeding ModelConfigService from environment
01:59:50 [[32minfo[39m]  No DEEPSEEK_API_KEY env var found, skipping env seed
01:59:50 [[32minfo[39m]  Seeded provider from convict config {"providerType":"openai","providerId":"47c6607d-244c-4078-b5f1-3d553cbfeafd","model":"openrouter/free"}
01:59:50 [[32minfo[39m]  Creating LLMService with ModelConfigService
01:59:50 [[32minfo[39m]  Creating ContextService and DecisionLogService instances
01:59:50 [[32minfo[39m]  Initializing YAML-driven Agent profiles...
01:59:50 [[32minfo[39m]  Loading config from directory: C:\Users\super\Documents\trae_projects\AGG-main\packages\backend\config
01:59:51 [[32minfo[39m]  Loaded agent profile: fantasy_rpg
01:59:51 [[32minfo[39m]  Loaded agent profile: minimal_test
01:59:51 [[32minfo[39m]  Loaded 0 non-builtin profiles from database (0 builtin skipped, using YAML)
01:59:51 [[32minfo[39m]  Config loaded successfully: 2 profiles
01:59:51 [[32minfo[39m]  YAML config loaded successfully
01:59:51 [[32minfo[39m]  Context rules loaded {"agentCount":10}
01:59:51 [[32minfo[39m]  Default manifests loaded {"agentTypeCount":6,"manifestCount":8}
01:59:51 [[32minfo[39m]  Context rules file watcher started {"path":"C:\\Users\\super\\Documents\\trae_projects\\AGG-main\\packages\\backend\\config\\agent-context-rules.yaml"}
01:59:51 [[32minfo[39m]  Loaded 10 agent capabilities from YAML profiles
01:59:51 [[32minfo[39m]  ToolRegistry initialized
01:59:51 [[32minfo[39m]  Registering ServiceTools to ToolRegistry
01:59:51 [[32minfo[39m]  Tool registered: game_time_service - GameTime Service (v1.0.0)
01:59:51 [[32minfo[39m]  Tool registered: numerical_service - Numerical Service (v1.0.0)
01:59:51 [[32minfo[39m]  Tool registered: character_service - Character Service (v1.0.0)
01:59:51 [[32minfo[39m]  Tool registered: inventory_service - Inventory Service (v1.0.0)
01:59:51 [[32minfo[39m]  Tool registered: skill_service - Skill Service (v1.1.0)
01:59:51 [[32minfo[39m]  Tool registered: map_service - Map Service (v2.0.0)
01:59:51 [[32minfo[39m]  Tool registered: npc_service - NPC Service (v1.0.0)
01:59:51 [[32minfo[39m]  Tool registered: dialogue_service - Dialogue Service (v1.0.0)
01:59:51 [[32minfo[39m]  Tool registered: quest_service - Quest Service (v1.0.0)
01:59:51 [[32minfo[39m]  Tool registered: challenge_service - Challenge Service (v1.0.0)
01:59:51 [[32minfo[39m]  Tool registered: event_service - Event Service (v1.0.0)
01:59:51 [[32minfo[39m]  Tool registered: story_service - Story Service (v1.0.0)
01:59:51 [[32minfo[39m]  Tool registered: game_init_service - Game Init Service (v2.0.0)
01:59:51 [[32minfo[39m]  Tool registered: batch_query_service - Batch Query Service (v1.0.0)
01:59:51 [[32minfo[39m]  Tool registered: entity_graph_service - Entity Graph Service (v1.0.0)
01:59:51 [[32minfo[39m]  Tool registered: template_pool_service - Template Pool Service (v1.0.0)
01:59:51 [[32minfo[39m]  Tool registered: dynamic_ui - Dynamic UI Service (v1.0.0)
01:59:51 [[32minfo[39m]  Tool registered: generate_options - Generate Options Service (v2.0.0)
01:59:51 [[32minfo[39m]  Tool registered: coordinator_service - Coordinator Service (v1.0.0)
01:59:51 [[32minfo[39m]  Tool registered: rule_service - Rule Service (v1.0.0)
01:59:51 [[32minfo[39m]  Tool registered: skill_loader - Skill Loader (v1.0.0)
01:59:51 [[32minfo[39m]  Tool registered: help_service - Help Service (v1.0.0)
01:59:51 [[32minfo[39m]  Tool registered: memory_service - Memory Service (v1.0.0)
01:59:51 [[32minfo[39m]  Registered 23 ServiceTools to ToolRegistry
01:59:51 [[32minfo[39m]  Tool reference validation passed

[90mstdout[2m | src/game-systems/entity-graph/__tests__/AwarenessAutoSubscriber.test.ts[22m[39m
008: added saves.active_challenge_mode column
Migration 008_add_saves_active_challenge_mode.ts completed successfully
All migrations completed
鉁?Migrations completed
All seeds completed
鉁?Seeds completed
01:59:51 [[32minfo[39m]  Starting YAML-driven Agent system initialization
01:59:51 [[32minfo[39m]  Seeding ModelConfigService from environment
01:59:51 [[32minfo[39m]  No DEEPSEEK_API_KEY env var found, skipping env seed
01:59:51 [[32minfo[39m]  Seeded provider from convict config {"providerType":"openai","providerId":"17709a68-8fad-4b3d-9aa3-4c73d7555b71","model":"openrouter/free"}
01:59:51 [[32minfo[39m]  Creating LLMService with ModelConfigService
01:59:51 [[32minfo[39m]  Creating ContextService and DecisionLogService instances
01:59:51 [[32minfo[39m]  Initializing YAML-driven Agent profiles...
01:59:51 [[32minfo[39m]  Loading config from directory: C:\Users\super\Documents\trae_projects\AGG-main\packages\backend\config
01:59:51 [[32minfo[39m]  Loaded agent profile: fantasy_rpg
01:59:51 [[32minfo[39m]  Loaded agent profile: minimal_test
01:59:51 [[32minfo[39m]  Loaded 0 non-builtin profiles from database (0 builtin skipped, using YAML)
01:59:51 [[32minfo[39m]  Config loaded successfully: 2 profiles
01:59:51 [[32minfo[39m]  YAML config loaded successfully
01:59:51 [[32minfo[39m]  Context rules loaded {"agentCount":10}
01:59:51 [[32minfo[39m]  Default manifests loaded {"agentTypeCount":6,"manifestCount":8}
01:59:51 [[32minfo[39m]  Context rules file watcher started {"path":"C:\\Users\\super\\Documents\\trae_projects\\AGG-main\\packages\\backend\\config\\agent-context-rules.yaml"}
01:59:51 [[32minfo[39m]  Loaded 10 agent capabilities from YAML profiles
01:59:51 [[32minfo[39m]  ToolRegistry initialized
01:59:51 [[32minfo[39m]  Registering ServiceTools to ToolRegistry
01:59:51 [[32minfo[39m]  Tool registered: game_time_service - GameTime Service (v1.0.0)
01:59:51 [[32minfo[39m]  Tool registered: numerical_service - Numerical Service (v1.0.0)
01:59:51 [[32minfo[39m]  Tool registered: character_service - Character Service (v1.0.0)
01:59:51 [[32minfo[39m]  Tool registered: inventory_service - Inventory Service (v1.0.0)
01:59:51 [[32minfo[39m]  Tool registered: skill_service - Skill Service (v1.1.0)
01:59:51 [[32minfo[39m]  Tool registered: map_service - Map Service (v2.0.0)
01:59:51 [[32minfo[39m]  Tool registered: npc_service - NPC Service (v1.0.0)
01:59:51 [[32minfo[39m]  Tool registered: dialogue_service - Dialogue Service (v1.0.0)
01:59:51 [[32minfo[39m]  Tool registered: quest_service - Quest Service (v1.0.0)
01:59:51 [[32minfo[39m]  Tool registered: challenge_service - Challenge Service (v1.0.0)
01:59:51 [[32minfo[39m]  Tool registered: event_service - Event Service (v1.0.0)
01:59:51 [[32minfo[39m]  Tool registered: story_service - Story Service (v1.0.0)
01:59:51 [[32minfo[39m]  Tool registered: game_init_service - Game Init Service (v2.0.0)
01:59:51 [[32minfo[39m]  Tool registered: batch_query_service - Batch Query Service (v1.0.0)
01:59:51 [[32minfo[39m]  Tool registered: entity_graph_service - Entity Graph Service (v1.0.0)
01:59:51 [[32minfo[39m]  Tool registered: template_pool_service - Template Pool Service (v1.0.0)
01:59:51 [[32minfo[39m]  Tool registered: dynamic_ui - Dynamic UI Service (v1.0.0)
01:59:51 [[32minfo[39m]  Tool registered: generate_options - Generate Options Service (v2.0.0)
01:59:51 [[32minfo[39m]  Tool registered: coordinator_service - Coordinator Service (v1.0.0)
01:59:51 [[32minfo[39m]  Tool registered: rule_service - Rule Service (v1.0.0)
01:59:51 [[32minfo[39m]  Tool registered: skill_loader - Skill Loader (v1.0.0)
01:59:51 [[32minfo[39m]  Tool registered: help_service - Help Service (v1.0.0)
01:59:51 [[32minfo[39m]  Tool registered: memory_service - Memory Service (v1.0.0)
01:59:51 [[32minfo[39m]  Registered 23 ServiceTools to ToolRegistry
01:59:51 [[32minfo[39m]  Tool reference validation passed

[90mstdout[2m | tests/agent-system/scheduling.test.ts[22m[39m
01:59:50 [[32minfo[39m]  Help registry loaded: 22 tools {"tools":["batch_query_service","challenge_service","... (22 items)"]}
01:59:50 [[32minfo[39m]  Creating GameMasterAgent (as AgentRuntime with isSubAgent=false)
01:59:50 [[32minfo[39m]  Handler subscribed {"eventType":"dialogue"}
01:59:50 [[32minfo[39m]  Handler subscribed {"eventType":"combat_end"}
01:59:50 [[32minfo[39m]  AwarenessAutoSubscriber subscribed to dialogue + combat_end events
01:59:50 [[32minfo[39m]  Agent initialized: gamemaster - GameMasterAgent
01:59:50 [[32minfo[39m] [AGENT-START] Agent gamemaster starting {"agent":"gamemaster","provider":null,"toolsConfigured":1,"maxIterations":200,"isSubAgent":false}
01:59:50 [[32minfo[39m]  Handler subscribed {"eventType":"chapter_advanced"}
01:59:50 [[32minfo[39m]  Creating AgentRuntime instances from default profile: fantasy_rpg
01:59:50 [[32minfo[39m]  Creating agents from profile: fantasy_rpg {"agentCount":10}
01:59:50 [[32minfo[39m]  Agent initialized: gamemaster - GameMasterAgent
01:59:50 [[32minfo[39m] [AGENT-START] Agent gamemaster starting {"agent":"gamemaster","provider":null,"toolsConfigured":1,"maxIterations":200,"isSubAgent":false}
01:59:50 [[32minfo[39m]  Created AgentRuntime: gamemaster {"profile":"fantasy_rpg","tools":["all"]}
01:59:50 [[32minfo[39m]  Agent initialized: map - MapAgent
01:59:50 [[32minfo[39m] [AGENT-START] Agent map starting {"agent":"map","provider":null,"toolsConfigured":7,"maxIterations":200,"isSubAgent":true}
01:59:50 [[32minfo[39m]  Created AgentRuntime: map {"profile":"fantasy_rpg","tools":["map_service","npc_service","... (7 items)"]}
01:59:50 [[32minfo[39m]  Agent initialized: challenge - ChallengeAgent
01:59:50 [[32minfo[39m] [AGENT-START] Agent challenge starting {"agent":"challenge","provider":null,"toolsConfigured":9,"maxIterations":200,"isSubAgent":true}
01:59:50 [[32minfo[39m]  Created AgentRuntime: challenge {"profile":"fantasy_rpg","tools":["challenge_service","numerical_service","... (9 items)"]}
01:59:50 [[32minfo[39m]  Agent initialized: output - OutputAgent
01:59:50 [[32minfo[39m] [AGENT-START] Agent output starting {"agent":"output","provider":null,"toolsConfigured":5,"maxIterations":200,"isSubAgent":true}
01:59:50 [[32minfo[39m]  Created AgentRuntime: output {"profile":"fantasy_rpg","tools":["dialogue_service","dynamic_ui","... (5 items)"]}
01:59:50 [[32minfo[39m]  Agent initialized: quest - QuestAgent
01:59:50 [[32minfo[39m] [AGENT-START] Agent quest starting {"agent":"quest","provider":null,"toolsConfigured":11,"maxIterations":200,"isSubAgent":true}
01:59:50 [[32minfo[39m]  Created AgentRuntime: quest {"profile":"fantasy_rpg","tools":["quest_service","numerical_service","... (11 items)"]}
01:59:50 [[32minfo[39m]  Agent initialized: npc_party - NPCPartyAgent
01:59:50 [[32minfo[39m] [AGENT-START] Agent npc_party starting {"agent":"npc_party","provider":null,"toolsConfigured":9,"maxIterations":200,"isSubAgent":true}
01:59:50 [[32minfo[39m]  Created AgentRuntime: npc_party {"profile":"fantasy_rpg","tools":["npc_service","entity_graph_service","... (9 items)"]}
01:59:50 [[32minfo[39m]  Agent initialized: inventory - InventoryAgent
01:59:50 [[32minfo[39m] [AGENT-START] Agent inventory starting {"agent":"inventory","provider":null,"toolsConfigured":8,"maxIterations":200,"isSubAgent":true}
01:59:50 [[32minfo[39m]  Created AgentRuntime: inventory {"profile":"fantasy_rpg","tools":["inventory_service","template_pool_service","... (8 items)"]}
01:59:50 [[32minfo[39m]  Agent initialized: skill - SkillAgent
01:59:50 [[32minfo[39m] [AGENT-START] Agent skill starting {"agent":"skill","provider":null,"toolsConfigured":7,"maxIterations":200,"isSubAgent":true}
01:59:50 [[32minfo[39m]  Created AgentRuntime: skill {"profile":"fantasy_rpg","tools":["skill_service","template_pool_service","... (7 items)"]}
01:59:50 [[32minfo[39m]  Agent initialized: event - EventAgent
01:59:50 [[32minfo[39m] [AGENT-START] Agent event starting {"agent":"event","provider":null,"toolsConfigured":5,"maxIterations":200,"isSubAgent":true}
01:59:50 [[32minfo[39m]  Created AgentRuntime: event {"profile":"fantasy_rpg","tools":["event_service","game_time_service","... (5 items)"]}
01:59:50 [[32minfo[39m]  Agent initialized: time - TimeAgent
01:59:50 [[32minfo[39m] [AGENT-START] Agent time starting {"agent":"time","provider":null,"toolsConfigured":4,"maxIterations":200,"isSubAgent":true}
01:59:50 [[32minfo[39m]  Created AgentRuntime: time {"profile":"fantasy_rpg","tools":["game_time_service","rule_service","... (4 items)"]}
01:59:50 [[32minfo[39m]  Permissions configured from agent.tools for profile: fantasy_rpg
01:59:50 [[32minfo[39m]  YAML permissions configured
01:59:50 [[32minfo[39m]  Registering AgentRuntime instances to GameMasterAgent...
01:59:50 [[32minfo[39m]  Registered AgentRuntime to Coordinator: gamemaster
01:59:50 [[32minfo[39m]  Registered AgentRuntime to Coordinator: map
01:59:50 [[32minfo[39m]  Registered AgentRuntime to Coordinator: challenge
01:59:50 [[32minfo[39m]  Registered AgentRuntime to Coordinator: output
01:59:50 [[32minfo[39m]  Registered AgentRuntime to Coordinator: quest
01:59:50 [[32minfo[39m]  Registered AgentRuntime to Coordinator: npc_party
01:59:50 [[32minfo[39m]  Registered AgentRuntime to Coordinator: inventory
01:59:50 [[32minfo[39m]  Registered AgentRuntime to Coordinator: skill
01:59:50 [[32minfo[39m]  Registered AgentRuntime to Coordinator: event
01:59:50 [[32minfo[39m]  Registered AgentRuntime to Coordinator: time
01:59:50 [[32minfo[39m]  GameDataExpander configured (manifest path enabled)
01:59:50 [[32minfo[39m]  DedupService configured (dispatch log persistence enabled)
01:59:50 [[32minfo[39m]  Agent system initialized: 10 AgentRuntime instances created
鉁?Agent system initialized with 10 agents
鈿狅笍 YAML Agent system skipped: __vi_import_5__.initializeYamlAgentSystem is not a function
01:59:50 [[32minfo[39m]  Agent routes initialized
01:59:50 [[32minfo[39m]  Save routes initialized
01:59:51 [[32minfo[39m]  Synced template from YAML to DB: cthulhu-investigation
01:59:51 [[32minfo[39m]  Synced template from YAML to DB: cyberpunk-mercenary
01:59:51 [[32minfo[39m]  Synced template from YAML to DB: medieval-fantasy
01:59:51 [[32minfo[39m]  Synced template from YAML to DB: modern-romance
01:59:51 [[32minfo[39m]  Synced template from YAML to DB: xianxia
01:59:51 [[32minfo[39m]  Synced 5 templates from YAML to database
01:59:51 [[32minfo[39m]  Cache refreshed with 5 templates
01:59:51 [[32minfo[39m]  TemplateService loaded {"cachedTemplates":5}
鉁?Template YAML loaded and synced to DB
01:59:51 [[32minfo[39m]  Template routes initialized
鉁?Test environment setup complete

[90mstdout[2m | src/game-systems/audit/__tests__/llm-checker-independence.test.ts[22m[39m
007: added combat_states.mode column
Migration 007_add_combat_mode.ts completed successfully
Running migration: 008_add_saves_active_challenge_mode.ts
008: added saves.active_challenge_mode column
Migration 008_add_saves_active_challenge_mode.ts completed successfully
All migrations completed
鉁?Migrations completed
All seeds completed
鉁?Seeds completed
01:59:51 [[32minfo[39m]  Starting YAML-driven Agent system initialization
01:59:51 [[32minfo[39m]  Seeding ModelConfigService from environment
01:59:51 [[32minfo[39m]  No DEEPSEEK_API_KEY env var found, skipping env seed
01:59:51 [[32minfo[39m]  Seeded provider from convict config {"providerType":"openai","providerId":"8fba43fc-0ca1-40a3-bc74-ca72fb66149d","model":"openrouter/free"}
01:59:51 [[32minfo[39m]  Creating LLMService with ModelConfigService
01:59:51 [[32minfo[39m]  Creating ContextService and DecisionLogService instances
01:59:51 [[32minfo[39m]  Initializing YAML-driven Agent profiles...
01:59:51 [[32minfo[39m]  Loading config from directory: C:\Users\super\Documents\trae_projects\AGG-main\packages\backend\config
01:59:51 [[32minfo[39m]  Loaded agent profile: fantasy_rpg
01:59:51 [[32minfo[39m]  Loaded agent profile: minimal_test
01:59:51 [[32minfo[39m]  Loaded 0 non-builtin profiles from database (0 builtin skipped, using YAML)
01:59:51 [[32minfo[39m]  Config loaded successfully: 2 profiles
01:59:51 [[32minfo[39m]  YAML config loaded successfully
01:59:51 [[32minfo[39m]  Context rules loaded {"agentCount":10}
01:59:51 [[32minfo[39m]  Default manifests loaded {"agentTypeCount":6,"manifestCount":8}
01:59:51 [[32minfo[39m]  Context rules file watcher started {"path":"C:\\Users\\super\\Documents\\trae_projects\\AGG-main\\packages\\backend\\config\\agent-context-rules.yaml"}
01:59:51 [[32minfo[39m]  Loaded 10 agent capabilities from YAML profiles
01:59:51 [[32minfo[39m]  ToolRegistry initialized
01:59:51 [[32minfo[39m]  Registering ServiceTools to ToolRegistry
01:59:51 [[32minfo[39m]  Tool registered: game_time_service - GameTime Service (v1.0.0)
01:59:51 [[32minfo[39m]  Tool registered: numerical_service - Numerical Service (v1.0.0)
01:59:51 [[32minfo[39m]  Tool registered: character_service - Character Service (v1.0.0)
01:59:51 [[32minfo[39m]  Tool registered: inventory_service - Inventory Service (v1.0.0)
01:59:51 [[32minfo[39m]  Tool registered: skill_service - Skill Service (v1.1.0)
01:59:51 [[32minfo[39m]  Tool registered: map_service - Map Service (v2.0.0)
01:59:51 [[32minfo[39m]  Tool registered: npc_service - NPC Service (v1.0.0)
01:59:51 [[32minfo[39m]  Tool registered: dialogue_service - Dialogue Service (v1.0.0)
01:59:51 [[32minfo[39m]  Tool registered: quest_service - Quest Service (v1.0.0)
01:59:51 [[32minfo[39m]  Tool registered: challenge_service - Challenge Service (v1.0.0)
01:59:51 [[32minfo[39m]  Tool registered: event_service - Event Service (v1.0.0)
01:59:51 [[32minfo[39m]  Tool registered: story_service - Story Service (v1.0.0)
01:59:51 [[32minfo[39m]  Tool registered: game_init_service - Game Init Service (v2.0.0)
01:59:51 [[32minfo[39m]  Tool registered: batch_query_service - Batch Query Service (v1.0.0)
01:59:51 [[32minfo[39m]  Tool registered: entity_graph_service - Entity Graph Service (v1.0.0)
01:59:51 [[32minfo[39m]  Tool registered: template_pool_service - Template Pool Service (v1.0.0)
01:59:51 [[32minfo[39m]  Tool registered: dynamic_ui - Dynamic UI Service (v1.0.0)
01:59:51 [[32minfo[39m]  Tool registered: generate_options - Generate Options Service (v2.0.0)
01:59:51 [[32minfo[39m]  Tool registered: coordinator_service - Coordinator Service (v1.0.0)
01:59:51 [[32minfo[39m]  Tool registered: rule_service - Rule Service (v1.0.0)
01:59:51 [[32minfo[39m]  Tool registered: skill_loader - Skill Loader (v1.0.0)
01:59:51 [[32minfo[39m]  Tool registered: help_service - Help Service (v1.0.0)
01:59:51 [[32minfo[39m]  Tool registered: memory_service - Memory Service (v1.0.0)
01:59:51 [[32minfo[39m]  Registered 23 ServiceTools to ToolRegistry
01:59:51 [[32minfo[39m]  Tool reference validation passed

[90mstdout[2m | src/routes/__tests__/e2e-template.test.ts[2m > [22m[2mTemplate API e2e[2m > [22m[2mGET /:id[2m > [22m[2m涓嶅瓨鍦ㄨ繑鍥?404[22m[39m
Running migration: 001_init.ts
Migration 001_init.ts completed successfully
Running migration: 002_add_equipped_index.ts
Migration 002_add_equipped_index.ts completed successfully
Running migration: 003_fix_information_boundaries_timestamps.ts
Migration 003_fix_information_boundaries_timestamps.ts completed successfully
Running migration: 004_drop_information_boundaries.ts
004_drop_information_boundaries: information_boundaries table not found, skipping migration
004_drop_information_boundaries: cleared custom_data.knowledge from 0 NPCs
Migration 004_drop_information_boundaries.ts completed successfully
Running migration: 005_drop_npc_relations.ts
005_drop_npc_relations: dropped npc_relations table
Migration 005_drop_npc_relations.ts completed successfully
Running migration: 006_awareness_relationship_events_states.ts
006: created entity_awareness_events table
006: created entity_awareness_states table
006: created entity_relationship_events table
006: created entity_relationship_states table
Migration 006_awareness_relationship_events_states.ts completed successfully
Running migration: 007_add_combat_mode.ts
007: added combat_states.mode column
Migration 007_add_combat_mode.ts completed successfully
Running migration: 008_add_saves_active_challenge_mode.ts
008: added saves.active_challenge_mode column
Migration 008_add_saves_active_challenge_mode.ts completed successfully
All migrations completed
01:59:51 [[32minfo[39m]  Template routes initialized

[90mstdout[2m | src/routes/__tests__/e2e-template.test.ts[2m > [22m[2mTemplate API e2e[2m > [22m[2mGET /:id[2m > [22m[2m涓嶅瓨鍦ㄨ繑鍥?404[22m[39m
01:59:51 [[32minfo[39m]  Cache refreshed with 0 templates
01:59:51 [[31merror[39m]  Failed to get template {"id":"nonexistent","error":"Template not found: nonexistent"}

[90mstdout[2m | tests/agent-system/scheduling.test.ts[2m > [22m[2mAgent Scheduling System[2m > [22m[2mGameMasterAgent Scheduling[2m > [22m[2mshould show coordinator with 10 registered agents via status[22m[39m
01:59:51 [[32minfo[39m]  [TRACE-19a55564-93ed-4c4f-b657-f86e152c4ea2] [REQUEST] GET /api/v1/agent/status
01:59:51 [[32minfo[39m]  Fetching system status
01:59:51 [[32minfo[39m]  System status retrieved {"agentsCount":10,"toolsCount":23}
01:59:51 [[32minfo[39m]  [TRACE-19a55564-93ed-4c4f-b657-f86e152c4ea2] [RESPONSE] 200 {"success":true,"data":{"coordinator":{"status":"active","type":"gamemaster","name":"GameMasterAgent","currentScheduleDepth":0,"registeredAgentsCount":10},"agents":[{"type":"gamemaster","status":"regi... [truncated, total 1273 chars]
01:59:51 [[32minfo[39m]  GET /status 200 6ms 19a55564 {"method":"GET","url":"/status","status":200,"duration":"6ms"}
01:59:51 [[32minfo[39m]  [TRACE-19a55564-93ed-4c4f-b657-f86e152c4ea2] [DURATION] 7ms

[90mstdout[2m | src/game-systems/map/__tests__/map-duplicate-prevention.test.ts[22m[39m
馃И Setting up comprehensive test environment...
鉁?Database connected
Running migration: 001_init.ts
Migration 001_init.ts completed successfully
Running migration: 002_add_equipped_index.ts

[90mstdout[2m | src/game-systems/entity-graph/__tests__/AwarenessAutoSubscriber.test.ts[22m[39m
01:59:51 [[32minfo[39m]  Discovered 187 help files {"dir":"C:\\Users\\super\\Documents\\trae_projects\\AGG-main\\packages\\backend\\config\\agent-help"}

[90mstdout[2m | src/game-systems/audit/__tests__/llm-checker-independence.test.ts[22m[39m
01:59:51 [[32minfo[39m]  Discovered 187 help files {"dir":"C:\\Users\\super\\Documents\\trae_projects\\AGG-main\\packages\\backend\\config\\agent-help"}

[90mstdout[2m | src/game-systems/audit/__tests__/RootCauseClassifier.test.ts[22m[39m
01:59:51 [[32minfo[39m]  Help registry loaded: 22 tools {"tools":["batch_query_service","challenge_service","... (22 items)"]}
01:59:51 [[32minfo[39m]  Creating GameMasterAgent (as AgentRuntime with isSubAgent=false)
01:59:51 [[32minfo[39m]  Handler subscribed {"eventType":"dialogue"}
01:59:51 [[32minfo[39m]  Handler subscribed {"eventType":"combat_end"}
01:59:51 [[32minfo[39m]  AwarenessAutoSubscriber subscribed to dialogue + combat_end events
01:59:51 [[32minfo[39m]  Agent initialized: gamemaster - GameMasterAgent
01:59:51 [[32minfo[39m] [AGENT-START] Agent gamemaster starting {"agent":"gamemaster","provider":null,"toolsConfigured":1,"maxIterations":200,"isSubAgent":false}
01:59:51 [[32minfo[39m]  Handler subscribed {"eventType":"chapter_advanced"}
01:59:51 [[32minfo[39m]  Creating AgentRuntime instances from default profile: fantasy_rpg
01:59:51 [[32minfo[39m]  Creating agents from profile: fantasy_rpg {"agentCount":10}
01:59:51 [[32minfo[39m]  Agent initialized: gamemaster - GameMasterAgent
01:59:51 [[32minfo[39m] [AGENT-START] Agent gamemaster starting {"agent":"gamemaster","provider":null,"toolsConfigured":1,"maxIterations":200,"isSubAgent":false}
01:59:51 [[32minfo[39m]  Created AgentRuntime: gamemaster {"profile":"fantasy_rpg","tools":["all"]}
01:59:51 [[32minfo[39m]  Agent initialized: map - MapAgent
01:59:51 [[32minfo[39m] [AGENT-START] Agent map starting {"agent":"map","provider":null,"toolsConfigured":7,"maxIterations":200,"isSubAgent":true}
01:59:51 [[32minfo[39m]  Created AgentRuntime: map {"profile":"fantasy_rpg","tools":["map_service","npc_service","... (7 items)"]}
01:59:51 [[32minfo[39m]  Agent initialized: challenge - ChallengeAgent
01:59:51 [[32minfo[39m] [AGENT-START] Agent challenge starting {"agent":"challenge","provider":null,"toolsConfigured":9,"maxIterations":200,"isSubAgent":true}
01:59:51 [[32minfo[39m]  Created AgentRuntime: challenge {"profile":"fantasy_rpg","tools":["challenge_service","numerical_service","... (9 items)"]}
01:59:51 [[32minfo[39m]  Agent initialized: output - OutputAgent
01:59:51 [[32minfo[39m] [AGENT-START] Agent output starting {"agent":"output","provider":null,"toolsConfigured":5,"maxIterations":200,"isSubAgent":true}
01:59:51 [[32minfo[39m]  Created AgentRuntime: output {"profile":"fantasy_rpg","tools":["dialogue_service","dynamic_ui","... (5 items)"]}
01:59:51 [[32minfo[39m]  Agent initialized: quest - QuestAgent
01:59:51 [[32minfo[39m] [AGENT-START] Agent quest starting {"agent":"quest","provider":null,"toolsConfigured":11,"maxIterations":200,"isSubAgent":true}
01:59:51 [[32minfo[39m]  Created AgentRuntime: quest {"profile":"fantasy_rpg","tools":["quest_service","numerical_service","... (11 items)"]}
01:59:51 [[32minfo[39m]  Agent initialized: npc_party - NPCPartyAgent
01:59:51 [[32minfo[39m] [AGENT-START] Agent npc_party starting {"agent":"npc_party","provider":null,"toolsConfigured":9,"maxIterations":200,"isSubAgent":true}
01:59:51 [[32minfo[39m]  Created AgentRuntime: npc_party {"profile":"fantasy_rpg","tools":["npc_service","entity_graph_service","... (9 items)"]}
01:59:51 [[32minfo[39m]  Agent initialized: inventory - InventoryAgent
01:59:51 [[32minfo[39m] [AGENT-START] Agent inventory starting {"agent":"inventory","provider":null,"toolsConfigured":8,"maxIterations":200,"isSubAgent":true}
01:59:51 [[32minfo[39m]  Created AgentRuntime: inventory {"profile":"fantasy_rpg","tools":["inventory_service","template_pool_service","... (8 items)"]}
01:59:51 [[32minfo[39m]  Agent initialized: skill - SkillAgent
01:59:51 [[32minfo[39m] [AGENT-START] Agent skill starting {"agent":"skill","provider":null,"toolsConfigured":7,"maxIterations":200,"isSubAgent":true}
01:59:51 [[32minfo[39m]  Created AgentRuntime: skill {"profile":"fantasy_rpg","tools":["skill_service","template_pool_service","... (7 items)"]}
01:59:51 [[32minfo[39m]  Agent initialized: event - EventAgent
01:59:51 [[32minfo[39m] [AGENT-START] Agent event starting {"agent":"event","provider":null,"toolsConfigured":5,"maxIterations":200,"isSubAgent":true}
01:59:51 [[32minfo[39m]  Created AgentRuntime: event {"profile":"fantasy_rpg","tools":["event_service","game_time_service","... (5 items)"]}
01:59:51 [[32minfo[39m]  Agent initialized: time - TimeAgent
01:59:51 [[32minfo[39m] [AGENT-START] Agent time starting {"agent":"time","provider":null,"toolsConfigured":4,"maxIterations":200,"isSubAgent":true}
01:59:51 [[32minfo[39m]  Created AgentRuntime: time {"profile":"fantasy_rpg","tools":["game_time_service","rule_service","... (4 items)"]}
01:59:51 [[32minfo[39m]  Permissions configured from agent.tools for profile: fantasy_rpg
01:59:51 [[32minfo[39m]  YAML permissions configured
01:59:51 [[32minfo[39m]  Registering AgentRuntime instances to GameMasterAgent...
01:59:51 [[32minfo[39m]  Registered AgentRuntime to Coordinator: gamemaster
01:59:51 [[32minfo[39m]  Registered AgentRuntime to Coordinator: map
01:59:51 [[32minfo[39m]  Registered AgentRuntime to Coordinator: challenge
01:59:51 [[32minfo[39m]  Registered AgentRuntime to Coordinator: output
01:59:51 [[32minfo[39m]  Registered AgentRuntime to Coordinator: quest
01:59:51 [[32minfo[39m]  Registered AgentRuntime to Coordinator: npc_party
01:59:51 [[32minfo[39m]  Registered AgentRuntime to Coordinator: inventory
01:59:51 [[32minfo[39m]  Registered AgentRuntime to Coordinator: skill
01:59:51 [[32minfo[39m]  Registered AgentRuntime to Coordinator: event
01:59:51 [[32minfo[39m]  Registered AgentRuntime to Coordinator: time
01:59:51 [[32minfo[39m]  GameDataExpander configured (manifest path enabled)
01:59:51 [[32minfo[39m]  DedupService configured (dispatch log persistence enabled)
01:59:51 [[32minfo[39m]  Agent system initialized: 10 AgentRuntime instances created
鉁?Agent system initialized with 10 agents
鈿狅笍 YAML Agent system skipped: __vi_import_5__.initializeYamlAgentSystem is not a function
01:59:51 [[32minfo[39m]  Agent routes initialized
01:59:51 [[32minfo[39m]  Save routes initialized
01:59:51 [[32minfo[39m]  Synced template from YAML to DB: cthulhu-investigation
01:59:51 [[32minfo[39m]  Synced template from YAML to DB: cyberpunk-mercenary
01:59:51 [[32minfo[39m]  Synced template from YAML to DB: medieval-fantasy
01:59:51 [[32minfo[39m]  Synced template from YAML to DB: modern-romance
01:59:51 [[32minfo[39m]  Synced template from YAML to DB: xianxia
01:59:51 [[32minfo[39m]  Synced 5 templates from YAML to database
01:59:51 [[32minfo[39m]  Cache refreshed with 5 templates
01:59:51 [[32minfo[39m]  TemplateService loaded {"cachedTemplates":5}
鉁?Template YAML loaded and synced to DB
01:59:51 [[32minfo[39m]  Template routes initialized
鉁?Test environment setup complete
鉁?Database connection closed

 [32m鉁?[39m src/game-systems/audit/__tests__/RootCauseClassifier.test.ts [2m ([22m[2m19 tests[22m[2m)[22m[33m 1421[2mms[22m[39m
[90mstdout[2m | src/agents/tools/__tests__/help-service.test.ts[22m[39m
01:59:51 [[32minfo[39m]  Discovered 187 help files {"dir":"C:\\Users\\super\\Documents\\trae_projects\\AGG-main\\packages\\backend\\config\\agent-help"}

[90mstdout[2m | src/routes/__tests__/e2e-template.test.ts[2m > [22m[2mTemplate API e2e[2m > [22m[2mPOST /[2m > [22m[2m鍒涘缓妯℃澘鎴愬姛杩斿洖妯℃澘瀵硅薄[22m[39m
Running migration: 001_init.ts
Migration 001_init.ts completed successfully
Running migration: 002_add_equipped_index.ts
Migration 002_add_equipped_index.ts completed successfully
Running migration: 003_fix_information_boundaries_timestamps.ts
Migration 003_fix_information_boundaries_timestamps.ts completed successfully
Running migration: 004_drop_information_boundaries.ts
004_drop_information_boundaries: information_boundaries table not found, skipping migration
004_drop_information_boundaries: cleared custom_data.knowledge from 0 NPCs
Migration 004_drop_information_boundaries.ts completed successfully
Running migration: 005_drop_npc_relations.ts
005_drop_npc_relations: dropped npc_relations table
Migration 005_drop_npc_relations.ts completed successfully
Running migration: 006_awareness_relationship_events_states.ts
006: created entity_awareness_events table
006: created entity_awareness_states table
006: created entity_relationship_events table
006: created entity_relationship_states table
Migration 006_awareness_relationship_events_states.ts completed successfully
Running migration: 007_add_combat_mode.ts
007: added combat_states.mode column
Migration 007_add_combat_mode.ts completed successfully
Running migration: 008_add_saves_active_challenge_mode.ts
008: added saves.active_challenge_mode column
Migration 008_add_saves_active_challenge_mode.ts completed successfully
All migrations completed
01:59:51 [[32minfo[39m]  Template routes initialized

[90mstdout[2m | tests/agent-system/scheduling.test.ts[2m > [22m[2mAgent Scheduling System[2m > [22m[2mGameMasterAgent Scheduling[2m > [22m[2mshould list all 10 agent types via agents endpoint[22m[39m
01:59:51 [[32minfo[39m]  [TRACE-f94ac885-3bec-4e99-afac-ea9042d002c2] [REQUEST] GET /api/v1/agent/agents
01:59:51 [[32minfo[39m]  Fetching registered agents
01:59:51 [[32minfo[39m]  Agents retrieved {"count":10}
01:59:51 [[32minfo[39m]  [TRACE-f94ac885-3bec-4e99-afac-ea9042d002c2] [RESPONSE] 200 {"success":true,"data":{"agents":[{"type":"gamemaster","name":"GameMasterAgent","status":"active","systemPrompt":"# GameMaster Agent\n\n浣犳槸娓告垙涓绘寔浜猴紙GameMaster锛夛紝AI-generated Games鐨勬牳蹇冦€備綘璐熻矗鐞嗚В鐜╁鎰忓浘骞跺崗璋冩父鎴忎笘鐣屽搷搴斻€備綘璐熻矗... [truncated, total 1989 chars]
01:59:51 [[32minfo[39m]  GET /agents 200 3ms f94ac885 {"method":"GET","url":"/agents","status":200,"duration":"3ms"}
01:59:51 [[32minfo[39m]  [TRACE-f94ac885-3bec-4e99-afac-ea9042d002c2] [DURATION] 3ms

[90mstdout[2m | tests/agent-system/scheduling.test.ts[2m > [22m[2mAgent Scheduling System[2m > [22m[2mGameMasterAgent Scheduling[2m > [22m[2mshould have gamemaster type and active status[22m[39m
01:59:51 [[32minfo[39m]  [TRACE-a43f14ef-0e3d-4754-b017-599440978c31] [REQUEST] GET /api/v1/agent/status
01:59:51 [[32minfo[39m]  Fetching system status
01:59:51 [[32minfo[39m]  System status retrieved {"agentsCount":10,"toolsCount":23}
01:59:51 [[32minfo[39m]  [TRACE-a43f14ef-0e3d-4754-b017-599440978c31] [RESPONSE] 200 {"success":true,"data":{"coordinator":{"status":"active","type":"gamemaster","name":"GameMasterAgent","currentScheduleDepth":0,"registeredAgentsCount":10},"agents":[{"type":"gamemaster","status":"regi... [truncated, total 1273 chars]
01:59:51 [[32minfo[39m]  GET /status 200 2ms a43f14ef {"method":"GET","url":"/status","status":200,"duration":"2ms"}
01:59:51 [[32minfo[39m]  [TRACE-a43f14ef-0e3d-4754-b017-599440978c31] [DURATION] 3ms

[90mstdout[2m | tests/agent-system/scheduling.test.ts[2m > [22m[2mAgent Scheduling System[2m > [22m[2mAgent Registration[2m > [22m[2meach agent should have type, name, status, and systemPrompt[22m[39m
01:59:51 [[32minfo[39m]  [TRACE-6205a94a-b35b-42ec-86d0-45f5cf19f22f] [REQUEST] GET /api/v1/agent/agents
01:59:51 [[32minfo[39m]  Fetching registered agents
01:59:51 [[32minfo[39m]  Agents retrieved {"count":10}
01:59:51 [[32minfo[39m]  [TRACE-6205a94a-b35b-42ec-86d0-45f5cf19f22f] [RESPONSE] 200 {"success":true,"data":{"agents":[{"type":"gamemaster","name":"GameMasterAgent","status":"active","systemPrompt":"# GameMaster Agent\n\n浣犳槸娓告垙涓绘寔浜猴紙GameMaster锛夛紝AI-generated Games鐨勬牳蹇冦€備綘璐熻矗鐞嗚В鐜╁鎰忓浘骞跺崗璋冩父鎴忎笘鐣屽搷搴斻€備綘璐熻矗... [truncated, total 1989 chars]
01:59:51 [[32minfo[39m]  GET /agents 200 7ms 6205a94a {"method":"GET","url":"/agents","status":200,"duration":"7ms"}
01:59:51 [[32minfo[39m]  [TRACE-6205a94a-b35b-42ec-86d0-45f5cf19f22f] [DURATION] 7ms

[90mstdout[2m | src/routes/__tests__/e2e-template.test.ts[2m > [22m[2mTemplate API e2e[2m > [22m[2mPOST /[2m > [22m[2m鍒涘缓妯℃澘鎴愬姛杩斿洖妯℃澘瀵硅薄[22m[39m
01:59:51 [[33mwarn[39m]  Import template with warnings {"warnings":[{"field":"character_creation.attributes","message":"attributes array is missing or empty"},{"field":"initial_data.skills","message":"skills is missing or invalid"},{"field":"initial_data.items_by_class","message":"items_by_class is missing or invalid"},{"field":"initial_data.items_by_background","message":"items_by_background is recommended"},{"field":"initial_data.equipment","message":"equipment is recommended"},{"field":"initial_data.gold","message":"gold is missing or invalid"},{"field":"starting_scene.location","message":"starting_scene.location is recommended"},{"field":"starting_scene.description","message":"starting_scene.description is recommended"},{"field":"ai_constraints.tone","message":"ai_constraints.tone is recommended"},{"field":"ai_constraints.ai_behavior","message":"ai_constraints.ai_behavior is recommended"},{"field":"game_rules.currency_system","message":"currency_system is recommended"},{"field":"game_rules.combat_system","message":"combat_system is recommended"}]}
01:59:51 [[32minfo[39m]  Cache refreshed with 1 templates
01:59:51 [[32minfo[39m]  Template imported successfully {"id":"test-template","name":"Test Fantasy Template","warnings":12}

[90mstdout[2m | tests/agent-system/scheduling.test.ts[2m > [22m[2mAgent Scheduling System[2m > [22m[2mAgent Registration[2m > [22m[2mshould contain all 10 expected agent types[22m[39m
01:59:51 [[32minfo[39m]  [TRACE-6076fc57-0e9b-424a-a146-34ec39f4a33f] [REQUEST] GET /api/v1/agent/agents
01:59:51 [[32minfo[39m]  Fetching registered agents
01:59:51 [[32minfo[39m]  Agents retrieved {"count":10}
01:59:51 [[32minfo[39m]  [TRACE-6076fc57-0e9b-424a-a146-34ec39f4a33f] [RESPONSE] 200 {"success":true,"data":{"agents":[{"type":"gamemaster","name":"GameMasterAgent","status":"active","systemPrompt":"# GameMaster Agent\n\n浣犳槸娓告垙涓绘寔浜猴紙GameMaster锛夛紝AI-generated Games鐨勬牳蹇冦€備綘璐熻矗鐞嗚В鐜╁鎰忓浘骞跺崗璋冩父鎴忎笘鐣屽搷搴斻€備綘璐熻矗... [truncated, total 1989 chars]
01:59:51 [[32minfo[39m]  GET /agents 200 2ms 6076fc57 {"method":"GET","url":"/agents","status":200,"duration":"2ms"}
01:59:51 [[32minfo[39m]  [TRACE-6076fc57-0e9b-424a-a146-34ec39f4a33f] [DURATION] 2ms

[90mstdout[2m | tests/agent-system/scheduling.test.ts[2m > [22m[2mAgent Scheduling System[2m > [22m[2mAgent Registration[2m > [22m[2meach agent systemPrompt should contain tool information[22m[39m
01:59:51 [[32minfo[39m]  [TRACE-3de58245-aa14-476b-b5b3-b1889b18f946] [REQUEST] GET /api/v1/agent/agents
01:59:51 [[32minfo[39m]  Fetching registered agents
01:59:51 [[32minfo[39m]  Agents retrieved {"count":10}
01:59:51 [[32minfo[39m]  [TRACE-3de58245-aa14-476b-b5b3-b1889b18f946] [RESPONSE] 200 {"success":true,"data":{"agents":[{"type":"gamemaster","name":"GameMasterAgent","status":"active","systemPrompt":"# GameMaster Agent\n\n浣犳槸娓告垙涓绘寔浜猴紙GameMaster锛夛紝AI-generated Games鐨勬牳蹇冦€備綘璐熻矗鐞嗚В鐜╁鎰忓浘骞跺崗璋冩父鎴忎笘鐣屽搷搴斻€備綘璐熻矗... [truncated, total 1989 chars]
01:59:51 [[32minfo[39m]  GET /agents 200 1ms 3de58245 {"method":"GET","url":"/agents","status":200,"duration":"1ms"}
01:59:51 [[32minfo[39m]  [TRACE-3de58245-aa14-476b-b5b3-b1889b18f946] [DURATION] 1ms

[90mstdout[2m | src/services/__tests__/staging-knex.location-connections-batch.test.ts[2m > [22m[2mStagingKnex location_connections 鎵归噺鏇存柊鍥炲綊娴嬭瘯[2m > [22m[2mwhereIn 鏇存柊 conditions锛圛N 璇箟锛?[2m > [22m[2mwhereIn 鏉′欢鐨?read 搴旀寜 IN 璇箟鍖归厤 ShadowState[22m[39m
Running migration: 001_init.ts
Migration 001_init.ts completed successfully
Running migration: 002_add_equipped_index.ts
Migration 002_add_equipped_index.ts completed successfully
Running migration: 003_fix_information_boundaries_timestamps.ts
Migration 003_fix_information_boundaries_timestamps.ts completed successfully
Running migration: 004_drop_information_boundaries.ts
004_drop_information_boundaries: information_boundaries table not found, skipping migration
004_drop_information_boundaries: cleared custom_data.knowledge from 0 NPCs
Migration 004_drop_information_boundaries.ts completed successfully
Running migration: 005_drop_npc_relations.ts
005_drop_npc_relations: dropped npc_relations table
Migration 005_drop_npc_relations.ts completed successfully
Running migration: 006_awareness_relationship_events_states.ts
006: created entity_awareness_events table
006: created entity_awareness_states table
006: created entity_relationship_events table
006: created entity_relationship_states table
Migration 006_awareness_relationship_events_states.ts completed successfully
Running migration: 007_add_combat_mode.ts
007: added combat_states.mode column
Migration 007_add_combat_mode.ts completed successfully
Running migration: 008_add_saves_active_challenge_mode.ts
008: added saves.active_challenge_mode column
Migration 008_add_saves_active_challenge_mode.ts completed successfully
All migrations completed

[90mstdout[2m | src/services/__tests__/staging-knex.location-connections-batch.test.ts[2m > [22m[2mStagingKnex location_connections 鎵归噺鏇存柊鍥炲綊娴嬭瘯[2m > [22m[2mwhereIn 鏇存柊 conditions锛圛N 璇箟锛?[2m > [22m[2mwhereIn 鏉′欢鐨?delete 搴斾粎鍒犻櫎鍖归厤琛岋紝涓嶈鍒犲叾浠栬[22m[39m
Running migration: 001_init.ts
Migration 001_init.ts completed successfully
Running migration: 002_add_equipped_index.ts
Migration 002_add_equipped_index.ts completed successfully
Running migration: 003_fix_information_boundaries_timestamps.ts
Migration 003_fix_information_boundaries_timestamps.ts completed successfully
Running migration: 004_drop_information_boundaries.ts
004_drop_information_boundaries: information_boundaries table not found, skipping migration
004_drop_information_boundaries: cleared custom_data.knowledge from 0 NPCs
Migration 004_drop_information_boundaries.ts completed successfully
Running migration: 005_drop_npc_relations.ts
005_drop_npc_relations: dropped npc_relations table
Migration 005_drop_npc_relations.ts completed successfully
Running migration: 006_awareness_relationship_events_states.ts
006: created entity_awareness_events table
006: created entity_awareness_states table
006: created entity_relationship_events table
006: created entity_relationship_states table
Migration 006_awareness_relationship_events_states.ts completed successfully
Running migration: 007_add_combat_mode.ts
007: added combat_states.mode column
Migration 007_add_combat_mode.ts completed successfully
Running migration: 008_add_saves_active_challenge_mode.ts
008: added saves.active_challenge_mode column
Migration 008_add_saves_active_challenge_mode.ts completed successfully
All migrations completed

[90mstdout[2m | src/services/__tests__/staging-knex.location-connections-batch.test.ts[2m > [22m[2mStagingKnex location_connections 鎵归噺鏇存柊鍥炲綊娴嬭瘯[2m > [22m[2mLocationConnectionRepository.deleteByLocationId 鎷嗗垎涓烘樉寮?where(object)[2m > [22m[2m鍒犻櫎鍗曞湴鐐硅繛鎺ユ椂涓嶅奖鍝嶅叾浠栧湴鐐圭殑杩炴帴[22m[39m
Running migration: 001_init.ts
Migration 001_init.ts completed successfully
Running migration: 002_add_equipped_index.ts
Migration 002_add_equipped_index.ts completed successfully
Running migration: 003_fix_information_boundaries_timestamps.ts
Migration 003_fix_information_boundaries_timestamps.ts completed successfully
Running migration: 004_drop_information_boundaries.ts
004_drop_information_boundaries: information_boundaries table not found, skipping migration
004_drop_information_boundaries: cleared custom_data.knowledge from 0 NPCs
Migration 004_drop_information_boundaries.ts completed successfully
Running migration: 005_drop_npc_relations.ts
005_drop_npc_relations: dropped npc_relations table
Migration 005_drop_npc_relations.ts completed successfully
Running migration: 006_awareness_relationship_events_states.ts
006: created entity_awareness_events table
006: created entity_awareness_states table
006: created entity_relationship_events table
006: created entity_relationship_states table
Migration 006_awareness_relationship_events_states.ts completed successfully
Running migration: 007_add_combat_mode.ts
007: added combat_states.mode column
Migration 007_add_combat_mode.ts completed successfully
Running migration: 008_add_saves_active_challenge_mode.ts
008: added saves.active_challenge_mode column
Migration 008_add_saves_active_challenge_mode.ts completed successfully
All migrations completed

[90mstdout[2m | src/services/__tests__/staging-knex.location-connections-batch.test.ts[2m > [22m[2mStagingKnex location_connections 鎵归噺鏇存柊鍥炲綊娴嬭瘯[2m > [22m[2m鎵归噺 update_location 杩炴帴鍦烘櫙锛堟牳蹇?bug 鍥炲綊锛?[2m > [22m[2m杩炵画澶氭 update_location 鐨?delete+insert 涓嶅簲杩為攣鍒犻櫎鍓嶅簭 insert[22m[39m
Running migration: 001_init.ts
Migration 001_init.ts completed successfully
Running migration: 002_add_equipped_index.ts
Migration 002_add_equipped_index.ts completed successfully
Running migration: 003_fix_information_boundaries_timestamps.ts
Migration 003_fix_information_boundaries_timestamps.ts completed successfully
Running migration: 004_drop_information_boundaries.ts
004_drop_information_boundaries: information_boundaries table not found, skipping migration
004_drop_information_boundaries: cleared custom_data.knowledge from 0 NPCs
Migration 004_drop_information_boundaries.ts completed successfully
Running migration: 005_drop_npc_relations.ts
005_drop_npc_relations: dropped npc_relations table
Migration 005_drop_npc_relations.ts completed successfully
Running migration: 006_awareness_relationship_events_states.ts
006: created entity_awareness_events table
006: created entity_awareness_states table
006: created entity_relationship_events table
006: created entity_relationship_states table
Migration 006_awareness_relationship_events_states.ts completed successfully
Running migration: 007_add_combat_mode.ts
007: added combat_states.mode column
Migration 007_add_combat_mode.ts completed successfully
Running migration: 008_add_saves_active_challenge_mode.ts
008: added saves.active_challenge_mode column
Migration 008_add_saves_active_challenge_mode.ts completed successfully
All migrations completed

[90mstdout[2m | src/services/__tests__/staging-knex.location-connections-batch.test.ts[2m > [22m[2mStagingKnex location_connections 鎵归噺鏇存柊鍥炲綊娴嬭瘯[2m > [22m[2m鎵归噺 update_location 杩炴帴鍦烘櫙锛堟牳蹇?bug 鍥炲綊锛?[2m > [22m[2mupdate_location 鍚庨€氳繃 findConnectedIds 璇诲彇搴旇繑鍥為潪绌鸿繛鎺?[22m[39m
Running migration: 001_init.ts
Migration 001_init.ts completed successfully
Running migration: 002_add_equipped_index.ts
Migration 002_add_equipped_index.ts completed successfully
Running migration: 003_fix_information_boundaries_timestamps.ts
Migration 003_fix_information_boundaries_timestamps.ts completed successfully
Running migration: 004_drop_information_boundaries.ts
004_drop_information_boundaries: information_boundaries table not found, skipping migration
004_drop_information_boundaries: cleared custom_data.knowledge from 0 NPCs
Migration 004_drop_information_boundaries.ts completed successfully
Running migration: 005_drop_npc_relations.ts
005_drop_npc_relations: dropped npc_relations table
Migration 005_drop_npc_relations.ts completed successfully
Running migration: 006_awareness_relationship_events_states.ts
006: created entity_awareness_events table
006: created entity_awareness_states table
006: created entity_relationship_events table
006: created entity_relationship_states table
Migration 006_awareness_relationship_events_states.ts completed successfully
Running migration: 007_add_combat_mode.ts
007: added combat_states.mode column
Migration 007_add_combat_mode.ts completed successfully
Running migration: 008_add_saves_active_challenge_mode.ts
008: added saves.active_challenge_mode column
Migration 008_add_saves_active_challenge_mode.ts completed successfully
All migrations completed

[90mstdout[2m | src/services/__tests__/staging-knex.location-connections-batch.test.ts[2m > [22m[2mStagingKnex location_connections 鎵归噺鏇存柊鍥炲綊娴嬭瘯[2m > [22m[2m鎵归噺 update_location 杩炴帴鍦烘櫙锛堟牳蹇?bug 鍥炲綊锛?[2m > [22m[2m鍚屽湴鐐逛簩娆?update_location 搴旀浛鎹㈡棫杩炴帴鑰岄潪绱姞[22m[39m
Running migration: 001_init.ts
Migration 001_init.ts completed successfully
Running migration: 002_add_equipped_index.ts
Migration 002_add_equipped_index.ts completed successfully
Running migration: 003_fix_information_boundaries_timestamps.ts
Migration 003_fix_information_boundaries_timestamps.ts completed successfully
Running migration: 004_drop_information_boundaries.ts
004_drop_information_boundaries: information_boundaries table not found, skipping migration
004_drop_information_boundaries: cleared custom_data.knowledge from 0 NPCs
Migration 004_drop_information_boundaries.ts completed successfully
Running migration: 005_drop_npc_relations.ts
005_drop_npc_relations: dropped npc_relations table
Migration 005_drop_npc_relations.ts completed successfully
Running migration: 006_awareness_relationship_events_states.ts
006: created entity_awareness_events table
006: created entity_awareness_states table
006: created entity_relationship_events table
006: created entity_relationship_states table
Migration 006_awareness_relationship_events_states.ts completed successfully
Running migration: 007_add_combat_mode.ts
007: added combat_states.mode column
Migration 007_add_combat_mode.ts completed successfully
Running migration: 008_add_saves_active_challenge_mode.ts
008: added saves.active_challenge_mode column
Migration 008_add_saves_active_challenge_mode.ts completed successfully
All migrations completed

[90mstdout[2m | src/services/__tests__/staging-knex.location-connections-batch.test.ts[2m > [22m[2mStagingKnex location_connections 鎵归噺鏇存柊鍥炲綊娴嬭瘯[2m > [22m[2mfindConnectedIds 鎷嗗垎涓烘樉寮?where(object)[2m > [22m[2m浠呰繑鍥炰笌鎸囧畾鍦扮偣鐩歌繛鐨勮繛鎺ワ紝涓嶈繑鍥炲叏 save 杩炴帴[22m[39m
Running migration: 001_init.ts
Migration 001_init.ts completed successfully
Running migration: 002_add_equipped_index.ts
Migration 002_add_equipped_index.ts completed successfully
Running migration: 003_fix_information_boundaries_timestamps.ts
Migration 003_fix_information_boundaries_timestamps.ts completed successfully
Running migration: 004_drop_information_boundaries.ts
004_drop_information_boundaries: information_boundaries table not found, skipping migration
004_drop_information_boundaries: cleared custom_data.knowledge from 0 NPCs
Migration 004_drop_information_boundaries.ts completed successfully
Running migration: 005_drop_npc_relations.ts
005_drop_npc_relations: dropped npc_relations table
Migration 005_drop_npc_relations.ts completed successfully
Running migration: 006_awareness_relationship_events_states.ts
006: created entity_awareness_events table
006: created entity_awareness_states table
006: created entity_relationship_events table
006: created entity_relationship_states table
Migration 006_awareness_relationship_events_states.ts completed successfully
Running migration: 007_add_combat_mode.ts
007: added combat_states.mode column
Migration 007_add_combat_mode.ts completed successfully
Running migration: 008_add_saves_active_challenge_mode.ts
008: added saves.active_challenge_mode column
Migration 008_add_saves_active_challenge_mode.ts completed successfully
All migrations completed

[90mstdout[2m | src/services/__tests__/staging-knex.location-connections-batch.test.ts[22m[39m
01:59:50 [[32minfo[39m]  Help registry loaded: 22 tools {"tools":["batch_query_service","challenge_service","... (22 items)"]}
01:59:50 [[32minfo[39m]  Creating GameMasterAgent (as AgentRuntime with isSubAgent=false)
01:59:50 [[32minfo[39m]  Handler subscribed {"eventType":"dialogue"}
01:59:50 [[32minfo[39m]  Handler subscribed {"eventType":"combat_end"}
01:59:50 [[32minfo[39m]  AwarenessAutoSubscriber subscribed to dialogue + combat_end events
01:59:50 [[32minfo[39m]  Agent initialized: gamemaster - GameMasterAgent
01:59:50 [[32minfo[39m] [AGENT-START] Agent gamemaster starting {"agent":"gamemaster","provider":null,"toolsConfigured":1,"maxIterations":200,"isSubAgent":false}
01:59:50 [[32minfo[39m]  Handler subscribed {"eventType":"chapter_advanced"}
01:59:50 [[32minfo[39m]  Creating AgentRuntime instances from default profile: fantasy_rpg
01:59:50 [[32minfo[39m]  Creating agents from profile: fantasy_rpg {"agentCount":10}
01:59:50 [[32minfo[39m]  Agent initialized: gamemaster - GameMasterAgent
01:59:50 [[32minfo[39m] [AGENT-START] Agent gamemaster starting {"agent":"gamemaster","provider":null,"toolsConfigured":1,"maxIterations":200,"isSubAgent":false}
01:59:50 [[32minfo[39m]  Created AgentRuntime: gamemaster {"profile":"fantasy_rpg","tools":["all"]}
01:59:50 [[32minfo[39m]  Agent initialized: map - MapAgent
01:59:50 [[32minfo[39m] [AGENT-START] Agent map starting {"agent":"map","provider":null,"toolsConfigured":7,"maxIterations":200,"isSubAgent":true}
01:59:50 [[32minfo[39m]  Created AgentRuntime: map {"profile":"fantasy_rpg","tools":["map_service","npc_service","... (7 items)"]}
01:59:50 [[32minfo[39m]  Agent initialized: challenge - ChallengeAgent
01:59:50 [[32minfo[39m] [AGENT-START] Agent challenge starting {"agent":"challenge","provider":null,"toolsConfigured":9,"maxIterations":200,"isSubAgent":true}
01:59:50 [[32minfo[39m]  Created AgentRuntime: challenge {"profile":"fantasy_rpg","tools":["challenge_service","numerical_service","... (9 items)"]}
01:59:50 [[32minfo[39m]  Agent initialized: output - OutputAgent
01:59:50 [[32minfo[39m] [AGENT-START] Agent output starting {"agent":"output","provider":null,"toolsConfigured":5,"maxIterations":200,"isSubAgent":true}
01:59:50 [[32minfo[39m]  Created AgentRuntime: output {"profile":"fantasy_rpg","tools":["dialogue_service","dynamic_ui","... (5 items)"]}
01:59:50 [[32minfo[39m]  Agent initialized: quest - QuestAgent
01:59:50 [[32minfo[39m] [AGENT-START] Agent quest starting {"agent":"quest","provider":null,"toolsConfigured":11,"maxIterations":200,"isSubAgent":true}
01:59:50 [[32minfo[39m]  Created AgentRuntime: quest {"profile":"fantasy_rpg","tools":["quest_service","numerical_service","... (11 items)"]}
01:59:50 [[32minfo[39m]  Agent initialized: npc_party - NPCPartyAgent
01:59:50 [[32minfo[39m] [AGENT-START] Agent npc_party starting {"agent":"npc_party","provider":null,"toolsConfigured":9,"maxIterations":200,"isSubAgent":true}
01:59:50 [[32minfo[39m]  Created AgentRuntime: npc_party {"profile":"fantasy_rpg","tools":["npc_service","entity_graph_service","... (9 items)"]}
01:59:50 [[32minfo[39m]  Agent initialized: inventory - InventoryAgent
01:59:50 [[32minfo[39m] [AGENT-START] Agent inventory starting {"agent":"inventory","provider":null,"toolsConfigured":8,"maxIterations":200,"isSubAgent":true}
01:59:50 [[32minfo[39m]  Created AgentRuntime: inventory {"profile":"fantasy_rpg","tools":["inventory_service","template_pool_service","... (8 items)"]}
01:59:50 [[32minfo[39m]  Agent initialized: skill - SkillAgent
01:59:50 [[32minfo[39m] [AGENT-START] Agent skill starting {"agent":"skill","provider":null,"toolsConfigured":7,"maxIterations":200,"isSubAgent":true}
01:59:50 [[32minfo[39m]  Created AgentRuntime: skill {"profile":"fantasy_rpg","tools":["skill_service","template_pool_service","... (7 items)"]}
01:59:50 [[32minfo[39m]  Agent initialized: event - EventAgent
01:59:50 [[32minfo[39m] [AGENT-START] Agent event starting {"agent":"event","provider":null,"toolsConfigured":5,"maxIterations":200,"isSubAgent":true}
01:59:50 [[32minfo[39m]  Created AgentRuntime: event {"profile":"fantasy_rpg","tools":["event_service","game_time_service","... (5 items)"]}
01:59:50 [[32minfo[39m]  Agent initialized: time - TimeAgent
01:59:50 [[32minfo[39m] [AGENT-START] Agent time starting {"agent":"time","provider":null,"toolsConfigured":4,"maxIterations":200,"isSubAgent":true}
01:59:50 [[32minfo[39m]  Created AgentRuntime: time {"profile":"fantasy_rpg","tools":["game_time_service","rule_service","... (4 items)"]}
01:59:50 [[32minfo[39m]  Permissions configured from agent.tools for profile: fantasy_rpg
01:59:50 [[32minfo[39m]  YAML permissions configured
01:59:50 [[32minfo[39m]  Registering AgentRuntime instances to GameMasterAgent...
01:59:50 [[32minfo[39m]  Registered AgentRuntime to Coordinator: gamemaster
01:59:50 [[32minfo[39m]  Registered AgentRuntime to Coordinator: map
01:59:50 [[32minfo[39m]  Registered AgentRuntime to Coordinator: challenge
01:59:50 [[32minfo[39m]  Registered AgentRuntime to Coordinator: output
01:59:50 [[32minfo[39m]  Registered AgentRuntime to Coordinator: quest
01:59:50 [[32minfo[39m]  Registered AgentRuntime to Coordinator: npc_party
01:59:50 [[32minfo[39m]  Registered AgentRuntime to Coordinator: inventory
01:59:50 [[32minfo[39m]  Registered AgentRuntime to Coordinator: skill
01:59:50 [[32minfo[39m]  Registered AgentRuntime to Coordinator: event
01:59:50 [[32minfo[39m]  Registered AgentRuntime to Coordinator: time
01:59:50 [[32minfo[39m]  GameDataExpander configured (manifest path enabled)
01:59:50 [[32minfo[39m]  DedupService configured (dispatch log persistence enabled)
01:59:50 [[32minfo[39m]  Agent system initialized: 10 AgentRuntime instances created
鉁?Agent system initialized with 10 agents
鈿狅笍 YAML Agent system skipped: __vi_import_5__.initializeYamlAgentSystem is not a function
01:59:50 [[32minfo[39m]  Agent routes initialized
01:59:50 [[32minfo[39m]  Save routes initialized
01:59:50 [[32minfo[39m]  Synced template from YAML to DB: cthulhu-investigation
01:59:50 [[32minfo[39m]  Synced template from YAML to DB: cyberpunk-mercenary
01:59:50 [[32minfo[39m]  Synced template from YAML to DB: medieval-fantasy
01:59:50 [[32minfo[39m]  Synced template from YAML to DB: modern-romance
01:59:50 [[32minfo[39m]  Synced template from YAML to DB: xianxia
01:59:50 [[32minfo[39m]  Synced 5 templates from YAML to database
01:59:50 [[32minfo[39m]  Cache refreshed with 5 templates
01:59:50 [[32minfo[39m]  TemplateService loaded {"cachedTemplates":5}
鉁?Template YAML loaded and synced to DB
01:59:50 [[32minfo[39m]  Template routes initialized
鉁?Test environment setup complete
鉁?Database connection closed

[90mstdout[2m | tests/agent-system/scheduling.test.ts[2m > [22m[2mAgent Scheduling System[2m > [22m[2mAgent Registration[2m > [22m[2mall agents should have active status[22m[39m
01:59:51 [[32minfo[39m]  [TRACE-c3eb252f-08e7-4811-a3a2-dc55182ae234] [REQUEST] GET /api/v1/agent/agents
01:59:51 [[32minfo[39m]  Fetching registered agents
01:59:51 [[32minfo[39m]  Agents retrieved {"count":10}
01:59:51 [[32minfo[39m]  [TRACE-c3eb252f-08e7-4811-a3a2-dc55182ae234] [RESPONSE] 200 {"success":true,"data":{"agents":[{"type":"gamemaster","name":"GameMasterAgent","status":"active","systemPrompt":"# GameMaster Agent\n\n浣犳槸娓告垙涓绘寔浜猴紙GameMaster锛夛紝AI-generated Games鐨勬牳蹇冦€備綘璐熻矗鐞嗚В鐜╁鎰忓浘骞跺崗璋冩父鎴忎笘鐣屽搷搴斻€備綘璐熻矗... [truncated, total 1989 chars]
01:59:51 [[32minfo[39m]  GET /agents 200 1ms c3eb252f {"method":"GET","url":"/agents","status":200,"duration":"1ms"}
01:59:51 [[32minfo[39m]  [TRACE-c3eb252f-08e7-4811-a3a2-dc55182ae234] [DURATION] 2ms

 [32m鉁?[39m src/services/__tests__/staging-knex.location-connections-batch.test.ts [2m ([22m[2m7 tests[22m[2m)[22m[33m 2519[2mms[22m[39m
[90mstdout[2m | src/agents/prompt/__tests__/composers.test.ts[22m[39m
Migration 001_init.ts completed successfully
Running migration: 002_add_equipped_index.ts

[90mstdout[2m | tests/agent-system/scheduling.test.ts[2m > [22m[2mAgent Scheduling System[2m > [22m[2mTool Registry[2m > [22m[2mshould return 23 tools via tools endpoint[22m[39m
01:59:51 [[32minfo[39m]  [TRACE-61bbc251-adb3-43b1-a514-c4bb593c8b6c] [REQUEST] GET /api/v1/agent/tools
01:59:51 [[32minfo[39m]  Fetching available tools
01:59:51 [[32minfo[39m]  Tools retrieved {"count":23}
01:59:51 [[32minfo[39m]  [TRACE-61bbc251-adb3-43b1-a514-c4bb593c8b6c] [RESPONSE] 200 {"success":true,"data":{"tools":[{"type":"game_time_service","name":"GameTime Service","description":"娓告垙鏃堕棿绠＄悊鏈嶅姟銆傝缁嗕娇鐢ㄦ柟娉曡璋冪敤 get_tool_help 宸ュ叿銆?,"version":"1.0.0","methods":[{"name":"advance_time","descrip... [truncated, total 123695 chars]
01:59:51 [[32minfo[39m]  GET /tools 200 12ms 61bbc251 {"method":"GET","url":"/tools","status":200,"duration":"12ms"}
01:59:51 [[32minfo[39m]  [TRACE-61bbc251-adb3-43b1-a514-c4bb593c8b6c] [DURATION] 12ms

[90mstdout[2m | src/game-systems/map/__tests__/map-duplicate-prevention.test.ts[22m[39m
Migration 002_add_equipped_index.ts completed successfully
Running migration: 003_fix_information_boundaries_timestamps.ts
Migration 003_fix_information_boundaries_timestamps.ts completed successfully
Running migration: 004_drop_information_boundaries.ts
004_drop_information_boundaries: information_boundaries table not found, skipping migration
004_drop_information_boundaries: cleared custom_data.knowledge from 0 NPCs
Migration 004_drop_information_boundaries.ts completed successfully
Running migration: 005_drop_npc_relations.ts
005_drop_npc_relations: dropped npc_relations table
Migration 005_drop_npc_relations.ts completed successfully
Running migration: 006_awareness_relationship_events_states.ts
006: created entity_awareness_events table
006: created entity_awareness_states table
006: created entity_relationship_events table
006: created entity_relationship_states table
Migration 006_awareness_relationship_events_states.ts completed successfully
Running migration: 007_add_combat_mode.ts
007: added combat_states.mode column
Migration 007_add_combat_mode.ts completed successfully
Running migration: 008_add_saves_active_challenge_mode.ts
008: added saves.active_challenge_mode column
Migration 008_add_saves_active_challenge_mode.ts completed successfully
All migrations completed
鉁?Migrations completed
All seeds completed
鉁?Seeds completed
01:59:51 [[32minfo[39m]  Starting YAML-driven Agent system initialization
01:59:51 [[32minfo[39m]  Seeding ModelConfigService from environment
01:59:51 [[32minfo[39m]  No DEEPSEEK_API_KEY env var found, skipping env seed
01:59:51 [[32minfo[39m]  Seeded provider from convict config {"providerType":"openai","providerId":"07823956-20e1-4250-b0b7-296a2dbfc65e","model":"openrouter/free"}
01:59:51 [[32minfo[39m]  Creating LLMService with ModelConfigService
01:59:51 [[32minfo[39m]  Creating ContextService and DecisionLogService instances
01:59:51 [[32minfo[39m]  Initializing YAML-driven Agent profiles...
01:59:51 [[32minfo[39m]  Loading config from directory: C:\Users\super\Documents\trae_projects\AGG-main\packages\backend\config
01:59:51 [[32minfo[39m]  Loaded agent profile: fantasy_rpg
01:59:51 [[32minfo[39m]  Loaded agent profile: minimal_test
01:59:51 [[32minfo[39m]  Loaded 0 non-builtin profiles from database (0 builtin skipped, using YAML)
01:59:51 [[32minfo[39m]  Config loaded successfully: 2 profiles
01:59:51 [[32minfo[39m]  YAML config loaded successfully
01:59:51 [[32minfo[39m]  Context rules loaded {"agentCount":10}
01:59:51 [[32minfo[39m]  Default manifests loaded {"agentTypeCount":6,"manifestCount":8}
01:59:51 [[32minfo[39m]  Context rules file watcher started {"path":"C:\\Users\\super\\Documents\\trae_projects\\AGG-main\\packages\\backend\\config\\agent-context-rules.yaml"}
01:59:51 [[32minfo[39m]  Loaded 10 agent capabilities from YAML profiles
01:59:51 [[32minfo[39m]  ToolRegistry initialized
01:59:51 [[32minfo[39m]  Registering ServiceTools to ToolRegistry
01:59:51 [[32minfo[39m]  Tool registered: game_time_service - GameTime Service (v1.0.0)
01:59:51 [[32minfo[39m]  Tool registered: numerical_service - Numerical Service (v1.0.0)
01:59:51 [[32minfo[39m]  Tool registered: character_service - Character Service (v1.0.0)
01:59:51 [[32minfo[39m]  Tool registered: inventory_service - Inventory Service (v1.0.0)
01:59:51 [[32minfo[39m]  Tool registered: skill_service - Skill Service (v1.1.0)
01:59:51 [[32minfo[39m]  Tool registered: map_service - Map Service (v2.0.0)
01:59:51 [[32minfo[39m]  Tool registered: npc_service - NPC Service (v1.0.0)
01:59:51 [[32minfo[39m]  Tool registered: dialogue_service - Dialogue Service (v1.0.0)
01:59:51 [[32minfo[39m]  Tool registered: quest_service - Quest Service (v1.0.0)
01:59:51 [[32minfo[39m]  Tool registered: challenge_service - Challenge Service (v1.0.0)
01:59:51 [[32minfo[39m]  Tool registered: event_service - Event Service (v1.0.0)
01:59:51 [[32minfo[39m]  Tool registered: story_service - Story Service (v1.0.0)
01:59:51 [[32minfo[39m]  Tool registered: game_init_service - Game Init Service (v2.0.0)
01:59:51 [[32minfo[39m]  Tool registered: batch_query_service - Batch Query Service (v1.0.0)
01:59:51 [[32minfo[39m]  Tool registered: entity_graph_service - Entity Graph Service (v1.0.0)
01:59:51 [[32minfo[39m]  Tool registered: template_pool_service - Template Pool Service (v1.0.0)
01:59:51 [[32minfo[39m]  Tool registered: dynamic_ui - Dynamic UI Service (v1.0.0)
01:59:51 [[32minfo[39m]  Tool registered: generate_options - Generate Options Service (v2.0.0)
01:59:51 [[32minfo[39m]  Tool registered: coordinator_service - Coordinator Service (v1.0.0)
01:59:51 [[32minfo[39m]  Tool registered: rule_service - Rule Service (v1.0.0)
01:59:51 [[32minfo[39m]  Tool registered: skill_loader - Skill Loader (v1.0.0)
01:59:51 [[32minfo[39m]  Tool registered: help_service - Help Service (v1.0.0)
01:59:51 [[32minfo[39m]  Tool registered: memory_service - Memory Service (v1.0.0)
01:59:51 [[32minfo[39m]  Registered 23 ServiceTools to ToolRegistry
01:59:51 [[32minfo[39m]  Tool reference validation passed

[90mstdout[2m | tests/agent-system/scheduling.test.ts[2m > [22m[2mAgent Scheduling System[2m > [22m[2mTool Registry[2m > [22m[2meach tool should have name and description[22m[39m
01:59:51 [[32minfo[39m]  [TRACE-cc281d1b-48bb-458b-a6bd-0d44ce49cf8a] [REQUEST] GET /api/v1/agent/tools
01:59:51 [[32minfo[39m]  Fetching available tools
01:59:51 [[32minfo[39m]  Tools retrieved {"count":23}
01:59:51 [[32minfo[39m]  [TRACE-cc281d1b-48bb-458b-a6bd-0d44ce49cf8a] [RESPONSE] 200 {"success":true,"data":{"tools":[{"type":"game_time_service","name":"GameTime Service","description":"娓告垙鏃堕棿绠＄悊鏈嶅姟銆傝缁嗕娇鐢ㄦ柟娉曡璋冪敤 get_tool_help 宸ュ叿銆?,"version":"1.0.0","methods":[{"name":"advance_time","descrip... [truncated, total 123695 chars]
01:59:51 [[32minfo[39m]  GET /tools 200 5ms cc281d1b {"method":"GET","url":"/tools","status":200,"duration":"5ms"}
01:59:51 [[32minfo[39m]  [TRACE-cc281d1b-48bb-458b-a6bd-0d44ce49cf8a] [DURATION] 5ms

[90mstdout[2m | tests/agent-system/scheduling.test.ts[2m > [22m[2mAgent Scheduling System[2m > [22m[2mTool Registry[2m > [22m[2mshould include all ServiceTool types[22m[39m
01:59:51 [[32minfo[39m]  [TRACE-a718036e-d3f8-4151-86bc-3b4fd903c9ed] [REQUEST] GET /api/v1/agent/tools
01:59:51 [[32minfo[39m]  Fetching available tools
01:59:51 [[32minfo[39m]  Tools retrieved {"count":23}
01:59:51 [[32minfo[39m]  [TRACE-a718036e-d3f8-4151-86bc-3b4fd903c9ed] [RESPONSE] 200 {"success":true,"data":{"tools":[{"type":"game_time_service","name":"GameTime Service","description":"娓告垙鏃堕棿绠＄悊鏈嶅姟銆傝缁嗕娇鐢ㄦ柟娉曡璋冪敤 get_tool_help 宸ュ叿銆?,"version":"1.0.0","methods":[{"name":"advance_time","descrip... [truncated, total 123695 chars]
01:59:51 [[32minfo[39m]  GET /tools 200 10ms a718036e {"method":"GET","url":"/tools","status":200,"duration":"10ms"}
01:59:51 [[32minfo[39m]  [TRACE-a718036e-d3f8-4151-86bc-3b4fd903c9ed] [DURATION] 11ms

[90mstdout[2m | src/agents/prompt/__tests__/composers.test.ts[22m[39m
Migration 002_add_equipped_index.ts completed successfully
Running migration: 003_fix_information_boundaries_timestamps.ts

[90mstdout[2m | src/routes/__tests__/e2e-template.test.ts[2m > [22m[2mTemplate API e2e[2m > [22m[2mPOST /[2m > [22m[2m缂哄皯 data 瀛楁杩斿洖 400[22m[39m
Running migration: 001_init.ts
Migration 001_init.ts completed successfully
Running migration: 002_add_equipped_index.ts
Migration 002_add_equipped_index.ts completed successfully
Running migration: 003_fix_information_boundaries_timestamps.ts
Migration 003_fix_information_boundaries_timestamps.ts completed successfully
Running migration: 004_drop_information_boundaries.ts
004_drop_information_boundaries: information_boundaries table not found, skipping migration
004_drop_information_boundaries: cleared custom_data.knowledge from 0 NPCs
Migration 004_drop_information_boundaries.ts completed successfully
Running migration: 005_drop_npc_relations.ts
005_drop_npc_relations: dropped npc_relations table
Migration 005_drop_npc_relations.ts completed successfully
Running migration: 006_awareness_relationship_events_states.ts
006: created entity_awareness_events table
006: created entity_awareness_states table
006: created entity_relationship_events table
006: created entity_relationship_states table
Migration 006_awareness_relationship_events_states.ts completed successfully
Running migration: 007_add_combat_mode.ts
007: added combat_states.mode column
Migration 007_add_combat_mode.ts completed successfully
Running migration: 008_add_saves_active_challenge_mode.ts
008: added saves.active_challenge_mode column
Migration 008_add_saves_active_challenge_mode.ts completed successfully
All migrations completed
01:59:51 [[32minfo[39m]  Template routes initialized

[90mstdout[2m | tests/agent-system/scheduling.test.ts[2m > [22m[2mAgent Scheduling System[2m > [22m[2mTool Registry[2m > [22m[2mshould include all 23 ServiceTool types[22m[39m
01:59:51 [[32minfo[39m]  [TRACE-ec61a6b5-65d1-4cb9-ad68-8ad23775d731] [REQUEST] GET /api/v1/agent/tools
01:59:51 [[32minfo[39m]  Fetching available tools
01:59:51 [[32minfo[39m]  Tools retrieved {"count":23}
01:59:51 [[32minfo[39m]  [TRACE-ec61a6b5-65d1-4cb9-ad68-8ad23775d731] [RESPONSE] 200 {"success":true,"data":{"tools":[{"type":"game_time_service","name":"GameTime Service","description":"娓告垙鏃堕棿绠＄悊鏈嶅姟銆傝缁嗕娇鐢ㄦ柟娉曡璋冪敤 get_tool_help 宸ュ叿銆?,"version":"1.0.0","methods":[{"name":"advance_time","descrip... [truncated, total 123695 chars]
01:59:51 [[32minfo[39m]  GET /tools 200 13ms ec61a6b5 {"method":"GET","url":"/tools","status":200,"duration":"13ms"}
01:59:51 [[32minfo[39m]  [TRACE-ec61a6b5-65d1-4cb9-ad68-8ad23775d731] [DURATION] 13ms

[90mstdout[2m | src/agents/prompt/__tests__/composers.test.ts[22m[39m
Migration 003_fix_information_boundaries_timestamps.ts completed successfully
Running migration: 004_drop_information_boundaries.ts
004_drop_information_boundaries: information_boundaries table not found, skipping migration
004_drop_information_boundaries: cleared custom_data.knowledge from 0 NPCs
Migration 004_drop_information_boundaries.ts completed successfully
Running migration: 005_drop_npc_relations.ts
005_drop_npc_relations: dropped npc_relations table
Migration 005_drop_npc_relations.ts completed successfully
Running migration: 006_awareness_relationship_events_states.ts

[90mstdout[2m | tests/agent-system/scheduling.test.ts[2m > [22m[2mAgent Scheduling System[2m > [22m[2mTool Registry[2m > [22m[2mstatus endpoint should report 23 tools total[22m[39m
01:59:51 [[32minfo[39m]  [TRACE-81fa3f4b-530b-45ee-ae1c-e9bc0e5f885f] [REQUEST] GET /api/v1/agent/status
01:59:51 [[32minfo[39m]  Fetching system status
01:59:51 [[32minfo[39m]  System status retrieved {"agentsCount":10,"toolsCount":23}
01:59:51 [[32minfo[39m]  [TRACE-81fa3f4b-530b-45ee-ae1c-e9bc0e5f885f] [RESPONSE] 200 {"success":true,"data":{"coordinator":{"status":"active","type":"gamemaster","name":"GameMasterAgent","currentScheduleDepth":0,"registeredAgentsCount":10},"agents":[{"type":"gamemaster","status":"regi... [truncated, total 1275 chars]
01:59:51 [[32minfo[39m]  GET /status 200 2ms 81fa3f4b {"method":"GET","url":"/status","status":200,"duration":"2ms"}
01:59:51 [[32minfo[39m]  [TRACE-81fa3f4b-530b-45ee-ae1c-e9bc0e5f885f] [DURATION] 2ms

[90mstdout[2m | src/game-systems/map/__tests__/map-duplicate-prevention.test.ts[22m[39m
01:59:51 [[32minfo[39m]  Discovered 187 help files {"dir":"C:\\Users\\super\\Documents\\trae_projects\\AGG-main\\packages\\backend\\config\\agent-help"}

[90mstdout[2m | tests/agent-system/scheduling.test.ts[2m > [22m[2mAgent Scheduling System[2m > [22m[2mTool Registry[2m > [22m[2mstatus endpoint should list all expected tool types[22m[39m
01:59:51 [[32minfo[39m]  [TRACE-e79e83c0-db2f-42c5-b343-8baecb777681] [REQUEST] GET /api/v1/agent/status
01:59:51 [[32minfo[39m]  Fetching system status
01:59:51 [[32minfo[39m]  System status retrieved {"agentsCount":10,"toolsCount":23}
01:59:51 [[32minfo[39m]  [TRACE-e79e83c0-db2f-42c5-b343-8baecb777681] [RESPONSE] 200 {"success":true,"data":{"coordinator":{"status":"active","type":"gamemaster","name":"GameMasterAgent","currentScheduleDepth":0,"registeredAgentsCount":10},"agents":[{"type":"gamemaster","status":"regi... [truncated, total 1275 chars]
01:59:51 [[32minfo[39m]  GET /status 200 1ms e79e83c0 {"method":"GET","url":"/status","status":200,"duration":"1ms"}
01:59:51 [[32minfo[39m]  [TRACE-e79e83c0-db2f-42c5-b343-8baecb777681] [DURATION] 2ms

[90mstdout[2m | src/agents/prompt/__tests__/composers.test.ts[22m[39m
006: created entity_awareness_events table
006: created entity_awareness_states table
006: created entity_relationship_events table
006: created entity_relationship_states table
Migration 006_awareness_relationship_events_states.ts completed successfully
Running migration: 007_add_combat_mode.ts

[90mstdout[2m | tests/save/save.routes.test.ts[22m[39m
馃И Setting up comprehensive test environment...
鉁?Database connected
Running migration: 001_init.ts

[90mstdout[2m | tests/agent-system/scheduling.test.ts[2m > [22m[2mAgent Scheduling System[2m > [22m[2mIntent Analysis[2m > [22m[2mshould return 400 when saveId is missing[22m[39m
01:59:51 [[32minfo[39m]  POST / 400 1ms f23590af {"method":"POST","url":"/","status":400,"duration":"1ms"}

[90mstdout[2m | src/routes/__tests__/e2e-template.test.ts[2m > [22m[2mTemplate API e2e[2m > [22m[2mPOST /[2m > [22m[2m缂哄皯蹇呭～ name 瀛楁杩斿洖 400[22m[39m
Running migration: 001_init.ts
Migration 001_init.ts completed successfully
Running migration: 002_add_equipped_index.ts
Migration 002_add_equipped_index.ts completed successfully
Running migration: 003_fix_information_boundaries_timestamps.ts
Migration 003_fix_information_boundaries_timestamps.ts completed successfully
Running migration: 004_drop_information_boundaries.ts
004_drop_information_boundaries: information_boundaries table not found, skipping migration
004_drop_information_boundaries: cleared custom_data.knowledge from 0 NPCs
Migration 004_drop_information_boundaries.ts completed successfully
Running migration: 005_drop_npc_relations.ts
005_drop_npc_relations: dropped npc_relations table
Migration 005_drop_npc_relations.ts completed successfully
Running migration: 006_awareness_relationship_events_states.ts
006: created entity_awareness_events table
006: created entity_awareness_states table
006: created entity_relationship_events table
006: created entity_relationship_states table
Migration 006_awareness_relationship_events_states.ts completed successfully
Running migration: 007_add_combat_mode.ts
007: added combat_states.mode column
Migration 007_add_combat_mode.ts completed successfully
Running migration: 008_add_saves_active_challenge_mode.ts
008: added saves.active_challenge_mode column
Migration 008_add_saves_active_challenge_mode.ts completed successfully
All migrations completed
01:59:51 [[32minfo[39m]  Template routes initialized

[90mstdout[2m | src/routes/__tests__/e2e-template.test.ts[2m > [22m[2mTemplate API e2e[2m > [22m[2mPOST /[2m > [22m[2m缂哄皯蹇呭～ name 瀛楁杩斿洖 400[22m[39m
01:59:51 [[31merror[39m]  Failed to import template {"error":"Template validation failed: [name] Template name is required"}
01:59:51 [[31merror[39m]  Failed to import template {"error":"Template validation failed: [name] Template name is required"}

[90mstdout[2m | tests/agent-system/scheduling.test.ts[2m > [22m[2mAgent Scheduling System[2m > [22m[2mIntent Analysis[2m > [22m[2mshould return 400 when saveId is empty string[22m[39m
01:59:51 [[32minfo[39m]  POST / 400 1ms c0753798 {"method":"POST","url":"/","status":400,"duration":"1ms"}

[90mstdout[2m | src/routes/__tests__/e2e-template.test.ts[2m > [22m[2mTemplate API e2e[2m > [22m[2mPUT /:id[2m > [22m[2m鏇存柊妯℃澘鎴愬姛杩斿洖鏇存柊鍚庡璞?[22m[39m
Running migration: 001_init.ts
Migration 001_init.ts completed successfully
Running migration: 002_add_equipped_index.ts
Migration 002_add_equipped_index.ts completed successfully
Running migration: 003_fix_information_boundaries_timestamps.ts
Migration 003_fix_information_boundaries_timestamps.ts completed successfully
Running migration: 004_drop_information_boundaries.ts
004_drop_information_boundaries: information_boundaries table not found, skipping migration
004_drop_information_boundaries: cleared custom_data.knowledge from 0 NPCs
Migration 004_drop_information_boundaries.ts completed successfully
Running migration: 005_drop_npc_relations.ts
005_drop_npc_relations: dropped npc_relations table
Migration 005_drop_npc_relations.ts completed successfully
Running migration: 006_awareness_relationship_events_states.ts
006: created entity_awareness_events table
006: created entity_awareness_states table
006: created entity_relationship_events table
006: created entity_relationship_states table
Migration 006_awareness_relationship_events_states.ts completed successfully
Running migration: 007_add_combat_mode.ts
007: added combat_states.mode column
Migration 007_add_combat_mode.ts completed successfully
Running migration: 008_add_saves_active_challenge_mode.ts
008: added saves.active_challenge_mode column
Migration 008_add_saves_active_challenge_mode.ts completed successfully
All migrations completed
01:59:51 [[32minfo[39m]  Template routes initialized

[90mstdout[2m | tests/save/save.routes.test.ts[22m[39m
Migration 001_init.ts completed successfully
Running migration: 002_add_equipped_index.ts

[90mstdout[2m | tests/agent-system/scheduling.test.ts[2m > [22m[2mAgent Scheduling System[2m > [22m[2mIntent Analysis[2m > [22m[2mshould return 400 for invalid agentType in direct message[22m[39m
01:59:51 [[32minfo[39m]  [TRACE-a919d678-6b43-4f68-bed1-9a1dc3ccf9e4] [REQUEST] POST /api/v1/agent/message
01:59:51 [[31merror[39m]  Error occurred: [
  {
    "code": "invalid_value",
    "values": [
      "gamemaster",
      "output",
      "challenge",
      "quest",
      "map",
      "npc_party",
      "inventory",
      "skill",
      "numerical",
      "event",
      "time"
    ],
    "path": [
      "agentType"
    ],
    "message": "鏃犳晥鐨凙gent绫诲瀷"
  }
] {"name":"ZodError"}
01:59:51 [[32minfo[39m]  [TRACE-a919d678-6b43-4f68-bed1-9a1dc3ccf9e4] [RESPONSE] 400 {"success":false,"error":{"code":"VALIDATION_ERROR","message":"鍙傛暟楠岃瘉澶辫触","details":{"errors":[{"path":"agentType","message":"鏃犳晥鐨凙gent绫诲瀷"}]}},"meta":{"timestamp":1785002391775,"requestId":"f3fa0821-2d63-... [truncated, total 225 chars]
01:59:51 [[32minfo[39m]  POST /api/v1/agent/message 400 20ms a919d678 {"method":"POST","url":"/api/v1/agent/message","status":400,"duration":"20ms"}
01:59:51 [[32minfo[39m]  [TRACE-a919d678-6b43-4f68-bed1-9a1dc3ccf9e4] [DURATION] 27ms

[90mstdout[2m | src/routes/__tests__/e2e-template.test.ts[2m > [22m[2mTemplate API e2e[2m > [22m[2mPUT /:id[2m > [22m[2m鏇存柊妯℃澘鎴愬姛杩斿洖鏇存柊鍚庡璞?[22m[39m
01:59:51 [[32minfo[39m]  Cache refreshed with 1 templates
01:59:51 [[32minfo[39m]  Cache refreshed with 1 templates

[90mstdout[2m | tests/save/save.routes.test.ts[22m[39m
Migration 002_add_equipped_index.ts completed successfully
Running migration: 003_fix_information_boundaries_timestamps.ts
Migration 003_fix_information_boundaries_timestamps.ts completed successfully
Running migration: 004_drop_information_boundaries.ts
004_drop_information_boundaries: information_boundaries table not found, skipping migration
004_drop_information_boundaries: cleared custom_data.knowledge from 0 NPCs
Migration 004_drop_information_boundaries.ts completed successfully
Running migration: 005_drop_npc_relations.ts
005_drop_npc_relations: dropped npc_relations table
Migration 005_drop_npc_relations.ts completed successfully
Running migration: 006_awareness_relationship_events_states.ts

[90mstdout[2m | tests/agent-system/scheduling.test.ts[2m > [22m[2mAgent Scheduling System[2m > [22m[2mIntent Analysis[2m > [22m[2mshould return 400 for invalid agentType in direct message[22m[39m
01:59:51 [[32minfo[39m]  [TRACE-c138b61d-6cdc-4244-acf8-4727442a4c82] [REQUEST] POST /api/v1/agent/message
01:59:51 [[31merror[39m]  Error occurred: [
  {
    "code": "invalid_value",
    "values": [
      "gamemaster",
      "output",
      "challenge",
      "quest",
      "map",
      "npc_party",
      "inventory",
      "skill",
      "numerical",
      "event",
      "time"
    ],
    "path": [
      "agentType"
    ],
    "message": "鏃犳晥鐨凙gent绫诲瀷"
  }
] {"name":"ZodError"}
01:59:51 [[32minfo[39m]  [TRACE-c138b61d-6cdc-4244-acf8-4727442a4c82] [RESPONSE] 400 {"success":false,"error":{"code":"VALIDATION_ERROR","message":"鍙傛暟楠岃瘉澶辫触","details":{"errors":[{"path":"agentType","message":"鏃犳晥鐨凙gent绫诲瀷"}]}},"meta":{"timestamp":1785002391800,"requestId":"ae67780c-60fd-... [truncated, total 225 chars]
01:59:51 [[32minfo[39m]  POST /api/v1/agent/message 400 7ms c138b61d {"method":"POST","url":"/api/v1/agent/message","status":400,"duration":"7ms"}
01:59:51 [[32minfo[39m]  [TRACE-c138b61d-6cdc-4244-acf8-4727442a4c82] [DURATION] 7ms

[90mstdout[2m | tests/save/save.routes.test.ts[22m[39m
006: created entity_awareness_events table
006: created entity_awareness_states table
006: created entity_relationship_events table
006: created entity_relationship_states table
Migration 006_awareness_relationship_events_states.ts completed successfully
Running migration: 007_add_combat_mode.ts

[90mstdout[2m | tests/save/save.routes.test.ts[22m[39m
007: added combat_states.mode column
Migration 007_add_combat_mode.ts completed successfully
Running migration: 008_add_saves_active_challenge_mode.ts

[90mstdout[2m | src/game-systems/audit/__tests__/llm-checker-independence.test.ts[2m > [22m[2mLLMChecker 鐙珛鎬ф祴璇?[2m > [22m[2m闂 C: LLM 澶辫触鏃惰繑鍥炰綆缃俊搴?warning[2m > [22m[2m澶辫触1: LLM 鏈嶅姟鎶涢敊 - 杩斿洖浣庣疆淇″害 warning锛堥潪绌?failures锛?[22m[39m
01:59:51 [[33mwarn[39m]  LLM check failed, returning low-confidence warning {"taskId":"task-llm-1","error":"LLM service unavailable"}

[90mstdout[2m | src/game-systems/audit/__tests__/llm-checker-independence.test.ts[2m > [22m[2mLLMChecker 鐙珛鎬ф祴璇?[2m > [22m[2m闂 C: LLM 澶辫触鏃惰繑鍥炰綆缃俊搴?warning[2m > [22m[2m澶辫触2: LLM 澶辫触杩斿洖鐨?failure 缁村害涓?content_quality[22m[39m
01:59:51 [[33mwarn[39m]  LLM check failed, returning low-confidence warning {"taskId":"task-llm-1","error":"LLM service unavailable"}

[90mstdout[2m | src/game-systems/audit/__tests__/llm-checker-independence.test.ts[2m > [22m[2mLLMChecker 鐙珛鎬ф祴璇?[2m > [22m[2m闂 C: LLM 澶辫触鏃惰繑鍥炰綆缃俊搴?warning[2m > [22m[2m澶辫触3: LLM 澶辫触杩斿洖鐨?failure severity 涓?warning锛堥潪 error锛?[22m[39m
01:59:51 [[33mwarn[39m]  LLM check failed, returning low-confidence warning {"taskId":"task-llm-1","error":"LLM service unavailable"}

[90mstdout[2m | src/game-systems/audit/__tests__/llm-checker-independence.test.ts[2m > [22m[2mLLMChecker 鐙珛鎬ф祴璇?[2m > [22m[2m闂 C: LLM 澶辫触鏃惰繑鍥炰綆缃俊搴?warning[2m > [22m[2m澶辫触4: LLM 澶辫触杩斿洖鐨?failure reason 鍖呭惈閿欒淇℃伅[22m[39m
01:59:51 [[33mwarn[39m]  LLM check failed, returning low-confidence warning {"taskId":"task-llm-1","error":"LLM service unavailable"}

[90mstdout[2m | src/game-systems/audit/__tests__/llm-checker-independence.test.ts[2m > [22m[2mLLMChecker 鐙珛鎬ф祴璇?[2m > [22m[2m闂 C: LLM 澶辫触鏃惰繑鍥炰綆缃俊搴?warning[2m > [22m[2m澶辫触5: LLM 澶辫触杩斿洖鐨?failure 鍖呭惈 expected 鍜?actual 涓婁笅鏂?[22m[39m
01:59:51 [[33mwarn[39m]  LLM check failed, returning low-confidence warning {"taskId":"task-llm-1","error":"LLM service unavailable"}

[90mstdout[2m | src/game-systems/audit/__tests__/llm-checker-independence.test.ts[2m > [22m[2mLLMChecker 鐙珛鎬ф祴璇?[2m > [22m[2mLLM 杩斿洖姝ｅ父瑙ｆ瀽[2m > [22m[2m瑙ｆ瀽2: LLM 杩斿洖闈炴暟缁?- 闄嶇骇涓虹┖ failures[22m[39m
01:59:51 [[33mwarn[39m]  LLM response is not array, degrading {"content":"{\"not\": \"array\"}"}

[90mstdout[2m | src/game-systems/audit/__tests__/llm-checker-independence.test.ts[2m > [22m[2mLLMChecker 鐙珛鎬ф祴璇?[2m > [22m[2mLLM 杩斿洖姝ｅ父瑙ｆ瀽[2m > [22m[2m瑙ｆ瀽3: LLM 杩斿洖鏃犳晥 JSON - 闄嶇骇涓虹┖ failures[22m[39m
01:59:51 [[33mwarn[39m]  LLM response JSON parse failed after extraction, degrading {"extractedLength":12,"first100":"invalid json"}

[90mstdout[2m | tests/agent-system/scheduling.test.ts[2m > [22m[2mAgent Scheduling System[2m > [22m[2mDAG Scheduling[2m > [22m[2mshould show currentScheduleDepth in status[22m[39m
01:59:51 [[32minfo[39m]  [TRACE-ce79f639-e339-42ba-8ded-878b171a7c0f] [REQUEST] GET /api/v1/agent/status
01:59:51 [[32minfo[39m]  Fetching system status
01:59:51 [[32minfo[39m]  System status retrieved {"agentsCount":10,"toolsCount":23}
01:59:51 [[32minfo[39m]  [TRACE-ce79f639-e339-42ba-8ded-878b171a7c0f] [RESPONSE] 200 {"success":true,"data":{"coordinator":{"status":"active","type":"gamemaster","name":"GameMasterAgent","currentScheduleDepth":0,"registeredAgentsCount":10},"agents":[{"type":"gamemaster","status":"regi... [truncated, total 1275 chars]
01:59:51 [[32minfo[39m]  GET /status 200 2ms ce79f639 {"method":"GET","url":"/status","status":200,"duration":"2ms"}
01:59:51 [[32minfo[39m]  [TRACE-ce79f639-e339-42ba-8ded-878b171a7c0f] [DURATION] 2ms

[90mstdout[2m | tests/agent-system/scheduling.test.ts[2m > [22m[2mAgent Scheduling System[2m > [22m[2mDecision Logging[2m > [22m[2mshould return paginated decision results[22m[39m
01:59:51 [[32minfo[39m]  [TRACE-1e500055-4242-4727-9401-8e0178f6000c] [REQUEST] GET /api/v1/agent/decisions
01:59:51 [[32minfo[39m]  Fetching decision logs {"limit":20,"offset":0,"saveId":"default"}
01:59:51 [[32minfo[39m]  Decision logs query completed {"returnedCount":0,"total":0}
01:59:51 [[32minfo[39m]  [TRACE-1e500055-4242-4727-9401-8e0178f6000c] [RESPONSE] 200 {"success":true,"data":{"data":[],"total":0,"limit":20,"offset":0,"saveId":"default","totalPages":0},"meta":{"timestamp":1785002391852,"requestId":"1e500055-4242-4727-9401-8e0178f6000c"}}
01:59:51 [[32minfo[39m]  GET /decisions 200 28ms 1e500055 {"method":"GET","url":"/decisions","status":200,"duration":"28ms"}
01:59:51 [[32minfo[39m]  [TRACE-1e500055-4242-4727-9401-8e0178f6000c] [DURATION] 28ms

 [32m鉁?[39m src/game-systems/audit/__tests__/llm-checker-independence.test.ts [2m ([22m[2m20 tests[22m[2m)[22m[33m 1259[2mms[22m[39m
[90mstdout[2m | src/game-systems/audit/__tests__/llm-checker-independence.test.ts[22m[39m
01:59:51 [[32minfo[39m]  Help registry loaded: 22 tools {"tools":["batch_query_service","challenge_service","... (22 items)"]}
01:59:51 [[32minfo[39m]  Creating GameMasterAgent (as AgentRuntime with isSubAgent=false)
01:59:51 [[32minfo[39m]  Handler subscribed {"eventType":"dialogue"}
01:59:51 [[32minfo[39m]  Handler subscribed {"eventType":"combat_end"}
01:59:51 [[32minfo[39m]  AwarenessAutoSubscriber subscribed to dialogue + combat_end events
01:59:51 [[32minfo[39m]  Agent initialized: gamemaster - GameMasterAgent
01:59:51 [[32minfo[39m] [AGENT-START] Agent gamemaster starting {"agent":"gamemaster","provider":null,"toolsConfigured":1,"maxIterations":200,"isSubAgent":false}
01:59:51 [[32minfo[39m]  Handler subscribed {"eventType":"chapter_advanced"}
01:59:51 [[32minfo[39m]  Creating AgentRuntime instances from default profile: fantasy_rpg
01:59:51 [[32minfo[39m]  Creating agents from profile: fantasy_rpg {"agentCount":10}
01:59:51 [[32minfo[39m]  Agent initialized: gamemaster - GameMasterAgent
01:59:51 [[32minfo[39m] [AGENT-START] Agent gamemaster starting {"agent":"gamemaster","provider":null,"toolsConfigured":1,"maxIterations":200,"isSubAgent":false}
01:59:51 [[32minfo[39m]  Created AgentRuntime: gamemaster {"profile":"fantasy_rpg","tools":["all"]}
01:59:51 [[32minfo[39m]  Agent initialized: map - MapAgent
01:59:51 [[32minfo[39m] [AGENT-START] Agent map starting {"agent":"map","provider":null,"toolsConfigured":7,"maxIterations":200,"isSubAgent":true}
01:59:51 [[32minfo[39m]  Created AgentRuntime: map {"profile":"fantasy_rpg","tools":["map_service","npc_service","... (7 items)"]}
01:59:51 [[32minfo[39m]  Agent initialized: challenge - ChallengeAgent
01:59:51 [[32minfo[39m] [AGENT-START] Agent challenge starting {"agent":"challenge","provider":null,"toolsConfigured":9,"maxIterations":200,"isSubAgent":true}
01:59:51 [[32minfo[39m]  Created AgentRuntime: challenge {"profile":"fantasy_rpg","tools":["challenge_service","numerical_service","... (9 items)"]}
01:59:51 [[32minfo[39m]  Agent initialized: output - OutputAgent
01:59:51 [[32minfo[39m] [AGENT-START] Agent output starting {"agent":"output","provider":null,"toolsConfigured":5,"maxIterations":200,"isSubAgent":true}
01:59:51 [[32minfo[39m]  Created AgentRuntime: output {"profile":"fantasy_rpg","tools":["dialogue_service","dynamic_ui","... (5 items)"]}
01:59:51 [[32minfo[39m]  Agent initialized: quest - QuestAgent
01:59:51 [[32minfo[39m] [AGENT-START] Agent quest starting {"agent":"quest","provider":null,"toolsConfigured":11,"maxIterations":200,"isSubAgent":true}
01:59:51 [[32minfo[39m]  Created AgentRuntime: quest {"profile":"fantasy_rpg","tools":["quest_service","numerical_service","... (11 items)"]}
01:59:51 [[32minfo[39m]  Agent initialized: npc_party - NPCPartyAgent
01:59:51 [[32minfo[39m] [AGENT-START] Agent npc_party starting {"agent":"npc_party","provider":null,"toolsConfigured":9,"maxIterations":200,"isSubAgent":true}
01:59:51 [[32minfo[39m]  Created AgentRuntime: npc_party {"profile":"fantasy_rpg","tools":["npc_service","entity_graph_service","... (9 items)"]}
01:59:51 [[32minfo[39m]  Agent initialized: inventory - InventoryAgent
01:59:51 [[32minfo[39m] [AGENT-START] Agent inventory starting {"agent":"inventory","provider":null,"toolsConfigured":8,"maxIterations":200,"isSubAgent":true}
01:59:51 [[32minfo[39m]  Created AgentRuntime: inventory {"profile":"fantasy_rpg","tools":["inventory_service","template_pool_service","... (8 items)"]}
01:59:51 [[32minfo[39m]  Agent initialized: skill - SkillAgent
01:59:51 [[32minfo[39m] [AGENT-START] Agent skill starting {"agent":"skill","provider":null,"toolsConfigured":7,"maxIterations":200,"isSubAgent":true}
01:59:51 [[32minfo[39m]  Created AgentRuntime: skill {"profile":"fantasy_rpg","tools":["skill_service","template_pool_service","... (7 items)"]}
01:59:51 [[32minfo[39m]  Agent initialized: event - EventAgent
01:59:51 [[32minfo[39m] [AGENT-START] Agent event starting {"agent":"event","provider":null,"toolsConfigured":5,"maxIterations":200,"isSubAgent":true}
01:59:51 [[32minfo[39m]  Created AgentRuntime: event {"profile":"fantasy_rpg","tools":["event_service","game_time_service","... (5 items)"]}
01:59:51 [[32minfo[39m]  Agent initialized: time - TimeAgent
01:59:51 [[32minfo[39m] [AGENT-START] Agent time starting {"agent":"time","provider":null,"toolsConfigured":4,"maxIterations":200,"isSubAgent":true}
01:59:51 [[32minfo[39m]  Created AgentRuntime: time {"profile":"fantasy_rpg","tools":["game_time_service","rule_service","... (4 items)"]}
01:59:51 [[32minfo[39m]  Permissions configured from agent.tools for profile: fantasy_rpg
01:59:51 [[32minfo[39m]  YAML permissions configured
01:59:51 [[32minfo[39m]  Registering AgentRuntime instances to GameMasterAgent...
01:59:51 [[32minfo[39m]  Registered AgentRuntime to Coordinator: gamemaster
01:59:51 [[32minfo[39m]  Registered AgentRuntime to Coordinator: map
01:59:51 [[32minfo[39m]  Registered AgentRuntime to Coordinator: challenge
01:59:51 [[32minfo[39m]  Registered AgentRuntime to Coordinator: output
01:59:51 [[32minfo[39m]  Registered AgentRuntime to Coordinator: quest
01:59:51 [[32minfo[39m]  Registered AgentRuntime to Coordinator: npc_party
01:59:51 [[32minfo[39m]  Registered AgentRuntime to Coordinator: inventory
01:59:51 [[32minfo[39m]  Registered AgentRuntime to Coordinator: skill
01:59:51 [[32minfo[39m]  Registered AgentRuntime to Coordinator: event
01:59:51 [[32minfo[39m]  Registered AgentRuntime to Coordinator: time
01:59:51 [[32minfo[39m]  GameDataExpander configured (manifest path enabled)
01:59:51 [[32minfo[39m]  DedupService configured (dispatch log persistence enabled)
01:59:51 [[32minfo[39m]  Agent system initialized: 10 AgentRuntime instances created
鉁?Agent system initialized with 10 agents
鈿狅笍 YAML Agent system skipped: __vi_import_5__.initializeYamlAgentSystem is not a function
01:59:51 [[32minfo[39m]  Agent routes initialized
01:59:51 [[32minfo[39m]  Save routes initialized
01:59:51 [[32minfo[39m]  Synced template from YAML to DB: cthulhu-investigation
01:59:51 [[32minfo[39m]  Synced template from YAML to DB: cyberpunk-mercenary
01:59:51 [[32minfo[39m]  Synced template from YAML to DB: medieval-fantasy
01:59:51 [[32minfo[39m]  Synced template from YAML to DB: modern-romance
01:59:51 [[32minfo[39m]  Synced template from YAML to DB: xianxia
01:59:51 [[32minfo[39m]  Synced 5 templates from YAML to database
01:59:51 [[32minfo[39m]  Cache refreshed with 5 templates
01:59:51 [[32minfo[39m]  TemplateService loaded {"cachedTemplates":5}
鉁?Template YAML loaded and synced to DB
01:59:51 [[32minfo[39m]  Template routes initialized
鉁?Test environment setup complete
鉁?Database connection closed

[90mstdout[2m | src/routes/__tests__/e2e-template.test.ts[2m > [22m[2mTemplate API e2e[2m > [22m[2mPUT /:id[2m > [22m[2m涓嶅瓨鍦ㄨ繑鍥?404[22m[39m
Running migration: 001_init.ts
Migration 001_init.ts completed successfully
Running migration: 002_add_equipped_index.ts
Migration 002_add_equipped_index.ts completed successfully
Running migration: 003_fix_information_boundaries_timestamps.ts
Migration 003_fix_information_boundaries_timestamps.ts completed successfully
Running migration: 004_drop_information_boundaries.ts
004_drop_information_boundaries: information_boundaries table not found, skipping migration
004_drop_information_boundaries: cleared custom_data.knowledge from 0 NPCs
Migration 004_drop_information_boundaries.ts completed successfully
Running migration: 005_drop_npc_relations.ts
005_drop_npc_relations: dropped npc_relations table
Migration 005_drop_npc_relations.ts completed successfully
Running migration: 006_awareness_relationship_events_states.ts
006: created entity_awareness_events table
006: created entity_awareness_states table
006: created entity_relationship_events table
006: created entity_relationship_states table
Migration 006_awareness_relationship_events_states.ts completed successfully
Running migration: 007_add_combat_mode.ts
007: added combat_states.mode column
Migration 007_add_combat_mode.ts completed successfully
Running migration: 008_add_saves_active_challenge_mode.ts
008: added saves.active_challenge_mode column
Migration 008_add_saves_active_challenge_mode.ts completed successfully
All migrations completed
01:59:51 [[32minfo[39m]  Template routes initialized

[90mstdout[2m | src/routes/__tests__/e2e-template.test.ts[2m > [22m[2mTemplate API e2e[2m > [22m[2mPUT /:id[2m > [22m[2m涓嶅瓨鍦ㄨ繑鍥?404[22m[39m
01:59:51 [[32minfo[39m]  Cache refreshed with 0 templates
01:59:51 [[31merror[39m]  Failed to update template {"id":"nonexistent","error":"Template not found: nonexistent"}

[90mstdout[2m | tests/agent-system/scheduling.test.ts[2m > [22m[2mAgent Scheduling System[2m > [22m[2mDecision Logging[2m > [22m[2mshould support filtering by agentType[22m[39m
01:59:51 [[32minfo[39m]  [TRACE-70218a9d-e527-46ac-bbff-e645652fad41] [REQUEST] GET /api/v1/agent/decisions?agentType=gamemaster&saveId=system
01:59:51 [[32minfo[39m]  Fetching decision logs {"agentType":"gamemaster","limit":20,"offset":0,"saveId":"system"}
01:59:51 [[32minfo[39m]  Decision logs query completed {"agentType":"gamemaster","returnedCount":0,"total":0}
01:59:51 [[32minfo[39m]  [TRACE-70218a9d-e527-46ac-bbff-e645652fad41] [RESPONSE] 200 {"success":true,"data":{"data":[],"total":0,"limit":20,"offset":0,"saveId":"system","agentType":"gamemaster"},"meta":{"timestamp":1785002391862,"requestId":"70218a9d-e527-46ac-bbff-e645652fad41"}}
01:59:51 [[32minfo[39m]  GET /decisions?agentType=gamemaster&saveId=system 200 2ms 70218a9d {"method":"GET","url":"/decisions?agentType=gamemaster&saveId=system","status":200,"duration":"2ms"}
01:59:51 [[32minfo[39m]  [TRACE-70218a9d-e527-46ac-bbff-e645652fad41] [DURATION] 2ms

[90mstdout[2m | tests/agent-system/scheduling.test.ts[2m > [22m[2mAgent Scheduling System[2m > [22m[2mDecision Logging[2m > [22m[2mshould support filtering by saveId[22m[39m
01:59:51 [[32minfo[39m]  [TRACE-e50ac80e-6f7c-4b5b-9bfa-a7434931e30f] [REQUEST] GET /api/v1/agent/decisions?saveId=system
01:59:51 [[32minfo[39m]  Fetching decision logs {"limit":20,"offset":0,"saveId":"system"}
01:59:51 [[32minfo[39m]  Decision logs query completed {"returnedCount":0,"total":0}
01:59:51 [[32minfo[39m]  [TRACE-e50ac80e-6f7c-4b5b-9bfa-a7434931e30f] [RESPONSE] 200 {"success":true,"data":{"data":[],"total":0,"limit":20,"offset":0,"saveId":"system","totalPages":0},"meta":{"timestamp":1785002391871,"requestId":"e50ac80e-6f7c-4b5b-9bfa-a7434931e30f"}}
01:59:51 [[32minfo[39m]  GET /decisions?saveId=system 200 3ms e50ac80e {"method":"GET","url":"/decisions?saveId=system","status":200,"duration":"3ms"}
01:59:51 [[32minfo[39m]  [TRACE-e50ac80e-6f7c-4b5b-9bfa-a7434931e30f] [DURATION] 3ms

[90mstdout[2m | tests/agent-system/scheduling.test.ts[2m > [22m[2mAgent Scheduling System[2m > [22m[2mDecision Logging[2m > [22m[2mshould support pagination with limit and offset[22m[39m
01:59:51 [[32minfo[39m]  [TRACE-e1850171-c41b-4210-8a85-93f522ff989d] [REQUEST] GET /api/v1/agent/decisions?limit=5&offset=0&saveId=system
01:59:51 [[32minfo[39m]  Fetching decision logs {"limit":5,"offset":0,"saveId":"system"}
01:59:51 [[32minfo[39m]  Decision logs query completed {"returnedCount":0,"total":0}
01:59:51 [[32minfo[39m]  [TRACE-e1850171-c41b-4210-8a85-93f522ff989d] [RESPONSE] 200 {"success":true,"data":{"data":[],"total":0,"limit":5,"offset":0,"saveId":"system","totalPages":0},"meta":{"timestamp":1785002391881,"requestId":"e1850171-c41b-4210-8a85-93f522ff989d"}}
01:59:51 [[32minfo[39m]  GET /decisions?limit=5&offset=0&saveId=system 200 4ms e1850171 {"method":"GET","url":"/decisions?limit=5&offset=0&saveId=system","status":200,"duration":"4ms"}
01:59:51 [[32minfo[39m]  [TRACE-e1850171-c41b-4210-8a85-93f522ff989d] [DURATION] 5ms

[90mstdout[2m | src/routes/__tests__/e2e-template.test.ts[2m > [22m[2mTemplate API e2e[2m > [22m[2mPUT /:id[2m > [22m[2m绌烘洿鏂颁綋杩斿洖 400[22m[39m
Running migration: 001_init.ts
Migration 001_init.ts completed successfully
Running migration: 002_add_equipped_index.ts
Migration 002_add_equipped_index.ts completed successfully
Running migration: 003_fix_information_boundaries_timestamps.ts
Migration 003_fix_information_boundaries_timestamps.ts completed successfully
Running migration: 004_drop_information_boundaries.ts
004_drop_information_boundaries: information_boundaries table not found, skipping migration
004_drop_information_boundaries: cleared custom_data.knowledge from 0 NPCs
Migration 004_drop_information_boundaries.ts completed successfully
Running migration: 005_drop_npc_relations.ts
005_drop_npc_relations: dropped npc_relations table
Migration 005_drop_npc_relations.ts completed successfully
Running migration: 006_awareness_relationship_events_states.ts
006: created entity_awareness_events table
006: created entity_awareness_states table
006: created entity_relationship_events table
006: created entity_relationship_states table
Migration 006_awareness_relationship_events_states.ts completed successfully
Running migration: 007_add_combat_mode.ts
007: added combat_states.mode column
Migration 007_add_combat_mode.ts completed successfully
Running migration: 008_add_saves_active_challenge_mode.ts
008: added saves.active_challenge_mode column
Migration 008_add_saves_active_challenge_mode.ts completed successfully
All migrations completed
01:59:51 [[32minfo[39m]  Template routes initialized

[90mstdout[2m | src/agents/tools/__tests__/help-service.test.ts[2m > [22m[2mHelpServiceTool discovery methods[2m > [22m[2msearch_tool_capability 搴旇繑鍥炴憳瑕佸懡涓垪琛?[22m[39m
01:59:51 [[33mwarn[39m]  All tools and permissions cleared
01:59:51 [[32minfo[39m]  Tool registered: map_service - Test Map Help Tool (v1.0.0)

[90mstdout[2m | src/agents/tools/__tests__/help-service.test.ts[2m > [22m[2mHelpServiceTool discovery methods[2m > [22m[2msearch_tool_capability 搴旇繃婊ゅ綋鍓?Agent 鏃犲啓鏉冮檺鐨勬柟娉曟憳瑕?[22m[39m
01:59:51 [[33mwarn[39m]  All tools and permissions cleared
01:59:51 [[32minfo[39m]  Tool registered: map_service - Test Map Help Tool (v1.0.0)
01:59:51 [[33mwarn[39m]  Tool already registered: map_service, replacing...
01:59:51 [[32minfo[39m]  Tool unregistered: map_service
01:59:51 [[32minfo[39m]  Tool registered: map_service - Test Permission Tool (v1.0.0)
01:59:51 [[32minfo[39m]  Tool registered: dialogue_service - Test Permission Tool (v1.0.0)

[90mstdout[2m | src/agents/tools/__tests__/help-service.test.ts[2m > [22m[2mHelpServiceTool discovery methods[2m > [22m[2msearch_tool_capability 涓嶅簲澶嶇敤鍏朵粬 Agent 鐨勬潈闄愮紦瀛樼粨鏋?[22m[39m
01:59:51 [[33mwarn[39m]  All tools and permissions cleared
01:59:51 [[32minfo[39m]  Tool registered: map_service - Test Map Help Tool (v1.0.0)
01:59:51 [[33mwarn[39m]  Tool already registered: map_service, replacing...
01:59:51 [[32minfo[39m]  Tool unregistered: map_service
01:59:51 [[32minfo[39m]  Tool registered: map_service - Test Permission Tool (v1.0.0)

[90mstdout[2m | src/agents/tools/__tests__/help-service.test.ts[2m > [22m[2mHelpServiceTool discovery methods[2m > [22m[2mget_tool_help_summary 搴斿彧杩斿洖鎽樿灞?[22m[39m
01:59:51 [[33mwarn[39m]  All tools and permissions cleared
01:59:51 [[32minfo[39m]  Tool registered: map_service - Test Map Help Tool (v1.0.0)

[90mstdout[2m | src/agents/tools/__tests__/help-service.test.ts[2m > [22m[2mHelpServiceTool discovery methods[2m > [22m[2mget_tool_help_summary 涓嶅簲澶嶇敤鍏朵粬 Agent 鐨勬潈闄愮紦瀛樼粨鏋?[22m[39m
01:59:51 [[33mwarn[39m]  All tools and permissions cleared
01:59:51 [[32minfo[39m]  Tool registered: map_service - Test Map Help Tool (v1.0.0)
01:59:51 [[33mwarn[39m]  Tool already registered: map_service, replacing...
01:59:51 [[32minfo[39m]  Tool unregistered: map_service
01:59:51 [[32minfo[39m]  Tool registered: map_service - Test Permission Tool (v1.0.0)

[90mstdout[2m | src/agents/tools/__tests__/help-service.test.ts[2m > [22m[2mHelpServiceTool discovery methods[2m > [22m[2mget_tool_help_detail 搴旇繑鍥炲畬鏁村府鍔╂鏂囧苟鏍囪宸叉敞鍏?[22m[39m
01:59:51 [[33mwarn[39m]  All tools and permissions cleared
01:59:51 [[32minfo[39m]  Tool registered: map_service - Test Map Help Tool (v1.0.0)

[90mstdout[2m | src/agents/tools/__tests__/help-service.test.ts[2m > [22m[2mHelpServiceTool discovery methods[2m > [22m[2mget_tool_help_detail 瀵瑰綋鍓?Agent 鏃犲啓鏉冮檺鐨勬柟娉曞簲鎷掔粷杩斿洖姝ｆ枃[22m[39m
01:59:51 [[33mwarn[39m]  All tools and permissions cleared
01:59:51 [[32minfo[39m]  Tool registered: map_service - Test Map Help Tool (v1.0.0)
01:59:51 [[33mwarn[39m]  Tool already registered: map_service, replacing...
01:59:51 [[32minfo[39m]  Tool unregistered: map_service
01:59:51 [[32minfo[39m]  Tool registered: map_service - Test Permission Tool (v1.0.0)

[90mstdout[2m | src/agents/tools/__tests__/help-service.test.ts[2m > [22m[2mHelpServiceTool discovery methods[2m > [22m[2mget_tool_help_detail 瓒呰繃鎸夐渶鍔犺浇棰勭畻鏃跺簲杩斿洖澶辫触涓斾笉鍐嶈鍙栨鏂?[22m[39m
01:59:51 [[33mwarn[39m]  All tools and permissions cleared
01:59:51 [[32minfo[39m]  Tool registered: map_service - Test Map Help Tool (v1.0.0)

[90mstdout[2m | src/agents/tools/__tests__/help-service.test.ts[2m > [22m[2mHelpServiceTool discovery methods[2m > [22m[2mget_tool_help_detail 鐨勫凡娉ㄥ叆鐘舵€佸簲闄愬埗鍦ㄥ綋鍓嶈姹傦紝涓嶅簲姹℃煋鍚庣画璇锋眰[22m[39m
01:59:51 [[33mwarn[39m]  All tools and permissions cleared
01:59:51 [[32minfo[39m]  Tool registered: map_service - Test Map Help Tool (v1.0.0)

[90mstdout[2m | src/agents/tools/__tests__/help-service.test.ts[2m > [22m[2mHelpServiceTool discovery methods[2m > [22m[2mget_tool_help_detail 閬囧埌鎽樿绾ф敞鍏ユ椂浠嶅簲鍏佽琛ュ厖瀹屾暣甯姪姝ｆ枃[22m[39m
01:59:51 [[33mwarn[39m]  All tools and permissions cleared
01:59:51 [[32minfo[39m]  Tool registered: map_service - Test Map Help Tool (v1.0.0)

[90mstdout[2m | src/agents/tools/__tests__/help-service.test.ts[2m > [22m[2mHelpServiceTool discovery methods[2m > [22m[2mget_tool_help_detail 鎵句笉鍒板府鍔╂鏂囨椂涓嶅簲鎵ｅ噺鎸夐渶鍔犺浇棰勭畻[22m[39m
01:59:51 [[33mwarn[39m]  All tools and permissions cleared
01:59:51 [[32minfo[39m]  Tool registered: map_service - Test Map Help Tool (v1.0.0)

[90mstdout[2m | src/agents/tools/__tests__/help-service.test.ts[22m[39m
01:59:51 [[32minfo[39m]  Help registry loaded: 22 tools {"tools":["batch_query_service","challenge_service","... (22 items)"]}
01:59:51 [[32minfo[39m]  Creating GameMasterAgent (as AgentRuntime with isSubAgent=false)
01:59:51 [[32minfo[39m]  Handler subscribed {"eventType":"dialogue"}
01:59:51 [[32minfo[39m]  Handler subscribed {"eventType":"combat_end"}
01:59:51 [[32minfo[39m]  AwarenessAutoSubscriber subscribed to dialogue + combat_end events
01:59:51 [[32minfo[39m]  Agent initialized: gamemaster - GameMasterAgent
01:59:51 [[32minfo[39m] [AGENT-START] Agent gamemaster starting {"agent":"gamemaster","provider":null,"toolsConfigured":1,"maxIterations":200,"isSubAgent":false}
01:59:51 [[32minfo[39m]  Handler subscribed {"eventType":"chapter_advanced"}
01:59:51 [[32minfo[39m]  Creating AgentRuntime instances from default profile: fantasy_rpg
01:59:51 [[32minfo[39m]  Creating agents from profile: fantasy_rpg {"agentCount":10}
01:59:51 [[32minfo[39m]  Agent initialized: gamemaster - GameMasterAgent
01:59:51 [[32minfo[39m] [AGENT-START] Agent gamemaster starting {"agent":"gamemaster","provider":null,"toolsConfigured":1,"maxIterations":200,"isSubAgent":false}
01:59:51 [[32minfo[39m]  Created AgentRuntime: gamemaster {"profile":"fantasy_rpg","tools":["all"]}
01:59:51 [[32minfo[39m]  Agent initialized: map - MapAgent
01:59:51 [[32minfo[39m] [AGENT-START] Agent map starting {"agent":"map","provider":null,"toolsConfigured":7,"maxIterations":200,"isSubAgent":true}
01:59:51 [[32minfo[39m]  Created AgentRuntime: map {"profile":"fantasy_rpg","tools":["map_service","npc_service","... (7 items)"]}
01:59:51 [[32minfo[39m]  Agent initialized: challenge - ChallengeAgent
01:59:51 [[32minfo[39m] [AGENT-START] Agent challenge starting {"agent":"challenge","provider":null,"toolsConfigured":9,"maxIterations":200,"isSubAgent":true}
01:59:51 [[32minfo[39m]  Created AgentRuntime: challenge {"profile":"fantasy_rpg","tools":["challenge_service","numerical_service","... (9 items)"]}
01:59:51 [[32minfo[39m]  Agent initialized: output - OutputAgent
01:59:51 [[32minfo[39m] [AGENT-START] Agent output starting {"agent":"output","provider":null,"toolsConfigured":5,"maxIterations":200,"isSubAgent":true}
01:59:51 [[32minfo[39m]  Created AgentRuntime: output {"profile":"fantasy_rpg","tools":["dialogue_service","dynamic_ui","... (5 items)"]}
01:59:51 [[32minfo[39m]  Agent initialized: quest - QuestAgent
01:59:51 [[32minfo[39m] [AGENT-START] Agent quest starting {"agent":"quest","provider":null,"toolsConfigured":11,"maxIterations":200,"isSubAgent":true}
01:59:51 [[32minfo[39m]  Created AgentRuntime: quest {"profile":"fantasy_rpg","tools":["quest_service","numerical_service","... (11 items)"]}
01:59:51 [[32minfo[39m]  Agent initialized: npc_party - NPCPartyAgent
01:59:51 [[32minfo[39m] [AGENT-START] Agent npc_party starting {"agent":"npc_party","provider":null,"toolsConfigured":9,"maxIterations":200,"isSubAgent":true}
01:59:51 [[32minfo[39m]  Created AgentRuntime: npc_party {"profile":"fantasy_rpg","tools":["npc_service","entity_graph_service","... (9 items)"]}
01:59:51 [[32minfo[39m]  Agent initialized: inventory - InventoryAgent
01:59:51 [[32minfo[39m] [AGENT-START] Agent inventory starting {"agent":"inventory","provider":null,"toolsConfigured":8,"maxIterations":200,"isSubAgent":true}
01:59:51 [[32minfo[39m]  Created AgentRuntime: inventory {"profile":"fantasy_rpg","tools":["inventory_service","template_pool_service","... (8 items)"]}
01:59:51 [[32minfo[39m]  Agent initialized: skill - SkillAgent
01:59:51 [[32minfo[39m] [AGENT-START] Agent skill starting {"agent":"skill","provider":null,"toolsConfigured":7,"maxIterations":200,"isSubAgent":true}
01:59:51 [[32minfo[39m]  Created AgentRuntime: skill {"profile":"fantasy_rpg","tools":["skill_service","template_pool_service","... (7 items)"]}
01:59:51 [[32minfo[39m]  Agent initialized: event - EventAgent
01:59:51 [[32minfo[39m] [AGENT-START] Agent event starting {"agent":"event","provider":null,"toolsConfigured":5,"maxIterations":200,"isSubAgent":true}
01:59:51 [[32minfo[39m]  Created AgentRuntime: event {"profile":"fantasy_rpg","tools":["event_service","game_time_service","... (5 items)"]}
01:59:51 [[32minfo[39m]  Agent initialized: time - TimeAgent
01:59:51 [[32minfo[39m] [AGENT-START] Agent time starting {"agent":"time","provider":null,"toolsConfigured":4,"maxIterations":200,"isSubAgent":true}
01:59:51 [[32minfo[39m]  Created AgentRuntime: time {"profile":"fantasy_rpg","tools":["game_time_service","rule_service","... (4 items)"]}
01:59:51 [[32minfo[39m]  Permissions configured from agent.tools for profile: fantasy_rpg
01:59:51 [[32minfo[39m]  YAML permissions configured
01:59:51 [[32minfo[39m]  Registering AgentRuntime instances to GameMasterAgent...
01:59:51 [[32minfo[39m]  Registered AgentRuntime to Coordinator: gamemaster
01:59:51 [[32minfo[39m]  Registered AgentRuntime to Coordinator: map
01:59:51 [[32minfo[39m]  Registered AgentRuntime to Coordinator: challenge
01:59:51 [[32minfo[39m]  Registered AgentRuntime to Coordinator: output
01:59:51 [[32minfo[39m]  Registered AgentRuntime to Coordinator: quest
01:59:51 [[32minfo[39m]  Registered AgentRuntime to Coordinator: npc_party
01:59:51 [[32minfo[39m]  Registered AgentRuntime to Coordinator: inventory
01:59:51 [[32minfo[39m]  Registered AgentRuntime to Coordinator: skill
01:59:51 [[32minfo[39m]  Registered AgentRuntime to Coordinator: event
01:59:51 [[32minfo[39m]  Registered AgentRuntime to Coordinator: time
01:59:51 [[32minfo[39m]  GameDataExpander configured (manifest path enabled)
01:59:51 [[32minfo[39m]  DedupService configured (dispatch log persistence enabled)
01:59:51 [[32minfo[39m]  Agent system initialized: 10 AgentRuntime instances created
鉁?Agent system initialized with 10 agents
鈿狅笍 YAML Agent system skipped: __vi_import_5__.initializeYamlAgentSystem is not a function
01:59:51 [[32minfo[39m]  Agent routes initialized
01:59:51 [[32minfo[39m]  Save routes initialized
01:59:51 [[32minfo[39m]  Synced template from YAML to DB: cthulhu-investigation
01:59:51 [[32minfo[39m]  Synced template from YAML to DB: cyberpunk-mercenary
01:59:51 [[32minfo[39m]  Synced template from YAML to DB: medieval-fantasy
01:59:51 [[32minfo[39m]  Synced template from YAML to DB: modern-romance
01:59:51 [[32minfo[39m]  Synced template from YAML to DB: xianxia
01:59:51 [[32minfo[39m]  Synced 5 templates from YAML to database
01:59:51 [[32minfo[39m]  Cache refreshed with 5 templates
01:59:51 [[32minfo[39m]  TemplateService loaded {"cachedTemplates":5}
鉁?Template YAML loaded and synced to DB
01:59:51 [[32minfo[39m]  Template routes initialized
鉁?Test environment setup complete
鉁?Database connection closed

 [32m鉁?[39m src/agents/tools/__tests__/help-service.test.ts [2m ([22m[2m11 tests[22m[2m)[22m[33m 1594[2mms[22m[39m
[90mstdout[2m | tests/agent-system/scheduling.test.ts[2m > [22m[2mAgent Scheduling System[2m > [22m[2mDecision Logging[2m > [22m[2mshould use default pagination values when not specified[22m[39m
01:59:51 [[32minfo[39m]  [TRACE-15dadaa4-52a4-4cc8-82f8-c929a9da1a32] [REQUEST] GET /api/v1/agent/decisions
01:59:51 [[32minfo[39m]  Fetching decision logs {"limit":20,"offset":0,"saveId":"default"}
01:59:51 [[32minfo[39m]  Decision logs query completed {"returnedCount":0,"total":0}
01:59:51 [[32minfo[39m]  [TRACE-15dadaa4-52a4-4cc8-82f8-c929a9da1a32] [RESPONSE] 200 {"success":true,"data":{"data":[],"total":0,"limit":20,"offset":0,"saveId":"default","totalPages":0},"meta":{"timestamp":1785002391888,"requestId":"15dadaa4-52a4-4cc8-82f8-c929a9da1a32"}}
01:59:51 [[32minfo[39m]  GET /decisions 200 3ms 15dadaa4 {"method":"GET","url":"/decisions","status":200,"duration":"3ms"}
01:59:51 [[32minfo[39m]  [TRACE-15dadaa4-52a4-4cc8-82f8-c929a9da1a32] [DURATION] 4ms

[90mstdout[2m | tests/agent-system/scheduling.test.ts[2m > [22m[2mAgent Scheduling System[2m > [22m[2mDirect Agent Messaging[2m > [22m[2mshould return 400 when agentType is missing[22m[39m
01:59:51 [[32minfo[39m]  [TRACE-8cd7f098-dac3-4b5a-8e11-94362c4775c8] [REQUEST] POST /api/v1/agent/message
01:59:51 [[31merror[39m]  Error occurred: [
  {
    "code": "invalid_value",
    "values": [
      "gamemaster",
      "output",
      "challenge",
      "quest",
      "map",
      "npc_party",
      "inventory",
      "skill",
      "numerical",
      "event",
      "time"
    ],
    "path": [
      "agentType"
    ],
    "message": "鏃犳晥鐨凙gent绫诲瀷"
  }
] {"name":"ZodError"}
01:59:51 [[32minfo[39m]  [TRACE-8cd7f098-dac3-4b5a-8e11-94362c4775c8] [RESPONSE] 400 {"success":false,"error":{"code":"VALIDATION_ERROR","message":"鍙傛暟楠岃瘉澶辫触","details":{"errors":[{"path":"agentType","message":"鏃犳晥鐨凙gent绫诲瀷"}]}},"meta":{"timestamp":1785002391999,"requestId":"2740a705-48be-... [truncated, total 225 chars]
01:59:52 [[32minfo[39m]  POST /api/v1/agent/message 400 31ms 8cd7f098 {"method":"POST","url":"/api/v1/agent/message","status":400,"duration":"31ms"}
01:59:52 [[32minfo[39m]  [TRACE-8cd7f098-dac3-4b5a-8e11-94362c4775c8] [DURATION] 35ms

[90mstdout[2m | src/routes/__tests__/e2e-template.test.ts[2m > [22m[2mTemplate API e2e[2m > [22m[2mDELETE /:id[2m > [22m[2m鍒犻櫎妯℃澘鎴愬姛杩斿洖 { deleted: true }[22m[39m
Running migration: 001_init.ts
Migration 001_init.ts completed successfully
Running migration: 002_add_equipped_index.ts
Migration 002_add_equipped_index.ts completed successfully
Running migration: 003_fix_information_boundaries_timestamps.ts
Migration 003_fix_information_boundaries_timestamps.ts completed successfully
Running migration: 004_drop_information_boundaries.ts
004_drop_information_boundaries: information_boundaries table not found, skipping migration
004_drop_information_boundaries: cleared custom_data.knowledge from 0 NPCs
Migration 004_drop_information_boundaries.ts completed successfully
Running migration: 005_drop_npc_relations.ts
005_drop_npc_relations: dropped npc_relations table
Migration 005_drop_npc_relations.ts completed successfully
Running migration: 006_awareness_relationship_events_states.ts
006: created entity_awareness_events table
006: created entity_awareness_states table
006: created entity_relationship_events table
006: created entity_relationship_states table
Migration 006_awareness_relationship_events_states.ts completed successfully
Running migration: 007_add_combat_mode.ts
007: added combat_states.mode column
Migration 007_add_combat_mode.ts completed successfully
Running migration: 008_add_saves_active_challenge_mode.ts
008: added saves.active_challenge_mode column
Migration 008_add_saves_active_challenge_mode.ts completed successfully
All migrations completed
01:59:52 [[32minfo[39m]  Template routes initialized

[90mstdout[2m | src/routes/__tests__/e2e-template.test.ts[2m > [22m[2mTemplate API e2e[2m > [22m[2mDELETE /:id[2m > [22m[2m鍒犻櫎妯℃澘鎴愬姛杩斿洖 { deleted: true }[22m[39m
01:59:52 [[32minfo[39m]  Cache refreshed with 1 templates
01:59:52 [[32minfo[39m]  Template deleted: test-template

[90mstdout[2m | tests/agent-system/scheduling.test.ts[2m > [22m[2mAgent Scheduling System[2m > [22m[2mDirect Agent Messaging[2m > [22m[2mshould return 400 when message is missing[22m[39m
01:59:52 [[32minfo[39m]  [TRACE-c92e6ee0-6ea5-414e-a5c4-5b5b3c0fd8ad] [REQUEST] POST /api/v1/agent/message
01:59:52 [[31merror[39m]  Error occurred: [
  {
    "expected": "string",
    "code": "invalid_type",
    "path": [
      "message"
    ],
    "message": "Invalid input: expected string, received undefined"
  }
] {"name":"ZodError"}
01:59:52 [[32minfo[39m]  [TRACE-c92e6ee0-6ea5-414e-a5c4-5b5b3c0fd8ad] [RESPONSE] 400 {"success":false,"error":{"code":"VALIDATION_ERROR","message":"鍙傛暟楠岃瘉澶辫触","details":{"errors":[{"path":"message","message":"Invalid input: expected string, received undefined"}]}},"meta":{"timestamp":178... [truncated, total 263 chars]
01:59:52 [[32minfo[39m]  POST /api/v1/agent/message 400 7ms c92e6ee0 {"method":"POST","url":"/api/v1/agent/message","status":400,"duration":"7ms"}
01:59:52 [[32minfo[39m]  [TRACE-c92e6ee0-6ea5-414e-a5c4-5b5b3c0fd8ad] [DURATION] 6ms

[90mstdout[2m | tests/save/save.routes.test.ts[22m[39m
008: added saves.active_challenge_mode column
Migration 008_add_saves_active_challenge_mode.ts completed successfully
All migrations completed
鉁?Migrations completed
All seeds completed
鉁?Seeds completed
01:59:51 [[32minfo[39m]  Starting YAML-driven Agent system initialization
01:59:51 [[32minfo[39m]  Seeding ModelConfigService from environment
01:59:51 [[32minfo[39m]  No DEEPSEEK_API_KEY env var found, skipping env seed
01:59:51 [[32minfo[39m]  Seeded provider from convict config {"providerType":"openai","providerId":"d8da003e-2279-4f6f-baf1-300f604bee3c","model":"openrouter/free"}
01:59:51 [[32minfo[39m]  Creating LLMService with ModelConfigService
01:59:51 [[32minfo[39m]  Creating ContextService and DecisionLogService instances
01:59:51 [[32minfo[39m]  Initializing YAML-driven Agent profiles...
01:59:51 [[32minfo[39m]  Loading config from directory: C:\Users\super\Documents\trae_projects\AGG-main\packages\backend\config
01:59:51 [[32minfo[39m]  Loaded agent profile: fantasy_rpg
01:59:51 [[32minfo[39m]  Loaded agent profile: minimal_test
01:59:51 [[32minfo[39m]  Loaded 0 non-builtin profiles from database (0 builtin skipped, using YAML)
01:59:51 [[32minfo[39m]  Config loaded successfully: 2 profiles
01:59:51 [[32minfo[39m]  YAML config loaded successfully
01:59:51 [[32minfo[39m]  Context rules loaded {"agentCount":10}
01:59:51 [[32minfo[39m]  Default manifests loaded {"agentTypeCount":6,"manifestCount":8}
01:59:52 [[32minfo[39m]  Context rules file watcher started {"path":"C:\\Users\\super\\Documents\\trae_projects\\AGG-main\\packages\\backend\\config\\agent-context-rules.yaml"}
01:59:52 [[32minfo[39m]  Loaded 10 agent capabilities from YAML profiles
01:59:52 [[32minfo[39m]  ToolRegistry initialized
01:59:52 [[32minfo[39m]  Registering ServiceTools to ToolRegistry
01:59:52 [[32minfo[39m]  Tool registered: game_time_service - GameTime Service (v1.0.0)
01:59:52 [[32minfo[39m]  Tool registered: numerical_service - Numerical Service (v1.0.0)
01:59:52 [[32minfo[39m]  Tool registered: character_service - Character Service (v1.0.0)
01:59:52 [[32minfo[39m]  Tool registered: inventory_service - Inventory Service (v1.0.0)
01:59:52 [[32minfo[39m]  Tool registered: skill_service - Skill Service (v1.1.0)
01:59:52 [[32minfo[39m]  Tool registered: map_service - Map Service (v2.0.0)
01:59:52 [[32minfo[39m]  Tool registered: npc_service - NPC Service (v1.0.0)
01:59:52 [[32minfo[39m]  Tool registered: dialogue_service - Dialogue Service (v1.0.0)
01:59:52 [[32minfo[39m]  Tool registered: quest_service - Quest Service (v1.0.0)
01:59:52 [[32minfo[39m]  Tool registered: challenge_service - Challenge Service (v1.0.0)
01:59:52 [[32minfo[39m]  Tool registered: event_service - Event Service (v1.0.0)
01:59:52 [[32minfo[39m]  Tool registered: story_service - Story Service (v1.0.0)
01:59:52 [[32minfo[39m]  Tool registered: game_init_service - Game Init Service (v2.0.0)
01:59:52 [[32minfo[39m]  Tool registered: batch_query_service - Batch Query Service (v1.0.0)
01:59:52 [[32minfo[39m]  Tool registered: entity_graph_service - Entity Graph Service (v1.0.0)
01:59:52 [[32minfo[39m]  Tool registered: template_pool_service - Template Pool Service (v1.0.0)
01:59:52 [[32minfo[39m]  Tool registered: dynamic_ui - Dynamic UI Service (v1.0.0)
01:59:52 [[32minfo[39m]  Tool registered: generate_options - Generate Options Service (v2.0.0)
01:59:52 [[32minfo[39m]  Tool registered: coordinator_service - Coordinator Service (v1.0.0)
01:59:52 [[32minfo[39m]  Tool registered: rule_service - Rule Service (v1.0.0)
01:59:52 [[32minfo[39m]  Tool registered: skill_loader - Skill Loader (v1.0.0)
01:59:52 [[32minfo[39m]  Tool registered: help_service - Help Service (v1.0.0)
01:59:52 [[32minfo[39m]  Tool registered: memory_service - Memory Service (v1.0.0)
01:59:52 [[32minfo[39m]  Registered 23 ServiceTools to ToolRegistry
01:59:52 [[32minfo[39m]  Tool reference validation passed

[90mstdout[2m | tests/agent-system/scheduling.test.ts[2m > [22m[2mAgent Scheduling System[2m > [22m[2mDirect Agent Messaging[2m > [22m[2mshould return 400 when message is empty string[22m[39m
01:59:52 [[32minfo[39m]  [TRACE-572fe40b-6470-4f78-86f0-8caebc054c10] [REQUEST] POST /api/v1/agent/message
01:59:52 [[31merror[39m]  Error occurred: [
  {
    "origin": "string",
    "code": "too_small",
    "minimum": 1,
    "inclusive": true,
    "path": [
      "message"
    ],
    "message": "娑堟伅鍐呭涓嶈兘涓虹┖"
  }
] {"name":"ZodError"}
01:59:52 [[32minfo[39m]  [TRACE-572fe40b-6470-4f78-86f0-8caebc054c10] [RESPONSE] 400 {"success":false,"error":{"code":"VALIDATION_ERROR","message":"鍙傛暟楠岃瘉澶辫触","details":{"errors":[{"path":"message","message":"娑堟伅鍐呭涓嶈兘涓虹┖"}]}},"meta":{"timestamp":1785002392048,"requestId":"5f5c4791-17a1-4ab5... [truncated, total 221 chars]
01:59:52 [[32minfo[39m]  POST /api/v1/agent/message 400 9ms 572fe40b {"method":"POST","url":"/api/v1/agent/message","status":400,"duration":"9ms"}
01:59:52 [[32minfo[39m]  [TRACE-572fe40b-6470-4f78-86f0-8caebc054c10] [DURATION] 9ms

[90mstdout[2m | src/agents/memory/__tests__/procedural-memory-service.test.ts[22m[39m
馃И Setting up comprehensive test environment...
鉁?Database connected
Running migration: 001_init.ts

[90mstdout[2m | src/routes/__tests__/e2e-template.test.ts[2m > [22m[2mTemplate API e2e[2m > [22m[2mDELETE /:id[2m > [22m[2m涓嶅瓨鍦ㄨ繑鍥?404[22m[39m
Running migration: 001_init.ts
Migration 001_init.ts completed successfully
Running migration: 002_add_equipped_index.ts
Migration 002_add_equipped_index.ts completed successfully
Running migration: 003_fix_information_boundaries_timestamps.ts
Migration 003_fix_information_boundaries_timestamps.ts completed successfully
Running migration: 004_drop_information_boundaries.ts
004_drop_information_boundaries: information_boundaries table not found, skipping migration
004_drop_information_boundaries: cleared custom_data.knowledge from 0 NPCs
Migration 004_drop_information_boundaries.ts completed successfully
Running migration: 005_drop_npc_relations.ts
005_drop_npc_relations: dropped npc_relations table
Migration 005_drop_npc_relations.ts completed successfully
Running migration: 006_awareness_relationship_events_states.ts
006: created entity_awareness_events table
006: created entity_awareness_states table
006: created entity_relationship_events table
006: created entity_relationship_states table
Migration 006_awareness_relationship_events_states.ts completed successfully
Running migration: 007_add_combat_mode.ts
007: added combat_states.mode column
Migration 007_add_combat_mode.ts completed successfully
Running migration: 008_add_saves_active_challenge_mode.ts
008: added saves.active_challenge_mode column
Migration 008_add_saves_active_challenge_mode.ts completed successfully
All migrations completed
01:59:52 [[32minfo[39m]  Template routes initialized

[90mstdout[2m | src/routes/__tests__/e2e-template.test.ts[2m > [22m[2mTemplate API e2e[2m > [22m[2mDELETE /:id[2m > [22m[2m涓嶅瓨鍦ㄨ繑鍥?404[22m[39m
01:59:52 [[32minfo[39m]  Cache refreshed with 0 templates
01:59:52 [[31merror[39m]  Failed to delete template {"id":"nonexistent","error":"Template not found: nonexistent"}

[90mstdout[2m | src/agents/prompt/__tests__/composers.test.ts[22m[39m
007: added combat_states.mode column
Migration 007_add_combat_mode.ts completed successfully
Running migration: 008_add_saves_active_challenge_mode.ts
008: added saves.active_challenge_mode column
Migration 008_add_saves_active_challenge_mode.ts completed successfully
All migrations completed
鉁?Migrations completed
All seeds completed
鉁?Seeds completed
01:59:51 [[32minfo[39m]  Starting YAML-driven Agent system initialization
01:59:51 [[32minfo[39m]  Seeding ModelConfigService from environment
01:59:51 [[32minfo[39m]  No DEEPSEEK_API_KEY env var found, skipping env seed
01:59:51 [[32minfo[39m]  Seeded provider from convict config {"providerType":"openai","providerId":"4deb8c0d-a9e5-4c3d-a732-9f8720c971b4","model":"openrouter/free"}
01:59:51 [[32minfo[39m]  Creating LLMService with ModelConfigService
01:59:51 [[32minfo[39m]  Creating ContextService and DecisionLogService instances
01:59:51 [[32minfo[39m]  Initializing YAML-driven Agent profiles...
01:59:51 [[32minfo[39m]  Loading config from directory: C:\Users\super\Documents\trae_projects\AGG-main\packages\backend\config
01:59:52 [[32minfo[39m]  Loaded agent profile: fantasy_rpg
01:59:52 [[32minfo[39m]  Loaded agent profile: minimal_test
01:59:52 [[32minfo[39m]  Loaded 0 non-builtin profiles from database (0 builtin skipped, using YAML)
01:59:52 [[32minfo[39m]  Config loaded successfully: 2 profiles
01:59:52 [[32minfo[39m]  YAML config loaded successfully
01:59:52 [[32minfo[39m]  Context rules loaded {"agentCount":10}
01:59:52 [[32minfo[39m]  Default manifests loaded {"agentTypeCount":6,"manifestCount":8}
01:59:52 [[32minfo[39m]  Context rules file watcher started {"path":"C:\\Users\\super\\Documents\\trae_projects\\AGG-main\\packages\\backend\\config\\agent-context-rules.yaml"}
01:59:52 [[32minfo[39m]  Loaded 10 agent capabilities from YAML profiles
01:59:52 [[32minfo[39m]  ToolRegistry initialized
01:59:52 [[32minfo[39m]  Registering ServiceTools to ToolRegistry
01:59:52 [[32minfo[39m]  Tool registered: game_time_service - GameTime Service (v1.0.0)
01:59:52 [[32minfo[39m]  Tool registered: numerical_service - Numerical Service (v1.0.0)
01:59:52 [[32minfo[39m]  Tool registered: character_service - Character Service (v1.0.0)
01:59:52 [[32minfo[39m]  Tool registered: inventory_service - Inventory Service (v1.0.0)
01:59:52 [[32minfo[39m]  Tool registered: skill_service - Skill Service (v1.1.0)
01:59:52 [[32minfo[39m]  Tool registered: map_service - Map Service (v2.0.0)
01:59:52 [[32minfo[39m]  Tool registered: npc_service - NPC Service (v1.0.0)
01:59:52 [[32minfo[39m]  Tool registered: dialogue_service - Dialogue Service (v1.0.0)
01:59:52 [[32minfo[39m]  Tool registered: quest_service - Quest Service (v1.0.0)
01:59:52 [[32minfo[39m]  Tool registered: challenge_service - Challenge Service (v1.0.0)
01:59:52 [[32minfo[39m]  Tool registered: event_service - Event Service (v1.0.0)
01:59:52 [[32minfo[39m]  Tool registered: story_service - Story Service (v1.0.0)
01:59:52 [[32minfo[39m]  Tool registered: game_init_service - Game Init Service (v2.0.0)
01:59:52 [[32minfo[39m]  Tool registered: batch_query_service - Batch Query Service (v1.0.0)
01:59:52 [[32minfo[39m]  Tool registered: entity_graph_service - Entity Graph Service (v1.0.0)
01:59:52 [[32minfo[39m]  Tool registered: template_pool_service - Template Pool Service (v1.0.0)
01:59:52 [[32minfo[39m]  Tool registered: dynamic_ui - Dynamic UI Service (v1.0.0)
01:59:52 [[32minfo[39m]  Tool registered: generate_options - Generate Options Service (v2.0.0)
01:59:52 [[32minfo[39m]  Tool registered: coordinator_service - Coordinator Service (v1.0.0)
01:59:52 [[32minfo[39m]  Tool registered: rule_service - Rule Service (v1.0.0)
01:59:52 [[32minfo[39m]  Tool registered: skill_loader - Skill Loader (v1.0.0)
01:59:52 [[32minfo[39m]  Tool registered: help_service - Help Service (v1.0.0)
01:59:52 [[32minfo[39m]  Tool registered: memory_service - Memory Service (v1.0.0)
01:59:52 [[32minfo[39m]  Registered 23 ServiceTools to ToolRegistry
01:59:52 [[32minfo[39m]  Tool reference validation passed

[90mstdout[2m | tests/agent-system/scheduling.test.ts[2m > [22m[2mAgent Scheduling System[2m > [22m[2mDirect Agent Messaging[2m > [22m[2mshould return 400 for invalid agentType[22m[39m
01:59:52 [[32minfo[39m]  [TRACE-c4cc4b86-db22-452b-a07a-8fd64cbf08fd] [REQUEST] POST /api/v1/agent/message
01:59:52 [[31merror[39m]  Error occurred: [
  {
    "code": "invalid_value",
    "values": [
      "gamemaster",
      "output",
      "challenge",
      "quest",
      "map",
      "npc_party",
      "inventory",
      "skill",
      "numerical",
      "event",
      "time"
    ],
    "path": [
      "agentType"
    ],
    "message": "鏃犳晥鐨凙gent绫诲瀷"
  }
] {"name":"ZodError"}
01:59:52 [[32minfo[39m]  [TRACE-c4cc4b86-db22-452b-a07a-8fd64cbf08fd] [RESPONSE] 400 {"success":false,"error":{"code":"VALIDATION_ERROR","message":"鍙傛暟楠岃瘉澶辫触","details":{"errors":[{"path":"agentType","message":"鏃犳晥鐨凙gent绫诲瀷"}]}},"meta":{"timestamp":1785002392104,"requestId":"926f2d13-da66-... [truncated, total 225 chars]
01:59:52 [[32minfo[39m]  POST /api/v1/agent/message 400 17ms c4cc4b86 {"method":"POST","url":"/api/v1/agent/message","status":400,"duration":"17ms"}
01:59:52 [[32minfo[39m]  [TRACE-c4cc4b86-db22-452b-a07a-8fd64cbf08fd] [DURATION] 17ms

[90mstdout[2m | tests/save/save.routes.test.ts[22m[39m
01:59:52 [[32minfo[39m]  Discovered 187 help files {"dir":"C:\\Users\\super\\Documents\\trae_projects\\AGG-main\\packages\\backend\\config\\agent-help"}

[90mstdout[2m | src/routes/__tests__/e2e-template.test.ts[2m > [22m[2mTemplate API e2e[2m > [22m[2mDELETE /:id[2m > [22m[2m鍐呯疆妯℃澘杩斿洖 403[22m[39m
Running migration: 001_init.ts
Migration 001_init.ts completed successfully
Running migration: 002_add_equipped_index.ts
Migration 002_add_equipped_index.ts completed successfully
Running migration: 003_fix_information_boundaries_timestamps.ts
Migration 003_fix_information_boundaries_timestamps.ts completed successfully
Running migration: 004_drop_information_boundaries.ts
004_drop_information_boundaries: information_boundaries table not found, skipping migration
004_drop_information_boundaries: cleared custom_data.knowledge from 0 NPCs
Migration 004_drop_information_boundaries.ts completed successfully
Running migration: 005_drop_npc_relations.ts
005_drop_npc_relations: dropped npc_relations table
Migration 005_drop_npc_relations.ts completed successfully
Running migration: 006_awareness_relationship_events_states.ts
006: created entity_awareness_events table
006: created entity_awareness_states table
006: created entity_relationship_events table
006: created entity_relationship_states table
Migration 006_awareness_relationship_events_states.ts completed successfully
Running migration: 007_add_combat_mode.ts
007: added combat_states.mode column
Migration 007_add_combat_mode.ts completed successfully
Running migration: 008_add_saves_active_challenge_mode.ts
008: added saves.active_challenge_mode column
Migration 008_add_saves_active_challenge_mode.ts completed successfully
All migrations completed
01:59:52 [[32minfo[39m]  Template routes initialized

[90mstdout[2m | src/routes/__tests__/e2e-template.test.ts[2m > [22m[2mTemplate API e2e[2m > [22m[2mDELETE /:id[2m > [22m[2m鍐呯疆妯℃澘杩斿洖 403[22m[39m
01:59:52 [[32minfo[39m]  Cache refreshed with 1 templates
01:59:52 [[31merror[39m]  Failed to delete template {"id":"test-template","error":"Cannot delete built-in templates"}

[90mstdout[2m | tests/agent-system/scheduling.test.ts[2m > [22m[2mAgent Scheduling System[2m > [22m[2mDirect Agent Messaging[2m > [22m[2mshould process valid direct message to output agent[22m[39m
01:59:52 [[32minfo[39m]  [TRACE-37e14fe1-d538-4110-9ad0-f0786124cdd0] [REQUEST] POST /api/v1/agent/message
01:59:52 [[32minfo[39m]  Received direct message request {"targetAgent":"output","messageLength":9}
01:59:52 [[33mwarn[39m]  broadcastToClient: clientId is empty, event dropped f81c4d76 {"eventType":"agent_progress"}
01:59:52 [[34mdebug[39m]  Agent status changed: output -> processing

[90mstdout[2m | src/game-systems/entity-graph/__tests__/RelationshipRepository.test.ts[22m[39m
馃И Setting up comprehensive test environment...
鉁?Database connected
Running migration: 001_init.ts
Migration 001_init.ts completed successfully
Running migration: 002_add_equipped_index.ts

[90mstdout[2m | src/game-systems/map/__tests__/map-duplicate-prevention.test.ts[2m > [22m[2mMapService.createLocation 鍘婚噸闃叉姢[2m > [22m[2m璁捐鏂囨。 搂3 鐭╅樀 #1锛氬悓 name 宸插瓨鍦?鈫?澧為噺鏇存柊 + warnings[2m > [22m[2m宸插瓨鍦?鈫?杩斿洖 alreadyExists=true + warnings 鍚瓧娈电骇 diff[22m[39m
01:59:52 [[32minfo[39m]  Location already exists, applying incremental update {"saveId":"save-001","name":"鐧芥潹鏉?,"existingId":"loc_鐧芥潹鏉慱1784177145648_3"}
01:59:52 [[32minfo[39m]  Location incremental update applied {"saveId":"save-001","name":"鐧芥潹鏉?,"existingId":"loc_鐧芥潹鏉慱1784177145648_3","updatedFields":["parentLocationId","description"],"blockedFields":[]}

[90mstdout[2m | src/game-systems/map/__tests__/map-duplicate-prevention.test.ts[2m > [22m[2mMapService.createLocation 鍘婚噸闃叉姢[2m > [22m[2m璁捐鏂囨。 搂3 鐭╅樀 #1锛氬悓 name 宸插瓨鍦?鈫?澧為噺鏇存柊 + warnings[2m > [22m[2m澧為噺鏇存柊 parentLocationId锛氭棫鍊?鈫?鏂板€硷紙淇纭紪鐮?early return 闂锛?[22m[39m
01:59:52 [[32minfo[39m]  Location already exists, applying incremental update {"saveId":"save-001","name":"鐧芥潹鏉?,"existingId":"loc_鐧芥潹鏉慱1784177145648_3"}
01:59:52 [[32minfo[39m]  Location incremental update applied {"saveId":"save-001","name":"鐧芥潹鏉?,"existingId":"loc_鐧芥潹鏉慱1784177145648_3","updatedFields":["parentLocationId"],"blockedFields":[]}

[90mstdout[2m | src/game-systems/map/__tests__/map-duplicate-prevention.test.ts[2m > [22m[2mMapService.createLocation 鍘婚噸闃叉姢[2m > [22m[2m璁捐鏂囨。 搂3 鐭╅樀 #1锛氬悓 name 宸插瓨鍦?鈫?澧為噺鏇存柊 + warnings[2m > [22m[2m澧為噺鏇存柊澶氬瓧娈碉細description + type + dangerLevel[22m[39m
01:59:52 [[32minfo[39m]  Location already exists, applying incremental update {"saveId":"save-001","name":"鐧芥潹鏉?,"existingId":"loc_鐧芥潹鏉慱1784177145648_3"}
01:59:52 [[32minfo[39m]  Location incremental update applied {"saveId":"save-001","name":"鐧芥潹鏉?,"existingId":"loc_鐧芥潹鏉慱1784177145648_3","updatedFields":["parentLocationId","description","type","dangerLevel"],"blockedFields":[]}

[90mstdout[2m | src/game-systems/map/__tests__/map-duplicate-prevention.test.ts[2m > [22m[2mMapService.createLocation 鍘婚噸闃叉姢[2m > [22m[2m璁捐鏂囨。 搂3.1锛歩sExplored/childLocationIds/connections 鍙洿鏂帮紙闈為粦鍚嶅崟瀛楁锛?[2m > [22m[2misExplored false 鈫?true 鍙閲忔洿鏂?[22m[39m
01:59:52 [[32minfo[39m]  Location already exists, applying incremental update {"saveId":"save-001","name":"鐧芥潹鏉?,"existingId":"loc_鐧芥潹鏉慱1784177145648_3"}
01:59:52 [[32minfo[39m]  Location incremental update applied {"saveId":"save-001","name":"鐧芥潹鏉?,"existingId":"loc_鐧芥潹鏉慱1784177145648_3","updatedFields":["parentLocationId","isExplored"],"blockedFields":[]}

[90mstdout[2m | src/game-systems/map/__tests__/map-duplicate-prevention.test.ts[2m > [22m[2mMapService.createLocation 鍘婚噸闃叉姢[2m > [22m[2m璁捐鏂囨。 搂3.1锛歩sExplored/childLocationIds/connections 鍙洿鏂帮紙闈為粦鍚嶅崟瀛楁锛?[2m > [22m[2mconnections 鍙閲忔洿鏂帮紙閫氳繃 connectionRepo 鍗曠嫭鏇存柊锛?[22m[39m
01:59:52 [[32minfo[39m]  Location already exists, applying incremental update {"saveId":"save-001","name":"鐧芥潹鏉?,"existingId":"loc_鐧芥潹鏉慱1784177145648_3"}
01:59:52 [[32minfo[39m]  Location incremental update applied {"saveId":"save-001","name":"鐧芥潹鏉?,"existingId":"loc_鐧芥潹鏉慱1784177145648_3","updatedFields":["parentLocationId","connections"],"blockedFields":[]}

[90mstdout[2m | src/game-systems/map/__tests__/map-duplicate-prevention.test.ts[2m > [22m[2mMapService.createLocation 鍘婚噸闃叉姢[2m > [22m[2m璁捐鏂囨。 搂3 榛戝悕鍗曞瓧娈佃Е鍙戞彁绀?[2m > [22m[2m榛戝悕鍗曞瓧娈?locationLevel 涓嶈瑕嗙洊锛堜繚鐣欏師鍊硷級[22m[39m
01:59:52 [[32minfo[39m]  Location already exists, applying incremental update {"saveId":"save-001","name":"鐧芥潹鏉?,"existingId":"loc_鐧芥潹鏉慱1784177145648_3"}
01:59:52 [[32minfo[39m]  Location incremental update applied {"saveId":"save-001","name":"鐧芥潹鏉?,"existingId":"loc_鐧芥潹鏉慱1784177145648_3","updatedFields":["parentLocationId","description"],"blockedFields":["locationLevel"]}

[90mstdout[2m | src/game-systems/map/__tests__/map-duplicate-prevention.test.ts[2m > [22m[2mMapService.createLocation 鍘婚噸闃叉姢[2m > [22m[2m璁捐鏂囨。 搂3 榛戝悕鍗曞瓧娈佃Е鍙戞彁绀?[2m > [22m[2mid 瀛楁涓洪粦鍚嶅崟瀛楁锛屼笉琚鐩?[22m[39m
01:59:52 [[32minfo[39m]  Location already exists, applying incremental update {"saveId":"save-001","name":"鐧芥潹鏉?,"existingId":"loc_original_id"}
01:59:52 [[32minfo[39m]  Location incremental update applied {"saveId":"save-001","name":"鐧芥潹鏉?,"existingId":"loc_original_id","updatedFields":["parentLocationId"],"blockedFields":["id"]}

[90mstdout[2m | src/game-systems/map/__tests__/map-duplicate-prevention.test.ts[2m > [22m[2mMapService.createLocation 鍘婚噸闃叉姢[2m > [22m[2m璁捐鏂囨。 搂3锛氫笉瀛樺湪 鈫?姝ｅ父鍒涘缓娴佺▼[2m > [22m[2mfindByName 杩斿洖 null 鈫?姝ｅ父鍒涘缓锛屾棤 alreadyExists[22m[39m
01:59:52 [[32minfo[39m]  Location created {"saveId":"save-001","locationId":"loc_new_1","name":"鏂板湴鐐?,"discovered":false}

[90mstdout[2m | src/game-systems/map/__tests__/map-duplicate-prevention.test.ts[2m > [22m[2mMapService.createLocation 鍘婚噸闃叉姢[2m > [22m[2m璁捐鏂囨。 搂3锛氭棤瀛楁鍙樺寲[2m > [22m[2m杈撳叆涓?existing 涓€鑷?鈫?warnings 鎻愮ず"鏃犲瓧娈靛彉鍖?[22m[39m
01:59:52 [[32minfo[39m]  Location already exists, applying incremental update {"saveId":"save-001","name":"鐧芥潹鏉?,"existingId":"loc_鐧芥潹鏉慱1784177145648_3"}
01:59:52 [[32minfo[39m]  Location incremental update applied {"saveId":"save-001","name":"鐧芥潹鏉?,"existingId":"loc_鐧芥潹鏉慱1784177145648_3","updatedFields":[],"blockedFields":[]}

[90mstdout[2m | src/game-systems/map/__tests__/map-duplicate-prevention.test.ts[22m[39m
01:59:51 [[32minfo[39m]  Help registry loaded: 22 tools {"tools":["batch_query_service","challenge_service","... (22 items)"]}
01:59:51 [[32minfo[39m]  Creating GameMasterAgent (as AgentRuntime with isSubAgent=false)
01:59:51 [[32minfo[39m]  Handler subscribed {"eventType":"dialogue"}
01:59:51 [[32minfo[39m]  Handler subscribed {"eventType":"combat_end"}
01:59:51 [[32minfo[39m]  AwarenessAutoSubscriber subscribed to dialogue + combat_end events
01:59:51 [[32minfo[39m]  Agent initialized: gamemaster - GameMasterAgent
01:59:51 [[32minfo[39m] [AGENT-START] Agent gamemaster starting {"agent":"gamemaster","provider":null,"toolsConfigured":1,"maxIterations":200,"isSubAgent":false}
01:59:51 [[32minfo[39m]  Handler subscribed {"eventType":"chapter_advanced"}
01:59:51 [[32minfo[39m]  Creating AgentRuntime instances from default profile: fantasy_rpg
01:59:51 [[32minfo[39m]  Creating agents from profile: fantasy_rpg {"agentCount":10}
01:59:51 [[32minfo[39m]  Agent initialized: gamemaster - GameMasterAgent
01:59:51 [[32minfo[39m] [AGENT-START] Agent gamemaster starting {"agent":"gamemaster","provider":null,"toolsConfigured":1,"maxIterations":200,"isSubAgent":false}
01:59:51 [[32minfo[39m]  Created AgentRuntime: gamemaster {"profile":"fantasy_rpg","tools":["all"]}
01:59:51 [[32minfo[39m]  Agent initialized: map - MapAgent
01:59:51 [[32minfo[39m] [AGENT-START] Agent map starting {"agent":"map","provider":null,"toolsConfigured":7,"maxIterations":200,"isSubAgent":true}
01:59:51 [[32minfo[39m]  Created AgentRuntime: map {"profile":"fantasy_rpg","tools":["map_service","npc_service","... (7 items)"]}
01:59:51 [[32minfo[39m]  Agent initialized: challenge - ChallengeAgent
01:59:51 [[32minfo[39m] [AGENT-START] Agent challenge starting {"agent":"challenge","provider":null,"toolsConfigured":9,"maxIterations":200,"isSubAgent":true}
01:59:51 [[32minfo[39m]  Created AgentRuntime: challenge {"profile":"fantasy_rpg","tools":["challenge_service","numerical_service","... (9 items)"]}
01:59:51 [[32minfo[39m]  Agent initialized: output - OutputAgent
01:59:51 [[32minfo[39m] [AGENT-START] Agent output starting {"agent":"output","provider":null,"toolsConfigured":5,"maxIterations":200,"isSubAgent":true}
01:59:51 [[32minfo[39m]  Created AgentRuntime: output {"profile":"fantasy_rpg","tools":["dialogue_service","dynamic_ui","... (5 items)"]}
01:59:51 [[32minfo[39m]  Agent initialized: quest - QuestAgent
01:59:51 [[32minfo[39m] [AGENT-START] Agent quest starting {"agent":"quest","provider":null,"toolsConfigured":11,"maxIterations":200,"isSubAgent":true}
01:59:51 [[32minfo[39m]  Created AgentRuntime: quest {"profile":"fantasy_rpg","tools":["quest_service","numerical_service","... (11 items)"]}
01:59:51 [[32minfo[39m]  Agent initialized: npc_party - NPCPartyAgent
01:59:51 [[32minfo[39m] [AGENT-START] Agent npc_party starting {"agent":"npc_party","provider":null,"toolsConfigured":9,"maxIterations":200,"isSubAgent":true}
01:59:51 [[32minfo[39m]  Created AgentRuntime: npc_party {"profile":"fantasy_rpg","tools":["npc_service","entity_graph_service","... (9 items)"]}
01:59:51 [[32minfo[39m]  Agent initialized: inventory - InventoryAgent
01:59:51 [[32minfo[39m] [AGENT-START] Agent inventory starting {"agent":"inventory","provider":null,"toolsConfigured":8,"maxIterations":200,"isSubAgent":true}
01:59:51 [[32minfo[39m]  Created AgentRuntime: inventory {"profile":"fantasy_rpg","tools":["inventory_service","template_pool_service","... (8 items)"]}
01:59:51 [[32minfo[39m]  Agent initialized: skill - SkillAgent
01:59:51 [[32minfo[39m] [AGENT-START] Agent skill starting {"agent":"skill","provider":null,"toolsConfigured":7,"maxIterations":200,"isSubAgent":true}
01:59:51 [[32minfo[39m]  Created AgentRuntime: skill {"profile":"fantasy_rpg","tools":["skill_service","template_pool_service","... (7 items)"]}
01:59:51 [[32minfo[39m]  Agent initialized: event - EventAgent
01:59:51 [[32minfo[39m] [AGENT-START] Agent event starting {"agent":"event","provider":null,"toolsConfigured":5,"maxIterations":200,"isSubAgent":true}
01:59:51 [[32minfo[39m]  Created AgentRuntime: event {"profile":"fantasy_rpg","tools":["event_service","game_time_service","... (5 items)"]}
01:59:51 [[32minfo[39m]  Agent initialized: time - TimeAgent
01:59:51 [[32minfo[39m] [AGENT-START] Agent time starting {"agent":"time","provider":null,"toolsConfigured":4,"maxIterations":200,"isSubAgent":true}
01:59:51 [[32minfo[39m]  Created AgentRuntime: time {"profile":"fantasy_rpg","tools":["game_time_service","rule_service","... (4 items)"]}
01:59:51 [[32minfo[39m]  Permissions configured from agent.tools for profile: fantasy_rpg
01:59:51 [[32minfo[39m]  YAML permissions configured
01:59:51 [[32minfo[39m]  Registering AgentRuntime instances to GameMasterAgent...
01:59:51 [[32minfo[39m]  Registered AgentRuntime to Coordinator: gamemaster
01:59:51 [[32minfo[39m]  Registered AgentRuntime to Coordinator: map
01:59:51 [[32minfo[39m]  Registered AgentRuntime to Coordinator: challenge
01:59:51 [[32minfo[39m]  Registered AgentRuntime to Coordinator: output
01:59:51 [[32minfo[39m]  Registered AgentRuntime to Coordinator: quest
01:59:51 [[32minfo[39m]  Registered AgentRuntime to Coordinator: npc_party
01:59:51 [[32minfo[39m]  Registered AgentRuntime to Coordinator: inventory
01:59:51 [[32minfo[39m]  Registered AgentRuntime to Coordinator: skill
01:59:51 [[32minfo[39m]  Registered AgentRuntime to Coordinator: event
01:59:51 [[32minfo[39m]  Registered AgentRuntime to Coordinator: time
01:59:51 [[32minfo[39m]  GameDataExpander configured (manifest path enabled)
01:59:51 [[32minfo[39m]  DedupService configured (dispatch log persistence enabled)
01:59:51 [[32minfo[39m]  Agent system initialized: 10 AgentRuntime instances created
鉁?Agent system initialized with 10 agents
鈿狅笍 YAML Agent system skipped: __vi_import_5__.initializeYamlAgentSystem is not a function
01:59:51 [[32minfo[39m]  Agent routes initialized
01:59:51 [[32minfo[39m]  Save routes initialized
01:59:52 [[32minfo[39m]  Synced template from YAML to DB: cthulhu-investigation
01:59:52 [[32minfo[39m]  Synced template from YAML to DB: cyberpunk-mercenary
01:59:52 [[32minfo[39m]  Synced template from YAML to DB: medieval-fantasy
01:59:52 [[32minfo[39m]  Synced template from YAML to DB: modern-romance
01:59:52 [[32minfo[39m]  Synced template from YAML to DB: xianxia
01:59:52 [[32minfo[39m]  Synced 5 templates from YAML to database
01:59:52 [[32minfo[39m]  Cache refreshed with 5 templates
01:59:52 [[32minfo[39m]  TemplateService loaded {"cachedTemplates":5}
鉁?Template YAML loaded and synced to DB
01:59:52 [[32minfo[39m]  Template routes initialized
鉁?Test environment setup complete
鉁?Database connection closed

 [32m鉁?[39m src/game-systems/map/__tests__/map-duplicate-prevention.test.ts [2m ([22m[2m9 tests[22m[2m)[22m[33m 1126[2mms[22m[39m
[90mstdout[2m | src/game-systems/entity-graph/__tests__/RelationshipRepository.test.ts[22m[39m
Migration 002_add_equipped_index.ts completed successfully
Running migration: 003_fix_information_boundaries_timestamps.ts

[90mstdout[2m | tests/agent-system/scheduling.test.ts[2m > [22m[2mAgent Scheduling System[2m > [22m[2mDirect Agent Messaging[2m > [22m[2mshould process valid direct message to output agent[22m[39m
01:59:52 [[32minfo[39m]  Discovered 34 rule files {"dir":"C:\\Users\\super\\Documents\\trae_projects\\AGG-main\\packages\\backend\\config\\agent-rules"}

[90mstdout[2m | src/game-systems/skill/__tests__/use-skill-staging-pool.test.ts[22m[39m
馃И Setting up comprehensive test environment...
鉁?Database connected
Running migration: 001_init.ts
Migration 001_init.ts completed successfully
Running migration: 002_add_equipped_index.ts

[90mstdout[2m | src/agents/memory/__tests__/procedural-memory-service.test.ts[22m[39m
Migration 001_init.ts completed successfully
Running migration: 002_add_equipped_index.ts

[90mstdout[2m | src/routes/__tests__/e2e-template.test.ts[2m > [22m[2mTemplate API e2e[2m > [22m[2mGET /:id/character-options[2m > [22m[2m杩斿洖瑙掕壊鍒涘缓閫夐」[22m[39m
Running migration: 001_init.ts
Migration 001_init.ts completed successfully
Running migration: 002_add_equipped_index.ts
Migration 002_add_equipped_index.ts completed successfully
Running migration: 003_fix_information_boundaries_timestamps.ts
Migration 003_fix_information_boundaries_timestamps.ts completed successfully
Running migration: 004_drop_information_boundaries.ts
004_drop_information_boundaries: information_boundaries table not found, skipping migration
004_drop_information_boundaries: cleared custom_data.knowledge from 0 NPCs
Migration 004_drop_information_boundaries.ts completed successfully
Running migration: 005_drop_npc_relations.ts
005_drop_npc_relations: dropped npc_relations table
Migration 005_drop_npc_relations.ts completed successfully
Running migration: 006_awareness_relationship_events_states.ts
006: created entity_awareness_events table
006: created entity_awareness_states table
006: created entity_relationship_events table
006: created entity_relationship_states table
Migration 006_awareness_relationship_events_states.ts completed successfully
Running migration: 007_add_combat_mode.ts
007: added combat_states.mode column
Migration 007_add_combat_mode.ts completed successfully
Running migration: 008_add_saves_active_challenge_mode.ts
008: added saves.active_challenge_mode column
Migration 008_add_saves_active_challenge_mode.ts completed successfully
All migrations completed
01:59:52 [[32minfo[39m]  Template routes initialized

[90mstdout[2m | src/routes/__tests__/e2e-template.test.ts[2m > [22m[2mTemplate API e2e[2m > [22m[2mGET /:id/character-options[2m > [22m[2m杩斿洖瑙掕壊鍒涘缓閫夐」[22m[39m
01:59:52 [[32minfo[39m]  Cache refreshed with 1 templates

[90mstdout[2m | src/game-systems/skill/__tests__/use-skill-staging-pool.test.ts[22m[39m
Migration 002_add_equipped_index.ts completed successfully
Running migration: 003_fix_information_boundaries_timestamps.ts
Migration 003_fix_information_boundaries_timestamps.ts completed successfully
Running migration: 004_drop_information_boundaries.ts
004_drop_information_boundaries: information_boundaries table not found, skipping migration
004_drop_information_boundaries: cleared custom_data.knowledge from 0 NPCs
Migration 004_drop_information_boundaries.ts completed successfully
Running migration: 005_drop_npc_relations.ts

[90mstdout[2m | src/agents/prompt/__tests__/composers.test.ts[22m[39m
01:59:52 [[32minfo[39m]  Discovered 187 help files {"dir":"C:\\Users\\super\\Documents\\trae_projects\\AGG-main\\packages\\backend\\config\\agent-help"}

[90mstdout[2m | src/agents/memory/__tests__/procedural-memory-service.test.ts[22m[39m
Migration 002_add_equipped_index.ts completed successfully
Running migration: 003_fix_information_boundaries_timestamps.ts
Migration 003_fix_information_boundaries_timestamps.ts completed successfully
Running migration: 004_drop_information_boundaries.ts

[90mstdout[2m | src/game-systems/entity-graph/__tests__/RelationshipRepository.test.ts[22m[39m
Migration 003_fix_information_boundaries_timestamps.ts completed successfully
Running migration: 004_drop_information_boundaries.ts

[90mstdout[2m | src/agents/memory/__tests__/procedural-memory-service.test.ts[22m[39m
004_drop_information_boundaries: information_boundaries table not found, skipping migration
004_drop_information_boundaries: cleared custom_data.knowledge from 0 NPCs
Migration 004_drop_information_boundaries.ts completed successfully
Running migration: 005_drop_npc_relations.ts

[90mstdout[2m | tests/agent-system/scheduling.test.ts[2m > [22m[2mAgent Scheduling System[2m > [22m[2mDirect Agent Messaging[2m > [22m[2mshould process valid direct message to output agent[22m[39m
01:59:52 [[32minfo[39m]  Rules engine loaded: 34 rules {"alwaysApply":12,"hooked":["combat","combat_turn","null","combat_start","dialogue","initialize","travel","generate_pool_skills","generate_pool_items","explore","buy_item","sell_item","accept_quest","chat","quest_complete","use_item","equip_item","unequip_item","drop_item"]}

[90mstdout[2m | src/agents/memory/__tests__/procedural-memory-service.test.ts[22m[39m
005_drop_npc_relations: dropped npc_relations table
Migration 005_drop_npc_relations.ts completed successfully
Running migration: 006_awareness_relationship_events_states.ts
006: created entity_awareness_events table
006: created entity_awareness_states table
006: created entity_relationship_events table
006: created entity_relationship_states table
Migration 006_awareness_relationship_events_states.ts completed successfully
Running migration: 007_add_combat_mode.ts
007: added combat_states.mode column
Migration 007_add_combat_mode.ts completed successfully
Running migration: 008_add_saves_active_challenge_mode.ts

[90mstdout[2m | src/routes/__tests__/e2e-template.test.ts[2m > [22m[2mTemplate API e2e[2m > [22m[2mGET /:id/character-options[2m > [22m[2m妯℃澘涓嶅瓨鍦ㄨ繑鍥?404[22m[39m
Running migration: 001_init.ts
Migration 001_init.ts completed successfully
Running migration: 002_add_equipped_index.ts
Migration 002_add_equipped_index.ts completed successfully
Running migration: 003_fix_information_boundaries_timestamps.ts
Migration 003_fix_information_boundaries_timestamps.ts completed successfully
Running migration: 004_drop_information_boundaries.ts
004_drop_information_boundaries: information_boundaries table not found, skipping migration
004_drop_information_boundaries: cleared custom_data.knowledge from 0 NPCs
Migration 004_drop_information_boundaries.ts completed successfully
Running migration: 005_drop_npc_relations.ts
005_drop_npc_relations: dropped npc_relations table
Migration 005_drop_npc_relations.ts completed successfully
Running migration: 006_awareness_relationship_events_states.ts
006: created entity_awareness_events table
006: created entity_awareness_states table
006: created entity_relationship_events table
006: created entity_relationship_states table
Migration 006_awareness_relationship_events_states.ts completed successfully
Running migration: 007_add_combat_mode.ts
007: added combat_states.mode column
Migration 007_add_combat_mode.ts completed successfully
Running migration: 008_add_saves_active_challenge_mode.ts
008: added saves.active_challenge_mode column
Migration 008_add_saves_active_challenge_mode.ts completed successfully
All migrations completed
01:59:52 [[32minfo[39m]  Template routes initialized

[90mstdout[2m | src/game-systems/entity-graph/__tests__/RelationshipRepository.test.ts[22m[39m
004_drop_information_boundaries: information_boundaries table not found, skipping migration
004_drop_information_boundaries: cleared custom_data.knowledge from 0 NPCs
Migration 004_drop_information_boundaries.ts completed successfully
Running migration: 005_drop_npc_relations.ts

[90mstdout[2m | src/routes/__tests__/e2e-template.test.ts[2m > [22m[2mTemplate API e2e[2m > [22m[2mGET /:id/character-options[2m > [22m[2m妯℃澘涓嶅瓨鍦ㄨ繑鍥?404[22m[39m
01:59:52 [[32minfo[39m]  Cache refreshed with 0 templates
01:59:52 [[31merror[39m]  Failed to get character options {"id":"nonexistent","error":"Template not found: nonexistent"}

[90mstdout[2m | tests/agent-system/scheduling.test.ts[2m > [22m[2mAgent Scheduling System[2m > [22m[2mDirect Agent Messaging[2m > [22m[2mshould process valid direct message to output agent[22m[39m
01:59:52 [[32minfo[39m]  Discovered 50 skill files {"dir":"C:\\Users\\super\\Documents\\trae_projects\\AGG-main\\packages\\backend\\config\\agent-skills"}

[90mstdout[2m | src/game-systems/entity-graph/__tests__/RelationshipRepository.test.ts[22m[39m
005_drop_npc_relations: dropped npc_relations table
Migration 005_drop_npc_relations.ts completed successfully
Running migration: 006_awareness_relationship_events_states.ts

[90mstdout[2m | src/game-systems/entity-graph/__tests__/RelationshipRepository.test.ts[22m[39m
006: created entity_awareness_events table
006: created entity_awareness_states table
006: created entity_relationship_events table
006: created entity_relationship_states table
Migration 006_awareness_relationship_events_states.ts completed successfully
Running migration: 007_add_combat_mode.ts

[90mstdout[2m | src/routes/__tests__/e2e-template.test.ts[2m > [22m[2mTemplate API e2e[2m > [22m[2mGET /:id/pool/skills[2m > [22m[2m杩斿洖绌烘暟缁勫綋鏃犳妧鑳?[22m[39m
Running migration: 001_init.ts
Migration 001_init.ts completed successfully
Running migration: 002_add_equipped_index.ts
Migration 002_add_equipped_index.ts completed successfully
Running migration: 003_fix_information_boundaries_timestamps.ts
Migration 003_fix_information_boundaries_timestamps.ts completed successfully
Running migration: 004_drop_information_boundaries.ts
004_drop_information_boundaries: information_boundaries table not found, skipping migration
004_drop_information_boundaries: cleared custom_data.knowledge from 0 NPCs
Migration 004_drop_information_boundaries.ts completed successfully
Running migration: 005_drop_npc_relations.ts
005_drop_npc_relations: dropped npc_relations table
Migration 005_drop_npc_relations.ts completed successfully
Running migration: 006_awareness_relationship_events_states.ts
006: created entity_awareness_events table
006: created entity_awareness_states table
006: created entity_relationship_events table
006: created entity_relationship_states table
Migration 006_awareness_relationship_events_states.ts completed successfully
Running migration: 007_add_combat_mode.ts
007: added combat_states.mode column
Migration 007_add_combat_mode.ts completed successfully
Running migration: 008_add_saves_active_challenge_mode.ts
008: added saves.active_challenge_mode column
Migration 008_add_saves_active_challenge_mode.ts completed successfully
All migrations completed
01:59:52 [[32minfo[39m]  Template routes initialized

[90mstdout[2m | src/services/__tests__/game-service-program-action.test.ts[22m[39m
馃И Setting up comprehensive test environment...
鉁?Database connected
Running migration: 001_init.ts

[90mstdout[2m | tests/agent-system/scheduling.test.ts[2m > [22m[2mAgent Scheduling System[2m > [22m[2mDirect Agent Messaging[2m > [22m[2mshould process valid direct message to output agent[22m[39m
01:59:52 [[32minfo[39m]  Skill registry loaded: 50 skills {"agents":["combat","event","gamemaster","inventory","map","npc_party","output","quest","*","skill","time"]}

[90mstdout[2m | src/routes/__tests__/e2e-template.test.ts[2m > [22m[2mTemplate API e2e[2m > [22m[2mGET /:id/pool/skills[2m > [22m[2m杩斿洖宸叉湁鎶€鑳藉垪琛?[22m[39m
Running migration: 001_init.ts
Migration 001_init.ts completed successfully
Running migration: 002_add_equipped_index.ts
Migration 002_add_equipped_index.ts completed successfully
Running migration: 003_fix_information_boundaries_timestamps.ts
Migration 003_fix_information_boundaries_timestamps.ts completed successfully
Running migration: 004_drop_information_boundaries.ts
004_drop_information_boundaries: information_boundaries table not found, skipping migration
004_drop_information_boundaries: cleared custom_data.knowledge from 0 NPCs
Migration 004_drop_information_boundaries.ts completed successfully
Running migration: 005_drop_npc_relations.ts
005_drop_npc_relations: dropped npc_relations table
Migration 005_drop_npc_relations.ts completed successfully
Running migration: 006_awareness_relationship_events_states.ts
006: created entity_awareness_events table
006: created entity_awareness_states table
006: created entity_relationship_events table
006: created entity_relationship_states table
Migration 006_awareness_relationship_events_states.ts completed successfully
Running migration: 007_add_combat_mode.ts
007: added combat_states.mode column
Migration 007_add_combat_mode.ts completed successfully
Running migration: 008_add_saves_active_challenge_mode.ts
008: added saves.active_challenge_mode column
Migration 008_add_saves_active_challenge_mode.ts completed successfully
All migrations completed
01:59:52 [[32minfo[39m]  Template routes initialized

[90mstdout[2m | src/game-systems/skill/__tests__/use-skill-staging-pool.test.ts[22m[39m
005_drop_npc_relations: dropped npc_relations table
Migration 005_drop_npc_relations.ts completed successfully
Running migration: 006_awareness_relationship_events_states.ts
006: created entity_awareness_events table
006: created entity_awareness_states table
006: created entity_relationship_events table
006: created entity_relationship_states table
Migration 006_awareness_relationship_events_states.ts completed successfully
Running migration: 007_add_combat_mode.ts
007: added combat_states.mode column
Migration 007_add_combat_mode.ts completed successfully
Running migration: 008_add_saves_active_challenge_mode.ts
008: added saves.active_challenge_mode column
Migration 008_add_saves_active_challenge_mode.ts completed successfully
All migrations completed
鉁?Migrations completed
All seeds completed
鉁?Seeds completed
01:59:52 [[32minfo[39m]  Starting YAML-driven Agent system initialization
01:59:52 [[32minfo[39m]  Seeding ModelConfigService from environment
01:59:52 [[32minfo[39m]  No DEEPSEEK_API_KEY env var found, skipping env seed
01:59:52 [[32minfo[39m]  Seeded provider from convict config {"providerType":"openai","providerId":"19975c51-2816-48c1-bc68-05513272dcd2","model":"openrouter/free"}
01:59:52 [[32minfo[39m]  Creating LLMService with ModelConfigService
01:59:52 [[32minfo[39m]  Creating ContextService and DecisionLogService instances
01:59:52 [[32minfo[39m]  Initializing YAML-driven Agent profiles...
01:59:52 [[32minfo[39m]  Loading config from directory: C:\Users\super\Documents\trae_projects\AGG-main\packages\backend\config
01:59:52 [[32minfo[39m]  Loaded agent profile: fantasy_rpg
01:59:52 [[32minfo[39m]  Loaded agent profile: minimal_test
01:59:52 [[32minfo[39m]  Loaded 0 non-builtin profiles from database (0 builtin skipped, using YAML)
01:59:52 [[32minfo[39m]  Config loaded successfully: 2 profiles
01:59:52 [[32minfo[39m]  YAML config loaded successfully
01:59:52 [[32minfo[39m]  Context rules loaded {"agentCount":10}
01:59:52 [[32minfo[39m]  Default manifests loaded {"agentTypeCount":6,"manifestCount":8}
01:59:52 [[32minfo[39m]  Context rules file watcher started {"path":"C:\\Users\\super\\Documents\\trae_projects\\AGG-main\\packages\\backend\\config\\agent-context-rules.yaml"}
01:59:52 [[32minfo[39m]  Loaded 10 agent capabilities from YAML profiles
01:59:52 [[32minfo[39m]  ToolRegistry initialized
01:59:52 [[32minfo[39m]  Registering ServiceTools to ToolRegistry
01:59:52 [[32minfo[39m]  Tool registered: game_time_service - GameTime Service (v1.0.0)
01:59:52 [[32minfo[39m]  Tool registered: numerical_service - Numerical Service (v1.0.0)
01:59:52 [[32minfo[39m]  Tool registered: character_service - Character Service (v1.0.0)
01:59:52 [[32minfo[39m]  Tool registered: inventory_service - Inventory Service (v1.0.0)
01:59:52 [[32minfo[39m]  Tool registered: skill_service - Skill Service (v1.1.0)
01:59:52 [[32minfo[39m]  Tool registered: map_service - Map Service (v2.0.0)
01:59:52 [[32minfo[39m]  Tool registered: npc_service - NPC Service (v1.0.0)
01:59:52 [[32minfo[39m]  Tool registered: dialogue_service - Dialogue Service (v1.0.0)
01:59:52 [[32minfo[39m]  Tool registered: quest_service - Quest Service (v1.0.0)
01:59:52 [[32minfo[39m]  Tool registered: challenge_service - Challenge Service (v1.0.0)
01:59:52 [[32minfo[39m]  Tool registered: event_service - Event Service (v1.0.0)
01:59:52 [[32minfo[39m]  Tool registered: story_service - Story Service (v1.0.0)
01:59:52 [[32minfo[39m]  Tool registered: game_init_service - Game Init Service (v2.0.0)
01:59:52 [[32minfo[39m]  Tool registered: batch_query_service - Batch Query Service (v1.0.0)
01:59:52 [[32minfo[39m]  Tool registered: entity_graph_service - Entity Graph Service (v1.0.0)
01:59:52 [[32minfo[39m]  Tool registered: template_pool_service - Template Pool Service (v1.0.0)
01:59:52 [[32minfo[39m]  Tool registered: dynamic_ui - Dynamic UI Service (v1.0.0)
01:59:52 [[32minfo[39m]  Tool registered: generate_options - Generate Options Service (v2.0.0)
01:59:52 [[32minfo[39m]  Tool registered: coordinator_service - Coordinator Service (v1.0.0)
01:59:52 [[32minfo[39m]  Tool registered: rule_service - Rule Service (v1.0.0)
01:59:52 [[32minfo[39m]  Tool registered: skill_loader - Skill Loader (v1.0.0)
01:59:52 [[32minfo[39m]  Tool registered: help_service - Help Service (v1.0.0)
01:59:52 [[32minfo[39m]  Tool registered: memory_service - Memory Service (v1.0.0)
01:59:52 [[32minfo[39m]  Registered 23 ServiceTools to ToolRegistry
01:59:52 [[32minfo[39m]  Tool reference validation passed

[90mstdout[2m | src/game-systems/entity-graph/__tests__/AwarenessAutoSubscriber.test.ts[2m > [22m[2mAwarenessAutoSubscriber 鍗曞厓娴嬭瘯[2m > [22m[2mdialogue 浜嬩欢瑙﹀彂[2m > [22m[2mdialogue 浜嬩欢瑙﹀彂锛氳嚜鍔?setAwareness(npc, player, delta=+1, source.type=auto:dialogue)[22m[39m
01:59:52 [[32minfo[39m]  Handler subscribed {"eventType":"dialogue"}
01:59:52 [[32minfo[39m]  Handler subscribed {"eventType":"combat_end"}
01:59:52 [[32minfo[39m]  AwarenessAutoSubscriber subscribed to dialogue + combat_end events
01:59:52 [[32minfo[39m]  Awareness auto-updated from dialogue {"saveId":"save-1","npcId":"npc-tom","playerId":"player-1","delta":1}

[90mstdout[2m | src/game-systems/entity-graph/__tests__/AwarenessAutoSubscriber.test.ts[2m > [22m[2mAwarenessAutoSubscriber 鍗曞厓娴嬭瘯[2m > [22m[2mdialogue 浜嬩欢瑙﹀彂[2m > [22m[2mdialogue 浜嬩欢 timestamp 閫忎紶鍒?source.occurredAt[22m[39m
01:59:52 [[32minfo[39m]  Handler subscribed {"eventType":"dialogue"}
01:59:52 [[32minfo[39m]  Handler subscribed {"eventType":"combat_end"}
01:59:52 [[32minfo[39m]  AwarenessAutoSubscriber subscribed to dialogue + combat_end events
01:59:52 [[32minfo[39m]  Awareness auto-updated from dialogue {"saveId":"save-1","npcId":"npc-tom","playerId":"player-1","delta":1}

[90mstdout[2m | src/game-systems/entity-graph/__tests__/AwarenessAutoSubscriber.test.ts[2m > [22m[2mAwarenessAutoSubscriber 鍗曞厓娴嬭瘯[2m > [22m[2mdialogue 浜嬩欢瑙﹀彂[2m > [22m[2mdialogue awarenessNote 榛樿涓?鑷姩锛氬璇濆彂鐢?[22m[39m
01:59:52 [[32minfo[39m]  Handler subscribed {"eventType":"dialogue"}
01:59:52 [[32minfo[39m]  Handler subscribed {"eventType":"combat_end"}
01:59:52 [[32minfo[39m]  AwarenessAutoSubscriber subscribed to dialogue + combat_end events
01:59:52 [[32minfo[39m]  Awareness auto-updated from dialogue {"saveId":"save-1","npcId":"npc-tom","playerId":"player-1","delta":1}

[90mstdout[2m | src/game-systems/entity-graph/__tests__/AwarenessAutoSubscriber.test.ts[2m > [22m[2mAwarenessAutoSubscriber 鍗曞厓娴嬭瘯[2m > [22m[2mcombat_end 浜嬩欢瑙﹀彂[2m > [22m[2mcombat_end 浜嬩欢瑙﹀彂锛氬姣忎釜 NPC 鍙備笌鑰?setAwareness(delta=+3, source.type=auto:combat)[22m[39m
01:59:52 [[32minfo[39m]  Handler subscribed {"eventType":"dialogue"}
01:59:52 [[32minfo[39m]  Handler subscribed {"eventType":"combat_end"}
01:59:52 [[32minfo[39m]  AwarenessAutoSubscriber subscribed to dialogue + combat_end events
01:59:52 [[32minfo[39m]  Awareness auto-updated from combat_end {"saveId":"save-1","combatId":"combat-x","result":"victory","npcCount":2,"successCount":2,"failCount":0}

[90mstdout[2m | src/game-systems/entity-graph/__tests__/AwarenessAutoSubscriber.test.ts[2m > [22m[2mAwarenessAutoSubscriber 鍗曞厓娴嬭瘯[2m > [22m[2mcombat_end 浜嬩欢瑙﹀彂[2m > [22m[2mcombat_end 浜嬩欢锛氫粎 character 鍙備笌鑰呬綔涓?target锛屾棤 NPC 璺宠繃[22m[39m
01:59:52 [[32minfo[39m]  Handler subscribed {"eventType":"dialogue"}
01:59:52 [[32minfo[39m]  Handler subscribed {"eventType":"combat_end"}
01:59:52 [[32minfo[39m]  AwarenessAutoSubscriber subscribed to dialogue + combat_end events
01:59:52 [[32minfo[39m]  Combat_end event has no NPC participants, skip awareness auto-update {"saveId":"save-1"}

[90mstdout[2m | src/game-systems/entity-graph/__tests__/AwarenessAutoSubscriber.test.ts[2m > [22m[2mAwarenessAutoSubscriber 鍗曞厓娴嬭瘯[2m > [22m[2mcombat_end 浜嬩欢瑙﹀彂[2m > [22m[2mcombat_end 浜嬩欢锛氭棤 character 鍙備笌鑰呰烦杩?[22m[39m
01:59:52 [[32minfo[39m]  Handler subscribed {"eventType":"dialogue"}
01:59:52 [[32minfo[39m]  Handler subscribed {"eventType":"combat_end"}
01:59:52 [[32minfo[39m]  AwarenessAutoSubscriber subscribed to dialogue + combat_end events
01:59:52 [[33mwarn[39m]  Combat_end event missing character participant, skip awareness auto-update {"saveId":"save-1","participantsCount":1}

[90mstdout[2m | src/game-systems/entity-graph/__tests__/AwarenessAutoSubscriber.test.ts[2m > [22m[2mAwarenessAutoSubscriber 鍗曞厓娴嬭瘯[2m > [22m[2mcombat_end 浜嬩欢瑙﹀彂[2m > [22m[2mcombat_end 浜嬩欢锛氱┖ participants 鏁扮粍璺宠繃[22m[39m
01:59:52 [[32minfo[39m]  Handler subscribed {"eventType":"dialogue"}
01:59:52 [[32minfo[39m]  Handler subscribed {"eventType":"combat_end"}
01:59:52 [[32minfo[39m]  AwarenessAutoSubscriber subscribed to dialogue + combat_end events
01:59:52 [[33mwarn[39m]  Combat_end event missing participants, skip awareness auto-update {"saveId":"save-1"}

[90mstdout[2m | src/game-systems/entity-graph/__tests__/AwarenessAutoSubscriber.test.ts[2m > [22m[2mAwarenessAutoSubscriber 鍗曞厓娴嬭瘯[2m > [22m[2mcombat_end 浜嬩欢瑙﹀彂[2m > [22m[2mcombat_end 鍗曚釜 NPC setAwareness 鎶涢敊涓嶅奖鍝嶅叾浠?NPC[22m[39m
01:59:52 [[32minfo[39m]  Handler subscribed {"eventType":"dialogue"}
01:59:52 [[32minfo[39m]  Handler subscribed {"eventType":"combat_end"}
01:59:52 [[32minfo[39m]  AwarenessAutoSubscriber subscribed to dialogue + combat_end events
01:59:52 [[33mwarn[39m]  Failed to auto-update awareness from combat_end for NPC {"saveId":"save-1","npcId":"npc-fail","playerId":"player-1","error":"node not found: npc-fail"}
01:59:52 [[32minfo[39m]  Awareness auto-updated from combat_end {"saveId":"save-1","combatId":"combat-1","result":"victory","npcCount":2,"successCount":1,"failCount":1}

[90mstdout[2m | src/game-systems/entity-graph/__tests__/AwarenessAutoSubscriber.test.ts[2m > [22m[2mAwarenessAutoSubscriber 鍗曞厓娴嬭瘯[2m > [22m[2m鑷姩浜嬩欢琚帇缂╋紙R1-R4锛?[2m > [22m[2m杩炵画 3 娆?dialogue 浜嬩欢锛歋ubscriber 璋冪敤 3 娆?setAwareness锛堟瘡娆?delta=+1锛宻ource.type=auto:dialogue锛?[22m[39m
01:59:52 [[32minfo[39m]  Handler subscribed {"eventType":"dialogue"}
01:59:52 [[32minfo[39m]  Handler subscribed {"eventType":"combat_end"}
01:59:52 [[32minfo[39m]  AwarenessAutoSubscriber subscribed to dialogue + combat_end events
01:59:52 [[32minfo[39m]  Awareness auto-updated from dialogue {"saveId":"save-1","npcId":"npc-tom","playerId":"player-1","delta":1}
01:59:52 [[32minfo[39m]  Awareness auto-updated from dialogue {"saveId":"save-1","npcId":"npc-tom","playerId":"player-1","delta":1}
01:59:52 [[32minfo[39m]  Awareness auto-updated from dialogue {"saveId":"save-1","npcId":"npc-tom","playerId":"player-1","delta":1}

[90mstdout[2m | src/game-systems/entity-graph/__tests__/AwarenessAutoSubscriber.test.ts[2m > [22m[2mAwarenessAutoSubscriber 鍗曞厓娴嬭瘯[2m > [22m[2m鑷姩浜嬩欢涓?GM 浜嬩欢鍙犲姞[2m > [22m[2mauto dialogue +1 鍚?GM 璋冪敤 setAwareness(delta=+5)锛氫袱娆¤皟鐢ㄧ嫭绔嬮€忎紶[22m[39m
01:59:52 [[32minfo[39m]  Handler subscribed {"eventType":"dialogue"}
01:59:52 [[32minfo[39m]  Handler subscribed {"eventType":"combat_end"}
01:59:52 [[32minfo[39m]  AwarenessAutoSubscriber subscribed to dialogue + combat_end events
01:59:52 [[32minfo[39m]  Awareness auto-updated from dialogue {"saveId":"save-1","npcId":"npc-tom","playerId":"player-1","delta":1}

[90mstdout[2m | src/game-systems/entity-graph/__tests__/AwarenessAutoSubscriber.test.ts[2m > [22m[2mAwarenessAutoSubscriber 鍗曞厓娴嬭瘯[2m > [22m[2mplayer 鑺傜偣涓嶅瓨鍦?鏁版嵁缂哄け[2m > [22m[2mdialogue 浜嬩欢 npcId 缂哄け锛氳烦杩囷紙涓嶈皟鐢?setAwareness锛屼笉鎶涢敊锛?[22m[39m
01:59:52 [[32minfo[39m]  Handler subscribed {"eventType":"dialogue"}
01:59:52 [[32minfo[39m]  Handler subscribed {"eventType":"combat_end"}
01:59:52 [[32minfo[39m]  AwarenessAutoSubscriber subscribed to dialogue + combat_end events
01:59:52 [[33mwarn[39m]  Dialogue event missing npcId, skip awareness auto-update {"saveId":"save-1"}

[90mstdout[2m | src/game-systems/entity-graph/__tests__/AwarenessAutoSubscriber.test.ts[2m > [22m[2mAwarenessAutoSubscriber 鍗曞厓娴嬭瘯[2m > [22m[2mplayer 鑺傜偣涓嶅瓨鍦?鏁版嵁缂哄け[2m > [22m[2mdialogue 浜嬩欢 playerId 缂哄け锛氳烦杩囷紙涓嶈皟鐢?setAwareness锛屼笉鎶涢敊锛?[22m[39m
01:59:52 [[32minfo[39m]  Handler subscribed {"eventType":"dialogue"}
01:59:52 [[32minfo[39m]  Handler subscribed {"eventType":"combat_end"}
01:59:52 [[32minfo[39m]  AwarenessAutoSubscriber subscribed to dialogue + combat_end events
01:59:52 [[33mwarn[39m]  Dialogue event missing playerId, skip awareness auto-update {"saveId":"save-1","npcId":"npc-tom","hint":"DialogueService may not have characterService injected; data.playerId unavailable"}

[90mstdout[2m | src/game-systems/entity-graph/__tests__/AwarenessAutoSubscriber.test.ts[2m > [22m[2mAwarenessAutoSubscriber 鍗曞厓娴嬭瘯[2m > [22m[2mplayer 鑺傜偣涓嶅瓨鍦?鏁版嵁缂哄け[2m > [22m[2mdialogue setAwareness 鎶涢敊锛坧layer 鑺傜偣涓嶅瓨鍦級锛氭崟鑾烽敊璇紝涓嶄紶鎾埌 emit 璋冪敤鏂?[22m[39m
01:59:52 [[32minfo[39m]  Handler subscribed {"eventType":"dialogue"}
01:59:52 [[32minfo[39m]  Handler subscribed {"eventType":"combat_end"}
01:59:52 [[32minfo[39m]  AwarenessAutoSubscriber subscribed to dialogue + combat_end events
01:59:52 [[33mwarn[39m]  Failed to auto-update awareness from dialogue {"saveId":"save-1","npcId":"npc-tom","playerId":"player-1","error":"target node not found: player-1"}

[90mstdout[2m | src/game-systems/entity-graph/__tests__/AwarenessAutoSubscriber.test.ts[2m > [22m[2mAwarenessAutoSubscriber 鍗曞厓娴嬭瘯[2m > [22m[2mplayer 鑺傜偣涓嶅瓨鍦?鏁版嵁缂哄け[2m > [22m[2mcombat_end setAwareness 鍏ㄩ儴 NPC 鎶涢敊锛歟mit 涓嶄紶鎾紓甯?[22m[39m
01:59:52 [[32minfo[39m]  Handler subscribed {"eventType":"dialogue"}
01:59:52 [[32minfo[39m]  Handler subscribed {"eventType":"combat_end"}
01:59:52 [[32minfo[39m]  AwarenessAutoSubscriber subscribed to dialogue + combat_end events
01:59:52 [[33mwarn[39m]  Failed to auto-update awareness from combat_end for NPC {"saveId":"save-1","npcId":"npc-a","playerId":"player-1","error":"observer node not found"}
01:59:52 [[33mwarn[39m]  Failed to auto-update awareness from combat_end for NPC {"saveId":"save-1","npcId":"npc-b","playerId":"player-1","error":"observer node not found"}
01:59:52 [[32minfo[39m]  Awareness auto-updated from combat_end {"saveId":"save-1","combatId":"combat-1","result":"victory","npcCount":2,"successCount":0,"failCount":2}

[90mstdout[2m | src/game-systems/entity-graph/__tests__/AwarenessAutoSubscriber.test.ts[22m[39m
01:59:51 [[32minfo[39m]  Help registry loaded: 22 tools {"tools":["batch_query_service","challenge_service","... (22 items)"]}
01:59:51 [[32minfo[39m]  Creating GameMasterAgent (as AgentRuntime with isSubAgent=false)
01:59:51 [[32minfo[39m]  Handler subscribed {"eventType":"dialogue"}
01:59:51 [[32minfo[39m]  Handler subscribed {"eventType":"combat_end"}
01:59:51 [[32minfo[39m]  AwarenessAutoSubscriber subscribed to dialogue + combat_end events
01:59:51 [[32minfo[39m]  Agent initialized: gamemaster - GameMasterAgent
01:59:51 [[32minfo[39m] [AGENT-START] Agent gamemaster starting {"agent":"gamemaster","provider":null,"toolsConfigured":1,"maxIterations":200,"isSubAgent":false}
01:59:51 [[32minfo[39m]  Handler subscribed {"eventType":"chapter_advanced"}
01:59:51 [[32minfo[39m]  Creating AgentRuntime instances from default profile: fantasy_rpg
01:59:51 [[32minfo[39m]  Creating agents from profile: fantasy_rpg {"agentCount":10}
01:59:51 [[32minfo[39m]  Agent initialized: gamemaster - GameMasterAgent
01:59:51 [[32minfo[39m] [AGENT-START] Agent gamemaster starting {"agent":"gamemaster","provider":null,"toolsConfigured":1,"maxIterations":200,"isSubAgent":false}
01:59:51 [[32minfo[39m]  Created AgentRuntime: gamemaster {"profile":"fantasy_rpg","tools":["all"]}
01:59:51 [[32minfo[39m]  Agent initialized: map - MapAgent
01:59:51 [[32minfo[39m] [AGENT-START] Agent map starting {"agent":"map","provider":null,"toolsConfigured":7,"maxIterations":200,"isSubAgent":true}
01:59:51 [[32minfo[39m]  Created AgentRuntime: map {"profile":"fantasy_rpg","tools":["map_service","npc_service","... (7 items)"]}
01:59:51 [[32minfo[39m]  Agent initialized: challenge - ChallengeAgent
01:59:51 [[32minfo[39m] [AGENT-START] Agent challenge starting {"agent":"challenge","provider":null,"toolsConfigured":9,"maxIterations":200,"isSubAgent":true}
01:59:51 [[32minfo[39m]  Created AgentRuntime: challenge {"profile":"fantasy_rpg","tools":["challenge_service","numerical_service","... (9 items)"]}
01:59:51 [[32minfo[39m]  Agent initialized: output - OutputAgent
01:59:51 [[32minfo[39m] [AGENT-START] Agent output starting {"agent":"output","provider":null,"toolsConfigured":5,"maxIterations":200,"isSubAgent":true}
01:59:51 [[32minfo[39m]  Created AgentRuntime: output {"profile":"fantasy_rpg","tools":["dialogue_service","dynamic_ui","... (5 items)"]}
01:59:51 [[32minfo[39m]  Agent initialized: quest - QuestAgent
01:59:51 [[32minfo[39m] [AGENT-START] Agent quest starting {"agent":"quest","provider":null,"toolsConfigured":11,"maxIterations":200,"isSubAgent":true}
01:59:51 [[32minfo[39m]  Created AgentRuntime: quest {"profile":"fantasy_rpg","tools":["quest_service","numerical_service","... (11 items)"]}
01:59:51 [[32minfo[39m]  Agent initialized: npc_party - NPCPartyAgent
01:59:51 [[32minfo[39m] [AGENT-START] Agent npc_party starting {"agent":"npc_party","provider":null,"toolsConfigured":9,"maxIterations":200,"isSubAgent":true}
01:59:51 [[32minfo[39m]  Created AgentRuntime: npc_party {"profile":"fantasy_rpg","tools":["npc_service","entity_graph_service","... (9 items)"]}
01:59:51 [[32minfo[39m]  Agent initialized: inventory - InventoryAgent
01:59:51 [[32minfo[39m] [AGENT-START] Agent inventory starting {"agent":"inventory","provider":null,"toolsConfigured":8,"maxIterations":200,"isSubAgent":true}
01:59:51 [[32minfo[39m]  Created AgentRuntime: inventory {"profile":"fantasy_rpg","tools":["inventory_service","template_pool_service","... (8 items)"]}
01:59:51 [[32minfo[39m]  Agent initialized: skill - SkillAgent
01:59:51 [[32minfo[39m] [AGENT-START] Agent skill starting {"agent":"skill","provider":null,"toolsConfigured":7,"maxIterations":200,"isSubAgent":true}
01:59:51 [[32minfo[39m]  Created AgentRuntime: skill {"profile":"fantasy_rpg","tools":["skill_service","template_pool_service","... (7 items)"]}
01:59:51 [[32minfo[39m]  Agent initialized: event - EventAgent
01:59:51 [[32minfo[39m] [AGENT-START] Agent event starting {"agent":"event","provider":null,"toolsConfigured":5,"maxIterations":200,"isSubAgent":true}
01:59:51 [[32minfo[39m]  Created AgentRuntime: event {"profile":"fantasy_rpg","tools":["event_service","game_time_service","... (5 items)"]}
01:59:51 [[32minfo[39m]  Agent initialized: time - TimeAgent
01:59:51 [[32minfo[39m] [AGENT-START] Agent time starting {"agent":"time","provider":null,"toolsConfigured":4,"maxIterations":200,"isSubAgent":true}
01:59:51 [[32minfo[39m]  Created AgentRuntime: time {"profile":"fantasy_rpg","tools":["game_time_service","rule_service","... (4 items)"]}
01:59:51 [[32minfo[39m]  Permissions configured from agent.tools for profile: fantasy_rpg
01:59:51 [[32minfo[39m]  YAML permissions configured
01:59:51 [[32minfo[39m]  Registering AgentRuntime instances to GameMasterAgent...
01:59:51 [[32minfo[39m]  Registered AgentRuntime to Coordinator: gamemaster
01:59:51 [[32minfo[39m]  Registered AgentRuntime to Coordinator: map
01:59:51 [[32minfo[39m]  Registered AgentRuntime to Coordinator: challenge
01:59:51 [[32minfo[39m]  Registered AgentRuntime to Coordinator: output
01:59:51 [[32minfo[39m]  Registered AgentRuntime to Coordinator: quest
01:59:51 [[32minfo[39m]  Registered AgentRuntime to Coordinator: npc_party
01:59:51 [[32minfo[39m]  Registered AgentRuntime to Coordinator: inventory
01:59:51 [[32minfo[39m]  Registered AgentRuntime to Coordinator: skill
01:59:51 [[32minfo[39m]  Registered AgentRuntime to Coordinator: event
01:59:51 [[32minfo[39m]  Registered AgentRuntime to Coordinator: time
01:59:51 [[32minfo[39m]  GameDataExpander configured (manifest path enabled)
01:59:51 [[32minfo[39m]  DedupService configured (dispatch log persistence enabled)
01:59:51 [[32minfo[39m]  Agent system initialized: 10 AgentRuntime instances created
鉁?Agent system initialized with 10 agents
鈿狅笍 YAML Agent system skipped: __vi_import_5__.initializeYamlAgentSystem is not a function
01:59:51 [[32minfo[39m]  Agent routes initialized
01:59:51 [[32minfo[39m]  Save routes initialized
01:59:51 [[32minfo[39m]  Synced template from YAML to DB: cthulhu-investigation
01:59:51 [[32minfo[39m]  Synced template from YAML to DB: cyberpunk-mercenary
01:59:51 [[32minfo[39m]  Synced template from YAML to DB: medieval-fantasy
01:59:51 [[32minfo[39m]  Synced template from YAML to DB: modern-romance
01:59:52 [[32minfo[39m]  Synced template from YAML to DB: xianxia
01:59:52 [[32minfo[39m]  Synced 5 templates from YAML to database
01:59:52 [[32minfo[39m]  Cache refreshed with 5 templates
01:59:52 [[32minfo[39m]  TemplateService loaded {"cachedTemplates":5}
鉁?Template YAML loaded and synced to DB
01:59:52 [[32minfo[39m]  Template routes initialized
鉁?Test environment setup complete
鉁?Database connection closed

 [32m鉁?[39m src/game-systems/entity-graph/__tests__/AwarenessAutoSubscriber.test.ts [2m ([22m[2m14 tests[22m[2m)[22m[33m 1803[2mms[22m[39m
[90mstdout[2m | src/routes/__tests__/e2e-template.test.ts[2m > [22m[2mTemplate API e2e[2m > [22m[2mPOST /:id/pool/skills[2m > [22m[2m鍒涘缓鎶€鑳芥垚鍔熻繑鍥炴妧鑳藉璞?[22m[39m
Running migration: 001_init.ts
Migration 001_init.ts completed successfully
Running migration: 002_add_equipped_index.ts
Migration 002_add_equipped_index.ts completed successfully
Running migration: 003_fix_information_boundaries_timestamps.ts
Migration 003_fix_information_boundaries_timestamps.ts completed successfully
Running migration: 004_drop_information_boundaries.ts
004_drop_information_boundaries: information_boundaries table not found, skipping migration
004_drop_information_boundaries: cleared custom_data.knowledge from 0 NPCs
Migration 004_drop_information_boundaries.ts completed successfully
Running migration: 005_drop_npc_relations.ts
005_drop_npc_relations: dropped npc_relations table
Migration 005_drop_npc_relations.ts completed successfully
Running migration: 006_awareness_relationship_events_states.ts
006: created entity_awareness_events table
006: created entity_awareness_states table
006: created entity_relationship_events table
006: created entity_relationship_states table
Migration 006_awareness_relationship_events_states.ts completed successfully
Running migration: 007_add_combat_mode.ts
007: added combat_states.mode column
Migration 007_add_combat_mode.ts completed successfully
Running migration: 008_add_saves_active_challenge_mode.ts
008: added saves.active_challenge_mode column
Migration 008_add_saves_active_challenge_mode.ts completed successfully
All migrations completed
01:59:52 [[32minfo[39m]  Template routes initialized

[90mstdout[2m | src/routes/__tests__/e2e-template.test.ts[2m > [22m[2mTemplate API e2e[2m > [22m[2mPOST /:id/pool/skills[2m > [22m[2m鍒涘缓鎶€鑳芥垚鍔熻繑鍥炴妧鑳藉璞?[22m[39m
01:59:52 [[32minfo[39m]  Template skill created {"templateId":"test-template","skillId":"tskill_test_template_Fireball","name":"Fireball"}

[90mstdout[2m | src/services/__tests__/game-service-program-action.test.ts[22m[39m
Migration 001_init.ts completed successfully
Running migration: 002_add_equipped_index.ts

[90mstdout[2m | src/services/__tests__/game-service-program-action.test.ts[22m[39m
Migration 002_add_equipped_index.ts completed successfully
Running migration: 003_fix_information_boundaries_timestamps.ts
Migration 003_fix_information_boundaries_timestamps.ts completed successfully
Running migration: 004_drop_information_boundaries.ts
004_drop_information_boundaries: information_boundaries table not found, skipping migration
004_drop_information_boundaries: cleared custom_data.knowledge from 0 NPCs
Migration 004_drop_information_boundaries.ts completed successfully
Running migration: 005_drop_npc_relations.ts
005_drop_npc_relations: dropped npc_relations table
Migration 005_drop_npc_relations.ts completed successfully
Running migration: 006_awareness_relationship_events_states.ts

[90mstdout[2m | src/routes/__tests__/e2e-template.test.ts[2m > [22m[2mTemplate API e2e[2m > [22m[2mGET /:id/pool/items[2m > [22m[2m杩斿洖绌烘暟缁勫綋鏃犵墿鍝?[22m[39m
Running migration: 001_init.ts
Migration 001_init.ts completed successfully
Running migration: 002_add_equipped_index.ts
Migration 002_add_equipped_index.ts completed successfully
Running migration: 003_fix_information_boundaries_timestamps.ts
Migration 003_fix_information_boundaries_timestamps.ts completed successfully
Running migration: 004_drop_information_boundaries.ts
004_drop_information_boundaries: information_boundaries table not found, skipping migration
004_drop_information_boundaries: cleared custom_data.knowledge from 0 NPCs
Migration 004_drop_information_boundaries.ts completed successfully
Running migration: 005_drop_npc_relations.ts
005_drop_npc_relations: dropped npc_relations table
Migration 005_drop_npc_relations.ts completed successfully
Running migration: 006_awareness_relationship_events_states.ts
006: created entity_awareness_events table
006: created entity_awareness_states table
006: created entity_relationship_events table
006: created entity_relationship_states table
Migration 006_awareness_relationship_events_states.ts completed successfully
Running migration: 007_add_combat_mode.ts
007: added combat_states.mode column
Migration 007_add_combat_mode.ts completed successfully
Running migration: 008_add_saves_active_challenge_mode.ts
008: added saves.active_challenge_mode column
Migration 008_add_saves_active_challenge_mode.ts completed successfully
All migrations completed
01:59:52 [[32minfo[39m]  Template routes initialized

[90mstdout[2m | src/agents/memory/__tests__/procedural-memory-service.test.ts[22m[39m
008: added saves.active_challenge_mode column
Migration 008_add_saves_active_challenge_mode.ts completed successfully
All migrations completed
鉁?Migrations completed
All seeds completed
鉁?Seeds completed
01:59:52 [[32minfo[39m]  Starting YAML-driven Agent system initialization
01:59:52 [[32minfo[39m]  Seeding ModelConfigService from environment
01:59:52 [[32minfo[39m]  No DEEPSEEK_API_KEY env var found, skipping env seed
01:59:52 [[32minfo[39m]  Seeded provider from convict config {"providerType":"openai","providerId":"430bde91-a42b-4350-b827-71cb7a55e4e3","model":"openrouter/free"}
01:59:52 [[32minfo[39m]  Creating LLMService with ModelConfigService
01:59:52 [[32minfo[39m]  Creating ContextService and DecisionLogService instances
01:59:52 [[32minfo[39m]  Initializing YAML-driven Agent profiles...
01:59:52 [[32minfo[39m]  Loading config from directory: C:\Users\super\Documents\trae_projects\AGG-main\packages\backend\config
01:59:52 [[32minfo[39m]  Loaded agent profile: fantasy_rpg
01:59:52 [[32minfo[39m]  Loaded agent profile: minimal_test
01:59:52 [[32minfo[39m]  Loaded 0 non-builtin profiles from database (0 builtin skipped, using YAML)
01:59:52 [[32minfo[39m]  Config loaded successfully: 2 profiles
01:59:52 [[32minfo[39m]  YAML config loaded successfully
01:59:52 [[32minfo[39m]  Context rules loaded {"agentCount":10}
01:59:52 [[32minfo[39m]  Default manifests loaded {"agentTypeCount":6,"manifestCount":8}
01:59:52 [[32minfo[39m]  Context rules file watcher started {"path":"C:\\Users\\super\\Documents\\trae_projects\\AGG-main\\packages\\backend\\config\\agent-context-rules.yaml"}
01:59:52 [[32minfo[39m]  Loaded 10 agent capabilities from YAML profiles
01:59:52 [[32minfo[39m]  ToolRegistry initialized
01:59:52 [[32minfo[39m]  Registering ServiceTools to ToolRegistry
01:59:52 [[32minfo[39m]  Tool registered: game_time_service - GameTime Service (v1.0.0)
01:59:52 [[32minfo[39m]  Tool registered: numerical_service - Numerical Service (v1.0.0)
01:59:52 [[32minfo[39m]  Tool registered: character_service - Character Service (v1.0.0)
01:59:52 [[32minfo[39m]  Tool registered: inventory_service - Inventory Service (v1.0.0)
01:59:52 [[32minfo[39m]  Tool registered: skill_service - Skill Service (v1.1.0)
01:59:52 [[32minfo[39m]  Tool registered: map_service - Map Service (v2.0.0)
01:59:52 [[32minfo[39m]  Tool registered: npc_service - NPC Service (v1.0.0)
01:59:52 [[32minfo[39m]  Tool registered: dialogue_service - Dialogue Service (v1.0.0)
01:59:52 [[32minfo[39m]  Tool registered: quest_service - Quest Service (v1.0.0)
01:59:52 [[32minfo[39m]  Tool registered: challenge_service - Challenge Service (v1.0.0)
01:59:52 [[32minfo[39m]  Tool registered: event_service - Event Service (v1.0.0)
01:59:52 [[32minfo[39m]  Tool registered: story_service - Story Service (v1.0.0)
01:59:52 [[32minfo[39m]  Tool registered: game_init_service - Game Init Service (v2.0.0)
01:59:52 [[32minfo[39m]  Tool registered: batch_query_service - Batch Query Service (v1.0.0)
01:59:52 [[32minfo[39m]  Tool registered: entity_graph_service - Entity Graph Service (v1.0.0)
01:59:52 [[32minfo[39m]  Tool registered: template_pool_service - Template Pool Service (v1.0.0)
01:59:52 [[32minfo[39m]  Tool registered: dynamic_ui - Dynamic UI Service (v1.0.0)
01:59:52 [[32minfo[39m]  Tool registered: generate_options - Generate Options Service (v2.0.0)
01:59:52 [[32minfo[39m]  Tool registered: coordinator_service - Coordinator Service (v1.0.0)
01:59:52 [[32minfo[39m]  Tool registered: rule_service - Rule Service (v1.0.0)
01:59:52 [[32minfo[39m]  Tool registered: skill_loader - Skill Loader (v1.0.0)
01:59:52 [[32minfo[39m]  Tool registered: help_service - Help Service (v1.0.0)
01:59:52 [[32minfo[39m]  Tool registered: memory_service - Memory Service (v1.0.0)
01:59:52 [[32minfo[39m]  Registered 23 ServiceTools to ToolRegistry
01:59:52 [[32minfo[39m]  Tool reference validation passed

[90mstdout[2m | src/services/__tests__/game-service-program-action.test.ts[22m[39m
006: created entity_awareness_events table
006: created entity_awareness_states table
006: created entity_relationship_events table
006: created entity_relationship_states table
Migration 006_awareness_relationship_events_states.ts completed successfully
Running migration: 007_add_combat_mode.ts

[90mstdout[2m | src/services/__tests__/game-service-program-action.test.ts[22m[39m
007: added combat_states.mode column
Migration 007_add_combat_mode.ts completed successfully
Running migration: 008_add_saves_active_challenge_mode.ts

[90mstdout[2m | src/routes/__tests__/e2e-template.test.ts[2m > [22m[2mTemplate API e2e[2m > [22m[2mGET /:id/pool/items[2m > [22m[2m杩斿洖宸叉湁鐗╁搧鍒楄〃[22m[39m
Running migration: 001_init.ts
Migration 001_init.ts completed successfully
Running migration: 002_add_equipped_index.ts
Migration 002_add_equipped_index.ts completed successfully
Running migration: 003_fix_information_boundaries_timestamps.ts
Migration 003_fix_information_boundaries_timestamps.ts completed successfully
Running migration: 004_drop_information_boundaries.ts
004_drop_information_boundaries: information_boundaries table not found, skipping migration
004_drop_information_boundaries: cleared custom_data.knowledge from 0 NPCs
Migration 004_drop_information_boundaries.ts completed successfully
Running migration: 005_drop_npc_relations.ts
005_drop_npc_relations: dropped npc_relations table
Migration 005_drop_npc_relations.ts completed successfully
Running migration: 006_awareness_relationship_events_states.ts
006: created entity_awareness_events table
006: created entity_awareness_states table
006: created entity_relationship_events table
006: created entity_relationship_states table
Migration 006_awareness_relationship_events_states.ts completed successfully
Running migration: 007_add_combat_mode.ts
007: added combat_states.mode column
Migration 007_add_combat_mode.ts completed successfully
Running migration: 008_add_saves_active_challenge_mode.ts
008: added saves.active_challenge_mode column
Migration 008_add_saves_active_challenge_mode.ts completed successfully
All migrations completed
01:59:52 [[32minfo[39m]  Template routes initialized

[90mstdout[2m | src/agents/memory/__tests__/procedural-memory-service.test.ts[22m[39m
01:59:52 [[32minfo[39m]  Discovered 187 help files {"dir":"C:\\Users\\super\\Documents\\trae_projects\\AGG-main\\packages\\backend\\config\\agent-help"}

[90mstdout[2m | src/routes/__tests__/e2e-template.test.ts[2m > [22m[2mTemplate API e2e[2m > [22m[2mPOST /:id/pool/items[2m > [22m[2m鍒涘缓鐗╁搧鎴愬姛杩斿洖鐗╁搧瀵硅薄[22m[39m
Running migration: 001_init.ts
Migration 001_init.ts completed successfully
Running migration: 002_add_equipped_index.ts
Migration 002_add_equipped_index.ts completed successfully
Running migration: 003_fix_information_boundaries_timestamps.ts
Migration 003_fix_information_boundaries_timestamps.ts completed successfully
Running migration: 004_drop_information_boundaries.ts
004_drop_information_boundaries: information_boundaries table not found, skipping migration
004_drop_information_boundaries: cleared custom_data.knowledge from 0 NPCs
Migration 004_drop_information_boundaries.ts completed successfully
Running migration: 005_drop_npc_relations.ts
005_drop_npc_relations: dropped npc_relations table
Migration 005_drop_npc_relations.ts completed successfully
Running migration: 006_awareness_relationship_events_states.ts
006: created entity_awareness_events table
006: created entity_awareness_states table
006: created entity_relationship_events table
006: created entity_relationship_states table
Migration 006_awareness_relationship_events_states.ts completed successfully
Running migration: 007_add_combat_mode.ts
007: added combat_states.mode column
Migration 007_add_combat_mode.ts completed successfully
Running migration: 008_add_saves_active_challenge_mode.ts
008: added saves.active_challenge_mode column
Migration 008_add_saves_active_challenge_mode.ts completed successfully
All migrations completed
01:59:52 [[32minfo[39m]  Template routes initialized

[90mstdout[2m | src/routes/__tests__/e2e-template.test.ts[2m > [22m[2mTemplate API e2e[2m > [22m[2mPOST /:id/pool/items[2m > [22m[2m鍒涘缓鐗╁搧鎴愬姛杩斿洖鐗╁搧瀵硅薄[22m[39m
01:59:52 [[32minfo[39m]  Template item created {"templateId":"test-template","itemId":"titem_test_template_Iron_Sword","name":"Iron Sword"}

[90mstdout[2m | src/game-systems/skill/__tests__/use-skill-staging-pool.test.ts[22m[39m
01:59:52 [[32minfo[39m]  Discovered 187 help files {"dir":"C:\\Users\\super\\Documents\\trae_projects\\AGG-main\\packages\\backend\\config\\agent-help"}

[90mstdout[2m | src/game-systems/entity-graph/__tests__/RelationshipRepository.test.ts[22m[39m
007: added combat_states.mode column
Migration 007_add_combat_mode.ts completed successfully
Running migration: 008_add_saves_active_challenge_mode.ts
008: added saves.active_challenge_mode column
Migration 008_add_saves_active_challenge_mode.ts completed successfully
All migrations completed
鉁?Migrations completed
All seeds completed
鉁?Seeds completed
01:59:52 [[32minfo[39m]  Starting YAML-driven Agent system initialization
01:59:52 [[32minfo[39m]  Seeding ModelConfigService from environment
01:59:52 [[32minfo[39m]  No DEEPSEEK_API_KEY env var found, skipping env seed
01:59:52 [[32minfo[39m]  Seeded provider from convict config {"providerType":"openai","providerId":"e72713d9-ee88-45c3-a412-45e933e81923","model":"openrouter/free"}
01:59:52 [[32minfo[39m]  Creating LLMService with ModelConfigService
01:59:52 [[32minfo[39m]  Creating ContextService and DecisionLogService instances
01:59:52 [[32minfo[39m]  Initializing YAML-driven Agent profiles...
01:59:52 [[32minfo[39m]  Loading config from directory: C:\Users\super\Documents\trae_projects\AGG-main\packages\backend\config
01:59:52 [[32minfo[39m]  Loaded agent profile: fantasy_rpg
01:59:52 [[32minfo[39m]  Loaded agent profile: minimal_test
01:59:52 [[32minfo[39m]  Loaded 0 non-builtin profiles from database (0 builtin skipped, using YAML)
01:59:52 [[32minfo[39m]  Config loaded successfully: 2 profiles
01:59:52 [[32minfo[39m]  YAML config loaded successfully
01:59:52 [[32minfo[39m]  Context rules loaded {"agentCount":10}
01:59:52 [[32minfo[39m]  Default manifests loaded {"agentTypeCount":6,"manifestCount":8}
01:59:52 [[32minfo[39m]  Context rules file watcher started {"path":"C:\\Users\\super\\Documents\\trae_projects\\AGG-main\\packages\\backend\\config\\agent-context-rules.yaml"}
01:59:52 [[32minfo[39m]  Loaded 10 agent capabilities from YAML profiles
01:59:52 [[32minfo[39m]  ToolRegistry initialized
01:59:52 [[32minfo[39m]  Registering ServiceTools to ToolRegistry
01:59:52 [[32minfo[39m]  Tool registered: game_time_service - GameTime Service (v1.0.0)
01:59:52 [[32minfo[39m]  Tool registered: numerical_service - Numerical Service (v1.0.0)
01:59:52 [[32minfo[39m]  Tool registered: character_service - Character Service (v1.0.0)
01:59:52 [[32minfo[39m]  Tool registered: inventory_service - Inventory Service (v1.0.0)
01:59:52 [[32minfo[39m]  Tool registered: skill_service - Skill Service (v1.1.0)
01:59:52 [[32minfo[39m]  Tool registered: map_service - Map Service (v2.0.0)
01:59:52 [[32minfo[39m]  Tool registered: npc_service - NPC Service (v1.0.0)
01:59:52 [[32minfo[39m]  Tool registered: dialogue_service - Dialogue Service (v1.0.0)
01:59:52 [[32minfo[39m]  Tool registered: quest_service - Quest Service (v1.0.0)
01:59:52 [[32minfo[39m]  Tool registered: challenge_service - Challenge Service (v1.0.0)
01:59:52 [[32minfo[39m]  Tool registered: event_service - Event Service (v1.0.0)
01:59:52 [[32minfo[39m]  Tool registered: story_service - Story Service (v1.0.0)
01:59:52 [[32minfo[39m]  Tool registered: game_init_service - Game Init Service (v2.0.0)
01:59:52 [[32minfo[39m]  Tool registered: batch_query_service - Batch Query Service (v1.0.0)
01:59:52 [[32minfo[39m]  Tool registered: entity_graph_service - Entity Graph Service (v1.0.0)
01:59:52 [[32minfo[39m]  Tool registered: template_pool_service - Template Pool Service (v1.0.0)
01:59:52 [[32minfo[39m]  Tool registered: dynamic_ui - Dynamic UI Service (v1.0.0)
01:59:52 [[32minfo[39m]  Tool registered: generate_options - Generate Options Service (v2.0.0)
01:59:52 [[32minfo[39m]  Tool registered: coordinator_service - Coordinator Service (v1.0.0)
01:59:52 [[32minfo[39m]  Tool registered: rule_service - Rule Service (v1.0.0)
01:59:52 [[32minfo[39m]  Tool registered: skill_loader - Skill Loader (v1.0.0)
01:59:52 [[32minfo[39m]  Tool registered: help_service - Help Service (v1.0.0)
01:59:52 [[32minfo[39m]  Tool registered: memory_service - Memory Service (v1.0.0)
01:59:52 [[32minfo[39m]  Registered 23 ServiceTools to ToolRegistry
01:59:52 [[32minfo[39m]  Tool reference validation passed

[90mstdout[2m | src/routes/__tests__/e2e-template.test.ts[2m > [22m[2mTemplate API e2e[2m > [22m[2mGET /:id/pool/stats[2m > [22m[2m杩斿洖绌烘睜缁熻[22m[39m
Running migration: 001_init.ts
Migration 001_init.ts completed successfully
Running migration: 002_add_equipped_index.ts
Migration 002_add_equipped_index.ts completed successfully
Running migration: 003_fix_information_boundaries_timestamps.ts
Migration 003_fix_information_boundaries_timestamps.ts completed successfully
Running migration: 004_drop_information_boundaries.ts
004_drop_information_boundaries: information_boundaries table not found, skipping migration
004_drop_information_boundaries: cleared custom_data.knowledge from 0 NPCs
Migration 004_drop_information_boundaries.ts completed successfully
Running migration: 005_drop_npc_relations.ts
005_drop_npc_relations: dropped npc_relations table
Migration 005_drop_npc_relations.ts completed successfully
Running migration: 006_awareness_relationship_events_states.ts
006: created entity_awareness_events table
006: created entity_awareness_states table
006: created entity_relationship_events table
006: created entity_relationship_states table
Migration 006_awareness_relationship_events_states.ts completed successfully
Running migration: 007_add_combat_mode.ts
007: added combat_states.mode column
Migration 007_add_combat_mode.ts completed successfully
Running migration: 008_add_saves_active_challenge_mode.ts
008: added saves.active_challenge_mode column
Migration 008_add_saves_active_challenge_mode.ts completed successfully
All migrations completed
01:59:52 [[32minfo[39m]  Template routes initialized

[90mstdout[2m | src/services/__tests__/game-service-program-action.test.ts[22m[39m
008: added saves.active_challenge_mode column
Migration 008_add_saves_active_challenge_mode.ts completed successfully
All migrations completed
鉁?Migrations completed
All seeds completed
鉁?Seeds completed
01:59:52 [[32minfo[39m]  Starting YAML-driven Agent system initialization
01:59:52 [[32minfo[39m]  Seeding ModelConfigService from environment
01:59:52 [[32minfo[39m]  No DEEPSEEK_API_KEY env var found, skipping env seed
01:59:52 [[32minfo[39m]  Creating LLMService with ModelConfigService
01:59:52 [[32minfo[39m]  Creating ContextService and DecisionLogService instances
01:59:52 [[32minfo[39m]  Initializing YAML-driven Agent profiles...
01:59:52 [[32minfo[39m]  Loading config from directory: C:\Users\super\Documents\trae_projects\AGG-main\packages\backend\config
01:59:52 [[32minfo[39m]  Loaded agent profile: fantasy_rpg
01:59:52 [[32minfo[39m]  Loaded agent profile: minimal_test
01:59:52 [[32minfo[39m]  Loaded 0 non-builtin profiles from database (0 builtin skipped, using YAML)
01:59:52 [[32minfo[39m]  Config loaded successfully: 2 profiles
01:59:52 [[32minfo[39m]  YAML config loaded successfully
01:59:52 [[32minfo[39m]  Context rules loaded {"agentCount":10}
01:59:52 [[32minfo[39m]  Default manifests loaded {"agentTypeCount":6,"manifestCount":8}
01:59:52 [[32minfo[39m]  Context rules file watcher started {"path":"C:\\Users\\super\\Documents\\trae_projects\\AGG-main\\packages\\backend\\config\\agent-context-rules.yaml"}
01:59:52 [[32minfo[39m]  Loaded 10 agent capabilities from YAML profiles
01:59:52 [[32minfo[39m]  ToolRegistry initialized
01:59:52 [[32minfo[39m]  Registering ServiceTools to ToolRegistry
01:59:52 [[32minfo[39m]  Tool registered: game_time_service - GameTime Service (v1.0.0)
01:59:52 [[32minfo[39m]  Tool registered: numerical_service - Numerical Service (v1.0.0)
01:59:52 [[32minfo[39m]  Tool registered: character_service - Character Service (v1.0.0)
01:59:52 [[32minfo[39m]  Tool registered: inventory_service - Inventory Service (v1.0.0)
01:59:52 [[32minfo[39m]  Tool registered: skill_service - Skill Service (v1.1.0)
01:59:52 [[32minfo[39m]  Tool registered: map_service - Map Service (v2.0.0)
01:59:52 [[32minfo[39m]  Tool registered: npc_service - NPC Service (v1.0.0)
01:59:52 [[32minfo[39m]  Tool registered: dialogue_service - Dialogue Service (v1.0.0)
01:59:52 [[32minfo[39m]  Tool registered: quest_service - Quest Service (v1.0.0)
01:59:52 [[32minfo[39m]  Tool registered: challenge_service - Challenge Service (v1.0.0)
01:59:52 [[32minfo[39m]  Tool registered: event_service - Event Service (v1.0.0)
01:59:52 [[32minfo[39m]  Tool registered: story_service - Story Service (v1.0.0)
01:59:52 [[32minfo[39m]  Tool registered: game_init_service - Game Init Service (v2.0.0)
01:59:52 [[32minfo[39m]  Tool registered: batch_query_service - Batch Query Service (v1.0.0)
01:59:52 [[32minfo[39m]  Tool registered: entity_graph_service - Entity Graph Service (v1.0.0)
01:59:52 [[32minfo[39m]  Tool registered: template_pool_service - Template Pool Service (v1.0.0)
01:59:52 [[32minfo[39m]  Tool registered: dynamic_ui - Dynamic UI Service (v1.0.0)
01:59:52 [[32minfo[39m]  Tool registered: generate_options - Generate Options Service (v2.0.0)
01:59:52 [[32minfo[39m]  Tool registered: coordinator_service - Coordinator Service (v1.0.0)
01:59:52 [[32minfo[39m]  Tool registered: rule_service - Rule Service (v1.0.0)
01:59:52 [[32minfo[39m]  Tool registered: skill_loader - Skill Loader (v1.0.0)
01:59:52 [[32minfo[39m]  Tool registered: help_service - Help Service (v1.0.0)
01:59:52 [[32minfo[39m]  Tool registered: memory_service - Memory Service (v1.0.0)
01:59:52 [[32minfo[39m]  Registered 23 ServiceTools to ToolRegistry
01:59:52 [[32minfo[39m]  Tool reference validation passed

[90mstdout[2m | src/agents/tools/__tests__/coordinator-service.test.ts[22m[39m
馃И Setting up comprehensive test environment...
鉁?Database connected
Running migration: 001_init.ts

[90mstdout[2m | src/routes/__tests__/e2e-template.test.ts[2m > [22m[2mTemplate API e2e[2m > [22m[2mGET /:id/pool/stats[2m > [22m[2m杩斿洖鍚暟鎹殑姹犵粺璁?[22m[39m
Running migration: 001_init.ts
Migration 001_init.ts completed successfully
Running migration: 002_add_equipped_index.ts
Migration 002_add_equipped_index.ts completed successfully
Running migration: 003_fix_information_boundaries_timestamps.ts
Migration 003_fix_information_boundaries_timestamps.ts completed successfully
Running migration: 004_drop_information_boundaries.ts
004_drop_information_boundaries: information_boundaries table not found, skipping migration
004_drop_information_boundaries: cleared custom_data.knowledge from 0 NPCs
Migration 004_drop_information_boundaries.ts completed successfully
Running migration: 005_drop_npc_relations.ts
005_drop_npc_relations: dropped npc_relations table
Migration 005_drop_npc_relations.ts completed successfully
Running migration: 006_awareness_relationship_events_states.ts
006: created entity_awareness_events table
006: created entity_awareness_states table
006: created entity_relationship_events table
006: created entity_relationship_states table
Migration 006_awareness_relationship_events_states.ts completed successfully
Running migration: 007_add_combat_mode.ts
007: added combat_states.mode column
Migration 007_add_combat_mode.ts completed successfully
Running migration: 008_add_saves_active_challenge_mode.ts
008: added saves.active_challenge_mode column
Migration 008_add_saves_active_challenge_mode.ts completed successfully
All migrations completed
01:59:52 [[32minfo[39m]  Template routes initialized

[90mstdout[2m | src/routes/__tests__/e2e-template.test.ts[22m[39m
鉁?Database connection closed

 [32m鉁?[39m src/routes/__tests__/e2e-template.test.ts [2m ([22m[2m23 tests[22m[2m)[22m[33m 2716[2mms[22m[39m
[90mstdout[2m | src/agents/tools/__tests__/coordinator-service.test.ts[22m[39m
Migration 001_init.ts completed successfully
Running migration: 002_add_equipped_index.ts

[90mstdout[2m | src/agents/tools/__tests__/coordinator-service.test.ts[22m[39m
Migration 002_add_equipped_index.ts completed successfully
Running migration: 003_fix_information_boundaries_timestamps.ts

[90mstdout[2m | src/agents/tools/__tests__/coordinator-service.test.ts[22m[39m
Migration 003_fix_information_boundaries_timestamps.ts completed successfully
Running migration: 004_drop_information_boundaries.ts

[90mstdout[2m | tests/agent-system/scheduling.test.ts[2m > [22m[2mAgent Scheduling System[2m > [22m[2mDirect Agent Messaging[2m > [22m[2mshould process valid direct message to output agent[22m[39m
01:59:52 [[33mwarn[39m]  dev:runtime_snapshot: no client for saveId {"saveId":"unknown-session"}
01:59:52 [[34mdebug[39m] [REACT-ITER] ReAct iteration 1/200 iter=1 f81c4d76 {"agent":"output","currentIteration":1,"maxIterations":200,"cumulativeMessages":2}
01:59:52 [[33mwarn[39m]  broadcastToClient: clientId is empty, event dropped f81c4d76 {"eventType":"agent_progress"}
01:59:52 [[32minfo[39m] [LLM-INPUT] LLM input for output, iteration 1 (full context) iter=1 f81c4d76 {"agent":"output","model":"openrouter/free","provider":"e6890397-e2a2-4e66-82b0-162c76b51777","cumulativeMessages":2,"toolsCount":9,"messages":[{"role":"system","content":"浣犳槸杈撳嚭Agent锛圠ayer 3锛夛紝璐熻矗AI-generated Games涓殑瀵硅瘽鍙欎簨鐢熸垚鍜孶I鎸囦护鐢熸垚銆俓n\n## 瑙掕壊瀹氫箟\n浣犳槸灞曠ず灞傜殑鏍稿績Agent锛岃礋璐ｄ袱椤圭嫭绔嬩换鍔★細\n- **瀵硅瘽鍙欎簨**锛氬皢Domain Agent鐨勬暟鎹暣鍚堟鼎鑹蹭负鐢熷姩鐨勫璇濆彊浜嬶紝鐢熸垚澶歂PC瀵硅瘽鍐呭銆佹梺鐧芥弿杩板拰瀵硅瘽閫夐」锛岄€氳繃 `dialogue_service.submit_dialogue` 鎻愪氦\n- **UI鎸囦护*... (11282 chars)"},{"role":"user","content":"[鐜╁鎿嶄綔: direct_message]"}],"tools":[{"name":"game_time_service__get_current_time","description":"鑾峰彇褰撳墠娓告垙鏃堕棿 鑾峰彇褰撳墠娓告垙鏃堕棿璇︽儏","parameters":{}},{"name":"game_time_service__get_period_of_day","description":"鑾峰彇褰撳墠鏃堕棿娈?鑾峰彇褰撳墠鏃堕棿娈碉紙榛庢槑/涓婂崍/涓崍/涓嬪崍/鍌嶆櫄/澶滄櫄/鍗堝锛?,"parameters":{}},"... (9 items)"],"temperature":0.85,"maxTokens":8192,"responseFormat":{"type":"json_object"}}
01:59:52 [[32minfo[39m] [LLM-REQUEST] Provider request to openai/openrouter/free, 2 messages f81c4d76 {"provider":"openai","model":"openrouter/free","messageCount":2,"toolsCount":9,"temperature":0.85,"maxTokens":16384}

[90mstdout[2m | src/agents/tools/__tests__/coordinator-service.test.ts[22m[39m
004_drop_information_boundaries: information_boundaries table not found, skipping migration
004_drop_information_boundaries: cleared custom_data.knowledge from 0 NPCs
Migration 004_drop_information_boundaries.ts completed successfully
Running migration: 005_drop_npc_relations.ts
005_drop_npc_relations: dropped npc_relations table
Migration 005_drop_npc_relations.ts completed successfully
Running migration: 006_awareness_relationship_events_states.ts

[90mstdout[2m | src/game-systems/entity-graph/__tests__/RelationshipRepository.test.ts[22m[39m
01:59:52 [[32minfo[39m]  Discovered 187 help files {"dir":"C:\\Users\\super\\Documents\\trae_projects\\AGG-main\\packages\\backend\\config\\agent-help"}

[90mstdout[2m | tests/save/save.routes.test.ts[22m[39m
01:59:52 [[32minfo[39m]  Help registry loaded: 22 tools {"tools":["batch_query_service","challenge_service","... (22 items)"]}
01:59:52 [[32minfo[39m]  Creating GameMasterAgent (as AgentRuntime with isSubAgent=false)
01:59:52 [[32minfo[39m]  Handler subscribed {"eventType":"dialogue"}
01:59:52 [[32minfo[39m]  Handler subscribed {"eventType":"combat_end"}
01:59:52 [[32minfo[39m]  AwarenessAutoSubscriber subscribed to dialogue + combat_end events
01:59:52 [[32minfo[39m]  Agent initialized: gamemaster - GameMasterAgent
01:59:52 [[32minfo[39m] [AGENT-START] Agent gamemaster starting {"agent":"gamemaster","provider":null,"toolsConfigured":1,"maxIterations":200,"isSubAgent":false}
01:59:52 [[32minfo[39m]  Handler subscribed {"eventType":"chapter_advanced"}
01:59:52 [[32minfo[39m]  Creating AgentRuntime instances from default profile: fantasy_rpg
01:59:52 [[32minfo[39m]  Creating agents from profile: fantasy_rpg {"agentCount":10}
01:59:52 [[32minfo[39m]  Agent initialized: gamemaster - GameMasterAgent
01:59:52 [[32minfo[39m] [AGENT-START] Agent gamemaster starting {"agent":"gamemaster","provider":null,"toolsConfigured":1,"maxIterations":200,"isSubAgent":false}
01:59:52 [[32minfo[39m]  Created AgentRuntime: gamemaster {"profile":"fantasy_rpg","tools":["all"]}
01:59:52 [[32minfo[39m]  Agent initialized: map - MapAgent
01:59:52 [[32minfo[39m] [AGENT-START] Agent map starting {"agent":"map","provider":null,"toolsConfigured":7,"maxIterations":200,"isSubAgent":true}
01:59:52 [[32minfo[39m]  Created AgentRuntime: map {"profile":"fantasy_rpg","tools":["map_service","npc_service","... (7 items)"]}
01:59:52 [[32minfo[39m]  Agent initialized: challenge - ChallengeAgent
01:59:52 [[32minfo[39m] [AGENT-START] Agent challenge starting {"agent":"challenge","provider":null,"toolsConfigured":9,"maxIterations":200,"isSubAgent":true}
01:59:52 [[32minfo[39m]  Created AgentRuntime: challenge {"profile":"fantasy_rpg","tools":["challenge_service","numerical_service","... (9 items)"]}
01:59:52 [[32minfo[39m]  Agent initialized: output - OutputAgent
01:59:52 [[32minfo[39m] [AGENT-START] Agent output starting {"agent":"output","provider":null,"toolsConfigured":5,"maxIterations":200,"isSubAgent":true}
01:59:52 [[32minfo[39m]  Created AgentRuntime: output {"profile":"fantasy_rpg","tools":["dialogue_service","dynamic_ui","... (5 items)"]}
01:59:52 [[32minfo[39m]  Agent initialized: quest - QuestAgent
01:59:52 [[32minfo[39m] [AGENT-START] Agent quest starting {"agent":"quest","provider":null,"toolsConfigured":11,"maxIterations":200,"isSubAgent":true}
01:59:52 [[32minfo[39m]  Created AgentRuntime: quest {"profile":"fantasy_rpg","tools":["quest_service","numerical_service","... (11 items)"]}
01:59:52 [[32minfo[39m]  Agent initialized: npc_party - NPCPartyAgent
01:59:52 [[32minfo[39m] [AGENT-START] Agent npc_party starting {"agent":"npc_party","provider":null,"toolsConfigured":9,"maxIterations":200,"isSubAgent":true}
01:59:52 [[32minfo[39m]  Created AgentRuntime: npc_party {"profile":"fantasy_rpg","tools":["npc_service","entity_graph_service","... (9 items)"]}
01:59:52 [[32minfo[39m]  Agent initialized: inventory - InventoryAgent
01:59:52 [[32minfo[39m] [AGENT-START] Agent inventory starting {"agent":"inventory","provider":null,"toolsConfigured":8,"maxIterations":200,"isSubAgent":true}
01:59:52 [[32minfo[39m]  Created AgentRuntime: inventory {"profile":"fantasy_rpg","tools":["inventory_service","template_pool_service","... (8 items)"]}
01:59:52 [[32minfo[39m]  Agent initialized: skill - SkillAgent
01:59:52 [[32minfo[39m] [AGENT-START] Agent skill starting {"agent":"skill","provider":null,"toolsConfigured":7,"maxIterations":200,"isSubAgent":true}
01:59:52 [[32minfo[39m]  Created AgentRuntime: skill {"profile":"fantasy_rpg","tools":["skill_service","template_pool_service","... (7 items)"]}
01:59:52 [[32minfo[39m]  Agent initialized: event - EventAgent
01:59:52 [[32minfo[39m] [AGENT-START] Agent event starting {"agent":"event","provider":null,"toolsConfigured":5,"maxIterations":200,"isSubAgent":true}
01:59:52 [[32minfo[39m]  Created AgentRuntime: event {"profile":"fantasy_rpg","tools":["event_service","game_time_service","... (5 items)"]}
01:59:52 [[32minfo[39m]  Agent initialized: time - TimeAgent
01:59:52 [[32minfo[39m] [AGENT-START] Agent time starting {"agent":"time","provider":null,"toolsConfigured":4,"maxIterations":200,"isSubAgent":true}
01:59:52 [[32minfo[39m]  Created AgentRuntime: time {"profile":"fantasy_rpg","tools":["game_time_service","rule_service","... (4 items)"]}
01:59:52 [[32minfo[39m]  Permissions configured from agent.tools for profile: fantasy_rpg
01:59:52 [[32minfo[39m]  YAML permissions configured
01:59:52 [[32minfo[39m]  Registering AgentRuntime instances to GameMasterAgent...
01:59:52 [[32minfo[39m]  Registered AgentRuntime to Coordinator: gamemaster
01:59:52 [[32minfo[39m]  Registered AgentRuntime to Coordinator: map
01:59:52 [[32minfo[39m]  Registered AgentRuntime to Coordinator: challenge
01:59:52 [[32minfo[39m]  Registered AgentRuntime to Coordinator: output
01:59:52 [[32minfo[39m]  Registered AgentRuntime to Coordinator: quest
01:59:52 [[32minfo[39m]  Registered AgentRuntime to Coordinator: npc_party
01:59:52 [[32minfo[39m]  Registered AgentRuntime to Coordinator: inventory
01:59:52 [[32minfo[39m]  Registered AgentRuntime to Coordinator: skill
01:59:52 [[32minfo[39m]  Registered AgentRuntime to Coordinator: event
01:59:52 [[32minfo[39m]  Registered AgentRuntime to Coordinator: time
01:59:52 [[32minfo[39m]  GameDataExpander configured (manifest path enabled)
01:59:52 [[32minfo[39m]  DedupService configured (dispatch log persistence enabled)
01:59:52 [[32minfo[39m]  Agent system initialized: 10 AgentRuntime instances created
鉁?Agent system initialized with 10 agents
鈿狅笍 YAML Agent system skipped: __vi_import_5__.initializeYamlAgentSystem is not a function
01:59:52 [[32minfo[39m]  Agent routes initialized
01:59:52 [[32minfo[39m]  Save routes initialized
01:59:52 [[32minfo[39m]  Synced template from YAML to DB: cthulhu-investigation
01:59:52 [[32minfo[39m]  Synced template from YAML to DB: cyberpunk-mercenary
01:59:52 [[32minfo[39m]  Synced template from YAML to DB: medieval-fantasy
01:59:52 [[32minfo[39m]  Synced template from YAML to DB: modern-romance
01:59:52 [[32minfo[39m]  Synced template from YAML to DB: xianxia
01:59:52 [[32minfo[39m]  Synced 5 templates from YAML to database
01:59:52 [[32minfo[39m]  Cache refreshed with 5 templates
01:59:52 [[32minfo[39m]  TemplateService loaded {"cachedTemplates":5}
鉁?Template YAML loaded and synced to DB
01:59:52 [[32minfo[39m]  Template routes initialized
鉁?Test environment setup complete

[90mstdout[2m | src/game-systems/entity-graph/__tests__/entity-graph-repository-staging-knex.test.ts[22m[39m
馃И Setting up comprehensive test environment...
鉁?Database connected
Running migration: 001_init.ts
Migration 001_init.ts completed successfully
Running migration: 002_add_equipped_index.ts

[90mstdout[2m | src/game-systems/entity-graph/__tests__/entity-graph-repository-staging-knex.test.ts[22m[39m
Migration 002_add_equipped_index.ts completed successfully
Running migration: 003_fix_information_boundaries_timestamps.ts
Migration 003_fix_information_boundaries_timestamps.ts completed successfully
Running migration: 004_drop_information_boundaries.ts
004_drop_information_boundaries: information_boundaries table not found, skipping migration
004_drop_information_boundaries: cleared custom_data.knowledge from 0 NPCs
Migration 004_drop_information_boundaries.ts completed successfully
Running migration: 005_drop_npc_relations.ts
005_drop_npc_relations: dropped npc_relations table
Migration 005_drop_npc_relations.ts completed successfully
Running migration: 006_awareness_relationship_events_states.ts
006: created entity_awareness_events table
006: created entity_awareness_states table
006: created entity_relationship_events table
006: created entity_relationship_states table
Migration 006_awareness_relationship_events_states.ts completed successfully
Running migration: 007_add_combat_mode.ts

[90mstdout[2m | tests/save/save.routes.test.ts[2m > [22m[2mSave Routes Integration Tests[2m > [22m[2mPOST /api/v1/saves - Create Save[2m > [22m[2mshould create a new save with required name field[22m[39m
01:59:52 [[32minfo[39m]  Save created {"saveId":"save_Test_Save_1785002392759_0","name":"Test Save","restrictionType":"free"}
01:59:52 [[32minfo[39m]  POST / 201 9ms f93a810a {"method":"POST","url":"/","status":201,"duration":"9ms"}

[90mstdout[2m | src/game-systems/entity-graph/__tests__/entity-graph-repository-staging-knex.test.ts[22m[39m
007: added combat_states.mode column
Migration 007_add_combat_mode.ts completed successfully
Running migration: 008_add_saves_active_challenge_mode.ts

[90mstdout[2m | tests/save/save.routes.test.ts[2m > [22m[2mSave Routes Integration Tests[2m > [22m[2mPOST /api/v1/saves - Create Save[2m > [22m[2mshould return 400 when name is missing[22m[39m
01:59:52 [[32minfo[39m]  POST / 400 1ms 43b9b28e {"method":"POST","url":"/","status":400,"duration":"1ms"}

[90mstdout[2m | src/agents/prompt/__tests__/tool-set.test.ts[22m[39m
馃И Setting up comprehensive test environment...
鉁?Database connected
Running migration: 001_init.ts

[90mstdout[2m | tests/save/save.routes.test.ts[2m > [22m[2mSave Routes Integration Tests[2m > [22m[2mPOST /api/v1/saves - Create Save[2m > [22m[2mshould return 400 when name is not a string[22m[39m
01:59:52 [[32minfo[39m]  POST / 400 0ms 7f074811 {"method":"POST","url":"/","status":400,"duration":"0ms"}

[90mstdout[2m | tests/save/save.routes.test.ts[2m > [22m[2mSave Routes Integration Tests[2m > [22m[2mPOST /api/v1/saves - Create Save[2m > [22m[2mshould create save with optional templateId[22m[39m
01:59:52 [[32minfo[39m]  Save created {"saveId":"save_Save_With_Template_1785002392806_1","name":"Save With Template","restrictionType":"free"}
01:59:52 [[32minfo[39m]  POST / 201 3ms b24277d7 {"method":"POST","url":"/","status":201,"duration":"3ms"}

[90mstdout[2m | tests/save/save.routes.test.ts[2m > [22m[2mSave Routes Integration Tests[2m > [22m[2mGET /api/v1/saves - List Saves[2m > [22m[2mshould return list of saves with total[22m[39m
01:59:52 [[32minfo[39m]  GET / 200 6ms a05430ec {"method":"GET","url":"/","status":200,"duration":"6ms"}

[90mstdout[2m | src/agents/tools/__tests__/coordinator-service.test.ts[22m[39m
006: created entity_awareness_events table
006: created entity_awareness_states table
006: created entity_relationship_events table
006: created entity_relationship_states table
Migration 006_awareness_relationship_events_states.ts completed successfully
Running migration: 007_add_combat_mode.ts
007: added combat_states.mode column
Migration 007_add_combat_mode.ts completed successfully
Running migration: 008_add_saves_active_challenge_mode.ts
008: added saves.active_challenge_mode column
Migration 008_add_saves_active_challenge_mode.ts completed successfully
All migrations completed
鉁?Migrations completed
All seeds completed
鉁?Seeds completed
01:59:52 [[32minfo[39m]  Starting YAML-driven Agent system initialization
01:59:52 [[32minfo[39m]  Seeding ModelConfigService from environment
01:59:52 [[32minfo[39m]  No DEEPSEEK_API_KEY env var found, skipping env seed
01:59:52 [[32minfo[39m]  Seeded provider from convict config {"providerType":"openai","providerId":"493c7d95-9daf-4d0b-bec0-ec36b0f35625","model":"openrouter/free"}
01:59:52 [[32minfo[39m]  Creating LLMService with ModelConfigService
01:59:52 [[32minfo[39m]  Creating ContextService and DecisionLogService instances
01:59:52 [[32minfo[39m]  Initializing YAML-driven Agent profiles...
01:59:52 [[32minfo[39m]  Loading config from directory: C:\Users\super\Documents\trae_projects\AGG-main\packages\backend\config
01:59:52 [[32minfo[39m]  Loaded agent profile: fantasy_rpg
01:59:52 [[32minfo[39m]  Loaded agent profile: minimal_test
01:59:52 [[32minfo[39m]  Loaded 0 non-builtin profiles from database (0 builtin skipped, using YAML)
01:59:52 [[32minfo[39m]  Config loaded successfully: 2 profiles
01:59:52 [[32minfo[39m]  YAML config loaded successfully
01:59:52 [[32minfo[39m]  Context rules loaded {"agentCount":10}
01:59:52 [[32minfo[39m]  Default manifests loaded {"agentTypeCount":6,"manifestCount":8}
01:59:52 [[32minfo[39m]  Context rules file watcher started {"path":"C:\\Users\\super\\Documents\\trae_projects\\AGG-main\\packages\\backend\\config\\agent-context-rules.yaml"}
01:59:52 [[32minfo[39m]  Loaded 10 agent capabilities from YAML profiles
01:59:52 [[32minfo[39m]  ToolRegistry initialized
01:59:52 [[32minfo[39m]  Registering ServiceTools to ToolRegistry
01:59:52 [[32minfo[39m]  Tool registered: game_time_service - GameTime Service (v1.0.0)
01:59:52 [[32minfo[39m]  Tool registered: numerical_service - Numerical Service (v1.0.0)
01:59:52 [[32minfo[39m]  Tool registered: character_service - Character Service (v1.0.0)
01:59:52 [[32minfo[39m]  Tool registered: inventory_service - Inventory Service (v1.0.0)
01:59:52 [[32minfo[39m]  Tool registered: skill_service - Skill Service (v1.1.0)
01:59:52 [[32minfo[39m]  Tool registered: map_service - Map Service (v2.0.0)
01:59:52 [[32minfo[39m]  Tool registered: npc_service - NPC Service (v1.0.0)
01:59:52 [[32minfo[39m]  Tool registered: dialogue_service - Dialogue Service (v1.0.0)
01:59:52 [[32minfo[39m]  Tool registered: quest_service - Quest Service (v1.0.0)
01:59:52 [[32minfo[39m]  Tool registered: challenge_service - Challenge Service (v1.0.0)
01:59:52 [[32minfo[39m]  Tool registered: event_service - Event Service (v1.0.0)
01:59:52 [[32minfo[39m]  Tool registered: story_service - Story Service (v1.0.0)
01:59:52 [[32minfo[39m]  Tool registered: game_init_service - Game Init Service (v2.0.0)
01:59:52 [[32minfo[39m]  Tool registered: batch_query_service - Batch Query Service (v1.0.0)
01:59:52 [[32minfo[39m]  Tool registered: entity_graph_service - Entity Graph Service (v1.0.0)
01:59:52 [[32minfo[39m]  Tool registered: template_pool_service - Template Pool Service (v1.0.0)
01:59:52 [[32minfo[39m]  Tool registered: dynamic_ui - Dynamic UI Service (v1.0.0)
01:59:52 [[32minfo[39m]  Tool registered: generate_options - Generate Options Service (v2.0.0)
01:59:52 [[32minfo[39m]  Tool registered: coordinator_service - Coordinator Service (v1.0.0)
01:59:52 [[32minfo[39m]  Tool registered: rule_service - Rule Service (v1.0.0)
01:59:52 [[32minfo[39m]  Tool registered: skill_loader - Skill Loader (v1.0.0)
01:59:52 [[32minfo[39m]  Tool registered: help_service - Help Service (v1.0.0)
01:59:52 [[32minfo[39m]  Tool registered: memory_service - Memory Service (v1.0.0)
01:59:52 [[32minfo[39m]  Registered 23 ServiceTools to ToolRegistry
01:59:52 [[32minfo[39m]  Tool reference validation passed

[90mstdout[2m | tests/save/save.routes.test.ts[2m > [22m[2mSave Routes Integration Tests[2m > [22m[2mGET /api/v1/saves - List Saves[2m > [22m[2mshould support query parameters for filtering[22m[39m
01:59:52 [[32minfo[39m]  GET /?limit=5&offset=0 200 2ms 764e4ab0 {"method":"GET","url":"/?limit=5&offset=0","status":200,"duration":"2ms"}

[90mstdout[2m | src/agents/prompt/__tests__/composers.test.ts[22m[39m
01:59:52 [[32minfo[39m]  Help registry loaded: 22 tools {"tools":["batch_query_service","challenge_service","... (22 items)"]}
01:59:52 [[32minfo[39m]  Creating GameMasterAgent (as AgentRuntime with isSubAgent=false)
01:59:52 [[32minfo[39m]  Handler subscribed {"eventType":"dialogue"}
01:59:52 [[32minfo[39m]  Handler subscribed {"eventType":"combat_end"}
01:59:52 [[32minfo[39m]  AwarenessAutoSubscriber subscribed to dialogue + combat_end events
01:59:52 [[32minfo[39m]  Agent initialized: gamemaster - GameMasterAgent
01:59:52 [[32minfo[39m] [AGENT-START] Agent gamemaster starting {"agent":"gamemaster","provider":null,"toolsConfigured":1,"maxIterations":200,"isSubAgent":false}
01:59:52 [[32minfo[39m]  Handler subscribed {"eventType":"chapter_advanced"}
01:59:52 [[32minfo[39m]  Creating AgentRuntime instances from default profile: fantasy_rpg
01:59:52 [[32minfo[39m]  Creating agents from profile: fantasy_rpg {"agentCount":10}
01:59:52 [[32minfo[39m]  Agent initialized: gamemaster - GameMasterAgent
01:59:52 [[32minfo[39m] [AGENT-START] Agent gamemaster starting {"agent":"gamemaster","provider":null,"toolsConfigured":1,"maxIterations":200,"isSubAgent":false}
01:59:52 [[32minfo[39m]  Created AgentRuntime: gamemaster {"profile":"fantasy_rpg","tools":["all"]}
01:59:52 [[32minfo[39m]  Agent initialized: map - MapAgent
01:59:52 [[32minfo[39m] [AGENT-START] Agent map starting {"agent":"map","provider":null,"toolsConfigured":7,"maxIterations":200,"isSubAgent":true}
01:59:52 [[32minfo[39m]  Created AgentRuntime: map {"profile":"fantasy_rpg","tools":["map_service","npc_service","... (7 items)"]}
01:59:52 [[32minfo[39m]  Agent initialized: challenge - ChallengeAgent
01:59:52 [[32minfo[39m] [AGENT-START] Agent challenge starting {"agent":"challenge","provider":null,"toolsConfigured":9,"maxIterations":200,"isSubAgent":true}
01:59:52 [[32minfo[39m]  Created AgentRuntime: challenge {"profile":"fantasy_rpg","tools":["challenge_service","numerical_service","... (9 items)"]}
01:59:52 [[32minfo[39m]  Agent initialized: output - OutputAgent
01:59:52 [[32minfo[39m] [AGENT-START] Agent output starting {"agent":"output","provider":null,"toolsConfigured":5,"maxIterations":200,"isSubAgent":true}
01:59:52 [[32minfo[39m]  Created AgentRuntime: output {"profile":"fantasy_rpg","tools":["dialogue_service","dynamic_ui","... (5 items)"]}
01:59:52 [[32minfo[39m]  Agent initialized: quest - QuestAgent
01:59:52 [[32minfo[39m] [AGENT-START] Agent quest starting {"agent":"quest","provider":null,"toolsConfigured":11,"maxIterations":200,"isSubAgent":true}
01:59:52 [[32minfo[39m]  Created AgentRuntime: quest {"profile":"fantasy_rpg","tools":["quest_service","numerical_service","... (11 items)"]}
01:59:52 [[32minfo[39m]  Agent initialized: npc_party - NPCPartyAgent
01:59:52 [[32minfo[39m] [AGENT-START] Agent npc_party starting {"agent":"npc_party","provider":null,"toolsConfigured":9,"maxIterations":200,"isSubAgent":true}
01:59:52 [[32minfo[39m]  Created AgentRuntime: npc_party {"profile":"fantasy_rpg","tools":["npc_service","entity_graph_service","... (9 items)"]}
01:59:52 [[32minfo[39m]  Agent initialized: inventory - InventoryAgent
01:59:52 [[32minfo[39m] [AGENT-START] Agent inventory starting {"agent":"inventory","provider":null,"toolsConfigured":8,"maxIterations":200,"isSubAgent":true}
01:59:52 [[32minfo[39m]  Created AgentRuntime: inventory {"profile":"fantasy_rpg","tools":["inventory_service","template_pool_service","... (8 items)"]}
01:59:52 [[32minfo[39m]  Agent initialized: skill - SkillAgent
01:59:52 [[32minfo[39m] [AGENT-START] Agent skill starting {"agent":"skill","provider":null,"toolsConfigured":7,"maxIterations":200,"isSubAgent":true}
01:59:52 [[32minfo[39m]  Created AgentRuntime: skill {"profile":"fantasy_rpg","tools":["skill_service","template_pool_service","... (7 items)"]}
01:59:52 [[32minfo[39m]  Agent initialized: event - EventAgent
01:59:52 [[32minfo[39m] [AGENT-START] Agent event starting {"agent":"event","provider":null,"toolsConfigured":5,"maxIterations":200,"isSubAgent":true}
01:59:52 [[32minfo[39m]  Created AgentRuntime: event {"profile":"fantasy_rpg","tools":["event_service","game_time_service","... (5 items)"]}
01:59:52 [[32minfo[39m]  Agent initialized: time - TimeAgent
01:59:52 [[32minfo[39m] [AGENT-START] Agent time starting {"agent":"time","provider":null,"toolsConfigured":4,"maxIterations":200,"isSubAgent":true}
01:59:52 [[32minfo[39m]  Created AgentRuntime: time {"profile":"fantasy_rpg","tools":["game_time_service","rule_service","... (4 items)"]}
01:59:52 [[32minfo[39m]  Permissions configured from agent.tools for profile: fantasy_rpg
01:59:52 [[32minfo[39m]  YAML permissions configured
01:59:52 [[32minfo[39m]  Registering AgentRuntime instances to GameMasterAgent...
01:59:52 [[32minfo[39m]  Registered AgentRuntime to Coordinator: gamemaster
01:59:52 [[32minfo[39m]  Registered AgentRuntime to Coordinator: map
01:59:52 [[32minfo[39m]  Registered AgentRuntime to Coordinator: challenge
01:59:52 [[32minfo[39m]  Registered AgentRuntime to Coordinator: output
01:59:52 [[32minfo[39m]  Registered AgentRuntime to Coordinator: quest
01:59:52 [[32minfo[39m]  Registered AgentRuntime to Coordinator: npc_party
01:59:52 [[32minfo[39m]  Registered AgentRuntime to Coordinator: inventory
01:59:52 [[32minfo[39m]  Registered AgentRuntime to Coordinator: skill
01:59:52 [[32minfo[39m]  Registered AgentRuntime to Coordinator: event
01:59:52 [[32minfo[39m]  Registered AgentRuntime to Coordinator: time
01:59:52 [[32minfo[39m]  GameDataExpander configured (manifest path enabled)
01:59:52 [[32minfo[39m]  DedupService configured (dispatch log persistence enabled)
01:59:52 [[32minfo[39m]  Agent system initialized: 10 AgentRuntime instances created
鉁?Agent system initialized with 10 agents
鈿狅笍 YAML Agent system skipped: __vi_import_5__.initializeYamlAgentSystem is not a function
01:59:52 [[32minfo[39m]  Agent routes initialized
01:59:52 [[32minfo[39m]  Save routes initialized
01:59:52 [[32minfo[39m]  Synced template from YAML to DB: cthulhu-investigation
01:59:52 [[32minfo[39m]  Synced template from YAML to DB: cyberpunk-mercenary
01:59:52 [[32minfo[39m]  Synced template from YAML to DB: medieval-fantasy
01:59:52 [[32minfo[39m]  Synced template from YAML to DB: modern-romance
01:59:52 [[32minfo[39m]  Synced template from YAML to DB: xianxia
01:59:52 [[32minfo[39m]  Synced 5 templates from YAML to database
01:59:52 [[32minfo[39m]  Cache refreshed with 5 templates
01:59:52 [[32minfo[39m]  TemplateService loaded {"cachedTemplates":5}
鉁?Template YAML loaded and synced to DB
01:59:52 [[32minfo[39m]  Template routes initialized
鉁?Test environment setup complete

[90mstdout[2m | tests/save/save.routes.test.ts[2m > [22m[2mSave Routes Integration Tests[2m > [22m[2mGET /api/v1/saves - List Saves[2m > [22m[2mshould support nameContains filter[22m[39m
01:59:52 [[32minfo[39m]  GET /?nameContains=Test 200 2ms 256f5199 {"method":"GET","url":"/?nameContains=Test","status":200,"duration":"2ms"}

[90mstdout[2m | tests/save/save.routes.test.ts[2m > [22m[2mSave Routes Integration Tests[2m > [22m[2mGET /api/v1/saves/:saveId - Get Save Detail[2m > [22m[2mshould return save detail with character data[22m[39m
01:59:52 [[32minfo[39m]  Save loaded {"saveId":"save_Test_Save_1785002392759_0","hasCharacter":false,"inventoryCount":0}
01:59:52 [[32minfo[39m]  GET /save_Test_Save_1785002392759_0 200 16ms d561d6ab {"method":"GET","url":"/save_Test_Save_1785002392759_0","status":200,"duration":"16ms"}

[90mstdout[2m | src/agents/prompt/__tests__/tool-set.test.ts[22m[39m
Migration 001_init.ts completed successfully
Running migration: 002_add_equipped_index.ts

[90mstdout[2m | tests/save/save.routes.test.ts[2m > [22m[2mSave Routes Integration Tests[2m > [22m[2mGET /api/v1/saves/:saveId - Get Save Detail[2m > [22m[2mshould return 404 for non-existent save[22m[39m
01:59:52 [[31merror[39m]  Failed to load save {"saveId":"save-nonexistent-12345","error":"Save not found: save-nonexistent-12345"}
01:59:52 [[31merror[39m]  Failed to load save {"saveId":"save-nonexistent-12345","error":"Save not found: save-nonexistent-12345"}
01:59:52 [[32minfo[39m]  GET /save-nonexistent-12345 404 5ms 1c6399de {"method":"GET","url":"/save-nonexistent-12345","status":404,"duration":"5ms"}

[90mstdout[2m | src/agents/prompt/__tests__/tool-set.test.ts[22m[39m
Migration 002_add_equipped_index.ts completed successfully
Running migration: 003_fix_information_boundaries_timestamps.ts

[90mstdout[2m | src/agents/prompt/__tests__/tool-set.test.ts[22m[39m
Migration 003_fix_information_boundaries_timestamps.ts completed successfully
Running migration: 004_drop_information_boundaries.ts

[90mstdout[2m | src/agents/prompt/__tests__/tool-set.test.ts[22m[39m
004_drop_information_boundaries: information_boundaries table not found, skipping migration
004_drop_information_boundaries: cleared custom_data.knowledge from 0 NPCs
Migration 004_drop_information_boundaries.ts completed successfully
Running migration: 005_drop_npc_relations.ts

[90mstdout[2m | tests/save/save.routes.test.ts[2m > [22m[2mSave Routes Integration Tests[2m > [22m[2mPATCH /api/v1/saves/:saveId - Update Save Metadata[2m > [22m[2mshould update save metadata[22m[39m
01:59:52 [[32minfo[39m]  Save metadata updated {"saveId":"save_Test_Save_1785002392759_0","updatedFields":["chapter","location"]}
01:59:52 [[32minfo[39m]  PATCH /save_Test_Save_1785002392759_0 200 4ms 16503844 {"method":"PATCH","url":"/save_Test_Save_1785002392759_0","status":200,"duration":"4ms"}

[90mstdout[2m | src/agents/__tests__/coordinator-batch-spawn-push.test.ts[22m[39m
馃И Setting up comprehensive test environment...
鉁?Database connected
Running migration: 001_init.ts

[90mstdout[2m | src/agents/tools/__tests__/coordinator-service.test.ts[22m[39m
01:59:52 [[32minfo[39m]  Discovered 187 help files {"dir":"C:\\Users\\super\\Documents\\trae_projects\\AGG-main\\packages\\backend\\config\\agent-help"}

[90mstdout[2m | src/agents/prompt/__tests__/tool-set.test.ts[22m[39m
005_drop_npc_relations: dropped npc_relations table
Migration 005_drop_npc_relations.ts completed successfully
Running migration: 006_awareness_relationship_events_states.ts
006: created entity_awareness_events table
006: created entity_awareness_states table
006: created entity_relationship_events table
006: created entity_relationship_states table
Migration 006_awareness_relationship_events_states.ts completed successfully
Running migration: 007_add_combat_mode.ts

[90mstdout[2m | tests/save/save.routes.test.ts[2m > [22m[2mSave Routes Integration Tests[2m > [22m[2mPATCH /api/v1/saves/:saveId - Update Save Metadata[2m > [22m[2mshould return 400 when no fields provided[22m[39m
01:59:52 [[32minfo[39m]  PATCH /save_Test_Save_1785002392759_0 400 0ms f3ae5a24 {"method":"PATCH","url":"/save_Test_Save_1785002392759_0","status":400,"duration":"0ms"}

[90mstdout[2m | src/game-systems/entity-graph/__tests__/entity-graph-repository-staging-knex.test.ts[22m[39m
008: added saves.active_challenge_mode column
Migration 008_add_saves_active_challenge_mode.ts completed successfully
All migrations completed
鉁?Migrations completed
All seeds completed
鉁?Seeds completed
01:59:52 [[32minfo[39m]  Starting YAML-driven Agent system initialization
01:59:52 [[32minfo[39m]  Seeding ModelConfigService from environment
01:59:52 [[32minfo[39m]  No DEEPSEEK_API_KEY env var found, skipping env seed
01:59:52 [[32minfo[39m]  Seeded provider from convict config {"providerType":"openai","providerId":"92471dcc-2b89-41e9-84ea-240c055db2ee","model":"openrouter/free"}
01:59:52 [[32minfo[39m]  Creating LLMService with ModelConfigService
01:59:52 [[32minfo[39m]  Creating ContextService and DecisionLogService instances
01:59:52 [[32minfo[39m]  Initializing YAML-driven Agent profiles...
01:59:52 [[32minfo[39m]  Loading config from directory: C:\Users\super\Documents\trae_projects\AGG-main\packages\backend\config
01:59:52 [[32minfo[39m]  Loaded agent profile: fantasy_rpg
01:59:52 [[32minfo[39m]  Loaded agent profile: minimal_test
01:59:52 [[32minfo[39m]  Loaded 0 non-builtin profiles from database (0 builtin skipped, using YAML)
01:59:52 [[32minfo[39m]  Config loaded successfully: 2 profiles
01:59:52 [[32minfo[39m]  YAML config loaded successfully
01:59:52 [[32minfo[39m]  Context rules loaded {"agentCount":10}
01:59:52 [[32minfo[39m]  Default manifests loaded {"agentTypeCount":6,"manifestCount":8}
01:59:52 [[32minfo[39m]  Context rules file watcher started {"path":"C:\\Users\\super\\Documents\\trae_projects\\AGG-main\\packages\\backend\\config\\agent-context-rules.yaml"}
01:59:52 [[32minfo[39m]  Loaded 10 agent capabilities from YAML profiles
01:59:52 [[32minfo[39m]  ToolRegistry initialized
01:59:52 [[32minfo[39m]  Registering ServiceTools to ToolRegistry
01:59:52 [[32minfo[39m]  Tool registered: game_time_service - GameTime Service (v1.0.0)
01:59:52 [[32minfo[39m]  Tool registered: numerical_service - Numerical Service (v1.0.0)
01:59:52 [[32minfo[39m]  Tool registered: character_service - Character Service (v1.0.0)
01:59:52 [[32minfo[39m]  Tool registered: inventory_service - Inventory Service (v1.0.0)
01:59:52 [[32minfo[39m]  Tool registered: skill_service - Skill Service (v1.1.0)
01:59:52 [[32minfo[39m]  Tool registered: map_service - Map Service (v2.0.0)
01:59:52 [[32minfo[39m]  Tool registered: npc_service - NPC Service (v1.0.0)
01:59:52 [[32minfo[39m]  Tool registered: dialogue_service - Dialogue Service (v1.0.0)
01:59:52 [[32minfo[39m]  Tool registered: quest_service - Quest Service (v1.0.0)
01:59:52 [[32minfo[39m]  Tool registered: challenge_service - Challenge Service (v1.0.0)
01:59:52 [[32minfo[39m]  Tool registered: event_service - Event Service (v1.0.0)
01:59:52 [[32minfo[39m]  Tool registered: story_service - Story Service (v1.0.0)
01:59:52 [[32minfo[39m]  Tool registered: game_init_service - Game Init Service (v2.0.0)
01:59:52 [[32minfo[39m]  Tool registered: batch_query_service - Batch Query Service (v1.0.0)
01:59:52 [[32minfo[39m]  Tool registered: entity_graph_service - Entity Graph Service (v1.0.0)
01:59:52 [[32minfo[39m]  Tool registered: template_pool_service - Template Pool Service (v1.0.0)
01:59:52 [[32minfo[39m]  Tool registered: dynamic_ui - Dynamic UI Service (v1.0.0)
01:59:52 [[32minfo[39m]  Tool registered: generate_options - Generate Options Service (v2.0.0)
01:59:52 [[32minfo[39m]  Tool registered: coordinator_service - Coordinator Service (v1.0.0)
01:59:52 [[32minfo[39m]  Tool registered: rule_service - Rule Service (v1.0.0)
01:59:52 [[32minfo[39m]  Tool registered: skill_loader - Skill Loader (v1.0.0)
01:59:52 [[32minfo[39m]  Tool registered: help_service - Help Service (v1.0.0)
01:59:52 [[32minfo[39m]  Tool registered: memory_service - Memory Service (v1.0.0)
01:59:52 [[32minfo[39m]  Registered 23 ServiceTools to ToolRegistry
01:59:52 [[32minfo[39m]  Tool reference validation passed

[90mstdout[2m | tests/save/save.routes.test.ts[2m > [22m[2mSave Routes Integration Tests[2m > [22m[2mPATCH /api/v1/saves/:saveId - Update Save Metadata[2m > [22m[2mshould return 404 for non-existent save[22m[39m
01:59:52 [[31merror[39m]  Failed to update save {"saveId":"save-nonexistent-12345","error":"Save not found: save-nonexistent-12345"}
01:59:52 [[31merror[39m]  Failed to update save {"saveId":"save-nonexistent-12345","error":"Save not found: save-nonexistent-12345"}
01:59:52 [[32minfo[39m]  PATCH /save-nonexistent-12345 404 1ms 37b3c7cd {"method":"PATCH","url":"/save-nonexistent-12345","status":404,"duration":"1ms"}

[90mstdout[2m | tests/save/save.routes.test.ts[2m > [22m[2mSave Routes Integration Tests[2m > [22m[2mPUT /api/v1/saves/:saveId - Save (Manual Save)[2m > [22m[2mshould save and create snapshot[22m[39m
01:59:52 [[32minfo[39m]  Save loaded {"saveId":"save_Test_Save_1785002392759_0","hasCharacter":false,"inventoryCount":0}
01:59:52 [[32minfo[39m]  Snapshot created {"saveId":"save_Test_Save_1785002392759_0","snapshotId":"snap_save_Tes_1785002392948_2","type":"manual","chapter":"Chapter 1"}
01:59:52 [[32minfo[39m]  Save saved with snapshot {"saveId":"save_Test_Save_1785002392759_0"}
01:59:52 [[32minfo[39m]  PUT /save_Test_Save_1785002392759_0 200 9ms 7ed8602f {"method":"PUT","url":"/save_Test_Save_1785002392759_0","status":200,"duration":"9ms"}

[90mstdout[2m | src/agents/__tests__/coordinator-batch-spawn-push.test.ts[22m[39m
Migration 001_init.ts completed successfully
Running migration: 002_add_equipped_index.ts

[90mstdout[2m | tests/save/save.routes.test.ts[2m > [22m[2mSave Routes Integration Tests[2m > [22m[2mPUT /api/v1/saves/:saveId - Save (Manual Save)[2m > [22m[2mshould return 404 for non-existent save[22m[39m
01:59:52 [[31merror[39m]  Failed to load save {"saveId":"save-nonexistent-12345","error":"Save not found: save-nonexistent-12345"}
01:59:52 [[31merror[39m]  Failed to create snapshot {"saveId":"save-nonexistent-12345","error":"Save not found: save-nonexistent-12345"}
01:59:52 [[31merror[39m]  Failed to save save {"saveId":"save-nonexistent-12345","error":"Save not found: save-nonexistent-12345"}
01:59:52 [[31merror[39m]  Failed to save save {"saveId":"save-nonexistent-12345","error":"Save not found: save-nonexistent-12345"}
01:59:52 [[32minfo[39m]  PUT /save-nonexistent-12345 404 7ms 19374ad1 {"method":"PUT","url":"/save-nonexistent-12345","status":404,"duration":"7ms"}

[90mstdout[2m | src/agents/__tests__/coordinator-batch-spawn-push.test.ts[22m[39m
Migration 002_add_equipped_index.ts completed successfully
Running migration: 003_fix_information_boundaries_timestamps.ts
Migration 003_fix_information_boundaries_timestamps.ts completed successfully
Running migration: 004_drop_information_boundaries.ts
004_drop_information_boundaries: information_boundaries table not found, skipping migration
004_drop_information_boundaries: cleared custom_data.knowledge from 0 NPCs
Migration 004_drop_information_boundaries.ts completed successfully
Running migration: 005_drop_npc_relations.ts
005_drop_npc_relations: dropped npc_relations table
Migration 005_drop_npc_relations.ts completed successfully
Running migration: 006_awareness_relationship_events_states.ts
006: created entity_awareness_events table
006: created entity_awareness_states table
006: created entity_relationship_events table
006: created entity_relationship_states table
Migration 006_awareness_relationship_events_states.ts completed successfully
Running migration: 007_add_combat_mode.ts

[90mstdout[2m | src/game-systems/entity-graph/__tests__/entity-graph-repository-staging-knex.test.ts[22m[39m
01:59:52 [[32minfo[39m]  Discovered 187 help files {"dir":"C:\\Users\\super\\Documents\\trae_projects\\AGG-main\\packages\\backend\\config\\agent-help"}

[90mstdout[2m | tests/save/save.routes.test.ts[2m > [22m[2mSave Routes Integration Tests[2m > [22m[2mPOST /api/v1/saves/:saveId/auto - Auto Save[2m > [22m[2mshould auto save and return autoSaved status[22m[39m
01:59:52 [[32minfo[39m]  Save loaded {"saveId":"save_Test_Save_1785002392759_0","hasCharacter":false,"inventoryCount":0}
01:59:53 [[32minfo[39m]  POST /save_Test_Save_1785002392759_0/auto 200 24ms 870237b1 {"method":"POST","url":"/save_Test_Save_1785002392759_0/auto","status":200,"duration":"24ms"}

[90mstdout[2m | src/services/__tests__/game-service-program-action.test.ts[22m[39m
01:59:53 [[32minfo[39m]  Discovered 187 help files {"dir":"C:\\Users\\super\\Documents\\trae_projects\\AGG-main\\packages\\backend\\config\\agent-help"}

[90mstdout[2m | src/agents/prompt/__tests__/composers.test.ts[22m[39m
鉁?Database connection closed

 [33m鉂?[39m src/agents/prompt/__tests__/composers.test.ts [2m ([22m[2m25 tests[22m [2m|[22m [31m1 failed[39m[2m)[22m[33m 2122[2mms[22m[39m
[31m   [33m鉂?[31m src/agents/prompt/__tests__/composers.test.ts[2m > [22mPromptModule[2m > [22mconstructor creates default layer chain[39m
[31m     鈫?expected [ 'base', 'rules', 鈥?9) ] to deeply equal [ 'base', 'rules', 'skills', 鈥?7) ][39m
[90mstdout[2m | tests/save/save.routes.test.ts[2m > [22m[2mSave Routes Integration Tests[2m > [22m[2mPOST /api/v1/saves/:saveId/copy - Copy Save[2m > [22m[2mshould copy save with all associated data[22m[39m
01:59:53 [[32minfo[39m]  Save copied with all related data {"sourceSaveId":"save_Test_Save_1785002392759_0","newSaveId":"save_Test_Save_1785002393024_3"}
01:59:53 [[32minfo[39m]  POST /save_Test_Save_1785002392759_0/copy 201 11ms 49db48f9 {"method":"POST","url":"/save_Test_Save_1785002392759_0/copy","status":201,"duration":"11ms"}

[90mstdout[2m | tests/save/save.routes.test.ts[2m > [22m[2mSave Routes Integration Tests[2m > [22m[2mPOST /api/v1/saves/:saveId/copy - Copy Save[2m > [22m[2mshould copy save with default name when no name provided[22m[39m
01:59:53 [[32minfo[39m]  Save copied with all related data {"sourceSaveId":"save_Test_Save_1785002392759_0","newSaveId":"save_Test_Save_1785002393045_4"}
01:59:53 [[32minfo[39m]  POST /save_Test_Save_1785002392759_0/copy 201 6ms 200bc42c {"method":"POST","url":"/save_Test_Save_1785002392759_0/copy","status":201,"duration":"6ms"}

[90mstdout[2m | tests/save/save.routes.test.ts[2m > [22m[2mSave Routes Integration Tests[2m > [22m[2mPOST /api/v1/saves/:saveId/copy - Copy Save[2m > [22m[2mshould return 404 for non-existent source save[22m[39m
01:59:53 [[31merror[39m]  Failed to copy save {"sourceSaveId":"save-nonexistent-12345","error":"Save not found: save-nonexistent-12345"}
01:59:53 [[31merror[39m]  Failed to copy save {"saveId":"save-nonexistent-12345","error":"Save not found: save-nonexistent-12345"}
01:59:53 [[32minfo[39m]  POST /save-nonexistent-12345/copy 404 2ms d6a1e77f {"method":"POST","url":"/save-nonexistent-12345/copy","status":404,"duration":"2ms"}

[90mstdout[2m | tests/save/save.routes.test.ts[2m > [22m[2mSave Routes Integration Tests[2m > [22m[2mPOST /api/v1/saves/:saveId/export - Export Save[2m > [22m[2mshould export save data with version info[22m[39m
01:59:53 [[32minfo[39m]  Save loaded {"saveId":"save_Test_Save_1785002392759_0","hasCharacter":false,"inventoryCount":0}
01:59:53 [[32minfo[39m]  Save exported {"saveId":"save_Test_Save_1785002392759_0"}
01:59:53 [[32minfo[39m]  POST /save_Test_Save_1785002392759_0/export 200 10ms 4784f132 {"method":"POST","url":"/save_Test_Save_1785002392759_0/export","status":200,"duration":"10ms"}

[90mstdout[2m | tests/save/save.routes.test.ts[2m > [22m[2mSave Routes Integration Tests[2m > [22m[2mPOST /api/v1/saves/:saveId/export - Export Save[2m > [22m[2mshould return 404 for non-existent save[22m[39m
01:59:53 [[31merror[39m]  Failed to load save {"saveId":"save-nonexistent-12345","error":"Save not found: save-nonexistent-12345"}
01:59:53 [[31merror[39m]  Failed to export save {"saveId":"save-nonexistent-12345","error":"Save not found: save-nonexistent-12345"}
01:59:53 [[31merror[39m]  Failed to export save {"saveId":"save-nonexistent-12345","error":"Save not found: save-nonexistent-12345"}
01:59:53 [[32minfo[39m]  POST /save-nonexistent-12345/export 404 4ms 3b8fa3d9 {"method":"POST","url":"/save-nonexistent-12345/export","status":404,"duration":"4ms"}

[90mstdout[2m | src/agents/__tests__/coordinator-batch-spawn-push.test.ts[22m[39m
007: added combat_states.mode column
Migration 007_add_combat_mode.ts completed successfully
Running migration: 008_add_saves_active_challenge_mode.ts
008: added saves.active_challenge_mode column
Migration 008_add_saves_active_challenge_mode.ts completed successfully
All migrations completed
鉁?Migrations completed
All seeds completed
鉁?Seeds completed
01:59:52 [[32minfo[39m]  Starting YAML-driven Agent system initialization
01:59:52 [[32minfo[39m]  Seeding ModelConfigService from environment
01:59:52 [[32minfo[39m]  No DEEPSEEK_API_KEY env var found, skipping env seed
01:59:53 [[32minfo[39m]  Seeded provider from convict config {"providerType":"openai","providerId":"d6ca0abd-b0f8-4ed7-9e00-92720e435c4c","model":"openrouter/free"}
01:59:53 [[32minfo[39m]  Creating LLMService with ModelConfigService
01:59:53 [[32minfo[39m]  Creating ContextService and DecisionLogService instances
01:59:53 [[32minfo[39m]  Initializing YAML-driven Agent profiles...
01:59:53 [[32minfo[39m]  Loading config from directory: C:\Users\super\Documents\trae_projects\AGG-main\packages\backend\config
01:59:53 [[32minfo[39m]  Loaded agent profile: fantasy_rpg
01:59:53 [[32minfo[39m]  Loaded agent profile: minimal_test
01:59:53 [[32minfo[39m]  Loaded 0 non-builtin profiles from database (0 builtin skipped, using YAML)
01:59:53 [[32minfo[39m]  Config loaded successfully: 2 profiles
01:59:53 [[32minfo[39m]  YAML config loaded successfully
01:59:53 [[32minfo[39m]  Context rules loaded {"agentCount":10}
01:59:53 [[32minfo[39m]  Default manifests loaded {"agentTypeCount":6,"manifestCount":8}
01:59:53 [[32minfo[39m]  Context rules file watcher started {"path":"C:\\Users\\super\\Documents\\trae_projects\\AGG-main\\packages\\backend\\config\\agent-context-rules.yaml"}
01:59:53 [[32minfo[39m]  Loaded 10 agent capabilities from YAML profiles
01:59:53 [[32minfo[39m]  ToolRegistry initialized
01:59:53 [[32minfo[39m]  Registering ServiceTools to ToolRegistry
01:59:53 [[32minfo[39m]  Tool registered: game_time_service - GameTime Service (v1.0.0)
01:59:53 [[32minfo[39m]  Tool registered: numerical_service - Numerical Service (v1.0.0)
01:59:53 [[32minfo[39m]  Tool registered: character_service - Character Service (v1.0.0)
01:59:53 [[32minfo[39m]  Tool registered: inventory_service - Inventory Service (v1.0.0)
01:59:53 [[32minfo[39m]  Tool registered: skill_service - Skill Service (v1.1.0)
01:59:53 [[32minfo[39m]  Tool registered: map_service - Map Service (v2.0.0)
01:59:53 [[32minfo[39m]  Tool registered: npc_service - NPC Service (v1.0.0)
01:59:53 [[32minfo[39m]  Tool registered: dialogue_service - Dialogue Service (v1.0.0)
01:59:53 [[32minfo[39m]  Tool registered: quest_service - Quest Service (v1.0.0)
01:59:53 [[32minfo[39m]  Tool registered: challenge_service - Challenge Service (v1.0.0)
01:59:53 [[32minfo[39m]  Tool registered: event_service - Event Service (v1.0.0)
01:59:53 [[32minfo[39m]  Tool registered: story_service - Story Service (v1.0.0)
01:59:53 [[32minfo[39m]  Tool registered: game_init_service - Game Init Service (v2.0.0)
01:59:53 [[32minfo[39m]  Tool registered: batch_query_service - Batch Query Service (v1.0.0)
01:59:53 [[32minfo[39m]  Tool registered: entity_graph_service - Entity Graph Service (v1.0.0)
01:59:53 [[32minfo[39m]  Tool registered: template_pool_service - Template Pool Service (v1.0.0)
01:59:53 [[32minfo[39m]  Tool registered: dynamic_ui - Dynamic UI Service (v1.0.0)
01:59:53 [[32minfo[39m]  Tool registered: generate_options - Generate Options Service (v2.0.0)
01:59:53 [[32minfo[39m]  Tool registered: coordinator_service - Coordinator Service (v1.0.0)
01:59:53 [[32minfo[39m]  Tool registered: rule_service - Rule Service (v1.0.0)
01:59:53 [[32minfo[39m]  Tool registered: skill_loader - Skill Loader (v1.0.0)
01:59:53 [[32minfo[39m]  Tool registered: help_service - Help Service (v1.0.0)
01:59:53 [[32minfo[39m]  Tool registered: memory_service - Memory Service (v1.0.0)
01:59:53 [[32minfo[39m]  Registered 23 ServiceTools to ToolRegistry
01:59:53 [[32minfo[39m]  Tool reference validation passed

[90mstdout[2m | src/game-systems/skill/__tests__/use-skill-staging-pool.test.ts[2m > [22m[2mV2 闆嗘垚娴嬭瘯锛歶se_skill 鍦?StagingPool 鍚敤鏃朵笉鎶涢敊[2m > [22m[2m姝ｇ‘鎯呭喌锛歝haracter_skills 宸叉敞鍐?鈫?use_skill 鎴愬姛[2m > [22m[2muse_skill 鎴愬姛璁剧疆鍐峰嵈锛岃繑鍥?success: true[22m[39m
Running migration: 001_init.ts
Migration 001_init.ts completed successfully
Running migration: 002_add_equipped_index.ts
Migration 002_add_equipped_index.ts completed successfully
Running migration: 003_fix_information_boundaries_timestamps.ts
Migration 003_fix_information_boundaries_timestamps.ts completed successfully
Running migration: 004_drop_information_boundaries.ts
004_drop_information_boundaries: information_boundaries table not found, skipping migration
004_drop_information_boundaries: cleared custom_data.knowledge from 0 NPCs
Migration 004_drop_information_boundaries.ts completed successfully
Running migration: 005_drop_npc_relations.ts
005_drop_npc_relations: dropped npc_relations table
Migration 005_drop_npc_relations.ts completed successfully
Running migration: 006_awareness_relationship_events_states.ts
006: created entity_awareness_events table
006: created entity_awareness_states table
006: created entity_relationship_events table
006: created entity_relationship_states table
Migration 006_awareness_relationship_events_states.ts completed successfully
Running migration: 007_add_combat_mode.ts
007: added combat_states.mode column
Migration 007_add_combat_mode.ts completed successfully
Running migration: 008_add_saves_active_challenge_mode.ts
008: added saves.active_challenge_mode column
Migration 008_add_saves_active_challenge_mode.ts completed successfully
All migrations completed
01:59:52 [[32minfo[39m]  Skill used {"saveId":"save-skill-staging-test","skillId":"skill_濂ユ湳娲炲療_1784571718530_24","skillName":"濂ユ湳娲炲療","costSpent":[],"expGained":11,"cooldownSet":2,"cooldownSystem":"turn","damage":0,"effectsAppliedCount":0}

[90mstdout[2m | src/game-systems/skill/__tests__/use-skill-staging-pool.test.ts[2m > [22m[2mV2 闆嗘垚娴嬭瘯锛歶se_skill 鍦?StagingPool 鍚敤鏃朵笉鎶涢敊[2m > [22m[2m姝ｇ‘鎯呭喌锛歝haracter_skills 宸叉敞鍐?鈫?use_skill 鎴愬姛[2m > [22m[2muse_skill 璁剧疆鍐峰嵈鍚庯紝ShadowState 宸插悓姝ユ洿鏂帮紙鍚岃姹傚唴鏌ヨ杩斿洖鏂板€硷級[22m[39m
Running migration: 001_init.ts
Migration 001_init.ts completed successfully
Running migration: 002_add_equipped_index.ts
Migration 002_add_equipped_index.ts completed successfully
Running migration: 003_fix_information_boundaries_timestamps.ts
Migration 003_fix_information_boundaries_timestamps.ts completed successfully
Running migration: 004_drop_information_boundaries.ts
004_drop_information_boundaries: information_boundaries table not found, skipping migration
004_drop_information_boundaries: cleared custom_data.knowledge from 0 NPCs
Migration 004_drop_information_boundaries.ts completed successfully
Running migration: 005_drop_npc_relations.ts
005_drop_npc_relations: dropped npc_relations table
Migration 005_drop_npc_relations.ts completed successfully
Running migration: 006_awareness_relationship_events_states.ts
006: created entity_awareness_events table
006: created entity_awareness_states table
006: created entity_relationship_events table
006: created entity_relationship_states table
Migration 006_awareness_relationship_events_states.ts completed successfully
Running migration: 007_add_combat_mode.ts
007: added combat_states.mode column
Migration 007_add_combat_mode.ts completed successfully
Running migration: 008_add_saves_active_challenge_mode.ts
008: added saves.active_challenge_mode column
Migration 008_add_saves_active_challenge_mode.ts completed successfully
All migrations completed
01:59:52 [[32minfo[39m]  Skill used {"saveId":"save-skill-staging-test","skillId":"skill_濂ユ湳娲炲療_1784571718530_24","skillName":"濂ユ湳娲炲療","costSpent":[],"expGained":11,"cooldownSet":2,"cooldownSystem":"turn","damage":0,"effectsAppliedCount":0}

[90mstdout[2m | src/game-systems/skill/__tests__/use-skill-staging-pool.test.ts[2m > [22m[2mV2 闆嗘垚娴嬭瘯锛歶se_skill 鍦?StagingPool 鍚敤鏃朵笉鎶涢敊[2m > [22m[2m閿欒鎯呭喌澶嶇幇锛歝haracter_skills 鏈敞鍐?鈫?闃插尽琛ュ己鍚庝笉鎶涢敊[2m > [22m[2m鏈敞鍐岃〃 + use_skill 鈫?闃插尽琛ュ己浣?setCooldown 涓嶆姏閿欙紙fallback DB 杩斿洖鏃у€硷級[22m[39m
Running migration: 001_init.ts
Migration 001_init.ts completed successfully
Running migration: 002_add_equipped_index.ts
Migration 002_add_equipped_index.ts completed successfully
Running migration: 003_fix_information_boundaries_timestamps.ts
Migration 003_fix_information_boundaries_timestamps.ts completed successfully
Running migration: 004_drop_information_boundaries.ts
004_drop_information_boundaries: information_boundaries table not found, skipping migration
004_drop_information_boundaries: cleared custom_data.knowledge from 0 NPCs
Migration 004_drop_information_boundaries.ts completed successfully
Running migration: 005_drop_npc_relations.ts
005_drop_npc_relations: dropped npc_relations table
Migration 005_drop_npc_relations.ts completed successfully
Running migration: 006_awareness_relationship_events_states.ts
006: created entity_awareness_events table
006: created entity_awareness_states table
006: created entity_relationship_events table
006: created entity_relationship_states table
Migration 006_awareness_relationship_events_states.ts completed successfully
Running migration: 007_add_combat_mode.ts
007: added combat_states.mode column
Migration 007_add_combat_mode.ts completed successfully
Running migration: 008_add_saves_active_challenge_mode.ts
008: added saves.active_challenge_mode column
Migration 008_add_saves_active_challenge_mode.ts completed successfully
All migrations completed
01:59:53 [[32minfo[39m]  Skill used {"saveId":"save-skill-staging-test","skillId":"skill_濂ユ湳娲炲療_1784571718530_24","skillName":"濂ユ湳娲炲療","costSpent":[],"expGained":11,"cooldownSet":2,"cooldownSystem":"turn","damage":0,"effectsAppliedCount":0}

[90mstdout[2m | src/game-systems/skill/__tests__/use-skill-staging-pool.test.ts[2m > [22m[2mV2 闆嗘垚娴嬭瘯锛歶se_skill 鍦?StagingPool 鍚敤鏃朵笉鎶涢敊[2m > [22m[2m閮ㄥ垎姝ｇ‘鎯呭喌锛歴kill 涓嶅瓨鍦?鈫?杩斿洖鏄庣‘閿欒锛堥潪 update 鎶涢敊锛?[2m > [22m[2muse_skill 浼犲叆涓嶅瓨鍦ㄧ殑 skillId 鈫?杩斿洖 success: false, error: "Skill not found: xxx"[22m[39m
Running migration: 001_init.ts
Migration 001_init.ts completed successfully
Running migration: 002_add_equipped_index.ts
Migration 002_add_equipped_index.ts completed successfully
Running migration: 003_fix_information_boundaries_timestamps.ts
Migration 003_fix_information_boundaries_timestamps.ts completed successfully
Running migration: 004_drop_information_boundaries.ts
004_drop_information_boundaries: information_boundaries table not found, skipping migration
004_drop_information_boundaries: cleared custom_data.knowledge from 0 NPCs
Migration 004_drop_information_boundaries.ts completed successfully
Running migration: 005_drop_npc_relations.ts
005_drop_npc_relations: dropped npc_relations table
Migration 005_drop_npc_relations.ts completed successfully
Running migration: 006_awareness_relationship_events_states.ts
006: created entity_awareness_events table
006: created entity_awareness_states table
006: created entity_relationship_events table
006: created entity_relationship_states table
Migration 006_awareness_relationship_events_states.ts completed successfully
Running migration: 007_add_combat_mode.ts
007: added combat_states.mode column
Migration 007_add_combat_mode.ts completed successfully
Running migration: 008_add_saves_active_challenge_mode.ts
008: added saves.active_challenge_mode column
Migration 008_add_saves_active_challenge_mode.ts completed successfully
All migrations completed

[90mstdout[2m | src/game-systems/skill/__tests__/use-skill-staging-pool.test.ts[2m > [22m[2mV2 闆嗘垚娴嬭瘯锛歶se_skill 鍦?StagingPool 鍚敤鏃朵笉鎶涢敊[2m > [22m[2m閮ㄥ垎姝ｇ‘鎯呭喌锛歴kill 涓嶅瓨鍦?鈫?杩斿洖鏄庣‘閿欒锛堥潪 update 鎶涢敊锛?[2m > [22m[2muse_skill 浼犲叆 name锛堥潪 id锛夆啋 findBySkillIdOrName 鍏煎 name 鏌ヨ[22m[39m
Running migration: 001_init.ts
Migration 001_init.ts completed successfully
Running migration: 002_add_equipped_index.ts
Migration 002_add_equipped_index.ts completed successfully
Running migration: 003_fix_information_boundaries_timestamps.ts
Migration 003_fix_information_boundaries_timestamps.ts completed successfully
Running migration: 004_drop_information_boundaries.ts
004_drop_information_boundaries: information_boundaries table not found, skipping migration
004_drop_information_boundaries: cleared custom_data.knowledge from 0 NPCs
Migration 004_drop_information_boundaries.ts completed successfully
Running migration: 005_drop_npc_relations.ts
005_drop_npc_relations: dropped npc_relations table
Migration 005_drop_npc_relations.ts completed successfully
Running migration: 006_awareness_relationship_events_states.ts
006: created entity_awareness_events table
006: created entity_awareness_states table
006: created entity_relationship_events table
006: created entity_relationship_states table
Migration 006_awareness_relationship_events_states.ts completed successfully
Running migration: 007_add_combat_mode.ts
007: added combat_states.mode column
Migration 007_add_combat_mode.ts completed successfully
Running migration: 008_add_saves_active_challenge_mode.ts
008: added saves.active_challenge_mode column
Migration 008_add_saves_active_challenge_mode.ts completed successfully
All migrations completed
01:59:53 [[32minfo[39m]  Skill used {"saveId":"save-skill-staging-test","skillId":"濂ユ湳娲炲療","skillName":"濂ユ湳娲炲療","costSpent":[],"expGained":11,"cooldownSet":2,"cooldownSystem":"turn","damage":0,"effectsAppliedCount":0}

[90mstdout[2m | src/game-systems/skill/__tests__/use-skill-staging-pool.test.ts[2m > [22m[2mV2 闆嗘垚娴嬭瘯锛歶se_skill 鍦?StagingPool 鍚敤鏃朵笉鎶涢敊[2m > [22m[2m鍥炲綊楠岃瘉锛歋tagingPool flush 鍚庢暟鎹纭惤搴?[2m > [22m[2muse_skill 鍚?StagingPool.flush 鈫?鐪熷疄 DB 涓?cooldown_remaining 宸叉洿鏂?[22m[39m
Running migration: 001_init.ts
Migration 001_init.ts completed successfully
Running migration: 002_add_equipped_index.ts
Migration 002_add_equipped_index.ts completed successfully
Running migration: 003_fix_information_boundaries_timestamps.ts
Migration 003_fix_information_boundaries_timestamps.ts completed successfully
Running migration: 004_drop_information_boundaries.ts
004_drop_information_boundaries: information_boundaries table not found, skipping migration
004_drop_information_boundaries: cleared custom_data.knowledge from 0 NPCs
Migration 004_drop_information_boundaries.ts completed successfully
Running migration: 005_drop_npc_relations.ts
005_drop_npc_relations: dropped npc_relations table
Migration 005_drop_npc_relations.ts completed successfully
Running migration: 006_awareness_relationship_events_states.ts
006: created entity_awareness_events table
006: created entity_awareness_states table
006: created entity_relationship_events table
006: created entity_relationship_states table
Migration 006_awareness_relationship_events_states.ts completed successfully
Running migration: 007_add_combat_mode.ts
007: added combat_states.mode column
Migration 007_add_combat_mode.ts completed successfully
Running migration: 008_add_saves_active_challenge_mode.ts
008: added saves.active_challenge_mode column
Migration 008_add_saves_active_challenge_mode.ts completed successfully
All migrations completed
01:59:53 [[32minfo[39m]  Skill used {"saveId":"save-skill-staging-test","skillId":"skill_濂ユ湳娲炲療_1784571718530_24","skillName":"濂ユ湳娲炲療","costSpent":[],"expGained":11,"cooldownSet":2,"cooldownSystem":"turn","damage":0,"effectsAppliedCount":0}
01:59:53 [[32minfo[39m]  Flushing staged writes to DB {"count":2}
01:59:53 [[32minfo[39m]  Staged writes flush completed {"total":2,"succeeded":2,"failed":0}

[90mstdout[2m | src/game-systems/skill/__tests__/use-skill-staging-pool.test.ts[22m[39m
01:59:52 [[32minfo[39m]  Help registry loaded: 22 tools {"tools":["batch_query_service","challenge_service","... (22 items)"]}
01:59:52 [[32minfo[39m]  Creating GameMasterAgent (as AgentRuntime with isSubAgent=false)
01:59:52 [[32minfo[39m]  Handler subscribed {"eventType":"dialogue"}
01:59:52 [[32minfo[39m]  Handler subscribed {"eventType":"combat_end"}
01:59:52 [[32minfo[39m]  AwarenessAutoSubscriber subscribed to dialogue + combat_end events
01:59:52 [[32minfo[39m]  Agent initialized: gamemaster - GameMasterAgent
01:59:52 [[32minfo[39m] [AGENT-START] Agent gamemaster starting {"agent":"gamemaster","provider":null,"toolsConfigured":1,"maxIterations":200,"isSubAgent":false}
01:59:52 [[32minfo[39m]  Handler subscribed {"eventType":"chapter_advanced"}
01:59:52 [[32minfo[39m]  Creating AgentRuntime instances from default profile: fantasy_rpg
01:59:52 [[32minfo[39m]  Creating agents from profile: fantasy_rpg {"agentCount":10}
01:59:52 [[32minfo[39m]  Agent initialized: gamemaster - GameMasterAgent
01:59:52 [[32minfo[39m] [AGENT-START] Agent gamemaster starting {"agent":"gamemaster","provider":null,"toolsConfigured":1,"maxIterations":200,"isSubAgent":false}
01:59:52 [[32minfo[39m]  Created AgentRuntime: gamemaster {"profile":"fantasy_rpg","tools":["all"]}
01:59:52 [[32minfo[39m]  Agent initialized: map - MapAgent
01:59:52 [[32minfo[39m] [AGENT-START] Agent map starting {"agent":"map","provider":null,"toolsConfigured":7,"maxIterations":200,"isSubAgent":true}
01:59:52 [[32minfo[39m]  Created AgentRuntime: map {"profile":"fantasy_rpg","tools":["map_service","npc_service","... (7 items)"]}
01:59:52 [[32minfo[39m]  Agent initialized: challenge - ChallengeAgent
01:59:52 [[32minfo[39m] [AGENT-START] Agent challenge starting {"agent":"challenge","provider":null,"toolsConfigured":9,"maxIterations":200,"isSubAgent":true}
01:59:52 [[32minfo[39m]  Created AgentRuntime: challenge {"profile":"fantasy_rpg","tools":["challenge_service","numerical_service","... (9 items)"]}
01:59:52 [[32minfo[39m]  Agent initialized: output - OutputAgent
01:59:52 [[32minfo[39m] [AGENT-START] Agent output starting {"agent":"output","provider":null,"toolsConfigured":5,"maxIterations":200,"isSubAgent":true}
01:59:52 [[32minfo[39m]  Created AgentRuntime: output {"profile":"fantasy_rpg","tools":["dialogue_service","dynamic_ui","... (5 items)"]}
01:59:52 [[32minfo[39m]  Agent initialized: quest - QuestAgent
01:59:52 [[32minfo[39m] [AGENT-START] Agent quest starting {"agent":"quest","provider":null,"toolsConfigured":11,"maxIterations":200,"isSubAgent":true}
01:59:52 [[32minfo[39m]  Created AgentRuntime: quest {"profile":"fantasy_rpg","tools":["quest_service","numerical_service","... (11 items)"]}
01:59:52 [[32minfo[39m]  Agent initialized: npc_party - NPCPartyAgent
01:59:52 [[32minfo[39m] [AGENT-START] Agent npc_party starting {"agent":"npc_party","provider":null,"toolsConfigured":9,"maxIterations":200,"isSubAgent":true}
01:59:52 [[32minfo[39m]  Created AgentRuntime: npc_party {"profile":"fantasy_rpg","tools":["npc_service","entity_graph_service","... (9 items)"]}
01:59:52 [[32minfo[39m]  Agent initialized: inventory - InventoryAgent
01:59:52 [[32minfo[39m] [AGENT-START] Agent inventory starting {"agent":"inventory","provider":null,"toolsConfigured":8,"maxIterations":200,"isSubAgent":true}
01:59:52 [[32minfo[39m]  Created AgentRuntime: inventory {"profile":"fantasy_rpg","tools":["inventory_service","template_pool_service","... (8 items)"]}
01:59:52 [[32minfo[39m]  Agent initialized: skill - SkillAgent
01:59:52 [[32minfo[39m] [AGENT-START] Agent skill starting {"agent":"skill","provider":null,"toolsConfigured":7,"maxIterations":200,"isSubAgent":true}
01:59:52 [[32minfo[39m]  Created AgentRuntime: skill {"profile":"fantasy_rpg","tools":["skill_service","template_pool_service","... (7 items)"]}
01:59:52 [[32minfo[39m]  Agent initialized: event - EventAgent
01:59:52 [[32minfo[39m] [AGENT-START] Agent event starting {"agent":"event","provider":null,"toolsConfigured":5,"maxIterations":200,"isSubAgent":true}
01:59:52 [[32minfo[39m]  Created AgentRuntime: event {"profile":"fantasy_rpg","tools":["event_service","game_time_service","... (5 items)"]}
01:59:52 [[32minfo[39m]  Agent initialized: time - TimeAgent
01:59:52 [[32minfo[39m] [AGENT-START] Agent time starting {"agent":"time","provider":null,"toolsConfigured":4,"maxIterations":200,"isSubAgent":true}
01:59:52 [[32minfo[39m]  Created AgentRuntime: time {"profile":"fantasy_rpg","tools":["game_time_service","rule_service","... (4 items)"]}
01:59:52 [[32minfo[39m]  Permissions configured from agent.tools for profile: fantasy_rpg
01:59:52 [[32minfo[39m]  YAML permissions configured
01:59:52 [[32minfo[39m]  Registering AgentRuntime instances to GameMasterAgent...
01:59:52 [[32minfo[39m]  Registered AgentRuntime to Coordinator: gamemaster
01:59:52 [[32minfo[39m]  Registered AgentRuntime to Coordinator: map
01:59:52 [[32minfo[39m]  Registered AgentRuntime to Coordinator: challenge
01:59:52 [[32minfo[39m]  Registered AgentRuntime to Coordinator: output
01:59:52 [[32minfo[39m]  Registered AgentRuntime to Coordinator: quest
01:59:52 [[32minfo[39m]  Registered AgentRuntime to Coordinator: npc_party
01:59:52 [[32minfo[39m]  Registered AgentRuntime to Coordinator: inventory
01:59:52 [[32minfo[39m]  Registered AgentRuntime to Coordinator: skill
01:59:52 [[32minfo[39m]  Registered AgentRuntime to Coordinator: event
01:59:52 [[32minfo[39m]  Registered AgentRuntime to Coordinator: time
01:59:52 [[32minfo[39m]  GameDataExpander configured (manifest path enabled)
01:59:52 [[32minfo[39m]  DedupService configured (dispatch log persistence enabled)
01:59:52 [[32minfo[39m]  Agent system initialized: 10 AgentRuntime instances created
鉁?Agent system initialized with 10 agents
鈿狅笍 YAML Agent system skipped: __vi_import_5__.initializeYamlAgentSystem is not a function
01:59:52 [[32minfo[39m]  Agent routes initialized
01:59:52 [[32minfo[39m]  Save routes initialized
01:59:52 [[32minfo[39m]  Synced template from YAML to DB: cthulhu-investigation
01:59:52 [[32minfo[39m]  Synced template from YAML to DB: cyberpunk-mercenary
01:59:52 [[32minfo[39m]  Synced template from YAML to DB: medieval-fantasy
01:59:52 [[32minfo[39m]  Synced template from YAML to DB: modern-romance
01:59:52 [[32minfo[39m]  Synced template from YAML to DB: xianxia
01:59:52 [[32minfo[39m]  Synced 5 templates from YAML to database
01:59:52 [[32minfo[39m]  Cache refreshed with 5 templates
01:59:52 [[32minfo[39m]  TemplateService loaded {"cachedTemplates":5}
鉁?Template YAML loaded and synced to DB
01:59:52 [[32minfo[39m]  Template routes initialized
鉁?Test environment setup complete
鉁?Database connection closed

 [32m鉁?[39m src/game-systems/skill/__tests__/use-skill-staging-pool.test.ts [2m ([22m[2m6 tests[22m[2m)[22m[33m 1079[2mms[22m[39m
[90mstdout[2m | src/agents/prompt/__tests__/tool-set.test.ts[22m[39m
007: added combat_states.mode column
Migration 007_add_combat_mode.ts completed successfully
Running migration: 008_add_saves_active_challenge_mode.ts
008: added saves.active_challenge_mode column
Migration 008_add_saves_active_challenge_mode.ts completed successfully
All migrations completed
鉁?Migrations completed
All seeds completed
鉁?Seeds completed
01:59:52 [[32minfo[39m]  Starting YAML-driven Agent system initialization
01:59:52 [[32minfo[39m]  Seeding ModelConfigService from environment
01:59:52 [[32minfo[39m]  No DEEPSEEK_API_KEY env var found, skipping env seed
01:59:53 [[32minfo[39m]  Seeded provider from convict config {"providerType":"openai","providerId":"2bcd4c55-1912-4e9c-9441-77c108312a35","model":"openrouter/free"}
01:59:53 [[32minfo[39m]  Creating LLMService with ModelConfigService
01:59:53 [[32minfo[39m]  Creating ContextService and DecisionLogService instances
01:59:53 [[32minfo[39m]  Initializing YAML-driven Agent profiles...
01:59:53 [[32minfo[39m]  Loading config from directory: C:\Users\super\Documents\trae_projects\AGG-main\packages\backend\config
01:59:53 [[32minfo[39m]  Loaded agent profile: fantasy_rpg
01:59:53 [[32minfo[39m]  Loaded agent profile: minimal_test
01:59:53 [[32minfo[39m]  Loaded 0 non-builtin profiles from database (0 builtin skipped, using YAML)
01:59:53 [[32minfo[39m]  Config loaded successfully: 2 profiles
01:59:53 [[32minfo[39m]  YAML config loaded successfully
01:59:53 [[32minfo[39m]  Context rules loaded {"agentCount":10}
01:59:53 [[32minfo[39m]  Default manifests loaded {"agentTypeCount":6,"manifestCount":8}
01:59:53 [[32minfo[39m]  Context rules file watcher started {"path":"C:\\Users\\super\\Documents\\trae_projects\\AGG-main\\packages\\backend\\config\\agent-context-rules.yaml"}
01:59:53 [[32minfo[39m]  Loaded 10 agent capabilities from YAML profiles
01:59:53 [[32minfo[39m]  ToolRegistry initialized
01:59:53 [[32minfo[39m]  Registering ServiceTools to ToolRegistry
01:59:53 [[32minfo[39m]  Tool registered: game_time_service - GameTime Service (v1.0.0)
01:59:53 [[32minfo[39m]  Tool registered: numerical_service - Numerical Service (v1.0.0)
01:59:53 [[32minfo[39m]  Tool registered: character_service - Character Service (v1.0.0)
01:59:53 [[32minfo[39m]  Tool registered: inventory_service - Inventory Service (v1.0.0)
01:59:53 [[32minfo[39m]  Tool registered: skill_service - Skill Service (v1.1.0)
01:59:53 [[32minfo[39m]  Tool registered: map_service - Map Service (v2.0.0)
01:59:53 [[32minfo[39m]  Tool registered: npc_service - NPC Service (v1.0.0)
01:59:53 [[32minfo[39m]  Tool registered: dialogue_service - Dialogue Service (v1.0.0)
01:59:53 [[32minfo[39m]  Tool registered: quest_service - Quest Service (v1.0.0)
01:59:53 [[32minfo[39m]  Tool registered: challenge_service - Challenge Service (v1.0.0)
01:59:53 [[32minfo[39m]  Tool registered: event_service - Event Service (v1.0.0)
01:59:53 [[32minfo[39m]  Tool registered: story_service - Story Service (v1.0.0)
01:59:53 [[32minfo[39m]  Tool registered: game_init_service - Game Init Service (v2.0.0)
01:59:53 [[32minfo[39m]  Tool registered: batch_query_service - Batch Query Service (v1.0.0)
01:59:53 [[32minfo[39m]  Tool registered: entity_graph_service - Entity Graph Service (v1.0.0)
01:59:53 [[32minfo[39m]  Tool registered: template_pool_service - Template Pool Service (v1.0.0)
01:59:53 [[32minfo[39m]  Tool registered: dynamic_ui - Dynamic UI Service (v1.0.0)
01:59:53 [[32minfo[39m]  Tool registered: generate_options - Generate Options Service (v2.0.0)
01:59:53 [[32minfo[39m]  Tool registered: coordinator_service - Coordinator Service (v1.0.0)
01:59:53 [[32minfo[39m]  Tool registered: rule_service - Rule Service (v1.0.0)
01:59:53 [[32minfo[39m]  Tool registered: skill_loader - Skill Loader (v1.0.0)
01:59:53 [[32minfo[39m]  Tool registered: help_service - Help Service (v1.0.0)
01:59:53 [[32minfo[39m]  Tool registered: memory_service - Memory Service (v1.0.0)
01:59:53 [[32minfo[39m]  Registered 23 ServiceTools to ToolRegistry
01:59:53 [[32minfo[39m]  Tool reference validation passed

[90mstdout[2m | tests/save/save.routes.test.ts[2m > [22m[2mSave Routes Integration Tests[2m > [22m[2mPOST /api/v1/saves/import - Import Save[2m > [22m[2mshould import save from exported data[22m[39m
01:59:53 [[32minfo[39m]  Save loaded {"saveId":"save_Test_Save_1785002392759_0","hasCharacter":false,"inventoryCount":0}
01:59:53 [[32minfo[39m]  Save exported {"saveId":"save_Test_Save_1785002392759_0"}
01:59:53 [[32minfo[39m]  POST /save_Test_Save_1785002392759_0/export 200 37ms 179863de {"method":"POST","url":"/save_Test_Save_1785002392759_0/export","status":200,"duration":"37ms"}

[90mstdout[2m | src/agents/__tests__/coordinator-batch-spawn-push.test.ts[22m[39m
01:59:53 [[32minfo[39m]  Discovered 187 help files {"dir":"C:\\Users\\super\\Documents\\trae_projects\\AGG-main\\packages\\backend\\config\\agent-help"}

[90mstdout[2m | tests/save/save.routes.test.ts[2m > [22m[2mSave Routes Integration Tests[2m > [22m[2mPOST /api/v1/saves/import - Import Save[2m > [22m[2mshould import save from exported data[22m[39m
01:59:53 [[32minfo[39m]  Save created {"saveId":"save_Test_Save_Imported_1785002393181_5","name":"Test Save (Imported)","templateId":"default","restrictionType":"free"}
01:59:53 [[32minfo[39m]  Save imported {"newSaveId":"save_Test_Save_Imported_1785002393181_5","originalName":"Test Save"}
01:59:53 [[32minfo[39m]  POST /import 201 46ms edda9841 {"method":"POST","url":"/import","status":201,"duration":"46ms"}

[90mstdout[2m | src/agents/memory/__tests__/episodic-memory-service.test.ts[22m[39m
馃И Setting up comprehensive test environment...
鉁?Database connected
Running migration: 001_init.ts
Migration 001_init.ts completed successfully
Running migration: 002_add_equipped_index.ts

[90mstdout[2m | src/agents/memory/__tests__/episodic-memory-service.test.ts[22m[39m
Migration 002_add_equipped_index.ts completed successfully
Running migration: 003_fix_information_boundaries_timestamps.ts

[90mstdout[2m | src/agents/memory/__tests__/episodic-memory-service.test.ts[22m[39m
Migration 003_fix_information_boundaries_timestamps.ts completed successfully
Running migration: 004_drop_information_boundaries.ts

[90mstdout[2m | src/agents/memory/__tests__/episodic-memory-service.test.ts[22m[39m
004_drop_information_boundaries: information_boundaries table not found, skipping migration
004_drop_information_boundaries: cleared custom_data.knowledge from 0 NPCs
Migration 004_drop_information_boundaries.ts completed successfully
Running migration: 005_drop_npc_relations.ts
005_drop_npc_relations: dropped npc_relations table
Migration 005_drop_npc_relations.ts completed successfully
Running migration: 006_awareness_relationship_events_states.ts
006: created entity_awareness_events table
006: created entity_awareness_states table
006: created entity_relationship_events table
006: created entity_relationship_states table
Migration 006_awareness_relationship_events_states.ts completed successfully
Running migration: 007_add_combat_mode.ts
007: added combat_states.mode column
Migration 007_add_combat_mode.ts completed successfully
Running migration: 008_add_saves_active_challenge_mode.ts

[90mstdout[2m | tests/template/template.routes.test.ts[22m[39m
馃И Setting up comprehensive test environment...
鉁?Database connected
Running migration: 001_init.ts

[90mstdout[2m | src/services/__tests__/ShadowStateLayer-character-skills.test.ts[22m[39m
馃И Setting up comprehensive test environment...
鉁?Database connected
Running migration: 001_init.ts

[90mstdout[2m | tests/save/save.routes.test.ts[2m > [22m[2mSave Routes Integration Tests[2m > [22m[2mPOST /api/v1/saves/import - Import Save[2m > [22m[2mshould return 400 when data is missing[22m[39m
01:59:53 [[32minfo[39m]  POST /import 400 59ms 22aee152 {"method":"POST","url":"/import","status":400,"duration":"59ms"}

[90mstdout[2m | src/agents/tools/__tests__/coordinator-service.test.ts[2m > [22m[2mCoordinatorServiceTool request scope binding[2m > [22m[2mspawn_agent 搴旀敞鍏ヤ簨浠舵ā鏉夸笂涓嬫枃涓庤姹傛湡杩愯鏃惰祫婧?[22m[39m
01:59:53 [[32minfo[39m]  Agent initialized: event - Event Agent

[90mstdout[2m | src/agents/tools/__tests__/coordinator-service.test.ts[2m > [22m[2mCoordinatorServiceTool request scope binding[2m > [22m[2mbatch_spawn_agents 搴斾负涓嶅悓瀛?Agent 鐢熸垚鐩镐簰闅旂鐨勮姹傛€?[22m[39m
01:59:53 [[32minfo[39m]  Agent initialized: event - Event Agent
01:59:53 [[32minfo[39m]  Agent initialized: map - Map Agent
01:59:53 [[32minfo[39m]  Executing wave {"wave":1,"agents":["event","map"]}

[90mstdout[2m | src/agents/tools/__tests__/coordinator-service.test.ts[2m > [22m[2mCoordinatorServiceTool request scope binding[2m > [22m[2mbatch_spawn_agents 鍦ㄩ儴鍒嗗瓙Agent缂哄け鏃跺簲杩斿洖鍙户缁墽琛岀殑fallback缁撴灉[22m[39m
01:59:53 [[32minfo[39m]  Agent initialized: event - Event Agent
01:59:53 [[32minfo[39m]  Executing wave {"wave":1,"agents":["event","output"]}

[90mstdout[2m | src/agents/tools/__tests__/coordinator-service.test.ts[22m[39m
01:59:53 [[32minfo[39m]  Help registry loaded: 22 tools {"tools":["batch_query_service","challenge_service","... (22 items)"]}
01:59:53 [[32minfo[39m]  Creating GameMasterAgent (as AgentRuntime with isSubAgent=false)
01:59:53 [[32minfo[39m]  Handler subscribed {"eventType":"dialogue"}
01:59:53 [[32minfo[39m]  Handler subscribed {"eventType":"combat_end"}
01:59:53 [[32minfo[39m]  AwarenessAutoSubscriber subscribed to dialogue + combat_end events
01:59:53 [[32minfo[39m]  Agent initialized: gamemaster - GameMasterAgent
01:59:53 [[32minfo[39m] [AGENT-START] Agent gamemaster starting {"agent":"gamemaster","provider":null,"toolsConfigured":1,"maxIterations":200,"isSubAgent":false}
01:59:53 [[32minfo[39m]  Handler subscribed {"eventType":"chapter_advanced"}
01:59:53 [[32minfo[39m]  Creating AgentRuntime instances from default profile: fantasy_rpg
01:59:53 [[32minfo[39m]  Creating agents from profile: fantasy_rpg {"agentCount":10}
01:59:53 [[32minfo[39m]  Agent initialized: gamemaster - GameMasterAgent
01:59:53 [[32minfo[39m] [AGENT-START] Agent gamemaster starting {"agent":"gamemaster","provider":null,"toolsConfigured":1,"maxIterations":200,"isSubAgent":false}
01:59:53 [[32minfo[39m]  Created AgentRuntime: gamemaster {"profile":"fantasy_rpg","tools":["all"]}
01:59:53 [[32minfo[39m]  Agent initialized: map - MapAgent
01:59:53 [[32minfo[39m] [AGENT-START] Agent map starting {"agent":"map","provider":null,"toolsConfigured":7,"maxIterations":200,"isSubAgent":true}
01:59:53 [[32minfo[39m]  Created AgentRuntime: map {"profile":"fantasy_rpg","tools":["map_service","npc_service","... (7 items)"]}
01:59:53 [[32minfo[39m]  Agent initialized: challenge - ChallengeAgent
01:59:53 [[32minfo[39m] [AGENT-START] Agent challenge starting {"agent":"challenge","provider":null,"toolsConfigured":9,"maxIterations":200,"isSubAgent":true}
01:59:53 [[32minfo[39m]  Created AgentRuntime: challenge {"profile":"fantasy_rpg","tools":["challenge_service","numerical_service","... (9 items)"]}
01:59:53 [[32minfo[39m]  Agent initialized: output - OutputAgent
01:59:53 [[32minfo[39m] [AGENT-START] Agent output starting {"agent":"output","provider":null,"toolsConfigured":5,"maxIterations":200,"isSubAgent":true}
01:59:53 [[32minfo[39m]  Created AgentRuntime: output {"profile":"fantasy_rpg","tools":["dialogue_service","dynamic_ui","... (5 items)"]}
01:59:53 [[32minfo[39m]  Agent initialized: quest - QuestAgent
01:59:53 [[32minfo[39m] [AGENT-START] Agent quest starting {"agent":"quest","provider":null,"toolsConfigured":11,"maxIterations":200,"isSubAgent":true}
01:59:53 [[32minfo[39m]  Created AgentRuntime: quest {"profile":"fantasy_rpg","tools":["quest_service","numerical_service","... (11 items)"]}
01:59:53 [[32minfo[39m]  Agent initialized: npc_party - NPCPartyAgent
01:59:53 [[32minfo[39m] [AGENT-START] Agent npc_party starting {"agent":"npc_party","provider":null,"toolsConfigured":9,"maxIterations":200,"isSubAgent":true}
01:59:53 [[32minfo[39m]  Created AgentRuntime: npc_party {"profile":"fantasy_rpg","tools":["npc_service","entity_graph_service","... (9 items)"]}
01:59:53 [[32minfo[39m]  Agent initialized: inventory - InventoryAgent
01:59:53 [[32minfo[39m] [AGENT-START] Agent inventory starting {"agent":"inventory","provider":null,"toolsConfigured":8,"maxIterations":200,"isSubAgent":true}
01:59:53 [[32minfo[39m]  Created AgentRuntime: inventory {"profile":"fantasy_rpg","tools":["inventory_service","template_pool_service","... (8 items)"]}
01:59:53 [[32minfo[39m]  Agent initialized: skill - SkillAgent
01:59:53 [[32minfo[39m] [AGENT-START] Agent skill starting {"agent":"skill","provider":null,"toolsConfigured":7,"maxIterations":200,"isSubAgent":true}
01:59:53 [[32minfo[39m]  Created AgentRuntime: skill {"profile":"fantasy_rpg","tools":["skill_service","template_pool_service","... (7 items)"]}
01:59:53 [[32minfo[39m]  Agent initialized: event - EventAgent
01:59:53 [[32minfo[39m] [AGENT-START] Agent event starting {"agent":"event","provider":null,"toolsConfigured":5,"maxIterations":200,"isSubAgent":true}
01:59:53 [[32minfo[39m]  Created AgentRuntime: event {"profile":"fantasy_rpg","tools":["event_service","game_time_service","... (5 items)"]}
01:59:53 [[32minfo[39m]  Agent initialized: time - TimeAgent
01:59:53 [[32minfo[39m] [AGENT-START] Agent time starting {"agent":"time","provider":null,"toolsConfigured":4,"maxIterations":200,"isSubAgent":true}
01:59:53 [[32minfo[39m]  Created AgentRuntime: time {"profile":"fantasy_rpg","tools":["game_time_service","rule_service","... (4 items)"]}
01:59:53 [[32minfo[39m]  Permissions configured from agent.tools for profile: fantasy_rpg
01:59:53 [[32minfo[39m]  YAML permissions configured
01:59:53 [[32minfo[39m]  Registering AgentRuntime instances to GameMasterAgent...
01:59:53 [[32minfo[39m]  Registered AgentRuntime to Coordinator: gamemaster
01:59:53 [[32minfo[39m]  Registered AgentRuntime to Coordinator: map
01:59:53 [[32minfo[39m]  Registered AgentRuntime to Coordinator: challenge
01:59:53 [[32minfo[39m]  Registered AgentRuntime to Coordinator: output
01:59:53 [[32minfo[39m]  Registered AgentRuntime to Coordinator: quest
01:59:53 [[32minfo[39m]  Registered AgentRuntime to Coordinator: npc_party
01:59:53 [[32minfo[39m]  Registered AgentRuntime to Coordinator: inventory
01:59:53 [[32minfo[39m]  Registered AgentRuntime to Coordinator: skill
01:59:53 [[32minfo[39m]  Registered AgentRuntime to Coordinator: event
01:59:53 [[32minfo[39m]  Registered AgentRuntime to Coordinator: time
01:59:53 [[32minfo[39m]  GameDataExpander configured (manifest path enabled)
01:59:53 [[32minfo[39m]  DedupService configured (dispatch log persistence enabled)
01:59:53 [[32minfo[39m]  Agent system initialized: 10 AgentRuntime instances created
鉁?Agent system initialized with 10 agents
鈿狅笍 YAML Agent system skipped: __vi_import_5__.initializeYamlAgentSystem is not a function
01:59:53 [[32minfo[39m]  Agent routes initialized
01:59:53 [[32minfo[39m]  Save routes initialized
01:59:53 [[32minfo[39m]  Synced template from YAML to DB: cthulhu-investigation
01:59:53 [[32minfo[39m]  Synced template from YAML to DB: cyberpunk-mercenary
01:59:53 [[32minfo[39m]  Synced template from YAML to DB: medieval-fantasy
01:59:53 [[32minfo[39m]  Synced template from YAML to DB: modern-romance
01:59:53 [[32minfo[39m]  Synced template from YAML to DB: xianxia
01:59:53 [[32minfo[39m]  Synced 5 templates from YAML to database
01:59:53 [[32minfo[39m]  Cache refreshed with 5 templates
01:59:53 [[32minfo[39m]  TemplateService loaded {"cachedTemplates":5}
鉁?Template YAML loaded and synced to DB
01:59:53 [[32minfo[39m]  Template routes initialized
鉁?Test environment setup complete
鉁?Database connection closed

 [32m鉁?[39m src/agents/tools/__tests__/coordinator-service.test.ts [2m ([22m[2m4 tests[22m[2m)[22m[33m 838[2mms[22m[39m
[90mstdout[2m | tests/save/save.routes.test.ts[2m > [22m[2mSave Routes Integration Tests[2m > [22m[2mSnapshots[2m > [22m[2mshould create a snapshot[22m[39m
01:59:53 [[32minfo[39m]  Save loaded {"saveId":"save_Test_Save_1785002392759_0","hasCharacter":false,"inventoryCount":0}
01:59:53 [[32minfo[39m]  Snapshot created {"saveId":"save_Test_Save_1785002392759_0","snapshotId":"snap_save_Tes_1785002393329_6","type":"manual","chapter":"Chapter 1 Complete"}
01:59:53 [[32minfo[39m]  POST /save_Test_Save_1785002392759_0/snapshots 201 5ms f4b2c456 {"method":"POST","url":"/save_Test_Save_1785002392759_0/snapshots","status":201,"duration":"5ms"}

[90mstdout[2m | tests/save/save.routes.test.ts[2m > [22m[2mSave Routes Integration Tests[2m > [22m[2mSnapshots[2m > [22m[2mshould return 404 when creating snapshot for non-existent save[22m[39m
01:59:53 [[31merror[39m]  Failed to load save {"saveId":"save-nonexistent-12345","error":"Save not found: save-nonexistent-12345"}
01:59:53 [[31merror[39m]  Failed to create snapshot {"saveId":"save-nonexistent-12345","error":"Save not found: save-nonexistent-12345"}
01:59:53 [[31merror[39m]  Failed to create snapshot {"saveId":"save-nonexistent-12345","error":"Save not found: save-nonexistent-12345"}
01:59:53 [[32minfo[39m]  POST /save-nonexistent-12345/snapshots 404 2ms c07bc775 {"method":"POST","url":"/save-nonexistent-12345/snapshots","status":404,"duration":"2ms"}

[90mstdout[2m | src/services/__tests__/ShadowStateLayer-character-skills.test.ts[22m[39m
Migration 001_init.ts completed successfully
Running migration: 002_add_equipped_index.ts

[90mstdout[2m | tests/template/template.routes.test.ts[22m[39m
Migration 001_init.ts completed successfully
Running migration: 002_add_equipped_index.ts
Migration 002_add_equipped_index.ts completed successfully
Running migration: 003_fix_information_boundaries_timestamps.ts

[90mstdout[2m | tests/template/template.routes.test.ts[22m[39m
Migration 003_fix_information_boundaries_timestamps.ts completed successfully
Running migration: 004_drop_information_boundaries.ts

[90mstdout[2m | tests/template/template.routes.test.ts[22m[39m
004_drop_information_boundaries: information_boundaries table not found, skipping migration
004_drop_information_boundaries: cleared custom_data.knowledge from 0 NPCs
Migration 004_drop_information_boundaries.ts completed successfully
Running migration: 005_drop_npc_relations.ts
005_drop_npc_relations: dropped npc_relations table
Migration 005_drop_npc_relations.ts completed successfully
Running migration: 006_awareness_relationship_events_states.ts

[90mstdout[2m | src/services/__tests__/ShadowStateLayer-character-skills.test.ts[22m[39m
Migration 002_add_equipped_index.ts completed successfully
Running migration: 003_fix_information_boundaries_timestamps.ts
Migration 003_fix_information_boundaries_timestamps.ts completed successfully
Running migration: 004_drop_information_boundaries.ts
004_drop_information_boundaries: information_boundaries table not found, skipping migration
004_drop_information_boundaries: cleared custom_data.knowledge from 0 NPCs
Migration 004_drop_information_boundaries.ts completed successfully
Running migration: 005_drop_npc_relations.ts
005_drop_npc_relations: dropped npc_relations table
Migration 005_drop_npc_relations.ts completed successfully
Running migration: 006_awareness_relationship_events_states.ts
006: created entity_awareness_events table
006: created entity_awareness_states table
006: created entity_relationship_events table
006: created entity_relationship_states table
Migration 006_awareness_relationship_events_states.ts completed successfully
Running migration: 007_add_combat_mode.ts

[90mstdout[2m | src/services/__tests__/ShadowStateLayer-character-skills.test.ts[22m[39m
007: added combat_states.mode column
Migration 007_add_combat_mode.ts completed successfully
Running migration: 008_add_saves_active_challenge_mode.ts

[90mstdout[2m | tests/save/save.routes.test.ts[2m > [22m[2mSave Routes Integration Tests[2m > [22m[2mSnapshots[2m > [22m[2mshould list snapshots for a save[22m[39m
01:59:53 [[32minfo[39m]  Snapshots listed {"saveId":"save_Test_Save_1785002392759_0","count":2}
01:59:53 [[32minfo[39m]  GET /save_Test_Save_1785002392759_0/snapshots 200 3ms 75a09902 {"method":"GET","url":"/save_Test_Save_1785002392759_0/snapshots","status":200,"duration":"3ms"}

[90mstdout[2m | src/agents/memory/__tests__/episodic-memory-service.test.ts[22m[39m
008: added saves.active_challenge_mode column
Migration 008_add_saves_active_challenge_mode.ts completed successfully
All migrations completed
鉁?Migrations completed
All seeds completed
鉁?Seeds completed
01:59:53 [[32minfo[39m]  Starting YAML-driven Agent system initialization
01:59:53 [[32minfo[39m]  Seeding ModelConfigService from environment
01:59:53 [[32minfo[39m]  No DEEPSEEK_API_KEY env var found, skipping env seed
01:59:53 [[32minfo[39m]  Seeded provider from convict config {"providerType":"openai","providerId":"83d01f08-b792-4870-b439-172490b27dcf","model":"openrouter/free"}
01:59:53 [[32minfo[39m]  Creating LLMService with ModelConfigService
01:59:53 [[32minfo[39m]  Creating ContextService and DecisionLogService instances
01:59:53 [[32minfo[39m]  Initializing YAML-driven Agent profiles...
01:59:53 [[32minfo[39m]  Loading config from directory: C:\Users\super\Documents\trae_projects\AGG-main\packages\backend\config
01:59:53 [[32minfo[39m]  Loaded agent profile: fantasy_rpg
01:59:53 [[32minfo[39m]  Loaded agent profile: minimal_test
01:59:53 [[32minfo[39m]  Loaded 0 non-builtin profiles from database (0 builtin skipped, using YAML)
01:59:53 [[32minfo[39m]  Config loaded successfully: 2 profiles
01:59:53 [[32minfo[39m]  YAML config loaded successfully
01:59:53 [[32minfo[39m]  Context rules loaded {"agentCount":10}
01:59:53 [[32minfo[39m]  Default manifests loaded {"agentTypeCount":6,"manifestCount":8}
01:59:53 [[32minfo[39m]  Context rules file watcher started {"path":"C:\\Users\\super\\Documents\\trae_projects\\AGG-main\\packages\\backend\\config\\agent-context-rules.yaml"}
01:59:53 [[32minfo[39m]  Loaded 10 agent capabilities from YAML profiles
01:59:53 [[32minfo[39m]  ToolRegistry initialized
01:59:53 [[32minfo[39m]  Registering ServiceTools to ToolRegistry
01:59:53 [[32minfo[39m]  Tool registered: game_time_service - GameTime Service (v1.0.0)
01:59:53 [[32minfo[39m]  Tool registered: numerical_service - Numerical Service (v1.0.0)
01:59:53 [[32minfo[39m]  Tool registered: character_service - Character Service (v1.0.0)
01:59:53 [[32minfo[39m]  Tool registered: inventory_service - Inventory Service (v1.0.0)
01:59:53 [[32minfo[39m]  Tool registered: skill_service - Skill Service (v1.1.0)
01:59:53 [[32minfo[39m]  Tool registered: map_service - Map Service (v2.0.0)
01:59:53 [[32minfo[39m]  Tool registered: npc_service - NPC Service (v1.0.0)
01:59:53 [[32minfo[39m]  Tool registered: dialogue_service - Dialogue Service (v1.0.0)
01:59:53 [[32minfo[39m]  Tool registered: quest_service - Quest Service (v1.0.0)
01:59:53 [[32minfo[39m]  Tool registered: challenge_service - Challenge Service (v1.0.0)
01:59:53 [[32minfo[39m]  Tool registered: event_service - Event Service (v1.0.0)
01:59:53 [[32minfo[39m]  Tool registered: story_service - Story Service (v1.0.0)
01:59:53 [[32minfo[39m]  Tool registered: game_init_service - Game Init Service (v2.0.0)
01:59:53 [[32minfo[39m]  Tool registered: batch_query_service - Batch Query Service (v1.0.0)
01:59:53 [[32minfo[39m]  Tool registered: entity_graph_service - Entity Graph Service (v1.0.0)
01:59:53 [[32minfo[39m]  Tool registered: template_pool_service - Template Pool Service (v1.0.0)
01:59:53 [[32minfo[39m]  Tool registered: dynamic_ui - Dynamic UI Service (v1.0.0)
01:59:53 [[32minfo[39m]  Tool registered: generate_options - Generate Options Service (v2.0.0)
01:59:53 [[32minfo[39m]  Tool registered: coordinator_service - Coordinator Service (v1.0.0)
01:59:53 [[32minfo[39m]  Tool registered: rule_service - Rule Service (v1.0.0)
01:59:53 [[32minfo[39m]  Tool registered: skill_loader - Skill Loader (v1.0.0)
01:59:53 [[32minfo[39m]  Tool registered: help_service - Help Service (v1.0.0)
01:59:53 [[32minfo[39m]  Tool registered: memory_service - Memory Service (v1.0.0)
01:59:53 [[32minfo[39m]  Registered 23 ServiceTools to ToolRegistry
01:59:53 [[32minfo[39m]  Tool reference validation passed

[90mstdout[2m | tests/save/save.routes.test.ts[2m > [22m[2mSave Routes Integration Tests[2m > [22m[2mSnapshots[2m > [22m[2mshould list snapshots filtered by type[22m[39m
01:59:53 [[32minfo[39m]  Snapshots listed {"saveId":"save_Test_Save_1785002392759_0","count":2}
01:59:53 [[32minfo[39m]  GET /save_Test_Save_1785002392759_0/snapshots?type=manual 200 1ms f8962cc7 {"method":"GET","url":"/save_Test_Save_1785002392759_0/snapshots?type=manual","status":200,"duration":"1ms"}

[90mstdout[2m | tests/save/save.routes.test.ts[2m > [22m[2mSave Routes Integration Tests[2m > [22m[2mSnapshots[2m > [22m[2mshould get a single snapshot[22m[39m
01:59:53 [[32minfo[39m]  Snapshot loaded {"snapshotId":"snap_save_Tes_1785002393329_6"}
01:59:53 [[32minfo[39m]  GET /save_Test_Save_1785002392759_0/snapshots/snap_save_Tes_1785002393329_6 200 2ms 1daeb166 {"method":"GET","url":"/save_Test_Save_1785002392759_0/snapshots/snap_save_Tes_1785002393329_6","status":200,"duration":"2ms"}

[90mstdout[2m | tests/save/save.routes.test.ts[2m > [22m[2mSave Routes Integration Tests[2m > [22m[2mSnapshots[2m > [22m[2mshould return 404 for non-existent snapshot[22m[39m
01:59:53 [[31merror[39m]  Failed to load snapshot {"snapshotId":"snapshot-nonexistent","error":"Snapshot not found: snapshot-nonexistent"}
01:59:53 [[31merror[39m]  Failed to load snapshot {"snapshotId":"snapshot-nonexistent","error":"Snapshot not found: snapshot-nonexistent"}
01:59:53 [[32minfo[39m]  GET /save_Test_Save_1785002392759_0/snapshots/snapshot-nonexistent 404 6ms 85b6e7a7 {"method":"GET","url":"/save_Test_Save_1785002392759_0/snapshots/snapshot-nonexistent","status":404,"duration":"6ms"}

[90mstdout[2m | tests/save/save.routes.test.ts[2m > [22m[2mSave Routes Integration Tests[2m > [22m[2mSnapshots[2m > [22m[2mshould restore from snapshot[22m[39m
01:59:53 [[32minfo[39m]  Snapshot restored to save {"snapshotId":"snap_save_Tes_1785002393329_6","saveId":"save_Test_Save_1785002392759_0"}
01:59:53 [[32minfo[39m]  POST /save_Test_Save_1785002392759_0/snapshots/snap_save_Tes_1785002393329_6/restore 200 18ms bdbc6331 {"method":"POST","url":"/save_Test_Save_1785002392759_0/snapshots/snap_save_Tes_1785002393329_6/restore","status":200,"duration":"18ms"}

[90mstdout[2m | src/agents/memory/__tests__/episodic-memory-service.test.ts[22m[39m
01:59:53 [[32minfo[39m]  Discovered 187 help files {"dir":"C:\\Users\\super\\Documents\\trae_projects\\AGG-main\\packages\\backend\\config\\agent-help"}

[90mstdout[2m | src/agents/prompt/__tests__/tool-set.test.ts[22m[39m
01:59:53 [[32minfo[39m]  Discovered 187 help files {"dir":"C:\\Users\\super\\Documents\\trae_projects\\AGG-main\\packages\\backend\\config\\agent-help"}

[90mstdout[2m | tests/save/save.routes.test.ts[2m > [22m[2mSave Routes Integration Tests[2m > [22m[2mSnapshots[2m > [22m[2mshould return 404 for restoring non-existent snapshot[22m[39m
01:59:53 [[31merror[39m]  Failed to restore snapshot {"snapshotId":"snapshot-nonexistent","error":"Snapshot not found: snapshot-nonexistent"}
01:59:53 [[31merror[39m]  Failed to restore snapshot {"snapshotId":"snapshot-nonexistent","error":"Snapshot not found: snapshot-nonexistent"}
01:59:53 [[32minfo[39m]  POST /save_Test_Save_1785002392759_0/snapshots/snapshot-nonexistent/restore 404 29ms 16c80e78 {"method":"POST","url":"/save_Test_Save_1785002392759_0/snapshots/snapshot-nonexistent/restore","status":404,"duration":"29ms"}

[90mstdout[2m | src/services/__tests__/ShadowStateLayer-character-skills.test.ts[22m[39m
008: added saves.active_challenge_mode column
Migration 008_add_saves_active_challenge_mode.ts completed successfully
All migrations completed
鉁?Migrations completed
All seeds completed
鉁?Seeds completed
01:59:53 [[32minfo[39m]  Starting YAML-driven Agent system initialization
01:59:53 [[32minfo[39m]  Seeding ModelConfigService from environment
01:59:53 [[32minfo[39m]  No DEEPSEEK_API_KEY env var found, skipping env seed
01:59:53 [[32minfo[39m]  Seeded provider from convict config {"providerType":"openai","providerId":"252bc003-774e-4ec6-ba40-ee0736243d50","model":"openrouter/free"}
01:59:53 [[32minfo[39m]  Creating LLMService with ModelConfigService
01:59:53 [[32minfo[39m]  Creating ContextService and DecisionLogService instances
01:59:53 [[32minfo[39m]  Initializing YAML-driven Agent profiles...
01:59:53 [[32minfo[39m]  Loading config from directory: C:\Users\super\Documents\trae_projects\AGG-main\packages\backend\config
01:59:53 [[32minfo[39m]  Loaded agent profile: fantasy_rpg
01:59:53 [[32minfo[39m]  Loaded agent profile: minimal_test
01:59:53 [[32minfo[39m]  Loaded 0 non-builtin profiles from database (0 builtin skipped, using YAML)
01:59:53 [[32minfo[39m]  Config loaded successfully: 2 profiles
01:59:53 [[32minfo[39m]  YAML config loaded successfully
01:59:53 [[32minfo[39m]  Context rules loaded {"agentCount":10}
01:59:53 [[32minfo[39m]  Default manifests loaded {"agentTypeCount":6,"manifestCount":8}
01:59:53 [[32minfo[39m]  Context rules file watcher started {"path":"C:\\Users\\super\\Documents\\trae_projects\\AGG-main\\packages\\backend\\config\\agent-context-rules.yaml"}
01:59:53 [[32minfo[39m]  Loaded 10 agent capabilities from YAML profiles
01:59:53 [[32minfo[39m]  ToolRegistry initialized
01:59:53 [[32minfo[39m]  Registering ServiceTools to ToolRegistry
01:59:53 [[32minfo[39m]  Tool registered: game_time_service - GameTime Service (v1.0.0)
01:59:53 [[32minfo[39m]  Tool registered: numerical_service - Numerical Service (v1.0.0)
01:59:53 [[32minfo[39m]  Tool registered: character_service - Character Service (v1.0.0)
01:59:53 [[32minfo[39m]  Tool registered: inventory_service - Inventory Service (v1.0.0)
01:59:53 [[32minfo[39m]  Tool registered: skill_service - Skill Service (v1.1.0)
01:59:53 [[32minfo[39m]  Tool registered: map_service - Map Service (v2.0.0)
01:59:53 [[32minfo[39m]  Tool registered: npc_service - NPC Service (v1.0.0)
01:59:53 [[32minfo[39m]  Tool registered: dialogue_service - Dialogue Service (v1.0.0)
01:59:53 [[32minfo[39m]  Tool registered: quest_service - Quest Service (v1.0.0)
01:59:53 [[32minfo[39m]  Tool registered: challenge_service - Challenge Service (v1.0.0)
01:59:53 [[32minfo[39m]  Tool registered: event_service - Event Service (v1.0.0)
01:59:53 [[32minfo[39m]  Tool registered: story_service - Story Service (v1.0.0)
01:59:53 [[32minfo[39m]  Tool registered: game_init_service - Game Init Service (v2.0.0)
01:59:53 [[32minfo[39m]  Tool registered: batch_query_service - Batch Query Service (v1.0.0)
01:59:53 [[32minfo[39m]  Tool registered: entity_graph_service - Entity Graph Service (v1.0.0)
01:59:53 [[32minfo[39m]  Tool registered: template_pool_service - Template Pool Service (v1.0.0)
01:59:53 [[32minfo[39m]  Tool registered: dynamic_ui - Dynamic UI Service (v1.0.0)
01:59:53 [[32minfo[39m]  Tool registered: generate_options - Generate Options Service (v2.0.0)
01:59:53 [[32minfo[39m]  Tool registered: coordinator_service - Coordinator Service (v1.0.0)
01:59:53 [[32minfo[39m]  Tool registered: rule_service - Rule Service (v1.0.0)
01:59:53 [[32minfo[39m]  Tool registered: skill_loader - Skill Loader (v1.0.0)
01:59:53 [[32minfo[39m]  Tool registered: help_service - Help Service (v1.0.0)
01:59:53 [[32minfo[39m]  Tool registered: memory_service - Memory Service (v1.0.0)
01:59:53 [[32minfo[39m]  Registered 23 ServiceTools to ToolRegistry
01:59:53 [[32minfo[39m]  Tool reference validation passed

[90mstdout[2m | src/agents/__tests__/coordinator-batch-spawn-push.test.ts[2m > [22m[2mCoordinatorServiceTool batch_spawn_agents 缁熶竴闈㈡澘鍙樻洿鎺ㄩ€佹満鍒?[2m > [22m[2m鎴愬姛瀛?Agent 鐨?writeOperation 涓?panelUpdates 琚敹闆嗗苟涓诲姩琛ユ帹[22m[39m
01:59:53 [[32minfo[39m]  Executing wave {"wave":1,"agents":["inventory","map"]}

[90mstdout[2m | src/agents/__tests__/coordinator-batch-spawn-push.test.ts[2m > [22m[2mCoordinatorServiceTool batch_spawn_agents 缁熶竴闈㈡澘鍙樻洿鎺ㄩ€佹満鍒?[2m > [22m[2m閮ㄥ垎瀛?Agent 澶辫触鏃朵粎鏀堕泦鎴愬姛瀛?Agent 鐨?writeOperation 涓?panelUpdates[22m[39m
01:59:53 [[32minfo[39m]  Executing wave {"wave":1,"agents":["inventory","map"]}

[90mstdout[2m | src/agents/__tests__/coordinator-batch-spawn-push.test.ts[2m > [22m[2mCoordinatorServiceTool batch_spawn_agents 缁熶竴闈㈡澘鍙樻洿鎺ㄩ€佹満鍒?[2m > [22m[2m瀛?Agent 鏈繑鍥?panelUpdates 鏃惰烦杩囦富鍔ㄨˉ鎺ㄤ絾 writeOperations 浠嶉€忎紶[22m[39m
01:59:53 [[32minfo[39m]  Executing wave {"wave":1,"agents":["inventory","map"]}

[90mstdout[2m | src/agents/__tests__/coordinator-batch-spawn-push.test.ts[2m > [22m[2mCoordinatorServiceTool batch_spawn_agents 缁熶竴闈㈡澘鍙樻洿鎺ㄩ€佹満鍒?[2m > [22m[2m澶氭璋冪敤 handler 鐨?pushPanelUpdates 璋冪敤鐩镐簰鐙珛[22m[39m
01:59:53 [[32minfo[39m]  Executing wave {"wave":1,"agents":["inventory"]}
01:59:53 [[32minfo[39m]  Executing wave {"wave":1,"agents":["inventory"]}

[90mstdout[2m | src/agents/__tests__/coordinator-batch-spawn-push.test.ts[22m[39m
01:59:53 [[32minfo[39m]  Help registry loaded: 22 tools {"tools":["batch_query_service","challenge_service","... (22 items)"]}
01:59:53 [[32minfo[39m]  Creating GameMasterAgent (as AgentRuntime with isSubAgent=false)
01:59:53 [[32minfo[39m]  Handler subscribed {"eventType":"dialogue"}
01:59:53 [[32minfo[39m]  Handler subscribed {"eventType":"combat_end"}
01:59:53 [[32minfo[39m]  AwarenessAutoSubscriber subscribed to dialogue + combat_end events
01:59:53 [[32minfo[39m]  Agent initialized: gamemaster - GameMasterAgent
01:59:53 [[32minfo[39m] [AGENT-START] Agent gamemaster starting {"agent":"gamemaster","provider":null,"toolsConfigured":1,"maxIterations":200,"isSubAgent":false}
01:59:53 [[32minfo[39m]  Handler subscribed {"eventType":"chapter_advanced"}
01:59:53 [[32minfo[39m]  Creating AgentRuntime instances from default profile: fantasy_rpg
01:59:53 [[32minfo[39m]  Creating agents from profile: fantasy_rpg {"agentCount":10}
01:59:53 [[32minfo[39m]  Agent initialized: gamemaster - GameMasterAgent
01:59:53 [[32minfo[39m] [AGENT-START] Agent gamemaster starting {"agent":"gamemaster","provider":null,"toolsConfigured":1,"maxIterations":200,"isSubAgent":false}
01:59:53 [[32minfo[39m]  Created AgentRuntime: gamemaster {"profile":"fantasy_rpg","tools":["all"]}
01:59:53 [[32minfo[39m]  Agent initialized: map - MapAgent
01:59:53 [[32minfo[39m] [AGENT-START] Agent map starting {"agent":"map","provider":null,"toolsConfigured":7,"maxIterations":200,"isSubAgent":true}
01:59:53 [[32minfo[39m]  Created AgentRuntime: map {"profile":"fantasy_rpg","tools":["map_service","npc_service","... (7 items)"]}
01:59:53 [[32minfo[39m]  Agent initialized: challenge - ChallengeAgent
01:59:53 [[32minfo[39m] [AGENT-START] Agent challenge starting {"agent":"challenge","provider":null,"toolsConfigured":9,"maxIterations":200,"isSubAgent":true}
01:59:53 [[32minfo[39m]  Created AgentRuntime: challenge {"profile":"fantasy_rpg","tools":["challenge_service","numerical_service","... (9 items)"]}
01:59:53 [[32minfo[39m]  Agent initialized: output - OutputAgent
01:59:53 [[32minfo[39m] [AGENT-START] Agent output starting {"agent":"output","provider":null,"toolsConfigured":5,"maxIterations":200,"isSubAgent":true}
01:59:53 [[32minfo[39m]  Created AgentRuntime: output {"profile":"fantasy_rpg","tools":["dialogue_service","dynamic_ui","... (5 items)"]}
01:59:53 [[32minfo[39m]  Agent initialized: quest - QuestAgent
01:59:53 [[32minfo[39m] [AGENT-START] Agent quest starting {"agent":"quest","provider":null,"toolsConfigured":11,"maxIterations":200,"isSubAgent":true}
01:59:53 [[32minfo[39m]  Created AgentRuntime: quest {"profile":"fantasy_rpg","tools":["quest_service","numerical_service","... (11 items)"]}
01:59:53 [[32minfo[39m]  Agent initialized: npc_party - NPCPartyAgent
01:59:53 [[32minfo[39m] [AGENT-START] Agent npc_party starting {"agent":"npc_party","provider":null,"toolsConfigured":9,"maxIterations":200,"isSubAgent":true}
01:59:53 [[32minfo[39m]  Created AgentRuntime: npc_party {"profile":"fantasy_rpg","tools":["npc_service","entity_graph_service","... (9 items)"]}
01:59:53 [[32minfo[39m]  Agent initialized: inventory - InventoryAgent
01:59:53 [[32minfo[39m] [AGENT-START] Agent inventory starting {"agent":"inventory","provider":null,"toolsConfigured":8,"maxIterations":200,"isSubAgent":true}
01:59:53 [[32minfo[39m]  Created AgentRuntime: inventory {"profile":"fantasy_rpg","tools":["inventory_service","template_pool_service","... (8 items)"]}
01:59:53 [[32minfo[39m]  Agent initialized: skill - SkillAgent
01:59:53 [[32minfo[39m] [AGENT-START] Agent skill starting {"agent":"skill","provider":null,"toolsConfigured":7,"maxIterations":200,"isSubAgent":true}
01:59:53 [[32minfo[39m]  Created AgentRuntime: skill {"profile":"fantasy_rpg","tools":["skill_service","template_pool_service","... (7 items)"]}
01:59:53 [[32minfo[39m]  Agent initialized: event - EventAgent
01:59:53 [[32minfo[39m] [AGENT-START] Agent event starting {"agent":"event","provider":null,"toolsConfigured":5,"maxIterations":200,"isSubAgent":true}
01:59:53 [[32minfo[39m]  Created AgentRuntime: event {"profile":"fantasy_rpg","tools":["event_service","game_time_service","... (5 items)"]}
01:59:53 [[32minfo[39m]  Agent initialized: time - TimeAgent
01:59:53 [[32minfo[39m] [AGENT-START] Agent time starting {"agent":"time","provider":null,"toolsConfigured":4,"maxIterations":200,"isSubAgent":true}
01:59:53 [[32minfo[39m]  Created AgentRuntime: time {"profile":"fantasy_rpg","tools":["game_time_service","rule_service","... (4 items)"]}
01:59:53 [[32minfo[39m]  Permissions configured from agent.tools for profile: fantasy_rpg
01:59:53 [[32minfo[39m]  YAML permissions configured
01:59:53 [[32minfo[39m]  Registering AgentRuntime instances to GameMasterAgent...
01:59:53 [[32minfo[39m]  Registered AgentRuntime to Coordinator: gamemaster
01:59:53 [[32minfo[39m]  Registered AgentRuntime to Coordinator: map
01:59:53 [[32minfo[39m]  Registered AgentRuntime to Coordinator: challenge
01:59:53 [[32minfo[39m]  Registered AgentRuntime to Coordinator: output
01:59:53 [[32minfo[39m]  Registered AgentRuntime to Coordinator: quest
01:59:53 [[32minfo[39m]  Registered AgentRuntime to Coordinator: npc_party
01:59:53 [[32minfo[39m]  Registered AgentRuntime to Coordinator: inventory
01:59:53 [[32minfo[39m]  Registered AgentRuntime to Coordinator: skill
01:59:53 [[32minfo[39m]  Registered AgentRuntime to Coordinator: event
01:59:53 [[32minfo[39m]  Registered AgentRuntime to Coordinator: time
01:59:53 [[32minfo[39m]  GameDataExpander configured (manifest path enabled)
01:59:53 [[32minfo[39m]  DedupService configured (dispatch log persistence enabled)
01:59:53 [[32minfo[39m]  Agent system initialized: 10 AgentRuntime instances created
鉁?Agent system initialized with 10 agents
鈿狅笍 YAML Agent system skipped: __vi_import_5__.initializeYamlAgentSystem is not a function
01:59:53 [[32minfo[39m]  Agent routes initialized
01:59:53 [[32minfo[39m]  Save routes initialized
01:59:53 [[32minfo[39m]  Synced template from YAML to DB: cthulhu-investigation
01:59:53 [[32minfo[39m]  Synced template from YAML to DB: cyberpunk-mercenary
01:59:53 [[32minfo[39m]  Synced template from YAML to DB: medieval-fantasy
01:59:53 [[32minfo[39m]  Synced template from YAML to DB: modern-romance
01:59:53 [[32minfo[39m]  Synced template from YAML to DB: xianxia
01:59:53 [[32minfo[39m]  Synced 5 templates from YAML to database
01:59:53 [[32minfo[39m]  Cache refreshed with 5 templates
01:59:53 [[32minfo[39m]  TemplateService loaded {"cachedTemplates":5}
鉁?Template YAML loaded and synced to DB
01:59:53 [[32minfo[39m]  Template routes initialized
鉁?Test environment setup complete
鉁?Database connection closed

 [32m鉁?[39m src/agents/__tests__/coordinator-batch-spawn-push.test.ts [2m ([22m[2m4 tests[22m[2m)[22m[33m 718[2mms[22m[39m
[90mstdout[2m | tests/template/template.routes.test.ts[22m[39m
006: created entity_awareness_events table
006: created entity_awareness_states table
006: created entity_relationship_events table
006: created entity_relationship_states table
Migration 006_awareness_relationship_events_states.ts completed successfully
Running migration: 007_add_combat_mode.ts
007: added combat_states.mode column
Migration 007_add_combat_mode.ts completed successfully
Running migration: 008_add_saves_active_challenge_mode.ts
008: added saves.active_challenge_mode column
Migration 008_add_saves_active_challenge_mode.ts completed successfully
All migrations completed
鉁?Migrations completed
All seeds completed
鉁?Seeds completed
01:59:53 [[32minfo[39m]  Starting YAML-driven Agent system initialization
01:59:53 [[32minfo[39m]  Seeding ModelConfigService from environment
01:59:53 [[32minfo[39m]  No DEEPSEEK_API_KEY env var found, skipping env seed
01:59:53 [[32minfo[39m]  Seeded provider from convict config {"providerType":"openai","providerId":"0f5c6783-4638-4105-ab77-4c16eeba07cd","model":"openrouter/free"}
01:59:53 [[32minfo[39m]  Creating LLMService with ModelConfigService
01:59:53 [[32minfo[39m]  Creating ContextService and DecisionLogService instances
01:59:53 [[32minfo[39m]  Initializing YAML-driven Agent profiles...
01:59:53 [[32minfo[39m]  Loading config from directory: C:\Users\super\Documents\trae_projects\AGG-main\packages\backend\config
01:59:53 [[32minfo[39m]  Loaded agent profile: fantasy_rpg
01:59:53 [[32minfo[39m]  Loaded agent profile: minimal_test
01:59:53 [[32minfo[39m]  Loaded 0 non-builtin profiles from database (0 builtin skipped, using YAML)
01:59:53 [[32minfo[39m]  Config loaded successfully: 2 profiles
01:59:53 [[32minfo[39m]  YAML config loaded successfully
01:59:53 [[32minfo[39m]  Context rules loaded {"agentCount":10}
01:59:53 [[32minfo[39m]  Default manifests loaded {"agentTypeCount":6,"manifestCount":8}
01:59:53 [[32minfo[39m]  Context rules file watcher started {"path":"C:\\Users\\super\\Documents\\trae_projects\\AGG-main\\packages\\backend\\config\\agent-context-rules.yaml"}
01:59:53 [[32minfo[39m]  Loaded 10 agent capabilities from YAML profiles
01:59:53 [[32minfo[39m]  ToolRegistry initialized
01:59:53 [[32minfo[39m]  Registering ServiceTools to ToolRegistry
01:59:53 [[32minfo[39m]  Tool registered: game_time_service - GameTime Service (v1.0.0)
01:59:53 [[32minfo[39m]  Tool registered: numerical_service - Numerical Service (v1.0.0)
01:59:53 [[32minfo[39m]  Tool registered: character_service - Character Service (v1.0.0)
01:59:53 [[32minfo[39m]  Tool registered: inventory_service - Inventory Service (v1.0.0)
01:59:53 [[32minfo[39m]  Tool registered: skill_service - Skill Service (v1.1.0)
01:59:53 [[32minfo[39m]  Tool registered: map_service - Map Service (v2.0.0)
01:59:53 [[32minfo[39m]  Tool registered: npc_service - NPC Service (v1.0.0)
01:59:53 [[32minfo[39m]  Tool registered: dialogue_service - Dialogue Service (v1.0.0)
01:59:53 [[32minfo[39m]  Tool registered: quest_service - Quest Service (v1.0.0)
01:59:53 [[32minfo[39m]  Tool registered: challenge_service - Challenge Service (v1.0.0)
01:59:53 [[32minfo[39m]  Tool registered: event_service - Event Service (v1.0.0)
01:59:53 [[32minfo[39m]  Tool registered: story_service - Story Service (v1.0.0)
01:59:53 [[32minfo[39m]  Tool registered: game_init_service - Game Init Service (v2.0.0)
01:59:53 [[32minfo[39m]  Tool registered: batch_query_service - Batch Query Service (v1.0.0)
01:59:53 [[32minfo[39m]  Tool registered: entity_graph_service - Entity Graph Service (v1.0.0)
01:59:53 [[32minfo[39m]  Tool registered: template_pool_service - Template Pool Service (v1.0.0)
01:59:53 [[32minfo[39m]  Tool registered: dynamic_ui - Dynamic UI Service (v1.0.0)
01:59:53 [[32minfo[39m]  Tool registered: generate_options - Generate Options Service (v2.0.0)
01:59:53 [[32minfo[39m]  Tool registered: coordinator_service - Coordinator Service (v1.0.0)
01:59:53 [[32minfo[39m]  Tool registered: rule_service - Rule Service (v1.0.0)
01:59:53 [[32minfo[39m]  Tool registered: skill_loader - Skill Loader (v1.0.0)
01:59:53 [[32minfo[39m]  Tool registered: help_service - Help Service (v1.0.0)
01:59:53 [[32minfo[39m]  Tool registered: memory_service - Memory Service (v1.0.0)
01:59:53 [[32minfo[39m]  Registered 23 ServiceTools to ToolRegistry
01:59:53 [[32minfo[39m]  Tool reference validation passed

[90mstdout[2m | src/services/__tests__/ShadowStateLayer-character-skills.test.ts[22m[39m
01:59:53 [[32minfo[39m]  Discovered 187 help files {"dir":"C:\\Users\\super\\Documents\\trae_projects\\AGG-main\\packages\\backend\\config\\agent-help"}

[90mstdout[2m | tests/template/template.routes.test.ts[22m[39m
01:59:53 [[32minfo[39m]  Discovered 187 help files {"dir":"C:\\Users\\super\\Documents\\trae_projects\\AGG-main\\packages\\backend\\config\\agent-help"}

[90mstdout[2m | tests/save/save.routes.test.ts[2m > [22m[2mSave Routes Integration Tests[2m > [22m[2mSnapshots[2m > [22m[2mshould delete a snapshot[22m[39m
01:59:53 [[32minfo[39m]  Save loaded {"saveId":"save_Test_Save_1785002392759_0","hasCharacter":false,"inventoryCount":0}
01:59:53 [[32minfo[39m]  Snapshot created {"saveId":"save_Test_Save_1785002392759_0","snapshotId":"snap_save_Tes_1785002393647_7","type":"manual","chapter":"Chapter 1"}
01:59:53 [[32minfo[39m]  POST /save_Test_Save_1785002392759_0/snapshots 201 87ms 9ead0de8 {"method":"POST","url":"/save_Test_Save_1785002392759_0/snapshots","status":201,"duration":"87ms"}

[90mstdout[2m | tests/save/save.routes.test.ts[2m > [22m[2mSave Routes Integration Tests[2m > [22m[2mSnapshots[2m > [22m[2mshould delete a snapshot[22m[39m
01:59:53 [[32minfo[39m]  Snapshot deleted {"saveId":"save_Test_Save_1785002392759_0","snapshotId":"snap_save_Tes_1785002393647_7"}
01:59:53 [[32minfo[39m]  DELETE /save_Test_Save_1785002392759_0/snapshots/snap_save_Tes_1785002393647_7 200 6ms 3c20c96f {"method":"DELETE","url":"/save_Test_Save_1785002392759_0/snapshots/snap_save_Tes_1785002393647_7","status":200,"duration":"6ms"}

[90mstdout[2m | tests/save/save.routes.test.ts[2m > [22m[2mSave Routes Integration Tests[2m > [22m[2mSnapshots[2m > [22m[2mshould return 404 when deleting non-existent snapshot[22m[39m
01:59:53 [[31merror[39m]  Failed to delete snapshot {"saveId":"save_Test_Save_1785002392759_0","snapshotId":"snapshot-nonexistent","error":"Snapshot not found: snapshot-nonexistent"}
01:59:53 [[31merror[39m]  Failed to delete snapshot {"saveId":"save_Test_Save_1785002392759_0","snapshotId":"snapshot-nonexistent","error":"Snapshot not found: snapshot-nonexistent"}
01:59:53 [[32minfo[39m]  DELETE /save_Test_Save_1785002392759_0/snapshots/snapshot-nonexistent 404 22ms ef61020c {"method":"DELETE","url":"/save_Test_Save_1785002392759_0/snapshots/snapshot-nonexistent","status":404,"duration":"22ms"}

[90mstdout[2m | src/game-systems/entity-graph/__tests__/entity-graph-repository-staging-knex.test.ts[2m > [22m[2mEntityGraphRepository StagingKnex 鏉′欢杩借釜鍥炲綊娴嬭瘯[2m > [22m[2mgetEdges 鎷嗗垎 where(callback).orWhere[2m > [22m[2m浠呰繑鍥炰笌 nodeId 鐩歌繛鐨勮竟锛屼笉杩斿洖鍏?save 杈?[22m[39m
Running migration: 001_init.ts
Migration 001_init.ts completed successfully
Running migration: 002_add_equipped_index.ts
Migration 002_add_equipped_index.ts completed successfully
Running migration: 003_fix_information_boundaries_timestamps.ts
Migration 003_fix_information_boundaries_timestamps.ts completed successfully
Running migration: 004_drop_information_boundaries.ts
004_drop_information_boundaries: information_boundaries table not found, skipping migration
004_drop_information_boundaries: cleared custom_data.knowledge from 0 NPCs
Migration 004_drop_information_boundaries.ts completed successfully
Running migration: 005_drop_npc_relations.ts
005_drop_npc_relations: dropped npc_relations table
Migration 005_drop_npc_relations.ts completed successfully
Running migration: 006_awareness_relationship_events_states.ts
006: created entity_awareness_events table
006: created entity_awareness_states table
006: created entity_relationship_events table
006: created entity_relationship_states table
Migration 006_awareness_relationship_events_states.ts completed successfully
Running migration: 007_add_combat_mode.ts
007: added combat_states.mode column
Migration 007_add_combat_mode.ts completed successfully
Running migration: 008_add_saves_active_challenge_mode.ts
008: added saves.active_challenge_mode column
Migration 008_add_saves_active_challenge_mode.ts completed successfully
All migrations completed

[90mstdout[2m | src/game-systems/entity-graph/__tests__/entity-graph-repository-staging-knex.test.ts[2m > [22m[2mEntityGraphRepository StagingKnex 鏉′欢杩借釜鍥炲綊娴嬭瘯[2m > [22m[2mgetEdges 鎷嗗垎 where(callback).orWhere[2m > [22m[2m鑺傜偣鍚屾椂浣滀负 from 鍜?to 鏃舵寜 edge.id 鍘婚噸[22m[39m
Running migration: 001_init.ts
Migration 001_init.ts completed successfully
Running migration: 002_add_equipped_index.ts
Migration 002_add_equipped_index.ts completed successfully
Running migration: 003_fix_information_boundaries_timestamps.ts
Migration 003_fix_information_boundaries_timestamps.ts completed successfully
Running migration: 004_drop_information_boundaries.ts
004_drop_information_boundaries: information_boundaries table not found, skipping migration
004_drop_information_boundaries: cleared custom_data.knowledge from 0 NPCs
Migration 004_drop_information_boundaries.ts completed successfully
Running migration: 005_drop_npc_relations.ts
005_drop_npc_relations: dropped npc_relations table
Migration 005_drop_npc_relations.ts completed successfully
Running migration: 006_awareness_relationship_events_states.ts
006: created entity_awareness_events table
006: created entity_awareness_states table
006: created entity_relationship_events table
006: created entity_relationship_states table
Migration 006_awareness_relationship_events_states.ts completed successfully
Running migration: 007_add_combat_mode.ts
007: added combat_states.mode column
Migration 007_add_combat_mode.ts completed successfully
Running migration: 008_add_saves_active_challenge_mode.ts
008: added saves.active_challenge_mode column
Migration 008_add_saves_active_challenge_mode.ts completed successfully
All migrations completed

[90mstdout[2m | src/game-systems/entity-graph/__tests__/entity-graph-repository-staging-knex.test.ts[2m > [22m[2mEntityGraphRepository StagingKnex 鏉′欢杩借釜鍥炲綊娴嬭瘯[2m > [22m[2mgetEdges 鎷嗗垎 where(callback).orWhere[2m > [22m[2m鑷幆杈规寜 edge.id 鍘婚噸杩斿洖 1 鏉?[22m[39m
Running migration: 001_init.ts
Migration 001_init.ts completed successfully
Running migration: 002_add_equipped_index.ts
Migration 002_add_equipped_index.ts completed successfully
Running migration: 003_fix_information_boundaries_timestamps.ts
Migration 003_fix_information_boundaries_timestamps.ts completed successfully
Running migration: 004_drop_information_boundaries.ts
004_drop_information_boundaries: information_boundaries table not found, skipping migration
004_drop_information_boundaries: cleared custom_data.knowledge from 0 NPCs
Migration 004_drop_information_boundaries.ts completed successfully
Running migration: 005_drop_npc_relations.ts
005_drop_npc_relations: dropped npc_relations table
Migration 005_drop_npc_relations.ts completed successfully
Running migration: 006_awareness_relationship_events_states.ts
006: created entity_awareness_events table
006: created entity_awareness_states table
006: created entity_relationship_events table
006: created entity_relationship_states table
Migration 006_awareness_relationship_events_states.ts completed successfully
Running migration: 007_add_combat_mode.ts
007: added combat_states.mode column
Migration 007_add_combat_mode.ts completed successfully
Running migration: 008_add_saves_active_challenge_mode.ts
008: added saves.active_challenge_mode column
Migration 008_add_saves_active_challenge_mode.ts completed successfully
All migrations completed

[90mstdout[2m | src/game-systems/entity-graph/__tests__/entity-graph-repository-staging-knex.test.ts[2m > [22m[2mEntityGraphRepository StagingKnex 鏉′欢杩借釜鍥炲綊娴嬭瘯[2m > [22m[2mgetEdges 鎷嗗垎 where(callback).orWhere[2m > [22m[2m鏃犵浉杩炶竟鏃惰繑鍥炵┖鏁扮粍[22m[39m
Running migration: 001_init.ts
Migration 001_init.ts completed successfully
Running migration: 002_add_equipped_index.ts
Migration 002_add_equipped_index.ts completed successfully
Running migration: 003_fix_information_boundaries_timestamps.ts
Migration 003_fix_information_boundaries_timestamps.ts completed successfully
Running migration: 004_drop_information_boundaries.ts
004_drop_information_boundaries: information_boundaries table not found, skipping migration
004_drop_information_boundaries: cleared custom_data.knowledge from 0 NPCs
Migration 004_drop_information_boundaries.ts completed successfully
Running migration: 005_drop_npc_relations.ts
005_drop_npc_relations: dropped npc_relations table
Migration 005_drop_npc_relations.ts completed successfully
Running migration: 006_awareness_relationship_events_states.ts
006: created entity_awareness_events table
006: created entity_awareness_states table
006: created entity_relationship_events table
006: created entity_relationship_states table
Migration 006_awareness_relationship_events_states.ts completed successfully
Running migration: 007_add_combat_mode.ts
007: added combat_states.mode column
Migration 007_add_combat_mode.ts completed successfully
Running migration: 008_add_saves_active_challenge_mode.ts
008: added saves.active_challenge_mode column
Migration 008_add_saves_active_challenge_mode.ts completed successfully
All migrations completed

[90mstdout[2m | src/game-systems/entity-graph/__tests__/entity-graph-repository-staging-knex.test.ts[2m > [22m[2mEntityGraphRepository StagingKnex 鏉′欢杩借釜鍥炲綊娴嬭瘯[2m > [22m[2mgetSubgraph 鎷嗗垎 whereIn(callback).orWhereIn[2m > [22m[2mBFS 姣忓眰浠呰繑鍥炰笌褰撳墠灞傝妭鐐圭浉杩炵殑杈癸紝涓嶈繑鍥炲叏 save 杈?[22m[39m
Running migration: 001_init.ts
Migration 001_init.ts completed successfully
Running migration: 002_add_equipped_index.ts
Migration 002_add_equipped_index.ts completed successfully
Running migration: 003_fix_information_boundaries_timestamps.ts
Migration 003_fix_information_boundaries_timestamps.ts completed successfully
Running migration: 004_drop_information_boundaries.ts
004_drop_information_boundaries: information_boundaries table not found, skipping migration
004_drop_information_boundaries: cleared custom_data.knowledge from 0 NPCs
Migration 004_drop_information_boundaries.ts completed successfully
Running migration: 005_drop_npc_relations.ts
005_drop_npc_relations: dropped npc_relations table
Migration 005_drop_npc_relations.ts completed successfully
Running migration: 006_awareness_relationship_events_states.ts
006: created entity_awareness_events table
006: created entity_awareness_states table
006: created entity_relationship_events table
006: created entity_relationship_states table
Migration 006_awareness_relationship_events_states.ts completed successfully
Running migration: 007_add_combat_mode.ts
007: added combat_states.mode column
Migration 007_add_combat_mode.ts completed successfully
Running migration: 008_add_saves_active_challenge_mode.ts
008: added saves.active_challenge_mode column
Migration 008_add_saves_active_challenge_mode.ts completed successfully
All migrations completed

[90mstdout[2m | src/game-systems/entity-graph/__tests__/entity-graph-repository-staging-knex.test.ts[2m > [22m[2mEntityGraphRepository StagingKnex 鏉′欢杩借釜鍥炲綊娴嬭瘯[2m > [22m[2mgetSubgraph 鎷嗗垎 whereIn(callback).orWhereIn[2m > [22m[2mBFS depth=2 璺ㄥ眰鏌ヨ姝ｇ‘鏀舵暃[22m[39m
Running migration: 001_init.ts
Migration 001_init.ts completed successfully
Running migration: 002_add_equipped_index.ts
Migration 002_add_equipped_index.ts completed successfully
Running migration: 003_fix_information_boundaries_timestamps.ts
Migration 003_fix_information_boundaries_timestamps.ts completed successfully
Running migration: 004_drop_information_boundaries.ts
004_drop_information_boundaries: information_boundaries table not found, skipping migration
004_drop_information_boundaries: cleared custom_data.knowledge from 0 NPCs
Migration 004_drop_information_boundaries.ts completed successfully
Running migration: 005_drop_npc_relations.ts
005_drop_npc_relations: dropped npc_relations table
Migration 005_drop_npc_relations.ts completed successfully
Running migration: 006_awareness_relationship_events_states.ts
006: created entity_awareness_events table
006: created entity_awareness_states table
006: created entity_relationship_events table
006: created entity_relationship_states table
Migration 006_awareness_relationship_events_states.ts completed successfully
Running migration: 007_add_combat_mode.ts
007: added combat_states.mode column
Migration 007_add_combat_mode.ts completed successfully
Running migration: 008_add_saves_active_challenge_mode.ts
008: added saves.active_challenge_mode column
Migration 008_add_saves_active_challenge_mode.ts completed successfully
All migrations completed

[90mstdout[2m | src/game-systems/entity-graph/__tests__/entity-graph-repository-staging-knex.test.ts[2m > [22m[2mEntityGraphRepository StagingKnex 鏉′欢杩借釜鍥炲綊娴嬭瘯[2m > [22m[2mgetSubgraph 鎷嗗垎 whereIn(callback).orWhereIn[2m > [22m[2mBFS 涓嶇浉鍏宠竟涓嶈閿欒绾冲叆瀛愬浘[22m[39m
Running migration: 001_init.ts
Migration 001_init.ts completed successfully
Running migration: 002_add_equipped_index.ts
Migration 002_add_equipped_index.ts completed successfully
Running migration: 003_fix_information_boundaries_timestamps.ts
Migration 003_fix_information_boundaries_timestamps.ts completed successfully
Running migration: 004_drop_information_boundaries.ts
004_drop_information_boundaries: information_boundaries table not found, skipping migration
004_drop_information_boundaries: cleared custom_data.knowledge from 0 NPCs
Migration 004_drop_information_boundaries.ts completed successfully
Running migration: 005_drop_npc_relations.ts
005_drop_npc_relations: dropped npc_relations table
Migration 005_drop_npc_relations.ts completed successfully
Running migration: 006_awareness_relationship_events_states.ts
006: created entity_awareness_events table
006: created entity_awareness_states table
006: created entity_relationship_events table
006: created entity_relationship_states table
Migration 006_awareness_relationship_events_states.ts completed successfully
Running migration: 007_add_combat_mode.ts
007: added combat_states.mode column
Migration 007_add_combat_mode.ts completed successfully
Running migration: 008_add_saves_active_challenge_mode.ts
008: added saves.active_challenge_mode column
Migration 008_add_saves_active_challenge_mode.ts completed successfully
All migrations completed

[90mstdout[2m | src/game-systems/entity-graph/__tests__/entity-graph-repository-staging-knex.test.ts[2m > [22m[2mEntityGraphRepository StagingKnex 鏉′欢杩借釜鍥炲綊娴嬭瘯[2m > [22m[2mgetSubgraph 鎷嗗垎 whereIn(callback).orWhereIn[2m > [22m[2m涓績鑺傜偣涓嶅瓨鍦ㄦ椂杩斿洖绌哄浘[22m[39m
Running migration: 001_init.ts
Migration 001_init.ts completed successfully
Running migration: 002_add_equipped_index.ts
Migration 002_add_equipped_index.ts completed successfully
Running migration: 003_fix_information_boundaries_timestamps.ts
Migration 003_fix_information_boundaries_timestamps.ts completed successfully
Running migration: 004_drop_information_boundaries.ts
004_drop_information_boundaries: information_boundaries table not found, skipping migration
004_drop_information_boundaries: cleared custom_data.knowledge from 0 NPCs
Migration 004_drop_information_boundaries.ts completed successfully
Running migration: 005_drop_npc_relations.ts
005_drop_npc_relations: dropped npc_relations table
Migration 005_drop_npc_relations.ts completed successfully
Running migration: 006_awareness_relationship_events_states.ts
006: created entity_awareness_events table
006: created entity_awareness_states table
006: created entity_relationship_events table
006: created entity_relationship_states table
Migration 006_awareness_relationship_events_states.ts completed successfully
Running migration: 007_add_combat_mode.ts
007: added combat_states.mode column
Migration 007_add_combat_mode.ts completed successfully
Running migration: 008_add_saves_active_challenge_mode.ts
008: added saves.active_challenge_mode column
Migration 008_add_saves_active_challenge_mode.ts completed successfully
All migrations completed

[90mstdout[2m | src/game-systems/entity-graph/__tests__/entity-graph-repository-staging-knex.test.ts[22m[39m
01:59:53 [[32minfo[39m]  Help registry loaded: 22 tools {"tools":["batch_query_service","challenge_service","... (22 items)"]}
01:59:53 [[32minfo[39m]  Creating GameMasterAgent (as AgentRuntime with isSubAgent=false)
01:59:53 [[32minfo[39m]  Handler subscribed {"eventType":"dialogue"}
01:59:53 [[32minfo[39m]  Handler subscribed {"eventType":"combat_end"}
01:59:53 [[32minfo[39m]  AwarenessAutoSubscriber subscribed to dialogue + combat_end events
01:59:53 [[32minfo[39m]  Agent initialized: gamemaster - GameMasterAgent
01:59:53 [[32minfo[39m] [AGENT-START] Agent gamemaster starting {"agent":"gamemaster","provider":null,"toolsConfigured":1,"maxIterations":200,"isSubAgent":false}
01:59:53 [[32minfo[39m]  Handler subscribed {"eventType":"chapter_advanced"}
01:59:53 [[32minfo[39m]  Creating AgentRuntime instances from default profile: fantasy_rpg
01:59:53 [[32minfo[39m]  Creating agents from profile: fantasy_rpg {"agentCount":10}
01:59:53 [[32minfo[39m]  Agent initialized: gamemaster - GameMasterAgent
01:59:53 [[32minfo[39m] [AGENT-START] Agent gamemaster starting {"agent":"gamemaster","provider":null,"toolsConfigured":1,"maxIterations":200,"isSubAgent":false}
01:59:53 [[32minfo[39m]  Created AgentRuntime: gamemaster {"profile":"fantasy_rpg","tools":["all"]}
01:59:53 [[32minfo[39m]  Agent initialized: map - MapAgent
01:59:53 [[32minfo[39m] [AGENT-START] Agent map starting {"agent":"map","provider":null,"toolsConfigured":7,"maxIterations":200,"isSubAgent":true}
01:59:53 [[32minfo[39m]  Created AgentRuntime: map {"profile":"fantasy_rpg","tools":["map_service","npc_service","... (7 items)"]}
01:59:53 [[32minfo[39m]  Agent initialized: challenge - ChallengeAgent
01:59:53 [[32minfo[39m] [AGENT-START] Agent challenge starting {"agent":"challenge","provider":null,"toolsConfigured":9,"maxIterations":200,"isSubAgent":true}
01:59:53 [[32minfo[39m]  Created AgentRuntime: challenge {"profile":"fantasy_rpg","tools":["challenge_service","numerical_service","... (9 items)"]}
01:59:53 [[32minfo[39m]  Agent initialized: output - OutputAgent
01:59:53 [[32minfo[39m] [AGENT-START] Agent output starting {"agent":"output","provider":null,"toolsConfigured":5,"maxIterations":200,"isSubAgent":true}
01:59:53 [[32minfo[39m]  Created AgentRuntime: output {"profile":"fantasy_rpg","tools":["dialogue_service","dynamic_ui","... (5 items)"]}
01:59:53 [[32minfo[39m]  Agent initialized: quest - QuestAgent
01:59:53 [[32minfo[39m] [AGENT-START] Agent quest starting {"agent":"quest","provider":null,"toolsConfigured":11,"maxIterations":200,"isSubAgent":true}
01:59:53 [[32minfo[39m]  Created AgentRuntime: quest {"profile":"fantasy_rpg","tools":["quest_service","numerical_service","... (11 items)"]}
01:59:53 [[32minfo[39m]  Agent initialized: npc_party - NPCPartyAgent
01:59:53 [[32minfo[39m] [AGENT-START] Agent npc_party starting {"agent":"npc_party","provider":null,"toolsConfigured":9,"maxIterations":200,"isSubAgent":true}
01:59:53 [[32minfo[39m]  Created AgentRuntime: npc_party {"profile":"fantasy_rpg","tools":["npc_service","entity_graph_service","... (9 items)"]}
01:59:53 [[32minfo[39m]  Agent initialized: inventory - InventoryAgent
01:59:53 [[32minfo[39m] [AGENT-START] Agent inventory starting {"agent":"inventory","provider":null,"toolsConfigured":8,"maxIterations":200,"isSubAgent":true}
01:59:53 [[32minfo[39m]  Created AgentRuntime: inventory {"profile":"fantasy_rpg","tools":["inventory_service","template_pool_service","... (8 items)"]}
01:59:53 [[32minfo[39m]  Agent initialized: skill - SkillAgent
01:59:53 [[32minfo[39m] [AGENT-START] Agent skill starting {"agent":"skill","provider":null,"toolsConfigured":7,"maxIterations":200,"isSubAgent":true}
01:59:53 [[32minfo[39m]  Created AgentRuntime: skill {"profile":"fantasy_rpg","tools":["skill_service","template_pool_service","... (7 items)"]}
01:59:53 [[32minfo[39m]  Agent initialized: event - EventAgent
01:59:53 [[32minfo[39m] [AGENT-START] Agent event starting {"agent":"event","provider":null,"toolsConfigured":5,"maxIterations":200,"isSubAgent":true}
01:59:53 [[32minfo[39m]  Created AgentRuntime: event {"profile":"fantasy_rpg","tools":["event_service","game_time_service","... (5 items)"]}
01:59:53 [[32minfo[39m]  Agent initialized: time - TimeAgent
01:59:53 [[32minfo[39m] [AGENT-START] Agent time starting {"agent":"time","provider":null,"toolsConfigured":4,"maxIterations":200,"isSubAgent":true}
01:59:53 [[32minfo[39m]  Created AgentRuntime: time {"profile":"fantasy_rpg","tools":["game_time_service","rule_service","... (4 items)"]}
01:59:53 [[32minfo[39m]  Permissions configured from agent.tools for profile: fantasy_rpg
01:59:53 [[32minfo[39m]  YAML permissions configured
01:59:53 [[32minfo[39m]  Registering AgentRuntime instances to GameMasterAgent...
01:59:53 [[32minfo[39m]  Registered AgentRuntime to Coordinator: gamemaster
01:59:53 [[32minfo[39m]  Registered AgentRuntime to Coordinator: map
01:59:53 [[32minfo[39m]  Registered AgentRuntime to Coordinator: challenge
01:59:53 [[32minfo[39m]  Registered AgentRuntime to Coordinator: output
01:59:53 [[32minfo[39m]  Registered AgentRuntime to Coordinator: quest
01:59:53 [[32minfo[39m]  Registered AgentRuntime to Coordinator: npc_party
01:59:53 [[32minfo[39m]  Registered AgentRuntime to Coordinator: inventory
01:59:53 [[32minfo[39m]  Registered AgentRuntime to Coordinator: skill
01:59:53 [[32minfo[39m]  Registered AgentRuntime to Coordinator: event
01:59:53 [[32minfo[39m]  Registered AgentRuntime to Coordinator: time
01:59:53 [[32minfo[39m]  GameDataExpander configured (manifest path enabled)
01:59:53 [[32minfo[39m]  DedupService configured (dispatch log persistence enabled)
01:59:53 [[32minfo[39m]  Agent system initialized: 10 AgentRuntime instances created
鉁?Agent system initialized with 10 agents
鈿狅笍 YAML Agent system skipped: __vi_import_5__.initializeYamlAgentSystem is not a function
01:59:53 [[32minfo[39m]  Agent routes initialized
01:59:53 [[32minfo[39m]  Save routes initialized
01:59:53 [[32minfo[39m]  Synced template from YAML to DB: cthulhu-investigation
01:59:53 [[32minfo[39m]  Synced template from YAML to DB: cyberpunk-mercenary
01:59:53 [[32minfo[39m]  Synced template from YAML to DB: medieval-fantasy
01:59:53 [[32minfo[39m]  Synced template from YAML to DB: modern-romance
01:59:53 [[32minfo[39m]  Synced template from YAML to DB: xianxia
01:59:53 [[32minfo[39m]  Synced 5 templates from YAML to database
01:59:53 [[32minfo[39m]  Cache refreshed with 5 templates
01:59:53 [[32minfo[39m]  TemplateService loaded {"cachedTemplates":5}
鉁?Template YAML loaded and synced to DB
01:59:53 [[32minfo[39m]  Template routes initialized
鉁?Test environment setup complete
鉁?Database connection closed

 [32m鉁?[39m src/game-systems/entity-graph/__tests__/entity-graph-repository-staging-knex.test.ts [2m ([22m[2m8 tests[22m[2m)[22m[33m 1109[2mms[22m[39m
[90mstdout[2m | tests/save/save.routes.test.ts[2m > [22m[2mSave Routes Integration Tests[2m > [22m[2mDELETE /api/v1/saves/:saveId - Delete Save[2m > [22m[2mshould delete a save[22m[39m
01:59:53 [[32minfo[39m]  Save deleted with all related data {"saveId":"save_Test_Save_1785002393024_3"}
01:59:53 [[32minfo[39m]  DELETE /save_Test_Save_1785002393024_3 200 51ms 719b137b {"method":"DELETE","url":"/save_Test_Save_1785002393024_3","status":200,"duration":"51ms"}

[90mstdout[2m | tests/save/save.routes.test.ts[2m > [22m[2mSave Routes Integration Tests[2m > [22m[2mDELETE /api/v1/saves/:saveId - Delete Save[2m > [22m[2mshould confirm save is deleted (404 on get)[22m[39m
01:59:53 [[31merror[39m]  Failed to load save {"saveId":"save_Test_Save_1785002393024_3","error":"Save not found: save_Test_Save_1785002393024_3"}
01:59:53 [[31merror[39m]  Failed to load save {"saveId":"save_Test_Save_1785002393024_3","error":"Save not found: save_Test_Save_1785002393024_3"}
01:59:53 [[32minfo[39m]  GET /save_Test_Save_1785002393024_3 404 3ms 383e662d {"method":"GET","url":"/save_Test_Save_1785002393024_3","status":404,"duration":"3ms"}

[90mstdout[2m | tests/save/save.routes.test.ts[22m[39m
鉁?Database connection closed

 [32m鉁?[39m tests/save/save.routes.test.ts [2m ([22m[2m34 tests[22m[2m)[22m[33m 2281[2mms[22m[39m
[90mstdout[2m | src/agents/memory/__tests__/procedural-memory-service.test.ts[2m > [22m[2mProceduralMemoryService[2m > [22m[2msave[2m > [22m[2m搴斾繚瀛樼▼搴忓寲璁板繂骞惰繑鍥炲畬鏁村璞?[22m[39m
01:59:53 [[32minfo[39m]  Procedural memory saved {"id":"proc_story_1785002393673_0","agentKey":"story","effectiveness":4}

[90mstdout[2m | src/agents/memory/__tests__/procedural-memory-service.test.ts[2m > [22m[2mProceduralMemoryService[2m > [22m[2msave[2m > [22m[2m搴斿皢 effectiveness 閽充綅鍒?1-5 鑼冨洿[22m[39m
01:59:53 [[32minfo[39m]  Procedural memory saved {"id":"proc_story_1785002393752_1","agentKey":"story","effectiveness":1}
01:59:53 [[32minfo[39m]  Procedural memory saved {"id":"proc_story_1785002393753_2","agentKey":"story","effectiveness":5}

[90mstdout[2m | src/agents/memory/__tests__/procedural-memory-service.test.ts[2m > [22m[2mProceduralMemoryService[2m > [22m[2msave[2m > [22m[2m搴斾娇鐢ㄩ粯璁?effectiveness 3[22m[39m
01:59:53 [[32minfo[39m]  Procedural memory saved {"id":"proc_story_1785002393754_3","agentKey":"story","effectiveness":3}

[90mstdout[2m | src/agents/memory/__tests__/procedural-memory-service.test.ts[2m > [22m[2mProceduralMemoryService[2m > [22m[2mrecall[2m > [22m[2m搴旇繑鍥炴寚瀹?saveId 鍜?agentKey 鐨勬墍鏈夎鍒?[22m[39m
01:59:53 [[32minfo[39m]  Procedural memory saved {"id":"proc_story_1785002393756_4","agentKey":"story","effectiveness":5}
01:59:53 [[32minfo[39m]  Procedural memory saved {"id":"proc_story_1785002393757_5","agentKey":"story","effectiveness":3}
01:59:53 [[32minfo[39m]  Procedural memory saved {"id":"proc_story_1785002393758_6","agentKey":"story","effectiveness":2}

[90mstdout[2m | src/agents/memory/__tests__/procedural-memory-service.test.ts[2m > [22m[2mProceduralMemoryService[2m > [22m[2mrecall[2m > [22m[2m搴旀寜 minEffectiveness 杩囨护[22m[39m
01:59:53 [[32minfo[39m]  Procedural memory saved {"id":"proc_story_1785002393761_7","agentKey":"story","effectiveness":5}
01:59:53 [[32minfo[39m]  Procedural memory saved {"id":"proc_story_1785002393762_8","agentKey":"story","effectiveness":3}
01:59:53 [[32minfo[39m]  Procedural memory saved {"id":"proc_story_1785002393763_9","agentKey":"story","effectiveness":2}

[90mstdout[2m | src/agents/memory/__tests__/procedural-memory-service.test.ts[2m > [22m[2mProceduralMemoryService[2m > [22m[2mrecall[2m > [22m[2m搴旀寜 effectiveness 闄嶅簭銆乽sageCount 闄嶅簭鎺掑垪[22m[39m
01:59:53 [[32minfo[39m]  Procedural memory saved {"id":"proc_story_1785002393766_10","agentKey":"story","effectiveness":5}
01:59:53 [[32minfo[39m]  Procedural memory saved {"id":"proc_story_1785002393767_11","agentKey":"story","effectiveness":3}
01:59:53 [[32minfo[39m]  Procedural memory saved {"id":"proc_story_1785002393778_12","agentKey":"story","effectiveness":2}

[90mstdout[2m | src/agents/memory/__tests__/procedural-memory-service.test.ts[2m > [22m[2mProceduralMemoryService[2m > [22m[2mrecall[2m > [22m[2m搴旀寜 limit 闄愬埗杩斿洖鏁伴噺[22m[39m
01:59:53 [[32minfo[39m]  Procedural memory saved {"id":"proc_story_1785002393779_13","agentKey":"story","effectiveness":5}
01:59:53 [[32minfo[39m]  Procedural memory saved {"id":"proc_story_1785002393780_14","agentKey":"story","effectiveness":3}
01:59:53 [[32minfo[39m]  Procedural memory saved {"id":"proc_story_1785002393781_15","agentKey":"story","effectiveness":2}

[90mstdout[2m | src/agents/memory/__tests__/procedural-memory-service.test.ts[2m > [22m[2mProceduralMemoryService[2m > [22m[2mfindApplicable[2m > [22m[2m搴斿尮閰?context 涓寘鍚?condition 鍏抽敭璇嶇殑瑙勫垯[22m[39m
01:59:53 [[32minfo[39m]  Procedural memory saved {"id":"proc_story_1785002393797_16","agentKey":"story","effectiveness":5}
01:59:53 [[32minfo[39m]  Procedural memory saved {"id":"proc_story_1785002393798_17","agentKey":"story","effectiveness":3}
01:59:53 [[32minfo[39m]  Procedural memory saved {"id":"proc_story_1785002393801_18","agentKey":"story","effectiveness":4}

[90mstdout[2m | src/agents/memory/__tests__/procedural-memory-service.test.ts[2m > [22m[2mProceduralMemoryService[2m > [22m[2mfindApplicable[2m > [22m[2m搴斿尮閰嶅涓叧閿瘝涓殑浠绘剰涓€涓?[22m[39m
01:59:53 [[32minfo[39m]  Procedural memory saved {"id":"proc_story_1785002393803_19","agentKey":"story","effectiveness":5}
01:59:53 [[32minfo[39m]  Procedural memory saved {"id":"proc_story_1785002393804_20","agentKey":"story","effectiveness":3}
01:59:53 [[32minfo[39m]  Procedural memory saved {"id":"proc_story_1785002393804_21","agentKey":"story","effectiveness":4}

[90mstdout[2m | src/agents/memory/__tests__/procedural-memory-service.test.ts[2m > [22m[2mProceduralMemoryService[2m > [22m[2mfindApplicable[2m > [22m[2m鏃犲尮閰嶆椂搴旇繑鍥炵┖鏁扮粍[22m[39m
01:59:53 [[32minfo[39m]  Procedural memory saved {"id":"proc_story_1785002393806_22","agentKey":"story","effectiveness":5}
01:59:53 [[32minfo[39m]  Procedural memory saved {"id":"proc_story_1785002393807_23","agentKey":"story","effectiveness":3}
01:59:53 [[32minfo[39m]  Procedural memory saved {"id":"proc_story_1785002393807_24","agentKey":"story","effectiveness":4}

[90mstdout[2m | src/agents/memory/__tests__/procedural-memory-service.test.ts[2m > [22m[2mProceduralMemoryService[2m > [22m[2mfindApplicable[2m > [22m[2m搴旂粨鍚?minEffectiveness 杩囨护[22m[39m
01:59:53 [[32minfo[39m]  Procedural memory saved {"id":"proc_story_1785002393811_25","agentKey":"story","effectiveness":5}
01:59:53 [[32minfo[39m]  Procedural memory saved {"id":"proc_story_1785002393812_26","agentKey":"story","effectiveness":3}
01:59:53 [[32minfo[39m]  Procedural memory saved {"id":"proc_story_1785002393813_27","agentKey":"story","effectiveness":4}
01:59:53 [[32minfo[39m]  Procedural memory saved {"id":"proc_story_1785002393816_28","agentKey":"story","effectiveness":1}

[90mstdout[2m | src/agents/memory/__tests__/procedural-memory-service.test.ts[2m > [22m[2mProceduralMemoryService[2m > [22m[2mupdateEffectiveness[2m > [22m[2m搴旀寜 delta 璋冩暣 effectiveness[22m[39m
01:59:53 [[32minfo[39m]  Procedural memory saved {"id":"proc_story_1785002393821_29","agentKey":"story","effectiveness":3}

[90mstdout[2m | src/agents/memory/__tests__/procedural-memory-service.test.ts[2m > [22m[2mProceduralMemoryService[2m > [22m[2mupdateEffectiveness[2m > [22m[2m搴斿皢 effectiveness 閽充綅鍒?1-5[22m[39m
01:59:53 [[32minfo[39m]  Procedural memory saved {"id":"proc_story_1785002393832_30","agentKey":"story","effectiveness":5}

[90mstdout[2m | src/agents/memory/__tests__/procedural-memory-service.test.ts[2m > [22m[2mProceduralMemoryService[2m > [22m[2mreinforce[2m > [22m[2m搴旈€掑 usageCount 骞舵洿鏂?lastUsedAt[22m[39m
01:59:53 [[32minfo[39m]  Procedural memory saved {"id":"proc_story_1785002393834_31","agentKey":"story","effectiveness":3}

[90mstdout[2m | src/agents/memory/__tests__/procedural-memory-service.test.ts[2m > [22m[2mProceduralMemoryService[2m > [22m[2mreinforce[2m > [22m[2m澶氭 reinforce 搴旂疮鍔?usageCount[22m[39m
01:59:53 [[32minfo[39m]  Procedural memory saved {"id":"proc_story_1785002393836_32","agentKey":"story","effectiveness":3}

[90mstdout[2m | src/agents/memory/__tests__/procedural-memory-service.test.ts[2m > [22m[2mProceduralMemoryService[2m > [22m[2mprune[2m > [22m[2m搴斿壀鏋濅綆鏁堜笖闀挎湡鏈敤鐨勮鍒?[22m[39m
01:59:53 [[32minfo[39m]  Procedural memory saved {"id":"proc_story_1785002393840_33","agentKey":"story","effectiveness":1}
01:59:53 [[32minfo[39m]  Procedural memory saved {"id":"proc_story_1785002393841_34","agentKey":"story","effectiveness":5}
01:59:53 [[32minfo[39m]  Procedural memories pruned {"agentKey":"story","prunedCount":1}

[90mstdout[2m | src/agents/memory/__tests__/procedural-memory-service.test.ts[2m > [22m[2mProceduralMemoryService[2m > [22m[2mprune[2m > [22m[2m浣庢晥浣嗕娇鐢ㄦ鏁?>= 3 鐨勮鍒欎笉搴旇鍓灊[22m[39m
01:59:53 [[32minfo[39m]  Procedural memory saved {"id":"proc_story_1785002393859_35","agentKey":"story","effectiveness":1}

[90mstdout[2m | src/agents/memory/__tests__/procedural-memory-service.test.ts[2m > [22m[2mProceduralMemoryService[2m > [22m[2mprune[2m > [22m[2m鏃犺鍒欏簲鍓灊鏃跺簲杩斿洖 0[22m[39m
01:59:53 [[32minfo[39m]  Procedural memory saved {"id":"proc_story_1785002393862_36","agentKey":"story","effectiveness":5}

[90mstdout[2m | src/agents/memory/__tests__/procedural-memory-service.test.ts[2m > [22m[2mProceduralMemoryService[2m > [22m[2mgetSummary[2m > [22m[2m搴旇繑鍥炴牸寮忓寲鐨勮鍒欐憳瑕?[22m[39m
01:59:53 [[32minfo[39m]  Procedural memory saved {"id":"proc_story_1785002393863_37","agentKey":"story","effectiveness":5}

[90mstdout[2m | src/agents/memory/__tests__/procedural-memory-service.test.ts[2m > [22m[2mProceduralMemoryService[2m > [22m[2mgetRuleCount[2m > [22m[2m搴旇繑鍥炴纭殑瑙勫垯鏁伴噺[22m[39m
01:59:53 [[32minfo[39m]  Procedural memory saved {"id":"proc_story_1785002393869_38","agentKey":"story","effectiveness":3}
01:59:53 [[32minfo[39m]  Procedural memory saved {"id":"proc_story_1785002393870_39","agentKey":"story","effectiveness":4}

[90mstdout[2m | src/agents/memory/__tests__/procedural-memory-service.test.ts[2m > [22m[2mProceduralMemoryService[2m > [22m[2mcheckAndPruneIfNeeded[2m > [22m[2m瑙勫垯鏁版湭杈鹃槇鍊兼椂搴旇繑鍥?pruned: false[22m[39m
01:59:53 [[32minfo[39m]  Procedural memory saved {"id":"proc_story_1785002393873_40","agentKey":"story","effectiveness":3}

[90mstdout[2m | src/agents/memory/__tests__/procedural-memory-service.test.ts[2m > [22m[2mProceduralMemoryService[2m > [22m[2mcheckAndPruneIfNeeded[2m > [22m[2m瑙勫垯鏁拌揪鍒伴槇鍊兼椂搴旇Е鍙戝壀鏋?[22m[39m
01:59:53 [[32minfo[39m]  Procedural memory saved {"id":"proc_story_1785002393874_41","agentKey":"story","effectiveness":1}
01:59:53 [[32minfo[39m]  Procedural memory saved {"id":"proc_story_1785002393874_42","agentKey":"story","effectiveness":1}
01:59:53 [[32minfo[39m]  Procedural memory saved {"id":"proc_story_1785002393875_43","agentKey":"story","effectiveness":1}
01:59:53 [[32minfo[39m]  Procedural memory saved {"id":"proc_story_1785002393875_44","agentKey":"story","effectiveness":5}
01:59:53 [[32minfo[39m]  Procedural memory saved {"id":"proc_story_1785002393876_45","agentKey":"story","effectiveness":5}
01:59:53 [[32minfo[39m]  Procedural memory threshold reached, triggering prune {"agentKey":"story","count":5,"threshold":3}
01:59:53 [[32minfo[39m]  Procedural memories pruned {"agentKey":"story","prunedCount":3}

[90mstdout[2m | src/agents/memory/__tests__/procedural-memory-service.test.ts[2m > [22m[2mProceduralMemoryService[2m > [22m[2mdelete[2m > [22m[2m搴斿垹闄ゆ寚瀹氳鍒欏苟杩斿洖 true[22m[39m
01:59:53 [[32minfo[39m]  Procedural memory saved {"id":"proc_story_1785002393879_46","agentKey":"story","effectiveness":1}

[90mstdout[2m | src/agents/memory/__tests__/procedural-memory-service.test.ts[22m[39m
01:59:53 [[32minfo[39m]  Help registry loaded: 22 tools {"tools":["batch_query_service","challenge_service","... (22 items)"]}
01:59:53 [[32minfo[39m]  Creating GameMasterAgent (as AgentRuntime with isSubAgent=false)
01:59:53 [[32minfo[39m]  Handler subscribed {"eventType":"dialogue"}
01:59:53 [[32minfo[39m]  Handler subscribed {"eventType":"combat_end"}
01:59:53 [[32minfo[39m]  AwarenessAutoSubscriber subscribed to dialogue + combat_end events
01:59:53 [[32minfo[39m]  Agent initialized: gamemaster - GameMasterAgent
01:59:53 [[32minfo[39m] [AGENT-START] Agent gamemaster starting {"agent":"gamemaster","provider":null,"toolsConfigured":1,"maxIterations":200,"isSubAgent":false}
01:59:53 [[32minfo[39m]  Handler subscribed {"eventType":"chapter_advanced"}
01:59:53 [[32minfo[39m]  Creating AgentRuntime instances from default profile: fantasy_rpg
01:59:53 [[32minfo[39m]  Creating agents from profile: fantasy_rpg {"agentCount":10}
01:59:53 [[32minfo[39m]  Agent initialized: gamemaster - GameMasterAgent
01:59:53 [[32minfo[39m] [AGENT-START] Agent gamemaster starting {"agent":"gamemaster","provider":null,"toolsConfigured":1,"maxIterations":200,"isSubAgent":false}
01:59:53 [[32minfo[39m]  Created AgentRuntime: gamemaster {"profile":"fantasy_rpg","tools":["all"]}
01:59:53 [[32minfo[39m]  Agent initialized: map - MapAgent
01:59:53 [[32minfo[39m] [AGENT-START] Agent map starting {"agent":"map","provider":null,"toolsConfigured":7,"maxIterations":200,"isSubAgent":true}
01:59:53 [[32minfo[39m]  Created AgentRuntime: map {"profile":"fantasy_rpg","tools":["map_service","npc_service","... (7 items)"]}
01:59:53 [[32minfo[39m]  Agent initialized: challenge - ChallengeAgent
01:59:53 [[32minfo[39m] [AGENT-START] Agent challenge starting {"agent":"challenge","provider":null,"toolsConfigured":9,"maxIterations":200,"isSubAgent":true}
01:59:53 [[32minfo[39m]  Created AgentRuntime: challenge {"profile":"fantasy_rpg","tools":["challenge_service","numerical_service","... (9 items)"]}
01:59:53 [[32minfo[39m]  Agent initialized: output - OutputAgent
01:59:53 [[32minfo[39m] [AGENT-START] Agent output starting {"agent":"output","provider":null,"toolsConfigured":5,"maxIterations":200,"isSubAgent":true}
01:59:53 [[32minfo[39m]  Created AgentRuntime: output {"profile":"fantasy_rpg","tools":["dialogue_service","dynamic_ui","... (5 items)"]}
01:59:53 [[32minfo[39m]  Agent initialized: quest - QuestAgent
01:59:53 [[32minfo[39m] [AGENT-START] Agent quest starting {"agent":"quest","provider":null,"toolsConfigured":11,"maxIterations":200,"isSubAgent":true}
01:59:53 [[32minfo[39m]  Created AgentRuntime: quest {"profile":"fantasy_rpg","tools":["quest_service","numerical_service","... (11 items)"]}
01:59:53 [[32minfo[39m]  Agent initialized: npc_party - NPCPartyAgent
01:59:53 [[32minfo[39m] [AGENT-START] Agent npc_party starting {"agent":"npc_party","provider":null,"toolsConfigured":9,"maxIterations":200,"isSubAgent":true}
01:59:53 [[32minfo[39m]  Created AgentRuntime: npc_party {"profile":"fantasy_rpg","tools":["npc_service","entity_graph_service","... (9 items)"]}
01:59:53 [[32minfo[39m]  Agent initialized: inventory - InventoryAgent
01:59:53 [[32minfo[39m] [AGENT-START] Agent inventory starting {"agent":"inventory","provider":null,"toolsConfigured":8,"maxIterations":200,"isSubAgent":true}
01:59:53 [[32minfo[39m]  Created AgentRuntime: inventory {"profile":"fantasy_rpg","tools":["inventory_service","template_pool_service","... (8 items)"]}
01:59:53 [[32minfo[39m]  Agent initialized: skill - SkillAgent
01:59:53 [[32minfo[39m] [AGENT-START] Agent skill starting {"agent":"skill","provider":null,"toolsConfigured":7,"maxIterations":200,"isSubAgent":true}
01:59:53 [[32minfo[39m]  Created AgentRuntime: skill {"profile":"fantasy_rpg","tools":["skill_service","template_pool_service","... (7 items)"]}
01:59:53 [[32minfo[39m]  Agent initialized: event - EventAgent
01:59:53 [[32minfo[39m] [AGENT-START] Agent event starting {"agent":"event","provider":null,"toolsConfigured":5,"maxIterations":200,"isSubAgent":true}
01:59:53 [[32minfo[39m]  Created AgentRuntime: event {"profile":"fantasy_rpg","tools":["event_service","game_time_service","... (5 items)"]}
01:59:53 [[32minfo[39m]  Agent initialized: time - TimeAgent
01:59:53 [[32minfo[39m] [AGENT-START] Agent time starting {"agent":"time","provider":null,"toolsConfigured":4,"maxIterations":200,"isSubAgent":true}
01:59:53 [[32minfo[39m]  Created AgentRuntime: time {"profile":"fantasy_rpg","tools":["game_time_service","rule_service","... (4 items)"]}
01:59:53 [[32minfo[39m]  Permissions configured from agent.tools for profile: fantasy_rpg
01:59:53 [[32minfo[39m]  YAML permissions configured
01:59:53 [[32minfo[39m]  Registering AgentRuntime instances to GameMasterAgent...
01:59:53 [[32minfo[39m]  Registered AgentRuntime to Coordinator: gamemaster
01:59:53 [[32minfo[39m]  Registered AgentRuntime to Coordinator: map
01:59:53 [[32minfo[39m]  Registered AgentRuntime to Coordinator: challenge
01:59:53 [[32minfo[39m]  Registered AgentRuntime to Coordinator: output
01:59:53 [[32minfo[39m]  Registered AgentRuntime to Coordinator: quest
01:59:53 [[32minfo[39m]  Registered AgentRuntime to Coordinator: npc_party
01:59:53 [[32minfo[39m]  Registered AgentRuntime to Coordinator: inventory
01:59:53 [[32minfo[39m]  Registered AgentRuntime to Coordinator: skill
01:59:53 [[32minfo[39m]  Registered AgentRuntime to Coordinator: event
01:59:53 [[32minfo[39m]  Registered AgentRuntime to Coordinator: time
01:59:53 [[32minfo[39m]  GameDataExpander configured (manifest path enabled)
01:59:53 [[32minfo[39m]  DedupService configured (dispatch log persistence enabled)
01:59:53 [[32minfo[39m]  Agent system initialized: 10 AgentRuntime instances created
鉁?Agent system initialized with 10 agents
鈿狅笍 YAML Agent system skipped: __vi_import_5__.initializeYamlAgentSystem is not a function
01:59:53 [[32minfo[39m]  Agent routes initialized
01:59:53 [[32minfo[39m]  Save routes initialized
01:59:53 [[32minfo[39m]  Synced template from YAML to DB: cthulhu-investigation
01:59:53 [[32minfo[39m]  Synced template from YAML to DB: cyberpunk-mercenary
01:59:53 [[32minfo[39m]  Synced template from YAML to DB: medieval-fantasy
01:59:53 [[32minfo[39m]  Synced template from YAML to DB: modern-romance
01:59:53 [[32minfo[39m]  Synced template from YAML to DB: xianxia
01:59:53 [[32minfo[39m]  Synced 5 templates from YAML to database
01:59:53 [[32minfo[39m]  Cache refreshed with 5 templates
01:59:53 [[32minfo[39m]  TemplateService loaded {"cachedTemplates":5}
鉁?Template YAML loaded and synced to DB
01:59:53 [[32minfo[39m]  Template routes initialized
鉁?Test environment setup complete
鉁?Database connection closed

 [32m鉁?[39m src/agents/memory/__tests__/procedural-memory-service.test.ts [2m ([22m[2m28 tests[22m[2m)[22m[33m 2042[2mms[22m[39m
[90mstdout[2m | src/game-systems/skill/__tests__/skill-duplicate-prevention.test.ts[22m[39m
馃И Setting up comprehensive test environment...
鉁?Database connected
Running migration: 001_init.ts

[90mstdout[2m | tests/template/template.routes.test.ts[22m[39m
01:59:53 [[32minfo[39m]  Help registry loaded: 22 tools {"tools":["batch_query_service","challenge_service","... (22 items)"]}
01:59:53 [[32minfo[39m]  Creating GameMasterAgent (as AgentRuntime with isSubAgent=false)
01:59:53 [[32minfo[39m]  Handler subscribed {"eventType":"dialogue"}
01:59:53 [[32minfo[39m]  Handler subscribed {"eventType":"combat_end"}
01:59:53 [[32minfo[39m]  AwarenessAutoSubscriber subscribed to dialogue + combat_end events
01:59:53 [[32minfo[39m]  Agent initialized: gamemaster - GameMasterAgent
01:59:53 [[32minfo[39m] [AGENT-START] Agent gamemaster starting {"agent":"gamemaster","provider":null,"toolsConfigured":1,"maxIterations":200,"isSubAgent":false}
01:59:53 [[32minfo[39m]  Handler subscribed {"eventType":"chapter_advanced"}
01:59:53 [[32minfo[39m]  Creating AgentRuntime instances from default profile: fantasy_rpg
01:59:53 [[32minfo[39m]  Creating agents from profile: fantasy_rpg {"agentCount":10}
01:59:53 [[32minfo[39m]  Agent initialized: gamemaster - GameMasterAgent
01:59:53 [[32minfo[39m] [AGENT-START] Agent gamemaster starting {"agent":"gamemaster","provider":null,"toolsConfigured":1,"maxIterations":200,"isSubAgent":false}
01:59:53 [[32minfo[39m]  Created AgentRuntime: gamemaster {"profile":"fantasy_rpg","tools":["all"]}
01:59:53 [[32minfo[39m]  Agent initialized: map - MapAgent
01:59:53 [[32minfo[39m] [AGENT-START] Agent map starting {"agent":"map","provider":null,"toolsConfigured":7,"maxIterations":200,"isSubAgent":true}
01:59:53 [[32minfo[39m]  Created AgentRuntime: map {"profile":"fantasy_rpg","tools":["map_service","npc_service","... (7 items)"]}
01:59:53 [[32minfo[39m]  Agent initialized: challenge - ChallengeAgent
01:59:53 [[32minfo[39m] [AGENT-START] Agent challenge starting {"agent":"challenge","provider":null,"toolsConfigured":9,"maxIterations":200,"isSubAgent":true}
01:59:53 [[32minfo[39m]  Created AgentRuntime: challenge {"profile":"fantasy_rpg","tools":["challenge_service","numerical_service","... (9 items)"]}
01:59:53 [[32minfo[39m]  Agent initialized: output - OutputAgent
01:59:53 [[32minfo[39m] [AGENT-START] Agent output starting {"agent":"output","provider":null,"toolsConfigured":5,"maxIterations":200,"isSubAgent":true}
01:59:53 [[32minfo[39m]  Created AgentRuntime: output {"profile":"fantasy_rpg","tools":["dialogue_service","dynamic_ui","... (5 items)"]}
01:59:53 [[32minfo[39m]  Agent initialized: quest - QuestAgent
01:59:53 [[32minfo[39m] [AGENT-START] Agent quest starting {"agent":"quest","provider":null,"toolsConfigured":11,"maxIterations":200,"isSubAgent":true}
01:59:53 [[32minfo[39m]  Created AgentRuntime: quest {"profile":"fantasy_rpg","tools":["quest_service","numerical_service","... (11 items)"]}
01:59:53 [[32minfo[39m]  Agent initialized: npc_party - NPCPartyAgent
01:59:53 [[32minfo[39m] [AGENT-START] Agent npc_party starting {"agent":"npc_party","provider":null,"toolsConfigured":9,"maxIterations":200,"isSubAgent":true}
01:59:53 [[32minfo[39m]  Created AgentRuntime: npc_party {"profile":"fantasy_rpg","tools":["npc_service","entity_graph_service","... (9 items)"]}
01:59:53 [[32minfo[39m]  Agent initialized: inventory - InventoryAgent
01:59:53 [[32minfo[39m] [AGENT-START] Agent inventory starting {"agent":"inventory","provider":null,"toolsConfigured":8,"maxIterations":200,"isSubAgent":true}
01:59:53 [[32minfo[39m]  Created AgentRuntime: inventory {"profile":"fantasy_rpg","tools":["inventory_service","template_pool_service","... (8 items)"]}
01:59:53 [[32minfo[39m]  Agent initialized: skill - SkillAgent
01:59:53 [[32minfo[39m] [AGENT-START] Agent skill starting {"agent":"skill","provider":null,"toolsConfigured":7,"maxIterations":200,"isSubAgent":true}
01:59:53 [[32minfo[39m]  Created AgentRuntime: skill {"profile":"fantasy_rpg","tools":["skill_service","template_pool_service","... (7 items)"]}
01:59:53 [[32minfo[39m]  Agent initialized: event - EventAgent
01:59:53 [[32minfo[39m] [AGENT-START] Agent event starting {"agent":"event","provider":null,"toolsConfigured":5,"maxIterations":200,"isSubAgent":true}
01:59:53 [[32minfo[39m]  Created AgentRuntime: event {"profile":"fantasy_rpg","tools":["event_service","game_time_service","... (5 items)"]}
01:59:53 [[32minfo[39m]  Agent initialized: time - TimeAgent
01:59:53 [[32minfo[39m] [AGENT-START] Agent time starting {"agent":"time","provider":null,"toolsConfigured":4,"maxIterations":200,"isSubAgent":true}
01:59:53 [[32minfo[39m]  Created AgentRuntime: time {"profile":"fantasy_rpg","tools":["game_time_service","rule_service","... (4 items)"]}
01:59:53 [[32minfo[39m]  Permissions configured from agent.tools for profile: fantasy_rpg
01:59:53 [[32minfo[39m]  YAML permissions configured
01:59:53 [[32minfo[39m]  Registering AgentRuntime instances to GameMasterAgent...
01:59:53 [[32minfo[39m]  Registered AgentRuntime to Coordinator: gamemaster
01:59:53 [[32minfo[39m]  Registered AgentRuntime to Coordinator: map
01:59:53 [[32minfo[39m]  Registered AgentRuntime to Coordinator: challenge
01:59:53 [[32minfo[39m]  Registered AgentRuntime to Coordinator: output
01:59:53 [[32minfo[39m]  Registered AgentRuntime to Coordinator: quest
01:59:53 [[32minfo[39m]  Registered AgentRuntime to Coordinator: npc_party
01:59:53 [[32minfo[39m]  Registered AgentRuntime to Coordinator: inventory
01:59:53 [[32minfo[39m]  Registered AgentRuntime to Coordinator: skill
01:59:53 [[32minfo[39m]  Registered AgentRuntime to Coordinator: event
01:59:53 [[32minfo[39m]  Registered AgentRuntime to Coordinator: time
01:59:53 [[32minfo[39m]  GameDataExpander configured (manifest path enabled)
01:59:53 [[32minfo[39m]  DedupService configured (dispatch log persistence enabled)
01:59:53 [[32minfo[39m]  Agent system initialized: 10 AgentRuntime instances created
鉁?Agent system initialized with 10 agents
鈿狅笍 YAML Agent system skipped: __vi_import_5__.initializeYamlAgentSystem is not a function
01:59:53 [[32minfo[39m]  Agent routes initialized
01:59:53 [[32minfo[39m]  Save routes initialized
01:59:53 [[32minfo[39m]  Synced template from YAML to DB: cthulhu-investigation
01:59:53 [[32minfo[39m]  Synced template from YAML to DB: cyberpunk-mercenary
01:59:53 [[32minfo[39m]  Synced template from YAML to DB: medieval-fantasy
01:59:53 [[32minfo[39m]  Synced template from YAML to DB: modern-romance
01:59:53 [[32minfo[39m]  Synced template from YAML to DB: xianxia
01:59:53 [[32minfo[39m]  Synced 5 templates from YAML to database
01:59:54 [[32minfo[39m]  Cache refreshed with 5 templates
01:59:54 [[32minfo[39m]  TemplateService loaded {"cachedTemplates":5}
鉁?Template YAML loaded and synced to DB
01:59:54 [[32minfo[39m]  Template routes initialized
鉁?Test environment setup complete

[90mstdout[2m | src/services/__tests__/ShadowStateLayer-character-skills.test.ts[22m[39m
01:59:53 [[32minfo[39m]  Help registry loaded: 22 tools {"tools":["batch_query_service","challenge_service","... (22 items)"]}
01:59:53 [[32minfo[39m]  Creating GameMasterAgent (as AgentRuntime with isSubAgent=false)
01:59:53 [[32minfo[39m]  Handler subscribed {"eventType":"dialogue"}
01:59:53 [[32minfo[39m]  Handler subscribed {"eventType":"combat_end"}
01:59:53 [[32minfo[39m]  AwarenessAutoSubscriber subscribed to dialogue + combat_end events
01:59:53 [[32minfo[39m]  Agent initialized: gamemaster - GameMasterAgent
01:59:53 [[32minfo[39m] [AGENT-START] Agent gamemaster starting {"agent":"gamemaster","provider":null,"toolsConfigured":1,"maxIterations":200,"isSubAgent":false}
01:59:53 [[32minfo[39m]  Handler subscribed {"eventType":"chapter_advanced"}
01:59:53 [[32minfo[39m]  Creating AgentRuntime instances from default profile: fantasy_rpg
01:59:53 [[32minfo[39m]  Creating agents from profile: fantasy_rpg {"agentCount":10}
01:59:53 [[32minfo[39m]  Agent initialized: gamemaster - GameMasterAgent
01:59:53 [[32minfo[39m] [AGENT-START] Agent gamemaster starting {"agent":"gamemaster","provider":null,"toolsConfigured":1,"maxIterations":200,"isSubAgent":false}
01:59:53 [[32minfo[39m]  Created AgentRuntime: gamemaster {"profile":"fantasy_rpg","tools":["all"]}
01:59:53 [[32minfo[39m]  Agent initialized: map - MapAgent
01:59:53 [[32minfo[39m] [AGENT-START] Agent map starting {"agent":"map","provider":null,"toolsConfigured":7,"maxIterations":200,"isSubAgent":true}
01:59:53 [[32minfo[39m]  Created AgentRuntime: map {"profile":"fantasy_rpg","tools":["map_service","npc_service","... (7 items)"]}
01:59:53 [[32minfo[39m]  Agent initialized: challenge - ChallengeAgent
01:59:53 [[32minfo[39m] [AGENT-START] Agent challenge starting {"agent":"challenge","provider":null,"toolsConfigured":9,"maxIterations":200,"isSubAgent":true}
01:59:53 [[32minfo[39m]  Created AgentRuntime: challenge {"profile":"fantasy_rpg","tools":["challenge_service","numerical_service","... (9 items)"]}
01:59:53 [[32minfo[39m]  Agent initialized: output - OutputAgent
01:59:53 [[32minfo[39m] [AGENT-START] Agent output starting {"agent":"output","provider":null,"toolsConfigured":5,"maxIterations":200,"isSubAgent":true}
01:59:53 [[32minfo[39m]  Created AgentRuntime: output {"profile":"fantasy_rpg","tools":["dialogue_service","dynamic_ui","... (5 items)"]}
01:59:53 [[32minfo[39m]  Agent initialized: quest - QuestAgent
01:59:53 [[32minfo[39m] [AGENT-START] Agent quest starting {"agent":"quest","provider":null,"toolsConfigured":11,"maxIterations":200,"isSubAgent":true}
01:59:53 [[32minfo[39m]  Created AgentRuntime: quest {"profile":"fantasy_rpg","tools":["quest_service","numerical_service","... (11 items)"]}
01:59:53 [[32minfo[39m]  Agent initialized: npc_party - NPCPartyAgent
01:59:53 [[32minfo[39m] [AGENT-START] Agent npc_party starting {"agent":"npc_party","provider":null,"toolsConfigured":9,"maxIterations":200,"isSubAgent":true}
01:59:53 [[32minfo[39m]  Created AgentRuntime: npc_party {"profile":"fantasy_rpg","tools":["npc_service","entity_graph_service","... (9 items)"]}
01:59:53 [[32minfo[39m]  Agent initialized: inventory - InventoryAgent
01:59:53 [[32minfo[39m] [AGENT-START] Agent inventory starting {"agent":"inventory","provider":null,"toolsConfigured":8,"maxIterations":200,"isSubAgent":true}
01:59:53 [[32minfo[39m]  Created AgentRuntime: inventory {"profile":"fantasy_rpg","tools":["inventory_service","template_pool_service","... (8 items)"]}
01:59:53 [[32minfo[39m]  Agent initialized: skill - SkillAgent
01:59:53 [[32minfo[39m] [AGENT-START] Agent skill starting {"agent":"skill","provider":null,"toolsConfigured":7,"maxIterations":200,"isSubAgent":true}
01:59:53 [[32minfo[39m]  Created AgentRuntime: skill {"profile":"fantasy_rpg","tools":["skill_service","template_pool_service","... (7 items)"]}
01:59:53 [[32minfo[39m]  Agent initialized: event - EventAgent
01:59:53 [[32minfo[39m] [AGENT-START] Agent event starting {"agent":"event","provider":null,"toolsConfigured":5,"maxIterations":200,"isSubAgent":true}
01:59:53 [[32minfo[39m]  Created AgentRuntime: event {"profile":"fantasy_rpg","tools":["event_service","game_time_service","... (5 items)"]}
01:59:53 [[32minfo[39m]  Agent initialized: time - TimeAgent
01:59:53 [[32minfo[39m] [AGENT-START] Agent time starting {"agent":"time","provider":null,"toolsConfigured":4,"maxIterations":200,"isSubAgent":true}
01:59:53 [[32minfo[39m]  Created AgentRuntime: time {"profile":"fantasy_rpg","tools":["game_time_service","rule_service","... (4 items)"]}
01:59:53 [[32minfo[39m]  Permissions configured from agent.tools for profile: fantasy_rpg
01:59:53 [[32minfo[39m]  YAML permissions configured
01:59:53 [[32minfo[39m]  Registering AgentRuntime instances to GameMasterAgent...
01:59:53 [[32minfo[39m]  Registered AgentRuntime to Coordinator: gamemaster
01:59:53 [[32minfo[39m]  Registered AgentRuntime to Coordinator: map
01:59:53 [[32minfo[39m]  Registered AgentRuntime to Coordinator: challenge
01:59:53 [[32minfo[39m]  Registered AgentRuntime to Coordinator: output
01:59:53 [[32minfo[39m]  Registered AgentRuntime to Coordinator: quest
01:59:53 [[32minfo[39m]  Registered AgentRuntime to Coordinator: npc_party
01:59:53 [[32minfo[39m]  Registered AgentRuntime to Coordinator: inventory
01:59:53 [[32minfo[39m]  Registered AgentRuntime to Coordinator: skill
01:59:53 [[32minfo[39m]  Registered AgentRuntime to Coordinator: event
01:59:53 [[32minfo[39m]  Registered AgentRuntime to Coordinator: time
01:59:53 [[32minfo[39m]  GameDataExpander configured (manifest path enabled)
01:59:53 [[32minfo[39m]  DedupService configured (dispatch log persistence enabled)
01:59:53 [[32minfo[39m]  Agent system initialized: 10 AgentRuntime instances created
鉁?Agent system initialized with 10 agents
鈿狅笍 YAML Agent system skipped: __vi_import_5__.initializeYamlAgentSystem is not a function
01:59:53 [[32minfo[39m]  Agent routes initialized
01:59:53 [[32minfo[39m]  Save routes initialized
01:59:53 [[32minfo[39m]  Synced template from YAML to DB: cthulhu-investigation
01:59:53 [[32minfo[39m]  Synced template from YAML to DB: cyberpunk-mercenary
01:59:53 [[32minfo[39m]  Synced template from YAML to DB: medieval-fantasy
01:59:53 [[32minfo[39m]  Synced template from YAML to DB: modern-romance
01:59:53 [[32minfo[39m]  Synced template from YAML to DB: xianxia
01:59:53 [[32minfo[39m]  Synced 5 templates from YAML to database
01:59:54 [[32minfo[39m]  Cache refreshed with 5 templates
01:59:54 [[32minfo[39m]  TemplateService loaded {"cachedTemplates":5}
鉁?Template YAML loaded and synced to DB
01:59:54 [[32minfo[39m]  Template routes initialized
鉁?Test environment setup complete
鉁?Database connection closed

 [32m鉁?[39m src/services/__tests__/ShadowStateLayer-character-skills.test.ts [2m ([22m[2m10 tests[22m[2m)[22m[33m 857[2mms[22m[39m
[90mstdout[2m | src/game-systems/skill/__tests__/skill-duplicate-prevention.test.ts[22m[39m
Migration 001_init.ts completed successfully
Running migration: 002_add_equipped_index.ts

[90mstdout[2m | src/game-systems/skill/__tests__/skill-duplicate-prevention.test.ts[22m[39m
Migration 002_add_equipped_index.ts completed successfully
Running migration: 003_fix_information_boundaries_timestamps.ts
Migration 003_fix_information_boundaries_timestamps.ts completed successfully
Running migration: 004_drop_information_boundaries.ts

[90mstdout[2m | src/game-systems/skill/__tests__/skill-duplicate-prevention.test.ts[22m[39m
004_drop_information_boundaries: information_boundaries table not found, skipping migration
004_drop_information_boundaries: cleared custom_data.knowledge from 0 NPCs
Migration 004_drop_information_boundaries.ts completed successfully
Running migration: 005_drop_npc_relations.ts

[90mstdout[2m | src/game-systems/skill/__tests__/skill-duplicate-prevention.test.ts[22m[39m
005_drop_npc_relations: dropped npc_relations table
Migration 005_drop_npc_relations.ts completed successfully
Running migration: 006_awareness_relationship_events_states.ts

[90mstdout[2m | tests/template/template.routes.test.ts[2m > [22m[2mTemplate Routes Integration Tests[2m > [22m[2mGET /api/v1/templates - List Templates[2m > [22m[2mshould return list of templates[22m[39m
01:59:54 [[32minfo[39m]  Cache refreshed with 5 templates
01:59:54 [[32minfo[39m]  GET / 200 112ms a14c4cf9 {"method":"GET","url":"/","status":200,"duration":"112ms"}

[90mstdout[2m | tests/template/template.routes.test.ts[2m > [22m[2mTemplate Routes Integration Tests[2m > [22m[2mGET /api/v1/templates - List Templates[2m > [22m[2meach template should have required fields[22m[39m
01:59:54 [[32minfo[39m]  Cache refreshed with 5 templates
01:59:54 [[32minfo[39m]  GET / 200 103ms 44b8dbeb {"method":"GET","url":"/","status":200,"duration":"103ms"}

[90mstdout[2m | src/agents/memory/__tests__/episodic-memory-service.test.ts[2m > [22m[2mEpisodicMemoryService[2m > [22m[2msave[2m > [22m[2m搴斾繚瀛樻儏鏅蹇嗗苟杩斿洖瀹屾暣瀵硅薄[22m[39m
01:59:54 [[32minfo[39m]  Episodic memory saved {"id":"epi_story_1785002394193_0","agentKey":"story","type":"combat","importance":4}

[90mstdout[2m | src/agents/memory/__tests__/episodic-memory-service.test.ts[2m > [22m[2mEpisodicMemoryService[2m > [22m[2msave[2m > [22m[2m搴斿皢 importance 閽充綅鍒?1-5 鑼冨洿[22m[39m
01:59:54 [[32minfo[39m]  Episodic memory saved {"id":"epi_story_1785002394197_1","agentKey":"story","type":"plot","importance":1}
01:59:54 [[32minfo[39m]  Episodic memory saved {"id":"epi_story_1785002394198_2","agentKey":"story","type":"plot","importance":5}

[90mstdout[2m | src/agents/memory/__tests__/episodic-memory-service.test.ts[2m > [22m[2mEpisodicMemoryService[2m > [22m[2msave[2m > [22m[2m搴斾娇鐢ㄩ粯璁ゅ€煎～鍏呭彲閫夊瓧娈?[22m[39m
01:59:54 [[32minfo[39m]  Episodic memory saved {"id":"epi_story_1785002394199_3","agentKey":"story","type":"dialogue","importance":1}

[90mstdout[2m | src/agents/memory/__tests__/episodic-memory-service.test.ts[2m > [22m[2mEpisodicMemoryService[2m > [22m[2mrecall[2m > [22m[2m搴旇繑鍥炴寚瀹?saveId 鍜?agentKey 鐨勬墍鏈夎蹇?[22m[39m
01:59:54 [[32minfo[39m]  Episodic memory saved {"id":"epi_story_1785002394201_4","agentKey":"story","type":"plot","importance":3}
01:59:54 [[32minfo[39m]  Episodic memory saved {"id":"epi_story_1785002394201_5","agentKey":"story","type":"combat","importance":5}
01:59:54 [[32minfo[39m]  Episodic memory saved {"id":"epi_story_1785002394203_6","agentKey":"story","type":"dialogue","importance":2}

[90mstdout[2m | src/agents/memory/__tests__/episodic-memory-service.test.ts[2m > [22m[2mEpisodicMemoryService[2m > [22m[2mrecall[2m > [22m[2m搴旀寜 type 杩囨护[22m[39m
01:59:54 [[32minfo[39m]  Episodic memory saved {"id":"epi_story_1785002394207_7","agentKey":"story","type":"plot","importance":3}
01:59:54 [[32minfo[39m]  Episodic memory saved {"id":"epi_story_1785002394208_8","agentKey":"story","type":"combat","importance":5}
01:59:54 [[32minfo[39m]  Episodic memory saved {"id":"epi_story_1785002394209_9","agentKey":"story","type":"dialogue","importance":2}

[90mstdout[2m | src/agents/memory/__tests__/episodic-memory-service.test.ts[2m > [22m[2mEpisodicMemoryService[2m > [22m[2mrecall[2m > [22m[2m搴旀寜 minImportance 杩囨护[22m[39m
01:59:54 [[32minfo[39m]  Episodic memory saved {"id":"epi_story_1785002394243_10","agentKey":"story","type":"plot","importance":3}
01:59:54 [[32minfo[39m]  Episodic memory saved {"id":"epi_story_1785002394244_11","agentKey":"story","type":"combat","importance":5}
01:59:54 [[32minfo[39m]  Episodic memory saved {"id":"epi_story_1785002394245_12","agentKey":"story","type":"dialogue","importance":2}

[90mstdout[2m | src/agents/memory/__tests__/episodic-memory-service.test.ts[2m > [22m[2mEpisodicMemoryService[2m > [22m[2mrecall[2m > [22m[2m搴旀寜 limit 闄愬埗杩斿洖鏁伴噺[22m[39m
01:59:54 [[32minfo[39m]  Episodic memory saved {"id":"epi_story_1785002394246_13","agentKey":"story","type":"plot","importance":3}
01:59:54 [[32minfo[39m]  Episodic memory saved {"id":"epi_story_1785002394246_14","agentKey":"story","type":"combat","importance":5}
01:59:54 [[32minfo[39m]  Episodic memory saved {"id":"epi_story_1785002394247_15","agentKey":"story","type":"dialogue","importance":2}

[90mstdout[2m | src/agents/memory/__tests__/episodic-memory-service.test.ts[2m > [22m[2mEpisodicMemoryService[2m > [22m[2mrecall[2m > [22m[2m搴旀寜 importance 闄嶅簭銆乧reatedAt 闄嶅簭鎺掑垪[22m[39m
01:59:54 [[32minfo[39m]  Episodic memory saved {"id":"epi_story_1785002394248_16","agentKey":"story","type":"plot","importance":3}
01:59:54 [[32minfo[39m]  Episodic memory saved {"id":"epi_story_1785002394255_17","agentKey":"story","type":"combat","importance":5}
01:59:54 [[32minfo[39m]  Episodic memory saved {"id":"epi_story_1785002394256_18","agentKey":"story","type":"dialogue","importance":2}

[90mstdout[2m | src/agents/memory/__tests__/episodic-memory-service.test.ts[2m > [22m[2mEpisodicMemoryService[2m > [22m[2mrecall[2m > [22m[2m涓嶅悓 agentKey 搴旇繑鍥炵┖鏁扮粍[22m[39m
01:59:54 [[32minfo[39m]  Episodic memory saved {"id":"epi_story_1785002394258_19","agentKey":"story","type":"plot","importance":3}
01:59:54 [[32minfo[39m]  Episodic memory saved {"id":"epi_story_1785002394259_20","agentKey":"story","type":"combat","importance":5}
01:59:54 [[32minfo[39m]  Episodic memory saved {"id":"epi_story_1785002394259_21","agentKey":"story","type":"dialogue","importance":2}

[90mstdout[2m | src/agents/memory/__tests__/episodic-memory-service.test.ts[2m > [22m[2mEpisodicMemoryService[2m > [22m[2msaveBatch[2m > [22m[2m搴旀壒閲忎繚瀛樹簨瀹炲苟鍘婚噸[22m[39m
01:59:54 [[32minfo[39m]  Episodic memory saved {"id":"epi_story_1785002394261_22","agentKey":"story","type":"plot","importance":3}
01:59:54 [[32minfo[39m]  Episodic memory batch saved {"agentKey":"story","savedCount":2,"skippedDuplicateCount":1}

[90mstdout[2m | src/agents/memory/__tests__/episodic-memory-service.test.ts[2m > [22m[2mEpisodicMemoryService[2m > [22m[2msaveBatch[2m > [22m[2m搴旇烦杩?importance < 2 鐨勪簨瀹?[22m[39m
01:59:54 [[32minfo[39m]  Episodic memory batch saved {"agentKey":"story","savedCount":1,"skippedDuplicateCount":1}

[90mstdout[2m | src/agents/memory/__tests__/episodic-memory-service.test.ts[2m > [22m[2mEpisodicMemoryService[2m > [22m[2msaveBatch[2m > [22m[2m绌轰簨瀹炲垪琛ㄥ簲杩斿洖闆惰鏁?[22m[39m
01:59:54 [[32minfo[39m]  Episodic memory batch saved {"agentKey":"story","savedCount":0,"skippedDuplicateCount":0}

[90mstdout[2m | src/agents/memory/__tests__/episodic-memory-service.test.ts[2m > [22m[2mEpisodicMemoryService[2m > [22m[2msearch[2m > [22m[2m搴旀寜鍏抽敭璇嶆悳绱㈣蹇嗗唴瀹?[22m[39m
01:59:54 [[32minfo[39m]  Episodic memory saved {"id":"epi_story_1785002394290_26","agentKey":"story","type":"item","importance":3}
01:59:54 [[32minfo[39m]  Episodic memory saved {"id":"epi_story_1785002394291_27","agentKey":"story","type":"combat","importance":5}
01:59:54 [[32minfo[39m]  Episodic memory saved {"id":"epi_story_1785002394298_28","agentKey":"story","type":"quest","importance":4}

[90mstdout[2m | src/agents/memory/__tests__/episodic-memory-service.test.ts[2m > [22m[2mEpisodicMemoryService[2m > [22m[2msearch[2m > [22m[2m鏃犲尮閰嶆椂搴旇繑鍥炵┖鏁扮粍[22m[39m
01:59:54 [[32minfo[39m]  Episodic memory saved {"id":"epi_story_1785002394300_29","agentKey":"story","type":"item","importance":3}
01:59:54 [[32minfo[39m]  Episodic memory saved {"id":"epi_story_1785002394301_30","agentKey":"story","type":"combat","importance":5}
01:59:54 [[32minfo[39m]  Episodic memory saved {"id":"epi_story_1785002394301_31","agentKey":"story","type":"quest","importance":4}

[90mstdout[2m | src/agents/memory/__tests__/episodic-memory-service.test.ts[2m > [22m[2mEpisodicMemoryService[2m > [22m[2msearch[2m > [22m[2m搴旀寜 limit 闄愬埗杩斿洖鏁伴噺[22m[39m
01:59:54 [[32minfo[39m]  Episodic memory saved {"id":"epi_story_1785002394302_32","agentKey":"story","type":"item","importance":3}
01:59:54 [[32minfo[39m]  Episodic memory saved {"id":"epi_story_1785002394303_33","agentKey":"story","type":"combat","importance":5}
01:59:54 [[32minfo[39m]  Episodic memory saved {"id":"epi_story_1785002394303_34","agentKey":"story","type":"quest","importance":4}

[90mstdout[2m | src/agents/memory/__tests__/episodic-memory-service.test.ts[2m > [22m[2mEpisodicMemoryService[2m > [22m[2mcompress[2m > [22m[2m搴斿垹闄や綆閲嶈鎬ц蹇嗭紙importance < retainHighImportance锛?[22m[39m
01:59:54 [[32minfo[39m]  Episodic memory saved {"id":"epi_story_1785002394304_35","agentKey":"story","type":"plot","importance":1}
01:59:54 [[32minfo[39m]  Episodic memory saved {"id":"epi_story_1785002394305_36","agentKey":"story","type":"dialogue","importance":2}
01:59:54 [[32minfo[39m]  Episodic memory saved {"id":"epi_story_1785002394305_37","agentKey":"story","type":"combat","importance":5}
01:59:54 [[32minfo[39m]  Episodic memories compressed {"agentKey":"story","compressedCount":2}

[90mstdout[2m | src/agents/memory/__tests__/episodic-memory-service.test.ts[2m > [22m[2mEpisodicMemoryService[2m > [22m[2mcompress[2m > [22m[2m娌℃湁浣庨噸瑕佹€ц蹇嗘椂搴旇繑鍥?0[22m[39m
01:59:54 [[32minfo[39m]  Episodic memory saved {"id":"epi_story_1785002394352_38","agentKey":"story","type":"combat","importance":5}

[90mstdout[2m | src/agents/memory/__tests__/episodic-memory-service.test.ts[2m > [22m[2mEpisodicMemoryService[2m > [22m[2mgetSummary[2m > [22m[2m搴旇繑鍥炴牸寮忓寲鐨勮蹇嗘憳瑕?[22m[39m
01:59:54 [[32minfo[39m]  Episodic memory saved {"id":"epi_story_1785002394356_39","agentKey":"story","type":"combat","importance":5}
01:59:54 [[32minfo[39m]  Episodic memory saved {"id":"epi_story_1785002394356_40","agentKey":"story","type":"item","importance":3}

[90mstdout[2m | src/agents/memory/__tests__/episodic-memory-service.test.ts[2m > [22m[2mEpisodicMemoryService[2m > [22m[2mgetMemoryCount[2m > [22m[2m搴旇繑鍥炴纭殑璁板繂鏁伴噺[22m[39m
01:59:54 [[32minfo[39m]  Episodic memory saved {"id":"epi_story_1785002394361_41","agentKey":"story","type":"plot","importance":3}
01:59:54 [[32minfo[39m]  Episodic memory saved {"id":"epi_story_1785002394362_42","agentKey":"story","type":"quest","importance":4}

[90mstdout[2m | src/agents/memory/__tests__/episodic-memory-service.test.ts[2m > [22m[2mEpisodicMemoryService[2m > [22m[2mcheckAndCompressIfNeeded[2m > [22m[2m璁板繂鏁版湭杈鹃槇鍊兼椂搴旇繑鍥?compressed: false[22m[39m
01:59:54 [[32minfo[39m]  Episodic memory saved {"id":"epi_story_1785002394366_43","agentKey":"story","type":"plot","importance":3}

[90mstdout[2m | src/agents/memory/__tests__/episodic-memory-service.test.ts[2m > [22m[2mEpisodicMemoryService[2m > [22m[2mcheckAndCompressIfNeeded[2m > [22m[2m璁板繂鏁拌揪鍒伴槇鍊兼椂搴旇Е鍙戝帇缂?[22m[39m
01:59:54 [[32minfo[39m]  Episodic memory saved {"id":"epi_story_1785002394411_44","agentKey":"story","type":"plot","importance":1}
01:59:54 [[32minfo[39m]  Episodic memory saved {"id":"epi_story_1785002394412_45","agentKey":"story","type":"plot","importance":1}
01:59:54 [[32minfo[39m]  Episodic memory saved {"id":"epi_story_1785002394413_46","agentKey":"story","type":"plot","importance":1}
01:59:54 [[32minfo[39m]  Episodic memory saved {"id":"epi_story_1785002394413_47","agentKey":"story","type":"plot","importance":5}
01:59:54 [[32minfo[39m]  Episodic memory saved {"id":"epi_story_1785002394414_48","agentKey":"story","type":"plot","importance":5}
01:59:54 [[32minfo[39m]  Episodic memory threshold reached, triggering compression {"agentKey":"story","count":5,"threshold":3}
01:59:54 [[32minfo[39m]  Episodic memories compressed {"agentKey":"story","compressedCount":3}

[90mstdout[2m | src/agents/memory/__tests__/episodic-memory-service.test.ts[2m > [22m[2mEpisodicMemoryService[2m > [22m[2mdelete[2m > [22m[2m搴斿垹闄ゆ寚瀹氳蹇嗗苟杩斿洖 true[22m[39m
01:59:54 [[32minfo[39m]  Episodic memory saved {"id":"epi_story_1785002394419_49","agentKey":"story","type":"plot","importance":1}

[90mstdout[2m | src/agents/memory/__tests__/episodic-memory-service.test.ts[22m[39m
01:59:53 [[32minfo[39m]  Help registry loaded: 22 tools {"tools":["batch_query_service","challenge_service","... (22 items)"]}
01:59:53 [[32minfo[39m]  Creating GameMasterAgent (as AgentRuntime with isSubAgent=false)
01:59:53 [[32minfo[39m]  Handler subscribed {"eventType":"dialogue"}
01:59:53 [[32minfo[39m]  Handler subscribed {"eventType":"combat_end"}
01:59:53 [[32minfo[39m]  AwarenessAutoSubscriber subscribed to dialogue + combat_end events
01:59:53 [[32minfo[39m]  Agent initialized: gamemaster - GameMasterAgent
01:59:53 [[32minfo[39m] [AGENT-START] Agent gamemaster starting {"agent":"gamemaster","provider":null,"toolsConfigured":1,"maxIterations":200,"isSubAgent":false}
01:59:53 [[32minfo[39m]  Handler subscribed {"eventType":"chapter_advanced"}
01:59:53 [[32minfo[39m]  Creating AgentRuntime instances from default profile: fantasy_rpg
01:59:53 [[32minfo[39m]  Creating agents from profile: fantasy_rpg {"agentCount":10}
01:59:53 [[32minfo[39m]  Agent initialized: gamemaster - GameMasterAgent
01:59:53 [[32minfo[39m] [AGENT-START] Agent gamemaster starting {"agent":"gamemaster","provider":null,"toolsConfigured":1,"maxIterations":200,"isSubAgent":false}
01:59:53 [[32minfo[39m]  Created AgentRuntime: gamemaster {"profile":"fantasy_rpg","tools":["all"]}
01:59:53 [[32minfo[39m]  Agent initialized: map - MapAgent
01:59:53 [[32minfo[39m] [AGENT-START] Agent map starting {"agent":"map","provider":null,"toolsConfigured":7,"maxIterations":200,"isSubAgent":true}
01:59:53 [[32minfo[39m]  Created AgentRuntime: map {"profile":"fantasy_rpg","tools":["map_service","npc_service","... (7 items)"]}
01:59:53 [[32minfo[39m]  Agent initialized: challenge - ChallengeAgent
01:59:53 [[32minfo[39m] [AGENT-START] Agent challenge starting {"agent":"challenge","provider":null,"toolsConfigured":9,"maxIterations":200,"isSubAgent":true}
01:59:53 [[32minfo[39m]  Created AgentRuntime: challenge {"profile":"fantasy_rpg","tools":["challenge_service","numerical_service","... (9 items)"]}
01:59:53 [[32minfo[39m]  Agent initialized: output - OutputAgent
01:59:53 [[32minfo[39m] [AGENT-START] Agent output starting {"agent":"output","provider":null,"toolsConfigured":5,"maxIterations":200,"isSubAgent":true}
01:59:53 [[32minfo[39m]  Created AgentRuntime: output {"profile":"fantasy_rpg","tools":["dialogue_service","dynamic_ui","... (5 items)"]}
01:59:53 [[32minfo[39m]  Agent initialized: quest - QuestAgent
01:59:53 [[32minfo[39m] [AGENT-START] Agent quest starting {"agent":"quest","provider":null,"toolsConfigured":11,"maxIterations":200,"isSubAgent":true}
01:59:53 [[32minfo[39m]  Created AgentRuntime: quest {"profile":"fantasy_rpg","tools":["quest_service","numerical_service","... (11 items)"]}
01:59:53 [[32minfo[39m]  Agent initialized: npc_party - NPCPartyAgent
01:59:53 [[32minfo[39m] [AGENT-START] Agent npc_party starting {"agent":"npc_party","provider":null,"toolsConfigured":9,"maxIterations":200,"isSubAgent":true}
01:59:53 [[32minfo[39m]  Created AgentRuntime: npc_party {"profile":"fantasy_rpg","tools":["npc_service","entity_graph_service","... (9 items)"]}
01:59:53 [[32minfo[39m]  Agent initialized: inventory - InventoryAgent
01:59:53 [[32minfo[39m] [AGENT-START] Agent inventory starting {"agent":"inventory","provider":null,"toolsConfigured":8,"maxIterations":200,"isSubAgent":true}
01:59:53 [[32minfo[39m]  Created AgentRuntime: inventory {"profile":"fantasy_rpg","tools":["inventory_service","template_pool_service","... (8 items)"]}
01:59:53 [[32minfo[39m]  Agent initialized: skill - SkillAgent
01:59:53 [[32minfo[39m] [AGENT-START] Agent skill starting {"agent":"skill","provider":null,"toolsConfigured":7,"maxIterations":200,"isSubAgent":true}
01:59:53 [[32minfo[39m]  Created AgentRuntime: skill {"profile":"fantasy_rpg","tools":["skill_service","template_pool_service","... (7 items)"]}
01:59:53 [[32minfo[39m]  Agent initialized: event - EventAgent
01:59:53 [[32minfo[39m] [AGENT-START] Agent event starting {"agent":"event","provider":null,"toolsConfigured":5,"maxIterations":200,"isSubAgent":true}
01:59:53 [[32minfo[39m]  Created AgentRuntime: event {"profile":"fantasy_rpg","tools":["event_service","game_time_service","... (5 items)"]}
01:59:53 [[32minfo[39m]  Agent initialized: time - TimeAgent
01:59:53 [[32minfo[39m] [AGENT-START] Agent time starting {"agent":"time","provider":null,"toolsConfigured":4,"maxIterations":200,"isSubAgent":true}
01:59:53 [[32minfo[39m]  Created AgentRuntime: time {"profile":"fantasy_rpg","tools":["game_time_service","rule_service","... (4 items)"]}
01:59:53 [[32minfo[39m]  Permissions configured from agent.tools for profile: fantasy_rpg
01:59:53 [[32minfo[39m]  YAML permissions configured
01:59:53 [[32minfo[39m]  Registering AgentRuntime instances to GameMasterAgent...
01:59:53 [[32minfo[39m]  Registered AgentRuntime to Coordinator: gamemaster
01:59:53 [[32minfo[39m]  Registered AgentRuntime to Coordinator: map
01:59:53 [[32minfo[39m]  Registered AgentRuntime to Coordinator: challenge
01:59:53 [[32minfo[39m]  Registered AgentRuntime to Coordinator: output
01:59:53 [[32minfo[39m]  Registered AgentRuntime to Coordinator: quest
01:59:53 [[32minfo[39m]  Registered AgentRuntime to Coordinator: npc_party
01:59:53 [[32minfo[39m]  Registered AgentRuntime to Coordinator: inventory
01:59:53 [[32minfo[39m]  Registered AgentRuntime to Coordinator: skill
01:59:53 [[32minfo[39m]  Registered AgentRuntime to Coordinator: event
01:59:53 [[32minfo[39m]  Registered AgentRuntime to Coordinator: time
01:59:53 [[32minfo[39m]  GameDataExpander configured (manifest path enabled)
01:59:53 [[32minfo[39m]  DedupService configured (dispatch log persistence enabled)
01:59:53 [[32minfo[39m]  Agent system initialized: 10 AgentRuntime instances created
鉁?Agent system initialized with 10 agents
鈿狅笍 YAML Agent system skipped: __vi_import_5__.initializeYamlAgentSystem is not a function
01:59:53 [[32minfo[39m]  Agent routes initialized
01:59:53 [[32minfo[39m]  Save routes initialized
01:59:53 [[32minfo[39m]  Synced template from YAML to DB: cthulhu-investigation
01:59:53 [[32minfo[39m]  Synced template from YAML to DB: cyberpunk-mercenary
01:59:53 [[32minfo[39m]  Synced template from YAML to DB: medieval-fantasy
01:59:53 [[32minfo[39m]  Synced template from YAML to DB: modern-romance
01:59:53 [[32minfo[39m]  Synced template from YAML to DB: xianxia
01:59:53 [[32minfo[39m]  Synced 5 templates from YAML to database
01:59:54 [[32minfo[39m]  Cache refreshed with 5 templates
01:59:54 [[32minfo[39m]  TemplateService loaded {"cachedTemplates":5}
鉁?Template YAML loaded and synced to DB
01:59:54 [[32minfo[39m]  Template routes initialized
鉁?Test environment setup complete
鉁?Database connection closed

 [32m鉁?[39m src/agents/memory/__tests__/episodic-memory-service.test.ts [2m ([22m[2m25 tests[22m[2m)[22m[33m 1347[2mms[22m[39m
[90mstdout[2m | tests/template/template.routes.test.ts[2m > [22m[2mTemplate Routes Integration Tests[2m > [22m[2mGET /api/v1/templates/:id - Get Template Detail[2m > [22m[2mshould return template detail[22m[39m
01:59:54 [[32minfo[39m]  Cache refreshed with 5 templates
01:59:54 [[32minfo[39m]  GET /cthulhu-investigation 200 69ms 20c2f336 {"method":"GET","url":"/cthulhu-investigation","status":200,"duration":"69ms"}

[90mstdout[2m | tests/template/template.routes.test.ts[2m > [22m[2mTemplate Routes Integration Tests[2m > [22m[2mGET /api/v1/templates/:id - Get Template Detail[2m > [22m[2mshould return 404 for non-existent template[22m[39m
01:59:54 [[32minfo[39m]  Cache refreshed with 5 templates
01:59:54 [[31merror[39m]  Failed to get template {"id":"nonexistent-template-id","error":"Template not found: nonexistent-template-id"}
01:59:54 [[32minfo[39m]  GET /nonexistent-template-id 404 51ms eabe3c86 {"method":"GET","url":"/nonexistent-template-id","status":404,"duration":"51ms"}

[90mstdout[2m | src/game-systems/skill/__tests__/skill-duplicate-prevention.test.ts[22m[39m
006: created entity_awareness_events table
006: created entity_awareness_states table
006: created entity_relationship_events table
006: created entity_relationship_states table
Migration 006_awareness_relationship_events_states.ts completed successfully
Running migration: 007_add_combat_mode.ts
007: added combat_states.mode column
Migration 007_add_combat_mode.ts completed successfully
Running migration: 008_add_saves_active_challenge_mode.ts
008: added saves.active_challenge_mode column
Migration 008_add_saves_active_challenge_mode.ts completed successfully
All migrations completed
鉁?Migrations completed
All seeds completed
鉁?Seeds completed
01:59:54 [[32minfo[39m]  Starting YAML-driven Agent system initialization
01:59:54 [[32minfo[39m]  Seeding ModelConfigService from environment
01:59:54 [[32minfo[39m]  No DEEPSEEK_API_KEY env var found, skipping env seed
01:59:54 [[32minfo[39m]  Seeded provider from convict config {"providerType":"openai","providerId":"1154f968-dfbe-4552-9bd7-7040b3a61aee","model":"openrouter/free"}
01:59:54 [[32minfo[39m]  Creating LLMService with ModelConfigService
01:59:54 [[32minfo[39m]  Creating ContextService and DecisionLogService instances
01:59:54 [[32minfo[39m]  Initializing YAML-driven Agent profiles...
01:59:54 [[32minfo[39m]  Loading config from directory: C:\Users\super\Documents\trae_projects\AGG-main\packages\backend\config
01:59:54 [[32minfo[39m]  Loaded agent profile: fantasy_rpg
01:59:54 [[32minfo[39m]  Loaded agent profile: minimal_test
01:59:54 [[32minfo[39m]  Loaded 0 non-builtin profiles from database (0 builtin skipped, using YAML)
01:59:54 [[32minfo[39m]  Config loaded successfully: 2 profiles
01:59:54 [[32minfo[39m]  YAML config loaded successfully
01:59:54 [[32minfo[39m]  Context rules loaded {"agentCount":10}
01:59:54 [[32minfo[39m]  Default manifests loaded {"agentTypeCount":6,"manifestCount":8}
01:59:54 [[32minfo[39m]  Context rules file watcher started {"path":"C:\\Users\\super\\Documents\\trae_projects\\AGG-main\\packages\\backend\\config\\agent-context-rules.yaml"}
01:59:54 [[32minfo[39m]  Loaded 10 agent capabilities from YAML profiles
01:59:54 [[32minfo[39m]  ToolRegistry initialized
01:59:54 [[32minfo[39m]  Registering ServiceTools to ToolRegistry
01:59:54 [[32minfo[39m]  Tool registered: game_time_service - GameTime Service (v1.0.0)
01:59:54 [[32minfo[39m]  Tool registered: numerical_service - Numerical Service (v1.0.0)
01:59:54 [[32minfo[39m]  Tool registered: character_service - Character Service (v1.0.0)
01:59:54 [[32minfo[39m]  Tool registered: inventory_service - Inventory Service (v1.0.0)
01:59:54 [[32minfo[39m]  Tool registered: skill_service - Skill Service (v1.1.0)
01:59:54 [[32minfo[39m]  Tool registered: map_service - Map Service (v2.0.0)
01:59:54 [[32minfo[39m]  Tool registered: npc_service - NPC Service (v1.0.0)
01:59:54 [[32minfo[39m]  Tool registered: dialogue_service - Dialogue Service (v1.0.0)
01:59:54 [[32minfo[39m]  Tool registered: quest_service - Quest Service (v1.0.0)
01:59:54 [[32minfo[39m]  Tool registered: challenge_service - Challenge Service (v1.0.0)
01:59:54 [[32minfo[39m]  Tool registered: event_service - Event Service (v1.0.0)
01:59:54 [[32minfo[39m]  Tool registered: story_service - Story Service (v1.0.0)
01:59:54 [[32minfo[39m]  Tool registered: game_init_service - Game Init Service (v2.0.0)
01:59:54 [[32minfo[39m]  Tool registered: batch_query_service - Batch Query Service (v1.0.0)
01:59:54 [[32minfo[39m]  Tool registered: entity_graph_service - Entity Graph Service (v1.0.0)
01:59:54 [[32minfo[39m]  Tool registered: template_pool_service - Template Pool Service (v1.0.0)
01:59:54 [[32minfo[39m]  Tool registered: dynamic_ui - Dynamic UI Service (v1.0.0)
01:59:54 [[32minfo[39m]  Tool registered: generate_options - Generate Options Service (v2.0.0)
01:59:54 [[32minfo[39m]  Tool registered: coordinator_service - Coordinator Service (v1.0.0)
01:59:54 [[32minfo[39m]  Tool registered: rule_service - Rule Service (v1.0.0)
01:59:54 [[32minfo[39m]  Tool registered: skill_loader - Skill Loader (v1.0.0)
01:59:54 [[32minfo[39m]  Tool registered: help_service - Help Service (v1.0.0)
01:59:54 [[32minfo[39m]  Tool registered: memory_service - Memory Service (v1.0.0)
01:59:54 [[32minfo[39m]  Registered 23 ServiceTools to ToolRegistry
01:59:54 [[32minfo[39m]  Tool reference validation passed

[90mstdout[2m | tests/template/template.routes.test.ts[2m > [22m[2mTemplate Routes Integration Tests[2m > [22m[2mPOST /api/v1/templates - Create Template[2m > [22m[2mshould create a new template[22m[39m
01:59:54 [[33mwarn[39m]  Import template with warnings {"warnings":[{"field":"initial_data","message":"initial_data is missing"},{"field":"starting_scene","message":"starting_scene is missing"},{"field":"ai_constraints","message":"ai_constraints is missing"},{"field":"game_rules","message":"game_rules is missing"},{"field":"ui_theme","message":"ui_theme is not defined"},{"field":"ui_layout","message":"ui_layout is not defined"}]}
01:59:54 [[32minfo[39m]  Cache refreshed with 6 templates
01:59:54 [[32minfo[39m]  Template imported successfully {"id":"test-custom-template","name":"Test Custom Template","warnings":6}
01:59:54 [[32minfo[39m]  POST / 201 51ms 266824b7 {"method":"POST","url":"/","status":201,"duration":"51ms"}

[90mstdout[2m | src/services/__tests__/game-service-program-action.test.ts[22m[39m
01:59:53 [[32minfo[39m]  Help registry loaded: 22 tools {"tools":["batch_query_service","challenge_service","... (22 items)"]}
01:59:53 [[32minfo[39m]  Creating GameMasterAgent (as AgentRuntime with isSubAgent=false)
01:59:53 [[32minfo[39m]  Handler subscribed {"eventType":"dialogue"}
01:59:53 [[32minfo[39m]  Handler subscribed {"eventType":"combat_end"}
01:59:53 [[32minfo[39m]  AwarenessAutoSubscriber subscribed to dialogue + combat_end events
01:59:53 [[32minfo[39m]  Agent initialized: gamemaster - GameMasterAgent
01:59:53 [[32minfo[39m] [AGENT-START] Agent gamemaster starting {"agent":"gamemaster","provider":null,"toolsConfigured":1,"maxIterations":200,"isSubAgent":false}
01:59:53 [[32minfo[39m]  Handler subscribed {"eventType":"chapter_advanced"}
01:59:53 [[32minfo[39m]  Creating AgentRuntime instances from default profile: fantasy_rpg
01:59:53 [[32minfo[39m]  Creating agents from profile: fantasy_rpg {"agentCount":10}
01:59:53 [[32minfo[39m]  Agent initialized: gamemaster - GameMasterAgent
01:59:53 [[32minfo[39m] [AGENT-START] Agent gamemaster starting {"agent":"gamemaster","provider":null,"toolsConfigured":1,"maxIterations":200,"isSubAgent":false}
01:59:53 [[32minfo[39m]  Created AgentRuntime: gamemaster {"profile":"fantasy_rpg","tools":["all"]}
01:59:53 [[32minfo[39m]  Agent initialized: map - MapAgent
01:59:53 [[32minfo[39m] [AGENT-START] Agent map starting {"agent":"map","provider":null,"toolsConfigured":7,"maxIterations":200,"isSubAgent":true}
01:59:53 [[32minfo[39m]  Created AgentRuntime: map {"profile":"fantasy_rpg","tools":["map_service","npc_service","... (7 items)"]}
01:59:53 [[32minfo[39m]  Agent initialized: challenge - ChallengeAgent
01:59:53 [[32minfo[39m] [AGENT-START] Agent challenge starting {"agent":"challenge","provider":null,"toolsConfigured":9,"maxIterations":200,"isSubAgent":true}
01:59:53 [[32minfo[39m]  Created AgentRuntime: challenge {"profile":"fantasy_rpg","tools":["challenge_service","numerical_service","... (9 items)"]}
01:59:53 [[32minfo[39m]  Agent initialized: output - OutputAgent
01:59:53 [[32minfo[39m] [AGENT-START] Agent output starting {"agent":"output","provider":null,"toolsConfigured":5,"maxIterations":200,"isSubAgent":true}
01:59:53 [[32minfo[39m]  Created AgentRuntime: output {"profile":"fantasy_rpg","tools":["dialogue_service","dynamic_ui","... (5 items)"]}
01:59:53 [[32minfo[39m]  Agent initialized: quest - QuestAgent
01:59:53 [[32minfo[39m] [AGENT-START] Agent quest starting {"agent":"quest","provider":null,"toolsConfigured":11,"maxIterations":200,"isSubAgent":true}
01:59:53 [[32minfo[39m]  Created AgentRuntime: quest {"profile":"fantasy_rpg","tools":["quest_service","numerical_service","... (11 items)"]}
01:59:53 [[32minfo[39m]  Agent initialized: npc_party - NPCPartyAgent
01:59:53 [[32minfo[39m] [AGENT-START] Agent npc_party starting {"agent":"npc_party","provider":null,"toolsConfigured":9,"maxIterations":200,"isSubAgent":true}
01:59:53 [[32minfo[39m]  Created AgentRuntime: npc_party {"profile":"fantasy_rpg","tools":["npc_service","entity_graph_service","... (9 items)"]}
01:59:53 [[32minfo[39m]  Agent initialized: inventory - InventoryAgent
01:59:53 [[32minfo[39m] [AGENT-START] Agent inventory starting {"agent":"inventory","provider":null,"toolsConfigured":8,"maxIterations":200,"isSubAgent":true}
01:59:53 [[32minfo[39m]  Created AgentRuntime: inventory {"profile":"fantasy_rpg","tools":["inventory_service","template_pool_service","... (8 items)"]}
01:59:53 [[32minfo[39m]  Agent initialized: skill - SkillAgent
01:59:53 [[32minfo[39m] [AGENT-START] Agent skill starting {"agent":"skill","provider":null,"toolsConfigured":7,"maxIterations":200,"isSubAgent":true}
01:59:53 [[32minfo[39m]  Created AgentRuntime: skill {"profile":"fantasy_rpg","tools":["skill_service","template_pool_service","... (7 items)"]}
01:59:53 [[32minfo[39m]  Agent initialized: event - EventAgent
01:59:53 [[32minfo[39m] [AGENT-START] Agent event starting {"agent":"event","provider":null,"toolsConfigured":5,"maxIterations":200,"isSubAgent":true}
01:59:53 [[32minfo[39m]  Created AgentRuntime: event {"profile":"fantasy_rpg","tools":["event_service","game_time_service","... (5 items)"]}
01:59:53 [[32minfo[39m]  Agent initialized: time - TimeAgent
01:59:53 [[32minfo[39m] [AGENT-START] Agent time starting {"agent":"time","provider":null,"toolsConfigured":4,"maxIterations":200,"isSubAgent":true}
01:59:53 [[32minfo[39m]  Created AgentRuntime: time {"profile":"fantasy_rpg","tools":["game_time_service","rule_service","... (4 items)"]}
01:59:53 [[32minfo[39m]  Permissions configured from agent.tools for profile: fantasy_rpg
01:59:53 [[32minfo[39m]  YAML permissions configured
01:59:53 [[32minfo[39m]  Registering AgentRuntime instances to GameMasterAgent...
01:59:53 [[32minfo[39m]  Registered AgentRuntime to Coordinator: gamemaster
01:59:53 [[32minfo[39m]  Registered AgentRuntime to Coordinator: map
01:59:53 [[32minfo[39m]  Registered AgentRuntime to Coordinator: challenge
01:59:53 [[32minfo[39m]  Registered AgentRuntime to Coordinator: output
01:59:53 [[32minfo[39m]  Registered AgentRuntime to Coordinator: quest
01:59:53 [[32minfo[39m]  Registered AgentRuntime to Coordinator: npc_party
01:59:53 [[32minfo[39m]  Registered AgentRuntime to Coordinator: inventory
01:59:53 [[32minfo[39m]  Registered AgentRuntime to Coordinator: skill
01:59:53 [[32minfo[39m]  Registered AgentRuntime to Coordinator: event
01:59:53 [[32minfo[39m]  Registered AgentRuntime to Coordinator: time
01:59:53 [[32minfo[39m]  GameDataExpander configured (manifest path enabled)
01:59:53 [[32minfo[39m]  DedupService configured (dispatch log persistence enabled)
01:59:53 [[32minfo[39m]  Agent system initialized: 10 AgentRuntime instances created
鉁?Agent system initialized with 10 agents
鈿狅笍 YAML Agent system skipped: __vi_import_5__.initializeYamlAgentSystem is not a function
01:59:53 [[32minfo[39m]  Agent routes initialized
01:59:53 [[32minfo[39m]  Save routes initialized
01:59:53 [[32minfo[39m]  Synced template from YAML to DB: cthulhu-investigation
01:59:53 [[32minfo[39m]  Synced template from YAML to DB: cyberpunk-mercenary
01:59:53 [[32minfo[39m]  Synced template from YAML to DB: medieval-fantasy
01:59:53 [[32minfo[39m]  Synced template from YAML to DB: modern-romance
01:59:53 [[32minfo[39m]  Synced template from YAML to DB: xianxia
01:59:53 [[32minfo[39m]  Synced 5 templates from YAML to database
01:59:54 [[32minfo[39m]  Cache refreshed with 5 templates
01:59:54 [[32minfo[39m]  TemplateService loaded {"cachedTemplates":5}
鉁?Template YAML loaded and synced to DB
01:59:54 [[32minfo[39m]  Template routes initialized
鉁?Test environment setup complete
鉁?Database connection closed

 [33m鉂?[39m src/services/__tests__/game-service-program-action.test.ts [2m ([22m[2m13 tests[22m [2m|[22m [31m7 failed[39m[2m)[22m[33m 2504[2mms[22m[39m
[31m   [33m鉂?[31m src/services/__tests__/game-service-program-action.test.ts[2m > [22mhandleProgramAction 璺敱缂栨帓锛堜粠 ChallengeOrchestrator 杩佺Щ锛?[2m > [22m鐢ㄤ緥1: state=null 鏃惰繑鍥?G2_ORCHESTRATION_FAILED锛岄敊璇俊鎭?鏈浜庢寫鎴樹腑"[39m
[31m     鈫?requestRuntime.stagingPool.clear is not a function[39m
[31m   [33m鉂?[31m src/services/__tests__/game-service-program-action.test.ts[2m > [22mhandleProgramAction 璺敱缂栨帓锛堜粠 ChallengeOrchestrator 杩佺Щ锛?[2m > [22m鐢ㄤ緥2: state.active=false 鏃惰繑鍥?G2_ORCHESTRATION_FAILED锛岄敊璇俊鎭?鎸戞垬宸茬粨鏉?[39m
[31m     鈫?requestRuntime.stagingPool.clear is not a function[39m
[31m   [33m鉂?[31m src/services/__tests__/game-service-program-action.test.ts[2m > [22mhandleProgramAction 璺敱缂栨帓锛堜粠 ChallengeOrchestrator 杩佺Щ锛?[2m > [22m鐢ㄤ緥3: narrative_combat 妯″紡鏃惰繑鍥?G2_ORCHESTRATION_FAILED锛岄敊璇俊鎭?涓嶆敮鎸?G2 蹇€熻矾寰?[39m
[31m     鈫?requestRuntime.stagingPool.clear is not a function[39m
[31m   [33m鉂?[31m src/services/__tests__/game-service-program-action.test.ts[2m > [22mhandleProgramAction 璺敱缂栨帓锛堜粠 ChallengeOrchestrator 杩佺Щ锛?[2m > [22m鐢ㄤ緥4: puzzle 妯″紡鏃惰繑鍥?G2_ORCHESTRATION_FAILED[39m
[31m     鈫?requestRuntime.stagingPool.clear is not a function[39m
[31m   [33m鉂?[31m src/services/__tests__/game-service-program-action.test.ts[2m > [22mhandleProgramAction 璺敱缂栨帓锛堜粠 ChallengeOrchestrator 杩佺Щ锛?[2m > [22m鐢ㄤ緥5: mini_game 妯″紡鏃惰繑鍥?G2_ORCHESTRATION_FAILED[39m
[31m     鈫?requestRuntime.stagingPool.clear is not a function[39m
[31m   [33m鉂?[31m src/services/__tests__/game-service-program-action.test.ts[2m > [22mhandleProgramAction 璺敱缂栨帓锛堜粠 ChallengeOrchestrator 杩佺Щ锛?[2m > [22m鐢ㄤ緥6: stealth 妯″紡鏃惰繑鍥?G2_ORCHESTRATION_FAILED[39m
[31m     鈫?requestRuntime.stagingPool.clear is not a function[39m
[31m   [33m鉂?[31m src/services/__tests__/game-service-program-action.test.ts[2m > [22mhandleProgramAction 璺敱缂栨帓锛堜粠 ChallengeOrchestrator 杩佺Щ锛?[2m > [22m鐢ㄤ緥12: challengeProgram.executeTurn 鎶涢敊 鈫?閫忎紶灏佽涓?G2_ORCHESTRATION_FAILED锛屼笉 flush[39m
[31m     鈫?requestRuntime.stagingPool.clear is not a function[39m
[90mstdout[2m | tests/template/template.routes.test.ts[2m > [22m[2mTemplate Routes Integration Tests[2m > [22m[2mPOST /api/v1/templates - Create Template[2m > [22m[2mshould return 400 when data is missing[22m[39m
01:59:54 [[32minfo[39m]  POST / 400 0ms 293f651a {"method":"POST","url":"/","status":400,"duration":"0ms"}

[90mstdout[2m | src/agents/prompt/__tests__/tool-set.test.ts[22m[39m
01:59:53 [[32minfo[39m]  Help registry loaded: 22 tools {"tools":["batch_query_service","challenge_service","... (22 items)"]}
01:59:53 [[32minfo[39m]  Creating GameMasterAgent (as AgentRuntime with isSubAgent=false)
01:59:53 [[32minfo[39m]  Handler subscribed {"eventType":"dialogue"}
01:59:53 [[32minfo[39m]  Handler subscribed {"eventType":"combat_end"}
01:59:53 [[32minfo[39m]  AwarenessAutoSubscriber subscribed to dialogue + combat_end events
01:59:53 [[32minfo[39m]  Agent initialized: gamemaster - GameMasterAgent
01:59:54 [[32minfo[39m] [AGENT-START] Agent gamemaster starting {"agent":"gamemaster","provider":null,"toolsConfigured":1,"maxIterations":200,"isSubAgent":false}
01:59:54 [[32minfo[39m]  Handler subscribed {"eventType":"chapter_advanced"}
01:59:54 [[32minfo[39m]  Creating AgentRuntime instances from default profile: fantasy_rpg
01:59:54 [[32minfo[39m]  Creating agents from profile: fantasy_rpg {"agentCount":10}
01:59:54 [[32minfo[39m]  Agent initialized: gamemaster - GameMasterAgent
01:59:54 [[32minfo[39m] [AGENT-START] Agent gamemaster starting {"agent":"gamemaster","provider":null,"toolsConfigured":1,"maxIterations":200,"isSubAgent":false}
01:59:54 [[32minfo[39m]  Created AgentRuntime: gamemaster {"profile":"fantasy_rpg","tools":["all"]}
01:59:54 [[32minfo[39m]  Agent initialized: map - MapAgent
01:59:54 [[32minfo[39m] [AGENT-START] Agent map starting {"agent":"map","provider":null,"toolsConfigured":7,"maxIterations":200,"isSubAgent":true}
01:59:54 [[32minfo[39m]  Created AgentRuntime: map {"profile":"fantasy_rpg","tools":["map_service","npc_service","... (7 items)"]}
01:59:54 [[32minfo[39m]  Agent initialized: challenge - ChallengeAgent
01:59:54 [[32minfo[39m] [AGENT-START] Agent challenge starting {"agent":"challenge","provider":null,"toolsConfigured":9,"maxIterations":200,"isSubAgent":true}
01:59:54 [[32minfo[39m]  Created AgentRuntime: challenge {"profile":"fantasy_rpg","tools":["challenge_service","numerical_service","... (9 items)"]}
01:59:54 [[32minfo[39m]  Agent initialized: output - OutputAgent
01:59:54 [[32minfo[39m] [AGENT-START] Agent output starting {"agent":"output","provider":null,"toolsConfigured":5,"maxIterations":200,"isSubAgent":true}
01:59:54 [[32minfo[39m]  Created AgentRuntime: output {"profile":"fantasy_rpg","tools":["dialogue_service","dynamic_ui","... (5 items)"]}
01:59:54 [[32minfo[39m]  Agent initialized: quest - QuestAgent
01:59:54 [[32minfo[39m] [AGENT-START] Agent quest starting {"agent":"quest","provider":null,"toolsConfigured":11,"maxIterations":200,"isSubAgent":true}
01:59:54 [[32minfo[39m]  Created AgentRuntime: quest {"profile":"fantasy_rpg","tools":["quest_service","numerical_service","... (11 items)"]}
01:59:54 [[32minfo[39m]  Agent initialized: npc_party - NPCPartyAgent
01:59:54 [[32minfo[39m] [AGENT-START] Agent npc_party starting {"agent":"npc_party","provider":null,"toolsConfigured":9,"maxIterations":200,"isSubAgent":true}
01:59:54 [[32minfo[39m]  Created AgentRuntime: npc_party {"profile":"fantasy_rpg","tools":["npc_service","entity_graph_service","... (9 items)"]}
01:59:54 [[32minfo[39m]  Agent initialized: inventory - InventoryAgent
01:59:54 [[32minfo[39m] [AGENT-START] Agent inventory starting {"agent":"inventory","provider":null,"toolsConfigured":8,"maxIterations":200,"isSubAgent":true}
01:59:54 [[32minfo[39m]  Created AgentRuntime: inventory {"profile":"fantasy_rpg","tools":["inventory_service","template_pool_service","... (8 items)"]}
01:59:54 [[32minfo[39m]  Agent initialized: skill - SkillAgent
01:59:54 [[32minfo[39m] [AGENT-START] Agent skill starting {"agent":"skill","provider":null,"toolsConfigured":7,"maxIterations":200,"isSubAgent":true}
01:59:54 [[32minfo[39m]  Created AgentRuntime: skill {"profile":"fantasy_rpg","tools":["skill_service","template_pool_service","... (7 items)"]}
01:59:54 [[32minfo[39m]  Agent initialized: event - EventAgent
01:59:54 [[32minfo[39m] [AGENT-START] Agent event starting {"agent":"event","provider":null,"toolsConfigured":5,"maxIterations":200,"isSubAgent":true}
01:59:54 [[32minfo[39m]  Created AgentRuntime: event {"profile":"fantasy_rpg","tools":["event_service","game_time_service","... (5 items)"]}
01:59:54 [[32minfo[39m]  Agent initialized: time - TimeAgent
01:59:54 [[32minfo[39m] [AGENT-START] Agent time starting {"agent":"time","provider":null,"toolsConfigured":4,"maxIterations":200,"isSubAgent":true}
01:59:54 [[32minfo[39m]  Created AgentRuntime: time {"profile":"fantasy_rpg","tools":["game_time_service","rule_service","... (4 items)"]}
01:59:54 [[32minfo[39m]  Permissions configured from agent.tools for profile: fantasy_rpg
01:59:54 [[32minfo[39m]  YAML permissions configured
01:59:54 [[32minfo[39m]  Registering AgentRuntime instances to GameMasterAgent...
01:59:54 [[32minfo[39m]  Registered AgentRuntime to Coordinator: gamemaster
01:59:54 [[32minfo[39m]  Registered AgentRuntime to Coordinator: map
01:59:54 [[32minfo[39m]  Registered AgentRuntime to Coordinator: challenge
01:59:54 [[32minfo[39m]  Registered AgentRuntime to Coordinator: output
01:59:54 [[32minfo[39m]  Registered AgentRuntime to Coordinator: quest
01:59:54 [[32minfo[39m]  Registered AgentRuntime to Coordinator: npc_party
01:59:54 [[32minfo[39m]  Registered AgentRuntime to Coordinator: inventory
01:59:54 [[32minfo[39m]  Registered AgentRuntime to Coordinator: skill
01:59:54 [[32minfo[39m]  Registered AgentRuntime to Coordinator: event
01:59:54 [[32minfo[39m]  Registered AgentRuntime to Coordinator: time
01:59:54 [[32minfo[39m]  GameDataExpander configured (manifest path enabled)
01:59:54 [[32minfo[39m]  DedupService configured (dispatch log persistence enabled)
01:59:54 [[32minfo[39m]  Agent system initialized: 10 AgentRuntime instances created
鉁?Agent system initialized with 10 agents
鈿狅笍 YAML Agent system skipped: __vi_import_5__.initializeYamlAgentSystem is not a function
01:59:54 [[32minfo[39m]  Agent routes initialized
01:59:54 [[32minfo[39m]  Save routes initialized
01:59:54 [[32minfo[39m]  Synced template from YAML to DB: cthulhu-investigation
01:59:54 [[32minfo[39m]  Synced template from YAML to DB: cyberpunk-mercenary
01:59:54 [[32minfo[39m]  Synced template from YAML to DB: medieval-fantasy
01:59:54 [[32minfo[39m]  Synced template from YAML to DB: modern-romance
01:59:54 [[32minfo[39m]  Synced template from YAML to DB: xianxia
01:59:54 [[32minfo[39m]  Synced 5 templates from YAML to database
01:59:54 [[32minfo[39m]  Cache refreshed with 5 templates
01:59:54 [[32minfo[39m]  TemplateService loaded {"cachedTemplates":5}
鉁?Template YAML loaded and synced to DB
01:59:54 [[32minfo[39m]  Template routes initialized
鉁?Test environment setup complete
鉁?Database connection closed

 [32m鉁?[39m src/agents/prompt/__tests__/tool-set.test.ts [2m ([22m[2m14 tests[22m[2m)[22m[33m 2042[2mms[22m[39m
[90mstdout[2m | tests/template/template.routes.test.ts[2m > [22m[2mTemplate Routes Integration Tests[2m > [22m[2mPUT /api/v1/templates/:id - Update Template[2m > [22m[2mshould update custom template[22m[39m
01:59:54 [[32minfo[39m]  Cache refreshed with 6 templates
01:59:54 [[32minfo[39m]  Cache refreshed with 6 templates
01:59:54 [[32minfo[39m]  PUT /test-custom-template 200 58ms fec356dc {"method":"PUT","url":"/test-custom-template","status":200,"duration":"58ms"}

[90mstdout[2m | tests/template/template.routes.test.ts[2m > [22m[2mTemplate Routes Integration Tests[2m > [22m[2mPUT /api/v1/templates/:id - Update Template[2m > [22m[2mshould return 400 when no fields provided[22m[39m
01:59:54 [[32minfo[39m]  PUT /test-custom-template 400 1ms dde21f88 {"method":"PUT","url":"/test-custom-template","status":400,"duration":"1ms"}

[90mstdout[2m | src/game-systems/skill/__tests__/skill-duplicate-prevention.test.ts[22m[39m
01:59:54 [[32minfo[39m]  Discovered 187 help files {"dir":"C:\\Users\\super\\Documents\\trae_projects\\AGG-main\\packages\\backend\\config\\agent-help"}

[90mstdout[2m | tests/template/template.routes.test.ts[2m > [22m[2mTemplate Routes Integration Tests[2m > [22m[2mPUT /api/v1/templates/:id - Update Template[2m > [22m[2mshould return 403 when updating builtin template[22m[39m
01:59:54 [[32minfo[39m]  Cache refreshed with 6 templates
01:59:54 [[31merror[39m]  Failed to update template {"id":"cthulhu-investigation","error":"Cannot modify built-in templates"}
01:59:54 [[32minfo[39m]  PUT /cthulhu-investigation 403 45ms c2ffc86e {"method":"PUT","url":"/cthulhu-investigation","status":403,"duration":"45ms"}

[90mstdout[2m | tests/template/template.routes.test.ts[2m > [22m[2mTemplate Routes Integration Tests[2m > [22m[2mPUT /api/v1/templates/:id - Update Template[2m > [22m[2mshould return 404 for non-existent template[22m[39m
01:59:54 [[32minfo[39m]  Cache refreshed with 6 templates
01:59:54 [[31merror[39m]  Failed to update template {"id":"nonexistent-template-id","error":"Template not found: nonexistent-template-id"}
01:59:54 [[32minfo[39m]  PUT /nonexistent-template-id 404 38ms 8f0b1e40 {"method":"PUT","url":"/nonexistent-template-id","status":404,"duration":"38ms"}

[90mstdout[2m | tests/template/template.routes.test.ts[2m > [22m[2mTemplate Routes Integration Tests[2m > [22m[2mGET /api/v1/templates/:id/prompts - Get Template Prompts[2m > [22m[2mshould return template prompts[22m[39m
01:59:54 [[32minfo[39m]  Cache refreshed with 6 templates
01:59:54 [[32minfo[39m]  GET /cthulhu-investigation/prompts 200 85ms d8b8bfc3 {"method":"GET","url":"/cthulhu-investigation/prompts","status":200,"duration":"85ms"}

[90mstdout[2m | tests/template/template.routes.test.ts[2m > [22m[2mTemplate Routes Integration Tests[2m > [22m[2mGET /api/v1/templates/:id/prompts - Get Template Prompts[2m > [22m[2mshould return 404 for non-existent template[22m[39m
01:59:55 [[32minfo[39m]  Cache refreshed with 6 templates
01:59:55 [[31merror[39m]  Failed to get template prompts {"templateId":"nonexistent-template-id","error":"Template not found: nonexistent-template-id"}
01:59:55 [[31merror[39m]  Failed to get template prompts {"id":"nonexistent-template-id","error":"Template not found: nonexistent-template-id"}
01:59:55 [[32minfo[39m]  GET /nonexistent-template-id/prompts 404 100ms 5255c8d8 {"method":"GET","url":"/nonexistent-template-id/prompts","status":404,"duration":"100ms"}

[90mstdout[2m | tests/template/template.routes.test.ts[2m > [22m[2mTemplate Routes Integration Tests[2m > [22m[2mGET /api/v1/templates/:id/game-config - Get Game Config[2m > [22m[2mshould return game config for template[22m[39m
01:59:55 [[32minfo[39m]  Cache refreshed with 6 templates
01:59:55 [[32minfo[39m]  GET /cthulhu-investigation/game-config 200 46ms f1889ea8 {"method":"GET","url":"/cthulhu-investigation/game-config","status":200,"duration":"46ms"}

[90mstdout[2m | tests/template/template.routes.test.ts[2m > [22m[2mTemplate Routes Integration Tests[2m > [22m[2mGET /api/v1/templates/:id/game-config - Get Game Config[2m > [22m[2mshould return 404 for non-existent template[22m[39m
01:59:55 [[32minfo[39m]  Cache refreshed with 6 templates
01:59:55 [[31merror[39m]  Failed to get game config {"id":"nonexistent-template-id","error":"Template not found: nonexistent-template-id"}
01:59:55 [[32minfo[39m]  GET /nonexistent-template-id/game-config 404 44ms fe7aad77 {"method":"GET","url":"/nonexistent-template-id/game-config","status":404,"duration":"44ms"}

[90mstdout[2m | tests/template/template.routes.test.ts[2m > [22m[2mTemplate Routes Integration Tests[2m > [22m[2mGET /api/v1/templates/:id/character-options - Get Character Options[2m > [22m[2mshould return character creation options[22m[39m
01:59:55 [[32minfo[39m]  Cache refreshed with 6 templates
01:59:55 [[32minfo[39m]  GET /cthulhu-investigation/character-options 200 48ms 98985d80 {"method":"GET","url":"/cthulhu-investigation/character-options","status":200,"duration":"48ms"}

[90mstdout[2m | tests/template/template.routes.test.ts[2m > [22m[2mTemplate Routes Integration Tests[2m > [22m[2mGET /api/v1/templates/:id/character-options - Get Character Options[2m > [22m[2mshould return 404 for non-existent template[22m[39m
01:59:55 [[32minfo[39m]  Cache refreshed with 6 templates
01:59:55 [[31merror[39m]  Failed to get character options {"id":"nonexistent-template-id","error":"Template not found: nonexistent-template-id"}
01:59:55 [[32minfo[39m]  GET /nonexistent-template-id/character-options 404 57ms 472b01a5 {"method":"GET","url":"/nonexistent-template-id/character-options","status":404,"duration":"57ms"}

[90mstdout[2m | src/game-systems/skill/__tests__/skill-duplicate-prevention.test.ts[2m > [22m[2mSkillService 鍘婚噸闃叉姢[2m > [22m[2maddPoolSkill: 璁捐鏂囨。 搂3 鐭╅樀 #4 - 鍚?saveId+name 宸插瓨鍦?鈫?澧為噺鏇存柊[2m > [22m[2m宸插瓨鍦?鈫?杩斿洖 alreadyExists=true + warnings 鍚瓧娈电骇 diff[22m[39m
01:59:55 [[32minfo[39m]  Pool skill already exists, applying incremental update {"saveId":"save-001","existingId":"pool_鐏悆鏈痏1784177145648_1","existingName":"鐏悆鏈?}
01:59:55 [[32minfo[39m]  Pool skill incremental update applied {"saveId":"save-001","existingId":"pool_鐏悆鏈痏1784177145648_1","updatedFields":["description","damage","cooldown"],"blockedFields":[]}

[90mstdout[2m | src/game-systems/skill/__tests__/skill-duplicate-prevention.test.ts[2m > [22m[2mSkillService 鍘婚噸闃叉姢[2m > [22m[2maddPoolSkill: 璁捐鏂囨。 搂3 鐭╅樀 #4 - 鍚?saveId+name 宸插瓨鍦?鈫?澧為噺鏇存柊[2m > [22m[2m澧為噺鏇存柊 description + category + cooldown 澶氬瓧娈?[22m[39m
01:59:55 [[32minfo[39m]  Pool skill already exists, applying incremental update {"saveId":"save-001","existingId":"pool_鐏悆鏈痏1784177145648_1","existingName":"鐏悆鏈?}
01:59:55 [[32minfo[39m]  Pool skill incremental update applied {"saveId":"save-001","existingId":"pool_鐏悆鏈痏1784177145648_1","updatedFields":["description","category","cooldown"],"blockedFields":[]}

[90mstdout[2m | src/game-systems/skill/__tests__/skill-duplicate-prevention.test.ts[2m > [22m[2mSkillService 鍘婚噸闃叉姢[2m > [22m[2maddPoolSkill: 璁捐鏂囨。 搂3 鐭╅樀 #4 - 鍚?saveId+name 宸插瓨鍦?鈫?澧為噺鏇存柊[2m > [22m[2m鏃犲瓧娈靛彉鍖?鈫?warnings 鎻愮ず"鏃犲瓧娈靛彉鍖?[22m[39m
01:59:55 [[32minfo[39m]  Pool skill already exists, applying incremental update {"saveId":"save-001","existingId":"pool_鐏悆鏈痏1784177145648_1","existingName":"鐏悆鏈?}
01:59:55 [[32minfo[39m]  Pool skill incremental update applied {"saveId":"save-001","existingId":"pool_鐏悆鏈痏1784177145648_1","updatedFields":[],"blockedFields":[]}

[90mstdout[2m | src/game-systems/skill/__tests__/skill-duplicate-prevention.test.ts[2m > [22m[2mSkillService 鍘婚噸闃叉姢[2m > [22m[2maddPoolSkill: 璁捐鏂囨。 搂3 鐭╅樀 #4 - 鍚?saveId+name 宸插瓨鍦?鈫?澧為噺鏇存柊[2m > [22m[2m涓嶅瓨鍦?鈫?姝ｅ父鍒涘缓娴佺▼锛屾棤 alreadyExists[22m[39m
01:59:55 [[32minfo[39m]  Pool skill added {"saveId":"save-001","poolSkillId":"pool_鏂版妧鑳絖1","name":"鏂版妧鑳?}

[90mstdout[2m | src/game-systems/skill/__tests__/skill-duplicate-prevention.test.ts[2m > [22m[2mSkillService 鍘婚噸闃叉姢[2m > [22m[2mlearnSkill: 璁捐鏂囨。 搂3 鐭╅樀 #5 - 鍚?saveId+ownerId+skillId 宸插涔?鈫?澧為噺鏇存柊[2m > [22m[2m宸插涔?鈫?杩斿洖 alreadyLearned=true + warnings 鍚瓧娈电骇 diff锛坴isible锛?[22m[39m
01:59:55 [[32minfo[39m]  Resolved pool skill (fallback) {"input":"pool_鐏悆鏈痏1","resolved":"pool_鐏悆鏈痏1"}
01:59:55 [[32minfo[39m]  Skill already learned, applying incremental update {"saveId":"save-001","existingId":"skill_鐏悆鏈痏1784177145648_1","skillId":"pool_鐏悆鏈痏1"}
01:59:55 [[32minfo[39m]  Learned skill incremental update applied {"saveId":"save-001","existingId":"skill_鐏悆鏈痏1784177145648_1","updatedFields":["visible"],"blockedFields":[]}

[90mstdout[2m | src/game-systems/skill/__tests__/skill-duplicate-prevention.test.ts[2m > [22m[2mSkillService 鍘婚噸闃叉姢[2m > [22m[2mlearnSkill: 璁捐鏂囨。 搂3 鐭╅樀 #5 - 鍚?saveId+ownerId+skillId 宸插涔?鈫?澧為噺鏇存柊[2m > [22m[2mlearnSkill level + exp 鍙洿鏂帮紙闈為粦鍚嶅崟瀛楁锛?[22m[39m
01:59:55 [[32minfo[39m]  Resolved pool skill (fallback) {"input":"pool_鐏悆鏈痏1","resolved":"pool_鐏悆鏈痏1"}
01:59:55 [[32minfo[39m]  Skill already learned, applying incremental update {"saveId":"save-001","existingId":"skill_鐏悆鏈痏1784177145648_1","skillId":"pool_鐏悆鏈痏1"}
01:59:55 [[32minfo[39m]  Learned skill incremental update applied {"saveId":"save-001","existingId":"skill_鐏悆鏈痏1784177145648_1","updatedFields":["level","experience"],"blockedFields":[]}

[90mstdout[2m | src/game-systems/skill/__tests__/skill-duplicate-prevention.test.ts[2m > [22m[2mSkillService 鍘婚噸闃叉姢[2m > [22m[2mlearnSkill: 璁捐鏂囨。 搂3 鐭╅樀 #5 - 鍚?saveId+ownerId+skillId 宸插涔?鈫?澧為噺鏇存柊[2m > [22m[2mlearnSkill visible + level 鍚屾椂鏇存柊[22m[39m
01:59:55 [[32minfo[39m]  Resolved pool skill (fallback) {"input":"pool_鐏悆鏈痏1","resolved":"pool_鐏悆鏈痏1"}
01:59:55 [[32minfo[39m]  Skill already learned, applying incremental update {"saveId":"save-001","existingId":"skill_鐏悆鏈痏1784177145648_1","skillId":"pool_鐏悆鏈痏1"}
01:59:55 [[32minfo[39m]  Learned skill incremental update applied {"saveId":"save-001","existingId":"skill_鐏悆鏈痏1784177145648_1","updatedFields":["visible","level"],"blockedFields":[]}

[90mstdout[2m | src/game-systems/skill/__tests__/skill-duplicate-prevention.test.ts[2m > [22m[2mSkillService 鍘婚噸闃叉姢[2m > [22m[2mlearnSkill: 璁捐鏂囨。 搂3 鐭╅樀 #5 - 鍚?saveId+ownerId+skillId 宸插涔?鈫?澧為噺鏇存柊[2m > [22m[2mlearnSkill 鏃犲瓧娈靛彉鍖?鈫?warnings 鎻愮ず[22m[39m
01:59:55 [[32minfo[39m]  Resolved pool skill (fallback) {"input":"pool_鐏悆鏈痏1","resolved":"pool_鐏悆鏈痏1"}
01:59:55 [[32minfo[39m]  Skill already learned, applying incremental update {"saveId":"save-001","existingId":"skill_鐏悆鏈痏1784177145648_1","skillId":"pool_鐏悆鏈痏1"}
01:59:55 [[32minfo[39m]  Learned skill incremental update applied {"saveId":"save-001","existingId":"skill_鐏悆鏈痏1784177145648_1","updatedFields":[],"blockedFields":[]}

[90mstdout[2m | src/game-systems/skill/__tests__/skill-duplicate-prevention.test.ts[22m[39m
01:59:55 [[32minfo[39m]  Help registry loaded: 22 tools {"tools":["batch_query_service","challenge_service","... (22 items)"]}
01:59:55 [[32minfo[39m]  Creating GameMasterAgent (as AgentRuntime with isSubAgent=false)
01:59:55 [[32minfo[39m]  Handler subscribed {"eventType":"dialogue"}
01:59:55 [[32minfo[39m]  Handler subscribed {"eventType":"combat_end"}
01:59:55 [[32minfo[39m]  AwarenessAutoSubscriber subscribed to dialogue + combat_end events
01:59:55 [[32minfo[39m]  Agent initialized: gamemaster - GameMasterAgent
01:59:55 [[32minfo[39m] [AGENT-START] Agent gamemaster starting {"agent":"gamemaster","provider":null,"toolsConfigured":1,"maxIterations":200,"isSubAgent":false}
01:59:55 [[32minfo[39m]  Handler subscribed {"eventType":"chapter_advanced"}
01:59:55 [[32minfo[39m]  Creating AgentRuntime instances from default profile: fantasy_rpg
01:59:55 [[32minfo[39m]  Creating agents from profile: fantasy_rpg {"agentCount":10}
01:59:55 [[32minfo[39m]  Agent initialized: gamemaster - GameMasterAgent
01:59:55 [[32minfo[39m] [AGENT-START] Agent gamemaster starting {"agent":"gamemaster","provider":null,"toolsConfigured":1,"maxIterations":200,"isSubAgent":false}
01:59:55 [[32minfo[39m]  Created AgentRuntime: gamemaster {"profile":"fantasy_rpg","tools":["all"]}
01:59:55 [[32minfo[39m]  Agent initialized: map - MapAgent
01:59:55 [[32minfo[39m] [AGENT-START] Agent map starting {"agent":"map","provider":null,"toolsConfigured":7,"maxIterations":200,"isSubAgent":true}
01:59:55 [[32minfo[39m]  Created AgentRuntime: map {"profile":"fantasy_rpg","tools":["map_service","npc_service","... (7 items)"]}
01:59:55 [[32minfo[39m]  Agent initialized: challenge - ChallengeAgent
01:59:55 [[32minfo[39m] [AGENT-START] Agent challenge starting {"agent":"challenge","provider":null,"toolsConfigured":9,"maxIterations":200,"isSubAgent":true}
01:59:55 [[32minfo[39m]  Created AgentRuntime: challenge {"profile":"fantasy_rpg","tools":["challenge_service","numerical_service","... (9 items)"]}
01:59:55 [[32minfo[39m]  Agent initialized: output - OutputAgent
01:59:55 [[32minfo[39m] [AGENT-START] Agent output starting {"agent":"output","provider":null,"toolsConfigured":5,"maxIterations":200,"isSubAgent":true}
01:59:55 [[32minfo[39m]  Created AgentRuntime: output {"profile":"fantasy_rpg","tools":["dialogue_service","dynamic_ui","... (5 items)"]}
01:59:55 [[32minfo[39m]  Agent initialized: quest - QuestAgent
01:59:55 [[32minfo[39m] [AGENT-START] Agent quest starting {"agent":"quest","provider":null,"toolsConfigured":11,"maxIterations":200,"isSubAgent":true}
01:59:55 [[32minfo[39m]  Created AgentRuntime: quest {"profile":"fantasy_rpg","tools":["quest_service","numerical_service","... (11 items)"]}
01:59:55 [[32minfo[39m]  Agent initialized: npc_party - NPCPartyAgent
01:59:55 [[32minfo[39m] [AGENT-START] Agent npc_party starting {"agent":"npc_party","provider":null,"toolsConfigured":9,"maxIterations":200,"isSubAgent":true}
01:59:55 [[32minfo[39m]  Created AgentRuntime: npc_party {"profile":"fantasy_rpg","tools":["npc_service","entity_graph_service","... (9 items)"]}
01:59:55 [[32minfo[39m]  Agent initialized: inventory - InventoryAgent
01:59:55 [[32minfo[39m] [AGENT-START] Agent inventory starting {"agent":"inventory","provider":null,"toolsConfigured":8,"maxIterations":200,"isSubAgent":true}
01:59:55 [[32minfo[39m]  Created AgentRuntime: inventory {"profile":"fantasy_rpg","tools":["inventory_service","template_pool_service","... (8 items)"]}
01:59:55 [[32minfo[39m]  Agent initialized: skill - SkillAgent
01:59:55 [[32minfo[39m] [AGENT-START] Agent skill starting {"agent":"skill","provider":null,"toolsConfigured":7,"maxIterations":200,"isSubAgent":true}
01:59:55 [[32minfo[39m]  Created AgentRuntime: skill {"profile":"fantasy_rpg","tools":["skill_service","template_pool_service","... (7 items)"]}
01:59:55 [[32minfo[39m]  Agent initialized: event - EventAgent
01:59:55 [[32minfo[39m] [AGENT-START] Agent event starting {"agent":"event","provider":null,"toolsConfigured":5,"maxIterations":200,"isSubAgent":true}
01:59:55 [[32minfo[39m]  Created AgentRuntime: event {"profile":"fantasy_rpg","tools":["event_service","game_time_service","... (5 items)"]}
01:59:55 [[32minfo[39m]  Agent initialized: time - TimeAgent
01:59:55 [[32minfo[39m] [AGENT-START] Agent time starting {"agent":"time","provider":null,"toolsConfigured":4,"maxIterations":200,"isSubAgent":true}
01:59:55 [[32minfo[39m]  Created AgentRuntime: time {"profile":"fantasy_rpg","tools":["game_time_service","rule_service","... (4 items)"]}
01:59:55 [[32minfo[39m]  Permissions configured from agent.tools for profile: fantasy_rpg
01:59:55 [[32minfo[39m]  YAML permissions configured
01:59:55 [[32minfo[39m]  Registering AgentRuntime instances to GameMasterAgent...
01:59:55 [[32minfo[39m]  Registered AgentRuntime to Coordinator: gamemaster
01:59:55 [[32minfo[39m]  Registered AgentRuntime to Coordinator: map
01:59:55 [[32minfo[39m]  Registered AgentRuntime to Coordinator: challenge
01:59:55 [[32minfo[39m]  Registered AgentRuntime to Coordinator: output
01:59:55 [[32minfo[39m]  Registered AgentRuntime to Coordinator: quest
01:59:55 [[32minfo[39m]  Registered AgentRuntime to Coordinator: npc_party
01:59:55 [[32minfo[39m]  Registered AgentRuntime to Coordinator: inventory
01:59:55 [[32minfo[39m]  Registered AgentRuntime to Coordinator: skill
01:59:55 [[32minfo[39m]  Registered AgentRuntime to Coordinator: event
01:59:55 [[32minfo[39m]  Registered AgentRuntime to Coordinator: time
01:59:55 [[32minfo[39m]  GameDataExpander configured (manifest path enabled)
01:59:55 [[32minfo[39m]  DedupService configured (dispatch log persistence enabled)
01:59:55 [[32minfo[39m]  Agent system initialized: 10 AgentRuntime instances created
鉁?Agent system initialized with 10 agents
鈿狅笍 YAML Agent system skipped: __vi_import_5__.initializeYamlAgentSystem is not a function
01:59:55 [[32minfo[39m]  Agent routes initialized
01:59:55 [[32minfo[39m]  Save routes initialized
01:59:55 [[32minfo[39m]  Synced template from YAML to DB: cthulhu-investigation
01:59:55 [[32minfo[39m]  Synced template from YAML to DB: cyberpunk-mercenary
01:59:55 [[32minfo[39m]  Synced template from YAML to DB: medieval-fantasy
01:59:55 [[32minfo[39m]  Synced template from YAML to DB: modern-romance
01:59:55 [[32minfo[39m]  Synced template from YAML to DB: xianxia
01:59:55 [[32minfo[39m]  Synced 5 templates from YAML to database
01:59:55 [[32minfo[39m]  Cache refreshed with 5 templates
01:59:55 [[32minfo[39m]  TemplateService loaded {"cachedTemplates":5}
鉁?Template YAML loaded and synced to DB
01:59:55 [[32minfo[39m]  Template routes initialized
鉁?Test environment setup complete
鉁?Database connection closed

 [32m鉁?[39m src/game-systems/skill/__tests__/skill-duplicate-prevention.test.ts [2m ([22m[2m8 tests[22m[2m)[22m[33m 1604[2mms[22m[39m
[90mstdout[2m | tests/template/template.routes.test.ts[2m > [22m[2mTemplate Routes Integration Tests[2m > [22m[2mPOST /api/v1/templates/:id/duplicate - Duplicate Template[2m > [22m[2mshould duplicate a template[22m[39m
01:59:55 [[32minfo[39m]  Cache refreshed with 6 templates
01:59:55 [[32minfo[39m]  Cache refreshed with 7 templates
01:59:55 [[32minfo[39m]  Template duplicated {"sourceId":"cthulhu-investigation","newId":"tpl_84cd910d-f17d-4401-8faf-90c7985ab6dc","newName":"鍏嬭嫃椴佹亹鎬栬皟鏌ワ紙鍓湰锛?}
01:59:55 [[32minfo[39m]  POST /cthulhu-investigation/duplicate 201 123ms be29dd5a {"method":"POST","url":"/cthulhu-investigation/duplicate","status":201,"duration":"123ms"}

[90mstdout[2m | tests/template/template.routes.test.ts[2m > [22m[2mTemplate Routes Integration Tests[2m > [22m[2mPOST /api/v1/templates/:id/duplicate - Duplicate Template[2m > [22m[2mshould return 404 for non-existent template[22m[39m
01:59:55 [[32minfo[39m]  Cache refreshed with 7 templates
01:59:55 [[31merror[39m]  Failed to duplicate template {"id":"nonexistent-template-id","error":"Template not found: nonexistent-template-id"}
01:59:55 [[32minfo[39m]  POST /nonexistent-template-id/duplicate 404 27ms 5bb88a59 {"method":"POST","url":"/nonexistent-template-id/duplicate","status":404,"duration":"27ms"}

[90mstdout[2m | src/game-systems/audit/__tests__/AuditAgent.multi-llm-checkers.test.ts[22m[39m
馃И Setting up comprehensive test environment...
鉁?Database connected
Running migration: 001_init.ts

[90mstdout[2m | src/game-systems/audit/__tests__/AuditAgent.multi-llm-checkers.test.ts[22m[39m
Migration 001_init.ts completed successfully
Running migration: 002_add_equipped_index.ts

[90mstdout[2m | tests/template/template.routes.test.ts[2m > [22m[2mTemplate Routes Integration Tests[2m > [22m[2mPOST /api/v1/templates/:id/export - Export Template[2m > [22m[2mshould export template data[22m[39m
01:59:55 [[32minfo[39m]  Cache refreshed with 7 templates
01:59:55 [[32minfo[39m]  POST /cthulhu-investigation/export 200 50ms b753e7aa {"method":"POST","url":"/cthulhu-investigation/export","status":200,"duration":"50ms"}

[90mstdout[2m | src/game-systems/audit/__tests__/AuditAgent.multi-llm-checkers.test.ts[22m[39m
Migration 002_add_equipped_index.ts completed successfully
Running migration: 003_fix_information_boundaries_timestamps.ts

[90mstdout[2m | src/game-systems/audit/__tests__/AuditAgent.multi-llm-checkers.test.ts[22m[39m
Migration 003_fix_information_boundaries_timestamps.ts completed successfully
Running migration: 004_drop_information_boundaries.ts

[90mstdout[2m | src/game-systems/audit/__tests__/AuditAgent.multi-llm-checkers.test.ts[22m[39m
004_drop_information_boundaries: information_boundaries table not found, skipping migration
004_drop_information_boundaries: cleared custom_data.knowledge from 0 NPCs
Migration 004_drop_information_boundaries.ts completed successfully
Running migration: 005_drop_npc_relations.ts
005_drop_npc_relations: dropped npc_relations table
Migration 005_drop_npc_relations.ts completed successfully
Running migration: 006_awareness_relationship_events_states.ts
006: created entity_awareness_events table
006: created entity_awareness_states table
006: created entity_relationship_events table
006: created entity_relationship_states table
Migration 006_awareness_relationship_events_states.ts completed successfully
Running migration: 007_add_combat_mode.ts

[90mstdout[2m | src/game-systems/audit/__tests__/AuditAgent.multi-llm-checkers.test.ts[22m[39m
007: added combat_states.mode column
Migration 007_add_combat_mode.ts completed successfully
Running migration: 008_add_saves_active_challenge_mode.ts

[90mstdout[2m | src/game-systems/entity-graph/__tests__/RelationshipRepository.test.ts[22m[39m
01:59:54 [[32minfo[39m]  Help registry loaded: 22 tools {"tools":["batch_query_service","challenge_service","... (22 items)"]}
01:59:54 [[32minfo[39m]  Creating GameMasterAgent (as AgentRuntime with isSubAgent=false)
01:59:54 [[32minfo[39m]  Handler subscribed {"eventType":"dialogue"}
01:59:54 [[32minfo[39m]  Handler subscribed {"eventType":"combat_end"}
01:59:54 [[32minfo[39m]  AwarenessAutoSubscriber subscribed to dialogue + combat_end events
01:59:54 [[32minfo[39m]  Agent initialized: gamemaster - GameMasterAgent
01:59:54 [[32minfo[39m] [AGENT-START] Agent gamemaster starting {"agent":"gamemaster","provider":null,"toolsConfigured":1,"maxIterations":200,"isSubAgent":false}
01:59:54 [[32minfo[39m]  Handler subscribed {"eventType":"chapter_advanced"}
01:59:54 [[32minfo[39m]  Creating AgentRuntime instances from default profile: fantasy_rpg
01:59:54 [[32minfo[39m]  Creating agents from profile: fantasy_rpg {"agentCount":10}
01:59:54 [[32minfo[39m]  Agent initialized: gamemaster - GameMasterAgent
01:59:54 [[32minfo[39m] [AGENT-START] Agent gamemaster starting {"agent":"gamemaster","provider":null,"toolsConfigured":1,"maxIterations":200,"isSubAgent":false}
01:59:54 [[32minfo[39m]  Created AgentRuntime: gamemaster {"profile":"fantasy_rpg","tools":["all"]}
01:59:54 [[32minfo[39m]  Agent initialized: map - MapAgent
01:59:54 [[32minfo[39m] [AGENT-START] Agent map starting {"agent":"map","provider":null,"toolsConfigured":7,"maxIterations":200,"isSubAgent":true}
01:59:54 [[32minfo[39m]  Created AgentRuntime: map {"profile":"fantasy_rpg","tools":["map_service","npc_service","... (7 items)"]}
01:59:54 [[32minfo[39m]  Agent initialized: challenge - ChallengeAgent
01:59:54 [[32minfo[39m] [AGENT-START] Agent challenge starting {"agent":"challenge","provider":null,"toolsConfigured":9,"maxIterations":200,"isSubAgent":true}
01:59:54 [[32minfo[39m]  Created AgentRuntime: challenge {"profile":"fantasy_rpg","tools":["challenge_service","numerical_service","... (9 items)"]}
01:59:54 [[32minfo[39m]  Agent initialized: output - OutputAgent
01:59:54 [[32minfo[39m] [AGENT-START] Agent output starting {"agent":"output","provider":null,"toolsConfigured":5,"maxIterations":200,"isSubAgent":true}
01:59:54 [[32minfo[39m]  Created AgentRuntime: output {"profile":"fantasy_rpg","tools":["dialogue_service","dynamic_ui","... (5 items)"]}
01:59:54 [[32minfo[39m]  Agent initialized: quest - QuestAgent
01:59:54 [[32minfo[39m] [AGENT-START] Agent quest starting {"agent":"quest","provider":null,"toolsConfigured":11,"maxIterations":200,"isSubAgent":true}
01:59:54 [[32minfo[39m]  Created AgentRuntime: quest {"profile":"fantasy_rpg","tools":["quest_service","numerical_service","... (11 items)"]}
01:59:54 [[32minfo[39m]  Agent initialized: npc_party - NPCPartyAgent
01:59:54 [[32minfo[39m] [AGENT-START] Agent npc_party starting {"agent":"npc_party","provider":null,"toolsConfigured":9,"maxIterations":200,"isSubAgent":true}
01:59:54 [[32minfo[39m]  Created AgentRuntime: npc_party {"profile":"fantasy_rpg","tools":["npc_service","entity_graph_service","... (9 items)"]}
01:59:54 [[32minfo[39m]  Agent initialized: inventory - InventoryAgent
01:59:54 [[32minfo[39m] [AGENT-START] Agent inventory starting {"agent":"inventory","provider":null,"toolsConfigured":8,"maxIterations":200,"isSubAgent":true}
01:59:54 [[32minfo[39m]  Created AgentRuntime: inventory {"profile":"fantasy_rpg","tools":["inventory_service","template_pool_service","... (8 items)"]}
01:59:54 [[32minfo[39m]  Agent initialized: skill - SkillAgent
01:59:54 [[32minfo[39m] [AGENT-START] Agent skill starting {"agent":"skill","provider":null,"toolsConfigured":7,"maxIterations":200,"isSubAgent":true}
01:59:54 [[32minfo[39m]  Created AgentRuntime: skill {"profile":"fantasy_rpg","tools":["skill_service","template_pool_service","... (7 items)"]}
01:59:54 [[32minfo[39m]  Agent initialized: event - EventAgent
01:59:54 [[32minfo[39m] [AGENT-START] Agent event starting {"agent":"event","provider":null,"toolsConfigured":5,"maxIterations":200,"isSubAgent":true}
01:59:54 [[32minfo[39m]  Created AgentRuntime: event {"profile":"fantasy_rpg","tools":["event_service","game_time_service","... (5 items)"]}
01:59:54 [[32minfo[39m]  Agent initialized: time - TimeAgent
01:59:54 [[32minfo[39m] [AGENT-START] Agent time starting {"agent":"time","provider":null,"toolsConfigured":4,"maxIterations":200,"isSubAgent":true}
01:59:54 [[32minfo[39m]  Created AgentRuntime: time {"profile":"fantasy_rpg","tools":["game_time_service","rule_service","... (4 items)"]}
01:59:54 [[32minfo[39m]  Permissions configured from agent.tools for profile: fantasy_rpg
01:59:54 [[32minfo[39m]  YAML permissions configured
01:59:54 [[32minfo[39m]  Registering AgentRuntime instances to GameMasterAgent...
01:59:54 [[32minfo[39m]  Registered AgentRuntime to Coordinator: gamemaster
01:59:54 [[32minfo[39m]  Registered AgentRuntime to Coordinator: map
01:59:54 [[32minfo[39m]  Registered AgentRuntime to Coordinator: challenge
01:59:54 [[32minfo[39m]  Registered AgentRuntime to Coordinator: output
01:59:54 [[32minfo[39m]  Registered AgentRuntime to Coordinator: quest
01:59:54 [[32minfo[39m]  Registered AgentRuntime to Coordinator: npc_party
01:59:54 [[32minfo[39m]  Registered AgentRuntime to Coordinator: inventory
01:59:54 [[32minfo[39m]  Registered AgentRuntime to Coordinator: skill
01:59:54 [[32minfo[39m]  Registered AgentRuntime to Coordinator: event
01:59:54 [[32minfo[39m]  Registered AgentRuntime to Coordinator: time
01:59:54 [[32minfo[39m]  GameDataExpander configured (manifest path enabled)
01:59:54 [[32minfo[39m]  DedupService configured (dispatch log persistence enabled)
01:59:54 [[32minfo[39m]  Agent system initialized: 10 AgentRuntime instances created
鉁?Agent system initialized with 10 agents
鈿狅笍 YAML Agent system skipped: __vi_import_5__.initializeYamlAgentSystem is not a function
01:59:55 [[32minfo[39m]  Agent routes initialized
01:59:55 [[32minfo[39m]  Save routes initialized
01:59:55 [[32minfo[39m]  Synced template from YAML to DB: cthulhu-investigation
01:59:55 [[32minfo[39m]  Synced template from YAML to DB: cyberpunk-mercenary
01:59:55 [[32minfo[39m]  Synced template from YAML to DB: medieval-fantasy
01:59:55 [[32minfo[39m]  Synced template from YAML to DB: modern-romance
01:59:55 [[32minfo[39m]  Synced template from YAML to DB: xianxia
01:59:55 [[32minfo[39m]  Synced 5 templates from YAML to database
01:59:55 [[32minfo[39m]  Cache refreshed with 5 templates
01:59:55 [[32minfo[39m]  TemplateService loaded {"cachedTemplates":5}
鉁?Template YAML loaded and synced to DB
01:59:55 [[32minfo[39m]  Template routes initialized
鉁?Test environment setup complete
鉁?Database connection closed

 [32m鉁?[39m src/game-systems/entity-graph/__tests__/RelationshipRepository.test.ts [2m ([22m[2m15 tests[22m[2m)[22m[33m 4984[2mms[22m[39m
[90mstdout[2m | tests/template/template.routes.test.ts[2m > [22m[2mTemplate Routes Integration Tests[2m > [22m[2mPOST /api/v1/templates/:id/export - Export Template[2m > [22m[2mshould return 404 for non-existent template[22m[39m
01:59:55 [[32minfo[39m]  Cache refreshed with 7 templates
01:59:55 [[31merror[39m]  Failed to export template {"templateId":"nonexistent-template-id","error":"Template not found: nonexistent-template-id"}
01:59:55 [[31merror[39m]  Failed to export template {"id":"nonexistent-template-id","error":"Template not found: nonexistent-template-id"}
01:59:55 [[32minfo[39m]  POST /nonexistent-template-id/export 404 66ms 94618b2b {"method":"POST","url":"/nonexistent-template-id/export","status":404,"duration":"66ms"}

[90mstdout[2m | tests/template/template.routes.test.ts[2m > [22m[2mTemplate Routes Integration Tests[2m > [22m[2mPOST /api/v1/templates/:id/validate - Validate Template[2m > [22m[2mshould validate template and return result[22m[39m
01:59:55 [[32minfo[39m]  Cache refreshed with 7 templates
01:59:55 [[32minfo[39m]  POST /cthulhu-investigation/validate 200 26ms cc8406b9 {"method":"POST","url":"/cthulhu-investigation/validate","status":200,"duration":"26ms"}

[90mstdout[2m | tests/template/template.routes.test.ts[2m > [22m[2mTemplate Routes Integration Tests[2m > [22m[2mPOST /api/v1/templates/:id/validate - Validate Template[2m > [22m[2mshould return 404 for non-existent template[22m[39m
01:59:55 [[32minfo[39m]  Cache refreshed with 7 templates
01:59:55 [[31merror[39m]  Failed to validate template {"id":"nonexistent-template-id","error":"Template not found: nonexistent-template-id"}
01:59:55 [[32minfo[39m]  POST /nonexistent-template-id/validate 404 25ms ea045086 {"method":"POST","url":"/nonexistent-template-id/validate","status":404,"duration":"25ms"}

[90mstdout[2m | src/game-systems/audit/__tests__/AuditAgent.multi-llm-checkers.test.ts[22m[39m
008: added saves.active_challenge_mode column
Migration 008_add_saves_active_challenge_mode.ts completed successfully
All migrations completed
鉁?Migrations completed
All seeds completed
鉁?Seeds completed
01:59:55 [[32minfo[39m]  Starting YAML-driven Agent system initialization
01:59:55 [[32minfo[39m]  Seeding ModelConfigService from environment
01:59:55 [[32minfo[39m]  No DEEPSEEK_API_KEY env var found, skipping env seed
01:59:55 [[32minfo[39m]  Seeded provider from convict config {"providerType":"openai","providerId":"c831d308-70b5-477a-b94a-0d9f384244d8","model":"openrouter/free"}
01:59:55 [[32minfo[39m]  Creating LLMService with ModelConfigService
01:59:55 [[32minfo[39m]  Creating ContextService and DecisionLogService instances
01:59:55 [[32minfo[39m]  Initializing YAML-driven Agent profiles...
01:59:55 [[32minfo[39m]  Loading config from directory: C:\Users\super\Documents\trae_projects\AGG-main\packages\backend\config
01:59:55 [[32minfo[39m]  Loaded agent profile: fantasy_rpg
01:59:55 [[32minfo[39m]  Loaded agent profile: minimal_test
01:59:55 [[32minfo[39m]  Loaded 0 non-builtin profiles from database (0 builtin skipped, using YAML)
01:59:55 [[32minfo[39m]  Config loaded successfully: 2 profiles
01:59:55 [[32minfo[39m]  YAML config loaded successfully
01:59:55 [[32minfo[39m]  Context rules loaded {"agentCount":10}
01:59:55 [[32minfo[39m]  Default manifests loaded {"agentTypeCount":6,"manifestCount":8}
01:59:55 [[32minfo[39m]  Context rules file watcher started {"path":"C:\\Users\\super\\Documents\\trae_projects\\AGG-main\\packages\\backend\\config\\agent-context-rules.yaml"}
01:59:55 [[32minfo[39m]  Loaded 10 agent capabilities from YAML profiles
01:59:55 [[32minfo[39m]  ToolRegistry initialized
01:59:55 [[32minfo[39m]  Registering ServiceTools to ToolRegistry
01:59:55 [[32minfo[39m]  Tool registered: game_time_service - GameTime Service (v1.0.0)
01:59:55 [[32minfo[39m]  Tool registered: numerical_service - Numerical Service (v1.0.0)
01:59:55 [[32minfo[39m]  Tool registered: character_service - Character Service (v1.0.0)
01:59:55 [[32minfo[39m]  Tool registered: inventory_service - Inventory Service (v1.0.0)
01:59:55 [[32minfo[39m]  Tool registered: skill_service - Skill Service (v1.1.0)
01:59:55 [[32minfo[39m]  Tool registered: map_service - Map Service (v2.0.0)
01:59:55 [[32minfo[39m]  Tool registered: npc_service - NPC Service (v1.0.0)
01:59:55 [[32minfo[39m]  Tool registered: dialogue_service - Dialogue Service (v1.0.0)
01:59:55 [[32minfo[39m]  Tool registered: quest_service - Quest Service (v1.0.0)
01:59:55 [[32minfo[39m]  Tool registered: challenge_service - Challenge Service (v1.0.0)
01:59:55 [[32minfo[39m]  Tool registered: event_service - Event Service (v1.0.0)
01:59:55 [[32minfo[39m]  Tool registered: story_service - Story Service (v1.0.0)
01:59:55 [[32minfo[39m]  Tool registered: game_init_service - Game Init Service (v2.0.0)
01:59:55 [[32minfo[39m]  Tool registered: batch_query_service - Batch Query Service (v1.0.0)
01:59:55 [[32minfo[39m]  Tool registered: entity_graph_service - Entity Graph Service (v1.0.0)
01:59:55 [[32minfo[39m]  Tool registered: template_pool_service - Template Pool Service (v1.0.0)
01:59:55 [[32minfo[39m]  Tool registered: dynamic_ui - Dynamic UI Service (v1.0.0)
01:59:55 [[32minfo[39m]  Tool registered: generate_options - Generate Options Service (v2.0.0)
01:59:55 [[32minfo[39m]  Tool registered: coordinator_service - Coordinator Service (v1.0.0)
01:59:55 [[32minfo[39m]  Tool registered: rule_service - Rule Service (v1.0.0)
01:59:55 [[32minfo[39m]  Tool registered: skill_loader - Skill Loader (v1.0.0)
01:59:55 [[32minfo[39m]  Tool registered: help_service - Help Service (v1.0.0)
01:59:55 [[32minfo[39m]  Tool registered: memory_service - Memory Service (v1.0.0)
01:59:55 [[32minfo[39m]  Registered 23 ServiceTools to ToolRegistry
01:59:55 [[32minfo[39m]  Tool reference validation passed

[90mstdout[2m | src/services/data-source-adapters/__tests__/EntityGraphAdapter.test.ts[22m[39m
馃И Setting up comprehensive test environment...
鉁?Database connected
Running migration: 001_init.ts

[90mstdout[2m | tests/template/template.routes.test.ts[2m > [22m[2mTemplate Routes Integration Tests[2m > [22m[2mDELETE /api/v1/templates/:id - Delete Template[2m > [22m[2mshould delete custom template[22m[39m
01:59:55 [[32minfo[39m]  Cache refreshed with 7 templates
01:59:55 [[32minfo[39m]  Template deleted: test-custom-template
01:59:55 [[32minfo[39m]  DELETE /test-custom-template 200 49ms 05c4449f {"method":"DELETE","url":"/test-custom-template","status":200,"duration":"49ms"}

[90mstdout[2m | src/game-systems/audit/__tests__/AuditAgent.multi-llm-checkers.test.ts[22m[39m
01:59:55 [[32minfo[39m]  Discovered 187 help files {"dir":"C:\\Users\\super\\Documents\\trae_projects\\AGG-main\\packages\\backend\\config\\agent-help"}

[90mstdout[2m | tests/template/template.routes.test.ts[2m > [22m[2mTemplate Routes Integration Tests[2m > [22m[2mDELETE /api/v1/templates/:id - Delete Template[2m > [22m[2mshould delete duplicated template[22m[39m
01:59:55 [[32minfo[39m]  Cache refreshed with 6 templates
01:59:55 [[32minfo[39m]  Template deleted: tpl_84cd910d-f17d-4401-8faf-90c7985ab6dc
01:59:55 [[32minfo[39m]  DELETE /tpl_84cd910d-f17d-4401-8faf-90c7985ab6dc 200 25ms 608d109b {"method":"DELETE","url":"/tpl_84cd910d-f17d-4401-8faf-90c7985ab6dc","status":200,"duration":"25ms"}

[90mstdout[2m | src/services/data-source-adapters/__tests__/EntityGraphAdapter.test.ts[22m[39m
Migration 001_init.ts completed successfully
Running migration: 002_add_equipped_index.ts

[90mstdout[2m | src/services/data-source-adapters/__tests__/EntityGraphAdapter.test.ts[22m[39m
Migration 002_add_equipped_index.ts completed successfully
Running migration: 003_fix_information_boundaries_timestamps.ts

[90mstdout[2m | src/agents/__tests__/BaseAgent.request-scope.test.ts[22m[39m
馃И Setting up comprehensive test environment...
鉁?Database connected
Running migration: 001_init.ts
Migration 001_init.ts completed successfully
Running migration: 002_add_equipped_index.ts

[90mstdout[2m | src/services/data-source-adapters/__tests__/EntityGraphAdapter.test.ts[22m[39m
Migration 003_fix_information_boundaries_timestamps.ts completed successfully
Running migration: 004_drop_information_boundaries.ts

[90mstdout[2m | src/agents/__tests__/BaseAgent.request-scope.test.ts[22m[39m
Migration 002_add_equipped_index.ts completed successfully
Running migration: 003_fix_information_boundaries_timestamps.ts
Migration 003_fix_information_boundaries_timestamps.ts completed successfully
Running migration: 004_drop_information_boundaries.ts

[90mstdout[2m | tests/template/template.routes.test.ts[2m > [22m[2mTemplate Routes Integration Tests[2m > [22m[2mDELETE /api/v1/templates/:id - Delete Template[2m > [22m[2mshould return 403 when deleting builtin template[22m[39m
01:59:55 [[32minfo[39m]  Cache refreshed with 5 templates
01:59:55 [[31merror[39m]  Failed to delete template {"id":"cthulhu-investigation","error":"Cannot delete built-in templates"}
01:59:55 [[32minfo[39m]  DELETE /cthulhu-investigation 403 26ms 9cc7f6e8 {"method":"DELETE","url":"/cthulhu-investigation","status":403,"duration":"26ms"}

[90mstdout[2m | src/services/data-source-adapters/__tests__/EntityGraphAdapter.test.ts[22m[39m
004_drop_information_boundaries: information_boundaries table not found, skipping migration
004_drop_information_boundaries: cleared custom_data.knowledge from 0 NPCs
Migration 004_drop_information_boundaries.ts completed successfully
Running migration: 005_drop_npc_relations.ts
005_drop_npc_relations: dropped npc_relations table
Migration 005_drop_npc_relations.ts completed successfully
Running migration: 006_awareness_relationship_events_states.ts
006: created entity_awareness_events table
006: created entity_awareness_states table
006: created entity_relationship_events table
006: created entity_relationship_states table
Migration 006_awareness_relationship_events_states.ts completed successfully
Running migration: 007_add_combat_mode.ts

[90mstdout[2m | src/agents/__tests__/BaseAgent.request-scope.test.ts[22m[39m
004_drop_information_boundaries: information_boundaries table not found, skipping migration
004_drop_information_boundaries: cleared custom_data.knowledge from 0 NPCs
Migration 004_drop_information_boundaries.ts completed successfully
Running migration: 005_drop_npc_relations.ts
005_drop_npc_relations: dropped npc_relations table
Migration 005_drop_npc_relations.ts completed successfully
Running migration: 006_awareness_relationship_events_states.ts
006: created entity_awareness_events table
006: created entity_awareness_states table
006: created entity_relationship_events table
006: created entity_relationship_states table
Migration 006_awareness_relationship_events_states.ts completed successfully
Running migration: 007_add_combat_mode.ts
007: added combat_states.mode column
Migration 007_add_combat_mode.ts completed successfully
Running migration: 008_add_saves_active_challenge_mode.ts

[90mstdout[2m | src/game-systems/npc/__tests__/npc-batch-init-tool.test.ts[22m[39m
馃И Setting up comprehensive test environment...
鉁?Database connected
Running migration: 001_init.ts

[90mstdout[2m | src/game-systems/npc/__tests__/npc-batch-init-tool.test.ts[22m[39m
Migration 001_init.ts completed successfully
Running migration: 002_add_equipped_index.ts

[90mstdout[2m | tests/template/template.routes.test.ts[2m > [22m[2mTemplate Routes Integration Tests[2m > [22m[2mDELETE /api/v1/templates/:id - Delete Template[2m > [22m[2mshould return 404 for non-existent template[22m[39m
01:59:55 [[32minfo[39m]  Cache refreshed with 5 templates
01:59:55 [[31merror[39m]  Failed to delete template {"id":"nonexistent-template-id","error":"Template not found: nonexistent-template-id"}
01:59:55 [[32minfo[39m]  DELETE /nonexistent-template-id 404 29ms 1dc48665 {"method":"DELETE","url":"/nonexistent-template-id","status":404,"duration":"29ms"}

[90mstdout[2m | tests/template/template.routes.test.ts[22m[39m
鉁?Database connection closed

 [32m鉁?[39m tests/template/template.routes.test.ts [2m ([22m[2m26 tests[22m[2m)[22m[33m 2728[2mms[22m[39m
[90mstdout[2m | src/game-systems/npc/__tests__/npc-batch-init-tool.test.ts[22m[39m
Migration 002_add_equipped_index.ts completed successfully
Running migration: 003_fix_information_boundaries_timestamps.ts
Migration 003_fix_information_boundaries_timestamps.ts completed successfully
Running migration: 004_drop_information_boundaries.ts
004_drop_information_boundaries: information_boundaries table not found, skipping migration
004_drop_information_boundaries: cleared custom_data.knowledge from 0 NPCs
Migration 004_drop_information_boundaries.ts completed successfully
Running migration: 005_drop_npc_relations.ts

[90mstdout[2m | src/game-systems/npc/__tests__/npc-batch-init-tool.test.ts[22m[39m
005_drop_npc_relations: dropped npc_relations table
Migration 005_drop_npc_relations.ts completed successfully
Running migration: 006_awareness_relationship_events_states.ts

[90mstdout[2m | src/game-systems/npc/__tests__/npc-batch-init-tool.test.ts[22m[39m
006: created entity_awareness_events table
006: created entity_awareness_states table
006: created entity_relationship_events table
006: created entity_relationship_states table
Migration 006_awareness_relationship_events_states.ts completed successfully
Running migration: 007_add_combat_mode.ts
007: added combat_states.mode column
Migration 007_add_combat_mode.ts completed successfully
Running migration: 008_add_saves_active_challenge_mode.ts

[90mstdout[2m | src/programs/__tests__/ChallengeProgram.test.ts[22m[39m
馃И Setting up comprehensive test environment...
鉁?Database connected
Running migration: 001_init.ts

[90mstdout[2m | src/services/data-source-adapters/__tests__/EntityGraphAdapter.test.ts[22m[39m
007: added combat_states.mode column
Migration 007_add_combat_mode.ts completed successfully
Running migration: 008_add_saves_active_challenge_mode.ts
008: added saves.active_challenge_mode column
Migration 008_add_saves_active_challenge_mode.ts completed successfully
All migrations completed
鉁?Migrations completed
All seeds completed
鉁?Seeds completed
01:59:55 [[32minfo[39m]  Starting YAML-driven Agent system initialization
01:59:55 [[32minfo[39m]  Seeding ModelConfigService from environment
01:59:55 [[32minfo[39m]  No DEEPSEEK_API_KEY env var found, skipping env seed
01:59:56 [[32minfo[39m]  Seeded provider from convict config {"providerType":"openai","providerId":"f0bd736e-7a9d-4064-a2f6-1b1d5788dfe5","model":"openrouter/free"}
01:59:56 [[32minfo[39m]  Creating LLMService with ModelConfigService
01:59:56 [[32minfo[39m]  Creating ContextService and DecisionLogService instances
01:59:56 [[32minfo[39m]  Initializing YAML-driven Agent profiles...
01:59:56 [[32minfo[39m]  Loading config from directory: C:\Users\super\Documents\trae_projects\AGG-main\packages\backend\config
01:59:56 [[32minfo[39m]  Loaded agent profile: fantasy_rpg
01:59:56 [[32minfo[39m]  Loaded agent profile: minimal_test
01:59:56 [[32minfo[39m]  Loaded 0 non-builtin profiles from database (0 builtin skipped, using YAML)
01:59:56 [[32minfo[39m]  Config loaded successfully: 2 profiles
01:59:56 [[32minfo[39m]  YAML config loaded successfully
01:59:56 [[32minfo[39m]  Context rules loaded {"agentCount":10}
01:59:56 [[32minfo[39m]  Default manifests loaded {"agentTypeCount":6,"manifestCount":8}
01:59:56 [[32minfo[39m]  Context rules file watcher started {"path":"C:\\Users\\super\\Documents\\trae_projects\\AGG-main\\packages\\backend\\config\\agent-context-rules.yaml"}
01:59:56 [[32minfo[39m]  Loaded 10 agent capabilities from YAML profiles
01:59:56 [[32minfo[39m]  ToolRegistry initialized
01:59:56 [[32minfo[39m]  Registering ServiceTools to ToolRegistry
01:59:56 [[32minfo[39m]  Tool registered: game_time_service - GameTime Service (v1.0.0)
01:59:56 [[32minfo[39m]  Tool registered: numerical_service - Numerical Service (v1.0.0)
01:59:56 [[32minfo[39m]  Tool registered: character_service - Character Service (v1.0.0)
01:59:56 [[32minfo[39m]  Tool registered: inventory_service - Inventory Service (v1.0.0)
01:59:56 [[32minfo[39m]  Tool registered: skill_service - Skill Service (v1.1.0)
01:59:56 [[32minfo[39m]  Tool registered: map_service - Map Service (v2.0.0)
01:59:56 [[32minfo[39m]  Tool registered: npc_service - NPC Service (v1.0.0)
01:59:56 [[32minfo[39m]  Tool registered: dialogue_service - Dialogue Service (v1.0.0)
01:59:56 [[32minfo[39m]  Tool registered: quest_service - Quest Service (v1.0.0)
01:59:56 [[32minfo[39m]  Tool registered: challenge_service - Challenge Service (v1.0.0)
01:59:56 [[32minfo[39m]  Tool registered: event_service - Event Service (v1.0.0)
01:59:56 [[32minfo[39m]  Tool registered: story_service - Story Service (v1.0.0)
01:59:56 [[32minfo[39m]  Tool registered: game_init_service - Game Init Service (v2.0.0)
01:59:56 [[32minfo[39m]  Tool registered: batch_query_service - Batch Query Service (v1.0.0)
01:59:56 [[32minfo[39m]  Tool registered: entity_graph_service - Entity Graph Service (v1.0.0)
01:59:56 [[32minfo[39m]  Tool registered: template_pool_service - Template Pool Service (v1.0.0)
01:59:56 [[32minfo[39m]  Tool registered: dynamic_ui - Dynamic UI Service (v1.0.0)
01:59:56 [[32minfo[39m]  Tool registered: generate_options - Generate Options Service (v2.0.0)
01:59:56 [[32minfo[39m]  Tool registered: coordinator_service - Coordinator Service (v1.0.0)
01:59:56 [[32minfo[39m]  Tool registered: rule_service - Rule Service (v1.0.0)
01:59:56 [[32minfo[39m]  Tool registered: skill_loader - Skill Loader (v1.0.0)
01:59:56 [[32minfo[39m]  Tool registered: help_service - Help Service (v1.0.0)
01:59:56 [[32minfo[39m]  Tool registered: memory_service - Memory Service (v1.0.0)
01:59:56 [[32minfo[39m]  Registered 23 ServiceTools to ToolRegistry
01:59:56 [[32minfo[39m]  Tool reference validation passed

[90mstdout[2m | src/agents/__tests__/BaseAgent.request-scope.test.ts[22m[39m
008: added saves.active_challenge_mode column
Migration 008_add_saves_active_challenge_mode.ts completed successfully
All migrations completed
鉁?Migrations completed
All seeds completed
鉁?Seeds completed
01:59:55 [[32minfo[39m]  Starting YAML-driven Agent system initialization
01:59:55 [[32minfo[39m]  Seeding ModelConfigService from environment
01:59:55 [[32minfo[39m]  No DEEPSEEK_API_KEY env var found, skipping env seed
01:59:56 [[32minfo[39m]  Seeded provider from convict config {"providerType":"openai","providerId":"625e05e3-8654-45d3-ac25-4029090a0efe","model":"openrouter/free"}
01:59:56 [[32minfo[39m]  Creating LLMService with ModelConfigService
01:59:56 [[32minfo[39m]  Creating ContextService and DecisionLogService instances
01:59:56 [[32minfo[39m]  Initializing YAML-driven Agent profiles...
01:59:56 [[32minfo[39m]  Loading config from directory: C:\Users\super\Documents\trae_projects\AGG-main\packages\backend\config
01:59:56 [[32minfo[39m]  Loaded agent profile: fantasy_rpg
01:59:56 [[32minfo[39m]  Loaded agent profile: minimal_test
01:59:56 [[32minfo[39m]  Loaded 0 non-builtin profiles from database (0 builtin skipped, using YAML)
01:59:56 [[32minfo[39m]  Config loaded successfully: 2 profiles
01:59:56 [[32minfo[39m]  YAML config loaded successfully
01:59:56 [[32minfo[39m]  Context rules loaded {"agentCount":10}
01:59:56 [[32minfo[39m]  Default manifests loaded {"agentTypeCount":6,"manifestCount":8}
01:59:56 [[32minfo[39m]  Context rules file watcher started {"path":"C:\\Users\\super\\Documents\\trae_projects\\AGG-main\\packages\\backend\\config\\agent-context-rules.yaml"}
01:59:56 [[32minfo[39m]  Loaded 10 agent capabilities from YAML profiles
01:59:56 [[32minfo[39m]  ToolRegistry initialized
01:59:56 [[32minfo[39m]  Registering ServiceTools to ToolRegistry
01:59:56 [[32minfo[39m]  Tool registered: game_time_service - GameTime Service (v1.0.0)
01:59:56 [[32minfo[39m]  Tool registered: numerical_service - Numerical Service (v1.0.0)
01:59:56 [[32minfo[39m]  Tool registered: character_service - Character Service (v1.0.0)
01:59:56 [[32minfo[39m]  Tool registered: inventory_service - Inventory Service (v1.0.0)
01:59:56 [[32minfo[39m]  Tool registered: skill_service - Skill Service (v1.1.0)
01:59:56 [[32minfo[39m]  Tool registered: map_service - Map Service (v2.0.0)
01:59:56 [[32minfo[39m]  Tool registered: npc_service - NPC Service (v1.0.0)
01:59:56 [[32minfo[39m]  Tool registered: dialogue_service - Dialogue Service (v1.0.0)
01:59:56 [[32minfo[39m]  Tool registered: quest_service - Quest Service (v1.0.0)
01:59:56 [[32minfo[39m]  Tool registered: challenge_service - Challenge Service (v1.0.0)
01:59:56 [[32minfo[39m]  Tool registered: event_service - Event Service (v1.0.0)
01:59:56 [[32minfo[39m]  Tool registered: story_service - Story Service (v1.0.0)
01:59:56 [[32minfo[39m]  Tool registered: game_init_service - Game Init Service (v2.0.0)
01:59:56 [[32minfo[39m]  Tool registered: batch_query_service - Batch Query Service (v1.0.0)
01:59:56 [[32minfo[39m]  Tool registered: entity_graph_service - Entity Graph Service (v1.0.0)
01:59:56 [[32minfo[39m]  Tool registered: template_pool_service - Template Pool Service (v1.0.0)
01:59:56 [[32minfo[39m]  Tool registered: dynamic_ui - Dynamic UI Service (v1.0.0)
01:59:56 [[32minfo[39m]  Tool registered: generate_options - Generate Options Service (v2.0.0)
01:59:56 [[32minfo[39m]  Tool registered: coordinator_service - Coordinator Service (v1.0.0)
01:59:56 [[32minfo[39m]  Tool registered: rule_service - Rule Service (v1.0.0)
01:59:56 [[32minfo[39m]  Tool registered: skill_loader - Skill Loader (v1.0.0)
01:59:56 [[32minfo[39m]  Tool registered: help_service - Help Service (v1.0.0)
01:59:56 [[32minfo[39m]  Tool registered: memory_service - Memory Service (v1.0.0)
01:59:56 [[32minfo[39m]  Registered 23 ServiceTools to ToolRegistry
01:59:56 [[32minfo[39m]  Tool reference validation passed

[90mstdout[2m | src/programs/__tests__/ChallengeProgram.test.ts[22m[39m
Migration 001_init.ts completed successfully
Running migration: 002_add_equipped_index.ts

[90mstdout[2m | src/programs/__tests__/ChallengeProgram.test.ts[22m[39m
Migration 002_add_equipped_index.ts completed successfully
Running migration: 003_fix_information_boundaries_timestamps.ts

[90mstdout[2m | src/programs/__tests__/ChallengeProgram.test.ts[22m[39m
Migration 003_fix_information_boundaries_timestamps.ts completed successfully
Running migration: 004_drop_information_boundaries.ts

[90mstdout[2m | src/programs/__tests__/ChallengeProgram.test.ts[22m[39m
004_drop_information_boundaries: information_boundaries table not found, skipping migration
004_drop_information_boundaries: cleared custom_data.knowledge from 0 NPCs
Migration 004_drop_information_boundaries.ts completed successfully
Running migration: 005_drop_npc_relations.ts

[90mstdout[2m | src/programs/__tests__/ChallengeProgram.test.ts[22m[39m
005_drop_npc_relations: dropped npc_relations table
Migration 005_drop_npc_relations.ts completed successfully
Running migration: 006_awareness_relationship_events_states.ts
006: created entity_awareness_events table
006: created entity_awareness_states table
006: created entity_relationship_events table
006: created entity_relationship_states table
Migration 006_awareness_relationship_events_states.ts completed successfully
Running migration: 007_add_combat_mode.ts

[90mstdout[2m | src/game-systems/npc/__tests__/npc-batch-init-tool.test.ts[22m[39m
008: added saves.active_challenge_mode column
Migration 008_add_saves_active_challenge_mode.ts completed successfully
All migrations completed
鉁?Migrations completed
All seeds completed
鉁?Seeds completed
01:59:55 [[32minfo[39m]  Starting YAML-driven Agent system initialization
01:59:55 [[32minfo[39m]  Seeding ModelConfigService from environment
01:59:56 [[32minfo[39m]  No DEEPSEEK_API_KEY env var found, skipping env seed
01:59:56 [[32minfo[39m]  Seeded provider from convict config {"providerType":"openai","providerId":"dca0e634-969b-4d23-b243-bd956b932a93","model":"openrouter/free"}
01:59:56 [[32minfo[39m]  Creating LLMService with ModelConfigService
01:59:56 [[32minfo[39m]  Creating ContextService and DecisionLogService instances
01:59:56 [[32minfo[39m]  Initializing YAML-driven Agent profiles...
01:59:56 [[32minfo[39m]  Loading config from directory: C:\Users\super\Documents\trae_projects\AGG-main\packages\backend\config
01:59:56 [[32minfo[39m]  Loaded agent profile: fantasy_rpg
01:59:56 [[32minfo[39m]  Loaded agent profile: minimal_test
01:59:56 [[32minfo[39m]  Loaded 0 non-builtin profiles from database (0 builtin skipped, using YAML)
01:59:56 [[32minfo[39m]  Config loaded successfully: 2 profiles
01:59:56 [[32minfo[39m]  YAML config loaded successfully
01:59:56 [[32minfo[39m]  Context rules loaded {"agentCount":10}
01:59:56 [[32minfo[39m]  Default manifests loaded {"agentTypeCount":6,"manifestCount":8}
01:59:56 [[32minfo[39m]  Context rules file watcher started {"path":"C:\\Users\\super\\Documents\\trae_projects\\AGG-main\\packages\\backend\\config\\agent-context-rules.yaml"}
01:59:56 [[32minfo[39m]  Loaded 10 agent capabilities from YAML profiles
01:59:56 [[32minfo[39m]  ToolRegistry initialized
01:59:56 [[32minfo[39m]  Registering ServiceTools to ToolRegistry
01:59:56 [[32minfo[39m]  Tool registered: game_time_service - GameTime Service (v1.0.0)
01:59:56 [[32minfo[39m]  Tool registered: numerical_service - Numerical Service (v1.0.0)
01:59:56 [[32minfo[39m]  Tool registered: character_service - Character Service (v1.0.0)
01:59:56 [[32minfo[39m]  Tool registered: inventory_service - Inventory Service (v1.0.0)
01:59:56 [[32minfo[39m]  Tool registered: skill_service - Skill Service (v1.1.0)
01:59:56 [[32minfo[39m]  Tool registered: map_service - Map Service (v2.0.0)
01:59:56 [[32minfo[39m]  Tool registered: npc_service - NPC Service (v1.0.0)
01:59:56 [[32minfo[39m]  Tool registered: dialogue_service - Dialogue Service (v1.0.0)
01:59:56 [[32minfo[39m]  Tool registered: quest_service - Quest Service (v1.0.0)
01:59:56 [[32minfo[39m]  Tool registered: challenge_service - Challenge Service (v1.0.0)
01:59:56 [[32minfo[39m]  Tool registered: event_service - Event Service (v1.0.0)
01:59:56 [[32minfo[39m]  Tool registered: story_service - Story Service (v1.0.0)
01:59:56 [[32minfo[39m]  Tool registered: game_init_service - Game Init Service (v2.0.0)
01:59:56 [[32minfo[39m]  Tool registered: batch_query_service - Batch Query Service (v1.0.0)
01:59:56 [[32minfo[39m]  Tool registered: entity_graph_service - Entity Graph Service (v1.0.0)
01:59:56 [[32minfo[39m]  Tool registered: template_pool_service - Template Pool Service (v1.0.0)
01:59:56 [[32minfo[39m]  Tool registered: dynamic_ui - Dynamic UI Service (v1.0.0)
01:59:56 [[32minfo[39m]  Tool registered: generate_options - Generate Options Service (v2.0.0)
01:59:56 [[32minfo[39m]  Tool registered: coordinator_service - Coordinator Service (v1.0.0)
01:59:56 [[32minfo[39m]  Tool registered: rule_service - Rule Service (v1.0.0)
01:59:56 [[32minfo[39m]  Tool registered: skill_loader - Skill Loader (v1.0.0)
01:59:56 [[32minfo[39m]  Tool registered: help_service - Help Service (v1.0.0)
01:59:56 [[32minfo[39m]  Tool registered: memory_service - Memory Service (v1.0.0)
01:59:56 [[32minfo[39m]  Registered 23 ServiceTools to ToolRegistry
01:59:56 [[32minfo[39m]  Tool reference validation passed

[90mstdout[2m | src/services/data-source-adapters/__tests__/EntityGraphAdapter.test.ts[22m[39m
01:59:56 [[32minfo[39m]  Discovered 187 help files {"dir":"C:\\Users\\super\\Documents\\trae_projects\\AGG-main\\packages\\backend\\config\\agent-help"}

[90mstdout[2m | src/game-systems/npc/__tests__/npc-batch-init-tool.test.ts[22m[39m
01:59:56 [[32minfo[39m]  Discovered 187 help files {"dir":"C:\\Users\\super\\Documents\\trae_projects\\AGG-main\\packages\\backend\\config\\agent-help"}

[90mstdout[2m | src/agents/__tests__/BaseAgent.request-scope.test.ts[22m[39m
01:59:56 [[32minfo[39m]  Discovered 187 help files {"dir":"C:\\Users\\super\\Documents\\trae_projects\\AGG-main\\packages\\backend\\config\\agent-help"}

[90mstdout[2m | src/game-systems/audit/__tests__/AuditAgent.multi-llm-checkers.test.ts[2m > [22m[2mAuditAgent multi-llm-checkers 鍥炲綊娴嬭瘯[2m > [22m[2m鍗?LLMChecker锛堣涓轰笌鏀归€犲墠涓€鑷达級[2m > [22m[2m鍗?LLMChecker 杩斿洖 2 涓?failures锛欰uditResult.failures 鍖呭惈鍏ㄩ儴 2 涓?[22m[39m
01:59:56 [[32minfo[39m]  Audit completed {"taskId":"task-multi-1","pass":false,"failureCount":2,"programFailureCount":0,"llmFailureCount":2,"llmCheckerCount":1}

[90mstdout[2m | src/game-systems/audit/__tests__/AuditAgent.multi-llm-checkers.test.ts[2m > [22m[2mAuditAgent multi-llm-checkers 鍥炲綊娴嬭瘯[2m > [22m[2m鍗?LLMChecker锛堣涓轰笌鏀归€犲墠涓€鑷达級[2m > [22m[2m鍗?LLMChecker 杩斿洖绌?failures + 绋嬪簭瀹℃棤 failure锛歱ass=true[22m[39m
01:59:56 [[32minfo[39m]  Audit completed {"taskId":"task-multi-1","pass":true,"failureCount":0,"programFailureCount":0,"llmFailureCount":0,"llmCheckerCount":1}

[90mstdout[2m | src/game-systems/audit/__tests__/AuditAgent.multi-llm-checkers.test.ts[2m > [22m[2mAuditAgent multi-llm-checkers 鍥炲綊娴嬭瘯[2m > [22m[2m鍗?LLMChecker锛堣涓轰笌鏀归€犲墠涓€鑷达級[2m > [22m[2m鍗?LLMChecker 琚皟鐢?1 娆★紙auditMode=llm 瑙﹀彂锛?[22m[39m
01:59:56 [[32minfo[39m]  Audit completed {"taskId":"task-multi-1","pass":true,"failureCount":0,"programFailureCount":0,"llmFailureCount":0,"llmCheckerCount":1}

[90mstdout[2m | src/game-systems/audit/__tests__/AuditAgent.multi-llm-checkers.test.ts[2m > [22m[2mAuditAgent multi-llm-checkers 鍥炲綊娴嬭瘯[2m > [22m[2m鍙?LLMChecker锛坒ailures 鍚堝苟锛?[2m > [22m[2m鍙?LLMChecker 鍚勮繑鍥?1 涓?failure锛欰uditResult.failures 鍖呭惈 2 涓紙鍚堝苟锛?[22m[39m
01:59:56 [[32minfo[39m]  Audit completed {"taskId":"task-multi-1","pass":false,"failureCount":2,"programFailureCount":0,"llmFailureCount":2,"llmCheckerCount":2}

[90mstdout[2m | src/game-systems/audit/__tests__/AuditAgent.multi-llm-checkers.test.ts[2m > [22m[2mAuditAgent multi-llm-checkers 鍥炲綊娴嬭瘯[2m > [22m[2m鍙?LLMChecker锛坒ailures 鍚堝苟锛?[2m > [22m[2m鍙?LLMChecker 鍚勮繑鍥?0 涓?failure锛歱ass=true[22m[39m
01:59:56 [[32minfo[39m]  Audit completed {"taskId":"task-multi-1","pass":true,"failureCount":0,"programFailureCount":0,"llmFailureCount":0,"llmCheckerCount":2}

[90mstdout[2m | src/game-systems/audit/__tests__/AuditAgent.multi-llm-checkers.test.ts[2m > [22m[2mAuditAgent multi-llm-checkers 鍥炲綊娴嬭瘯[2m > [22m[2m鍙?LLMChecker锛坒ailures 鍚堝苟锛?[2m > [22m[2m鍙?LLMChecker 閮借璋冪敤 1 娆?[22m[39m
01:59:56 [[32minfo[39m]  Audit completed {"taskId":"task-multi-1","pass":true,"failureCount":0,"programFailureCount":0,"llmFailureCount":0,"llmCheckerCount":2}

[90mstdout[2m | src/game-systems/audit/__tests__/AuditAgent.multi-llm-checkers.test.ts[2m > [22m[2mAuditAgent multi-llm-checkers 鍥炲綊娴嬭瘯[2m > [22m[2m鍙?LLMChecker锛坒ailures 鍚堝苟锛?[2m > [22m[2m鍙?LLMChecker + 绋嬪簭瀹?failures锛氫笁鑰?failures 鍚堝苟[22m[39m
01:59:56 [[32minfo[39m]  Audit completed {"taskId":"task-multi-1","pass":false,"failureCount":3,"programFailureCount":1,"llmFailureCount":2,"llmCheckerCount":2}

[90mstdout[2m | src/game-systems/audit/__tests__/AuditAgent.multi-llm-checkers.test.ts[2m > [22m[2mAuditAgent multi-llm-checkers 鍥炲綊娴嬭瘯[2m > [22m[2mLLMChecker 鎶涢敊锛氫笉褰卞搷鍏朵粬 LLMChecker 鎵ц[2m > [22m[2mLLMChecker1 鎶涢敊 + LLMChecker2 杩斿洖 1 failure锛氫粎 LLMChecker2 鐨?failure 琚仛鍚?[22m[39m
01:59:56 [[33mwarn[39m]  LLMChecker failed (isolated, continue others) {"checker":"Object","error":"LLMChecker error"}
01:59:56 [[32minfo[39m]  Audit completed {"taskId":"task-multi-1","pass":false,"failureCount":1,"programFailureCount":0,"llmFailureCount":1,"llmCheckerCount":2}

[90mstdout[2m | src/game-systems/audit/__tests__/AuditAgent.multi-llm-checkers.test.ts[2m > [22m[2mAuditAgent multi-llm-checkers 鍥炲綊娴嬭瘯[2m > [22m[2mLLMChecker 鎶涢敊锛氫笉褰卞搷鍏朵粬 LLMChecker 鎵ц[2m > [22m[2mLLMChecker1 鎶涢敊锛歀LMChecker2 浠嶈璋冪敤 1 娆?[22m[39m
01:59:56 [[33mwarn[39m]  LLMChecker failed (isolated, continue others) {"checker":"Object","error":"LLMChecker error"}
01:59:56 [[32minfo[39m]  Audit completed {"taskId":"task-multi-1","pass":true,"failureCount":0,"programFailureCount":0,"llmFailureCount":0,"llmCheckerCount":2}

[90mstdout[2m | src/game-systems/audit/__tests__/AuditAgent.multi-llm-checkers.test.ts[2m > [22m[2mAuditAgent multi-llm-checkers 鍥炲綊娴嬭瘯[2m > [22m[2mLLMChecker 鎶涢敊锛氫笉褰卞搷鍏朵粬 LLMChecker 鎵ц[2m > [22m[2m鎵€鏈?LLMChecker 閮芥姏閿欙細涓嶄紶鎾紓甯革紝AuditResult.failures 涓虹┖[22m[39m
01:59:56 [[33mwarn[39m]  LLMChecker failed (isolated, continue others) {"checker":"Object","error":"LLMChecker error"}
01:59:56 [[33mwarn[39m]  LLMChecker failed (isolated, continue others) {"checker":"Object","error":"LLMChecker error"}
01:59:56 [[32minfo[39m]  Audit completed {"taskId":"task-multi-1","pass":true,"failureCount":0,"programFailureCount":0,"llmFailureCount":0,"llmCheckerCount":2}

[90mstdout[2m | src/game-systems/audit/__tests__/AuditAgent.multi-llm-checkers.test.ts[2m > [22m[2mAuditAgent multi-llm-checkers 鍥炲綊娴嬭瘯[2m > [22m[2mLLMChecker 鎶涢敊锛氫笉褰卞搷鍏朵粬 LLMChecker 鎵ц[2m > [22m[2mLLMChecker 鎶涢敊锛欰uditResult 浠嶈繑鍥炴湁鏁堢粨鏋勶紙pass/failures/confidence锛?[22m[39m
01:59:56 [[33mwarn[39m]  LLMChecker failed (isolated, continue others) {"checker":"Object","error":"LLMChecker error"}
01:59:56 [[32minfo[39m]  Audit completed {"taskId":"task-multi-1","pass":true,"failureCount":0,"programFailureCount":0,"llmFailureCount":0,"llmCheckerCount":1}

[90mstdout[2m | src/game-systems/audit/__tests__/AuditAgent.multi-llm-checkers.test.ts[2m > [22m[2mAuditAgent multi-llm-checkers 鍥炲綊娴嬭瘯[2m > [22m[2m绌烘暟缁勶紙llmCheckers=[]锛?[2m > [22m[2mllmCheckers=[] + auditMode=llm锛歭lmFailures 涓虹┖锛宲ass=true[22m[39m
01:59:56 [[32minfo[39m]  Audit completed {"taskId":"task-multi-1","pass":true,"failureCount":0,"programFailureCount":0,"llmFailureCount":0,"llmCheckerCount":0}

[90mstdout[2m | src/game-systems/audit/__tests__/AuditAgent.multi-llm-checkers.test.ts[2m > [22m[2mAuditAgent multi-llm-checkers 鍥炲綊娴嬭瘯[2m > [22m[2m绌烘暟缁勶紙llmCheckers=[]锛?[2m > [22m[2mllmCheckers=[] + auditMode=both + 绋嬪簭瀹?failure锛氫粎绋嬪簭瀹?failure[22m[39m
01:59:56 [[32minfo[39m]  Audit completed {"taskId":"task-multi-1","pass":false,"failureCount":1,"programFailureCount":1,"llmFailureCount":0,"llmCheckerCount":0}

[90mstdout[2m | src/game-systems/audit/__tests__/AuditAgent.multi-llm-checkers.test.ts[2m > [22m[2mAuditAgent multi-llm-checkers 鍥炲綊娴嬭瘯[2m > [22m[2m绌烘暟缁勶紙llmCheckers=[]锛?[2m > [22m[2mllmCheckers=[]锛氬惊鐜?0 娆★紝鏃犲紓甯?[22m[39m
01:59:56 [[32minfo[39m]  Audit completed {"taskId":"task-multi-1","pass":true,"failureCount":0,"programFailureCount":0,"llmFailureCount":0,"llmCheckerCount":0}

[90mstdout[2m | src/game-systems/audit/__tests__/AuditAgent.multi-llm-checkers.test.ts[22m[39m
01:59:56 [[32minfo[39m]  Help registry loaded: 22 tools {"tools":["batch_query_service","challenge_service","... (22 items)"]}
01:59:56 [[32minfo[39m]  Creating GameMasterAgent (as AgentRuntime with isSubAgent=false)
01:59:56 [[32minfo[39m]  Handler subscribed {"eventType":"dialogue"}
01:59:56 [[32minfo[39m]  Handler subscribed {"eventType":"combat_end"}
01:59:56 [[32minfo[39m]  AwarenessAutoSubscriber subscribed to dialogue + combat_end events
01:59:56 [[32minfo[39m]  Agent initialized: gamemaster - GameMasterAgent
01:59:56 [[32minfo[39m] [AGENT-START] Agent gamemaster starting {"agent":"gamemaster","provider":null,"toolsConfigured":1,"maxIterations":200,"isSubAgent":false}
01:59:56 [[32minfo[39m]  Handler subscribed {"eventType":"chapter_advanced"}
01:59:56 [[32minfo[39m]  Creating AgentRuntime instances from default profile: fantasy_rpg
01:59:56 [[32minfo[39m]  Creating agents from profile: fantasy_rpg {"agentCount":10}
01:59:56 [[32minfo[39m]  Agent initialized: gamemaster - GameMasterAgent
01:59:56 [[32minfo[39m] [AGENT-START] Agent gamemaster starting {"agent":"gamemaster","provider":null,"toolsConfigured":1,"maxIterations":200,"isSubAgent":false}
01:59:56 [[32minfo[39m]  Created AgentRuntime: gamemaster {"profile":"fantasy_rpg","tools":["all"]}
01:59:56 [[32minfo[39m]  Agent initialized: map - MapAgent
01:59:56 [[32minfo[39m] [AGENT-START] Agent map starting {"agent":"map","provider":null,"toolsConfigured":7,"maxIterations":200,"isSubAgent":true}
01:59:56 [[32minfo[39m]  Created AgentRuntime: map {"profile":"fantasy_rpg","tools":["map_service","npc_service","... (7 items)"]}
01:59:56 [[32minfo[39m]  Agent initialized: challenge - ChallengeAgent
01:59:56 [[32minfo[39m] [AGENT-START] Agent challenge starting {"agent":"challenge","provider":null,"toolsConfigured":9,"maxIterations":200,"isSubAgent":true}
01:59:56 [[32minfo[39m]  Created AgentRuntime: challenge {"profile":"fantasy_rpg","tools":["challenge_service","numerical_service","... (9 items)"]}
01:59:56 [[32minfo[39m]  Agent initialized: output - OutputAgent
01:59:56 [[32minfo[39m] [AGENT-START] Agent output starting {"agent":"output","provider":null,"toolsConfigured":5,"maxIterations":200,"isSubAgent":true}
01:59:56 [[32minfo[39m]  Created AgentRuntime: output {"profile":"fantasy_rpg","tools":["dialogue_service","dynamic_ui","... (5 items)"]}
01:59:56 [[32minfo[39m]  Agent initialized: quest - QuestAgent
01:59:56 [[32minfo[39m] [AGENT-START] Agent quest starting {"agent":"quest","provider":null,"toolsConfigured":11,"maxIterations":200,"isSubAgent":true}
01:59:56 [[32minfo[39m]  Created AgentRuntime: quest {"profile":"fantasy_rpg","tools":["quest_service","numerical_service","... (11 items)"]}
01:59:56 [[32minfo[39m]  Agent initialized: npc_party - NPCPartyAgent
01:59:56 [[32minfo[39m] [AGENT-START] Agent npc_party starting {"agent":"npc_party","provider":null,"toolsConfigured":9,"maxIterations":200,"isSubAgent":true}
01:59:56 [[32minfo[39m]  Created AgentRuntime: npc_party {"profile":"fantasy_rpg","tools":["npc_service","entity_graph_service","... (9 items)"]}
01:59:56 [[32minfo[39m]  Agent initialized: inventory - InventoryAgent
01:59:56 [[32minfo[39m] [AGENT-START] Agent inventory starting {"agent":"inventory","provider":null,"toolsConfigured":8,"maxIterations":200,"isSubAgent":true}
01:59:56 [[32minfo[39m]  Created AgentRuntime: inventory {"profile":"fantasy_rpg","tools":["inventory_service","template_pool_service","... (8 items)"]}
01:59:56 [[32minfo[39m]  Agent initialized: skill - SkillAgent
01:59:56 [[32minfo[39m] [AGENT-START] Agent skill starting {"agent":"skill","provider":null,"toolsConfigured":7,"maxIterations":200,"isSubAgent":true}
01:59:56 [[32minfo[39m]  Created AgentRuntime: skill {"profile":"fantasy_rpg","tools":["skill_service","template_pool_service","... (7 items)"]}
01:59:56 [[32minfo[39m]  Agent initialized: event - EventAgent
01:59:56 [[32minfo[39m] [AGENT-START] Agent event starting {"agent":"event","provider":null,"toolsConfigured":5,"maxIterations":200,"isSubAgent":true}
01:59:56 [[32minfo[39m]  Created AgentRuntime: event {"profile":"fantasy_rpg","tools":["event_service","game_time_service","... (5 items)"]}
01:59:56 [[32minfo[39m]  Agent initialized: time - TimeAgent
01:59:56 [[32minfo[39m] [AGENT-START] Agent time starting {"agent":"time","provider":null,"toolsConfigured":4,"maxIterations":200,"isSubAgent":true}
01:59:56 [[32minfo[39m]  Created AgentRuntime: time {"profile":"fantasy_rpg","tools":["game_time_service","rule_service","... (4 items)"]}
01:59:56 [[32minfo[39m]  Permissions configured from agent.tools for profile: fantasy_rpg
01:59:56 [[32minfo[39m]  YAML permissions configured
01:59:56 [[32minfo[39m]  Registering AgentRuntime instances to GameMasterAgent...
01:59:56 [[32minfo[39m]  Registered AgentRuntime to Coordinator: gamemaster
01:59:56 [[32minfo[39m]  Registered AgentRuntime to Coordinator: map
01:59:56 [[32minfo[39m]  Registered AgentRuntime to Coordinator: challenge
01:59:56 [[32minfo[39m]  Registered AgentRuntime to Coordinator: output
01:59:56 [[32minfo[39m]  Registered AgentRuntime to Coordinator: quest
01:59:56 [[32minfo[39m]  Registered AgentRuntime to Coordinator: npc_party
01:59:56 [[32minfo[39m]  Registered AgentRuntime to Coordinator: inventory
01:59:56 [[32minfo[39m]  Registered AgentRuntime to Coordinator: skill
01:59:56 [[32minfo[39m]  Registered AgentRuntime to Coordinator: event
01:59:56 [[32minfo[39m]  Registered AgentRuntime to Coordinator: time
01:59:56 [[32minfo[39m]  GameDataExpander configured (manifest path enabled)
01:59:56 [[32minfo[39m]  DedupService configured (dispatch log persistence enabled)
01:59:56 [[32minfo[39m]  Agent system initialized: 10 AgentRuntime instances created
鉁?Agent system initialized with 10 agents
鈿狅笍 YAML Agent system skipped: __vi_import_5__.initializeYamlAgentSystem is not a function
01:59:56 [[32minfo[39m]  Agent routes initialized
01:59:56 [[32minfo[39m]  Save routes initialized
01:59:56 [[32minfo[39m]  Synced template from YAML to DB: cthulhu-investigation
01:59:56 [[32minfo[39m]  Synced template from YAML to DB: cyberpunk-mercenary
01:59:56 [[32minfo[39m]  Synced template from YAML to DB: medieval-fantasy
01:59:56 [[32minfo[39m]  Synced template from YAML to DB: modern-romance
01:59:56 [[32minfo[39m]  Synced template from YAML to DB: xianxia
01:59:56 [[32minfo[39m]  Synced 5 templates from YAML to database
01:59:56 [[32minfo[39m]  Cache refreshed with 5 templates
01:59:56 [[32minfo[39m]  TemplateService loaded {"cachedTemplates":5}
鉁?Template YAML loaded and synced to DB
01:59:56 [[32minfo[39m]  Template routes initialized
鉁?Test environment setup complete
鉁?Database connection closed

 [32m鉁?[39m src/game-systems/audit/__tests__/AuditAgent.multi-llm-checkers.test.ts [2m ([22m[2m14 tests[22m[2m)[22m[33m 996[2mms[22m[39m
[90mstdout[2m | src/game-systems/npc/__tests__/npc-batch-init-tool.test.ts[22m[39m
01:59:56 [[32minfo[39m]  Help registry loaded: 22 tools {"tools":["batch_query_service","challenge_service","... (22 items)"]}
01:59:56 [[32minfo[39m]  Creating GameMasterAgent (as AgentRuntime with isSubAgent=false)
01:59:56 [[32minfo[39m]  Handler subscribed {"eventType":"dialogue"}
01:59:56 [[32minfo[39m]  Handler subscribed {"eventType":"combat_end"}
01:59:56 [[32minfo[39m]  AwarenessAutoSubscriber subscribed to dialogue + combat_end events
01:59:56 [[32minfo[39m]  Agent initialized: gamemaster - GameMasterAgent
01:59:56 [[32minfo[39m] [AGENT-START] Agent gamemaster starting {"agent":"gamemaster","provider":null,"toolsConfigured":1,"maxIterations":200,"isSubAgent":false}
01:59:56 [[32minfo[39m]  Handler subscribed {"eventType":"chapter_advanced"}
01:59:56 [[32minfo[39m]  Creating AgentRuntime instances from default profile: fantasy_rpg
01:59:56 [[32minfo[39m]  Creating agents from profile: fantasy_rpg {"agentCount":10}
01:59:56 [[32minfo[39m]  Agent initialized: gamemaster - GameMasterAgent
01:59:56 [[32minfo[39m] [AGENT-START] Agent gamemaster starting {"agent":"gamemaster","provider":null,"toolsConfigured":1,"maxIterations":200,"isSubAgent":false}
01:59:56 [[32minfo[39m]  Created AgentRuntime: gamemaster {"profile":"fantasy_rpg","tools":["all"]}
01:59:56 [[32minfo[39m]  Agent initialized: map - MapAgent
01:59:56 [[32minfo[39m] [AGENT-START] Agent map starting {"agent":"map","provider":null,"toolsConfigured":7,"maxIterations":200,"isSubAgent":true}
01:59:56 [[32minfo[39m]  Created AgentRuntime: map {"profile":"fantasy_rpg","tools":["map_service","npc_service","... (7 items)"]}
01:59:56 [[32minfo[39m]  Agent initialized: challenge - ChallengeAgent
01:59:56 [[32minfo[39m] [AGENT-START] Agent challenge starting {"agent":"challenge","provider":null,"toolsConfigured":9,"maxIterations":200,"isSubAgent":true}
01:59:56 [[32minfo[39m]  Created AgentRuntime: challenge {"profile":"fantasy_rpg","tools":["challenge_service","numerical_service","... (9 items)"]}
01:59:56 [[32minfo[39m]  Agent initialized: output - OutputAgent
01:59:56 [[32minfo[39m] [AGENT-START] Agent output starting {"agent":"output","provider":null,"toolsConfigured":5,"maxIterations":200,"isSubAgent":true}
01:59:56 [[32minfo[39m]  Created AgentRuntime: output {"profile":"fantasy_rpg","tools":["dialogue_service","dynamic_ui","... (5 items)"]}
01:59:56 [[32minfo[39m]  Agent initialized: quest - QuestAgent
01:59:56 [[32minfo[39m] [AGENT-START] Agent quest starting {"agent":"quest","provider":null,"toolsConfigured":11,"maxIterations":200,"isSubAgent":true}
01:59:56 [[32minfo[39m]  Created AgentRuntime: quest {"profile":"fantasy_rpg","tools":["quest_service","numerical_service","... (11 items)"]}
01:59:56 [[32minfo[39m]  Agent initialized: npc_party - NPCPartyAgent
01:59:56 [[32minfo[39m] [AGENT-START] Agent npc_party starting {"agent":"npc_party","provider":null,"toolsConfigured":9,"maxIterations":200,"isSubAgent":true}
01:59:56 [[32minfo[39m]  Created AgentRuntime: npc_party {"profile":"fantasy_rpg","tools":["npc_service","entity_graph_service","... (9 items)"]}
01:59:56 [[32minfo[39m]  Agent initialized: inventory - InventoryAgent
01:59:56 [[32minfo[39m] [AGENT-START] Agent inventory starting {"agent":"inventory","provider":null,"toolsConfigured":8,"maxIterations":200,"isSubAgent":true}
01:59:56 [[32minfo[39m]  Created AgentRuntime: inventory {"profile":"fantasy_rpg","tools":["inventory_service","template_pool_service","... (8 items)"]}
01:59:56 [[32minfo[39m]  Agent initialized: skill - SkillAgent
01:59:56 [[32minfo[39m] [AGENT-START] Agent skill starting {"agent":"skill","provider":null,"toolsConfigured":7,"maxIterations":200,"isSubAgent":true}
01:59:56 [[32minfo[39m]  Created AgentRuntime: skill {"profile":"fantasy_rpg","tools":["skill_service","template_pool_service","... (7 items)"]}
01:59:56 [[32minfo[39m]  Agent initialized: event - EventAgent
01:59:56 [[32minfo[39m] [AGENT-START] Agent event starting {"agent":"event","provider":null,"toolsConfigured":5,"maxIterations":200,"isSubAgent":true}
01:59:56 [[32minfo[39m]  Created AgentRuntime: event {"profile":"fantasy_rpg","tools":["event_service","game_time_service","... (5 items)"]}
01:59:56 [[32minfo[39m]  Agent initialized: time - TimeAgent
01:59:56 [[32minfo[39m] [AGENT-START] Agent time starting {"agent":"time","provider":null,"toolsConfigured":4,"maxIterations":200,"isSubAgent":true}
01:59:56 [[32minfo[39m]  Created AgentRuntime: time {"profile":"fantasy_rpg","tools":["game_time_service","rule_service","... (4 items)"]}
01:59:56 [[32minfo[39m]  Permissions configured from agent.tools for profile: fantasy_rpg
01:59:56 [[32minfo[39m]  YAML permissions configured
01:59:56 [[32minfo[39m]  Registering AgentRuntime instances to GameMasterAgent...
01:59:56 [[32minfo[39m]  Registered AgentRuntime to Coordinator: gamemaster
01:59:56 [[32minfo[39m]  Registered AgentRuntime to Coordinator: map
01:59:56 [[32minfo[39m]  Registered AgentRuntime to Coordinator: challenge
01:59:56 [[32minfo[39m]  Registered AgentRuntime to Coordinator: output
01:59:56 [[32minfo[39m]  Registered AgentRuntime to Coordinator: quest
01:59:56 [[32minfo[39m]  Registered AgentRuntime to Coordinator: npc_party
01:59:56 [[32minfo[39m]  Registered AgentRuntime to Coordinator: inventory
01:59:56 [[32minfo[39m]  Registered AgentRuntime to Coordinator: skill
01:59:56 [[32minfo[39m]  Registered AgentRuntime to Coordinator: event
01:59:56 [[32minfo[39m]  Registered AgentRuntime to Coordinator: time
01:59:56 [[32minfo[39m]  GameDataExpander configured (manifest path enabled)
01:59:56 [[32minfo[39m]  DedupService configured (dispatch log persistence enabled)
01:59:56 [[32minfo[39m]  Agent system initialized: 10 AgentRuntime instances created
鉁?Agent system initialized with 10 agents
鈿狅笍 YAML Agent system skipped: __vi_import_5__.initializeYamlAgentSystem is not a function
01:59:56 [[32minfo[39m]  Agent routes initialized
01:59:56 [[32minfo[39m]  Save routes initialized
01:59:56 [[32minfo[39m]  Synced template from YAML to DB: cthulhu-investigation
01:59:56 [[32minfo[39m]  Synced template from YAML to DB: cyberpunk-mercenary
01:59:56 [[32minfo[39m]  Synced template from YAML to DB: medieval-fantasy
01:59:56 [[32minfo[39m]  Synced template from YAML to DB: modern-romance
01:59:56 [[32minfo[39m]  Synced template from YAML to DB: xianxia
01:59:56 [[32minfo[39m]  Synced 5 templates from YAML to database
01:59:56 [[32minfo[39m]  Cache refreshed with 5 templates
01:59:56 [[32minfo[39m]  TemplateService loaded {"cachedTemplates":5}
鉁?Template YAML loaded and synced to DB
01:59:56 [[32minfo[39m]  Template routes initialized
鉁?Test environment setup complete
鉁?Database connection closed

 [32m鉁?[39m src/game-systems/npc/__tests__/npc-batch-init-tool.test.ts [2m ([22m[2m9 tests[22m[2m)[22m[33m 834[2mms[22m[39m
[90mstdout[2m | src/programs/__tests__/ChallengeProgram.test.ts[22m[39m
007: added combat_states.mode column
Migration 007_add_combat_mode.ts completed successfully
Running migration: 008_add_saves_active_challenge_mode.ts
008: added saves.active_challenge_mode column
Migration 008_add_saves_active_challenge_mode.ts completed successfully
All migrations completed
鉁?Migrations completed
All seeds completed
鉁?Seeds completed
01:59:56 [[32minfo[39m]  Starting YAML-driven Agent system initialization
01:59:56 [[32minfo[39m]  Seeding ModelConfigService from environment
01:59:56 [[32minfo[39m]  No DEEPSEEK_API_KEY env var found, skipping env seed
01:59:56 [[32minfo[39m]  Seeded provider from convict config {"providerType":"openai","providerId":"1c7858da-a819-4cc5-9cf9-5cda65e6b36e","model":"openrouter/free"}
01:59:56 [[32minfo[39m]  Creating LLMService with ModelConfigService
01:59:56 [[32minfo[39m]  Creating ContextService and DecisionLogService instances
01:59:56 [[32minfo[39m]  Initializing YAML-driven Agent profiles...
01:59:56 [[32minfo[39m]  Loading config from directory: C:\Users\super\Documents\trae_projects\AGG-main\packages\backend\config
01:59:56 [[32minfo[39m]  Loaded agent profile: fantasy_rpg
01:59:56 [[32minfo[39m]  Loaded agent profile: minimal_test
01:59:56 [[32minfo[39m]  Loaded 0 non-builtin profiles from database (0 builtin skipped, using YAML)
01:59:56 [[32minfo[39m]  Config loaded successfully: 2 profiles
01:59:56 [[32minfo[39m]  YAML config loaded successfully
01:59:56 [[32minfo[39m]  Context rules loaded {"agentCount":10}
01:59:56 [[32minfo[39m]  Default manifests loaded {"agentTypeCount":6,"manifestCount":8}
01:59:56 [[32minfo[39m]  Context rules file watcher started {"path":"C:\\Users\\super\\Documents\\trae_projects\\AGG-main\\packages\\backend\\config\\agent-context-rules.yaml"}
01:59:56 [[32minfo[39m]  Loaded 10 agent capabilities from YAML profiles
01:59:56 [[32minfo[39m]  ToolRegistry initialized
01:59:56 [[32minfo[39m]  Registering ServiceTools to ToolRegistry
01:59:56 [[32minfo[39m]  Tool registered: game_time_service - GameTime Service (v1.0.0)
01:59:56 [[32minfo[39m]  Tool registered: numerical_service - Numerical Service (v1.0.0)
01:59:56 [[32minfo[39m]  Tool registered: character_service - Character Service (v1.0.0)
01:59:56 [[32minfo[39m]  Tool registered: inventory_service - Inventory Service (v1.0.0)
01:59:56 [[32minfo[39m]  Tool registered: skill_service - Skill Service (v1.1.0)
01:59:56 [[32minfo[39m]  Tool registered: map_service - Map Service (v2.0.0)
01:59:56 [[32minfo[39m]  Tool registered: npc_service - NPC Service (v1.0.0)
01:59:56 [[32minfo[39m]  Tool registered: dialogue_service - Dialogue Service (v1.0.0)
01:59:56 [[32minfo[39m]  Tool registered: quest_service - Quest Service (v1.0.0)
01:59:56 [[32minfo[39m]  Tool registered: challenge_service - Challenge Service (v1.0.0)
01:59:56 [[32minfo[39m]  Tool registered: event_service - Event Service (v1.0.0)
01:59:56 [[32minfo[39m]  Tool registered: story_service - Story Service (v1.0.0)
01:59:56 [[32minfo[39m]  Tool registered: game_init_service - Game Init Service (v2.0.0)
01:59:56 [[32minfo[39m]  Tool registered: batch_query_service - Batch Query Service (v1.0.0)
01:59:56 [[32minfo[39m]  Tool registered: entity_graph_service - Entity Graph Service (v1.0.0)
01:59:56 [[32minfo[39m]  Tool registered: template_pool_service - Template Pool Service (v1.0.0)
01:59:56 [[32minfo[39m]  Tool registered: dynamic_ui - Dynamic UI Service (v1.0.0)
01:59:56 [[32minfo[39m]  Tool registered: generate_options - Generate Options Service (v2.0.0)
01:59:56 [[32minfo[39m]  Tool registered: coordinator_service - Coordinator Service (v1.0.0)
01:59:56 [[32minfo[39m]  Tool registered: rule_service - Rule Service (v1.0.0)
01:59:56 [[32minfo[39m]  Tool registered: skill_loader - Skill Loader (v1.0.0)
01:59:56 [[32minfo[39m]  Tool registered: help_service - Help Service (v1.0.0)
01:59:56 [[32minfo[39m]  Tool registered: memory_service - Memory Service (v1.0.0)
01:59:56 [[32minfo[39m]  Registered 23 ServiceTools to ToolRegistry
01:59:56 [[32minfo[39m]  Tool reference validation passed

[90mstdout[2m | src/services/data-source-adapters/__tests__/EntityGraphAdapter.test.ts[22m[39m
01:59:56 [[32minfo[39m]  Help registry loaded: 22 tools {"tools":["batch_query_service","challenge_service","... (22 items)"]}
01:59:56 [[32minfo[39m]  Creating GameMasterAgent (as AgentRuntime with isSubAgent=false)
01:59:56 [[32minfo[39m]  Handler subscribed {"eventType":"dialogue"}
01:59:56 [[32minfo[39m]  Handler subscribed {"eventType":"combat_end"}
01:59:56 [[32minfo[39m]  AwarenessAutoSubscriber subscribed to dialogue + combat_end events
01:59:56 [[32minfo[39m]  Agent initialized: gamemaster - GameMasterAgent
01:59:56 [[32minfo[39m] [AGENT-START] Agent gamemaster starting {"agent":"gamemaster","provider":null,"toolsConfigured":1,"maxIterations":200,"isSubAgent":false}
01:59:56 [[32minfo[39m]  Handler subscribed {"eventType":"chapter_advanced"}
01:59:56 [[32minfo[39m]  Creating AgentRuntime instances from default profile: fantasy_rpg
01:59:56 [[32minfo[39m]  Creating agents from profile: fantasy_rpg {"agentCount":10}
01:59:56 [[32minfo[39m]  Agent initialized: gamemaster - GameMasterAgent
01:59:56 [[32minfo[39m] [AGENT-START] Agent gamemaster starting {"agent":"gamemaster","provider":null,"toolsConfigured":1,"maxIterations":200,"isSubAgent":false}
01:59:56 [[32minfo[39m]  Created AgentRuntime: gamemaster {"profile":"fantasy_rpg","tools":["all"]}
01:59:56 [[32minfo[39m]  Agent initialized: map - MapAgent
01:59:56 [[32minfo[39m] [AGENT-START] Agent map starting {"agent":"map","provider":null,"toolsConfigured":7,"maxIterations":200,"isSubAgent":true}
01:59:56 [[32minfo[39m]  Created AgentRuntime: map {"profile":"fantasy_rpg","tools":["map_service","npc_service","... (7 items)"]}
01:59:56 [[32minfo[39m]  Agent initialized: challenge - ChallengeAgent
01:59:56 [[32minfo[39m] [AGENT-START] Agent challenge starting {"agent":"challenge","provider":null,"toolsConfigured":9,"maxIterations":200,"isSubAgent":true}
01:59:56 [[32minfo[39m]  Created AgentRuntime: challenge {"profile":"fantasy_rpg","tools":["challenge_service","numerical_service","... (9 items)"]}
01:59:56 [[32minfo[39m]  Agent initialized: output - OutputAgent
01:59:56 [[32minfo[39m] [AGENT-START] Agent output starting {"agent":"output","provider":null,"toolsConfigured":5,"maxIterations":200,"isSubAgent":true}
01:59:56 [[32minfo[39m]  Created AgentRuntime: output {"profile":"fantasy_rpg","tools":["dialogue_service","dynamic_ui","... (5 items)"]}
01:59:56 [[32minfo[39m]  Agent initialized: quest - QuestAgent
01:59:56 [[32minfo[39m] [AGENT-START] Agent quest starting {"agent":"quest","provider":null,"toolsConfigured":11,"maxIterations":200,"isSubAgent":true}
01:59:56 [[32minfo[39m]  Created AgentRuntime: quest {"profile":"fantasy_rpg","tools":["quest_service","numerical_service","... (11 items)"]}
01:59:56 [[32minfo[39m]  Agent initialized: npc_party - NPCPartyAgent
01:59:56 [[32minfo[39m] [AGENT-START] Agent npc_party starting {"agent":"npc_party","provider":null,"toolsConfigured":9,"maxIterations":200,"isSubAgent":true}
01:59:56 [[32minfo[39m]  Created AgentRuntime: npc_party {"profile":"fantasy_rpg","tools":["npc_service","entity_graph_service","... (9 items)"]}
01:59:56 [[32minfo[39m]  Agent initialized: inventory - InventoryAgent
01:59:56 [[32minfo[39m] [AGENT-START] Agent inventory starting {"agent":"inventory","provider":null,"toolsConfigured":8,"maxIterations":200,"isSubAgent":true}
01:59:56 [[32minfo[39m]  Created AgentRuntime: inventory {"profile":"fantasy_rpg","tools":["inventory_service","template_pool_service","... (8 items)"]}
01:59:56 [[32minfo[39m]  Agent initialized: skill - SkillAgent
01:59:56 [[32minfo[39m] [AGENT-START] Agent skill starting {"agent":"skill","provider":null,"toolsConfigured":7,"maxIterations":200,"isSubAgent":true}
01:59:56 [[32minfo[39m]  Created AgentRuntime: skill {"profile":"fantasy_rpg","tools":["skill_service","template_pool_service","... (7 items)"]}
01:59:56 [[32minfo[39m]  Agent initialized: event - EventAgent
01:59:56 [[32minfo[39m] [AGENT-START] Agent event starting {"agent":"event","provider":null,"toolsConfigured":5,"maxIterations":200,"isSubAgent":true}
01:59:56 [[32minfo[39m]  Created AgentRuntime: event {"profile":"fantasy_rpg","tools":["event_service","game_time_service","... (5 items)"]}
01:59:56 [[32minfo[39m]  Agent initialized: time - TimeAgent
01:59:56 [[32minfo[39m] [AGENT-START] Agent time starting {"agent":"time","provider":null,"toolsConfigured":4,"maxIterations":200,"isSubAgent":true}
01:59:56 [[32minfo[39m]  Created AgentRuntime: time {"profile":"fantasy_rpg","tools":["game_time_service","rule_service","... (4 items)"]}
01:59:56 [[32minfo[39m]  Permissions configured from agent.tools for profile: fantasy_rpg
01:59:56 [[32minfo[39m]  YAML permissions configured
01:59:56 [[32minfo[39m]  Registering AgentRuntime instances to GameMasterAgent...
01:59:56 [[32minfo[39m]  Registered AgentRuntime to Coordinator: gamemaster
01:59:56 [[32minfo[39m]  Registered AgentRuntime to Coordinator: map
01:59:56 [[32minfo[39m]  Registered AgentRuntime to Coordinator: challenge
01:59:56 [[32minfo[39m]  Registered AgentRuntime to Coordinator: output
01:59:56 [[32minfo[39m]  Registered AgentRuntime to Coordinator: quest
01:59:56 [[32minfo[39m]  Registered AgentRuntime to Coordinator: npc_party
01:59:56 [[32minfo[39m]  Registered AgentRuntime to Coordinator: inventory
01:59:56 [[32minfo[39m]  Registered AgentRuntime to Coordinator: skill
01:59:56 [[32minfo[39m]  Registered AgentRuntime to Coordinator: event
01:59:56 [[32minfo[39m]  Registered AgentRuntime to Coordinator: time
01:59:56 [[32minfo[39m]  GameDataExpander configured (manifest path enabled)
01:59:56 [[32minfo[39m]  DedupService configured (dispatch log persistence enabled)
01:59:56 [[32minfo[39m]  Agent system initialized: 10 AgentRuntime instances created
鉁?Agent system initialized with 10 agents
鈿狅笍 YAML Agent system skipped: __vi_import_5__.initializeYamlAgentSystem is not a function
01:59:56 [[32minfo[39m]  Agent routes initialized
01:59:56 [[32minfo[39m]  Save routes initialized
01:59:56 [[32minfo[39m]  Synced template from YAML to DB: cthulhu-investigation
01:59:56 [[32minfo[39m]  Synced template from YAML to DB: cyberpunk-mercenary
01:59:56 [[32minfo[39m]  Synced template from YAML to DB: medieval-fantasy
01:59:56 [[32minfo[39m]  Synced template from YAML to DB: modern-romance
01:59:56 [[32minfo[39m]  Synced template from YAML to DB: xianxia
01:59:56 [[32minfo[39m]  Synced 5 templates from YAML to database
01:59:56 [[32minfo[39m]  Cache refreshed with 5 templates
01:59:56 [[32minfo[39m]  TemplateService loaded {"cachedTemplates":5}
鉁?Template YAML loaded and synced to DB
01:59:56 [[32minfo[39m]  Template routes initialized
鉁?Test environment setup complete
鉁?Database connection closed

 [32m鉁?[39m src/services/data-source-adapters/__tests__/EntityGraphAdapter.test.ts [2m ([22m[2m23 tests[22m[2m)[22m[33m 1039[2mms[22m[39m
[90mstdout[2m | src/programs/__tests__/ChallengeProgram.test.ts[22m[39m
01:59:56 [[32minfo[39m]  Discovered 187 help files {"dir":"C:\\Users\\super\\Documents\\trae_projects\\AGG-main\\packages\\backend\\config\\agent-help"}

[90mstdout[2m | src/agents/__tests__/BaseAgent.request-scope.test.ts[2m > [22m[2mBaseAgent request-scoped copy[2m > [22m[2m搴斿垱寤鸿姹傜骇鍓湰骞堕殧绂?prompt 涓庝笂涓嬫枃鐘舵€?[22m[39m
01:59:56 [[32minfo[39m]  Agent initialized: dialogue - Test Agent

[90mstdout[2m | src/agents/__tests__/BaseAgent.request-scope.test.ts[2m > [22m[2mBaseAgent request-scoped copy[2m > [22m[2m璇锋眰绾у壇鏈簲澶嶅埗鎵€鏈夎姹傜骇灞炴€?[22m[39m
01:59:56 [[32minfo[39m]  Agent initialized: dialogue - Test Agent

[90mstdout[2m | src/agents/__tests__/BaseAgent.request-scope.test.ts[2m > [22m[2mBaseAgent request-scoped copy[2m > [22m[2m淇敼鍓湰涓嶅簲褰卞搷鍘熷瀹炰緥鐨勪笂涓嬫枃[22m[39m
01:59:56 [[32minfo[39m]  Agent initialized: challenge - Combat Agent

[90mstdout[2m | src/agents/__tests__/BaseAgent.request-scope.test.ts[2m > [22m[2mBaseAgent request-scoped copy[2m > [22m[2m淇敼鍓湰鐨勫祵濂楄姹傛€佸璞′笉搴斿洖鍐欏師濮嬪疄渚?[22m[39m
01:59:56 [[32minfo[39m]  Agent initialized: dialogue - Test Agent

[90mstdout[2m | src/agents/__tests__/BaseAgent.request-scope.test.ts[2m > [22m[2mBaseAgent request-scoped copy[2m > [22m[2m鍏勫紵璇锋眰鍓湰鐨勬敞鍏ユ柟娉曟暟缁勫簲鐩镐簰闅旂[22m[39m
01:59:56 [[32minfo[39m]  Agent initialized: dialogue - Test Agent

[90mstdout[2m | src/agents/__tests__/BaseAgent.request-scope.test.ts[2m > [22m[2mBaseAgent request-scoped copy[2m > [22m[2m璇锋眰绾у壇鏈粯璁や笉缁ф壙杩愯鏃惰祫婧愬苟鏀寔鏄惧紡缁戝畾鍜屾竻绌?[22m[39m
01:59:56 [[32minfo[39m]  Agent initialized: dialogue - Test Agent

[90mstdout[2m | src/agents/__tests__/BaseAgent.request-scope.test.ts[2m > [22m[2mBaseAgent request-scoped copy[2m > [22m[2m搴旀敮鎸佺粦瀹氳姹傜骇 runtime snapshot 涓旈殧绂诲閮ㄥ彉鏇?[22m[39m
01:59:56 [[32minfo[39m]  Agent initialized: dialogue - Test Agent

[90mstdout[2m | src/agents/__tests__/BaseAgent.request-scope.test.ts[2m > [22m[2mBaseAgent request-scoped copy[2m > [22m[2mcallTool 搴斿皢褰撳墠 runtime snapshot 閫忎紶缁?ToolContext[22m[39m
01:59:56 [[32minfo[39m]  Agent initialized: dialogue - Test Agent
01:59:56 [[32minfo[39m]  Executing method: get_event_snapshot on tool: event_service {"agentType":"dialogue","saveId":"save-1","staging":false,"params":{}}
01:59:56 [[32minfo[39m]  Method execution completed: get_event_snapshot {"success":true,"toolType":"event_service","method":"get_event_snapshot","resultData":{"ok":true}}

[90mstdout[2m | src/agents/__tests__/BaseAgent.request-scope.test.ts[2m > [22m[2mBaseAgent request-scoped copy[2m > [22m[2m璇锋眰绾у壇鏈簲缁ф壙 runtime snapshot 鐨勬繁鎷疯礉鑰屼笉鍥炲啓鐖跺疄渚?[22m[39m
01:59:56 [[32minfo[39m]  Agent initialized: dialogue - Test Agent

[90mstdout[2m | src/agents/__tests__/BaseAgent.request-scope.test.ts[22m[39m
01:59:56 [[32minfo[39m]  Help registry loaded: 22 tools {"tools":["batch_query_service","challenge_service","... (22 items)"]}
01:59:56 [[32minfo[39m]  Creating GameMasterAgent (as AgentRuntime with isSubAgent=false)
01:59:56 [[32minfo[39m]  Handler subscribed {"eventType":"dialogue"}
01:59:56 [[32minfo[39m]  Handler subscribed {"eventType":"combat_end"}
01:59:56 [[32minfo[39m]  AwarenessAutoSubscriber subscribed to dialogue + combat_end events
01:59:56 [[32minfo[39m]  Agent initialized: gamemaster - GameMasterAgent
01:59:56 [[32minfo[39m] [AGENT-START] Agent gamemaster starting {"agent":"gamemaster","provider":null,"toolsConfigured":1,"maxIterations":200,"isSubAgent":false}
01:59:56 [[32minfo[39m]  Handler subscribed {"eventType":"chapter_advanced"}
01:59:56 [[32minfo[39m]  Creating AgentRuntime instances from default profile: fantasy_rpg
01:59:56 [[32minfo[39m]  Creating agents from profile: fantasy_rpg {"agentCount":10}
01:59:56 [[32minfo[39m]  Agent initialized: gamemaster - GameMasterAgent
01:59:56 [[32minfo[39m] [AGENT-START] Agent gamemaster starting {"agent":"gamemaster","provider":null,"toolsConfigured":1,"maxIterations":200,"isSubAgent":false}
01:59:56 [[32minfo[39m]  Created AgentRuntime: gamemaster {"profile":"fantasy_rpg","tools":["all"]}
01:59:56 [[32minfo[39m]  Agent initialized: map - MapAgent
01:59:56 [[32minfo[39m] [AGENT-START] Agent map starting {"agent":"map","provider":null,"toolsConfigured":7,"maxIterations":200,"isSubAgent":true}
01:59:56 [[32minfo[39m]  Created AgentRuntime: map {"profile":"fantasy_rpg","tools":["map_service","npc_service","... (7 items)"]}
01:59:56 [[32minfo[39m]  Agent initialized: challenge - ChallengeAgent
01:59:56 [[32minfo[39m] [AGENT-START] Agent challenge starting {"agent":"challenge","provider":null,"toolsConfigured":9,"maxIterations":200,"isSubAgent":true}
01:59:56 [[32minfo[39m]  Created AgentRuntime: challenge {"profile":"fantasy_rpg","tools":["challenge_service","numerical_service","... (9 items)"]}
01:59:56 [[32minfo[39m]  Agent initialized: output - OutputAgent
01:59:56 [[32minfo[39m] [AGENT-START] Agent output starting {"agent":"output","provider":null,"toolsConfigured":5,"maxIterations":200,"isSubAgent":true}
01:59:56 [[32minfo[39m]  Created AgentRuntime: output {"profile":"fantasy_rpg","tools":["dialogue_service","dynamic_ui","... (5 items)"]}
01:59:56 [[32minfo[39m]  Agent initialized: quest - QuestAgent
01:59:56 [[32minfo[39m] [AGENT-START] Agent quest starting {"agent":"quest","provider":null,"toolsConfigured":11,"maxIterations":200,"isSubAgent":true}
01:59:56 [[32minfo[39m]  Created AgentRuntime: quest {"profile":"fantasy_rpg","tools":["quest_service","numerical_service","... (11 items)"]}
01:59:56 [[32minfo[39m]  Agent initialized: npc_party - NPCPartyAgent
01:59:56 [[32minfo[39m] [AGENT-START] Agent npc_party starting {"agent":"npc_party","provider":null,"toolsConfigured":9,"maxIterations":200,"isSubAgent":true}
01:59:56 [[32minfo[39m]  Created AgentRuntime: npc_party {"profile":"fantasy_rpg","tools":["npc_service","entity_graph_service","... (9 items)"]}
01:59:56 [[32minfo[39m]  Agent initialized: inventory - InventoryAgent
01:59:56 [[32minfo[39m] [AGENT-START] Agent inventory starting {"agent":"inventory","provider":null,"toolsConfigured":8,"maxIterations":200,"isSubAgent":true}
01:59:56 [[32minfo[39m]  Created AgentRuntime: inventory {"profile":"fantasy_rpg","tools":["inventory_service","template_pool_service","... (8 items)"]}
01:59:56 [[32minfo[39m]  Agent initialized: skill - SkillAgent
01:59:56 [[32minfo[39m] [AGENT-START] Agent skill starting {"agent":"skill","provider":null,"toolsConfigured":7,"maxIterations":200,"isSubAgent":true}
01:59:56 [[32minfo[39m]  Created AgentRuntime: skill {"profile":"fantasy_rpg","tools":["skill_service","template_pool_service","... (7 items)"]}
01:59:56 [[32minfo[39m]  Agent initialized: event - EventAgent
01:59:56 [[32minfo[39m] [AGENT-START] Agent event starting {"agent":"event","provider":null,"toolsConfigured":5,"maxIterations":200,"isSubAgent":true}
01:59:56 [[32minfo[39m]  Created AgentRuntime: event {"profile":"fantasy_rpg","tools":["event_service","game_time_service","... (5 items)"]}
01:59:56 [[32minfo[39m]  Agent initialized: time - TimeAgent
01:59:56 [[32minfo[39m] [AGENT-START] Agent time starting {"agent":"time","provider":null,"toolsConfigured":4,"maxIterations":200,"isSubAgent":true}
01:59:56 [[32minfo[39m]  Created AgentRuntime: time {"profile":"fantasy_rpg","tools":["game_time_service","rule_service","... (4 items)"]}
01:59:56 [[32minfo[39m]  Permissions configured from agent.tools for profile: fantasy_rpg
01:59:56 [[32minfo[39m]  YAML permissions configured
01:59:56 [[32minfo[39m]  Registering AgentRuntime instances to GameMasterAgent...
01:59:56 [[32minfo[39m]  Registered AgentRuntime to Coordinator: gamemaster
01:59:56 [[32minfo[39m]  Registered AgentRuntime to Coordinator: map
01:59:56 [[32minfo[39m]  Registered AgentRuntime to Coordinator: challenge
01:59:56 [[32minfo[39m]  Registered AgentRuntime to Coordinator: output
01:59:56 [[32minfo[39m]  Registered AgentRuntime to Coordinator: quest
01:59:56 [[32minfo[39m]  Registered AgentRuntime to Coordinator: npc_party
01:59:56 [[32minfo[39m]  Registered AgentRuntime to Coordinator: inventory
01:59:56 [[32minfo[39m]  Registered AgentRuntime to Coordinator: skill
01:59:56 [[32minfo[39m]  Registered AgentRuntime to Coordinator: event
01:59:56 [[32minfo[39m]  Registered AgentRuntime to Coordinator: time
01:59:56 [[32minfo[39m]  GameDataExpander configured (manifest path enabled)
01:59:56 [[32minfo[39m]  DedupService configured (dispatch log persistence enabled)
01:59:56 [[32minfo[39m]  Agent system initialized: 10 AgentRuntime instances created
鉁?Agent system initialized with 10 agents
鈿狅笍 YAML Agent system skipped: __vi_import_5__.initializeYamlAgentSystem is not a function
01:59:56 [[32minfo[39m]  Agent routes initialized
01:59:56 [[32minfo[39m]  Save routes initialized
01:59:56 [[32minfo[39m]  Synced template from YAML to DB: cthulhu-investigation
01:59:56 [[32minfo[39m]  Synced template from YAML to DB: cyberpunk-mercenary
01:59:56 [[32minfo[39m]  Synced template from YAML to DB: medieval-fantasy
01:59:56 [[32minfo[39m]  Synced template from YAML to DB: modern-romance
01:59:56 [[32minfo[39m]  Synced template from YAML to DB: xianxia
01:59:56 [[32minfo[39m]  Synced 5 templates from YAML to database
01:59:56 [[32minfo[39m]  Cache refreshed with 5 templates
01:59:56 [[32minfo[39m]  TemplateService loaded {"cachedTemplates":5}
鉁?Template YAML loaded and synced to DB
01:59:56 [[32minfo[39m]  Template routes initialized
鉁?Test environment setup complete
鉁?Database connection closed

 [32m鉁?[39m src/agents/__tests__/BaseAgent.request-scope.test.ts [2m ([22m[2m9 tests[22m[2m)[22m[33m 1401[2mms[22m[39m
[90mstdout[2m | src/programs/__tests__/ChallengeProgram.test.ts[22m[39m
01:59:57 [[32minfo[39m]  Help registry loaded: 22 tools {"tools":["batch_query_service","challenge_service","... (22 items)"]}
01:59:57 [[32minfo[39m]  Creating GameMasterAgent (as AgentRuntime with isSubAgent=false)
01:59:57 [[32minfo[39m]  Handler subscribed {"eventType":"dialogue"}
01:59:57 [[32minfo[39m]  Handler subscribed {"eventType":"combat_end"}
01:59:57 [[32minfo[39m]  AwarenessAutoSubscriber subscribed to dialogue + combat_end events
01:59:57 [[32minfo[39m]  Agent initialized: gamemaster - GameMasterAgent
01:59:57 [[32minfo[39m] [AGENT-START] Agent gamemaster starting {"agent":"gamemaster","provider":null,"toolsConfigured":1,"maxIterations":200,"isSubAgent":false}
01:59:57 [[32minfo[39m]  Handler subscribed {"eventType":"chapter_advanced"}
01:59:57 [[32minfo[39m]  Creating AgentRuntime instances from default profile: fantasy_rpg
01:59:57 [[32minfo[39m]  Creating agents from profile: fantasy_rpg {"agentCount":10}
01:59:57 [[32minfo[39m]  Agent initialized: gamemaster - GameMasterAgent
01:59:57 [[32minfo[39m] [AGENT-START] Agent gamemaster starting {"agent":"gamemaster","provider":null,"toolsConfigured":1,"maxIterations":200,"isSubAgent":false}
01:59:57 [[32minfo[39m]  Created AgentRuntime: gamemaster {"profile":"fantasy_rpg","tools":["all"]}
01:59:57 [[32minfo[39m]  Agent initialized: map - MapAgent
01:59:57 [[32minfo[39m] [AGENT-START] Agent map starting {"agent":"map","provider":null,"toolsConfigured":7,"maxIterations":200,"isSubAgent":true}
01:59:57 [[32minfo[39m]  Created AgentRuntime: map {"profile":"fantasy_rpg","tools":["map_service","npc_service","... (7 items)"]}
01:59:57 [[32minfo[39m]  Agent initialized: challenge - ChallengeAgent
01:59:57 [[32minfo[39m] [AGENT-START] Agent challenge starting {"agent":"challenge","provider":null,"toolsConfigured":9,"maxIterations":200,"isSubAgent":true}
01:59:57 [[32minfo[39m]  Created AgentRuntime: challenge {"profile":"fantasy_rpg","tools":["challenge_service","numerical_service","... (9 items)"]}
01:59:57 [[32minfo[39m]  Agent initialized: output - OutputAgent
01:59:57 [[32minfo[39m] [AGENT-START] Agent output starting {"agent":"output","provider":null,"toolsConfigured":5,"maxIterations":200,"isSubAgent":true}
01:59:57 [[32minfo[39m]  Created AgentRuntime: output {"profile":"fantasy_rpg","tools":["dialogue_service","dynamic_ui","... (5 items)"]}
01:59:57 [[32minfo[39m]  Agent initialized: quest - QuestAgent
01:59:57 [[32minfo[39m] [AGENT-START] Agent quest starting {"agent":"quest","provider":null,"toolsConfigured":11,"maxIterations":200,"isSubAgent":true}
01:59:57 [[32minfo[39m]  Created AgentRuntime: quest {"profile":"fantasy_rpg","tools":["quest_service","numerical_service","... (11 items)"]}
01:59:57 [[32minfo[39m]  Agent initialized: npc_party - NPCPartyAgent
01:59:57 [[32minfo[39m] [AGENT-START] Agent npc_party starting {"agent":"npc_party","provider":null,"toolsConfigured":9,"maxIterations":200,"isSubAgent":true}
01:59:57 [[32minfo[39m]  Created AgentRuntime: npc_party {"profile":"fantasy_rpg","tools":["npc_service","entity_graph_service","... (9 items)"]}
01:59:57 [[32minfo[39m]  Agent initialized: inventory - InventoryAgent
01:59:57 [[32minfo[39m] [AGENT-START] Agent inventory starting {"agent":"inventory","provider":null,"toolsConfigured":8,"maxIterations":200,"isSubAgent":true}
01:59:57 [[32minfo[39m]  Created AgentRuntime: inventory {"profile":"fantasy_rpg","tools":["inventory_service","template_pool_service","... (8 items)"]}
01:59:57 [[32minfo[39m]  Agent initialized: skill - SkillAgent
01:59:57 [[32minfo[39m] [AGENT-START] Agent skill starting {"agent":"skill","provider":null,"toolsConfigured":7,"maxIterations":200,"isSubAgent":true}
01:59:57 [[32minfo[39m]  Created AgentRuntime: skill {"profile":"fantasy_rpg","tools":["skill_service","template_pool_service","... (7 items)"]}
01:59:57 [[32minfo[39m]  Agent initialized: event - EventAgent
01:59:57 [[32minfo[39m] [AGENT-START] Agent event starting {"agent":"event","provider":null,"toolsConfigured":5,"maxIterations":200,"isSubAgent":true}
01:59:57 [[32minfo[39m]  Created AgentRuntime: event {"profile":"fantasy_rpg","tools":["event_service","game_time_service","... (5 items)"]}
01:59:57 [[32minfo[39m]  Agent initialized: time - TimeAgent
01:59:57 [[32minfo[39m] [AGENT-START] Agent time starting {"agent":"time","provider":null,"toolsConfigured":4,"maxIterations":200,"isSubAgent":true}
01:59:57 [[32minfo[39m]  Created AgentRuntime: time {"profile":"fantasy_rpg","tools":["game_time_service","rule_service","... (4 items)"]}
01:59:57 [[32minfo[39m]  Permissions configured from agent.tools for profile: fantasy_rpg
01:59:57 [[32minfo[39m]  YAML permissions configured
01:59:57 [[32minfo[39m]  Registering AgentRuntime instances to GameMasterAgent...
01:59:57 [[32minfo[39m]  Registered AgentRuntime to Coordinator: gamemaster
01:59:57 [[32minfo[39m]  Registered AgentRuntime to Coordinator: map
01:59:57 [[32minfo[39m]  Registered AgentRuntime to Coordinator: challenge
01:59:57 [[32minfo[39m]  Registered AgentRuntime to Coordinator: output
01:59:57 [[32minfo[39m]  Registered AgentRuntime to Coordinator: quest
01:59:57 [[32minfo[39m]  Registered AgentRuntime to Coordinator: npc_party
01:59:57 [[32minfo[39m]  Registered AgentRuntime to Coordinator: inventory
01:59:57 [[32minfo[39m]  Registered AgentRuntime to Coordinator: skill
01:59:57 [[32minfo[39m]  Registered AgentRuntime to Coordinator: event
01:59:57 [[32minfo[39m]  Registered AgentRuntime to Coordinator: time
01:59:57 [[32minfo[39m]  GameDataExpander configured (manifest path enabled)
01:59:57 [[32minfo[39m]  DedupService configured (dispatch log persistence enabled)
01:59:57 [[32minfo[39m]  Agent system initialized: 10 AgentRuntime instances created
鉁?Agent system initialized with 10 agents
鈿狅笍 YAML Agent system skipped: __vi_import_5__.initializeYamlAgentSystem is not a function
01:59:57 [[32minfo[39m]  Agent routes initialized
01:59:57 [[32minfo[39m]  Save routes initialized
01:59:57 [[32minfo[39m]  Synced template from YAML to DB: cthulhu-investigation
01:59:57 [[32minfo[39m]  Synced template from YAML to DB: cyberpunk-mercenary
01:59:57 [[32minfo[39m]  Synced template from YAML to DB: medieval-fantasy
01:59:57 [[32minfo[39m]  Synced template from YAML to DB: modern-romance
01:59:57 [[32minfo[39m]  Synced template from YAML to DB: xianxia
01:59:57 [[32minfo[39m]  Synced 5 templates from YAML to database
01:59:57 [[32minfo[39m]  Cache refreshed with 5 templates
01:59:57 [[32minfo[39m]  TemplateService loaded {"cachedTemplates":5}
鉁?Template YAML loaded and synced to DB
01:59:57 [[32minfo[39m]  Template routes initialized
鉁?Test environment setup complete
鉁?Database connection closed

 [32m鉁?[39m src/programs/__tests__/ChallengeProgram.test.ts [2m ([22m[2m16 tests[22m[2m)[22m[33m 1373[2mms[22m[39m
[90mstdout[2m | src/utils/__tests__/llm-json-normalize.test.ts[22m[39m
馃И Setting up comprehensive test environment...
鉁?Database connected
Running migration: 001_init.ts

[90mstdout[2m | src/utils/__tests__/llm-json-normalize.test.ts[22m[39m
Migration 001_init.ts completed successfully
Running migration: 002_add_equipped_index.ts

[90mstdout[2m | src/utils/__tests__/llm-json-normalize.test.ts[22m[39m
Migration 002_add_equipped_index.ts completed successfully
Running migration: 003_fix_information_boundaries_timestamps.ts
Migration 003_fix_information_boundaries_timestamps.ts completed successfully
Running migration: 004_drop_information_boundaries.ts

[90mstdout[2m | src/utils/__tests__/llm-json-normalize.test.ts[22m[39m
004_drop_information_boundaries: information_boundaries table not found, skipping migration
004_drop_information_boundaries: cleared custom_data.knowledge from 0 NPCs
Migration 004_drop_information_boundaries.ts completed successfully
Running migration: 005_drop_npc_relations.ts

[90mstdout[2m | src/utils/__tests__/llm-json-normalize.test.ts[22m[39m
005_drop_npc_relations: dropped npc_relations table
Migration 005_drop_npc_relations.ts completed successfully
Running migration: 006_awareness_relationship_events_states.ts

[90mstdout[2m | src/services/__tests__/ClientSessionManager.test.ts[22m[39m
馃И Setting up comprehensive test environment...
鉁?Database connected
Running migration: 001_init.ts

[90mstdout[2m | src/utils/__tests__/llm-json-normalize.test.ts[22m[39m
006: created entity_awareness_events table
006: created entity_awareness_states table
006: created entity_relationship_events table
006: created entity_relationship_states table
Migration 006_awareness_relationship_events_states.ts completed successfully
Running migration: 007_add_combat_mode.ts

[90mstdout[2m | src/services/__tests__/ClientSessionManager.test.ts[22m[39m
Migration 001_init.ts completed successfully
Running migration: 002_add_equipped_index.ts

[90mstdout[2m | src/services/__tests__/ClientSessionManager.test.ts[22m[39m
Migration 002_add_equipped_index.ts completed successfully
Running migration: 003_fix_information_boundaries_timestamps.ts

[90mstdout[2m | src/services/__tests__/ClientSessionManager.test.ts[22m[39m
Migration 003_fix_information_boundaries_timestamps.ts completed successfully
Running migration: 004_drop_information_boundaries.ts

[90mstdout[2m | src/services/__tests__/ClientSessionManager.test.ts[22m[39m
004_drop_information_boundaries: information_boundaries table not found, skipping migration
004_drop_information_boundaries: cleared custom_data.knowledge from 0 NPCs
Migration 004_drop_information_boundaries.ts completed successfully
Running migration: 005_drop_npc_relations.ts
005_drop_npc_relations: dropped npc_relations table
Migration 005_drop_npc_relations.ts completed successfully
Running migration: 006_awareness_relationship_events_states.ts

[90mstdout[2m | src/utils/__tests__/llm-json-normalize.test.ts[22m[39m
007: added combat_states.mode column
Migration 007_add_combat_mode.ts completed successfully
Running migration: 008_add_saves_active_challenge_mode.ts
008: added saves.active_challenge_mode column
Migration 008_add_saves_active_challenge_mode.ts completed successfully
All migrations completed
鉁?Migrations completed
All seeds completed
鉁?Seeds completed
01:59:57 [[32minfo[39m]  Starting YAML-driven Agent system initialization
01:59:57 [[32minfo[39m]  Seeding ModelConfigService from environment
01:59:57 [[32minfo[39m]  No DEEPSEEK_API_KEY env var found, skipping env seed
01:59:58 [[32minfo[39m]  Seeded provider from convict config {"providerType":"openai","providerId":"e703b9fc-133b-4633-979e-b6c8565930fc","model":"openrouter/free"}
01:59:58 [[32minfo[39m]  Creating LLMService with ModelConfigService
01:59:58 [[32minfo[39m]  Creating ContextService and DecisionLogService instances
01:59:58 [[32minfo[39m]  Initializing YAML-driven Agent profiles...
01:59:58 [[32minfo[39m]  Loading config from directory: C:\Users\super\Documents\trae_projects\AGG-main\packages\backend\config
01:59:58 [[32minfo[39m]  Loaded agent profile: fantasy_rpg
01:59:58 [[32minfo[39m]  Loaded agent profile: minimal_test
01:59:58 [[32minfo[39m]  Loaded 0 non-builtin profiles from database (0 builtin skipped, using YAML)
01:59:58 [[32minfo[39m]  Config loaded successfully: 2 profiles
01:59:58 [[32minfo[39m]  YAML config loaded successfully
01:59:58 [[32minfo[39m]  Context rules loaded {"agentCount":10}
01:59:58 [[32minfo[39m]  Default manifests loaded {"agentTypeCount":6,"manifestCount":8}
01:59:58 [[32minfo[39m]  Context rules file watcher started {"path":"C:\\Users\\super\\Documents\\trae_projects\\AGG-main\\packages\\backend\\config\\agent-context-rules.yaml"}
01:59:58 [[32minfo[39m]  Loaded 10 agent capabilities from YAML profiles
01:59:58 [[32minfo[39m]  ToolRegistry initialized
01:59:58 [[32minfo[39m]  Registering ServiceTools to ToolRegistry
01:59:58 [[32minfo[39m]  Tool registered: game_time_service - GameTime Service (v1.0.0)
01:59:58 [[32minfo[39m]  Tool registered: numerical_service - Numerical Service (v1.0.0)
01:59:58 [[32minfo[39m]  Tool registered: character_service - Character Service (v1.0.0)
01:59:58 [[32minfo[39m]  Tool registered: inventory_service - Inventory Service (v1.0.0)
01:59:58 [[32minfo[39m]  Tool registered: skill_service - Skill Service (v1.1.0)
01:59:58 [[32minfo[39m]  Tool registered: map_service - Map Service (v2.0.0)
01:59:58 [[32minfo[39m]  Tool registered: npc_service - NPC Service (v1.0.0)
01:59:58 [[32minfo[39m]  Tool registered: dialogue_service - Dialogue Service (v1.0.0)
01:59:58 [[32minfo[39m]  Tool registered: quest_service - Quest Service (v1.0.0)
01:59:58 [[32minfo[39m]  Tool registered: challenge_service - Challenge Service (v1.0.0)
01:59:58 [[32minfo[39m]  Tool registered: event_service - Event Service (v1.0.0)
01:59:58 [[32minfo[39m]  Tool registered: story_service - Story Service (v1.0.0)
01:59:58 [[32minfo[39m]  Tool registered: game_init_service - Game Init Service (v2.0.0)
01:59:58 [[32minfo[39m]  Tool registered: batch_query_service - Batch Query Service (v1.0.0)
01:59:58 [[32minfo[39m]  Tool registered: entity_graph_service - Entity Graph Service (v1.0.0)
01:59:58 [[32minfo[39m]  Tool registered: template_pool_service - Template Pool Service (v1.0.0)
01:59:58 [[32minfo[39m]  Tool registered: dynamic_ui - Dynamic UI Service (v1.0.0)
01:59:58 [[32minfo[39m]  Tool registered: generate_options - Generate Options Service (v2.0.0)
01:59:58 [[32minfo[39m]  Tool registered: coordinator_service - Coordinator Service (v1.0.0)
01:59:58 [[32minfo[39m]  Tool registered: rule_service - Rule Service (v1.0.0)
01:59:58 [[32minfo[39m]  Tool registered: skill_loader - Skill Loader (v1.0.0)
01:59:58 [[32minfo[39m]  Tool registered: help_service - Help Service (v1.0.0)
01:59:58 [[32minfo[39m]  Tool registered: memory_service - Memory Service (v1.0.0)
01:59:58 [[32minfo[39m]  Registered 23 ServiceTools to ToolRegistry
01:59:58 [[32minfo[39m]  Tool reference validation passed

[90mstdout[2m | src/services/__tests__/ClientSessionManager.test.ts[22m[39m
006: created entity_awareness_events table
006: created entity_awareness_states table
006: created entity_relationship_events table
006: created entity_relationship_states table
Migration 006_awareness_relationship_events_states.ts completed successfully
Running migration: 007_add_combat_mode.ts
007: added combat_states.mode column
Migration 007_add_combat_mode.ts completed successfully
Running migration: 008_add_saves_active_challenge_mode.ts
008: added saves.active_challenge_mode column
Migration 008_add_saves_active_challenge_mode.ts completed successfully
All migrations completed
鉁?Migrations completed
All seeds completed
鉁?Seeds completed
01:59:58 [[32minfo[39m]  Starting YAML-driven Agent system initialization
01:59:58 [[32minfo[39m]  Seeding ModelConfigService from environment
01:59:58 [[32minfo[39m]  No DEEPSEEK_API_KEY env var found, skipping env seed
01:59:58 [[32minfo[39m]  Seeded provider from convict config {"providerType":"openai","providerId":"c47a53e4-0738-451a-a7c1-e2f12c2e943f","model":"openrouter/free"}
01:59:58 [[32minfo[39m]  Creating LLMService with ModelConfigService
01:59:58 [[32minfo[39m]  Creating ContextService and DecisionLogService instances
01:59:58 [[32minfo[39m]  Initializing YAML-driven Agent profiles...
01:59:58 [[32minfo[39m]  Loading config from directory: C:\Users\super\Documents\trae_projects\AGG-main\packages\backend\config
01:59:58 [[32minfo[39m]  Loaded agent profile: fantasy_rpg
01:59:58 [[32minfo[39m]  Loaded agent profile: minimal_test
01:59:58 [[32minfo[39m]  Loaded 0 non-builtin profiles from database (0 builtin skipped, using YAML)
01:59:58 [[32minfo[39m]  Config loaded successfully: 2 profiles
01:59:58 [[32minfo[39m]  YAML config loaded successfully
01:59:58 [[32minfo[39m]  Context rules loaded {"agentCount":10}
01:59:58 [[32minfo[39m]  Default manifests loaded {"agentTypeCount":6,"manifestCount":8}
01:59:58 [[32minfo[39m]  Context rules file watcher started {"path":"C:\\Users\\super\\Documents\\trae_projects\\AGG-main\\packages\\backend\\config\\agent-context-rules.yaml"}
01:59:58 [[32minfo[39m]  Loaded 10 agent capabilities from YAML profiles
01:59:58 [[32minfo[39m]  ToolRegistry initialized
01:59:58 [[32minfo[39m]  Registering ServiceTools to ToolRegistry
01:59:58 [[32minfo[39m]  Tool registered: game_time_service - GameTime Service (v1.0.0)
01:59:58 [[32minfo[39m]  Tool registered: numerical_service - Numerical Service (v1.0.0)
01:59:58 [[32minfo[39m]  Tool registered: character_service - Character Service (v1.0.0)
01:59:58 [[32minfo[39m]  Tool registered: inventory_service - Inventory Service (v1.0.0)
01:59:58 [[32minfo[39m]  Tool registered: skill_service - Skill Service (v1.1.0)
01:59:58 [[32minfo[39m]  Tool registered: map_service - Map Service (v2.0.0)
01:59:58 [[32minfo[39m]  Tool registered: npc_service - NPC Service (v1.0.0)
01:59:58 [[32minfo[39m]  Tool registered: dialogue_service - Dialogue Service (v1.0.0)
01:59:58 [[32minfo[39m]  Tool registered: quest_service - Quest Service (v1.0.0)
01:59:58 [[32minfo[39m]  Tool registered: challenge_service - Challenge Service (v1.0.0)
01:59:58 [[32minfo[39m]  Tool registered: event_service - Event Service (v1.0.0)
01:59:58 [[32minfo[39m]  Tool registered: story_service - Story Service (v1.0.0)
01:59:58 [[32minfo[39m]  Tool registered: game_init_service - Game Init Service (v2.0.0)
01:59:58 [[32minfo[39m]  Tool registered: batch_query_service - Batch Query Service (v1.0.0)
01:59:58 [[32minfo[39m]  Tool registered: entity_graph_service - Entity Graph Service (v1.0.0)
01:59:58 [[32minfo[39m]  Tool registered: template_pool_service - Template Pool Service (v1.0.0)
01:59:58 [[32minfo[39m]  Tool registered: dynamic_ui - Dynamic UI Service (v1.0.0)
01:59:58 [[32minfo[39m]  Tool registered: generate_options - Generate Options Service (v2.0.0)
01:59:58 [[32minfo[39m]  Tool registered: coordinator_service - Coordinator Service (v1.0.0)
01:59:58 [[32minfo[39m]  Tool registered: rule_service - Rule Service (v1.0.0)
01:59:58 [[32minfo[39m]  Tool registered: skill_loader - Skill Loader (v1.0.0)
01:59:58 [[32minfo[39m]  Tool registered: help_service - Help Service (v1.0.0)
01:59:58 [[32minfo[39m]  Tool registered: memory_service - Memory Service (v1.0.0)
01:59:58 [[32minfo[39m]  Registered 23 ServiceTools to ToolRegistry
01:59:58 [[32minfo[39m]  Tool reference validation passed

[90mstdout[2m | src/game-systems/character/__tests__/character-duplicate-prevention.test.ts[22m[39m
馃И Setting up comprehensive test environment...
鉁?Database connected
Running migration: 001_init.ts

[90mstdout[2m | tests/agent-system/lifecycle.test.ts[2m > [22m[2mAgent Lifecycle and State Management[2m > [22m[2mAgent Status Management[2m > [22m[2mshould return agent status to idle after processing a direct message[22m[39m
01:59:57 [[31merror[39m]  LLM API call failed {"provider":"openai","model":"openrouter/free","method":"chat","error":"429 Rate limit exceeded: free-models-per-day. Add 10 credits to unlock 1000 free model requests per day"}
01:59:57 [[33mwarn[39m]  Chat attempt 1/3 failed {"error":"openai chat: Rate limit exceeded: 429 Rate limit exceeded: free-models-per-day. Add 10 credits to unlock 1000 free model requests per day","provider":"5f23448c-47dc-4128-8ccc-fa16f9550481","model":"openrouter/free","category":"rate_limit","retryable":true,"shouldRetry":true,"delayMs":5086.253724387874}
01:59:57 [[33mwarn[39m]  API key failure reported, switching to next key {"providerId":"5f23448c-47dc-4128-8ccc-fa16f9550481","failedKeyIndex":0,"error":"openai chat: Rate limit exceeded: 429 Rate limit exceeded: free-models-per-day. Add 10 credits to unlock 1000 free model requests per day"}
01:59:58 [[32minfo[39m]  Waiting 5086ms before retry {"attempt":1,"category":"rate_limit","provider":"5f23448c-47dc-4128-8ccc-fa16f9550481","model":"openrouter/free"}

[90mstdout[2m | src/services/__tests__/ClientSessionManager.test.ts[22m[39m
01:59:58 [[32minfo[39m]  Discovered 187 help files {"dir":"C:\\Users\\super\\Documents\\trae_projects\\AGG-main\\packages\\backend\\config\\agent-help"}

[90mstdout[2m | src/game-systems/character/__tests__/character-duplicate-prevention.test.ts[22m[39m
Migration 001_init.ts completed successfully
Running migration: 002_add_equipped_index.ts

[90mstdout[2m | src/game-systems/character/__tests__/character-duplicate-prevention.test.ts[22m[39m
Migration 002_add_equipped_index.ts completed successfully
Running migration: 003_fix_information_boundaries_timestamps.ts
Migration 003_fix_information_boundaries_timestamps.ts completed successfully
Running migration: 004_drop_information_boundaries.ts
004_drop_information_boundaries: information_boundaries table not found, skipping migration
004_drop_information_boundaries: cleared custom_data.knowledge from 0 NPCs
Migration 004_drop_information_boundaries.ts completed successfully
Running migration: 005_drop_npc_relations.ts
005_drop_npc_relations: dropped npc_relations table
Migration 005_drop_npc_relations.ts completed successfully
Running migration: 006_awareness_relationship_events_states.ts

[90mstdout[2m | src/game-systems/character/__tests__/character-duplicate-prevention.test.ts[22m[39m
006: created entity_awareness_events table
006: created entity_awareness_states table
006: created entity_relationship_events table
006: created entity_relationship_states table
Migration 006_awareness_relationship_events_states.ts completed successfully
Running migration: 007_add_combat_mode.ts

[90mstdout[2m | src/game-systems/character/__tests__/character-duplicate-prevention.test.ts[22m[39m
007: added combat_states.mode column
Migration 007_add_combat_mode.ts completed successfully
Running migration: 008_add_saves_active_challenge_mode.ts

[90mstdout[2m | src/utils/__tests__/llm-json-normalize.test.ts[22m[39m
01:59:58 [[32minfo[39m]  Discovered 187 help files {"dir":"C:\\Users\\super\\Documents\\trae_projects\\AGG-main\\packages\\backend\\config\\agent-help"}

[90mstdout[2m | src/game-systems/character/__tests__/character-duplicate-prevention.test.ts[22m[39m
008: added saves.active_challenge_mode column
Migration 008_add_saves_active_challenge_mode.ts completed successfully
All migrations completed
鉁?Migrations completed
All seeds completed
鉁?Seeds completed
01:59:58 [[32minfo[39m]  Starting YAML-driven Agent system initialization
01:59:58 [[32minfo[39m]  Seeding ModelConfigService from environment
01:59:58 [[32minfo[39m]  No DEEPSEEK_API_KEY env var found, skipping env seed
01:59:58 [[32minfo[39m]  Seeded provider from convict config {"providerType":"openai","providerId":"c3f6246a-c85e-4512-9f7c-45b4f1db394e","model":"openrouter/free"}
01:59:58 [[32minfo[39m]  Creating LLMService with ModelConfigService
01:59:58 [[32minfo[39m]  Creating ContextService and DecisionLogService instances
01:59:58 [[32minfo[39m]  Initializing YAML-driven Agent profiles...
01:59:58 [[32minfo[39m]  Loading config from directory: C:\Users\super\Documents\trae_projects\AGG-main\packages\backend\config
01:59:58 [[32minfo[39m]  Loaded agent profile: fantasy_rpg
01:59:58 [[32minfo[39m]  Loaded agent profile: minimal_test
01:59:58 [[32minfo[39m]  Loaded 0 non-builtin profiles from database (0 builtin skipped, using YAML)
01:59:58 [[32minfo[39m]  Config loaded successfully: 2 profiles
01:59:58 [[32minfo[39m]  YAML config loaded successfully
01:59:58 [[32minfo[39m]  Context rules loaded {"agentCount":10}
01:59:58 [[32minfo[39m]  Default manifests loaded {"agentTypeCount":6,"manifestCount":8}
01:59:58 [[32minfo[39m]  Context rules file watcher started {"path":"C:\\Users\\super\\Documents\\trae_projects\\AGG-main\\packages\\backend\\config\\agent-context-rules.yaml"}
01:59:58 [[32minfo[39m]  Loaded 10 agent capabilities from YAML profiles
01:59:58 [[32minfo[39m]  ToolRegistry initialized
01:59:58 [[32minfo[39m]  Registering ServiceTools to ToolRegistry
01:59:58 [[32minfo[39m]  Tool registered: game_time_service - GameTime Service (v1.0.0)
01:59:58 [[32minfo[39m]  Tool registered: numerical_service - Numerical Service (v1.0.0)
01:59:58 [[32minfo[39m]  Tool registered: character_service - Character Service (v1.0.0)
01:59:58 [[32minfo[39m]  Tool registered: inventory_service - Inventory Service (v1.0.0)
01:59:58 [[32minfo[39m]  Tool registered: skill_service - Skill Service (v1.1.0)
01:59:58 [[32minfo[39m]  Tool registered: map_service - Map Service (v2.0.0)
01:59:58 [[32minfo[39m]  Tool registered: npc_service - NPC Service (v1.0.0)
01:59:58 [[32minfo[39m]  Tool registered: dialogue_service - Dialogue Service (v1.0.0)
01:59:58 [[32minfo[39m]  Tool registered: quest_service - Quest Service (v1.0.0)
01:59:58 [[32minfo[39m]  Tool registered: challenge_service - Challenge Service (v1.0.0)
01:59:58 [[32minfo[39m]  Tool registered: event_service - Event Service (v1.0.0)
01:59:58 [[32minfo[39m]  Tool registered: story_service - Story Service (v1.0.0)
01:59:58 [[32minfo[39m]  Tool registered: game_init_service - Game Init Service (v2.0.0)
01:59:58 [[32minfo[39m]  Tool registered: batch_query_service - Batch Query Service (v1.0.0)
01:59:58 [[32minfo[39m]  Tool registered: entity_graph_service - Entity Graph Service (v1.0.0)
01:59:58 [[32minfo[39m]  Tool registered: template_pool_service - Template Pool Service (v1.0.0)
01:59:58 [[32minfo[39m]  Tool registered: dynamic_ui - Dynamic UI Service (v1.0.0)
01:59:58 [[32minfo[39m]  Tool registered: generate_options - Generate Options Service (v2.0.0)
01:59:58 [[32minfo[39m]  Tool registered: coordinator_service - Coordinator Service (v1.0.0)
01:59:58 [[32minfo[39m]  Tool registered: rule_service - Rule Service (v1.0.0)
01:59:58 [[32minfo[39m]  Tool registered: skill_loader - Skill Loader (v1.0.0)
01:59:58 [[32minfo[39m]  Tool registered: help_service - Help Service (v1.0.0)
01:59:58 [[32minfo[39m]  Tool registered: memory_service - Memory Service (v1.0.0)
01:59:58 [[32minfo[39m]  Registered 23 ServiceTools to ToolRegistry
01:59:58 [[32minfo[39m]  Tool reference validation passed

[90mstdout[2m | src/game-systems/character/__tests__/character-duplicate-prevention.test.ts[22m[39m
01:59:58 [[32minfo[39m]  Discovered 187 help files {"dir":"C:\\Users\\super\\Documents\\trae_projects\\AGG-main\\packages\\backend\\config\\agent-help"}

[90mstdout[2m | tests/agent-system/scheduling.test.ts[2m > [22m[2mAgent Scheduling System[2m > [22m[2mDirect Agent Messaging[2m > [22m[2mshould process valid direct message to output agent[22m[39m
01:59:58 [[31merror[39m]  LLM API call failed {"provider":"openai","model":"openrouter/free","method":"chat","error":"429 Rate limit exceeded: free-models-per-day. Add 10 credits to unlock 1000 free model requests per day"}
01:59:58 [[33mwarn[39m]  Chat attempt 1/3 failed {"error":"openai chat: Rate limit exceeded: 429 Rate limit exceeded: free-models-per-day. Add 10 credits to unlock 1000 free model requests per day","provider":"e6890397-e2a2-4e66-82b0-162c76b51777","model":"openrouter/free","category":"rate_limit","retryable":true,"shouldRetry":true,"delayMs":5351.66121385518}
01:59:58 [[33mwarn[39m]  API key failure reported, switching to next key {"providerId":"e6890397-e2a2-4e66-82b0-162c76b51777","failedKeyIndex":0,"error":"openai chat: Rate limit exceeded: 429 Rate limit exceeded: free-models-per-day. Add 10 credits to unlock 1000 free model requests per day"}
01:59:58 [[32minfo[39m]  Waiting 5352ms before retry {"attempt":1,"category":"rate_limit","provider":"e6890397-e2a2-4e66-82b0-162c76b51777","model":"openrouter/free"}

[90mstdout[2m | tests/integration/cross-module.test.ts[22m[39m
馃И Setting up comprehensive test environment...
鉁?Database connected
Running migration: 001_init.ts

[90mstdout[2m | tests/integration/cross-module.test.ts[22m[39m
Migration 001_init.ts completed successfully
Running migration: 002_add_equipped_index.ts
Migration 002_add_equipped_index.ts completed successfully
Running migration: 003_fix_information_boundaries_timestamps.ts

[90mstdout[2m | tests/integration/cross-module.test.ts[22m[39m
Migration 003_fix_information_boundaries_timestamps.ts completed successfully
Running migration: 004_drop_information_boundaries.ts
004_drop_information_boundaries: information_boundaries table not found, skipping migration
004_drop_information_boundaries: cleared custom_data.knowledge from 0 NPCs
Migration 004_drop_information_boundaries.ts completed successfully
Running migration: 005_drop_npc_relations.ts
005_drop_npc_relations: dropped npc_relations table
Migration 005_drop_npc_relations.ts completed successfully
Running migration: 006_awareness_relationship_events_states.ts
006: created entity_awareness_events table
006: created entity_awareness_states table
006: created entity_relationship_events table
006: created entity_relationship_states table
Migration 006_awareness_relationship_events_states.ts completed successfully
Running migration: 007_add_combat_mode.ts

[90mstdout[2m | src/services/__tests__/ClientSessionManager.test.ts[22m[39m
01:59:58 [[32minfo[39m]  Help registry loaded: 22 tools {"tools":["batch_query_service","challenge_service","... (22 items)"]}
01:59:58 [[32minfo[39m]  Creating GameMasterAgent (as AgentRuntime with isSubAgent=false)
01:59:58 [[32minfo[39m]  Handler subscribed {"eventType":"dialogue"}
01:59:58 [[32minfo[39m]  Handler subscribed {"eventType":"combat_end"}
01:59:58 [[32minfo[39m]  AwarenessAutoSubscriber subscribed to dialogue + combat_end events
01:59:58 [[32minfo[39m]  Agent initialized: gamemaster - GameMasterAgent
01:59:58 [[32minfo[39m] [AGENT-START] Agent gamemaster starting {"agent":"gamemaster","provider":null,"toolsConfigured":1,"maxIterations":200,"isSubAgent":false}
01:59:58 [[32minfo[39m]  Handler subscribed {"eventType":"chapter_advanced"}
01:59:58 [[32minfo[39m]  Creating AgentRuntime instances from default profile: fantasy_rpg
01:59:58 [[32minfo[39m]  Creating agents from profile: fantasy_rpg {"agentCount":10}
01:59:58 [[32minfo[39m]  Agent initialized: gamemaster - GameMasterAgent
01:59:58 [[32minfo[39m] [AGENT-START] Agent gamemaster starting {"agent":"gamemaster","provider":null,"toolsConfigured":1,"maxIterations":200,"isSubAgent":false}
01:59:58 [[32minfo[39m]  Created AgentRuntime: gamemaster {"profile":"fantasy_rpg","tools":["all"]}
01:59:58 [[32minfo[39m]  Agent initialized: map - MapAgent
01:59:58 [[32minfo[39m] [AGENT-START] Agent map starting {"agent":"map","provider":null,"toolsConfigured":7,"maxIterations":200,"isSubAgent":true}
01:59:58 [[32minfo[39m]  Created AgentRuntime: map {"profile":"fantasy_rpg","tools":["map_service","npc_service","... (7 items)"]}
01:59:58 [[32minfo[39m]  Agent initialized: challenge - ChallengeAgent
01:59:58 [[32minfo[39m] [AGENT-START] Agent challenge starting {"agent":"challenge","provider":null,"toolsConfigured":9,"maxIterations":200,"isSubAgent":true}
01:59:58 [[32minfo[39m]  Created AgentRuntime: challenge {"profile":"fantasy_rpg","tools":["challenge_service","numerical_service","... (9 items)"]}
01:59:58 [[32minfo[39m]  Agent initialized: output - OutputAgent
01:59:58 [[32minfo[39m] [AGENT-START] Agent output starting {"agent":"output","provider":null,"toolsConfigured":5,"maxIterations":200,"isSubAgent":true}
01:59:58 [[32minfo[39m]  Created AgentRuntime: output {"profile":"fantasy_rpg","tools":["dialogue_service","dynamic_ui","... (5 items)"]}
01:59:58 [[32minfo[39m]  Agent initialized: quest - QuestAgent
01:59:58 [[32minfo[39m] [AGENT-START] Agent quest starting {"agent":"quest","provider":null,"toolsConfigured":11,"maxIterations":200,"isSubAgent":true}
01:59:58 [[32minfo[39m]  Created AgentRuntime: quest {"profile":"fantasy_rpg","tools":["quest_service","numerical_service","... (11 items)"]}
01:59:58 [[32minfo[39m]  Agent initialized: npc_party - NPCPartyAgent
01:59:58 [[32minfo[39m] [AGENT-START] Agent npc_party starting {"agent":"npc_party","provider":null,"toolsConfigured":9,"maxIterations":200,"isSubAgent":true}
01:59:58 [[32minfo[39m]  Created AgentRuntime: npc_party {"profile":"fantasy_rpg","tools":["npc_service","entity_graph_service","... (9 items)"]}
01:59:58 [[32minfo[39m]  Agent initialized: inventory - InventoryAgent
01:59:58 [[32minfo[39m] [AGENT-START] Agent inventory starting {"agent":"inventory","provider":null,"toolsConfigured":8,"maxIterations":200,"isSubAgent":true}
01:59:58 [[32minfo[39m]  Created AgentRuntime: inventory {"profile":"fantasy_rpg","tools":["inventory_service","template_pool_service","... (8 items)"]}
01:59:58 [[32minfo[39m]  Agent initialized: skill - SkillAgent
01:59:58 [[32minfo[39m] [AGENT-START] Agent skill starting {"agent":"skill","provider":null,"toolsConfigured":7,"maxIterations":200,"isSubAgent":true}
01:59:58 [[32minfo[39m]  Created AgentRuntime: skill {"profile":"fantasy_rpg","tools":["skill_service","template_pool_service","... (7 items)"]}
01:59:58 [[32minfo[39m]  Agent initialized: event - EventAgent
01:59:58 [[32minfo[39m] [AGENT-START] Agent event starting {"agent":"event","provider":null,"toolsConfigured":5,"maxIterations":200,"isSubAgent":true}
01:59:58 [[32minfo[39m]  Created AgentRuntime: event {"profile":"fantasy_rpg","tools":["event_service","game_time_service","... (5 items)"]}
01:59:58 [[32minfo[39m]  Agent initialized: time - TimeAgent
01:59:58 [[32minfo[39m] [AGENT-START] Agent time starting {"agent":"time","provider":null,"toolsConfigured":4,"maxIterations":200,"isSubAgent":true}
01:59:58 [[32minfo[39m]  Created AgentRuntime: time {"profile":"fantasy_rpg","tools":["game_time_service","rule_service","... (4 items)"]}
01:59:58 [[32minfo[39m]  Permissions configured from agent.tools for profile: fantasy_rpg
01:59:58 [[32minfo[39m]  YAML permissions configured
01:59:58 [[32minfo[39m]  Registering AgentRuntime instances to GameMasterAgent...
01:59:58 [[32minfo[39m]  Registered AgentRuntime to Coordinator: gamemaster
01:59:58 [[32minfo[39m]  Registered AgentRuntime to Coordinator: map
01:59:58 [[32minfo[39m]  Registered AgentRuntime to Coordinator: challenge
01:59:58 [[32minfo[39m]  Registered AgentRuntime to Coordinator: output
01:59:58 [[32minfo[39m]  Registered AgentRuntime to Coordinator: quest
01:59:58 [[32minfo[39m]  Registered AgentRuntime to Coordinator: npc_party
01:59:58 [[32minfo[39m]  Registered AgentRuntime to Coordinator: inventory
01:59:58 [[32minfo[39m]  Registered AgentRuntime to Coordinator: skill
01:59:58 [[32minfo[39m]  Registered AgentRuntime to Coordinator: event
01:59:58 [[32minfo[39m]  Registered AgentRuntime to Coordinator: time
01:59:58 [[32minfo[39m]  GameDataExpander configured (manifest path enabled)
01:59:58 [[32minfo[39m]  DedupService configured (dispatch log persistence enabled)
01:59:58 [[32minfo[39m]  Agent system initialized: 10 AgentRuntime instances created
鉁?Agent system initialized with 10 agents
鈿狅笍 YAML Agent system skipped: __vi_import_5__.initializeYamlAgentSystem is not a function
01:59:58 [[32minfo[39m]  Agent routes initialized
01:59:58 [[32minfo[39m]  Save routes initialized
01:59:58 [[32minfo[39m]  Synced template from YAML to DB: cthulhu-investigation
01:59:58 [[32minfo[39m]  Synced template from YAML to DB: cyberpunk-mercenary
01:59:58 [[32minfo[39m]  Synced template from YAML to DB: medieval-fantasy
01:59:58 [[32minfo[39m]  Synced template from YAML to DB: modern-romance
01:59:58 [[32minfo[39m]  Synced template from YAML to DB: xianxia
01:59:58 [[32minfo[39m]  Synced 5 templates from YAML to database
01:59:58 [[32minfo[39m]  Cache refreshed with 5 templates
01:59:58 [[32minfo[39m]  TemplateService loaded {"cachedTemplates":5}
鉁?Template YAML loaded and synced to DB
01:59:58 [[32minfo[39m]  Template routes initialized
鉁?Test environment setup complete
鉁?Database connection closed

 [32m鉁?[39m src/services/__tests__/ClientSessionManager.test.ts [2m ([22m[2m31 tests[22m[2m)[22m[33m 1025[2mms[22m[39m
[90mstdout[2m | src/game-systems/combat/__tests__/element-affinity-damage.test.ts[22m[39m
馃И Setting up comprehensive test environment...
鉁?Database connected
Running migration: 001_init.ts

[90mstdout[2m | src/game-systems/combat/__tests__/element-affinity-damage.test.ts[22m[39m
Migration 001_init.ts completed successfully
Running migration: 002_add_equipped_index.ts

[90mstdout[2m | src/game-systems/combat/__tests__/element-affinity-damage.test.ts[22m[39m
Migration 002_add_equipped_index.ts completed successfully
Running migration: 003_fix_information_boundaries_timestamps.ts
Migration 003_fix_information_boundaries_timestamps.ts completed successfully
Running migration: 004_drop_information_boundaries.ts
004_drop_information_boundaries: information_boundaries table not found, skipping migration
004_drop_information_boundaries: cleared custom_data.knowledge from 0 NPCs
Migration 004_drop_information_boundaries.ts completed successfully
Running migration: 005_drop_npc_relations.ts

[90mstdout[2m | src/game-systems/character/__tests__/character-duplicate-prevention.test.ts[2m > [22m[2mCharacterService.createCharacter 鍘婚噸闃叉姢[2m > [22m[2m璁捐鏂囨。 搂3 鐭╅樀 #2锛氬悓 saveId 宸插瓨鍦?鈫?澧為噺鏇存柊 + warnings[2m > [22m[2m宸插瓨鍦?鈫?杩斿洖 alreadyExists=true + warnings 鍚瓧娈电骇 diff[22m[39m
01:59:59 [[32minfo[39m]  Character already exists, applying incremental update {"saveId":"save-001","existingId":"char_鑹惧皵寰穇1784177145648_1","existingName":"鑹惧皵寰?}
01:59:59 [[32minfo[39m]  Character incremental update applied {"saveId":"save-001","existingId":"char_鑹惧皵寰穇1784177145648_1","updatedFields":["background","currentLocationId"],"blockedFields":[]}

[90mstdout[2m | src/game-systems/character/__tests__/character-duplicate-prevention.test.ts[2m > [22m[2mCharacterService.createCharacter 鍘婚噸闃叉姢[2m > [22m[2m璁捐鏂囨。 搂3 鐭╅樀 #2锛氬悓 saveId 宸插瓨鍦?鈫?澧為噺鏇存柊 + warnings[2m > [22m[2m澧為噺鏇存柊 currentLocationId锛氭棫鍊?鈫?鏂板€?[22m[39m
01:59:59 [[32minfo[39m]  Character already exists, applying incremental update {"saveId":"save-001","existingId":"char_鑹惧皵寰穇1784177145648_1","existingName":"鑹惧皵寰?}
01:59:59 [[32minfo[39m]  Character incremental update applied {"saveId":"save-001","existingId":"char_鑹惧皵寰穇1784177145648_1","updatedFields":["currentLocationId"],"blockedFields":[]}

[90mstdout[2m | src/game-systems/character/__tests__/character-duplicate-prevention.test.ts[2m > [22m[2mCharacterService.createCharacter 鍘婚噸闃叉姢[2m > [22m[2m璁捐鏂囨。 搂3 鐭╅樀 #2锛氬悓 saveId 宸插瓨鍦?鈫?澧為噺鏇存柊 + warnings[2m > [22m[2m澧為噺鏇存柊 race + class + background 澶氬瓧娈?[22m[39m
01:59:59 [[32minfo[39m]  Character already exists, applying incremental update {"saveId":"save-001","existingId":"char_鑹惧皵寰穇1784177145648_1","existingName":"鑹惧皵寰?}
01:59:59 [[32minfo[39m]  Character incremental update applied {"saveId":"save-001","existingId":"char_鑹惧皵寰穇1784177145648_1","updatedFields":["race","class","background"],"blockedFields":[]}

[90mstdout[2m | src/game-systems/character/__tests__/character-duplicate-prevention.test.ts[2m > [22m[2mCharacterService.createCharacter 鍘婚噸闃叉姢[2m > [22m[2m璁捐鏂囨。 搂3 鐭╅樀 #2锛氬悓 saveId 宸插瓨鍦?鈫?澧為噺鏇存柊 + warnings[2m > [22m[2mattributes 鍙樺寲鏃惰Е鍙?recalculateDerivedAttributes[22m[39m
01:59:59 [[32minfo[39m]  Character already exists, applying incremental update {"saveId":"save-001","existingId":"char_鑹惧皵寰穇1784177145648_1","existingName":"鑹惧皵寰?}
01:59:59 [[32minfo[39m]  Character incremental update applied {"saveId":"save-001","existingId":"char_鑹惧皵寰穇1784177145648_1","updatedFields":["attributes"],"blockedFields":[]}

[90mstdout[2m | src/game-systems/character/__tests__/character-duplicate-prevention.test.ts[2m > [22m[2mCharacterService.createCharacter 鍘婚噸闃叉姢[2m > [22m[2m璁捐鏂囨。 搂3 鐭╅樀 #2锛氬悓 saveId 宸插瓨鍦?鈫?澧為噺鏇存柊 + warnings[2m > [22m[2m鏃犲瓧娈靛彉鍖?鈫?warnings 鎻愮ず"鏃犲瓧娈靛彉鍖?[22m[39m
01:59:59 [[32minfo[39m]  Character already exists, applying incremental update {"saveId":"save-001","existingId":"char_鑹惧皵寰穇1784177145648_1","existingName":"鑹惧皵寰?}
01:59:59 [[32minfo[39m]  Character incremental update applied {"saveId":"save-001","existingId":"char_鑹惧皵寰穇1784177145648_1","updatedFields":[],"blockedFields":[]}

[90mstdout[2m | src/game-systems/character/__tests__/character-duplicate-prevention.test.ts[2m > [22m[2mCharacterService.createCharacter 鍘婚噸闃叉姢[2m > [22m[2m璁捐鏂囨。 搂3 榛戝悕鍗曞瓧娈佃Е鍙戞彁绀?[2m > [22m[2m榛戝悕鍗曞瓧娈碉紙id/saveId/createdAt锛夋嫆缁濇洿鏂板苟杩斿洖 blockedFields[22m[39m
01:59:59 [[32minfo[39m]  Character already exists, applying incremental update {"saveId":"save-001","existingId":"char_original_1","existingName":"鑹惧皵寰?}
01:59:59 [[32minfo[39m]  Character incremental update applied {"saveId":"save-001","existingId":"char_original_1","updatedFields":["background"],"blockedFields":[]}

[90mstdout[2m | src/game-systems/character/__tests__/character-duplicate-prevention.test.ts[2m > [22m[2mCharacterService.createCharacter 鍘婚噸闃叉姢[2m > [22m[2m璁捐鏂囨。 搂3锛氫笉瀛樺湪 鈫?姝ｅ父鍒涘缓娴佺▼[2m > [22m[2mfindEntityBySaveId 杩斿洖 null 鈫?姝ｅ父鍒涘缓锛屾棤 alreadyExists[22m[39m
01:59:59 [[32minfo[39m]  Character created {"saveId":"save-001","name":"鑹惧皵寰?,"race":"human","class":"warrior"}

 [32m鉁?[39m src/game-systems/character/__tests__/character-duplicate-prevention.test.ts [2m ([22m[2m7 tests[22m[2m)[22m[33m 918[2mms[22m[39m
[90mstdout[2m | src/game-systems/character/__tests__/character-duplicate-prevention.test.ts[22m[39m
01:59:58 [[32minfo[39m]  Help registry loaded: 22 tools {"tools":["batch_query_service","challenge_service","... (22 items)"]}
01:59:58 [[32minfo[39m]  Creating GameMasterAgent (as AgentRuntime with isSubAgent=false)
01:59:58 [[32minfo[39m]  Handler subscribed {"eventType":"dialogue"}
01:59:58 [[32minfo[39m]  Handler subscribed {"eventType":"combat_end"}
01:59:58 [[32minfo[39m]  AwarenessAutoSubscriber subscribed to dialogue + combat_end events
01:59:58 [[32minfo[39m]  Agent initialized: gamemaster - GameMasterAgent
01:59:58 [[32minfo[39m] [AGENT-START] Agent gamemaster starting {"agent":"gamemaster","provider":null,"toolsConfigured":1,"maxIterations":200,"isSubAgent":false}
01:59:58 [[32minfo[39m]  Handler subscribed {"eventType":"chapter_advanced"}
01:59:58 [[32minfo[39m]  Creating AgentRuntime instances from default profile: fantasy_rpg
01:59:58 [[32minfo[39m]  Creating agents from profile: fantasy_rpg {"agentCount":10}
01:59:58 [[32minfo[39m]  Agent initialized: gamemaster - GameMasterAgent
01:59:58 [[32minfo[39m] [AGENT-START] Agent gamemaster starting {"agent":"gamemaster","provider":null,"toolsConfigured":1,"maxIterations":200,"isSubAgent":false}
01:59:58 [[32minfo[39m]  Created AgentRuntime: gamemaster {"profile":"fantasy_rpg","tools":["all"]}
01:59:58 [[32minfo[39m]  Agent initialized: map - MapAgent
01:59:58 [[32minfo[39m] [AGENT-START] Agent map starting {"agent":"map","provider":null,"toolsConfigured":7,"maxIterations":200,"isSubAgent":true}
01:59:58 [[32minfo[39m]  Created AgentRuntime: map {"profile":"fantasy_rpg","tools":["map_service","npc_service","... (7 items)"]}
01:59:58 [[32minfo[39m]  Agent initialized: challenge - ChallengeAgent
01:59:58 [[32minfo[39m] [AGENT-START] Agent challenge starting {"agent":"challenge","provider":null,"toolsConfigured":9,"maxIterations":200,"isSubAgent":true}
01:59:58 [[32minfo[39m]  Created AgentRuntime: challenge {"profile":"fantasy_rpg","tools":["challenge_service","numerical_service","... (9 items)"]}
01:59:58 [[32minfo[39m]  Agent initialized: output - OutputAgent
01:59:58 [[32minfo[39m] [AGENT-START] Agent output starting {"agent":"output","provider":null,"toolsConfigured":5,"maxIterations":200,"isSubAgent":true}
01:59:58 [[32minfo[39m]  Created AgentRuntime: output {"profile":"fantasy_rpg","tools":["dialogue_service","dynamic_ui","... (5 items)"]}
01:59:58 [[32minfo[39m]  Agent initialized: quest - QuestAgent
01:59:58 [[32minfo[39m] [AGENT-START] Agent quest starting {"agent":"quest","provider":null,"toolsConfigured":11,"maxIterations":200,"isSubAgent":true}
01:59:58 [[32minfo[39m]  Created AgentRuntime: quest {"profile":"fantasy_rpg","tools":["quest_service","numerical_service","... (11 items)"]}
01:59:58 [[32minfo[39m]  Agent initialized: npc_party - NPCPartyAgent
01:59:58 [[32minfo[39m] [AGENT-START] Agent npc_party starting {"agent":"npc_party","provider":null,"toolsConfigured":9,"maxIterations":200,"isSubAgent":true}
01:59:58 [[32minfo[39m]  Created AgentRuntime: npc_party {"profile":"fantasy_rpg","tools":["npc_service","entity_graph_service","... (9 items)"]}
01:59:58 [[32minfo[39m]  Agent initialized: inventory - InventoryAgent
01:59:58 [[32minfo[39m] [AGENT-START] Agent inventory starting {"agent":"inventory","provider":null,"toolsConfigured":8,"maxIterations":200,"isSubAgent":true}
01:59:58 [[32minfo[39m]  Created AgentRuntime: inventory {"profile":"fantasy_rpg","tools":["inventory_service","template_pool_service","... (8 items)"]}
01:59:58 [[32minfo[39m]  Agent initialized: skill - SkillAgent
01:59:58 [[32minfo[39m] [AGENT-START] Agent skill starting {"agent":"skill","provider":null,"toolsConfigured":7,"maxIterations":200,"isSubAgent":true}
01:59:58 [[32minfo[39m]  Created AgentRuntime: skill {"profile":"fantasy_rpg","tools":["skill_service","template_pool_service","... (7 items)"]}
01:59:58 [[32minfo[39m]  Agent initialized: event - EventAgent
01:59:58 [[32minfo[39m] [AGENT-START] Agent event starting {"agent":"event","provider":null,"toolsConfigured":5,"maxIterations":200,"isSubAgent":true}
01:59:58 [[32minfo[39m]  Created AgentRuntime: event {"profile":"fantasy_rpg","tools":["event_service","game_time_service","... (5 items)"]}
01:59:58 [[32minfo[39m]  Agent initialized: time - TimeAgent
01:59:58 [[32minfo[39m] [AGENT-START] Agent time starting {"agent":"time","provider":null,"toolsConfigured":4,"maxIterations":200,"isSubAgent":true}
01:59:58 [[32minfo[39m]  Created AgentRuntime: time {"profile":"fantasy_rpg","tools":["game_time_service","rule_service","... (4 items)"]}
01:59:58 [[32minfo[39m]  Permissions configured from agent.tools for profile: fantasy_rpg
01:59:58 [[32minfo[39m]  YAML permissions configured
01:59:58 [[32minfo[39m]  Registering AgentRuntime instances to GameMasterAgent...
01:59:58 [[32minfo[39m]  Registered AgentRuntime to Coordinator: gamemaster
01:59:58 [[32minfo[39m]  Registered AgentRuntime to Coordinator: map
01:59:58 [[32minfo[39m]  Registered AgentRuntime to Coordinator: challenge
01:59:58 [[32minfo[39m]  Registered AgentRuntime to Coordinator: output
01:59:58 [[32minfo[39m]  Registered AgentRuntime to Coordinator: quest
01:59:58 [[32minfo[39m]  Registered AgentRuntime to Coordinator: npc_party
01:59:58 [[32minfo[39m]  Registered AgentRuntime to Coordinator: inventory
01:59:58 [[32minfo[39m]  Registered AgentRuntime to Coordinator: skill
01:59:58 [[32minfo[39m]  Registered AgentRuntime to Coordinator: event
01:59:58 [[32minfo[39m]  Registered AgentRuntime to Coordinator: time
01:59:58 [[32minfo[39m]  GameDataExpander configured (manifest path enabled)
01:59:58 [[32minfo[39m]  DedupService configured (dispatch log persistence enabled)
01:59:58 [[32minfo[39m]  Agent system initialized: 10 AgentRuntime instances created
鉁?Agent system initialized with 10 agents
鈿狅笍 YAML Agent system skipped: __vi_import_5__.initializeYamlAgentSystem is not a function
01:59:58 [[32minfo[39m]  Agent routes initialized
01:59:58 [[32minfo[39m]  Save routes initialized
01:59:58 [[32minfo[39m]  Synced template from YAML to DB: cthulhu-investigation
01:59:58 [[32minfo[39m]  Synced template from YAML to DB: cyberpunk-mercenary
01:59:58 [[32minfo[39m]  Synced template from YAML to DB: medieval-fantasy
01:59:58 [[32minfo[39m]  Synced template from YAML to DB: modern-romance
01:59:58 [[32minfo[39m]  Synced template from YAML to DB: xianxia
01:59:58 [[32minfo[39m]  Synced 5 templates from YAML to database
01:59:59 [[32minfo[39m]  Cache refreshed with 5 templates
01:59:59 [[32minfo[39m]  TemplateService loaded {"cachedTemplates":5}
鉁?Template YAML loaded and synced to DB
01:59:59 [[32minfo[39m]  Template routes initialized
鉁?Test environment setup complete
鉁?Database connection closed

[90mstdout[2m | tests/integration/cross-module.test.ts[22m[39m
007: added combat_states.mode column
Migration 007_add_combat_mode.ts completed successfully
Running migration: 008_add_saves_active_challenge_mode.ts
008: added saves.active_challenge_mode column
Migration 008_add_saves_active_challenge_mode.ts completed successfully
All migrations completed
鉁?Migrations completed
All seeds completed
鉁?Seeds completed
01:59:58 [[32minfo[39m]  Starting YAML-driven Agent system initialization
01:59:58 [[32minfo[39m]  Seeding ModelConfigService from environment
01:59:58 [[32minfo[39m]  No DEEPSEEK_API_KEY env var found, skipping env seed
01:59:58 [[32minfo[39m]  Seeded provider from convict config {"providerType":"openai","providerId":"d1541b28-678b-4ec9-aed9-f6ecd7eff2e2","model":"openrouter/free"}
01:59:58 [[32minfo[39m]  Creating LLMService with ModelConfigService
01:59:58 [[32minfo[39m]  Creating ContextService and DecisionLogService instances
01:59:58 [[32minfo[39m]  Initializing YAML-driven Agent profiles...
01:59:58 [[32minfo[39m]  Loading config from directory: C:\Users\super\Documents\trae_projects\AGG-main\packages\backend\config
01:59:58 [[32minfo[39m]  Loaded agent profile: fantasy_rpg
01:59:58 [[32minfo[39m]  Loaded agent profile: minimal_test
01:59:58 [[32minfo[39m]  Loaded 0 non-builtin profiles from database (0 builtin skipped, using YAML)
01:59:59 [[32minfo[39m]  Config loaded successfully: 2 profiles
01:59:59 [[32minfo[39m]  YAML config loaded successfully
01:59:59 [[32minfo[39m]  Context rules loaded {"agentCount":10}
01:59:59 [[32minfo[39m]  Default manifests loaded {"agentTypeCount":6,"manifestCount":8}
01:59:59 [[32minfo[39m]  Context rules file watcher started {"path":"C:\\Users\\super\\Documents\\trae_projects\\AGG-main\\packages\\backend\\config\\agent-context-rules.yaml"}
01:59:59 [[32minfo[39m]  Loaded 10 agent capabilities from YAML profiles
01:59:59 [[32minfo[39m]  ToolRegistry initialized
01:59:59 [[32minfo[39m]  Registering ServiceTools to ToolRegistry
01:59:59 [[32minfo[39m]  Tool registered: game_time_service - GameTime Service (v1.0.0)
01:59:59 [[32minfo[39m]  Tool registered: numerical_service - Numerical Service (v1.0.0)
01:59:59 [[32minfo[39m]  Tool registered: character_service - Character Service (v1.0.0)
01:59:59 [[32minfo[39m]  Tool registered: inventory_service - Inventory Service (v1.0.0)
01:59:59 [[32minfo[39m]  Tool registered: skill_service - Skill Service (v1.1.0)
01:59:59 [[32minfo[39m]  Tool registered: map_service - Map Service (v2.0.0)
01:59:59 [[32minfo[39m]  Tool registered: npc_service - NPC Service (v1.0.0)
01:59:59 [[32minfo[39m]  Tool registered: dialogue_service - Dialogue Service (v1.0.0)
01:59:59 [[32minfo[39m]  Tool registered: quest_service - Quest Service (v1.0.0)
01:59:59 [[32minfo[39m]  Tool registered: challenge_service - Challenge Service (v1.0.0)
01:59:59 [[32minfo[39m]  Tool registered: event_service - Event Service (v1.0.0)
01:59:59 [[32minfo[39m]  Tool registered: story_service - Story Service (v1.0.0)
01:59:59 [[32minfo[39m]  Tool registered: game_init_service - Game Init Service (v2.0.0)
01:59:59 [[32minfo[39m]  Tool registered: batch_query_service - Batch Query Service (v1.0.0)
01:59:59 [[32minfo[39m]  Tool registered: entity_graph_service - Entity Graph Service (v1.0.0)
01:59:59 [[32minfo[39m]  Tool registered: template_pool_service - Template Pool Service (v1.0.0)
01:59:59 [[32minfo[39m]  Tool registered: dynamic_ui - Dynamic UI Service (v1.0.0)
01:59:59 [[32minfo[39m]  Tool registered: generate_options - Generate Options Service (v2.0.0)
01:59:59 [[32minfo[39m]  Tool registered: coordinator_service - Coordinator Service (v1.0.0)
01:59:59 [[32minfo[39m]  Tool registered: rule_service - Rule Service (v1.0.0)
01:59:59 [[32minfo[39m]  Tool registered: skill_loader - Skill Loader (v1.0.0)
01:59:59 [[32minfo[39m]  Tool registered: help_service - Help Service (v1.0.0)
01:59:59 [[32minfo[39m]  Tool registered: memory_service - Memory Service (v1.0.0)
01:59:59 [[32minfo[39m]  Registered 23 ServiceTools to ToolRegistry
01:59:59 [[32minfo[39m]  Tool reference validation passed

[90mstdout[2m | tests/integration/cross-module.test.ts[22m[39m
01:59:59 [[32minfo[39m]  Discovered 187 help files {"dir":"C:\\Users\\super\\Documents\\trae_projects\\AGG-main\\packages\\backend\\config\\agent-help"}

[90mstdout[2m | src/game-systems/combat/__tests__/element-affinity-damage.test.ts[22m[39m
005_drop_npc_relations: dropped npc_relations table
Migration 005_drop_npc_relations.ts completed successfully
Running migration: 006_awareness_relationship_events_states.ts
006: created entity_awareness_events table
006: created entity_awareness_states table
006: created entity_relationship_events table
006: created entity_relationship_states table
Migration 006_awareness_relationship_events_states.ts completed successfully
Running migration: 007_add_combat_mode.ts
007: added combat_states.mode column
Migration 007_add_combat_mode.ts completed successfully
Running migration: 008_add_saves_active_challenge_mode.ts
008: added saves.active_challenge_mode column
Migration 008_add_saves_active_challenge_mode.ts completed successfully
All migrations completed
鉁?Migrations completed
All seeds completed
鉁?Seeds completed
01:59:58 [[32minfo[39m]  Starting YAML-driven Agent system initialization
01:59:58 [[32minfo[39m]  Seeding ModelConfigService from environment
01:59:58 [[32minfo[39m]  No DEEPSEEK_API_KEY env var found, skipping env seed
01:59:59 [[32minfo[39m]  Seeded provider from convict config {"providerType":"openai","providerId":"eaf72edd-d747-4942-aac4-c1ecdf6d29f5","model":"openrouter/free"}
01:59:59 [[32minfo[39m]  Creating LLMService with ModelConfigService
01:59:59 [[32minfo[39m]  Creating ContextService and DecisionLogService instances
01:59:59 [[32minfo[39m]  Initializing YAML-driven Agent profiles...
01:59:59 [[32minfo[39m]  Loading config from directory: C:\Users\super\Documents\trae_projects\AGG-main\packages\backend\config
01:59:59 [[32minfo[39m]  Loaded agent profile: fantasy_rpg
01:59:59 [[32minfo[39m]  Loaded agent profile: minimal_test
01:59:59 [[32minfo[39m]  Loaded 0 non-builtin profiles from database (0 builtin skipped, using YAML)
01:59:59 [[32minfo[39m]  Config loaded successfully: 2 profiles
01:59:59 [[32minfo[39m]  YAML config loaded successfully
01:59:59 [[32minfo[39m]  Context rules loaded {"agentCount":10}
01:59:59 [[32minfo[39m]  Default manifests loaded {"agentTypeCount":6,"manifestCount":8}
01:59:59 [[32minfo[39m]  Context rules file watcher started {"path":"C:\\Users\\super\\Documents\\trae_projects\\AGG-main\\packages\\backend\\config\\agent-context-rules.yaml"}
01:59:59 [[32minfo[39m]  Loaded 10 agent capabilities from YAML profiles
01:59:59 [[32minfo[39m]  ToolRegistry initialized
01:59:59 [[32minfo[39m]  Registering ServiceTools to ToolRegistry
01:59:59 [[32minfo[39m]  Tool registered: game_time_service - GameTime Service (v1.0.0)
01:59:59 [[32minfo[39m]  Tool registered: numerical_service - Numerical Service (v1.0.0)
01:59:59 [[32minfo[39m]  Tool registered: character_service - Character Service (v1.0.0)
01:59:59 [[32minfo[39m]  Tool registered: inventory_service - Inventory Service (v1.0.0)
01:59:59 [[32minfo[39m]  Tool registered: skill_service - Skill Service (v1.1.0)
01:59:59 [[32minfo[39m]  Tool registered: map_service - Map Service (v2.0.0)
01:59:59 [[32minfo[39m]  Tool registered: npc_service - NPC Service (v1.0.0)
01:59:59 [[32minfo[39m]  Tool registered: dialogue_service - Dialogue Service (v1.0.0)
01:59:59 [[32minfo[39m]  Tool registered: quest_service - Quest Service (v1.0.0)
01:59:59 [[32minfo[39m]  Tool registered: challenge_service - Challenge Service (v1.0.0)
01:59:59 [[32minfo[39m]  Tool registered: event_service - Event Service (v1.0.0)
01:59:59 [[32minfo[39m]  Tool registered: story_service - Story Service (v1.0.0)
01:59:59 [[32minfo[39m]  Tool registered: game_init_service - Game Init Service (v2.0.0)
01:59:59 [[32minfo[39m]  Tool registered: batch_query_service - Batch Query Service (v1.0.0)
01:59:59 [[32minfo[39m]  Tool registered: entity_graph_service - Entity Graph Service (v1.0.0)
01:59:59 [[32minfo[39m]  Tool registered: template_pool_service - Template Pool Service (v1.0.0)
01:59:59 [[32minfo[39m]  Tool registered: dynamic_ui - Dynamic UI Service (v1.0.0)
01:59:59 [[32minfo[39m]  Tool registered: generate_options - Generate Options Service (v2.0.0)
01:59:59 [[32minfo[39m]  Tool registered: coordinator_service - Coordinator Service (v1.0.0)
01:59:59 [[32minfo[39m]  Tool registered: rule_service - Rule Service (v1.0.0)
01:59:59 [[32minfo[39m]  Tool registered: skill_loader - Skill Loader (v1.0.0)
01:59:59 [[32minfo[39m]  Tool registered: help_service - Help Service (v1.0.0)
01:59:59 [[32minfo[39m]  Tool registered: memory_service - Memory Service (v1.0.0)
01:59:59 [[32minfo[39m]  Registered 23 ServiceTools to ToolRegistry
01:59:59 [[32minfo[39m]  Tool reference validation passed

[90mstdout[2m | src/agents/prompt/__tests__/init-mode.test.ts[22m[39m
馃И Setting up comprehensive test environment...
鉁?Database connected
Running migration: 001_init.ts

[90mstdout[2m | src/agents/prompt/__tests__/init-mode.test.ts[22m[39m
Migration 001_init.ts completed successfully
Running migration: 002_add_equipped_index.ts

[90mstdout[2m | src/agents/prompt/__tests__/init-mode.test.ts[22m[39m
Migration 002_add_equipped_index.ts completed successfully
Running migration: 003_fix_information_boundaries_timestamps.ts

[90mstdout[2m | src/utils/__tests__/llm-json-normalize.test.ts[2m > [22m[2mattemptTruncatedJSONRepair[2m > [22m[2mrepairs truncated JSON with unclosed string[22m[39m
01:59:59 [[32minfo[39m]  JSON repaired by jsonrepair library {"originalLength":67}

[90mstdout[2m | src/utils/__tests__/llm-json-normalize.test.ts[2m > [22m[2mattemptTruncatedJSONRepair[2m > [22m[2mrepairs truncated JSON with missing closing braces[22m[39m
01:59:59 [[32minfo[39m]  JSON repaired by jsonrepair library {"originalLength":60}

[90mstdout[2m | src/utils/__tests__/llm-json-normalize.test.ts[2m > [22m[2mattemptTruncatedJSONRepair[2m > [22m[2mrepairs truncated JSON with incomplete key-value pair at end[22m[39m
01:59:59 [[32minfo[39m]  JSON repaired by jsonrepair library {"originalLength":45}

[90mstdout[2m | src/utils/__tests__/llm-json-normalize.test.ts[2m > [22m[2mattemptTruncatedJSONRepair[2m > [22m[2mrepairs JSON with trailing comma[22m[39m
01:59:59 [[32minfo[39m]  JSON repaired by jsonrepair library {"originalLength":17}

[90mstdout[2m | src/utils/__tests__/llm-json-normalize.test.ts[2m > [22m[2mattemptTruncatedJSONRepair[2m > [22m[2mrepairs truncated JSON with trailing comma after last complete element[22m[39m
01:59:59 [[32minfo[39m]  JSON repaired by jsonrepair library {"originalLength":58}

[90mstdout[2m | src/utils/__tests__/llm-json-normalize.test.ts[2m > [22m[2mattemptTruncatedJSONRepair[2m > [22m[2mrepairs deeply truncated JSON by progressive truncation[22m[39m
01:59:59 [[32minfo[39m]  JSON repaired by jsonrepair library {"originalLength":39}

[90mstdout[2m | src/utils/__tests__/llm-json-normalize.test.ts[2m > [22m[2mattemptTruncatedJSONRepair[2m > [22m[2mhandles string values containing } character correctly[22m[39m
01:59:59 [[32minfo[39m]  JSON repaired by jsonrepair library {"originalLength":41}

[90mstdout[2m | src/utils/__tests__/llm-json-normalize.test.ts[2m > [22m[2mparseLLMJson with normalizeKeys[2m > [22m[2mhandles LLM output wrapped in markdown code blocks[22m[39m
01:59:59 [[32minfo[39m]  LLM JSON extracted from markdown in test

[90mstdout[2m | src/utils/__tests__/llm-json-normalize.test.ts[2m > [22m[2mparseLLMJson with normalizeKeys[2m > [22m[2mhandles truncated LLM output in markdown code block without closing ```[22m[39m
01:59:59 [[32minfo[39m]  JSON repaired by jsonrepair library {"originalLength":92}

[90mstdout[2m | src/utils/__tests__/llm-json-normalize.test.ts[2m > [22m[2mparseLLMJson with normalizeKeys[2m > [22m[2mhandles real-world truncated LLM output scenario[22m[39m
01:59:59 [[32minfo[39m]  JSON repaired by jsonrepair library {"originalLength":177}

[90mstdout[2m | src/utils/__tests__/llm-json-normalize.test.ts[22m[39m
01:59:59 [[32minfo[39m]  Help registry loaded: 22 tools {"tools":["batch_query_service","challenge_service","... (22 items)"]}
01:59:59 [[32minfo[39m]  Creating GameMasterAgent (as AgentRuntime with isSubAgent=false)
01:59:59 [[32minfo[39m]  Handler subscribed {"eventType":"dialogue"}
01:59:59 [[32minfo[39m]  Handler subscribed {"eventType":"combat_end"}
01:59:59 [[32minfo[39m]  AwarenessAutoSubscriber subscribed to dialogue + combat_end events
01:59:59 [[32minfo[39m]  Agent initialized: gamemaster - GameMasterAgent
01:59:59 [[32minfo[39m] [AGENT-START] Agent gamemaster starting {"agent":"gamemaster","provider":null,"toolsConfigured":1,"maxIterations":200,"isSubAgent":false}
01:59:59 [[32minfo[39m]  Handler subscribed {"eventType":"chapter_advanced"}
01:59:59 [[32minfo[39m]  Creating AgentRuntime instances from default profile: fantasy_rpg
01:59:59 [[32minfo[39m]  Creating agents from profile: fantasy_rpg {"agentCount":10}
01:59:59 [[32minfo[39m]  Agent initialized: gamemaster - GameMasterAgent
01:59:59 [[32minfo[39m] [AGENT-START] Agent gamemaster starting {"agent":"gamemaster","provider":null,"toolsConfigured":1,"maxIterations":200,"isSubAgent":false}
01:59:59 [[32minfo[39m]  Created AgentRuntime: gamemaster {"profile":"fantasy_rpg","tools":["all"]}
01:59:59 [[32minfo[39m]  Agent initialized: map - MapAgent
01:59:59 [[32minfo[39m] [AGENT-START] Agent map starting {"agent":"map","provider":null,"toolsConfigured":7,"maxIterations":200,"isSubAgent":true}
01:59:59 [[32minfo[39m]  Created AgentRuntime: map {"profile":"fantasy_rpg","tools":["map_service","npc_service","... (7 items)"]}
01:59:59 [[32minfo[39m]  Agent initialized: challenge - ChallengeAgent
01:59:59 [[32minfo[39m] [AGENT-START] Agent challenge starting {"agent":"challenge","provider":null,"toolsConfigured":9,"maxIterations":200,"isSubAgent":true}
01:59:59 [[32minfo[39m]  Created AgentRuntime: challenge {"profile":"fantasy_rpg","tools":["challenge_service","numerical_service","... (9 items)"]}
01:59:59 [[32minfo[39m]  Agent initialized: output - OutputAgent
01:59:59 [[32minfo[39m] [AGENT-START] Agent output starting {"agent":"output","provider":null,"toolsConfigured":5,"maxIterations":200,"isSubAgent":true}
01:59:59 [[32minfo[39m]  Created AgentRuntime: output {"profile":"fantasy_rpg","tools":["dialogue_service","dynamic_ui","... (5 items)"]}
01:59:59 [[32minfo[39m]  Agent initialized: quest - QuestAgent
01:59:59 [[32minfo[39m] [AGENT-START] Agent quest starting {"agent":"quest","provider":null,"toolsConfigured":11,"maxIterations":200,"isSubAgent":true}
01:59:59 [[32minfo[39m]  Created AgentRuntime: quest {"profile":"fantasy_rpg","tools":["quest_service","numerical_service","... (11 items)"]}
01:59:59 [[32minfo[39m]  Agent initialized: npc_party - NPCPartyAgent
01:59:59 [[32minfo[39m] [AGENT-START] Agent npc_party starting {"agent":"npc_party","provider":null,"toolsConfigured":9,"maxIterations":200,"isSubAgent":true}
01:59:59 [[32minfo[39m]  Created AgentRuntime: npc_party {"profile":"fantasy_rpg","tools":["npc_service","entity_graph_service","... (9 items)"]}
01:59:59 [[32minfo[39m]  Agent initialized: inventory - InventoryAgent
01:59:59 [[32minfo[39m] [AGENT-START] Agent inventory starting {"agent":"inventory","provider":null,"toolsConfigured":8,"maxIterations":200,"isSubAgent":true}
01:59:59 [[32minfo[39m]  Created AgentRuntime: inventory {"profile":"fantasy_rpg","tools":["inventory_service","template_pool_service","... (8 items)"]}
01:59:59 [[32minfo[39m]  Agent initialized: skill - SkillAgent
01:59:59 [[32minfo[39m] [AGENT-START] Agent skill starting {"agent":"skill","provider":null,"toolsConfigured":7,"maxIterations":200,"isSubAgent":true}
01:59:59 [[32minfo[39m]  Created AgentRuntime: skill {"profile":"fantasy_rpg","tools":["skill_service","template_pool_service","... (7 items)"]}
01:59:59 [[32minfo[39m]  Agent initialized: event - EventAgent
01:59:59 [[32minfo[39m] [AGENT-START] Agent event starting {"agent":"event","provider":null,"toolsConfigured":5,"maxIterations":200,"isSubAgent":true}
01:59:59 [[32minfo[39m]  Created AgentRuntime: event {"profile":"fantasy_rpg","tools":["event_service","game_time_service","... (5 items)"]}
01:59:59 [[32minfo[39m]  Agent initialized: time - TimeAgent
01:59:59 [[32minfo[39m] [AGENT-START] Agent time starting {"agent":"time","provider":null,"toolsConfigured":4,"maxIterations":200,"isSubAgent":true}
01:59:59 [[32minfo[39m]  Created AgentRuntime: time {"profile":"fantasy_rpg","tools":["game_time_service","rule_service","... (4 items)"]}
01:59:59 [[32minfo[39m]  Permissions configured from agent.tools for profile: fantasy_rpg
01:59:59 [[32minfo[39m]  YAML permissions configured
01:59:59 [[32minfo[39m]  Registering AgentRuntime instances to GameMasterAgent...
01:59:59 [[32minfo[39m]  Registered AgentRuntime to Coordinator: gamemaster
01:59:59 [[32minfo[39m]  Registered AgentRuntime to Coordinator: map
01:59:59 [[32minfo[39m]  Registered AgentRuntime to Coordinator: challenge
01:59:59 [[32minfo[39m]  Registered AgentRuntime to Coordinator: output
01:59:59 [[32minfo[39m]  Registered AgentRuntime to Coordinator: quest
01:59:59 [[32minfo[39m]  Registered AgentRuntime to Coordinator: npc_party
01:59:59 [[32minfo[39m]  Registered AgentRuntime to Coordinator: inventory
01:59:59 [[32minfo[39m]  Registered AgentRuntime to Coordinator: skill
01:59:59 [[32minfo[39m]  Registered AgentRuntime to Coordinator: event
01:59:59 [[32minfo[39m]  Registered AgentRuntime to Coordinator: time
01:59:59 [[32minfo[39m]  GameDataExpander configured (manifest path enabled)
01:59:59 [[32minfo[39m]  DedupService configured (dispatch log persistence enabled)
01:59:59 [[32minfo[39m]  Agent system initialized: 10 AgentRuntime instances created
鉁?Agent system initialized with 10 agents
鈿狅笍 YAML Agent system skipped: __vi_import_5__.initializeYamlAgentSystem is not a function
01:59:59 [[32minfo[39m]  Agent routes initialized
01:59:59 [[32minfo[39m]  Save routes initialized
01:59:59 [[32minfo[39m]  Synced template from YAML to DB: cthulhu-investigation
01:59:59 [[32minfo[39m]  Synced template from YAML to DB: cyberpunk-mercenary
01:59:59 [[32minfo[39m]  Synced template from YAML to DB: medieval-fantasy
01:59:59 [[32minfo[39m]  Synced template from YAML to DB: modern-romance
01:59:59 [[32minfo[39m]  Synced template from YAML to DB: xianxia
01:59:59 [[32minfo[39m]  Synced 5 templates from YAML to database
01:59:59 [[32minfo[39m]  Cache refreshed with 5 templates
01:59:59 [[32minfo[39m]  TemplateService loaded {"cachedTemplates":5}
鉁?Template YAML loaded and synced to DB
01:59:59 [[32minfo[39m]  Template routes initialized
鉁?Test environment setup complete
鉁?Database connection closed

[90mstdout[2m | src/agents/prompt/__tests__/init-mode.test.ts[22m[39m
Migration 003_fix_information_boundaries_timestamps.ts completed successfully
Running migration: 004_drop_information_boundaries.ts
004_drop_information_boundaries: information_boundaries table not found, skipping migration
004_drop_information_boundaries: cleared custom_data.knowledge from 0 NPCs
Migration 004_drop_information_boundaries.ts completed successfully
Running migration: 005_drop_npc_relations.ts

[90mstdout[2m | src/agents/prompt/__tests__/init-mode.test.ts[22m[39m
005_drop_npc_relations: dropped npc_relations table
Migration 005_drop_npc_relations.ts completed successfully
Running migration: 006_awareness_relationship_events_states.ts

[90mstdout[2m | src/agents/prompt/__tests__/init-mode.test.ts[22m[39m
006: created entity_awareness_events table
006: created entity_awareness_states table
006: created entity_relationship_events table
006: created entity_relationship_states table
Migration 006_awareness_relationship_events_states.ts completed successfully
Running migration: 007_add_combat_mode.ts

[90mstdout[2m | src/game-systems/combat/__tests__/element-affinity-damage.test.ts[22m[39m
01:59:59 [[32minfo[39m]  Discovered 187 help files {"dir":"C:\\Users\\super\\Documents\\trae_projects\\AGG-main\\packages\\backend\\config\\agent-help"}

[90mstdout[2m | src/game-systems/entity-graph/__tests__/EntityGraphService.count-awareness-by-topic.test.ts[22m[39m
馃И Setting up comprehensive test environment...
鉁?Database connected
Running migration: 001_init.ts

[90mstdout[2m | src/game-systems/entity-graph/__tests__/EntityGraphService.count-awareness-by-topic.test.ts[22m[39m
Migration 001_init.ts completed successfully
Running migration: 002_add_equipped_index.ts
Migration 002_add_equipped_index.ts completed successfully
Running migration: 003_fix_information_boundaries_timestamps.ts
Migration 003_fix_information_boundaries_timestamps.ts completed successfully
Running migration: 004_drop_information_boundaries.ts
004_drop_information_boundaries: information_boundaries table not found, skipping migration
004_drop_information_boundaries: cleared custom_data.knowledge from 0 NPCs
Migration 004_drop_information_boundaries.ts completed successfully
Running migration: 005_drop_npc_relations.ts

[90mstdout[2m | src/game-systems/entity-graph/__tests__/EntityGraphService.count-awareness-by-topic.test.ts[22m[39m
005_drop_npc_relations: dropped npc_relations table
Migration 005_drop_npc_relations.ts completed successfully
Running migration: 006_awareness_relationship_events_states.ts
006: created entity_awareness_events table
006: created entity_awareness_states table
006: created entity_relationship_events table
006: created entity_relationship_states table
Migration 006_awareness_relationship_events_states.ts completed successfully
Running migration: 007_add_combat_mode.ts

[90mstdout[2m | src/game-systems/entity-graph/__tests__/EntityGraphService.count-awareness-by-topic.test.ts[22m[39m
007: added combat_states.mode column
Migration 007_add_combat_mode.ts completed successfully
Running migration: 008_add_saves_active_challenge_mode.ts

[90mstdout[2m | src/agents/prompt/__tests__/init-mode.test.ts[22m[39m
007: added combat_states.mode column
Migration 007_add_combat_mode.ts completed successfully
Running migration: 008_add_saves_active_challenge_mode.ts
008: added saves.active_challenge_mode column
Migration 008_add_saves_active_challenge_mode.ts completed successfully
All migrations completed
鉁?Migrations completed
All seeds completed
鉁?Seeds completed
01:59:59 [[32minfo[39m]  Starting YAML-driven Agent system initialization
01:59:59 [[32minfo[39m]  Seeding ModelConfigService from environment
01:59:59 [[32minfo[39m]  No DEEPSEEK_API_KEY env var found, skipping env seed
01:59:59 [[32minfo[39m]  Seeded provider from convict config {"providerType":"openai","providerId":"9d0503d9-2190-454a-af5f-63b51179f083","model":"openrouter/free"}
01:59:59 [[32minfo[39m]  Creating LLMService with ModelConfigService
01:59:59 [[32minfo[39m]  Creating ContextService and DecisionLogService instances
01:59:59 [[32minfo[39m]  Initializing YAML-driven Agent profiles...
01:59:59 [[32minfo[39m]  Loading config from directory: C:\Users\super\Documents\trae_projects\AGG-main\packages\backend\config
01:59:59 [[32minfo[39m]  Loaded agent profile: fantasy_rpg
01:59:59 [[32minfo[39m]  Loaded agent profile: minimal_test
01:59:59 [[32minfo[39m]  Loaded 0 non-builtin profiles from database (0 builtin skipped, using YAML)
01:59:59 [[32minfo[39m]  Config loaded successfully: 2 profiles
01:59:59 [[32minfo[39m]  YAML config loaded successfully
01:59:59 [[32minfo[39m]  Context rules loaded {"agentCount":10}
01:59:59 [[32minfo[39m]  Default manifests loaded {"agentTypeCount":6,"manifestCount":8}
01:59:59 [[32minfo[39m]  Context rules file watcher started {"path":"C:\\Users\\super\\Documents\\trae_projects\\AGG-main\\packages\\backend\\config\\agent-context-rules.yaml"}
01:59:59 [[32minfo[39m]  Loaded 10 agent capabilities from YAML profiles
01:59:59 [[32minfo[39m]  ToolRegistry initialized
01:59:59 [[32minfo[39m]  Registering ServiceTools to ToolRegistry
01:59:59 [[32minfo[39m]  Tool registered: game_time_service - GameTime Service (v1.0.0)
01:59:59 [[32minfo[39m]  Tool registered: numerical_service - Numerical Service (v1.0.0)
01:59:59 [[32minfo[39m]  Tool registered: character_service - Character Service (v1.0.0)
01:59:59 [[32minfo[39m]  Tool registered: inventory_service - Inventory Service (v1.0.0)
01:59:59 [[32minfo[39m]  Tool registered: skill_service - Skill Service (v1.1.0)
01:59:59 [[32minfo[39m]  Tool registered: map_service - Map Service (v2.0.0)
01:59:59 [[32minfo[39m]  Tool registered: npc_service - NPC Service (v1.0.0)
01:59:59 [[32minfo[39m]  Tool registered: dialogue_service - Dialogue Service (v1.0.0)
01:59:59 [[32minfo[39m]  Tool registered: quest_service - Quest Service (v1.0.0)
01:59:59 [[32minfo[39m]  Tool registered: challenge_service - Challenge Service (v1.0.0)
01:59:59 [[32minfo[39m]  Tool registered: event_service - Event Service (v1.0.0)
01:59:59 [[32minfo[39m]  Tool registered: story_service - Story Service (v1.0.0)
01:59:59 [[32minfo[39m]  Tool registered: game_init_service - Game Init Service (v2.0.0)
01:59:59 [[32minfo[39m]  Tool registered: batch_query_service - Batch Query Service (v1.0.0)
01:59:59 [[32minfo[39m]  Tool registered: entity_graph_service - Entity Graph Service (v1.0.0)
01:59:59 [[32minfo[39m]  Tool registered: template_pool_service - Template Pool Service (v1.0.0)
01:59:59 [[32minfo[39m]  Tool registered: dynamic_ui - Dynamic UI Service (v1.0.0)
01:59:59 [[32minfo[39m]  Tool registered: generate_options - Generate Options Service (v2.0.0)
01:59:59 [[32minfo[39m]  Tool registered: coordinator_service - Coordinator Service (v1.0.0)
01:59:59 [[32minfo[39m]  Tool registered: rule_service - Rule Service (v1.0.0)
01:59:59 [[32minfo[39m]  Tool registered: skill_loader - Skill Loader (v1.0.0)
01:59:59 [[32minfo[39m]  Tool registered: help_service - Help Service (v1.0.0)
01:59:59 [[32minfo[39m]  Tool registered: memory_service - Memory Service (v1.0.0)
01:59:59 [[32minfo[39m]  Registered 23 ServiceTools to ToolRegistry
01:59:59 [[32minfo[39m]  Tool reference validation passed

[90mstdout[2m | src/agents/prompt/__tests__/init-mode.test.ts[22m[39m
01:59:59 [[32minfo[39m]  Discovered 34 rule files {"dir":"C:\\Users\\super\\Documents\\trae_projects\\AGG-main\\packages\\backend\\config\\agent-rules"}

[90mstdout[2m | src/agents/prompt/__tests__/init-mode.test.ts[22m[39m
01:59:59 [[32minfo[39m]  Rules engine loaded: 34 rules {"alwaysApply":12,"hooked":["combat","combat_turn","null","combat_start","dialogue","initialize","travel","generate_pool_skills","generate_pool_items","explore","buy_item","sell_item","accept_quest","chat","quest_complete","use_item","equip_item","unequip_item","drop_item"]}

[90mstdout[2m | src/game-systems/combat/__tests__/element-affinity-damage.test.ts[22m[39m
01:59:59 [[32minfo[39m]  Help registry loaded: 22 tools {"tools":["batch_query_service","challenge_service","... (22 items)"]}
01:59:59 [[32minfo[39m]  Creating GameMasterAgent (as AgentRuntime with isSubAgent=false)
01:59:59 [[32minfo[39m]  Handler subscribed {"eventType":"dialogue"}
01:59:59 [[32minfo[39m]  Handler subscribed {"eventType":"combat_end"}
01:59:59 [[32minfo[39m]  AwarenessAutoSubscriber subscribed to dialogue + combat_end events
01:59:59 [[32minfo[39m]  Agent initialized: gamemaster - GameMasterAgent
01:59:59 [[32minfo[39m] [AGENT-START] Agent gamemaster starting {"agent":"gamemaster","provider":null,"toolsConfigured":1,"maxIterations":200,"isSubAgent":false}
01:59:59 [[32minfo[39m]  Handler subscribed {"eventType":"chapter_advanced"}
01:59:59 [[32minfo[39m]  Creating AgentRuntime instances from default profile: fantasy_rpg
01:59:59 [[32minfo[39m]  Creating agents from profile: fantasy_rpg {"agentCount":10}
01:59:59 [[32minfo[39m]  Agent initialized: gamemaster - GameMasterAgent
01:59:59 [[32minfo[39m] [AGENT-START] Agent gamemaster starting {"agent":"gamemaster","provider":null,"toolsConfigured":1,"maxIterations":200,"isSubAgent":false}
01:59:59 [[32minfo[39m]  Created AgentRuntime: gamemaster {"profile":"fantasy_rpg","tools":["all"]}
01:59:59 [[32minfo[39m]  Agent initialized: map - MapAgent
01:59:59 [[32minfo[39m] [AGENT-START] Agent map starting {"agent":"map","provider":null,"toolsConfigured":7,"maxIterations":200,"isSubAgent":true}
01:59:59 [[32minfo[39m]  Created AgentRuntime: map {"profile":"fantasy_rpg","tools":["map_service","npc_service","... (7 items)"]}
01:59:59 [[32minfo[39m]  Agent initialized: challenge - ChallengeAgent
01:59:59 [[32minfo[39m] [AGENT-START] Agent challenge starting {"agent":"challenge","provider":null,"toolsConfigured":9,"maxIterations":200,"isSubAgent":true}
01:59:59 [[32minfo[39m]  Created AgentRuntime: challenge {"profile":"fantasy_rpg","tools":["challenge_service","numerical_service","... (9 items)"]}
01:59:59 [[32minfo[39m]  Agent initialized: output - OutputAgent
01:59:59 [[32minfo[39m] [AGENT-START] Agent output starting {"agent":"output","provider":null,"toolsConfigured":5,"maxIterations":200,"isSubAgent":true}
01:59:59 [[32minfo[39m]  Created AgentRuntime: output {"profile":"fantasy_rpg","tools":["dialogue_service","dynamic_ui","... (5 items)"]}
01:59:59 [[32minfo[39m]  Agent initialized: quest - QuestAgent
01:59:59 [[32minfo[39m] [AGENT-START] Agent quest starting {"agent":"quest","provider":null,"toolsConfigured":11,"maxIterations":200,"isSubAgent":true}
01:59:59 [[32minfo[39m]  Created AgentRuntime: quest {"profile":"fantasy_rpg","tools":["quest_service","numerical_service","... (11 items)"]}
01:59:59 [[32minfo[39m]  Agent initialized: npc_party - NPCPartyAgent
01:59:59 [[32minfo[39m] [AGENT-START] Agent npc_party starting {"agent":"npc_party","provider":null,"toolsConfigured":9,"maxIterations":200,"isSubAgent":true}
01:59:59 [[32minfo[39m]  Created AgentRuntime: npc_party {"profile":"fantasy_rpg","tools":["npc_service","entity_graph_service","... (9 items)"]}
01:59:59 [[32minfo[39m]  Agent initialized: inventory - InventoryAgent
01:59:59 [[32minfo[39m] [AGENT-START] Agent inventory starting {"agent":"inventory","provider":null,"toolsConfigured":8,"maxIterations":200,"isSubAgent":true}
01:59:59 [[32minfo[39m]  Created AgentRuntime: inventory {"profile":"fantasy_rpg","tools":["inventory_service","template_pool_service","... (8 items)"]}
01:59:59 [[32minfo[39m]  Agent initialized: skill - SkillAgent
01:59:59 [[32minfo[39m] [AGENT-START] Agent skill starting {"agent":"skill","provider":null,"toolsConfigured":7,"maxIterations":200,"isSubAgent":true}
01:59:59 [[32minfo[39m]  Created AgentRuntime: skill {"profile":"fantasy_rpg","tools":["skill_service","template_pool_service","... (7 items)"]}
01:59:59 [[32minfo[39m]  Agent initialized: event - EventAgent
01:59:59 [[32minfo[39m] [AGENT-START] Agent event starting {"agent":"event","provider":null,"toolsConfigured":5,"maxIterations":200,"isSubAgent":true}
01:59:59 [[32minfo[39m]  Created AgentRuntime: event {"profile":"fantasy_rpg","tools":["event_service","game_time_service","... (5 items)"]}
01:59:59 [[32minfo[39m]  Agent initialized: time - TimeAgent
01:59:59 [[32minfo[39m] [AGENT-START] Agent time starting {"agent":"time","provider":null,"toolsConfigured":4,"maxIterations":200,"isSubAgent":true}
01:59:59 [[32minfo[39m]  Created AgentRuntime: time {"profile":"fantasy_rpg","tools":["game_time_service","rule_service","... (4 items)"]}
01:59:59 [[32minfo[39m]  Permissions configured from agent.tools for profile: fantasy_rpg
01:59:59 [[32minfo[39m]  YAML permissions configured
01:59:59 [[32minfo[39m]  Registering AgentRuntime instances to GameMasterAgent...
01:59:59 [[32minfo[39m]  Registered AgentRuntime to Coordinator: gamemaster
01:59:59 [[32minfo[39m]  Registered AgentRuntime to Coordinator: map
01:59:59 [[32minfo[39m]  Registered AgentRuntime to Coordinator: challenge
01:59:59 [[32minfo[39m]  Registered AgentRuntime to Coordinator: output
01:59:59 [[32minfo[39m]  Registered AgentRuntime to Coordinator: quest
01:59:59 [[32minfo[39m]  Registered AgentRuntime to Coordinator: npc_party
01:59:59 [[32minfo[39m]  Registered AgentRuntime to Coordinator: inventory
01:59:59 [[32minfo[39m]  Registered AgentRuntime to Coordinator: skill
01:59:59 [[32minfo[39m]  Registered AgentRuntime to Coordinator: event
01:59:59 [[32minfo[39m]  Registered AgentRuntime to Coordinator: time
01:59:59 [[32minfo[39m]  GameDataExpander configured (manifest path enabled)
01:59:59 [[32minfo[39m]  DedupService configured (dispatch log persistence enabled)
01:59:59 [[32minfo[39m]  Agent system initialized: 10 AgentRuntime instances created
鉁?Agent system initialized with 10 agents
鈿狅笍 YAML Agent system skipped: __vi_import_5__.initializeYamlAgentSystem is not a function
01:59:59 [[32minfo[39m]  Agent routes initialized
01:59:59 [[32minfo[39m]  Save routes initialized
01:59:59 [[32minfo[39m]  Synced template from YAML to DB: cthulhu-investigation
01:59:59 [[32minfo[39m]  Synced template from YAML to DB: cyberpunk-mercenary
01:59:59 [[32minfo[39m]  Synced template from YAML to DB: medieval-fantasy
01:59:59 [[32minfo[39m]  Synced template from YAML to DB: modern-romance
01:59:59 [[32minfo[39m]  Synced template from YAML to DB: xianxia
01:59:59 [[32minfo[39m]  Synced 5 templates from YAML to database
01:59:59 [[32minfo[39m]  Cache refreshed with 5 templates
01:59:59 [[32minfo[39m]  TemplateService loaded {"cachedTemplates":5}
鉁?Template YAML loaded and synced to DB
01:59:59 [[32minfo[39m]  Template routes initialized
鉁?Test environment setup complete
鉁?Database connection closed

 [32m鉁?[39m src/game-systems/combat/__tests__/element-affinity-damage.test.ts [2m ([22m[2m8 tests[22m[2m)[22m[33m 1006[2mms[22m[39m
[90mstdout[2m | src/agents/story/__tests__/StoryPostReactPipeline.test.ts[22m[39m
馃И Setting up comprehensive test environment...
鉁?Database connected
Running migration: 001_init.ts

 [32m鉁?[39m src/utils/__tests__/llm-json-normalize.test.ts [2m ([22m[2m29 tests[22m[2m)[22m[33m 1639[2mms[22m[39m
[90mstdout[2m | src/agents/prompt/__tests__/init-mode.test.ts[22m[39m
01:59:59 [[32minfo[39m]  Discovered 50 skill files {"dir":"C:\\Users\\super\\Documents\\trae_projects\\AGG-main\\packages\\backend\\config\\agent-skills"}

[90mstdout[2m | src/agents/prompt/__tests__/init-mode.test.ts[22m[39m
01:59:59 [[32minfo[39m]  Discovered 187 help files {"dir":"C:\\Users\\super\\Documents\\trae_projects\\AGG-main\\packages\\backend\\config\\agent-help"}

[90mstdout[2m | src/agents/prompt/__tests__/init-mode.test.ts[22m[39m
01:59:59 [[32minfo[39m]  Skill registry loaded: 50 skills {"agents":["combat","event","gamemaster","inventory","map","npc_party","output","quest","*","skill","time"]}

[90mstdout[2m | src/game-systems/entity-graph/__tests__/EntityGraphService.count-awareness-by-topic.test.ts[22m[39m
008: added saves.active_challenge_mode column
Migration 008_add_saves_active_challenge_mode.ts completed successfully
All migrations completed
鉁?Migrations completed
All seeds completed
鉁?Seeds completed
01:59:59 [[32minfo[39m]  Starting YAML-driven Agent system initialization
01:59:59 [[32minfo[39m]  Seeding ModelConfigService from environment
01:59:59 [[32minfo[39m]  No DEEPSEEK_API_KEY env var found, skipping env seed
01:59:59 [[32minfo[39m]  Seeded provider from convict config {"providerType":"openai","providerId":"3207b805-d92b-4a07-b2ca-def79f2afbfa","model":"openrouter/free"}
01:59:59 [[32minfo[39m]  Creating LLMService with ModelConfigService
01:59:59 [[32minfo[39m]  Creating ContextService and DecisionLogService instances
01:59:59 [[32minfo[39m]  Initializing YAML-driven Agent profiles...
01:59:59 [[32minfo[39m]  Loading config from directory: C:\Users\super\Documents\trae_projects\AGG-main\packages\backend\config
01:59:59 [[32minfo[39m]  Loaded agent profile: fantasy_rpg
01:59:59 [[32minfo[39m]  Loaded agent profile: minimal_test
01:59:59 [[32minfo[39m]  Loaded 0 non-builtin profiles from database (0 builtin skipped, using YAML)
01:59:59 [[32minfo[39m]  Config loaded successfully: 2 profiles
01:59:59 [[32minfo[39m]  YAML config loaded successfully
01:59:59 [[32minfo[39m]  Context rules loaded {"agentCount":10}
01:59:59 [[32minfo[39m]  Default manifests loaded {"agentTypeCount":6,"manifestCount":8}
01:59:59 [[32minfo[39m]  Context rules file watcher started {"path":"C:\\Users\\super\\Documents\\trae_projects\\AGG-main\\packages\\backend\\config\\agent-context-rules.yaml"}
01:59:59 [[32minfo[39m]  Loaded 10 agent capabilities from YAML profiles
01:59:59 [[32minfo[39m]  ToolRegistry initialized
01:59:59 [[32minfo[39m]  Registering ServiceTools to ToolRegistry
01:59:59 [[32minfo[39m]  Tool registered: game_time_service - GameTime Service (v1.0.0)
01:59:59 [[32minfo[39m]  Tool registered: numerical_service - Numerical Service (v1.0.0)
01:59:59 [[32minfo[39m]  Tool registered: character_service - Character Service (v1.0.0)
01:59:59 [[32minfo[39m]  Tool registered: inventory_service - Inventory Service (v1.0.0)
01:59:59 [[32minfo[39m]  Tool registered: skill_service - Skill Service (v1.1.0)
01:59:59 [[32minfo[39m]  Tool registered: map_service - Map Service (v2.0.0)
01:59:59 [[32minfo[39m]  Tool registered: npc_service - NPC Service (v1.0.0)
01:59:59 [[32minfo[39m]  Tool registered: dialogue_service - Dialogue Service (v1.0.0)
01:59:59 [[32minfo[39m]  Tool registered: quest_service - Quest Service (v1.0.0)
01:59:59 [[32minfo[39m]  Tool registered: challenge_service - Challenge Service (v1.0.0)
01:59:59 [[32minfo[39m]  Tool registered: event_service - Event Service (v1.0.0)
01:59:59 [[32minfo[39m]  Tool registered: story_service - Story Service (v1.0.0)
01:59:59 [[32minfo[39m]  Tool registered: game_init_service - Game Init Service (v2.0.0)
01:59:59 [[32minfo[39m]  Tool registered: batch_query_service - Batch Query Service (v1.0.0)
01:59:59 [[32minfo[39m]  Tool registered: entity_graph_service - Entity Graph Service (v1.0.0)
01:59:59 [[32minfo[39m]  Tool registered: template_pool_service - Template Pool Service (v1.0.0)
01:59:59 [[32minfo[39m]  Tool registered: dynamic_ui - Dynamic UI Service (v1.0.0)
01:59:59 [[32minfo[39m]  Tool registered: generate_options - Generate Options Service (v2.0.0)
01:59:59 [[32minfo[39m]  Tool registered: coordinator_service - Coordinator Service (v1.0.0)
01:59:59 [[32minfo[39m]  Tool registered: rule_service - Rule Service (v1.0.0)
01:59:59 [[32minfo[39m]  Tool registered: skill_loader - Skill Loader (v1.0.0)
01:59:59 [[32minfo[39m]  Tool registered: help_service - Help Service (v1.0.0)
01:59:59 [[32minfo[39m]  Tool registered: memory_service - Memory Service (v1.0.0)
01:59:59 [[32minfo[39m]  Registered 23 ServiceTools to ToolRegistry
01:59:59 [[32minfo[39m]  Tool reference validation passed

[90mstdout[2m | src/game-systems/entity-graph/__tests__/EntityGraphService.count-awareness-by-topic.test.ts[22m[39m
01:59:59 [[32minfo[39m]  Discovered 187 help files {"dir":"C:\\Users\\super\\Documents\\trae_projects\\AGG-main\\packages\\backend\\config\\agent-help"}

[90mstdout[2m | src/agents/story/__tests__/StoryPostReactPipeline.test.ts[22m[39m
Migration 001_init.ts completed successfully
Running migration: 002_add_equipped_index.ts

[90mstdout[2m | tests/integration/cross-module.test.ts[22m[39m
01:59:59 [[32minfo[39m]  Help registry loaded: 22 tools {"tools":["batch_query_service","challenge_service","... (22 items)"]}
01:59:59 [[32minfo[39m]  Creating GameMasterAgent (as AgentRuntime with isSubAgent=false)
01:59:59 [[32minfo[39m]  Handler subscribed {"eventType":"dialogue"}
01:59:59 [[32minfo[39m]  Handler subscribed {"eventType":"combat_end"}
01:59:59 [[32minfo[39m]  AwarenessAutoSubscriber subscribed to dialogue + combat_end events
01:59:59 [[32minfo[39m]  Agent initialized: gamemaster - GameMasterAgent
01:59:59 [[32minfo[39m] [AGENT-START] Agent gamemaster starting {"agent":"gamemaster","provider":null,"toolsConfigured":1,"maxIterations":200,"isSubAgent":false}
01:59:59 [[32minfo[39m]  Handler subscribed {"eventType":"chapter_advanced"}
01:59:59 [[32minfo[39m]  Creating AgentRuntime instances from default profile: fantasy_rpg
01:59:59 [[32minfo[39m]  Creating agents from profile: fantasy_rpg {"agentCount":10}
01:59:59 [[32minfo[39m]  Agent initialized: gamemaster - GameMasterAgent
01:59:59 [[32minfo[39m] [AGENT-START] Agent gamemaster starting {"agent":"gamemaster","provider":null,"toolsConfigured":1,"maxIterations":200,"isSubAgent":false}
01:59:59 [[32minfo[39m]  Created AgentRuntime: gamemaster {"profile":"fantasy_rpg","tools":["all"]}
01:59:59 [[32minfo[39m]  Agent initialized: map - MapAgent
01:59:59 [[32minfo[39m] [AGENT-START] Agent map starting {"agent":"map","provider":null,"toolsConfigured":7,"maxIterations":200,"isSubAgent":true}
01:59:59 [[32minfo[39m]  Created AgentRuntime: map {"profile":"fantasy_rpg","tools":["map_service","npc_service","... (7 items)"]}
01:59:59 [[32minfo[39m]  Agent initialized: challenge - ChallengeAgent
01:59:59 [[32minfo[39m] [AGENT-START] Agent challenge starting {"agent":"challenge","provider":null,"toolsConfigured":9,"maxIterations":200,"isSubAgent":true}
01:59:59 [[32minfo[39m]  Created AgentRuntime: challenge {"profile":"fantasy_rpg","tools":["challenge_service","numerical_service","... (9 items)"]}
01:59:59 [[32minfo[39m]  Agent initialized: output - OutputAgent
01:59:59 [[32minfo[39m] [AGENT-START] Agent output starting {"agent":"output","provider":null,"toolsConfigured":5,"maxIterations":200,"isSubAgent":true}
01:59:59 [[32minfo[39m]  Created AgentRuntime: output {"profile":"fantasy_rpg","tools":["dialogue_service","dynamic_ui","... (5 items)"]}
01:59:59 [[32minfo[39m]  Agent initialized: quest - QuestAgent
01:59:59 [[32minfo[39m] [AGENT-START] Agent quest starting {"agent":"quest","provider":null,"toolsConfigured":11,"maxIterations":200,"isSubAgent":true}
01:59:59 [[32minfo[39m]  Created AgentRuntime: quest {"profile":"fantasy_rpg","tools":["quest_service","numerical_service","... (11 items)"]}
01:59:59 [[32minfo[39m]  Agent initialized: npc_party - NPCPartyAgent
01:59:59 [[32minfo[39m] [AGENT-START] Agent npc_party starting {"agent":"npc_party","provider":null,"toolsConfigured":9,"maxIterations":200,"isSubAgent":true}
01:59:59 [[32minfo[39m]  Created AgentRuntime: npc_party {"profile":"fantasy_rpg","tools":["npc_service","entity_graph_service","... (9 items)"]}
01:59:59 [[32minfo[39m]  Agent initialized: inventory - InventoryAgent
01:59:59 [[32minfo[39m] [AGENT-START] Agent inventory starting {"agent":"inventory","provider":null,"toolsConfigured":8,"maxIterations":200,"isSubAgent":true}
01:59:59 [[32minfo[39m]  Created AgentRuntime: inventory {"profile":"fantasy_rpg","tools":["inventory_service","template_pool_service","... (8 items)"]}
01:59:59 [[32minfo[39m]  Agent initialized: skill - SkillAgent
01:59:59 [[32minfo[39m] [AGENT-START] Agent skill starting {"agent":"skill","provider":null,"toolsConfigured":7,"maxIterations":200,"isSubAgent":true}
01:59:59 [[32minfo[39m]  Created AgentRuntime: skill {"profile":"fantasy_rpg","tools":["skill_service","template_pool_service","... (7 items)"]}
01:59:59 [[32minfo[39m]  Agent initialized: event - EventAgent
01:59:59 [[32minfo[39m] [AGENT-START] Agent event starting {"agent":"event","provider":null,"toolsConfigured":5,"maxIterations":200,"isSubAgent":true}
01:59:59 [[32minfo[39m]  Created AgentRuntime: event {"profile":"fantasy_rpg","tools":["event_service","game_time_service","... (5 items)"]}
01:59:59 [[32minfo[39m]  Agent initialized: time - TimeAgent
01:59:59 [[32minfo[39m] [AGENT-START] Agent time starting {"agent":"time","provider":null,"toolsConfigured":4,"maxIterations":200,"isSubAgent":true}
01:59:59 [[32minfo[39m]  Created AgentRuntime: time {"profile":"fantasy_rpg","tools":["game_time_service","rule_service","... (4 items)"]}
01:59:59 [[32minfo[39m]  Permissions configured from agent.tools for profile: fantasy_rpg
01:59:59 [[32minfo[39m]  YAML permissions configured
01:59:59 [[32minfo[39m]  Registering AgentRuntime instances to GameMasterAgent...
01:59:59 [[32minfo[39m]  Registered AgentRuntime to Coordinator: gamemaster
01:59:59 [[32minfo[39m]  Registered AgentRuntime to Coordinator: map
01:59:59 [[32minfo[39m]  Registered AgentRuntime to Coordinator: challenge
01:59:59 [[32minfo[39m]  Registered AgentRuntime to Coordinator: output
01:59:59 [[32minfo[39m]  Registered AgentRuntime to Coordinator: quest
01:59:59 [[32minfo[39m]  Registered AgentRuntime to Coordinator: npc_party
01:59:59 [[32minfo[39m]  Registered AgentRuntime to Coordinator: inventory
01:59:59 [[32minfo[39m]  Registered AgentRuntime to Coordinator: skill
01:59:59 [[32minfo[39m]  Registered AgentRuntime to Coordinator: event
01:59:59 [[32minfo[39m]  Registered AgentRuntime to Coordinator: time
01:59:59 [[32minfo[39m]  GameDataExpander configured (manifest path enabled)
01:59:59 [[32minfo[39m]  DedupService configured (dispatch log persistence enabled)
01:59:59 [[32minfo[39m]  Agent system initialized: 10 AgentRuntime instances created
鉁?Agent system initialized with 10 agents
鈿狅笍 YAML Agent system skipped: __vi_import_5__.initializeYamlAgentSystem is not a function
01:59:59 [[32minfo[39m]  Agent routes initialized
01:59:59 [[32minfo[39m]  Save routes initialized
01:59:59 [[32minfo[39m]  Synced template from YAML to DB: cthulhu-investigation
01:59:59 [[32minfo[39m]  Synced template from YAML to DB: cyberpunk-mercenary
01:59:59 [[32minfo[39m]  Synced template from YAML to DB: medieval-fantasy
01:59:59 [[32minfo[39m]  Synced template from YAML to DB: modern-romance
01:59:59 [[32minfo[39m]  Synced template from YAML to DB: xianxia
01:59:59 [[32minfo[39m]  Synced 5 templates from YAML to database
01:59:59 [[32minfo[39m]  Cache refreshed with 5 templates
02:00:00 [[32minfo[39m]  TemplateService loaded {"cachedTemplates":5}
鉁?Template YAML loaded and synced to DB
02:00:00 [[32minfo[39m]  Template routes initialized
鉁?Test environment setup complete

[90mstdout[2m | src/agents/story/__tests__/StoryPostReactPipeline.test.ts[22m[39m
Migration 002_add_equipped_index.ts completed successfully
Running migration: 003_fix_information_boundaries_timestamps.ts

[90mstdout[2m | src/agents/story/__tests__/StoryPostReactPipeline.test.ts[22m[39m
Migration 003_fix_information_boundaries_timestamps.ts completed successfully
Running migration: 004_drop_information_boundaries.ts

[90mstdout[2m | src/agents/story/__tests__/StoryPostReactPipeline.test.ts[22m[39m
004_drop_information_boundaries: information_boundaries table not found, skipping migration
004_drop_information_boundaries: cleared custom_data.knowledge from 0 NPCs
Migration 004_drop_information_boundaries.ts completed successfully
Running migration: 005_drop_npc_relations.ts

[90mstdout[2m | src/agents/story/__tests__/StoryPostReactPipeline.test.ts[22m[39m
005_drop_npc_relations: dropped npc_relations table
Migration 005_drop_npc_relations.ts completed successfully
Running migration: 006_awareness_relationship_events_states.ts
006: created entity_awareness_events table
006: created entity_awareness_states table
006: created entity_relationship_events table
006: created entity_relationship_states table
Migration 006_awareness_relationship_events_states.ts completed successfully
Running migration: 007_add_combat_mode.ts

[90mstdout[2m | tests/integration/cross-module.test.ts[2m > [22m[2mCross-Module Integration Tests[2m > [22m[2mFull Game Initialization Flow[2m > [22m[2mStep 1: Get available templates[22m[39m
02:00:00 [[32minfo[39m]  Cache refreshed with 5 templates
02:00:00 [[32minfo[39m]  GET / 200 135ms d90ad9b2 {"method":"GET","url":"/","status":200,"duration":"135ms"}

[90mstdout[2m | src/agents/story/__tests__/StoryPostReactPipeline.test.ts[22m[39m
007: added combat_states.mode column
Migration 007_add_combat_mode.ts completed successfully
Running migration: 008_add_saves_active_challenge_mode.ts

[90mstdout[2m | src/game-systems/audit/__tests__/AuditAgent.toSubAgentResult.test.ts[22m[39m
馃И Setting up comprehensive test environment...
鉁?Database connected
Running migration: 001_init.ts

[90mstdout[2m | tests/integration/cross-module.test.ts[2m > [22m[2mCross-Module Integration Tests[2m > [22m[2mFull Game Initialization Flow[2m > [22m[2mStep 2: Get character options from template[22m[39m
02:00:00 [[32minfo[39m]  Cache refreshed with 5 templates
02:00:00 [[32minfo[39m]  GET /cthulhu-investigation/character-options 200 25ms 4cdbfc7a {"method":"GET","url":"/cthulhu-investigation/character-options","status":200,"duration":"25ms"}

[90mstdout[2m | src/game-systems/entity-graph/__tests__/EntityGraphService.count-awareness-by-topic.test.ts[22m[39m
02:00:00 [[32minfo[39m]  Help registry loaded: 22 tools {"tools":["batch_query_service","challenge_service","... (22 items)"]}
02:00:00 [[32minfo[39m]  Creating GameMasterAgent (as AgentRuntime with isSubAgent=false)
02:00:00 [[32minfo[39m]  Handler subscribed {"eventType":"dialogue"}
02:00:00 [[32minfo[39m]  Handler subscribed {"eventType":"combat_end"}
02:00:00 [[32minfo[39m]  AwarenessAutoSubscriber subscribed to dialogue + combat_end events
02:00:00 [[32minfo[39m]  Agent initialized: gamemaster - GameMasterAgent
02:00:00 [[32minfo[39m] [AGENT-START] Agent gamemaster starting {"agent":"gamemaster","provider":null,"toolsConfigured":1,"maxIterations":200,"isSubAgent":false}
02:00:00 [[32minfo[39m]  Handler subscribed {"eventType":"chapter_advanced"}
02:00:00 [[32minfo[39m]  Creating AgentRuntime instances from default profile: fantasy_rpg
02:00:00 [[32minfo[39m]  Creating agents from profile: fantasy_rpg {"agentCount":10}
02:00:00 [[32minfo[39m]  Agent initialized: gamemaster - GameMasterAgent
02:00:00 [[32minfo[39m] [AGENT-START] Agent gamemaster starting {"agent":"gamemaster","provider":null,"toolsConfigured":1,"maxIterations":200,"isSubAgent":false}
02:00:00 [[32minfo[39m]  Created AgentRuntime: gamemaster {"profile":"fantasy_rpg","tools":["all"]}
02:00:00 [[32minfo[39m]  Agent initialized: map - MapAgent
02:00:00 [[32minfo[39m] [AGENT-START] Agent map starting {"agent":"map","provider":null,"toolsConfigured":7,"maxIterations":200,"isSubAgent":true}
02:00:00 [[32minfo[39m]  Created AgentRuntime: map {"profile":"fantasy_rpg","tools":["map_service","npc_service","... (7 items)"]}
02:00:00 [[32minfo[39m]  Agent initialized: challenge - ChallengeAgent
02:00:00 [[32minfo[39m] [AGENT-START] Agent challenge starting {"agent":"challenge","provider":null,"toolsConfigured":9,"maxIterations":200,"isSubAgent":true}
02:00:00 [[32minfo[39m]  Created AgentRuntime: challenge {"profile":"fantasy_rpg","tools":["challenge_service","numerical_service","... (9 items)"]}
02:00:00 [[32minfo[39m]  Agent initialized: output - OutputAgent
02:00:00 [[32minfo[39m] [AGENT-START] Agent output starting {"agent":"output","provider":null,"toolsConfigured":5,"maxIterations":200,"isSubAgent":true}
02:00:00 [[32minfo[39m]  Created AgentRuntime: output {"profile":"fantasy_rpg","tools":["dialogue_service","dynamic_ui","... (5 items)"]}
02:00:00 [[32minfo[39m]  Agent initialized: quest - QuestAgent
02:00:00 [[32minfo[39m] [AGENT-START] Agent quest starting {"agent":"quest","provider":null,"toolsConfigured":11,"maxIterations":200,"isSubAgent":true}
02:00:00 [[32minfo[39m]  Created AgentRuntime: quest {"profile":"fantasy_rpg","tools":["quest_service","numerical_service","... (11 items)"]}
02:00:00 [[32minfo[39m]  Agent initialized: npc_party - NPCPartyAgent
02:00:00 [[32minfo[39m] [AGENT-START] Agent npc_party starting {"agent":"npc_party","provider":null,"toolsConfigured":9,"maxIterations":200,"isSubAgent":true}
02:00:00 [[32minfo[39m]  Created AgentRuntime: npc_party {"profile":"fantasy_rpg","tools":["npc_service","entity_graph_service","... (9 items)"]}
02:00:00 [[32minfo[39m]  Agent initialized: inventory - InventoryAgent
02:00:00 [[32minfo[39m] [AGENT-START] Agent inventory starting {"agent":"inventory","provider":null,"toolsConfigured":8,"maxIterations":200,"isSubAgent":true}
02:00:00 [[32minfo[39m]  Created AgentRuntime: inventory {"profile":"fantasy_rpg","tools":["inventory_service","template_pool_service","... (8 items)"]}
02:00:00 [[32minfo[39m]  Agent initialized: skill - SkillAgent
02:00:00 [[32minfo[39m] [AGENT-START] Agent skill starting {"agent":"skill","provider":null,"toolsConfigured":7,"maxIterations":200,"isSubAgent":true}
02:00:00 [[32minfo[39m]  Created AgentRuntime: skill {"profile":"fantasy_rpg","tools":["skill_service","template_pool_service","... (7 items)"]}
02:00:00 [[32minfo[39m]  Agent initialized: event - EventAgent
02:00:00 [[32minfo[39m] [AGENT-START] Agent event starting {"agent":"event","provider":null,"toolsConfigured":5,"maxIterations":200,"isSubAgent":true}
02:00:00 [[32minfo[39m]  Created AgentRuntime: event {"profile":"fantasy_rpg","tools":["event_service","game_time_service","... (5 items)"]}
02:00:00 [[32minfo[39m]  Agent initialized: time - TimeAgent
02:00:00 [[32minfo[39m] [AGENT-START] Agent time starting {"agent":"time","provider":null,"toolsConfigured":4,"maxIterations":200,"isSubAgent":true}
02:00:00 [[32minfo[39m]  Created AgentRuntime: time {"profile":"fantasy_rpg","tools":["game_time_service","rule_service","... (4 items)"]}
02:00:00 [[32minfo[39m]  Permissions configured from agent.tools for profile: fantasy_rpg
02:00:00 [[32minfo[39m]  YAML permissions configured
02:00:00 [[32minfo[39m]  Registering AgentRuntime instances to GameMasterAgent...
02:00:00 [[32minfo[39m]  Registered AgentRuntime to Coordinator: gamemaster
02:00:00 [[32minfo[39m]  Registered AgentRuntime to Coordinator: map
02:00:00 [[32minfo[39m]  Registered AgentRuntime to Coordinator: challenge
02:00:00 [[32minfo[39m]  Registered AgentRuntime to Coordinator: output
02:00:00 [[32minfo[39m]  Registered AgentRuntime to Coordinator: quest
02:00:00 [[32minfo[39m]  Registered AgentRuntime to Coordinator: npc_party
02:00:00 [[32minfo[39m]  Registered AgentRuntime to Coordinator: inventory
02:00:00 [[32minfo[39m]  Registered AgentRuntime to Coordinator: skill
02:00:00 [[32minfo[39m]  Registered AgentRuntime to Coordinator: event
02:00:00 [[32minfo[39m]  Registered AgentRuntime to Coordinator: time
02:00:00 [[32minfo[39m]  GameDataExpander configured (manifest path enabled)
02:00:00 [[32minfo[39m]  DedupService configured (dispatch log persistence enabled)
02:00:00 [[32minfo[39m]  Agent system initialized: 10 AgentRuntime instances created
鉁?Agent system initialized with 10 agents
鈿狅笍 YAML Agent system skipped: __vi_import_5__.initializeYamlAgentSystem is not a function
02:00:00 [[32minfo[39m]  Agent routes initialized
02:00:00 [[32minfo[39m]  Save routes initialized
02:00:00 [[32minfo[39m]  Synced template from YAML to DB: cthulhu-investigation
02:00:00 [[32minfo[39m]  Synced template from YAML to DB: cyberpunk-mercenary
02:00:00 [[32minfo[39m]  Synced template from YAML to DB: medieval-fantasy
02:00:00 [[32minfo[39m]  Synced template from YAML to DB: modern-romance
02:00:00 [[32minfo[39m]  Synced template from YAML to DB: xianxia
02:00:00 [[32minfo[39m]  Synced 5 templates from YAML to database
02:00:00 [[32minfo[39m]  Cache refreshed with 5 templates
02:00:00 [[32minfo[39m]  TemplateService loaded {"cachedTemplates":5}
鉁?Template YAML loaded and synced to DB
02:00:00 [[32minfo[39m]  Template routes initialized
鉁?Test environment setup complete
鉁?Database connection closed

 [32m鉁?[39m src/game-systems/entity-graph/__tests__/EntityGraphService.count-awareness-by-topic.test.ts [2m ([22m[2m7 tests[22m[2m)[22m[33m 937[2mms[22m[39m
[90mstdout[2m | tests/integration/cross-module.test.ts[2m > [22m[2mCross-Module Integration Tests[2m > [22m[2mFull Game Initialization Flow[2m > [22m[2mStep 3: Get game config from template[22m[39m
02:00:00 [[32minfo[39m]  Cache refreshed with 5 templates
02:00:00 [[32minfo[39m]  GET /cthulhu-investigation/game-config 200 46ms 58c4fbab {"method":"GET","url":"/cthulhu-investigation/game-config","status":200,"duration":"46ms"}

[90mstdout[2m | tests/integration/cross-module.test.ts[2m > [22m[2mCross-Module Integration Tests[2m > [22m[2mSave Lifecycle Flow[2m > [22m[2mshould complete full save lifecycle: create 鈫?update 鈫?snapshot 鈫?restore 鈫?delete[22m[39m
02:00:00 [[32minfo[39m]  Save created {"saveId":"save_Lifecycle_Test_Save_1785002400368_0","name":"Lifecycle Test Save","restrictionType":"free"}
02:00:00 [[32minfo[39m]  POST / 201 3ms a7fbaacc {"method":"POST","url":"/","status":201,"duration":"3ms"}

[90mstdout[2m | tests/integration/cross-module.test.ts[2m > [22m[2mCross-Module Integration Tests[2m > [22m[2mSave Lifecycle Flow[2m > [22m[2mshould complete full save lifecycle: create 鈫?update 鈫?snapshot 鈫?restore 鈫?delete[22m[39m
02:00:00 [[32minfo[39m]  Save metadata updated {"saveId":"save_Lifecycle_Test_Save_1785002400368_0","updatedFields":["chapter","location"]}
02:00:00 [[32minfo[39m]  PATCH /save_Lifecycle_Test_Save_1785002400368_0 200 3ms eb92d1f1 {"method":"PATCH","url":"/save_Lifecycle_Test_Save_1785002400368_0","status":200,"duration":"3ms"}

[90mstdout[2m | tests/integration/cross-module.test.ts[2m > [22m[2mCross-Module Integration Tests[2m > [22m[2mSave Lifecycle Flow[2m > [22m[2mshould complete full save lifecycle: create 鈫?update 鈫?snapshot 鈫?restore 鈫?delete[22m[39m
02:00:00 [[32minfo[39m]  Save loaded {"saveId":"save_Lifecycle_Test_Save_1785002400368_0","hasCharacter":false,"inventoryCount":0}
02:00:00 [[32minfo[39m]  Snapshot created {"saveId":"save_Lifecycle_Test_Save_1785002400368_0","snapshotId":"snap_save_Lif_1785002400396_1","type":"manual","chapter":"Chapter 1"}
02:00:00 [[32minfo[39m]  Save saved with snapshot {"saveId":"save_Lifecycle_Test_Save_1785002400368_0"}
02:00:00 [[32minfo[39m]  PUT /save_Lifecycle_Test_Save_1785002400368_0 200 12ms cbbf1ded {"method":"PUT","url":"/save_Lifecycle_Test_Save_1785002400368_0","status":200,"duration":"12ms"}

[90mstdout[2m | tests/integration/cross-module.test.ts[2m > [22m[2mCross-Module Integration Tests[2m > [22m[2mSave Lifecycle Flow[2m > [22m[2mshould complete full save lifecycle: create 鈫?update 鈫?snapshot 鈫?restore 鈫?delete[22m[39m
02:00:00 [[32minfo[39m]  Save loaded {"saveId":"save_Lifecycle_Test_Save_1785002400368_0","hasCharacter":false,"inventoryCount":0}
02:00:00 [[32minfo[39m]  Snapshot created {"saveId":"save_Lifecycle_Test_Save_1785002400368_0","snapshotId":"snap_save_Lif_1785002400409_2","type":"manual","chapter":"Chapter 1 Checkpoint"}
02:00:00 [[32minfo[39m]  POST /save_Lifecycle_Test_Save_1785002400368_0/snapshots 201 5ms f654145b {"method":"POST","url":"/save_Lifecycle_Test_Save_1785002400368_0/snapshots","status":201,"duration":"5ms"}

[90mstdout[2m | tests/integration/cross-module.test.ts[2m > [22m[2mCross-Module Integration Tests[2m > [22m[2mSave Lifecycle Flow[2m > [22m[2mshould complete full save lifecycle: create 鈫?update 鈫?snapshot 鈫?restore 鈫?delete[22m[39m
02:00:00 [[32minfo[39m]  Save metadata updated {"saveId":"save_Lifecycle_Test_Save_1785002400368_0","updatedFields":["chapter","location"]}
02:00:00 [[32minfo[39m]  PATCH /save_Lifecycle_Test_Save_1785002400368_0 200 2ms 9db4d94d {"method":"PATCH","url":"/save_Lifecycle_Test_Save_1785002400368_0","status":200,"duration":"2ms"}

[90mstdout[2m | tests/integration/cross-module.test.ts[2m > [22m[2mCross-Module Integration Tests[2m > [22m[2mSave Lifecycle Flow[2m > [22m[2mshould complete full save lifecycle: create 鈫?update 鈫?snapshot 鈫?restore 鈫?delete[22m[39m
02:00:00 [[32minfo[39m]  Snapshot restored to save {"snapshotId":"snap_save_Lif_1785002400409_2","saveId":"save_Lifecycle_Test_Save_1785002400368_0"}
02:00:00 [[32minfo[39m]  POST /save_Lifecycle_Test_Save_1785002400368_0/snapshots/snap_save_Lif_1785002400409_2/restore 200 7ms fde24386 {"method":"POST","url":"/save_Lifecycle_Test_Save_1785002400368_0/snapshots/snap_save_Lif_1785002400409_2/restore","status":200,"duration":"7ms"}

[90mstdout[2m | tests/integration/cross-module.test.ts[2m > [22m[2mCross-Module Integration Tests[2m > [22m[2mSave Lifecycle Flow[2m > [22m[2mshould complete full save lifecycle: create 鈫?update 鈫?snapshot 鈫?restore 鈫?delete[22m[39m
02:00:00 [[32minfo[39m]  Save deleted with all related data {"saveId":"save_Lifecycle_Test_Save_1785002400368_0"}
02:00:00 [[32minfo[39m]  DELETE /save_Lifecycle_Test_Save_1785002400368_0 200 5ms 865c4c41 {"method":"DELETE","url":"/save_Lifecycle_Test_Save_1785002400368_0","status":200,"duration":"5ms"}

[90mstdout[2m | src/game-systems/combat/__tests__/combat-skill-damage-pipeline.test.ts[22m[39m
馃И Setting up comprehensive test environment...
鉁?Database connected
Running migration: 001_init.ts

[90mstdout[2m | tests/integration/cross-module.test.ts[2m > [22m[2mCross-Module Integration Tests[2m > [22m[2mSave Lifecycle Flow[2m > [22m[2mshould complete full save lifecycle: create 鈫?update 鈫?snapshot 鈫?restore 鈫?delete[22m[39m
02:00:00 [[31merror[39m]  Failed to load save {"saveId":"save_Lifecycle_Test_Save_1785002400368_0","error":"Save not found: save_Lifecycle_Test_Save_1785002400368_0"}
02:00:00 [[31merror[39m]  Failed to load save {"saveId":"save_Lifecycle_Test_Save_1785002400368_0","error":"Save not found: save_Lifecycle_Test_Save_1785002400368_0"}
02:00:00 [[32minfo[39m]  GET /save_Lifecycle_Test_Save_1785002400368_0 404 2ms f25e16d1 {"method":"GET","url":"/save_Lifecycle_Test_Save_1785002400368_0","status":404,"duration":"2ms"}

[90mstdout[2m | tests/integration/cross-module.test.ts[2m > [22m[2mCross-Module Integration Tests[2m > [22m[2mTemplate Lifecycle Flow[2m > [22m[2mshould complete full template lifecycle: create 鈫?update 鈫?duplicate 鈫?export 鈫?delete[22m[39m
02:00:00 [[33mwarn[39m]  Import template with warnings {"warnings":[{"field":"initial_data","message":"initial_data is missing"},{"field":"starting_scene","message":"starting_scene is missing"},{"field":"ai_constraints","message":"ai_constraints is missing"},{"field":"game_rules","message":"game_rules is missing"},{"field":"ui_theme","message":"ui_theme is not defined"},{"field":"ui_layout","message":"ui_layout is not defined"}]}
02:00:00 [[32minfo[39m]  Cache refreshed with 6 templates
02:00:00 [[32minfo[39m]  Template imported successfully {"id":"lifecycle-test-template","name":"Lifecycle Test Template","warnings":6}
02:00:00 [[32minfo[39m]  POST / 201 30ms 7f46e1d9 {"method":"POST","url":"/","status":201,"duration":"30ms"}

[90mstdout[2m | src/agents/story/__tests__/story-driving-integration.test.ts[22m[39m
馃И Setting up comprehensive test environment...
鉁?Database connected
Running migration: 001_init.ts

[90mstdout[2m | src/game-systems/audit/__tests__/AuditAgent.toSubAgentResult.test.ts[22m[39m
Migration 001_init.ts completed successfully
Running migration: 002_add_equipped_index.ts

[90mstdout[2m | src/game-systems/audit/__tests__/AuditAgent.toSubAgentResult.test.ts[22m[39m
Migration 002_add_equipped_index.ts completed successfully
Running migration: 003_fix_information_boundaries_timestamps.ts

[90mstdout[2m | src/game-systems/audit/__tests__/AuditAgent.toSubAgentResult.test.ts[22m[39m
Migration 003_fix_information_boundaries_timestamps.ts completed successfully
Running migration: 004_drop_information_boundaries.ts

[90mstdout[2m | src/game-systems/combat/__tests__/combat-skill-damage-pipeline.test.ts[22m[39m
Migration 001_init.ts completed successfully
Running migration: 002_add_equipped_index.ts

[90mstdout[2m | src/game-systems/combat/__tests__/combat-skill-damage-pipeline.test.ts[22m[39m
Migration 002_add_equipped_index.ts completed successfully
Running migration: 003_fix_information_boundaries_timestamps.ts

[90mstdout[2m | src/game-systems/combat/__tests__/combat-skill-damage-pipeline.test.ts[22m[39m
Migration 003_fix_information_boundaries_timestamps.ts completed successfully
Running migration: 004_drop_information_boundaries.ts
004_drop_information_boundaries: information_boundaries table not found, skipping migration
004_drop_information_boundaries: cleared custom_data.knowledge from 0 NPCs
Migration 004_drop_information_boundaries.ts completed successfully
Running migration: 005_drop_npc_relations.ts

[90mstdout[2m | src/game-systems/combat/__tests__/combat-skill-damage-pipeline.test.ts[22m[39m
005_drop_npc_relations: dropped npc_relations table
Migration 005_drop_npc_relations.ts completed successfully
Running migration: 006_awareness_relationship_events_states.ts

[90mstdout[2m | src/game-systems/combat/__tests__/combat-skill-damage-pipeline.test.ts[22m[39m
006: created entity_awareness_events table
006: created entity_awareness_states table
006: created entity_relationship_events table
006: created entity_relationship_states table
Migration 006_awareness_relationship_events_states.ts completed successfully
Running migration: 007_add_combat_mode.ts

[90mstdout[2m | src/game-systems/audit/__tests__/AuditAgent.toSubAgentResult.test.ts[22m[39m
004_drop_information_boundaries: information_boundaries table not found, skipping migration
004_drop_information_boundaries: cleared custom_data.knowledge from 0 NPCs
Migration 004_drop_information_boundaries.ts completed successfully
Running migration: 005_drop_npc_relations.ts
005_drop_npc_relations: dropped npc_relations table
Migration 005_drop_npc_relations.ts completed successfully
Running migration: 006_awareness_relationship_events_states.ts
006: created entity_awareness_events table
006: created entity_awareness_states table
006: created entity_relationship_events table
006: created entity_relationship_states table
Migration 006_awareness_relationship_events_states.ts completed successfully
Running migration: 007_add_combat_mode.ts

[90mstdout[2m | src/game-systems/combat/__tests__/combat-skill-damage-pipeline.test.ts[22m[39m
007: added combat_states.mode column
Migration 007_add_combat_mode.ts completed successfully
Running migration: 008_add_saves_active_challenge_mode.ts

[90mstdout[2m | tests/integration/cross-module.test.ts[2m > [22m[2mCross-Module Integration Tests[2m > [22m[2mTemplate Lifecycle Flow[2m > [22m[2mshould complete full template lifecycle: create 鈫?update 鈫?duplicate 鈫?export 鈫?delete[22m[39m
02:00:00 [[32minfo[39m]  Cache refreshed with 6 templates
02:00:00 [[32minfo[39m]  Cache refreshed with 6 templates
02:00:00 [[32minfo[39m]  PUT /lifecycle-test-template 200 62ms ce43e6de {"method":"PUT","url":"/lifecycle-test-template","status":200,"duration":"62ms"}

[90mstdout[2m | src/agents/prompt/__tests__/init-mode.test.ts[22m[39m
02:00:00 [[32minfo[39m]  Help registry loaded: 22 tools {"tools":["batch_query_service","challenge_service","... (22 items)"]}
02:00:00 [[32minfo[39m]  Creating GameMasterAgent (as AgentRuntime with isSubAgent=false)
02:00:00 [[32minfo[39m]  Handler subscribed {"eventType":"dialogue"}
02:00:00 [[32minfo[39m]  Handler subscribed {"eventType":"combat_end"}
02:00:00 [[32minfo[39m]  AwarenessAutoSubscriber subscribed to dialogue + combat_end events
02:00:00 [[32minfo[39m]  Agent initialized: gamemaster - GameMasterAgent
02:00:00 [[32minfo[39m] [AGENT-START] Agent gamemaster starting {"agent":"gamemaster","provider":null,"toolsConfigured":1,"maxIterations":200,"isSubAgent":false}
02:00:00 [[32minfo[39m]  Handler subscribed {"eventType":"chapter_advanced"}
02:00:00 [[32minfo[39m]  Creating AgentRuntime instances from default profile: fantasy_rpg
02:00:00 [[32minfo[39m]  Creating agents from profile: fantasy_rpg {"agentCount":10}
02:00:00 [[32minfo[39m]  Agent initialized: gamemaster - GameMasterAgent
02:00:00 [[32minfo[39m] [AGENT-START] Agent gamemaster starting {"agent":"gamemaster","provider":null,"toolsConfigured":1,"maxIterations":200,"isSubAgent":false}
02:00:00 [[32minfo[39m]  Created AgentRuntime: gamemaster {"profile":"fantasy_rpg","tools":["all"]}
02:00:00 [[32minfo[39m]  Agent initialized: map - MapAgent
02:00:00 [[32minfo[39m] [AGENT-START] Agent map starting {"agent":"map","provider":null,"toolsConfigured":7,"maxIterations":200,"isSubAgent":true}
02:00:00 [[32minfo[39m]  Created AgentRuntime: map {"profile":"fantasy_rpg","tools":["map_service","npc_service","... (7 items)"]}
02:00:00 [[32minfo[39m]  Agent initialized: challenge - ChallengeAgent
02:00:00 [[32minfo[39m] [AGENT-START] Agent challenge starting {"agent":"challenge","provider":null,"toolsConfigured":9,"maxIterations":200,"isSubAgent":true}
02:00:00 [[32minfo[39m]  Created AgentRuntime: challenge {"profile":"fantasy_rpg","tools":["challenge_service","numerical_service","... (9 items)"]}
02:00:00 [[32minfo[39m]  Agent initialized: output - OutputAgent
02:00:00 [[32minfo[39m] [AGENT-START] Agent output starting {"agent":"output","provider":null,"toolsConfigured":5,"maxIterations":200,"isSubAgent":true}
02:00:00 [[32minfo[39m]  Created AgentRuntime: output {"profile":"fantasy_rpg","tools":["dialogue_service","dynamic_ui","... (5 items)"]}
02:00:00 [[32minfo[39m]  Agent initialized: quest - QuestAgent
02:00:00 [[32minfo[39m] [AGENT-START] Agent quest starting {"agent":"quest","provider":null,"toolsConfigured":11,"maxIterations":200,"isSubAgent":true}
02:00:00 [[32minfo[39m]  Created AgentRuntime: quest {"profile":"fantasy_rpg","tools":["quest_service","numerical_service","... (11 items)"]}
02:00:00 [[32minfo[39m]  Agent initialized: npc_party - NPCPartyAgent
02:00:00 [[32minfo[39m] [AGENT-START] Agent npc_party starting {"agent":"npc_party","provider":null,"toolsConfigured":9,"maxIterations":200,"isSubAgent":true}
02:00:00 [[32minfo[39m]  Created AgentRuntime: npc_party {"profile":"fantasy_rpg","tools":["npc_service","entity_graph_service","... (9 items)"]}
02:00:00 [[32minfo[39m]  Agent initialized: inventory - InventoryAgent
02:00:00 [[32minfo[39m] [AGENT-START] Agent inventory starting {"agent":"inventory","provider":null,"toolsConfigured":8,"maxIterations":200,"isSubAgent":true}
02:00:00 [[32minfo[39m]  Created AgentRuntime: inventory {"profile":"fantasy_rpg","tools":["inventory_service","template_pool_service","... (8 items)"]}
02:00:00 [[32minfo[39m]  Agent initialized: skill - SkillAgent
02:00:00 [[32minfo[39m] [AGENT-START] Agent skill starting {"agent":"skill","provider":null,"toolsConfigured":7,"maxIterations":200,"isSubAgent":true}
02:00:00 [[32minfo[39m]  Created AgentRuntime: skill {"profile":"fantasy_rpg","tools":["skill_service","template_pool_service","... (7 items)"]}
02:00:00 [[32minfo[39m]  Agent initialized: event - EventAgent
02:00:00 [[32minfo[39m] [AGENT-START] Agent event starting {"agent":"event","provider":null,"toolsConfigured":5,"maxIterations":200,"isSubAgent":true}
02:00:00 [[32minfo[39m]  Created AgentRuntime: event {"profile":"fantasy_rpg","tools":["event_service","game_time_service","... (5 items)"]}
02:00:00 [[32minfo[39m]  Agent initialized: time - TimeAgent
02:00:00 [[32minfo[39m] [AGENT-START] Agent time starting {"agent":"time","provider":null,"toolsConfigured":4,"maxIterations":200,"isSubAgent":true}
02:00:00 [[32minfo[39m]  Created AgentRuntime: time {"profile":"fantasy_rpg","tools":["game_time_service","rule_service","... (4 items)"]}
02:00:00 [[32minfo[39m]  Permissions configured from agent.tools for profile: fantasy_rpg
02:00:00 [[32minfo[39m]  YAML permissions configured
02:00:00 [[32minfo[39m]  Registering AgentRuntime instances to GameMasterAgent...
02:00:00 [[32minfo[39m]  Registered AgentRuntime to Coordinator: gamemaster
02:00:00 [[32minfo[39m]  Registered AgentRuntime to Coordinator: map
02:00:00 [[32minfo[39m]  Registered AgentRuntime to Coordinator: challenge
02:00:00 [[32minfo[39m]  Registered AgentRuntime to Coordinator: output
02:00:00 [[32minfo[39m]  Registered AgentRuntime to Coordinator: quest
02:00:00 [[32minfo[39m]  Registered AgentRuntime to Coordinator: npc_party
02:00:00 [[32minfo[39m]  Registered AgentRuntime to Coordinator: inventory
02:00:00 [[32minfo[39m]  Registered AgentRuntime to Coordinator: skill
02:00:00 [[32minfo[39m]  Registered AgentRuntime to Coordinator: event
02:00:00 [[32minfo[39m]  Registered AgentRuntime to Coordinator: time
02:00:00 [[32minfo[39m]  GameDataExpander configured (manifest path enabled)
02:00:00 [[32minfo[39m]  DedupService configured (dispatch log persistence enabled)
02:00:00 [[32minfo[39m]  Agent system initialized: 10 AgentRuntime instances created
鉁?Agent system initialized with 10 agents
鈿狅笍 YAML Agent system skipped: __vi_import_5__.initializeYamlAgentSystem is not a function
02:00:00 [[32minfo[39m]  Agent routes initialized
02:00:00 [[32minfo[39m]  Save routes initialized
02:00:00 [[32minfo[39m]  Synced template from YAML to DB: cthulhu-investigation
02:00:00 [[32minfo[39m]  Synced template from YAML to DB: cyberpunk-mercenary
02:00:00 [[32minfo[39m]  Synced template from YAML to DB: medieval-fantasy
02:00:00 [[32minfo[39m]  Synced template from YAML to DB: modern-romance
02:00:00 [[32minfo[39m]  Synced template from YAML to DB: xianxia
02:00:00 [[32minfo[39m]  Synced 5 templates from YAML to database
02:00:00 [[32minfo[39m]  Cache refreshed with 5 templates
02:00:00 [[32minfo[39m]  TemplateService loaded {"cachedTemplates":5}
鉁?Template YAML loaded and synced to DB
02:00:00 [[32minfo[39m]  Template routes initialized
鉁?Test environment setup complete

[90mstdout[2m | src/game-systems/npc/__tests__/npc-duplicate-prevention.test.ts[22m[39m
馃И Setting up comprehensive test environment...
鉁?Database connected
Running migration: 001_init.ts

[90mstdout[2m | src/agents/story/__tests__/story-driving-integration.test.ts[22m[39m
Migration 001_init.ts completed successfully
Running migration: 002_add_equipped_index.ts

[90mstdout[2m | tests/integration/cross-module.test.ts[2m > [22m[2mCross-Module Integration Tests[2m > [22m[2mTemplate Lifecycle Flow[2m > [22m[2mshould complete full template lifecycle: create 鈫?update 鈫?duplicate 鈫?export 鈫?delete[22m[39m
02:00:00 [[32minfo[39m]  Cache refreshed with 6 templates
02:00:00 [[32minfo[39m]  POST /lifecycle-test-template/validate 200 24ms 5671aafc {"method":"POST","url":"/lifecycle-test-template/validate","status":200,"duration":"24ms"}

[90mstdout[2m | src/agents/story/__tests__/story-driving-integration.test.ts[22m[39m
Migration 002_add_equipped_index.ts completed successfully
Running migration: 003_fix_information_boundaries_timestamps.ts
Migration 003_fix_information_boundaries_timestamps.ts completed successfully
Running migration: 004_drop_information_boundaries.ts

[90mstdout[2m | src/agents/story/__tests__/StoryPostReactPipeline.test.ts[22m[39m
008: added saves.active_challenge_mode column
Migration 008_add_saves_active_challenge_mode.ts completed successfully
All migrations completed
鉁?Migrations completed
All seeds completed
鉁?Seeds completed
02:00:00 [[32minfo[39m]  Starting YAML-driven Agent system initialization
02:00:00 [[32minfo[39m]  Seeding ModelConfigService from environment
02:00:00 [[32minfo[39m]  No DEEPSEEK_API_KEY env var found, skipping env seed
02:00:00 [[32minfo[39m]  Seeded provider from convict config {"providerType":"openai","providerId":"13f60521-9811-4687-ad6d-1dd69589031c","model":"openrouter/free"}
02:00:00 [[32minfo[39m]  Creating LLMService with ModelConfigService
02:00:00 [[32minfo[39m]  Creating ContextService and DecisionLogService instances
02:00:00 [[32minfo[39m]  Initializing YAML-driven Agent profiles...
02:00:00 [[32minfo[39m]  Loading config from directory: C:\Users\super\Documents\trae_projects\AGG-main\packages\backend\config
02:00:00 [[32minfo[39m]  Loaded agent profile: fantasy_rpg
02:00:00 [[32minfo[39m]  Loaded agent profile: minimal_test
02:00:00 [[32minfo[39m]  Loaded 0 non-builtin profiles from database (0 builtin skipped, using YAML)
02:00:00 [[32minfo[39m]  Config loaded successfully: 2 profiles
02:00:00 [[32minfo[39m]  YAML config loaded successfully
02:00:00 [[32minfo[39m]  Context rules loaded {"agentCount":10}
02:00:00 [[32minfo[39m]  Default manifests loaded {"agentTypeCount":6,"manifestCount":8}
02:00:00 [[32minfo[39m]  Context rules file watcher started {"path":"C:\\Users\\super\\Documents\\trae_projects\\AGG-main\\packages\\backend\\config\\agent-context-rules.yaml"}
02:00:00 [[32minfo[39m]  Loaded 10 agent capabilities from YAML profiles
02:00:00 [[32minfo[39m]  ToolRegistry initialized
02:00:00 [[32minfo[39m]  Registering ServiceTools to ToolRegistry
02:00:00 [[32minfo[39m]  Tool registered: game_time_service - GameTime Service (v1.0.0)
02:00:00 [[32minfo[39m]  Tool registered: numerical_service - Numerical Service (v1.0.0)
02:00:00 [[32minfo[39m]  Tool registered: character_service - Character Service (v1.0.0)
02:00:00 [[32minfo[39m]  Tool registered: inventory_service - Inventory Service (v1.0.0)
02:00:00 [[32minfo[39m]  Tool registered: skill_service - Skill Service (v1.1.0)
02:00:00 [[32minfo[39m]  Tool registered: map_service - Map Service (v2.0.0)
02:00:00 [[32minfo[39m]  Tool registered: npc_service - NPC Service (v1.0.0)
02:00:00 [[32minfo[39m]  Tool registered: dialogue_service - Dialogue Service (v1.0.0)
02:00:00 [[32minfo[39m]  Tool registered: quest_service - Quest Service (v1.0.0)
02:00:00 [[32minfo[39m]  Tool registered: challenge_service - Challenge Service (v1.0.0)
02:00:00 [[32minfo[39m]  Tool registered: event_service - Event Service (v1.0.0)
02:00:00 [[32minfo[39m]  Tool registered: story_service - Story Service (v1.0.0)
02:00:00 [[32minfo[39m]  Tool registered: game_init_service - Game Init Service (v2.0.0)
02:00:00 [[32minfo[39m]  Tool registered: batch_query_service - Batch Query Service (v1.0.0)
02:00:00 [[32minfo[39m]  Tool registered: entity_graph_service - Entity Graph Service (v1.0.0)
02:00:00 [[32minfo[39m]  Tool registered: template_pool_service - Template Pool Service (v1.0.0)
02:00:00 [[32minfo[39m]  Tool registered: dynamic_ui - Dynamic UI Service (v1.0.0)
02:00:00 [[32minfo[39m]  Tool registered: generate_options - Generate Options Service (v2.0.0)
02:00:00 [[32minfo[39m]  Tool registered: coordinator_service - Coordinator Service (v1.0.0)
02:00:00 [[32minfo[39m]  Tool registered: rule_service - Rule Service (v1.0.0)
02:00:00 [[32minfo[39m]  Tool registered: skill_loader - Skill Loader (v1.0.0)
02:00:00 [[32minfo[39m]  Tool registered: help_service - Help Service (v1.0.0)
02:00:00 [[32minfo[39m]  Tool registered: memory_service - Memory Service (v1.0.0)
02:00:00 [[32minfo[39m]  Registered 23 ServiceTools to ToolRegistry
02:00:00 [[32minfo[39m]  Tool reference validation passed

[90mstdout[2m | src/game-systems/skill/__tests__/skill-use-target.test.ts[22m[39m
馃И Setting up comprehensive test environment...
鉁?Database connected
Running migration: 001_init.ts

[90mstdout[2m | src/agents/prompt/__tests__/init-mode.test.ts[22m[39m
鉁?Database connection closed

 [32m鉁?[39m src/agents/prompt/__tests__/init-mode.test.ts [2m ([22m[2m10 tests[22m[2m)[22m[33m 1476[2mms[22m[39m
[90mstdout[2m | src/agents/story/__tests__/story-driving-integration.test.ts[22m[39m
004_drop_information_boundaries: information_boundaries table not found, skipping migration
004_drop_information_boundaries: cleared custom_data.knowledge from 0 NPCs
Migration 004_drop_information_boundaries.ts completed successfully
Running migration: 005_drop_npc_relations.ts
005_drop_npc_relations: dropped npc_relations table
Migration 005_drop_npc_relations.ts completed successfully
Running migration: 006_awareness_relationship_events_states.ts

[90mstdout[2m | src/game-systems/npc/__tests__/npc-duplicate-prevention.test.ts[22m[39m
Migration 001_init.ts completed successfully
Running migration: 002_add_equipped_index.ts

[90mstdout[2m | src/game-systems/npc/__tests__/npc-duplicate-prevention.test.ts[22m[39m
Migration 002_add_equipped_index.ts completed successfully
Running migration: 003_fix_information_boundaries_timestamps.ts
Migration 003_fix_information_boundaries_timestamps.ts completed successfully
Running migration: 004_drop_information_boundaries.ts

[90mstdout[2m | src/game-systems/npc/__tests__/npc-duplicate-prevention.test.ts[22m[39m
004_drop_information_boundaries: information_boundaries table not found, skipping migration
004_drop_information_boundaries: cleared custom_data.knowledge from 0 NPCs
Migration 004_drop_information_boundaries.ts completed successfully
Running migration: 005_drop_npc_relations.ts
005_drop_npc_relations: dropped npc_relations table
Migration 005_drop_npc_relations.ts completed successfully
Running migration: 006_awareness_relationship_events_states.ts

[90mstdout[2m | src/game-systems/npc/__tests__/npc-duplicate-prevention.test.ts[22m[39m
006: created entity_awareness_events table
006: created entity_awareness_states table
006: created entity_relationship_events table
006: created entity_relationship_states table
Migration 006_awareness_relationship_events_states.ts completed successfully
Running migration: 007_add_combat_mode.ts

[90mstdout[2m | src/agents/story/__tests__/story-driving-integration.test.ts[22m[39m
006: created entity_awareness_events table
006: created entity_awareness_states table
006: created entity_relationship_events table
006: created entity_relationship_states table
Migration 006_awareness_relationship_events_states.ts completed successfully
Running migration: 007_add_combat_mode.ts
007: added combat_states.mode column
Migration 007_add_combat_mode.ts completed successfully
Running migration: 008_add_saves_active_challenge_mode.ts

[90mstdout[2m | src/game-systems/combat/__tests__/combat-skill-damage-pipeline.test.ts[22m[39m
008: added saves.active_challenge_mode column
Migration 008_add_saves_active_challenge_mode.ts completed successfully
All migrations completed
鉁?Migrations completed
All seeds completed
鉁?Seeds completed
02:00:00 [[32minfo[39m]  Starting YAML-driven Agent system initialization
02:00:00 [[32minfo[39m]  Seeding ModelConfigService from environment
02:00:00 [[32minfo[39m]  No DEEPSEEK_API_KEY env var found, skipping env seed
02:00:00 [[32minfo[39m]  Seeded provider from convict config {"providerType":"openai","providerId":"6d5fb3ec-8b15-4623-b39f-689230d02c90","model":"openrouter/free"}
02:00:00 [[32minfo[39m]  Creating LLMService with ModelConfigService
02:00:00 [[32minfo[39m]  Creating ContextService and DecisionLogService instances
02:00:00 [[32minfo[39m]  Initializing YAML-driven Agent profiles...
02:00:00 [[32minfo[39m]  Loading config from directory: C:\Users\super\Documents\trae_projects\AGG-main\packages\backend\config
02:00:00 [[32minfo[39m]  Loaded agent profile: fantasy_rpg
02:00:00 [[32minfo[39m]  Loaded agent profile: minimal_test
02:00:00 [[32minfo[39m]  Loaded 0 non-builtin profiles from database (0 builtin skipped, using YAML)
02:00:00 [[32minfo[39m]  Config loaded successfully: 2 profiles
02:00:00 [[32minfo[39m]  YAML config loaded successfully
02:00:00 [[32minfo[39m]  Context rules loaded {"agentCount":10}
02:00:00 [[32minfo[39m]  Default manifests loaded {"agentTypeCount":6,"manifestCount":8}
02:00:00 [[32minfo[39m]  Context rules file watcher started {"path":"C:\\Users\\super\\Documents\\trae_projects\\AGG-main\\packages\\backend\\config\\agent-context-rules.yaml"}
02:00:00 [[32minfo[39m]  Loaded 10 agent capabilities from YAML profiles
02:00:00 [[32minfo[39m]  ToolRegistry initialized
02:00:00 [[32minfo[39m]  Registering ServiceTools to ToolRegistry
02:00:00 [[32minfo[39m]  Tool registered: game_time_service - GameTime Service (v1.0.0)
02:00:00 [[32minfo[39m]  Tool registered: numerical_service - Numerical Service (v1.0.0)
02:00:00 [[32minfo[39m]  Tool registered: character_service - Character Service (v1.0.0)
02:00:00 [[32minfo[39m]  Tool registered: inventory_service - Inventory Service (v1.0.0)
02:00:00 [[32minfo[39m]  Tool registered: skill_service - Skill Service (v1.1.0)
02:00:00 [[32minfo[39m]  Tool registered: map_service - Map Service (v2.0.0)
02:00:00 [[32minfo[39m]  Tool registered: npc_service - NPC Service (v1.0.0)
02:00:00 [[32minfo[39m]  Tool registered: dialogue_service - Dialogue Service (v1.0.0)
02:00:00 [[32minfo[39m]  Tool registered: quest_service - Quest Service (v1.0.0)
02:00:00 [[32minfo[39m]  Tool registered: challenge_service - Challenge Service (v1.0.0)
02:00:00 [[32minfo[39m]  Tool registered: event_service - Event Service (v1.0.0)
02:00:00 [[32minfo[39m]  Tool registered: story_service - Story Service (v1.0.0)
02:00:00 [[32minfo[39m]  Tool registered: game_init_service - Game Init Service (v2.0.0)
02:00:00 [[32minfo[39m]  Tool registered: batch_query_service - Batch Query Service (v1.0.0)
02:00:00 [[32minfo[39m]  Tool registered: entity_graph_service - Entity Graph Service (v1.0.0)
02:00:00 [[32minfo[39m]  Tool registered: template_pool_service - Template Pool Service (v1.0.0)
02:00:00 [[32minfo[39m]  Tool registered: dynamic_ui - Dynamic UI Service (v1.0.0)
02:00:00 [[32minfo[39m]  Tool registered: generate_options - Generate Options Service (v2.0.0)
02:00:00 [[32minfo[39m]  Tool registered: coordinator_service - Coordinator Service (v1.0.0)
02:00:00 [[32minfo[39m]  Tool registered: rule_service - Rule Service (v1.0.0)
02:00:00 [[32minfo[39m]  Tool registered: skill_loader - Skill Loader (v1.0.0)
02:00:00 [[32minfo[39m]  Tool registered: help_service - Help Service (v1.0.0)
02:00:00 [[32minfo[39m]  Tool registered: memory_service - Memory Service (v1.0.0)
02:00:00 [[32minfo[39m]  Registered 23 ServiceTools to ToolRegistry
02:00:00 [[32minfo[39m]  Tool reference validation passed

[90mstdout[2m | src/game-systems/skill/__tests__/skill-use-target.test.ts[22m[39m
Migration 001_init.ts completed successfully
Running migration: 002_add_equipped_index.ts

[90mstdout[2m | tests/integration/cross-module.test.ts[2m > [22m[2mCross-Module Integration Tests[2m > [22m[2mTemplate Lifecycle Flow[2m > [22m[2mshould complete full template lifecycle: create 鈫?update 鈫?duplicate 鈫?export 鈫?delete[22m[39m
02:00:00 [[32minfo[39m]  Cache refreshed with 6 templates
02:00:00 [[32minfo[39m]  Cache refreshed with 7 templates
02:00:00 [[32minfo[39m]  Template duplicated {"sourceId":"lifecycle-test-template","newId":"tpl_04a58fe9-6050-447c-a0da-56e1d4fba68b","newName":"Lifecycle Test Template锛堝壇鏈級"}
02:00:00 [[32minfo[39m]  POST /lifecycle-test-template/duplicate 201 100ms 157512cf {"method":"POST","url":"/lifecycle-test-template/duplicate","status":201,"duration":"100ms"}

[90mstdout[2m | src/agents/story/__tests__/StoryPostReactPipeline.test.ts[22m[39m
02:00:00 [[32minfo[39m]  Discovered 187 help files {"dir":"C:\\Users\\super\\Documents\\trae_projects\\AGG-main\\packages\\backend\\config\\agent-help"}

[90mstdout[2m | src/game-systems/audit/__tests__/AuditAgent.toSubAgentResult.test.ts[22m[39m
007: added combat_states.mode column
Migration 007_add_combat_mode.ts completed successfully
Running migration: 008_add_saves_active_challenge_mode.ts
008: added saves.active_challenge_mode column
Migration 008_add_saves_active_challenge_mode.ts completed successfully
All migrations completed
鉁?Migrations completed
All seeds completed
鉁?Seeds completed
02:00:00 [[32minfo[39m]  Starting YAML-driven Agent system initialization
02:00:00 [[32minfo[39m]  Seeding ModelConfigService from environment
02:00:00 [[32minfo[39m]  No DEEPSEEK_API_KEY env var found, skipping env seed
02:00:00 [[32minfo[39m]  Seeded provider from convict config {"providerType":"openai","providerId":"a6048684-5586-449a-96fb-07158ecdf756","model":"openrouter/free"}
02:00:00 [[32minfo[39m]  Creating LLMService with ModelConfigService
02:00:00 [[32minfo[39m]  Creating ContextService and DecisionLogService instances
02:00:00 [[32minfo[39m]  Initializing YAML-driven Agent profiles...
02:00:00 [[32minfo[39m]  Loading config from directory: C:\Users\super\Documents\trae_projects\AGG-main\packages\backend\config
02:00:00 [[32minfo[39m]  Loaded agent profile: fantasy_rpg
02:00:00 [[32minfo[39m]  Loaded agent profile: minimal_test
02:00:00 [[32minfo[39m]  Loaded 0 non-builtin profiles from database (0 builtin skipped, using YAML)
02:00:00 [[32minfo[39m]  Config loaded successfully: 2 profiles
02:00:00 [[32minfo[39m]  YAML config loaded successfully
02:00:00 [[32minfo[39m]  Context rules loaded {"agentCount":10}
02:00:00 [[32minfo[39m]  Default manifests loaded {"agentTypeCount":6,"manifestCount":8}
02:00:00 [[32minfo[39m]  Context rules file watcher started {"path":"C:\\Users\\super\\Documents\\trae_projects\\AGG-main\\packages\\backend\\config\\agent-context-rules.yaml"}
02:00:00 [[32minfo[39m]  Loaded 10 agent capabilities from YAML profiles
02:00:00 [[32minfo[39m]  ToolRegistry initialized
02:00:00 [[32minfo[39m]  Registering ServiceTools to ToolRegistry
02:00:00 [[32minfo[39m]  Tool registered: game_time_service - GameTime Service (v1.0.0)
02:00:00 [[32minfo[39m]  Tool registered: numerical_service - Numerical Service (v1.0.0)
02:00:00 [[32minfo[39m]  Tool registered: character_service - Character Service (v1.0.0)
02:00:00 [[32minfo[39m]  Tool registered: inventory_service - Inventory Service (v1.0.0)
02:00:00 [[32minfo[39m]  Tool registered: skill_service - Skill Service (v1.1.0)
02:00:00 [[32minfo[39m]  Tool registered: map_service - Map Service (v2.0.0)
02:00:00 [[32minfo[39m]  Tool registered: npc_service - NPC Service (v1.0.0)
02:00:00 [[32minfo[39m]  Tool registered: dialogue_service - Dialogue Service (v1.0.0)
02:00:00 [[32minfo[39m]  Tool registered: quest_service - Quest Service (v1.0.0)
02:00:00 [[32minfo[39m]  Tool registered: challenge_service - Challenge Service (v1.0.0)
02:00:00 [[32minfo[39m]  Tool registered: event_service - Event Service (v1.0.0)
02:00:00 [[32minfo[39m]  Tool registered: story_service - Story Service (v1.0.0)
02:00:00 [[32minfo[39m]  Tool registered: game_init_service - Game Init Service (v2.0.0)
02:00:00 [[32minfo[39m]  Tool registered: batch_query_service - Batch Query Service (v1.0.0)
02:00:00 [[32minfo[39m]  Tool registered: entity_graph_service - Entity Graph Service (v1.0.0)
02:00:00 [[32minfo[39m]  Tool registered: template_pool_service - Template Pool Service (v1.0.0)
02:00:00 [[32minfo[39m]  Tool registered: dynamic_ui - Dynamic UI Service (v1.0.0)
02:00:00 [[32minfo[39m]  Tool registered: generate_options - Generate Options Service (v2.0.0)
02:00:00 [[32minfo[39m]  Tool registered: coordinator_service - Coordinator Service (v1.0.0)
02:00:00 [[32minfo[39m]  Tool registered: rule_service - Rule Service (v1.0.0)
02:00:00 [[32minfo[39m]  Tool registered: skill_loader - Skill Loader (v1.0.0)
02:00:00 [[32minfo[39m]  Tool registered: help_service - Help Service (v1.0.0)
02:00:00 [[32minfo[39m]  Tool registered: memory_service - Memory Service (v1.0.0)
02:00:00 [[32minfo[39m]  Registered 23 ServiceTools to ToolRegistry
02:00:00 [[32minfo[39m]  Tool reference validation passed

[90mstdout[2m | tests/integration/cross-module.test.ts[2m > [22m[2mCross-Module Integration Tests[2m > [22m[2mTemplate Lifecycle Flow[2m > [22m[2mshould complete full template lifecycle: create 鈫?update 鈫?duplicate 鈫?export 鈫?delete[22m[39m
02:00:00 [[32minfo[39m]  Cache refreshed with 7 templates
02:00:00 [[32minfo[39m]  POST /lifecycle-test-template/export 200 22ms dd41c6db {"method":"POST","url":"/lifecycle-test-template/export","status":200,"duration":"22ms"}

[90mstdout[2m | src/game-systems/audit/__tests__/AuditAgent.toSubAgentResult.test.ts[22m[39m
02:00:00 [[32minfo[39m]  Discovered 187 help files {"dir":"C:\\Users\\super\\Documents\\trae_projects\\AGG-main\\packages\\backend\\config\\agent-help"}

[90mstdout[2m | tests/integration/cross-module.test.ts[2m > [22m[2mCross-Module Integration Tests[2m > [22m[2mTemplate Lifecycle Flow[2m > [22m[2mshould complete full template lifecycle: create 鈫?update 鈫?duplicate 鈫?export 鈫?delete[22m[39m
02:00:00 [[32minfo[39m]  Cache refreshed with 7 templates
02:00:00 [[32minfo[39m]  Template deleted: tpl_04a58fe9-6050-447c-a0da-56e1d4fba68b
02:00:00 [[32minfo[39m]  DELETE /tpl_04a58fe9-6050-447c-a0da-56e1d4fba68b 200 22ms 2d2defc9 {"method":"DELETE","url":"/tpl_04a58fe9-6050-447c-a0da-56e1d4fba68b","status":200,"duration":"22ms"}

[90mstdout[2m | tests/integration/cross-module.test.ts[2m > [22m[2mCross-Module Integration Tests[2m > [22m[2mTemplate Lifecycle Flow[2m > [22m[2mshould complete full template lifecycle: create 鈫?update 鈫?duplicate 鈫?export 鈫?delete[22m[39m
02:00:00 [[32minfo[39m]  Cache refreshed with 6 templates
02:00:00 [[32minfo[39m]  Template deleted: lifecycle-test-template
02:00:00 [[32minfo[39m]  DELETE /lifecycle-test-template 200 29ms 66c64981 {"method":"DELETE","url":"/lifecycle-test-template","status":200,"duration":"29ms"}

[90mstdout[2m | tests/integration/cross-module.test.ts[2m > [22m[2mCross-Module Integration Tests[2m > [22m[2mSave Export/Import Round-trip[2m > [22m[2mshould export and re-import a save[22m[39m
02:00:00 [[32minfo[39m]  Save created {"saveId":"save_Export_Import_Test_1785002400800_3","name":"Export Import Test","restrictionType":"free"}
02:00:00 [[32minfo[39m]  POST / 201 2ms 1daa75db {"method":"POST","url":"/","status":201,"duration":"2ms"}

[90mstdout[2m | tests/integration/cross-module.test.ts[2m > [22m[2mCross-Module Integration Tests[2m > [22m[2mSave Export/Import Round-trip[2m > [22m[2mshould export and re-import a save[22m[39m
02:00:00 [[32minfo[39m]  Save metadata updated {"saveId":"save_Export_Import_Test_1785002400800_3","updatedFields":["chapter","location"]}
02:00:00 [[32minfo[39m]  PATCH /save_Export_Import_Test_1785002400800_3 200 2ms 303b666b {"method":"PATCH","url":"/save_Export_Import_Test_1785002400800_3","status":200,"duration":"2ms"}

[90mstdout[2m | tests/integration/cross-module.test.ts[2m > [22m[2mCross-Module Integration Tests[2m > [22m[2mSave Export/Import Round-trip[2m > [22m[2mshould export and re-import a save[22m[39m
02:00:00 [[32minfo[39m]  Save loaded {"saveId":"save_Export_Import_Test_1785002400800_3","hasCharacter":false,"inventoryCount":0}
02:00:00 [[32minfo[39m]  Save exported {"saveId":"save_Export_Import_Test_1785002400800_3"}
02:00:00 [[32minfo[39m]  POST /save_Export_Import_Test_1785002400800_3/export 200 5ms 3da4863e {"method":"POST","url":"/save_Export_Import_Test_1785002400800_3/export","status":200,"duration":"5ms"}

[90mstdout[2m | tests/integration/cross-module.test.ts[2m > [22m[2mCross-Module Integration Tests[2m > [22m[2mSave Export/Import Round-trip[2m > [22m[2mshould export and re-import a save[22m[39m
02:00:00 [[32minfo[39m]  Save created {"saveId":"save_Export_Import_Test_Imported_1785002400823_4","name":"Export Import Test (Imported)","templateId":"default","restrictionType":"free"}
02:00:00 [[32minfo[39m]  Save imported {"newSaveId":"save_Export_Import_Test_Imported_1785002400823_4","originalName":"Export Import Test"}
02:00:00 [[32minfo[39m]  POST /import 201 2ms ad663de6 {"method":"POST","url":"/import","status":201,"duration":"2ms"}

[90mstdout[2m | src/game-systems/combat/__tests__/combat-skill-damage-pipeline.test.ts[22m[39m
02:00:00 [[32minfo[39m]  Discovered 187 help files {"dir":"C:\\Users\\super\\Documents\\trae_projects\\AGG-main\\packages\\backend\\config\\agent-help"}

[90mstdout[2m | tests/integration/cross-module.test.ts[2m > [22m[2mCross-Module Integration Tests[2m > [22m[2mSave Export/Import Round-trip[2m > [22m[2mshould export and re-import a save[22m[39m
02:00:00 [[32minfo[39m]  Save deleted with all related data {"saveId":"save_Export_Import_Test_1785002400800_3"}
02:00:00 [[32minfo[39m]  DELETE /save_Export_Import_Test_1785002400800_3 200 3ms 5e8e6cef {"method":"DELETE","url":"/save_Export_Import_Test_1785002400800_3","status":200,"duration":"3ms"}

[90mstdout[2m | tests/integration/cross-module.test.ts[2m > [22m[2mCross-Module Integration Tests[2m > [22m[2mSave Export/Import Round-trip[2m > [22m[2mshould export and re-import a save[22m[39m
02:00:00 [[32minfo[39m]  Save deleted with all related data {"saveId":"save_Export_Import_Test_Imported_1785002400823_4"}
02:00:00 [[32minfo[39m]  DELETE /save_Export_Import_Test_Imported_1785002400823_4 200 3ms cee21dc9 {"method":"DELETE","url":"/save_Export_Import_Test_Imported_1785002400823_4","status":200,"duration":"3ms"}

[90mstdout[2m | tests/integration/cross-module.test.ts[2m > [22m[2mCross-Module Integration Tests[2m > [22m[2mAgent System Status Check[2m > [22m[2mshould verify all agent system components are operational[22m[39m
02:00:00 [[32minfo[39m]  [TRACE-c5b72ff6-629e-4e4f-81a1-ddb78db62fdf] [REQUEST] GET /api/v1/agent/status
02:00:00 [[32minfo[39m]  Fetching system status
02:00:00 [[32minfo[39m]  System status retrieved {"agentsCount":10,"toolsCount":23}
02:00:00 [[32minfo[39m]  [TRACE-c5b72ff6-629e-4e4f-81a1-ddb78db62fdf] [RESPONSE] 200 {"success":true,"data":{"coordinator":{"status":"active","type":"gamemaster","name":"GameMasterAgent","currentScheduleDepth":0,"registeredAgentsCount":10},"agents":[{"type":"gamemaster","status":"regi... [truncated, total 1274 chars]
02:00:00 [[32minfo[39m]  GET /status 200 2ms c5b72ff6 {"method":"GET","url":"/status","status":200,"duration":"2ms"}
02:00:00 [[32minfo[39m]  [TRACE-c5b72ff6-629e-4e4f-81a1-ddb78db62fdf] [DURATION] 2ms

[90mstdout[2m | src/game-systems/skill/__tests__/skill-use-target.test.ts[22m[39m
Migration 002_add_equipped_index.ts completed successfully
Running migration: 003_fix_information_boundaries_timestamps.ts
Migration 003_fix_information_boundaries_timestamps.ts completed successfully
Running migration: 004_drop_information_boundaries.ts
004_drop_information_boundaries: information_boundaries table not found, skipping migration
004_drop_information_boundaries: cleared custom_data.knowledge from 0 NPCs
Migration 004_drop_information_boundaries.ts completed successfully
Running migration: 005_drop_npc_relations.ts
005_drop_npc_relations: dropped npc_relations table
Migration 005_drop_npc_relations.ts completed successfully
Running migration: 006_awareness_relationship_events_states.ts
006: created entity_awareness_events table
006: created entity_awareness_states table
006: created entity_relationship_events table
006: created entity_relationship_states table
Migration 006_awareness_relationship_events_states.ts completed successfully
Running migration: 007_add_combat_mode.ts
007: added combat_states.mode column
Migration 007_add_combat_mode.ts completed successfully
Running migration: 008_add_saves_active_challenge_mode.ts
008: added saves.active_challenge_mode column
Migration 008_add_saves_active_challenge_mode.ts completed successfully
All migrations completed
鉁?Migrations completed
All seeds completed
鉁?Seeds completed
02:00:00 [[32minfo[39m]  Starting YAML-driven Agent system initialization
02:00:00 [[32minfo[39m]  Seeding ModelConfigService from environment
02:00:00 [[32minfo[39m]  No DEEPSEEK_API_KEY env var found, skipping env seed
02:00:00 [[32minfo[39m]  Seeded provider from convict config {"providerType":"openai","providerId":"8374e168-36a2-41b3-ab3b-345e6593cdb2","model":"openrouter/free"}
02:00:00 [[32minfo[39m]  Creating LLMService with ModelConfigService
02:00:00 [[32minfo[39m]  Creating ContextService and DecisionLogService instances
02:00:00 [[32minfo[39m]  Initializing YAML-driven Agent profiles...
02:00:00 [[32minfo[39m]  Loading config from directory: C:\Users\super\Documents\trae_projects\AGG-main\packages\backend\config
02:00:00 [[32minfo[39m]  Loaded agent profile: fantasy_rpg
02:00:00 [[32minfo[39m]  Loaded agent profile: minimal_test
02:00:00 [[32minfo[39m]  Loaded 0 non-builtin profiles from database (0 builtin skipped, using YAML)
02:00:00 [[32minfo[39m]  Config loaded successfully: 2 profiles
02:00:00 [[32minfo[39m]  YAML config loaded successfully
02:00:00 [[32minfo[39m]  Context rules loaded {"agentCount":10}
02:00:00 [[32minfo[39m]  Default manifests loaded {"agentTypeCount":6,"manifestCount":8}
02:00:00 [[32minfo[39m]  Context rules file watcher started {"path":"C:\\Users\\super\\Documents\\trae_projects\\AGG-main\\packages\\backend\\config\\agent-context-rules.yaml"}
02:00:00 [[32minfo[39m]  Loaded 10 agent capabilities from YAML profiles
02:00:00 [[32minfo[39m]  ToolRegistry initialized
02:00:00 [[32minfo[39m]  Registering ServiceTools to ToolRegistry
02:00:00 [[32minfo[39m]  Tool registered: game_time_service - GameTime Service (v1.0.0)
02:00:00 [[32minfo[39m]  Tool registered: numerical_service - Numerical Service (v1.0.0)
02:00:00 [[32minfo[39m]  Tool registered: character_service - Character Service (v1.0.0)
02:00:00 [[32minfo[39m]  Tool registered: inventory_service - Inventory Service (v1.0.0)
02:00:00 [[32minfo[39m]  Tool registered: skill_service - Skill Service (v1.1.0)
02:00:00 [[32minfo[39m]  Tool registered: map_service - Map Service (v2.0.0)
02:00:00 [[32minfo[39m]  Tool registered: npc_service - NPC Service (v1.0.0)
02:00:00 [[32minfo[39m]  Tool registered: dialogue_service - Dialogue Service (v1.0.0)
02:00:00 [[32minfo[39m]  Tool registered: quest_service - Quest Service (v1.0.0)
02:00:00 [[32minfo[39m]  Tool registered: challenge_service - Challenge Service (v1.0.0)
02:00:00 [[32minfo[39m]  Tool registered: event_service - Event Service (v1.0.0)
02:00:00 [[32minfo[39m]  Tool registered: story_service - Story Service (v1.0.0)
02:00:00 [[32minfo[39m]  Tool registered: game_init_service - Game Init Service (v2.0.0)
02:00:00 [[32minfo[39m]  Tool registered: batch_query_service - Batch Query Service (v1.0.0)
02:00:00 [[32minfo[39m]  Tool registered: entity_graph_service - Entity Graph Service (v1.0.0)
02:00:00 [[32minfo[39m]  Tool registered: template_pool_service - Template Pool Service (v1.0.0)
02:00:00 [[32minfo[39m]  Tool registered: dynamic_ui - Dynamic UI Service (v1.0.0)
02:00:00 [[32minfo[39m]  Tool registered: generate_options - Generate Options Service (v2.0.0)
02:00:00 [[32minfo[39m]  Tool registered: coordinator_service - Coordinator Service (v1.0.0)
02:00:00 [[32minfo[39m]  Tool registered: rule_service - Rule Service (v1.0.0)
02:00:00 [[32minfo[39m]  Tool registered: skill_loader - Skill Loader (v1.0.0)
02:00:00 [[32minfo[39m]  Tool registered: help_service - Help Service (v1.0.0)
02:00:00 [[32minfo[39m]  Tool registered: memory_service - Memory Service (v1.0.0)
02:00:00 [[32minfo[39m]  Registered 23 ServiceTools to ToolRegistry
02:00:00 [[32minfo[39m]  Tool reference validation passed

[90mstdout[2m | tests/integration/cross-module.test.ts[2m > [22m[2mCross-Module Integration Tests[2m > [22m[2mAgent System Status Check[2m > [22m[2mshould verify all agent system components are operational[22m[39m
02:00:00 [[32minfo[39m]  [TRACE-99bcc2c1-84af-4fd9-adb5-5a5f5c04ab0e] [REQUEST] GET /api/v1/agent/tools
02:00:00 [[32minfo[39m]  Fetching available tools
02:00:00 [[32minfo[39m]  Tools retrieved {"count":23}
02:00:00 [[32minfo[39m]  [TRACE-99bcc2c1-84af-4fd9-adb5-5a5f5c04ab0e] [RESPONSE] 200 {"success":true,"data":{"tools":[{"type":"game_time_service","name":"GameTime Service","description":"娓告垙鏃堕棿绠＄悊鏈嶅姟銆傝缁嗕娇鐢ㄦ柟娉曡璋冪敤 get_tool_help 宸ュ叿銆?,"version":"1.0.0","methods":[{"name":"advance_time","descrip... [truncated, total 123695 chars]
02:00:00 [[32minfo[39m]  GET /tools 200 7ms 99bcc2c1 {"method":"GET","url":"/tools","status":200,"duration":"7ms"}
02:00:00 [[32minfo[39m]  [TRACE-99bcc2c1-84af-4fd9-adb5-5a5f5c04ab0e] [DURATION] 7ms

[90mstdout[2m | tests/integration/cross-module.test.ts[2m > [22m[2mCross-Module Integration Tests[2m > [22m[2mAgent System Status Check[2m > [22m[2mshould verify all agent system components are operational[22m[39m
02:00:00 [[32minfo[39m]  [TRACE-0f2a8fbb-2f6d-4e95-bc97-70fbbe13a106] [REQUEST] GET /api/v1/agent/agents
02:00:00 [[32minfo[39m]  Fetching registered agents
02:00:00 [[32minfo[39m]  Agents retrieved {"count":10}
02:00:00 [[32minfo[39m]  [TRACE-0f2a8fbb-2f6d-4e95-bc97-70fbbe13a106] [RESPONSE] 200 {"success":true,"data":{"agents":[{"type":"gamemaster","name":"GameMasterAgent","status":"active","systemPrompt":"# GameMaster Agent\n\n浣犳槸娓告垙涓绘寔浜猴紙GameMaster锛夛紝AI-generated Games鐨勬牳蹇冦€備綘璐熻矗鐞嗚В鐜╁鎰忓浘骞跺崗璋冩父鎴忎笘鐣屽搷搴斻€備綘璐熻矗... [truncated, total 1989 chars]
02:00:00 [[32minfo[39m]  GET /agents 200 1ms 0f2a8fbb {"method":"GET","url":"/agents","status":200,"duration":"1ms"}
02:00:00 [[32minfo[39m]  [TRACE-0f2a8fbb-2f6d-4e95-bc97-70fbbe13a106] [DURATION] 1ms

[90mstdout[2m | tests/integration/cross-module.test.ts[2m > [22m[2mCross-Module Integration Tests[2m > [22m[2mError Response Format Consistency[2m > [22m[2mall 404 errors should have consistent format[22m[39m
02:00:00 [[31merror[39m]  Failed to load save {"saveId":"save-nonexistent","error":"Save not found: save-nonexistent"}
02:00:00 [[31merror[39m]  Failed to load save {"saveId":"save-nonexistent","error":"Save not found: save-nonexistent"}
02:00:00 [[32minfo[39m]  GET /save-nonexistent 404 2ms 34e17d44 {"method":"GET","url":"/save-nonexistent","status":404,"duration":"2ms"}

[90mstdout[2m | src/agents/coordinator/__tests__/risk-gate.test.ts[22m[39m
馃И Setting up comprehensive test environment...
鉁?Database connected
Running migration: 001_init.ts
Migration 001_init.ts completed successfully
Running migration: 002_add_equipped_index.ts

[90mstdout[2m | src/agents/coordinator/__tests__/risk-gate.test.ts[22m[39m
Migration 002_add_equipped_index.ts completed successfully
Running migration: 003_fix_information_boundaries_timestamps.ts

[90mstdout[2m | tests/integration/cross-module.test.ts[2m > [22m[2mCross-Module Integration Tests[2m > [22m[2mError Response Format Consistency[2m > [22m[2mall 404 errors should have consistent format[22m[39m
02:00:00 [[32minfo[39m]  Cache refreshed with 5 templates
02:00:00 [[31merror[39m]  Failed to get template {"id":"nonexistent-id","error":"Template not found: nonexistent-id"}
02:00:00 [[32minfo[39m]  GET /nonexistent-id 404 24ms 1060d23c {"method":"GET","url":"/nonexistent-id","status":404,"duration":"24ms"}

[90mstdout[2m | tests/integration/cross-module.test.ts[2m > [22m[2mCross-Module Integration Tests[2m > [22m[2mError Response Format Consistency[2m > [22m[2mall 400 errors should have consistent format[22m[39m
02:00:00 [[32minfo[39m]  POST / 400 1ms 6019b9eb {"method":"POST","url":"/","status":400,"duration":"1ms"}

[90mstdout[2m | src/game-systems/skill/__tests__/skill-use-target.test.ts[22m[39m
02:00:00 [[32minfo[39m]  Discovered 187 help files {"dir":"C:\\Users\\super\\Documents\\trae_projects\\AGG-main\\packages\\backend\\config\\agent-help"}

[90mstdout[2m | src/agents/coordinator/__tests__/risk-gate.test.ts[22m[39m
Migration 003_fix_information_boundaries_timestamps.ts completed successfully
Running migration: 004_drop_information_boundaries.ts
004_drop_information_boundaries: information_boundaries table not found, skipping migration
004_drop_information_boundaries: cleared custom_data.knowledge from 0 NPCs
Migration 004_drop_information_boundaries.ts completed successfully
Running migration: 005_drop_npc_relations.ts

[90mstdout[2m | src/game-systems/npc/__tests__/npc-duplicate-prevention.test.ts[22m[39m
007: added combat_states.mode column
Migration 007_add_combat_mode.ts completed successfully
Running migration: 008_add_saves_active_challenge_mode.ts
008: added saves.active_challenge_mode column
Migration 008_add_saves_active_challenge_mode.ts completed successfully
All migrations completed
鉁?Migrations completed
All seeds completed
鉁?Seeds completed
02:00:00 [[32minfo[39m]  Starting YAML-driven Agent system initialization
02:00:00 [[32minfo[39m]  Seeding ModelConfigService from environment
02:00:00 [[32minfo[39m]  No DEEPSEEK_API_KEY env var found, skipping env seed
02:00:00 [[32minfo[39m]  Seeded provider from convict config {"providerType":"openai","providerId":"91401e05-688b-486c-80d7-f4ab70654668","model":"openrouter/free"}
02:00:00 [[32minfo[39m]  Creating LLMService with ModelConfigService
02:00:00 [[32minfo[39m]  Creating ContextService and DecisionLogService instances
02:00:00 [[32minfo[39m]  Initializing YAML-driven Agent profiles...
02:00:00 [[32minfo[39m]  Loading config from directory: C:\Users\super\Documents\trae_projects\AGG-main\packages\backend\config
02:00:00 [[32minfo[39m]  Loaded agent profile: fantasy_rpg
02:00:00 [[32minfo[39m]  Loaded agent profile: minimal_test
02:00:00 [[32minfo[39m]  Loaded 0 non-builtin profiles from database (0 builtin skipped, using YAML)
02:00:00 [[32minfo[39m]  Config loaded successfully: 2 profiles
02:00:00 [[32minfo[39m]  YAML config loaded successfully
02:00:00 [[32minfo[39m]  Context rules loaded {"agentCount":10}
02:00:00 [[32minfo[39m]  Default manifests loaded {"agentTypeCount":6,"manifestCount":8}
02:00:00 [[32minfo[39m]  Context rules file watcher started {"path":"C:\\Users\\super\\Documents\\trae_projects\\AGG-main\\packages\\backend\\config\\agent-context-rules.yaml"}
02:00:00 [[32minfo[39m]  Loaded 10 agent capabilities from YAML profiles
02:00:00 [[32minfo[39m]  ToolRegistry initialized
02:00:00 [[32minfo[39m]  Registering ServiceTools to ToolRegistry
02:00:00 [[32minfo[39m]  Tool registered: game_time_service - GameTime Service (v1.0.0)
02:00:00 [[32minfo[39m]  Tool registered: numerical_service - Numerical Service (v1.0.0)
02:00:00 [[32minfo[39m]  Tool registered: character_service - Character Service (v1.0.0)
02:00:00 [[32minfo[39m]  Tool registered: inventory_service - Inventory Service (v1.0.0)
02:00:00 [[32minfo[39m]  Tool registered: skill_service - Skill Service (v1.1.0)
02:00:00 [[32minfo[39m]  Tool registered: map_service - Map Service (v2.0.0)
02:00:00 [[32minfo[39m]  Tool registered: npc_service - NPC Service (v1.0.0)
02:00:00 [[32minfo[39m]  Tool registered: dialogue_service - Dialogue Service (v1.0.0)
02:00:00 [[32minfo[39m]  Tool registered: quest_service - Quest Service (v1.0.0)
02:00:00 [[32minfo[39m]  Tool registered: challenge_service - Challenge Service (v1.0.0)
02:00:00 [[32minfo[39m]  Tool registered: event_service - Event Service (v1.0.0)
02:00:00 [[32minfo[39m]  Tool registered: story_service - Story Service (v1.0.0)
02:00:00 [[32minfo[39m]  Tool registered: game_init_service - Game Init Service (v2.0.0)
02:00:00 [[32minfo[39m]  Tool registered: batch_query_service - Batch Query Service (v1.0.0)
02:00:00 [[32minfo[39m]  Tool registered: entity_graph_service - Entity Graph Service (v1.0.0)
02:00:00 [[32minfo[39m]  Tool registered: template_pool_service - Template Pool Service (v1.0.0)
02:00:00 [[32minfo[39m]  Tool registered: dynamic_ui - Dynamic UI Service (v1.0.0)
02:00:00 [[32minfo[39m]  Tool registered: generate_options - Generate Options Service (v2.0.0)
02:00:00 [[32minfo[39m]  Tool registered: coordinator_service - Coordinator Service (v1.0.0)
02:00:00 [[32minfo[39m]  Tool registered: rule_service - Rule Service (v1.0.0)
02:00:00 [[32minfo[39m]  Tool registered: skill_loader - Skill Loader (v1.0.0)
02:00:00 [[32minfo[39m]  Tool registered: help_service - Help Service (v1.0.0)
02:00:00 [[32minfo[39m]  Tool registered: memory_service - Memory Service (v1.0.0)
02:00:00 [[32minfo[39m]  Registered 23 ServiceTools to ToolRegistry
02:00:00 [[32minfo[39m]  Tool reference validation passed

[90mstdout[2m | tests/integration/cross-module.test.ts[2m > [22m[2mCross-Module Integration Tests[2m > [22m[2mError Response Format Consistency[2m > [22m[2mall 400 errors should have consistent format[22m[39m
02:00:00 [[32minfo[39m]  POST / 400 2ms 8aec40c9 {"method":"POST","url":"/","status":400,"duration":"2ms"}

[90mstdout[2m | tests/integration/cross-module.test.ts[2m > [22m[2mCross-Module Integration Tests[2m > [22m[2mError Response Format Consistency[2m > [22m[2msuccess responses should have meta field[22m[39m
02:00:00 [[32minfo[39m]  GET /api/v1/health 200 0ms a7ffa802 {"method":"GET","url":"/api/v1/health","status":200,"duration":"0ms"}

[90mstdout[2m | src/agents/coordinator/__tests__/risk-gate.test.ts[22m[39m
005_drop_npc_relations: dropped npc_relations table
Migration 005_drop_npc_relations.ts completed successfully
Running migration: 006_awareness_relationship_events_states.ts

[90mstdout[2m | src/agents/story/__tests__/story-driving-integration.test.ts[22m[39m
008: added saves.active_challenge_mode column
Migration 008_add_saves_active_challenge_mode.ts completed successfully
All migrations completed
鉁?Migrations completed
All seeds completed
鉁?Seeds completed
02:00:00 [[32minfo[39m]  Starting YAML-driven Agent system initialization
02:00:00 [[32minfo[39m]  Seeding ModelConfigService from environment
02:00:00 [[32minfo[39m]  No DEEPSEEK_API_KEY env var found, skipping env seed
02:00:00 [[32minfo[39m]  Seeded provider from convict config {"providerType":"openai","providerId":"0fd1985a-29bb-41ae-ab1c-ad4a28e50fe6","model":"openrouter/free"}
02:00:00 [[32minfo[39m]  Creating LLMService with ModelConfigService
02:00:00 [[32minfo[39m]  Creating ContextService and DecisionLogService instances
02:00:00 [[32minfo[39m]  Initializing YAML-driven Agent profiles...
02:00:00 [[32minfo[39m]  Loading config from directory: C:\Users\super\Documents\trae_projects\AGG-main\packages\backend\config
02:00:00 [[32minfo[39m]  Loaded agent profile: fantasy_rpg
02:00:00 [[32minfo[39m]  Loaded agent profile: minimal_test
02:00:00 [[32minfo[39m]  Loaded 0 non-builtin profiles from database (0 builtin skipped, using YAML)
02:00:00 [[32minfo[39m]  Config loaded successfully: 2 profiles
02:00:00 [[32minfo[39m]  YAML config loaded successfully
02:00:00 [[32minfo[39m]  Context rules loaded {"agentCount":10}
02:00:00 [[32minfo[39m]  Default manifests loaded {"agentTypeCount":6,"manifestCount":8}
02:00:00 [[32minfo[39m]  Context rules file watcher started {"path":"C:\\Users\\super\\Documents\\trae_projects\\AGG-main\\packages\\backend\\config\\agent-context-rules.yaml"}
02:00:00 [[32minfo[39m]  Loaded 10 agent capabilities from YAML profiles
02:00:00 [[32minfo[39m]  ToolRegistry initialized
02:00:00 [[32minfo[39m]  Registering ServiceTools to ToolRegistry
02:00:00 [[32minfo[39m]  Tool registered: game_time_service - GameTime Service (v1.0.0)
02:00:00 [[32minfo[39m]  Tool registered: numerical_service - Numerical Service (v1.0.0)
02:00:00 [[32minfo[39m]  Tool registered: character_service - Character Service (v1.0.0)
02:00:00 [[32minfo[39m]  Tool registered: inventory_service - Inventory Service (v1.0.0)
02:00:00 [[32minfo[39m]  Tool registered: skill_service - Skill Service (v1.1.0)
02:00:00 [[32minfo[39m]  Tool registered: map_service - Map Service (v2.0.0)
02:00:00 [[32minfo[39m]  Tool registered: npc_service - NPC Service (v1.0.0)
02:00:00 [[32minfo[39m]  Tool registered: dialogue_service - Dialogue Service (v1.0.0)
02:00:00 [[32minfo[39m]  Tool registered: quest_service - Quest Service (v1.0.0)
02:00:00 [[32minfo[39m]  Tool registered: challenge_service - Challenge Service (v1.0.0)
02:00:00 [[32minfo[39m]  Tool registered: event_service - Event Service (v1.0.0)
02:00:00 [[32minfo[39m]  Tool registered: story_service - Story Service (v1.0.0)
02:00:00 [[32minfo[39m]  Tool registered: game_init_service - Game Init Service (v2.0.0)
02:00:00 [[32minfo[39m]  Tool registered: batch_query_service - Batch Query Service (v1.0.0)
02:00:00 [[32minfo[39m]  Tool registered: entity_graph_service - Entity Graph Service (v1.0.0)
02:00:00 [[32minfo[39m]  Tool registered: template_pool_service - Template Pool Service (v1.0.0)
02:00:00 [[32minfo[39m]  Tool registered: dynamic_ui - Dynamic UI Service (v1.0.0)
02:00:00 [[32minfo[39m]  Tool registered: generate_options - Generate Options Service (v2.0.0)
02:00:00 [[32minfo[39m]  Tool registered: coordinator_service - Coordinator Service (v1.0.0)
02:00:00 [[32minfo[39m]  Tool registered: rule_service - Rule Service (v1.0.0)
02:00:00 [[32minfo[39m]  Tool registered: skill_loader - Skill Loader (v1.0.0)
02:00:00 [[32minfo[39m]  Tool registered: help_service - Help Service (v1.0.0)
02:00:00 [[32minfo[39m]  Tool registered: memory_service - Memory Service (v1.0.0)
02:00:00 [[32minfo[39m]  Registered 23 ServiceTools to ToolRegistry
02:00:00 [[32minfo[39m]  Tool reference validation passed

[90mstdout[2m | tests/integration/cross-module.test.ts[22m[39m
鉁?Database connection closed

 [32m鉁?[39m tests/integration/cross-module.test.ts [2m ([22m[2m11 tests[22m[2m)[22m[33m 2290[2mms[22m[39m
[90mstdout[2m | src/agents/coordinator/__tests__/risk-gate.test.ts[22m[39m
006: created entity_awareness_events table
006: created entity_awareness_states table
006: created entity_relationship_events table
006: created entity_relationship_states table
Migration 006_awareness_relationship_events_states.ts completed successfully
Running migration: 007_add_combat_mode.ts
007: added combat_states.mode column
Migration 007_add_combat_mode.ts completed successfully
Running migration: 008_add_saves_active_challenge_mode.ts

[90mstdout[2m | src/agents/memory/__tests__/prompt-budget-guard.test.ts[22m[39m
馃И Setting up comprehensive test environment...
鉁?Database connected
Running migration: 001_init.ts

[90mstdout[2m | src/game-systems/combat/__tests__/combat-skill-damage-pipeline.test.ts[22m[39m
02:00:00 [[32minfo[39m]  Help registry loaded: 22 tools {"tools":["batch_query_service","challenge_service","... (22 items)"]}
02:00:00 [[32minfo[39m]  Creating GameMasterAgent (as AgentRuntime with isSubAgent=false)
02:00:00 [[32minfo[39m]  Handler subscribed {"eventType":"dialogue"}
02:00:00 [[32minfo[39m]  Handler subscribed {"eventType":"combat_end"}
02:00:00 [[32minfo[39m]  AwarenessAutoSubscriber subscribed to dialogue + combat_end events
02:00:00 [[32minfo[39m]  Agent initialized: gamemaster - GameMasterAgent
02:00:00 [[32minfo[39m] [AGENT-START] Agent gamemaster starting {"agent":"gamemaster","provider":null,"toolsConfigured":1,"maxIterations":200,"isSubAgent":false}
02:00:00 [[32minfo[39m]  Handler subscribed {"eventType":"chapter_advanced"}
02:00:00 [[32minfo[39m]  Creating AgentRuntime instances from default profile: fantasy_rpg
02:00:00 [[32minfo[39m]  Creating agents from profile: fantasy_rpg {"agentCount":10}
02:00:00 [[32minfo[39m]  Agent initialized: gamemaster - GameMasterAgent
02:00:00 [[32minfo[39m] [AGENT-START] Agent gamemaster starting {"agent":"gamemaster","provider":null,"toolsConfigured":1,"maxIterations":200,"isSubAgent":false}
02:00:00 [[32minfo[39m]  Created AgentRuntime: gamemaster {"profile":"fantasy_rpg","tools":["all"]}
02:00:00 [[32minfo[39m]  Agent initialized: map - MapAgent
02:00:00 [[32minfo[39m] [AGENT-START] Agent map starting {"agent":"map","provider":null,"toolsConfigured":7,"maxIterations":200,"isSubAgent":true}
02:00:00 [[32minfo[39m]  Created AgentRuntime: map {"profile":"fantasy_rpg","tools":["map_service","npc_service","... (7 items)"]}
02:00:00 [[32minfo[39m]  Agent initialized: challenge - ChallengeAgent
02:00:00 [[32minfo[39m] [AGENT-START] Agent challenge starting {"agent":"challenge","provider":null,"toolsConfigured":9,"maxIterations":200,"isSubAgent":true}
02:00:00 [[32minfo[39m]  Created AgentRuntime: challenge {"profile":"fantasy_rpg","tools":["challenge_service","numerical_service","... (9 items)"]}
02:00:00 [[32minfo[39m]  Agent initialized: output - OutputAgent
02:00:00 [[32minfo[39m] [AGENT-START] Agent output starting {"agent":"output","provider":null,"toolsConfigured":5,"maxIterations":200,"isSubAgent":true}
02:00:00 [[32minfo[39m]  Created AgentRuntime: output {"profile":"fantasy_rpg","tools":["dialogue_service","dynamic_ui","... (5 items)"]}
02:00:00 [[32minfo[39m]  Agent initialized: quest - QuestAgent
02:00:00 [[32minfo[39m] [AGENT-START] Agent quest starting {"agent":"quest","provider":null,"toolsConfigured":11,"maxIterations":200,"isSubAgent":true}
02:00:00 [[32minfo[39m]  Created AgentRuntime: quest {"profile":"fantasy_rpg","tools":["quest_service","numerical_service","... (11 items)"]}
02:00:00 [[32minfo[39m]  Agent initialized: npc_party - NPCPartyAgent
02:00:00 [[32minfo[39m] [AGENT-START] Agent npc_party starting {"agent":"npc_party","provider":null,"toolsConfigured":9,"maxIterations":200,"isSubAgent":true}
02:00:00 [[32minfo[39m]  Created AgentRuntime: npc_party {"profile":"fantasy_rpg","tools":["npc_service","entity_graph_service","... (9 items)"]}
02:00:00 [[32minfo[39m]  Agent initialized: inventory - InventoryAgent
02:00:00 [[32minfo[39m] [AGENT-START] Agent inventory starting {"agent":"inventory","provider":null,"toolsConfigured":8,"maxIterations":200,"isSubAgent":true}
02:00:00 [[32minfo[39m]  Created AgentRuntime: inventory {"profile":"fantasy_rpg","tools":["inventory_service","template_pool_service","... (8 items)"]}
02:00:00 [[32minfo[39m]  Agent initialized: skill - SkillAgent
02:00:00 [[32minfo[39m] [AGENT-START] Agent skill starting {"agent":"skill","provider":null,"toolsConfigured":7,"maxIterations":200,"isSubAgent":true}
02:00:00 [[32minfo[39m]  Created AgentRuntime: skill {"profile":"fantasy_rpg","tools":["skill_service","template_pool_service","... (7 items)"]}
02:00:00 [[32minfo[39m]  Agent initialized: event - EventAgent
02:00:00 [[32minfo[39m] [AGENT-START] Agent event starting {"agent":"event","provider":null,"toolsConfigured":5,"maxIterations":200,"isSubAgent":true}
02:00:00 [[32minfo[39m]  Created AgentRuntime: event {"profile":"fantasy_rpg","tools":["event_service","game_time_service","... (5 items)"]}
02:00:00 [[32minfo[39m]  Agent initialized: time - TimeAgent
02:00:00 [[32minfo[39m] [AGENT-START] Agent time starting {"agent":"time","provider":null,"toolsConfigured":4,"maxIterations":200,"isSubAgent":true}
02:00:00 [[32minfo[39m]  Created AgentRuntime: time {"profile":"fantasy_rpg","tools":["game_time_service","rule_service","... (4 items)"]}
02:00:00 [[32minfo[39m]  Permissions configured from agent.tools for profile: fantasy_rpg
02:00:00 [[32minfo[39m]  YAML permissions configured
02:00:00 [[32minfo[39m]  Registering AgentRuntime instances to GameMasterAgent...
02:00:00 [[32minfo[39m]  Registered AgentRuntime to Coordinator: gamemaster
02:00:00 [[32minfo[39m]  Registered AgentRuntime to Coordinator: map
02:00:00 [[32minfo[39m]  Registered AgentRuntime to Coordinator: challenge
02:00:00 [[32minfo[39m]  Registered AgentRuntime to Coordinator: output
02:00:00 [[32minfo[39m]  Registered AgentRuntime to Coordinator: quest
02:00:00 [[32minfo[39m]  Registered AgentRuntime to Coordinator: npc_party
02:00:00 [[32minfo[39m]  Registered AgentRuntime to Coordinator: inventory
02:00:00 [[32minfo[39m]  Registered AgentRuntime to Coordinator: skill
02:00:00 [[32minfo[39m]  Registered AgentRuntime to Coordinator: event
02:00:00 [[32minfo[39m]  Registered AgentRuntime to Coordinator: time
02:00:00 [[32minfo[39m]  GameDataExpander configured (manifest path enabled)
02:00:00 [[32minfo[39m]  DedupService configured (dispatch log persistence enabled)
02:00:00 [[32minfo[39m]  Agent system initialized: 10 AgentRuntime instances created
鉁?Agent system initialized with 10 agents
鈿狅笍 YAML Agent system skipped: __vi_import_5__.initializeYamlAgentSystem is not a function
02:00:00 [[32minfo[39m]  Agent routes initialized
02:00:00 [[32minfo[39m]  Save routes initialized
02:00:00 [[32minfo[39m]  Synced template from YAML to DB: cthulhu-investigation
02:00:00 [[32minfo[39m]  Synced template from YAML to DB: cyberpunk-mercenary
02:00:01 [[32minfo[39m]  Synced template from YAML to DB: medieval-fantasy
02:00:01 [[32minfo[39m]  Synced template from YAML to DB: modern-romance
02:00:01 [[32minfo[39m]  Synced template from YAML to DB: xianxia
02:00:01 [[32minfo[39m]  Synced 5 templates from YAML to database
02:00:01 [[32minfo[39m]  Cache refreshed with 5 templates
02:00:01 [[32minfo[39m]  TemplateService loaded {"cachedTemplates":5}
鉁?Template YAML loaded and synced to DB
02:00:01 [[32minfo[39m]  Template routes initialized
鉁?Test environment setup complete
鉁?Database connection closed

 [32m鉁?[39m src/game-systems/combat/__tests__/combat-skill-damage-pipeline.test.ts [2m ([22m[2m4 tests[22m[2m)[22m[33m 754[2mms[22m[39m
[90mstdout[2m | src/services/__tests__/shadow-state-scope-values-transparent.test.ts[22m[39m
馃И Setting up comprehensive test environment...
鉁?Database connected
Running migration: 001_init.ts

[90mstdout[2m | src/agents/coordinator/__tests__/risk-gate.test.ts[22m[39m
008: added saves.active_challenge_mode column
Migration 008_add_saves_active_challenge_mode.ts completed successfully
All migrations completed
鉁?Migrations completed
All seeds completed
鉁?Seeds completed
02:00:00 [[32minfo[39m]  Starting YAML-driven Agent system initialization
02:00:00 [[32minfo[39m]  Seeding ModelConfigService from environment
02:00:00 [[32minfo[39m]  No DEEPSEEK_API_KEY env var found, skipping env seed
02:00:01 [[32minfo[39m]  Seeded provider from convict config {"providerType":"openai","providerId":"04ec00a9-e832-4309-b174-6cb408971c0e","model":"openrouter/free"}
02:00:01 [[32minfo[39m]  Creating LLMService with ModelConfigService
02:00:01 [[32minfo[39m]  Creating ContextService and DecisionLogService instances
02:00:01 [[32minfo[39m]  Initializing YAML-driven Agent profiles...
02:00:01 [[32minfo[39m]  Loading config from directory: C:\Users\super\Documents\trae_projects\AGG-main\packages\backend\config
02:00:01 [[32minfo[39m]  Loaded agent profile: fantasy_rpg
02:00:01 [[32minfo[39m]  Loaded agent profile: minimal_test
02:00:01 [[32minfo[39m]  Loaded 0 non-builtin profiles from database (0 builtin skipped, using YAML)
02:00:01 [[32minfo[39m]  Config loaded successfully: 2 profiles
02:00:01 [[32minfo[39m]  YAML config loaded successfully
02:00:01 [[32minfo[39m]  Context rules loaded {"agentCount":10}
02:00:01 [[32minfo[39m]  Default manifests loaded {"agentTypeCount":6,"manifestCount":8}
02:00:01 [[32minfo[39m]  Context rules file watcher started {"path":"C:\\Users\\super\\Documents\\trae_projects\\AGG-main\\packages\\backend\\config\\agent-context-rules.yaml"}
02:00:01 [[32minfo[39m]  Loaded 10 agent capabilities from YAML profiles
02:00:01 [[32minfo[39m]  ToolRegistry initialized
02:00:01 [[32minfo[39m]  Registering ServiceTools to ToolRegistry
02:00:01 [[32minfo[39m]  Tool registered: game_time_service - GameTime Service (v1.0.0)
02:00:01 [[32minfo[39m]  Tool registered: numerical_service - Numerical Service (v1.0.0)
02:00:01 [[32minfo[39m]  Tool registered: character_service - Character Service (v1.0.0)
02:00:01 [[32minfo[39m]  Tool registered: inventory_service - Inventory Service (v1.0.0)
02:00:01 [[32minfo[39m]  Tool registered: skill_service - Skill Service (v1.1.0)
02:00:01 [[32minfo[39m]  Tool registered: map_service - Map Service (v2.0.0)
02:00:01 [[32minfo[39m]  Tool registered: npc_service - NPC Service (v1.0.0)
02:00:01 [[32minfo[39m]  Tool registered: dialogue_service - Dialogue Service (v1.0.0)
02:00:01 [[32minfo[39m]  Tool registered: quest_service - Quest Service (v1.0.0)
02:00:01 [[32minfo[39m]  Tool registered: challenge_service - Challenge Service (v1.0.0)
02:00:01 [[32minfo[39m]  Tool registered: event_service - Event Service (v1.0.0)
02:00:01 [[32minfo[39m]  Tool registered: story_service - Story Service (v1.0.0)
02:00:01 [[32minfo[39m]  Tool registered: game_init_service - Game Init Service (v2.0.0)
02:00:01 [[32minfo[39m]  Tool registered: batch_query_service - Batch Query Service (v1.0.0)
02:00:01 [[32minfo[39m]  Tool registered: entity_graph_service - Entity Graph Service (v1.0.0)
02:00:01 [[32minfo[39m]  Tool registered: template_pool_service - Template Pool Service (v1.0.0)
02:00:01 [[32minfo[39m]  Tool registered: dynamic_ui - Dynamic UI Service (v1.0.0)
02:00:01 [[32minfo[39m]  Tool registered: generate_options - Generate Options Service (v2.0.0)
02:00:01 [[32minfo[39m]  Tool registered: coordinator_service - Coordinator Service (v1.0.0)
02:00:01 [[32minfo[39m]  Tool registered: rule_service - Rule Service (v1.0.0)
02:00:01 [[32minfo[39m]  Tool registered: skill_loader - Skill Loader (v1.0.0)
02:00:01 [[32minfo[39m]  Tool registered: help_service - Help Service (v1.0.0)
02:00:01 [[32minfo[39m]  Tool registered: memory_service - Memory Service (v1.0.0)
02:00:01 [[32minfo[39m]  Registered 23 ServiceTools to ToolRegistry
02:00:01 [[32minfo[39m]  Tool reference validation passed

[90mstdout[2m | src/agents/memory/__tests__/prompt-budget-guard.test.ts[22m[39m
Migration 001_init.ts completed successfully
Running migration: 002_add_equipped_index.ts

[90mstdout[2m | src/game-systems/audit/__tests__/AuditAgent.toSubAgentResult.test.ts[22m[39m
02:00:00 [[32minfo[39m]  Help registry loaded: 22 tools {"tools":["batch_query_service","challenge_service","... (22 items)"]}
02:00:00 [[32minfo[39m]  Creating GameMasterAgent (as AgentRuntime with isSubAgent=false)
02:00:00 [[32minfo[39m]  Handler subscribed {"eventType":"dialogue"}
02:00:00 [[32minfo[39m]  Handler subscribed {"eventType":"combat_end"}
02:00:00 [[32minfo[39m]  AwarenessAutoSubscriber subscribed to dialogue + combat_end events
02:00:00 [[32minfo[39m]  Agent initialized: gamemaster - GameMasterAgent
02:00:00 [[32minfo[39m] [AGENT-START] Agent gamemaster starting {"agent":"gamemaster","provider":null,"toolsConfigured":1,"maxIterations":200,"isSubAgent":false}
02:00:00 [[32minfo[39m]  Handler subscribed {"eventType":"chapter_advanced"}
02:00:00 [[32minfo[39m]  Creating AgentRuntime instances from default profile: fantasy_rpg
02:00:00 [[32minfo[39m]  Creating agents from profile: fantasy_rpg {"agentCount":10}
02:00:00 [[32minfo[39m]  Agent initialized: gamemaster - GameMasterAgent
02:00:00 [[32minfo[39m] [AGENT-START] Agent gamemaster starting {"agent":"gamemaster","provider":null,"toolsConfigured":1,"maxIterations":200,"isSubAgent":false}
02:00:00 [[32minfo[39m]  Created AgentRuntime: gamemaster {"profile":"fantasy_rpg","tools":["all"]}
02:00:00 [[32minfo[39m]  Agent initialized: map - MapAgent
02:00:00 [[32minfo[39m] [AGENT-START] Agent map starting {"agent":"map","provider":null,"toolsConfigured":7,"maxIterations":200,"isSubAgent":true}
02:00:00 [[32minfo[39m]  Created AgentRuntime: map {"profile":"fantasy_rpg","tools":["map_service","npc_service","... (7 items)"]}
02:00:00 [[32minfo[39m]  Agent initialized: challenge - ChallengeAgent
02:00:00 [[32minfo[39m] [AGENT-START] Agent challenge starting {"agent":"challenge","provider":null,"toolsConfigured":9,"maxIterations":200,"isSubAgent":true}
02:00:00 [[32minfo[39m]  Created AgentRuntime: challenge {"profile":"fantasy_rpg","tools":["challenge_service","numerical_service","... (9 items)"]}
02:00:00 [[32minfo[39m]  Agent initialized: output - OutputAgent
02:00:00 [[32minfo[39m] [AGENT-START] Agent output starting {"agent":"output","provider":null,"toolsConfigured":5,"maxIterations":200,"isSubAgent":true}
02:00:00 [[32minfo[39m]  Created AgentRuntime: output {"profile":"fantasy_rpg","tools":["dialogue_service","dynamic_ui","... (5 items)"]}
02:00:00 [[32minfo[39m]  Agent initialized: quest - QuestAgent
02:00:00 [[32minfo[39m] [AGENT-START] Agent quest starting {"agent":"quest","provider":null,"toolsConfigured":11,"maxIterations":200,"isSubAgent":true}
02:00:00 [[32minfo[39m]  Created AgentRuntime: quest {"profile":"fantasy_rpg","tools":["quest_service","numerical_service","... (11 items)"]}
02:00:00 [[32minfo[39m]  Agent initialized: npc_party - NPCPartyAgent
02:00:00 [[32minfo[39m] [AGENT-START] Agent npc_party starting {"agent":"npc_party","provider":null,"toolsConfigured":9,"maxIterations":200,"isSubAgent":true}
02:00:00 [[32minfo[39m]  Created AgentRuntime: npc_party {"profile":"fantasy_rpg","tools":["npc_service","entity_graph_service","... (9 items)"]}
02:00:00 [[32minfo[39m]  Agent initialized: inventory - InventoryAgent
02:00:00 [[32minfo[39m] [AGENT-START] Agent inventory starting {"agent":"inventory","provider":null,"toolsConfigured":8,"maxIterations":200,"isSubAgent":true}
02:00:00 [[32minfo[39m]  Created AgentRuntime: inventory {"profile":"fantasy_rpg","tools":["inventory_service","template_pool_service","... (8 items)"]}
02:00:00 [[32minfo[39m]  Agent initialized: skill - SkillAgent
02:00:00 [[32minfo[39m] [AGENT-START] Agent skill starting {"agent":"skill","provider":null,"toolsConfigured":7,"maxIterations":200,"isSubAgent":true}
02:00:00 [[32minfo[39m]  Created AgentRuntime: skill {"profile":"fantasy_rpg","tools":["skill_service","template_pool_service","... (7 items)"]}
02:00:00 [[32minfo[39m]  Agent initialized: event - EventAgent
02:00:00 [[32minfo[39m] [AGENT-START] Agent event starting {"agent":"event","provider":null,"toolsConfigured":5,"maxIterations":200,"isSubAgent":true}
02:00:00 [[32minfo[39m]  Created AgentRuntime: event {"profile":"fantasy_rpg","tools":["event_service","game_time_service","... (5 items)"]}
02:00:00 [[32minfo[39m]  Agent initialized: time - TimeAgent
02:00:00 [[32minfo[39m] [AGENT-START] Agent time starting {"agent":"time","provider":null,"toolsConfigured":4,"maxIterations":200,"isSubAgent":true}
02:00:00 [[32minfo[39m]  Created AgentRuntime: time {"profile":"fantasy_rpg","tools":["game_time_service","rule_service","... (4 items)"]}
02:00:00 [[32minfo[39m]  Permissions configured from agent.tools for profile: fantasy_rpg
02:00:00 [[32minfo[39m]  YAML permissions configured
02:00:00 [[32minfo[39m]  Registering AgentRuntime instances to GameMasterAgent...
02:00:00 [[32minfo[39m]  Registered AgentRuntime to Coordinator: gamemaster
02:00:00 [[32minfo[39m]  Registered AgentRuntime to Coordinator: map
02:00:00 [[32minfo[39m]  Registered AgentRuntime to Coordinator: challenge
02:00:00 [[32minfo[39m]  Registered AgentRuntime to Coordinator: output
02:00:00 [[32minfo[39m]  Registered AgentRuntime to Coordinator: quest
02:00:00 [[32minfo[39m]  Registered AgentRuntime to Coordinator: npc_party
02:00:00 [[32minfo[39m]  Registered AgentRuntime to Coordinator: inventory
02:00:00 [[32minfo[39m]  Registered AgentRuntime to Coordinator: skill
02:00:00 [[32minfo[39m]  Registered AgentRuntime to Coordinator: event
02:00:00 [[32minfo[39m]  Registered AgentRuntime to Coordinator: time
02:00:00 [[32minfo[39m]  GameDataExpander configured (manifest path enabled)
02:00:00 [[32minfo[39m]  DedupService configured (dispatch log persistence enabled)
02:00:00 [[32minfo[39m]  Agent system initialized: 10 AgentRuntime instances created
鉁?Agent system initialized with 10 agents
鈿狅笍 YAML Agent system skipped: __vi_import_5__.initializeYamlAgentSystem is not a function
02:00:00 [[32minfo[39m]  Agent routes initialized
02:00:00 [[32minfo[39m]  Save routes initialized
02:00:00 [[32minfo[39m]  Synced template from YAML to DB: cthulhu-investigation
02:00:01 [[32minfo[39m]  Synced template from YAML to DB: cyberpunk-mercenary
02:00:01 [[32minfo[39m]  Synced template from YAML to DB: medieval-fantasy
02:00:01 [[32minfo[39m]  Synced template from YAML to DB: modern-romance
02:00:01 [[32minfo[39m]  Synced template from YAML to DB: xianxia
02:00:01 [[32minfo[39m]  Synced 5 templates from YAML to database
02:00:01 [[32minfo[39m]  Cache refreshed with 5 templates
02:00:01 [[32minfo[39m]  TemplateService loaded {"cachedTemplates":5}
鉁?Template YAML loaded and synced to DB
02:00:01 [[32minfo[39m]  Template routes initialized
鉁?Test environment setup complete
鉁?Database connection closed

[90mstdout[2m | src/agents/memory/__tests__/prompt-budget-guard.test.ts[22m[39m
Migration 002_add_equipped_index.ts completed successfully
Running migration: 003_fix_information_boundaries_timestamps.ts
Migration 003_fix_information_boundaries_timestamps.ts completed successfully
Running migration: 004_drop_information_boundaries.ts
004_drop_information_boundaries: information_boundaries table not found, skipping migration
004_drop_information_boundaries: cleared custom_data.knowledge from 0 NPCs
Migration 004_drop_information_boundaries.ts completed successfully
Running migration: 005_drop_npc_relations.ts
005_drop_npc_relations: dropped npc_relations table
Migration 005_drop_npc_relations.ts completed successfully
Running migration: 006_awareness_relationship_events_states.ts
006: created entity_awareness_events table
006: created entity_awareness_states table
006: created entity_relationship_events table
006: created entity_relationship_states table
Migration 006_awareness_relationship_events_states.ts completed successfully
Running migration: 007_add_combat_mode.ts

 [32m鉁?[39m src/game-systems/audit/__tests__/AuditAgent.toSubAgentResult.test.ts [2m ([22m[2m17 tests[22m[2m)[22m[33m 1021[2mms[22m[39m
[90mstdout[2m | src/services/__tests__/shadow-state-scope-values-transparent.test.ts[22m[39m
Migration 001_init.ts completed successfully
Running migration: 002_add_equipped_index.ts

[90mstdout[2m | src/services/__tests__/shadow-state-scope-values-transparent.test.ts[22m[39m
Migration 002_add_equipped_index.ts completed successfully
Running migration: 003_fix_information_boundaries_timestamps.ts

[90mstdout[2m | src/services/__tests__/shadow-state-scope-values-transparent.test.ts[22m[39m
Migration 003_fix_information_boundaries_timestamps.ts completed successfully
Running migration: 004_drop_information_boundaries.ts

[90mstdout[2m | src/services/__tests__/shadow-state-scope-values-transparent.test.ts[22m[39m
004_drop_information_boundaries: information_boundaries table not found, skipping migration
004_drop_information_boundaries: cleared custom_data.knowledge from 0 NPCs
Migration 004_drop_information_boundaries.ts completed successfully
Running migration: 005_drop_npc_relations.ts
005_drop_npc_relations: dropped npc_relations table
Migration 005_drop_npc_relations.ts completed successfully
Running migration: 006_awareness_relationship_events_states.ts

[90mstdout[2m | src/services/__tests__/shadow-state-scope-values-transparent.test.ts[22m[39m
006: created entity_awareness_events table
006: created entity_awareness_states table
006: created entity_relationship_events table
006: created entity_relationship_states table
Migration 006_awareness_relationship_events_states.ts completed successfully
Running migration: 007_add_combat_mode.ts

[90mstdout[2m | src/services/__tests__/shadow-state-scope-values-transparent.test.ts[22m[39m
007: added combat_states.mode column
Migration 007_add_combat_mode.ts completed successfully
Running migration: 008_add_saves_active_challenge_mode.ts

[90mstdout[2m | src/agents/story/__tests__/StoryPostReactPipeline.test.ts[22m[39m
02:00:00 [[32minfo[39m]  Help registry loaded: 22 tools {"tools":["batch_query_service","challenge_service","... (22 items)"]}
02:00:00 [[32minfo[39m]  Creating GameMasterAgent (as AgentRuntime with isSubAgent=false)
02:00:00 [[32minfo[39m]  Handler subscribed {"eventType":"dialogue"}
02:00:00 [[32minfo[39m]  Handler subscribed {"eventType":"combat_end"}
02:00:00 [[32minfo[39m]  AwarenessAutoSubscriber subscribed to dialogue + combat_end events
02:00:00 [[32minfo[39m]  Agent initialized: gamemaster - GameMasterAgent
02:00:00 [[32minfo[39m] [AGENT-START] Agent gamemaster starting {"agent":"gamemaster","provider":null,"toolsConfigured":1,"maxIterations":200,"isSubAgent":false}
02:00:00 [[32minfo[39m]  Handler subscribed {"eventType":"chapter_advanced"}
02:00:00 [[32minfo[39m]  Creating AgentRuntime instances from default profile: fantasy_rpg
02:00:00 [[32minfo[39m]  Creating agents from profile: fantasy_rpg {"agentCount":10}
02:00:00 [[32minfo[39m]  Agent initialized: gamemaster - GameMasterAgent
02:00:00 [[32minfo[39m] [AGENT-START] Agent gamemaster starting {"agent":"gamemaster","provider":null,"toolsConfigured":1,"maxIterations":200,"isSubAgent":false}
02:00:00 [[32minfo[39m]  Created AgentRuntime: gamemaster {"profile":"fantasy_rpg","tools":["all"]}
02:00:00 [[32minfo[39m]  Agent initialized: map - MapAgent
02:00:00 [[32minfo[39m] [AGENT-START] Agent map starting {"agent":"map","provider":null,"toolsConfigured":7,"maxIterations":200,"isSubAgent":true}
02:00:00 [[32minfo[39m]  Created AgentRuntime: map {"profile":"fantasy_rpg","tools":["map_service","npc_service","... (7 items)"]}
02:00:00 [[32minfo[39m]  Agent initialized: challenge - ChallengeAgent
02:00:00 [[32minfo[39m] [AGENT-START] Agent challenge starting {"agent":"challenge","provider":null,"toolsConfigured":9,"maxIterations":200,"isSubAgent":true}
02:00:00 [[32minfo[39m]  Created AgentRuntime: challenge {"profile":"fantasy_rpg","tools":["challenge_service","numerical_service","... (9 items)"]}
02:00:00 [[32minfo[39m]  Agent initialized: output - OutputAgent
02:00:00 [[32minfo[39m] [AGENT-START] Agent output starting {"agent":"output","provider":null,"toolsConfigured":5,"maxIterations":200,"isSubAgent":true}
02:00:00 [[32minfo[39m]  Created AgentRuntime: output {"profile":"fantasy_rpg","tools":["dialogue_service","dynamic_ui","... (5 items)"]}
02:00:00 [[32minfo[39m]  Agent initialized: quest - QuestAgent
02:00:00 [[32minfo[39m] [AGENT-START] Agent quest starting {"agent":"quest","provider":null,"toolsConfigured":11,"maxIterations":200,"isSubAgent":true}
02:00:00 [[32minfo[39m]  Created AgentRuntime: quest {"profile":"fantasy_rpg","tools":["quest_service","numerical_service","... (11 items)"]}
02:00:00 [[32minfo[39m]  Agent initialized: npc_party - NPCPartyAgent
02:00:00 [[32minfo[39m] [AGENT-START] Agent npc_party starting {"agent":"npc_party","provider":null,"toolsConfigured":9,"maxIterations":200,"isSubAgent":true}
02:00:00 [[32minfo[39m]  Created AgentRuntime: npc_party {"profile":"fantasy_rpg","tools":["npc_service","entity_graph_service","... (9 items)"]}
02:00:00 [[32minfo[39m]  Agent initialized: inventory - InventoryAgent
02:00:00 [[32minfo[39m] [AGENT-START] Agent inventory starting {"agent":"inventory","provider":null,"toolsConfigured":8,"maxIterations":200,"isSubAgent":true}
02:00:00 [[32minfo[39m]  Created AgentRuntime: inventory {"profile":"fantasy_rpg","tools":["inventory_service","template_pool_service","... (8 items)"]}
02:00:00 [[32minfo[39m]  Agent initialized: skill - SkillAgent
02:00:00 [[32minfo[39m] [AGENT-START] Agent skill starting {"agent":"skill","provider":null,"toolsConfigured":7,"maxIterations":200,"isSubAgent":true}
02:00:00 [[32minfo[39m]  Created AgentRuntime: skill {"profile":"fantasy_rpg","tools":["skill_service","template_pool_service","... (7 items)"]}
02:00:00 [[32minfo[39m]  Agent initialized: event - EventAgent
02:00:00 [[32minfo[39m] [AGENT-START] Agent event starting {"agent":"event","provider":null,"toolsConfigured":5,"maxIterations":200,"isSubAgent":true}
02:00:00 [[32minfo[39m]  Created AgentRuntime: event {"profile":"fantasy_rpg","tools":["event_service","game_time_service","... (5 items)"]}
02:00:00 [[32minfo[39m]  Agent initialized: time - TimeAgent
02:00:00 [[32minfo[39m] [AGENT-START] Agent time starting {"agent":"time","provider":null,"toolsConfigured":4,"maxIterations":200,"isSubAgent":true}
02:00:00 [[32minfo[39m]  Created AgentRuntime: time {"profile":"fantasy_rpg","tools":["game_time_service","rule_service","... (4 items)"]}
02:00:01 [[32minfo[39m]  Permissions configured from agent.tools for profile: fantasy_rpg
02:00:01 [[32minfo[39m]  YAML permissions configured
02:00:01 [[32minfo[39m]  Registering AgentRuntime instances to GameMasterAgent...
02:00:01 [[32minfo[39m]  Registered AgentRuntime to Coordinator: gamemaster
02:00:01 [[32minfo[39m]  Registered AgentRuntime to Coordinator: map
02:00:01 [[32minfo[39m]  Registered AgentRuntime to Coordinator: challenge
02:00:01 [[32minfo[39m]  Registered AgentRuntime to Coordinator: output
02:00:01 [[32minfo[39m]  Registered AgentRuntime to Coordinator: quest
02:00:01 [[32minfo[39m]  Registered AgentRuntime to Coordinator: npc_party
02:00:01 [[32minfo[39m]  Registered AgentRuntime to Coordinator: inventory
02:00:01 [[32minfo[39m]  Registered AgentRuntime to Coordinator: skill
02:00:01 [[32minfo[39m]  Registered AgentRuntime to Coordinator: event
02:00:01 [[32minfo[39m]  Registered AgentRuntime to Coordinator: time
02:00:01 [[32minfo[39m]  GameDataExpander configured (manifest path enabled)
02:00:01 [[32minfo[39m]  DedupService configured (dispatch log persistence enabled)
02:00:01 [[32minfo[39m]  Agent system initialized: 10 AgentRuntime instances created
鉁?Agent system initialized with 10 agents
鈿狅笍 YAML Agent system skipped: __vi_import_5__.initializeYamlAgentSystem is not a function
02:00:01 [[32minfo[39m]  Agent routes initialized
02:00:01 [[32minfo[39m]  Save routes initialized
02:00:01 [[32minfo[39m]  Synced template from YAML to DB: cthulhu-investigation
02:00:01 [[32minfo[39m]  Synced template from YAML to DB: cyberpunk-mercenary
02:00:01 [[32minfo[39m]  Synced template from YAML to DB: medieval-fantasy
02:00:01 [[32minfo[39m]  Synced template from YAML to DB: modern-romance
02:00:01 [[32minfo[39m]  Synced template from YAML to DB: xianxia
02:00:01 [[32minfo[39m]  Synced 5 templates from YAML to database
02:00:01 [[32minfo[39m]  Cache refreshed with 5 templates
02:00:01 [[32minfo[39m]  TemplateService loaded {"cachedTemplates":5}
鉁?Template YAML loaded and synced to DB
02:00:01 [[32minfo[39m]  Template routes initialized
鉁?Test environment setup complete
鉁?Database connection closed

 [33m鉂?[39m src/agents/story/__tests__/StoryPostReactPipeline.test.ts [2m ([22m[2m5 tests[22m [2m|[22m [31m2 failed[39m[2m)[22m[33m 1626[2mms[22m[39m
[31m   [33m鉂?[31m src/agents/story/__tests__/StoryPostReactPipeline.test.ts[2m > [22mStoryPostReactPipeline[2m > [22m搴旀妸 secondLayerDecision 涓?todoCompletion/continuityAudit 杞垚绋嬪簭缁撴灉[39m
[31m     鈫?expected { storyConsistency: undefined, 鈥?4) } to match object { storyConsistency: undefined, 鈥?3) }
(2 matching properties omitted from actual)[39m
[31m   [33m鉂?[31m src/agents/story/__tests__/StoryPostReactPipeline.test.ts[2m > [22mStoryPostReactPipeline[2m > [22m搴斾紭鍏堟秷璐规樉寮?postReviewDecision锛屽苟杩囨护闈炲彲璺敱 AgentType[39m
[31m     鈫?expected { storyConsistency: undefined, 鈥?4) } to match object { todoCompletion: 'partial', 鈥?2) }
(3 matching properties omitted from actual)[39m
[90mstdout[2m | src/game-systems/skill/__tests__/skill-use-target.test.ts[2m > [22m[2mP0 淇锛歶se_skill.targetId 搴旂敤浼ゅ鍒扮洰鏍?HP[2m > [22m[2mT1: targetId 涓嶄紶 鈫?涓嶅簲鐢ㄤ激瀹?[2m > [22m[2museSkill 涓嶄紶 targetId 鈫?modifyHealth/modifyNpcHealth 涓嶈璋冪敤[22m[39m
02:00:01 [[32minfo[39m]  Skill used {"saveId":"save-1","skillId":"slash","skillName":"鏂╁嚮","costSpent":[],"expGained":11,"cooldownSet":0,"cooldownSystem":"none","damage":30,"effectsAppliedCount":1}

[90mstdout[2m | src/game-systems/skill/__tests__/skill-use-target.test.ts[2m > [22m[2mP0 淇锛歶se_skill.targetId 搴旂敤浼ゅ鍒扮洰鏍?HP[2m > [22m[2mT2: targetId 鏄?NPC锛坣pc_ 鍓嶇紑锛夆啋 璋冪敤 modifyNpcHealth[2m > [22m[2mtargetId="npc_goblin" 鈫?npcService.modifyNpcHealth 琚皟鐢紝delta=-30[22m[39m
02:00:01 [[32minfo[39m]  Skill used {"saveId":"save-1","skillId":"slash","skillName":"鏂╁嚮","costSpent":[],"expGained":11,"cooldownSet":0,"cooldownSystem":"none","damage":30,"effectsAppliedCount":1}

[90mstdout[2m | src/game-systems/skill/__tests__/skill-use-target.test.ts[2m > [22m[2mP0 淇锛歶se_skill.targetId 搴旂敤浼ゅ鍒扮洰鏍?HP[2m > [22m[2mT3: targetId 鏄?character锛坰aveId锛夆啋 璋冪敤 modifyHealth[2m > [22m[2mtargetId="save-1" 鈫?characterService.modifyHealth 琚皟鐢?[22m[39m
02:00:01 [[32minfo[39m]  Skill used {"saveId":"save-1","skillId":"slash","skillName":"鏂╁嚮","costSpent":[],"expGained":11,"cooldownSet":0,"cooldownSystem":"none","damage":30,"effectsAppliedCount":1}

[90mstdout[2m | src/game-systems/skill/__tests__/skill-use-target.test.ts[2m > [22m[2mP0 淇锛歶se_skill.targetId 搴旂敤浼ゅ鍒扮洰鏍?HP[2m > [22m[2mT4: targetId 鏄?NPC 鍚嶇О锛坮esolveNpcId 鎴愬姛锛夆啋 璋冪敤 modifyNpcHealth[2m > [22m[2mtargetId="鍝ュ竷鏋? 涓?resolveNpcId 鎴愬姛 鈫?modifyNpcHealth 琚皟鐢?[22m[39m
02:00:01 [[32minfo[39m]  Skill used {"saveId":"save-1","skillId":"slash","skillName":"鏂╁嚮","costSpent":[],"expGained":11,"cooldownSet":0,"cooldownSystem":"none","damage":30,"effectsAppliedCount":1}

[90mstdout[2m | src/game-systems/skill/__tests__/skill-use-target.test.ts[2m > [22m[2mP0 淇锛歶se_skill.targetId 搴旂敤浼ゅ鍒扮洰鏍?HP[2m > [22m[2mT4: targetId 鏄?NPC 鍚嶇О锛坮esolveNpcId 鎴愬姛锛夆啋 璋冪敤 modifyNpcHealth[2m > [22m[2mtargetId="鏈煡鐩爣" 涓?resolveNpcId 澶辫触 鈫?鎶涢敊鏆撮湶鏃犳晥鐩爣锛堢姝㈤潤榛橀€€鍖栦负 character锛?[22m[39m
02:00:01 [[32minfo[39m]  Skill used {"saveId":"save-1","skillId":"slash","skillName":"鏂╁嚮","costSpent":[],"expGained":11,"cooldownSet":0,"cooldownSystem":"none","damage":30,"effectsAppliedCount":1}
02:00:01 [[31merror[39m]  Failed to use skill {"saveId":"save-1","skillId":"slash","error":"Invalid targetId: 鏈煡鐩爣. Cannot resolve to character or npc"}

 [32m鉁?[39m src/game-systems/skill/__tests__/skill-use-target.test.ts [2m ([22m[2m5 tests[22m[2m)[22m[33m 724[2mms[22m[39m
[90mstdout[2m | src/game-systems/skill/__tests__/skill-use-target.test.ts[22m[39m
02:00:01 [[32minfo[39m]  Help registry loaded: 22 tools {"tools":["batch_query_service","challenge_service","... (22 items)"]}
02:00:01 [[32minfo[39m]  Creating GameMasterAgent (as AgentRuntime with isSubAgent=false)
02:00:01 [[32minfo[39m]  Handler subscribed {"eventType":"dialogue"}
02:00:01 [[32minfo[39m]  Handler subscribed {"eventType":"combat_end"}
02:00:01 [[32minfo[39m]  AwarenessAutoSubscriber subscribed to dialogue + combat_end events
02:00:01 [[32minfo[39m]  Agent initialized: gamemaster - GameMasterAgent
02:00:01 [[32minfo[39m] [AGENT-START] Agent gamemaster starting {"agent":"gamemaster","provider":null,"toolsConfigured":1,"maxIterations":200,"isSubAgent":false}
02:00:01 [[32minfo[39m]  Handler subscribed {"eventType":"chapter_advanced"}
02:00:01 [[32minfo[39m]  Creating AgentRuntime instances from default profile: fantasy_rpg
02:00:01 [[32minfo[39m]  Creating agents from profile: fantasy_rpg {"agentCount":10}
02:00:01 [[32minfo[39m]  Agent initialized: gamemaster - GameMasterAgent
02:00:01 [[32minfo[39m] [AGENT-START] Agent gamemaster starting {"agent":"gamemaster","provider":null,"toolsConfigured":1,"maxIterations":200,"isSubAgent":false}
02:00:01 [[32minfo[39m]  Created AgentRuntime: gamemaster {"profile":"fantasy_rpg","tools":["all"]}
02:00:01 [[32minfo[39m]  Agent initialized: map - MapAgent
02:00:01 [[32minfo[39m] [AGENT-START] Agent map starting {"agent":"map","provider":null,"toolsConfigured":7,"maxIterations":200,"isSubAgent":true}
02:00:01 [[32minfo[39m]  Created AgentRuntime: map {"profile":"fantasy_rpg","tools":["map_service","npc_service","... (7 items)"]}
02:00:01 [[32minfo[39m]  Agent initialized: challenge - ChallengeAgent
02:00:01 [[32minfo[39m] [AGENT-START] Agent challenge starting {"agent":"challenge","provider":null,"toolsConfigured":9,"maxIterations":200,"isSubAgent":true}
02:00:01 [[32minfo[39m]  Created AgentRuntime: challenge {"profile":"fantasy_rpg","tools":["challenge_service","numerical_service","... (9 items)"]}
02:00:01 [[32minfo[39m]  Agent initialized: output - OutputAgent
02:00:01 [[32minfo[39m] [AGENT-START] Agent output starting {"agent":"output","provider":null,"toolsConfigured":5,"maxIterations":200,"isSubAgent":true}
02:00:01 [[32minfo[39m]  Created AgentRuntime: output {"profile":"fantasy_rpg","tools":["dialogue_service","dynamic_ui","... (5 items)"]}
02:00:01 [[32minfo[39m]  Agent initialized: quest - QuestAgent
02:00:01 [[32minfo[39m] [AGENT-START] Agent quest starting {"agent":"quest","provider":null,"toolsConfigured":11,"maxIterations":200,"isSubAgent":true}
02:00:01 [[32minfo[39m]  Created AgentRuntime: quest {"profile":"fantasy_rpg","tools":["quest_service","numerical_service","... (11 items)"]}
02:00:01 [[32minfo[39m]  Agent initialized: npc_party - NPCPartyAgent
02:00:01 [[32minfo[39m] [AGENT-START] Agent npc_party starting {"agent":"npc_party","provider":null,"toolsConfigured":9,"maxIterations":200,"isSubAgent":true}
02:00:01 [[32minfo[39m]  Created AgentRuntime: npc_party {"profile":"fantasy_rpg","tools":["npc_service","entity_graph_service","... (9 items)"]}
02:00:01 [[32minfo[39m]  Agent initialized: inventory - InventoryAgent
02:00:01 [[32minfo[39m] [AGENT-START] Agent inventory starting {"agent":"inventory","provider":null,"toolsConfigured":8,"maxIterations":200,"isSubAgent":true}
02:00:01 [[32minfo[39m]  Created AgentRuntime: inventory {"profile":"fantasy_rpg","tools":["inventory_service","template_pool_service","... (8 items)"]}
02:00:01 [[32minfo[39m]  Agent initialized: skill - SkillAgent
02:00:01 [[32minfo[39m] [AGENT-START] Agent skill starting {"agent":"skill","provider":null,"toolsConfigured":7,"maxIterations":200,"isSubAgent":true}
02:00:01 [[32minfo[39m]  Created AgentRuntime: skill {"profile":"fantasy_rpg","tools":["skill_service","template_pool_service","... (7 items)"]}
02:00:01 [[32minfo[39m]  Agent initialized: event - EventAgent
02:00:01 [[32minfo[39m] [AGENT-START] Agent event starting {"agent":"event","provider":null,"toolsConfigured":5,"maxIterations":200,"isSubAgent":true}
02:00:01 [[32minfo[39m]  Created AgentRuntime: event {"profile":"fantasy_rpg","tools":["event_service","game_time_service","... (5 items)"]}
02:00:01 [[32minfo[39m]  Agent initialized: time - TimeAgent
02:00:01 [[32minfo[39m] [AGENT-START] Agent time starting {"agent":"time","provider":null,"toolsConfigured":4,"maxIterations":200,"isSubAgent":true}
02:00:01 [[32minfo[39m]  Created AgentRuntime: time {"profile":"fantasy_rpg","tools":["game_time_service","rule_service","... (4 items)"]}
02:00:01 [[32minfo[39m]  Permissions configured from agent.tools for profile: fantasy_rpg
02:00:01 [[32minfo[39m]  YAML permissions configured
02:00:01 [[32minfo[39m]  Registering AgentRuntime instances to GameMasterAgent...
02:00:01 [[32minfo[39m]  Registered AgentRuntime to Coordinator: gamemaster
02:00:01 [[32minfo[39m]  Registered AgentRuntime to Coordinator: map
02:00:01 [[32minfo[39m]  Registered AgentRuntime to Coordinator: challenge
02:00:01 [[32minfo[39m]  Registered AgentRuntime to Coordinator: output
02:00:01 [[32minfo[39m]  Registered AgentRuntime to Coordinator: quest
02:00:01 [[32minfo[39m]  Registered AgentRuntime to Coordinator: npc_party
02:00:01 [[32minfo[39m]  Registered AgentRuntime to Coordinator: inventory
02:00:01 [[32minfo[39m]  Registered AgentRuntime to Coordinator: skill
02:00:01 [[32minfo[39m]  Registered AgentRuntime to Coordinator: event
02:00:01 [[32minfo[39m]  Registered AgentRuntime to Coordinator: time
02:00:01 [[32minfo[39m]  GameDataExpander configured (manifest path enabled)
02:00:01 [[32minfo[39m]  DedupService configured (dispatch log persistence enabled)
02:00:01 [[32minfo[39m]  Agent system initialized: 10 AgentRuntime instances created
鉁?Agent system initialized with 10 agents
鈿狅笍 YAML Agent system skipped: __vi_import_5__.initializeYamlAgentSystem is not a function
02:00:01 [[32minfo[39m]  Agent routes initialized
02:00:01 [[32minfo[39m]  Save routes initialized
02:00:01 [[32minfo[39m]  Synced template from YAML to DB: cthulhu-investigation
02:00:01 [[32minfo[39m]  Synced template from YAML to DB: cyberpunk-mercenary
02:00:01 [[32minfo[39m]  Synced template from YAML to DB: medieval-fantasy
02:00:01 [[32minfo[39m]  Synced template from YAML to DB: modern-romance
02:00:01 [[32minfo[39m]  Synced template from YAML to DB: xianxia
02:00:01 [[32minfo[39m]  Synced 5 templates from YAML to database
02:00:01 [[32minfo[39m]  Cache refreshed with 5 templates
02:00:01 [[32minfo[39m]  TemplateService loaded {"cachedTemplates":5}
鉁?Template YAML loaded and synced to DB
02:00:01 [[32minfo[39m]  Template routes initialized
鉁?Test environment setup complete
鉁?Database connection closed

[90mstdout[2m | src/agents/memory/__tests__/prompt-budget-guard.test.ts[22m[39m
007: added combat_states.mode column
Migration 007_add_combat_mode.ts completed successfully
Running migration: 008_add_saves_active_challenge_mode.ts
008: added saves.active_challenge_mode column
Migration 008_add_saves_active_challenge_mode.ts completed successfully
All migrations completed
鉁?Migrations completed
All seeds completed
鉁?Seeds completed
02:00:01 [[32minfo[39m]  Starting YAML-driven Agent system initialization
02:00:01 [[32minfo[39m]  Seeding ModelConfigService from environment
02:00:01 [[32minfo[39m]  No DEEPSEEK_API_KEY env var found, skipping env seed
02:00:01 [[32minfo[39m]  Seeded provider from convict config {"providerType":"openai","providerId":"fbcec48d-2574-45bb-827e-5feb4b33fb7c","model":"openrouter/free"}
02:00:01 [[32minfo[39m]  Creating LLMService with ModelConfigService
02:00:01 [[32minfo[39m]  Creating ContextService and DecisionLogService instances
02:00:01 [[32minfo[39m]  Initializing YAML-driven Agent profiles...
02:00:01 [[32minfo[39m]  Loading config from directory: C:\Users\super\Documents\trae_projects\AGG-main\packages\backend\config
02:00:01 [[32minfo[39m]  Loaded agent profile: fantasy_rpg
02:00:01 [[32minfo[39m]  Loaded agent profile: minimal_test
02:00:01 [[32minfo[39m]  Loaded 0 non-builtin profiles from database (0 builtin skipped, using YAML)
02:00:01 [[32minfo[39m]  Config loaded successfully: 2 profiles
02:00:01 [[32minfo[39m]  YAML config loaded successfully
02:00:01 [[32minfo[39m]  Context rules loaded {"agentCount":10}
02:00:01 [[32minfo[39m]  Default manifests loaded {"agentTypeCount":6,"manifestCount":8}
02:00:01 [[32minfo[39m]  Context rules file watcher started {"path":"C:\\Users\\super\\Documents\\trae_projects\\AGG-main\\packages\\backend\\config\\agent-context-rules.yaml"}
02:00:01 [[32minfo[39m]  Loaded 10 agent capabilities from YAML profiles
02:00:01 [[32minfo[39m]  ToolRegistry initialized
02:00:01 [[32minfo[39m]  Registering ServiceTools to ToolRegistry
02:00:01 [[32minfo[39m]  Tool registered: game_time_service - GameTime Service (v1.0.0)
02:00:01 [[32minfo[39m]  Tool registered: numerical_service - Numerical Service (v1.0.0)
02:00:01 [[32minfo[39m]  Tool registered: character_service - Character Service (v1.0.0)
02:00:01 [[32minfo[39m]  Tool registered: inventory_service - Inventory Service (v1.0.0)
02:00:01 [[32minfo[39m]  Tool registered: skill_service - Skill Service (v1.1.0)
02:00:01 [[32minfo[39m]  Tool registered: map_service - Map Service (v2.0.0)
02:00:01 [[32minfo[39m]  Tool registered: npc_service - NPC Service (v1.0.0)
02:00:01 [[32minfo[39m]  Tool registered: dialogue_service - Dialogue Service (v1.0.0)
02:00:01 [[32minfo[39m]  Tool registered: quest_service - Quest Service (v1.0.0)
02:00:01 [[32minfo[39m]  Tool registered: challenge_service - Challenge Service (v1.0.0)
02:00:01 [[32minfo[39m]  Tool registered: event_service - Event Service (v1.0.0)
02:00:01 [[32minfo[39m]  Tool registered: story_service - Story Service (v1.0.0)
02:00:01 [[32minfo[39m]  Tool registered: game_init_service - Game Init Service (v2.0.0)
02:00:01 [[32minfo[39m]  Tool registered: batch_query_service - Batch Query Service (v1.0.0)
02:00:01 [[32minfo[39m]  Tool registered: entity_graph_service - Entity Graph Service (v1.0.0)
02:00:01 [[32minfo[39m]  Tool registered: template_pool_service - Template Pool Service (v1.0.0)
02:00:01 [[32minfo[39m]  Tool registered: dynamic_ui - Dynamic UI Service (v1.0.0)
02:00:01 [[32minfo[39m]  Tool registered: generate_options - Generate Options Service (v2.0.0)
02:00:01 [[32minfo[39m]  Tool registered: coordinator_service - Coordinator Service (v1.0.0)
02:00:01 [[32minfo[39m]  Tool registered: rule_service - Rule Service (v1.0.0)
02:00:01 [[32minfo[39m]  Tool registered: skill_loader - Skill Loader (v1.0.0)
02:00:01 [[32minfo[39m]  Tool registered: help_service - Help Service (v1.0.0)
02:00:01 [[32minfo[39m]  Tool registered: memory_service - Memory Service (v1.0.0)
02:00:01 [[32minfo[39m]  Registered 23 ServiceTools to ToolRegistry
02:00:01 [[32minfo[39m]  Tool reference validation passed

[90mstdout[2m | src/services/__tests__/shadow-state-scope-values-transparent.test.ts[22m[39m
008: added saves.active_challenge_mode column
Migration 008_add_saves_active_challenge_mode.ts completed successfully
All migrations completed
鉁?Migrations completed
All seeds completed
鉁?Seeds completed
02:00:01 [[32minfo[39m]  Starting YAML-driven Agent system initialization
02:00:01 [[32minfo[39m]  Seeding ModelConfigService from environment
02:00:01 [[32minfo[39m]  No DEEPSEEK_API_KEY env var found, skipping env seed
02:00:01 [[32minfo[39m]  Seeded provider from convict config {"providerType":"openai","providerId":"d4d92883-d204-416e-8de3-4a90b6c8d3d0","model":"openrouter/free"}
02:00:01 [[32minfo[39m]  Creating LLMService with ModelConfigService
02:00:01 [[32minfo[39m]  Creating ContextService and DecisionLogService instances
02:00:01 [[32minfo[39m]  Initializing YAML-driven Agent profiles...
02:00:01 [[32minfo[39m]  Loading config from directory: C:\Users\super\Documents\trae_projects\AGG-main\packages\backend\config
02:00:01 [[32minfo[39m]  Loaded agent profile: fantasy_rpg
02:00:01 [[32minfo[39m]  Loaded agent profile: minimal_test
02:00:01 [[32minfo[39m]  Loaded 0 non-builtin profiles from database (0 builtin skipped, using YAML)
02:00:01 [[32minfo[39m]  Config loaded successfully: 2 profiles
02:00:01 [[32minfo[39m]  YAML config loaded successfully
02:00:01 [[32minfo[39m]  Context rules loaded {"agentCount":10}
02:00:01 [[32minfo[39m]  Default manifests loaded {"agentTypeCount":6,"manifestCount":8}
02:00:01 [[32minfo[39m]  Context rules file watcher started {"path":"C:\\Users\\super\\Documents\\trae_projects\\AGG-main\\packages\\backend\\config\\agent-context-rules.yaml"}
02:00:01 [[32minfo[39m]  Loaded 10 agent capabilities from YAML profiles
02:00:01 [[32minfo[39m]  ToolRegistry initialized
02:00:01 [[32minfo[39m]  Registering ServiceTools to ToolRegistry
02:00:01 [[32minfo[39m]  Tool registered: game_time_service - GameTime Service (v1.0.0)
02:00:01 [[32minfo[39m]  Tool registered: numerical_service - Numerical Service (v1.0.0)
02:00:01 [[32minfo[39m]  Tool registered: character_service - Character Service (v1.0.0)
02:00:01 [[32minfo[39m]  Tool registered: inventory_service - Inventory Service (v1.0.0)
02:00:01 [[32minfo[39m]  Tool registered: skill_service - Skill Service (v1.1.0)
02:00:01 [[32minfo[39m]  Tool registered: map_service - Map Service (v2.0.0)
02:00:01 [[32minfo[39m]  Tool registered: npc_service - NPC Service (v1.0.0)
02:00:01 [[32minfo[39m]  Tool registered: dialogue_service - Dialogue Service (v1.0.0)
02:00:01 [[32minfo[39m]  Tool registered: quest_service - Quest Service (v1.0.0)
02:00:01 [[32minfo[39m]  Tool registered: challenge_service - Challenge Service (v1.0.0)
02:00:01 [[32minfo[39m]  Tool registered: event_service - Event Service (v1.0.0)
02:00:01 [[32minfo[39m]  Tool registered: story_service - Story Service (v1.0.0)
02:00:01 [[32minfo[39m]  Tool registered: game_init_service - Game Init Service (v2.0.0)
02:00:01 [[32minfo[39m]  Tool registered: batch_query_service - Batch Query Service (v1.0.0)
02:00:01 [[32minfo[39m]  Tool registered: entity_graph_service - Entity Graph Service (v1.0.0)
02:00:01 [[32minfo[39m]  Tool registered: template_pool_service - Template Pool Service (v1.0.0)
02:00:01 [[32minfo[39m]  Tool registered: dynamic_ui - Dynamic UI Service (v1.0.0)
02:00:01 [[32minfo[39m]  Tool registered: generate_options - Generate Options Service (v2.0.0)
02:00:01 [[32minfo[39m]  Tool registered: coordinator_service - Coordinator Service (v1.0.0)
02:00:01 [[32minfo[39m]  Tool registered: rule_service - Rule Service (v1.0.0)
02:00:01 [[32minfo[39m]  Tool registered: skill_loader - Skill Loader (v1.0.0)
02:00:01 [[32minfo[39m]  Tool registered: help_service - Help Service (v1.0.0)
02:00:01 [[32minfo[39m]  Tool registered: memory_service - Memory Service (v1.0.0)
02:00:01 [[32minfo[39m]  Registered 23 ServiceTools to ToolRegistry
02:00:01 [[32minfo[39m]  Tool reference validation passed

[90mstdout[2m | src/agents/coordinator/__tests__/risk-gate.test.ts[22m[39m
02:00:01 [[32minfo[39m]  Discovered 187 help files {"dir":"C:\\Users\\super\\Documents\\trae_projects\\AGG-main\\packages\\backend\\config\\agent-help"}

[90mstdout[2m | src/agents/memory/__tests__/prompt-budget-guard.test.ts[22m[39m
02:00:01 [[32minfo[39m]  Discovered 187 help files {"dir":"C:\\Users\\super\\Documents\\trae_projects\\AGG-main\\packages\\backend\\config\\agent-help"}

[90mstdout[2m | src/game-systems/npc/__tests__/npc-duplicate-prevention.test.ts[22m[39m
02:00:01 [[32minfo[39m]  Discovered 187 help files {"dir":"C:\\Users\\super\\Documents\\trae_projects\\AGG-main\\packages\\backend\\config\\agent-help"}

[90mstdout[2m | src/services/__tests__/shadow-state-scope-values-transparent.test.ts[22m[39m
02:00:01 [[32minfo[39m]  Discovered 187 help files {"dir":"C:\\Users\\super\\Documents\\trae_projects\\AGG-main\\packages\\backend\\config\\agent-help"}

[90mstdout[2m | src/services/__tests__/DevModeService.test.ts[22m[39m
馃И Setting up comprehensive test environment...
鉁?Database connected
Running migration: 001_init.ts

[90mstdout[2m | src/services/__tests__/DevModeService.test.ts[22m[39m
Migration 001_init.ts completed successfully
Running migration: 002_add_equipped_index.ts

[90mstdout[2m | src/services/__tests__/DevModeService.test.ts[22m[39m
Migration 002_add_equipped_index.ts completed successfully
Running migration: 003_fix_information_boundaries_timestamps.ts

[90mstdout[2m | src/services/__tests__/DevModeService.test.ts[22m[39m
Migration 003_fix_information_boundaries_timestamps.ts completed successfully
Running migration: 004_drop_information_boundaries.ts

[90mstdout[2m | src/agents/story/__tests__/story-driving-integration.test.ts[22m[39m
02:00:01 [[32minfo[39m]  Discovered 187 help files {"dir":"C:\\Users\\super\\Documents\\trae_projects\\AGG-main\\packages\\backend\\config\\agent-help"}

[90mstdout[2m | src/services/__tests__/DevModeService.test.ts[22m[39m
004_drop_information_boundaries: information_boundaries table not found, skipping migration
004_drop_information_boundaries: cleared custom_data.knowledge from 0 NPCs
Migration 004_drop_information_boundaries.ts completed successfully
Running migration: 005_drop_npc_relations.ts

[90mstdout[2m | src/agents/memory/__tests__/prompt-budget-guard.test.ts[2m > [22m[2mPromptBuildBudgetGuard[2m > [22m[2mcheck - compressionUrgency 鍒嗙骇[2m > [22m[2m0.75 < utilization <= 0.9 鏃?urgency 搴斾负 medium[22m[39m
02:00:01 [[32minfo[39m]  Budget guard triggered compression {"totalTokens":851,"budgetLimit":1000,"utilizationRatio":0.851,"urgency":"medium"}

[90mstdout[2m | src/agents/memory/__tests__/prompt-budget-guard.test.ts[2m > [22m[2mPromptBuildBudgetGuard[2m > [22m[2mcheck - compressionUrgency 鍒嗙骇[2m > [22m[2mutilization > 0.9 鏃?urgency 搴斾负 high[22m[39m
02:00:01 [[32minfo[39m]  Budget guard triggered compression {"totalTokens":1001,"budgetLimit":1000,"utilizationRatio":1.001,"urgency":"high"}

 [32m鉁?[39m src/agents/memory/__tests__/prompt-budget-guard.test.ts [2m ([22m[2m12 tests[22m[2m)[22m[33m 695[2mms[22m[39m
[90mstdout[2m | src/agents/memory/__tests__/prompt-budget-guard.test.ts[22m[39m
02:00:01 [[32minfo[39m]  Help registry loaded: 22 tools {"tools":["batch_query_service","challenge_service","... (22 items)"]}
02:00:01 [[32minfo[39m]  Creating GameMasterAgent (as AgentRuntime with isSubAgent=false)
02:00:01 [[32minfo[39m]  Handler subscribed {"eventType":"dialogue"}
02:00:01 [[32minfo[39m]  Handler subscribed {"eventType":"combat_end"}
02:00:01 [[32minfo[39m]  AwarenessAutoSubscriber subscribed to dialogue + combat_end events
02:00:01 [[32minfo[39m]  Agent initialized: gamemaster - GameMasterAgent
02:00:01 [[32minfo[39m] [AGENT-START] Agent gamemaster starting {"agent":"gamemaster","provider":null,"toolsConfigured":1,"maxIterations":200,"isSubAgent":false}
02:00:01 [[32minfo[39m]  Handler subscribed {"eventType":"chapter_advanced"}
02:00:01 [[32minfo[39m]  Creating AgentRuntime instances from default profile: fantasy_rpg
02:00:01 [[32minfo[39m]  Creating agents from profile: fantasy_rpg {"agentCount":10}
02:00:01 [[32minfo[39m]  Agent initialized: gamemaster - GameMasterAgent
02:00:01 [[32minfo[39m] [AGENT-START] Agent gamemaster starting {"agent":"gamemaster","provider":null,"toolsConfigured":1,"maxIterations":200,"isSubAgent":false}
02:00:01 [[32minfo[39m]  Created AgentRuntime: gamemaster {"profile":"fantasy_rpg","tools":["all"]}
02:00:01 [[32minfo[39m]  Agent initialized: map - MapAgent
02:00:01 [[32minfo[39m] [AGENT-START] Agent map starting {"agent":"map","provider":null,"toolsConfigured":7,"maxIterations":200,"isSubAgent":true}
02:00:01 [[32minfo[39m]  Created AgentRuntime: map {"profile":"fantasy_rpg","tools":["map_service","npc_service","... (7 items)"]}
02:00:01 [[32minfo[39m]  Agent initialized: challenge - ChallengeAgent
02:00:01 [[32minfo[39m] [AGENT-START] Agent challenge starting {"agent":"challenge","provider":null,"toolsConfigured":9,"maxIterations":200,"isSubAgent":true}
02:00:01 [[32minfo[39m]  Created AgentRuntime: challenge {"profile":"fantasy_rpg","tools":["challenge_service","numerical_service","... (9 items)"]}
02:00:01 [[32minfo[39m]  Agent initialized: output - OutputAgent
02:00:01 [[32minfo[39m] [AGENT-START] Agent output starting {"agent":"output","provider":null,"toolsConfigured":5,"maxIterations":200,"isSubAgent":true}
02:00:01 [[32minfo[39m]  Created AgentRuntime: output {"profile":"fantasy_rpg","tools":["dialogue_service","dynamic_ui","... (5 items)"]}
02:00:01 [[32minfo[39m]  Agent initialized: quest - QuestAgent
02:00:01 [[32minfo[39m] [AGENT-START] Agent quest starting {"agent":"quest","provider":null,"toolsConfigured":11,"maxIterations":200,"isSubAgent":true}
02:00:01 [[32minfo[39m]  Created AgentRuntime: quest {"profile":"fantasy_rpg","tools":["quest_service","numerical_service","... (11 items)"]}
02:00:01 [[32minfo[39m]  Agent initialized: npc_party - NPCPartyAgent
02:00:01 [[32minfo[39m] [AGENT-START] Agent npc_party starting {"agent":"npc_party","provider":null,"toolsConfigured":9,"maxIterations":200,"isSubAgent":true}
02:00:01 [[32minfo[39m]  Created AgentRuntime: npc_party {"profile":"fantasy_rpg","tools":["npc_service","entity_graph_service","... (9 items)"]}
02:00:01 [[32minfo[39m]  Agent initialized: inventory - InventoryAgent
02:00:01 [[32minfo[39m] [AGENT-START] Agent inventory starting {"agent":"inventory","provider":null,"toolsConfigured":8,"maxIterations":200,"isSubAgent":true}
02:00:01 [[32minfo[39m]  Created AgentRuntime: inventory {"profile":"fantasy_rpg","tools":["inventory_service","template_pool_service","... (8 items)"]}
02:00:01 [[32minfo[39m]  Agent initialized: skill - SkillAgent
02:00:01 [[32minfo[39m] [AGENT-START] Agent skill starting {"agent":"skill","provider":null,"toolsConfigured":7,"maxIterations":200,"isSubAgent":true}
02:00:01 [[32minfo[39m]  Created AgentRuntime: skill {"profile":"fantasy_rpg","tools":["skill_service","template_pool_service","... (7 items)"]}
02:00:01 [[32minfo[39m]  Agent initialized: event - EventAgent
02:00:01 [[32minfo[39m] [AGENT-START] Agent event starting {"agent":"event","provider":null,"toolsConfigured":5,"maxIterations":200,"isSubAgent":true}
02:00:01 [[32minfo[39m]  Created AgentRuntime: event {"profile":"fantasy_rpg","tools":["event_service","game_time_service","... (5 items)"]}
02:00:01 [[32minfo[39m]  Agent initialized: time - TimeAgent
02:00:01 [[32minfo[39m] [AGENT-START] Agent time starting {"agent":"time","provider":null,"toolsConfigured":4,"maxIterations":200,"isSubAgent":true}
02:00:01 [[32minfo[39m]  Created AgentRuntime: time {"profile":"fantasy_rpg","tools":["game_time_service","rule_service","... (4 items)"]}
02:00:01 [[32minfo[39m]  Permissions configured from agent.tools for profile: fantasy_rpg
02:00:01 [[32minfo[39m]  YAML permissions configured
02:00:01 [[32minfo[39m]  Registering AgentRuntime instances to GameMasterAgent...
02:00:01 [[32minfo[39m]  Registered AgentRuntime to Coordinator: gamemaster
02:00:01 [[32minfo[39m]  Registered AgentRuntime to Coordinator: map
02:00:01 [[32minfo[39m]  Registered AgentRuntime to Coordinator: challenge
02:00:01 [[32minfo[39m]  Registered AgentRuntime to Coordinator: output
02:00:01 [[32minfo[39m]  Registered AgentRuntime to Coordinator: quest
02:00:01 [[32minfo[39m]  Registered AgentRuntime to Coordinator: npc_party
02:00:01 [[32minfo[39m]  Registered AgentRuntime to Coordinator: inventory
02:00:01 [[32minfo[39m]  Registered AgentRuntime to Coordinator: skill
02:00:01 [[32minfo[39m]  Registered AgentRuntime to Coordinator: event
02:00:01 [[32minfo[39m]  Registered AgentRuntime to Coordinator: time
02:00:01 [[32minfo[39m]  GameDataExpander configured (manifest path enabled)
02:00:01 [[32minfo[39m]  DedupService configured (dispatch log persistence enabled)
02:00:01 [[32minfo[39m]  Agent system initialized: 10 AgentRuntime instances created
鉁?Agent system initialized with 10 agents
鈿狅笍 YAML Agent system skipped: __vi_import_5__.initializeYamlAgentSystem is not a function
02:00:01 [[32minfo[39m]  Agent routes initialized
02:00:01 [[32minfo[39m]  Save routes initialized
02:00:01 [[32minfo[39m]  Synced template from YAML to DB: cthulhu-investigation
02:00:01 [[32minfo[39m]  Synced template from YAML to DB: cyberpunk-mercenary
02:00:01 [[32minfo[39m]  Synced template from YAML to DB: medieval-fantasy
02:00:01 [[32minfo[39m]  Synced template from YAML to DB: modern-romance
02:00:01 [[32minfo[39m]  Synced template from YAML to DB: xianxia
02:00:01 [[32minfo[39m]  Synced 5 templates from YAML to database
02:00:01 [[32minfo[39m]  Cache refreshed with 5 templates
02:00:01 [[32minfo[39m]  TemplateService loaded {"cachedTemplates":5}
鉁?Template YAML loaded and synced to DB
02:00:01 [[32minfo[39m]  Template routes initialized
鉁?Test environment setup complete
鉁?Database connection closed

 [32m鉁?[39m src/services/__tests__/shadow-state-scope-values-transparent.test.ts [2m ([22m[2m11 tests[22m[2m)[22m[33m 682[2mms[22m[39m
[90mstdout[2m | src/services/__tests__/shadow-state-scope-values-transparent.test.ts[22m[39m
02:00:01 [[32minfo[39m]  Help registry loaded: 22 tools {"tools":["batch_query_service","challenge_service","... (22 items)"]}
02:00:01 [[32minfo[39m]  Creating GameMasterAgent (as AgentRuntime with isSubAgent=false)
02:00:01 [[32minfo[39m]  Handler subscribed {"eventType":"dialogue"}
02:00:01 [[32minfo[39m]  Handler subscribed {"eventType":"combat_end"}
02:00:01 [[32minfo[39m]  AwarenessAutoSubscriber subscribed to dialogue + combat_end events
02:00:01 [[32minfo[39m]  Agent initialized: gamemaster - GameMasterAgent
02:00:01 [[32minfo[39m] [AGENT-START] Agent gamemaster starting {"agent":"gamemaster","provider":null,"toolsConfigured":1,"maxIterations":200,"isSubAgent":false}
02:00:01 [[32minfo[39m]  Handler subscribed {"eventType":"chapter_advanced"}
02:00:01 [[32minfo[39m]  Creating AgentRuntime instances from default profile: fantasy_rpg
02:00:01 [[32minfo[39m]  Creating agents from profile: fantasy_rpg {"agentCount":10}
02:00:01 [[32minfo[39m]  Agent initialized: gamemaster - GameMasterAgent
02:00:01 [[32minfo[39m] [AGENT-START] Agent gamemaster starting {"agent":"gamemaster","provider":null,"toolsConfigured":1,"maxIterations":200,"isSubAgent":false}
02:00:01 [[32minfo[39m]  Created AgentRuntime: gamemaster {"profile":"fantasy_rpg","tools":["all"]}
02:00:01 [[32minfo[39m]  Agent initialized: map - MapAgent
02:00:01 [[32minfo[39m] [AGENT-START] Agent map starting {"agent":"map","provider":null,"toolsConfigured":7,"maxIterations":200,"isSubAgent":true}
02:00:01 [[32minfo[39m]  Created AgentRuntime: map {"profile":"fantasy_rpg","tools":["map_service","npc_service","... (7 items)"]}
02:00:01 [[32minfo[39m]  Agent initialized: challenge - ChallengeAgent
02:00:01 [[32minfo[39m] [AGENT-START] Agent challenge starting {"agent":"challenge","provider":null,"toolsConfigured":9,"maxIterations":200,"isSubAgent":true}
02:00:01 [[32minfo[39m]  Created AgentRuntime: challenge {"profile":"fantasy_rpg","tools":["challenge_service","numerical_service","... (9 items)"]}
02:00:01 [[32minfo[39m]  Agent initialized: output - OutputAgent
02:00:01 [[32minfo[39m] [AGENT-START] Agent output starting {"agent":"output","provider":null,"toolsConfigured":5,"maxIterations":200,"isSubAgent":true}
02:00:01 [[32minfo[39m]  Created AgentRuntime: output {"profile":"fantasy_rpg","tools":["dialogue_service","dynamic_ui","... (5 items)"]}
02:00:01 [[32minfo[39m]  Agent initialized: quest - QuestAgent
02:00:01 [[32minfo[39m] [AGENT-START] Agent quest starting {"agent":"quest","provider":null,"toolsConfigured":11,"maxIterations":200,"isSubAgent":true}
02:00:01 [[32minfo[39m]  Created AgentRuntime: quest {"profile":"fantasy_rpg","tools":["quest_service","numerical_service","... (11 items)"]}
02:00:01 [[32minfo[39m]  Agent initialized: npc_party - NPCPartyAgent
02:00:01 [[32minfo[39m] [AGENT-START] Agent npc_party starting {"agent":"npc_party","provider":null,"toolsConfigured":9,"maxIterations":200,"isSubAgent":true}
02:00:01 [[32minfo[39m]  Created AgentRuntime: npc_party {"profile":"fantasy_rpg","tools":["npc_service","entity_graph_service","... (9 items)"]}
02:00:01 [[32minfo[39m]  Agent initialized: inventory - InventoryAgent
02:00:01 [[32minfo[39m] [AGENT-START] Agent inventory starting {"agent":"inventory","provider":null,"toolsConfigured":8,"maxIterations":200,"isSubAgent":true}
02:00:01 [[32minfo[39m]  Created AgentRuntime: inventory {"profile":"fantasy_rpg","tools":["inventory_service","template_pool_service","... (8 items)"]}
02:00:01 [[32minfo[39m]  Agent initialized: skill - SkillAgent
02:00:01 [[32minfo[39m] [AGENT-START] Agent skill starting {"agent":"skill","provider":null,"toolsConfigured":7,"maxIterations":200,"isSubAgent":true}
02:00:01 [[32minfo[39m]  Created AgentRuntime: skill {"profile":"fantasy_rpg","tools":["skill_service","template_pool_service","... (7 items)"]}
02:00:01 [[32minfo[39m]  Agent initialized: event - EventAgent
02:00:01 [[32minfo[39m] [AGENT-START] Agent event starting {"agent":"event","provider":null,"toolsConfigured":5,"maxIterations":200,"isSubAgent":true}
02:00:01 [[32minfo[39m]  Created AgentRuntime: event {"profile":"fantasy_rpg","tools":["event_service","game_time_service","... (5 items)"]}
02:00:01 [[32minfo[39m]  Agent initialized: time - TimeAgent
02:00:01 [[32minfo[39m] [AGENT-START] Agent time starting {"agent":"time","provider":null,"toolsConfigured":4,"maxIterations":200,"isSubAgent":true}
02:00:01 [[32minfo[39m]  Created AgentRuntime: time {"profile":"fantasy_rpg","tools":["game_time_service","rule_service","... (4 items)"]}
02:00:01 [[32minfo[39m]  Permissions configured from agent.tools for profile: fantasy_rpg
02:00:01 [[32minfo[39m]  YAML permissions configured
02:00:01 [[32minfo[39m]  Registering AgentRuntime instances to GameMasterAgent...
02:00:01 [[32minfo[39m]  Registered AgentRuntime to Coordinator: gamemaster
02:00:01 [[32minfo[39m]  Registered AgentRuntime to Coordinator: map
02:00:01 [[32minfo[39m]  Registered AgentRuntime to Coordinator: challenge
02:00:01 [[32minfo[39m]  Registered AgentRuntime to Coordinator: output
02:00:01 [[32minfo[39m]  Registered AgentRuntime to Coordinator: quest
02:00:01 [[32minfo[39m]  Registered AgentRuntime to Coordinator: npc_party
02:00:01 [[32minfo[39m]  Registered AgentRuntime to Coordinator: inventory
02:00:01 [[32minfo[39m]  Registered AgentRuntime to Coordinator: skill
02:00:01 [[32minfo[39m]  Registered AgentRuntime to Coordinator: event
02:00:01 [[32minfo[39m]  Registered AgentRuntime to Coordinator: time
02:00:01 [[32minfo[39m]  GameDataExpander configured (manifest path enabled)
02:00:01 [[32minfo[39m]  DedupService configured (dispatch log persistence enabled)
02:00:01 [[32minfo[39m]  Agent system initialized: 10 AgentRuntime instances created
鉁?Agent system initialized with 10 agents
鈿狅笍 YAML Agent system skipped: __vi_import_5__.initializeYamlAgentSystem is not a function
02:00:01 [[32minfo[39m]  Agent routes initialized
02:00:01 [[32minfo[39m]  Save routes initialized
02:00:01 [[32minfo[39m]  Synced template from YAML to DB: cthulhu-investigation
02:00:01 [[32minfo[39m]  Synced template from YAML to DB: cyberpunk-mercenary
02:00:01 [[32minfo[39m]  Synced template from YAML to DB: medieval-fantasy
02:00:01 [[32minfo[39m]  Synced template from YAML to DB: modern-romance
02:00:01 [[32minfo[39m]  Synced template from YAML to DB: xianxia
02:00:01 [[32minfo[39m]  Synced 5 templates from YAML to database
02:00:01 [[32minfo[39m]  Cache refreshed with 5 templates
02:00:01 [[32minfo[39m]  TemplateService loaded {"cachedTemplates":5}
鉁?Template YAML loaded and synced to DB
02:00:01 [[32minfo[39m]  Template routes initialized
鉁?Test environment setup complete
鉁?Database connection closed

[90mstdout[2m | src/services/__tests__/DevModeService.test.ts[22m[39m
005_drop_npc_relations: dropped npc_relations table
Migration 005_drop_npc_relations.ts completed successfully
Running migration: 006_awareness_relationship_events_states.ts
006: created entity_awareness_events table
006: created entity_awareness_states table
006: created entity_relationship_events table
006: created entity_relationship_states table
Migration 006_awareness_relationship_events_states.ts completed successfully
Running migration: 007_add_combat_mode.ts
007: added combat_states.mode column
Migration 007_add_combat_mode.ts completed successfully
Running migration: 008_add_saves_active_challenge_mode.ts
008: added saves.active_challenge_mode column
Migration 008_add_saves_active_challenge_mode.ts completed successfully
All migrations completed
鉁?Migrations completed
All seeds completed
鉁?Seeds completed
02:00:01 [[32minfo[39m]  Starting YAML-driven Agent system initialization
02:00:01 [[32minfo[39m]  Seeding ModelConfigService from environment
02:00:01 [[32minfo[39m]  No DEEPSEEK_API_KEY env var found, skipping env seed
02:00:01 [[32minfo[39m]  Seeded provider from convict config {"providerType":"openai","providerId":"f053d540-a881-403a-984c-16b946f2a9a4","model":"openrouter/free"}
02:00:01 [[32minfo[39m]  Creating LLMService with ModelConfigService
02:00:01 [[32minfo[39m]  Creating ContextService and DecisionLogService instances
02:00:01 [[32minfo[39m]  Initializing YAML-driven Agent profiles...
02:00:01 [[32minfo[39m]  Loading config from directory: C:\Users\super\Documents\trae_projects\AGG-main\packages\backend\config
02:00:01 [[32minfo[39m]  Loaded agent profile: fantasy_rpg
02:00:01 [[32minfo[39m]  Loaded agent profile: minimal_test
02:00:01 [[32minfo[39m]  Loaded 0 non-builtin profiles from database (0 builtin skipped, using YAML)
02:00:01 [[32minfo[39m]  Config loaded successfully: 2 profiles
02:00:01 [[32minfo[39m]  YAML config loaded successfully
02:00:01 [[32minfo[39m]  Context rules loaded {"agentCount":10}
02:00:01 [[32minfo[39m]  Default manifests loaded {"agentTypeCount":6,"manifestCount":8}
02:00:01 [[32minfo[39m]  Context rules file watcher started {"path":"C:\\Users\\super\\Documents\\trae_projects\\AGG-main\\packages\\backend\\config\\agent-context-rules.yaml"}
02:00:01 [[32minfo[39m]  Loaded 10 agent capabilities from YAML profiles
02:00:01 [[32minfo[39m]  ToolRegistry initialized
02:00:01 [[32minfo[39m]  Registering ServiceTools to ToolRegistry
02:00:01 [[32minfo[39m]  Tool registered: game_time_service - GameTime Service (v1.0.0)
02:00:01 [[32minfo[39m]  Tool registered: numerical_service - Numerical Service (v1.0.0)
02:00:01 [[32minfo[39m]  Tool registered: character_service - Character Service (v1.0.0)
02:00:01 [[32minfo[39m]  Tool registered: inventory_service - Inventory Service (v1.0.0)
02:00:01 [[32minfo[39m]  Tool registered: skill_service - Skill Service (v1.1.0)
02:00:01 [[32minfo[39m]  Tool registered: map_service - Map Service (v2.0.0)
02:00:01 [[32minfo[39m]  Tool registered: npc_service - NPC Service (v1.0.0)
02:00:01 [[32minfo[39m]  Tool registered: dialogue_service - Dialogue Service (v1.0.0)
02:00:01 [[32minfo[39m]  Tool registered: quest_service - Quest Service (v1.0.0)
02:00:01 [[32minfo[39m]  Tool registered: challenge_service - Challenge Service (v1.0.0)
02:00:01 [[32minfo[39m]  Tool registered: event_service - Event Service (v1.0.0)
02:00:01 [[32minfo[39m]  Tool registered: story_service - Story Service (v1.0.0)
02:00:01 [[32minfo[39m]  Tool registered: game_init_service - Game Init Service (v2.0.0)
02:00:01 [[32minfo[39m]  Tool registered: batch_query_service - Batch Query Service (v1.0.0)
02:00:01 [[32minfo[39m]  Tool registered: entity_graph_service - Entity Graph Service (v1.0.0)
02:00:01 [[32minfo[39m]  Tool registered: template_pool_service - Template Pool Service (v1.0.0)
02:00:01 [[32minfo[39m]  Tool registered: dynamic_ui - Dynamic UI Service (v1.0.0)
02:00:01 [[32minfo[39m]  Tool registered: generate_options - Generate Options Service (v2.0.0)
02:00:01 [[32minfo[39m]  Tool registered: coordinator_service - Coordinator Service (v1.0.0)
02:00:01 [[32minfo[39m]  Tool registered: rule_service - Rule Service (v1.0.0)
02:00:01 [[32minfo[39m]  Tool registered: skill_loader - Skill Loader (v1.0.0)
02:00:01 [[32minfo[39m]  Tool registered: help_service - Help Service (v1.0.0)
02:00:01 [[32minfo[39m]  Tool registered: memory_service - Memory Service (v1.0.0)
02:00:01 [[32minfo[39m]  Registered 23 ServiceTools to ToolRegistry
02:00:01 [[32minfo[39m]  Tool reference validation passed

[90mstdout[2m | src/game-systems/npc/__tests__/npc-batch-init.test.ts[22m[39m
馃И Setting up comprehensive test environment...
鉁?Database connected
Running migration: 001_init.ts
Migration 001_init.ts completed successfully
Running migration: 002_add_equipped_index.ts
Migration 002_add_equipped_index.ts completed successfully
Running migration: 003_fix_information_boundaries_timestamps.ts

[90mstdout[2m | src/game-systems/quest/__tests__/quest-fail-conditions.test.ts[22m[39m
馃И Setting up comprehensive test environment...
鉁?Database connected
Running migration: 001_init.ts

[90mstdout[2m | src/game-systems/npc/__tests__/npc-batch-init.test.ts[22m[39m
Migration 003_fix_information_boundaries_timestamps.ts completed successfully
Running migration: 004_drop_information_boundaries.ts

[90mstdout[2m | src/game-systems/npc/__tests__/npc-batch-init.test.ts[22m[39m
004_drop_information_boundaries: information_boundaries table not found, skipping migration
004_drop_information_boundaries: cleared custom_data.knowledge from 0 NPCs
Migration 004_drop_information_boundaries.ts completed successfully
Running migration: 005_drop_npc_relations.ts
005_drop_npc_relations: dropped npc_relations table
Migration 005_drop_npc_relations.ts completed successfully
Running migration: 006_awareness_relationship_events_states.ts

[90mstdout[2m | src/game-systems/npc/__tests__/npc-batch-init.test.ts[22m[39m
006: created entity_awareness_events table
006: created entity_awareness_states table
006: created entity_relationship_events table
006: created entity_relationship_states table
Migration 006_awareness_relationship_events_states.ts completed successfully
Running migration: 007_add_combat_mode.ts

[90mstdout[2m | src/routes/__tests__/agent.chat-select-option.test.ts[22m[39m
馃И Setting up comprehensive test environment...
鉁?Database connected
Running migration: 001_init.ts
Migration 001_init.ts completed successfully
Running migration: 002_add_equipped_index.ts

[90mstdout[2m | src/game-systems/npc/__tests__/npc-batch-init.test.ts[22m[39m
007: added combat_states.mode column
Migration 007_add_combat_mode.ts completed successfully
Running migration: 008_add_saves_active_challenge_mode.ts

[90mstdout[2m | src/routes/__tests__/agent.chat-select-option.test.ts[22m[39m
Migration 002_add_equipped_index.ts completed successfully
Running migration: 003_fix_information_boundaries_timestamps.ts
Migration 003_fix_information_boundaries_timestamps.ts completed successfully
Running migration: 004_drop_information_boundaries.ts
004_drop_information_boundaries: information_boundaries table not found, skipping migration
004_drop_information_boundaries: cleared custom_data.knowledge from 0 NPCs
Migration 004_drop_information_boundaries.ts completed successfully
Running migration: 005_drop_npc_relations.ts
005_drop_npc_relations: dropped npc_relations table
Migration 005_drop_npc_relations.ts completed successfully
Running migration: 006_awareness_relationship_events_states.ts

[90mstdout[2m | src/game-systems/quest/__tests__/quest-fail-conditions.test.ts[22m[39m
Migration 001_init.ts completed successfully
Running migration: 002_add_equipped_index.ts

[90mstdout[2m | src/game-systems/quest/__tests__/quest-fail-conditions.test.ts[22m[39m
Migration 002_add_equipped_index.ts completed successfully
Running migration: 003_fix_information_boundaries_timestamps.ts
Migration 003_fix_information_boundaries_timestamps.ts completed successfully
Running migration: 004_drop_information_boundaries.ts

[90mstdout[2m | src/game-systems/quest/__tests__/quest-fail-conditions.test.ts[22m[39m
004_drop_information_boundaries: information_boundaries table not found, skipping migration
004_drop_information_boundaries: cleared custom_data.knowledge from 0 NPCs
Migration 004_drop_information_boundaries.ts completed successfully
Running migration: 005_drop_npc_relations.ts

[90mstdout[2m | src/game-systems/quest/__tests__/quest-fail-conditions.test.ts[22m[39m
005_drop_npc_relations: dropped npc_relations table
Migration 005_drop_npc_relations.ts completed successfully
Running migration: 006_awareness_relationship_events_states.ts
006: created entity_awareness_events table
006: created entity_awareness_states table
006: created entity_relationship_events table
006: created entity_relationship_states table
Migration 006_awareness_relationship_events_states.ts completed successfully
Running migration: 007_add_combat_mode.ts

[90mstdout[2m | src/game-systems/quest/__tests__/quest-fail-conditions.test.ts[22m[39m
007: added combat_states.mode column
Migration 007_add_combat_mode.ts completed successfully
Running migration: 008_add_saves_active_challenge_mode.ts

[90mstdout[2m | src/agents/story/__tests__/StoryPostReactPipeline.perceptionHint.test.ts[22m[39m
馃И Setting up comprehensive test environment...
鉁?Database connected
Running migration: 001_init.ts

[90mstdout[2m | src/routes/__tests__/agent.chat-select-option.test.ts[22m[39m
006: created entity_awareness_events table
006: created entity_awareness_states table
006: created entity_relationship_events table
006: created entity_relationship_states table
Migration 006_awareness_relationship_events_states.ts completed successfully
Running migration: 007_add_combat_mode.ts
007: added combat_states.mode column
Migration 007_add_combat_mode.ts completed successfully
Running migration: 008_add_saves_active_challenge_mode.ts
008: added saves.active_challenge_mode column
Migration 008_add_saves_active_challenge_mode.ts completed successfully
All migrations completed
鉁?Migrations completed
All seeds completed
鉁?Seeds completed
02:00:01 [[32minfo[39m]  Starting YAML-driven Agent system initialization
02:00:01 [[32minfo[39m]  Seeding ModelConfigService from environment
02:00:01 [[32minfo[39m]  No DEEPSEEK_API_KEY env var found, skipping env seed
02:00:01 [[32minfo[39m]  Seeded provider from convict config {"providerType":"openai","providerId":"5338c4ac-4df4-4d72-a9a8-3b3823110f7b","model":"openrouter/free"}
02:00:01 [[32minfo[39m]  Creating LLMService with ModelConfigService
02:00:01 [[32minfo[39m]  Creating ContextService and DecisionLogService instances
02:00:01 [[32minfo[39m]  Initializing YAML-driven Agent profiles...
02:00:01 [[32minfo[39m]  Loading config from directory: C:\Users\super\Documents\trae_projects\AGG-main\packages\backend\config
02:00:01 [[32minfo[39m]  Loaded agent profile: fantasy_rpg
02:00:01 [[32minfo[39m]  Loaded agent profile: minimal_test
02:00:01 [[32minfo[39m]  Loaded 0 non-builtin profiles from database (0 builtin skipped, using YAML)
02:00:01 [[32minfo[39m]  Config loaded successfully: 2 profiles
02:00:01 [[32minfo[39m]  YAML config loaded successfully
02:00:01 [[32minfo[39m]  Context rules loaded {"agentCount":10}
02:00:01 [[32minfo[39m]  Default manifests loaded {"agentTypeCount":6,"manifestCount":8}
02:00:01 [[32minfo[39m]  Context rules file watcher started {"path":"C:\\Users\\super\\Documents\\trae_projects\\AGG-main\\packages\\backend\\config\\agent-context-rules.yaml"}
02:00:01 [[32minfo[39m]  Loaded 10 agent capabilities from YAML profiles
02:00:01 [[32minfo[39m]  ToolRegistry initialized
02:00:01 [[32minfo[39m]  Registering ServiceTools to ToolRegistry
02:00:01 [[32minfo[39m]  Tool registered: game_time_service - GameTime Service (v1.0.0)
02:00:01 [[32minfo[39m]  Tool registered: numerical_service - Numerical Service (v1.0.0)
02:00:01 [[32minfo[39m]  Tool registered: character_service - Character Service (v1.0.0)
02:00:01 [[32minfo[39m]  Tool registered: inventory_service - Inventory Service (v1.0.0)
02:00:01 [[32minfo[39m]  Tool registered: skill_service - Skill Service (v1.1.0)
02:00:01 [[32minfo[39m]  Tool registered: map_service - Map Service (v2.0.0)
02:00:01 [[32minfo[39m]  Tool registered: npc_service - NPC Service (v1.0.0)
02:00:01 [[32minfo[39m]  Tool registered: dialogue_service - Dialogue Service (v1.0.0)
02:00:01 [[32minfo[39m]  Tool registered: quest_service - Quest Service (v1.0.0)
02:00:01 [[32minfo[39m]  Tool registered: challenge_service - Challenge Service (v1.0.0)
02:00:01 [[32minfo[39m]  Tool registered: event_service - Event Service (v1.0.0)
02:00:01 [[32minfo[39m]  Tool registered: story_service - Story Service (v1.0.0)
02:00:01 [[32minfo[39m]  Tool registered: game_init_service - Game Init Service (v2.0.0)
02:00:01 [[32minfo[39m]  Tool registered: batch_query_service - Batch Query Service (v1.0.0)
02:00:01 [[32minfo[39m]  Tool registered: entity_graph_service - Entity Graph Service (v1.0.0)
02:00:01 [[32minfo[39m]  Tool registered: template_pool_service - Template Pool Service (v1.0.0)
02:00:01 [[32minfo[39m]  Tool registered: dynamic_ui - Dynamic UI Service (v1.0.0)
02:00:01 [[32minfo[39m]  Tool registered: generate_options - Generate Options Service (v2.0.0)
02:00:01 [[32minfo[39m]  Tool registered: coordinator_service - Coordinator Service (v1.0.0)
02:00:01 [[32minfo[39m]  Tool registered: rule_service - Rule Service (v1.0.0)
02:00:01 [[32minfo[39m]  Tool registered: skill_loader - Skill Loader (v1.0.0)
02:00:01 [[32minfo[39m]  Tool registered: help_service - Help Service (v1.0.0)
02:00:01 [[32minfo[39m]  Tool registered: memory_service - Memory Service (v1.0.0)
02:00:01 [[32minfo[39m]  Registered 23 ServiceTools to ToolRegistry
02:00:02 [[32minfo[39m]  Tool reference validation passed

[90mstdout[2m | src/game-systems/npc/__tests__/npc-batch-init.test.ts[22m[39m
008: added saves.active_challenge_mode column
Migration 008_add_saves_active_challenge_mode.ts completed successfully
All migrations completed
鉁?Migrations completed
All seeds completed
鉁?Seeds completed
02:00:01 [[32minfo[39m]  Starting YAML-driven Agent system initialization
02:00:01 [[32minfo[39m]  Seeding ModelConfigService from environment
02:00:01 [[32minfo[39m]  No DEEPSEEK_API_KEY env var found, skipping env seed
02:00:01 [[32minfo[39m]  Seeded provider from convict config {"providerType":"openai","providerId":"891856b4-a9cb-4f5f-b4df-41279969433b","model":"openrouter/free"}
02:00:01 [[32minfo[39m]  Creating LLMService with ModelConfigService
02:00:01 [[32minfo[39m]  Creating ContextService and DecisionLogService instances
02:00:01 [[32minfo[39m]  Initializing YAML-driven Agent profiles...
02:00:01 [[32minfo[39m]  Loading config from directory: C:\Users\super\Documents\trae_projects\AGG-main\packages\backend\config
02:00:01 [[32minfo[39m]  Loaded agent profile: fantasy_rpg
02:00:01 [[32minfo[39m]  Loaded agent profile: minimal_test
02:00:01 [[32minfo[39m]  Loaded 0 non-builtin profiles from database (0 builtin skipped, using YAML)
02:00:01 [[32minfo[39m]  Config loaded successfully: 2 profiles
02:00:01 [[32minfo[39m]  YAML config loaded successfully
02:00:01 [[32minfo[39m]  Context rules loaded {"agentCount":10}
02:00:01 [[32minfo[39m]  Default manifests loaded {"agentTypeCount":6,"manifestCount":8}
02:00:01 [[32minfo[39m]  Context rules file watcher started {"path":"C:\\Users\\super\\Documents\\trae_projects\\AGG-main\\packages\\backend\\config\\agent-context-rules.yaml"}
02:00:01 [[32minfo[39m]  Loaded 10 agent capabilities from YAML profiles
02:00:01 [[32minfo[39m]  ToolRegistry initialized
02:00:01 [[32minfo[39m]  Registering ServiceTools to ToolRegistry
02:00:01 [[32minfo[39m]  Tool registered: game_time_service - GameTime Service (v1.0.0)
02:00:01 [[32minfo[39m]  Tool registered: numerical_service - Numerical Service (v1.0.0)
02:00:01 [[32minfo[39m]  Tool registered: character_service - Character Service (v1.0.0)
02:00:01 [[32minfo[39m]  Tool registered: inventory_service - Inventory Service (v1.0.0)
02:00:01 [[32minfo[39m]  Tool registered: skill_service - Skill Service (v1.1.0)
02:00:01 [[32minfo[39m]  Tool registered: map_service - Map Service (v2.0.0)
02:00:01 [[32minfo[39m]  Tool registered: npc_service - NPC Service (v1.0.0)
02:00:01 [[32minfo[39m]  Tool registered: dialogue_service - Dialogue Service (v1.0.0)
02:00:01 [[32minfo[39m]  Tool registered: quest_service - Quest Service (v1.0.0)
02:00:01 [[32minfo[39m]  Tool registered: challenge_service - Challenge Service (v1.0.0)
02:00:01 [[32minfo[39m]  Tool registered: event_service - Event Service (v1.0.0)
02:00:01 [[32minfo[39m]  Tool registered: story_service - Story Service (v1.0.0)
02:00:01 [[32minfo[39m]  Tool registered: game_init_service - Game Init Service (v2.0.0)
02:00:01 [[32minfo[39m]  Tool registered: batch_query_service - Batch Query Service (v1.0.0)
02:00:01 [[32minfo[39m]  Tool registered: entity_graph_service - Entity Graph Service (v1.0.0)
02:00:01 [[32minfo[39m]  Tool registered: template_pool_service - Template Pool Service (v1.0.0)
02:00:01 [[32minfo[39m]  Tool registered: dynamic_ui - Dynamic UI Service (v1.0.0)
02:00:01 [[32minfo[39m]  Tool registered: generate_options - Generate Options Service (v2.0.0)
02:00:01 [[32minfo[39m]  Tool registered: coordinator_service - Coordinator Service (v1.0.0)
02:00:01 [[32minfo[39m]  Tool registered: rule_service - Rule Service (v1.0.0)
02:00:01 [[32minfo[39m]  Tool registered: skill_loader - Skill Loader (v1.0.0)
02:00:01 [[32minfo[39m]  Tool registered: help_service - Help Service (v1.0.0)
02:00:01 [[32minfo[39m]  Tool registered: memory_service - Memory Service (v1.0.0)
02:00:01 [[32minfo[39m]  Registered 23 ServiceTools to ToolRegistry
02:00:02 [[32minfo[39m]  Tool reference validation passed

[90mstdout[2m | src/agents/story/__tests__/StoryPostReactPipeline.perceptionHint.test.ts[22m[39m
Migration 001_init.ts completed successfully
Running migration: 002_add_equipped_index.ts
Migration 002_add_equipped_index.ts completed successfully
Running migration: 003_fix_information_boundaries_timestamps.ts
Migration 003_fix_information_boundaries_timestamps.ts completed successfully
Running migration: 004_drop_information_boundaries.ts
004_drop_information_boundaries: information_boundaries table not found, skipping migration
004_drop_information_boundaries: cleared custom_data.knowledge from 0 NPCs
Migration 004_drop_information_boundaries.ts completed successfully
Running migration: 005_drop_npc_relations.ts

[90mstdout[2m | src/routes/__tests__/agent.chat-select-option.test.ts[22m[39m
02:00:02 [[32minfo[39m]  Discovered 187 help files {"dir":"C:\\Users\\super\\Documents\\trae_projects\\AGG-main\\packages\\backend\\config\\agent-help"}

[90mstdout[2m | src/services/__tests__/DevModeService.test.ts[22m[39m
02:00:02 [[32minfo[39m]  Discovered 187 help files {"dir":"C:\\Users\\super\\Documents\\trae_projects\\AGG-main\\packages\\backend\\config\\agent-help"}

[90mstdout[2m | src/game-systems/quest/__tests__/quest-fail-conditions.test.ts[22m[39m
008: added saves.active_challenge_mode column
Migration 008_add_saves_active_challenge_mode.ts completed successfully
All migrations completed
鉁?Migrations completed
All seeds completed
鉁?Seeds completed
02:00:01 [[32minfo[39m]  Starting YAML-driven Agent system initialization
02:00:01 [[32minfo[39m]  Seeding ModelConfigService from environment
02:00:01 [[32minfo[39m]  No DEEPSEEK_API_KEY env var found, skipping env seed
02:00:02 [[32minfo[39m]  Seeded provider from convict config {"providerType":"openai","providerId":"963fa90a-1521-4667-88bb-f61c52e318b2","model":"openrouter/free"}
02:00:02 [[32minfo[39m]  Creating LLMService with ModelConfigService
02:00:02 [[32minfo[39m]  Creating ContextService and DecisionLogService instances
02:00:02 [[32minfo[39m]  Initializing YAML-driven Agent profiles...
02:00:02 [[32minfo[39m]  Loading config from directory: C:\Users\super\Documents\trae_projects\AGG-main\packages\backend\config
02:00:02 [[32minfo[39m]  Loaded agent profile: fantasy_rpg
02:00:02 [[32minfo[39m]  Loaded agent profile: minimal_test
02:00:02 [[32minfo[39m]  Loaded 0 non-builtin profiles from database (0 builtin skipped, using YAML)
02:00:02 [[32minfo[39m]  Config loaded successfully: 2 profiles
02:00:02 [[32minfo[39m]  YAML config loaded successfully
02:00:02 [[32minfo[39m]  Context rules loaded {"agentCount":10}
02:00:02 [[32minfo[39m]  Default manifests loaded {"agentTypeCount":6,"manifestCount":8}
02:00:02 [[32minfo[39m]  Context rules file watcher started {"path":"C:\\Users\\super\\Documents\\trae_projects\\AGG-main\\packages\\backend\\config\\agent-context-rules.yaml"}
02:00:02 [[32minfo[39m]  Loaded 10 agent capabilities from YAML profiles
02:00:02 [[32minfo[39m]  ToolRegistry initialized
02:00:02 [[32minfo[39m]  Registering ServiceTools to ToolRegistry
02:00:02 [[32minfo[39m]  Tool registered: game_time_service - GameTime Service (v1.0.0)
02:00:02 [[32minfo[39m]  Tool registered: numerical_service - Numerical Service (v1.0.0)
02:00:02 [[32minfo[39m]  Tool registered: character_service - Character Service (v1.0.0)
02:00:02 [[32minfo[39m]  Tool registered: inventory_service - Inventory Service (v1.0.0)
02:00:02 [[32minfo[39m]  Tool registered: skill_service - Skill Service (v1.1.0)
02:00:02 [[32minfo[39m]  Tool registered: map_service - Map Service (v2.0.0)
02:00:02 [[32minfo[39m]  Tool registered: npc_service - NPC Service (v1.0.0)
02:00:02 [[32minfo[39m]  Tool registered: dialogue_service - Dialogue Service (v1.0.0)
02:00:02 [[32minfo[39m]  Tool registered: quest_service - Quest Service (v1.0.0)
02:00:02 [[32minfo[39m]  Tool registered: challenge_service - Challenge Service (v1.0.0)
02:00:02 [[32minfo[39m]  Tool registered: event_service - Event Service (v1.0.0)
02:00:02 [[32minfo[39m]  Tool registered: story_service - Story Service (v1.0.0)
02:00:02 [[32minfo[39m]  Tool registered: game_init_service - Game Init Service (v2.0.0)
02:00:02 [[32minfo[39m]  Tool registered: batch_query_service - Batch Query Service (v1.0.0)
02:00:02 [[32minfo[39m]  Tool registered: entity_graph_service - Entity Graph Service (v1.0.0)
02:00:02 [[32minfo[39m]  Tool registered: template_pool_service - Template Pool Service (v1.0.0)
02:00:02 [[32minfo[39m]  Tool registered: dynamic_ui - Dynamic UI Service (v1.0.0)
02:00:02 [[32minfo[39m]  Tool registered: generate_options - Generate Options Service (v2.0.0)
02:00:02 [[32minfo[39m]  Tool registered: coordinator_service - Coordinator Service (v1.0.0)
02:00:02 [[32minfo[39m]  Tool registered: rule_service - Rule Service (v1.0.0)
02:00:02 [[32minfo[39m]  Tool registered: skill_loader - Skill Loader (v1.0.0)
02:00:02 [[32minfo[39m]  Tool registered: help_service - Help Service (v1.0.0)
02:00:02 [[32minfo[39m]  Tool registered: memory_service - Memory Service (v1.0.0)
02:00:02 [[32minfo[39m]  Registered 23 ServiceTools to ToolRegistry
02:00:02 [[32minfo[39m]  Tool reference validation passed

[90mstdout[2m | src/agents/story/__tests__/StoryPostReactPipeline.perceptionHint.test.ts[22m[39m
005_drop_npc_relations: dropped npc_relations table
Migration 005_drop_npc_relations.ts completed successfully
Running migration: 006_awareness_relationship_events_states.ts
006: created entity_awareness_events table
006: created entity_awareness_states table
006: created entity_relationship_events table
006: created entity_relationship_states table
Migration 006_awareness_relationship_events_states.ts completed successfully
Running migration: 007_add_combat_mode.ts
007: added combat_states.mode column
Migration 007_add_combat_mode.ts completed successfully
Running migration: 008_add_saves_active_challenge_mode.ts
008: added saves.active_challenge_mode column
Migration 008_add_saves_active_challenge_mode.ts completed successfully
All migrations completed
鉁?Migrations completed
All seeds completed
鉁?Seeds completed
02:00:02 [[32minfo[39m]  Starting YAML-driven Agent system initialization
02:00:02 [[32minfo[39m]  Seeding ModelConfigService from environment
02:00:02 [[32minfo[39m]  No DEEPSEEK_API_KEY env var found, skipping env seed
02:00:02 [[32minfo[39m]  Seeded provider from convict config {"providerType":"openai","providerId":"7c1761e3-e954-4282-97ce-eb603bf092e8","model":"openrouter/free"}
02:00:02 [[32minfo[39m]  Creating LLMService with ModelConfigService
02:00:02 [[32minfo[39m]  Creating ContextService and DecisionLogService instances
02:00:02 [[32minfo[39m]  Initializing YAML-driven Agent profiles...
02:00:02 [[32minfo[39m]  Loading config from directory: C:\Users\super\Documents\trae_projects\AGG-main\packages\backend\config
02:00:02 [[32minfo[39m]  Loaded agent profile: fantasy_rpg
02:00:02 [[32minfo[39m]  Loaded agent profile: minimal_test
02:00:02 [[32minfo[39m]  Loaded 0 non-builtin profiles from database (0 builtin skipped, using YAML)
02:00:02 [[32minfo[39m]  Config loaded successfully: 2 profiles
02:00:02 [[32minfo[39m]  YAML config loaded successfully
02:00:02 [[32minfo[39m]  Context rules loaded {"agentCount":10}
02:00:02 [[32minfo[39m]  Default manifests loaded {"agentTypeCount":6,"manifestCount":8}
02:00:02 [[32minfo[39m]  Context rules file watcher started {"path":"C:\\Users\\super\\Documents\\trae_projects\\AGG-main\\packages\\backend\\config\\agent-context-rules.yaml"}
02:00:02 [[32minfo[39m]  Loaded 10 agent capabilities from YAML profiles
02:00:02 [[32minfo[39m]  ToolRegistry initialized
02:00:02 [[32minfo[39m]  Registering ServiceTools to ToolRegistry
02:00:02 [[32minfo[39m]  Tool registered: game_time_service - GameTime Service (v1.0.0)
02:00:02 [[32minfo[39m]  Tool registered: numerical_service - Numerical Service (v1.0.0)
02:00:02 [[32minfo[39m]  Tool registered: character_service - Character Service (v1.0.0)
02:00:02 [[32minfo[39m]  Tool registered: inventory_service - Inventory Service (v1.0.0)
02:00:02 [[32minfo[39m]  Tool registered: skill_service - Skill Service (v1.1.0)
02:00:02 [[32minfo[39m]  Tool registered: map_service - Map Service (v2.0.0)
02:00:02 [[32minfo[39m]  Tool registered: npc_service - NPC Service (v1.0.0)
02:00:02 [[32minfo[39m]  Tool registered: dialogue_service - Dialogue Service (v1.0.0)
02:00:02 [[32minfo[39m]  Tool registered: quest_service - Quest Service (v1.0.0)
02:00:02 [[32minfo[39m]  Tool registered: challenge_service - Challenge Service (v1.0.0)
02:00:02 [[32minfo[39m]  Tool registered: event_service - Event Service (v1.0.0)
02:00:02 [[32minfo[39m]  Tool registered: story_service - Story Service (v1.0.0)
02:00:02 [[32minfo[39m]  Tool registered: game_init_service - Game Init Service (v2.0.0)
02:00:02 [[32minfo[39m]  Tool registered: batch_query_service - Batch Query Service (v1.0.0)
02:00:02 [[32minfo[39m]  Tool registered: entity_graph_service - Entity Graph Service (v1.0.0)
02:00:02 [[32minfo[39m]  Tool registered: template_pool_service - Template Pool Service (v1.0.0)
02:00:02 [[32minfo[39m]  Tool registered: dynamic_ui - Dynamic UI Service (v1.0.0)
02:00:02 [[32minfo[39m]  Tool registered: generate_options - Generate Options Service (v2.0.0)
02:00:02 [[32minfo[39m]  Tool registered: coordinator_service - Coordinator Service (v1.0.0)
02:00:02 [[32minfo[39m]  Tool registered: rule_service - Rule Service (v1.0.0)
02:00:02 [[32minfo[39m]  Tool registered: skill_loader - Skill Loader (v1.0.0)
02:00:02 [[32minfo[39m]  Tool registered: help_service - Help Service (v1.0.0)
02:00:02 [[32minfo[39m]  Tool registered: memory_service - Memory Service (v1.0.0)
02:00:02 [[32minfo[39m]  Registered 23 ServiceTools to ToolRegistry
02:00:02 [[32minfo[39m]  Tool reference validation passed

[90mstdout[2m | src/agents/story/__tests__/StoryPostReactPipeline.perceptionHint.test.ts[22m[39m
02:00:02 [[32minfo[39m]  Discovered 187 help files {"dir":"C:\\Users\\super\\Documents\\trae_projects\\AGG-main\\packages\\backend\\config\\agent-help"}

[90mstdout[2m | src/game-systems/npc/__tests__/npc-batch-init.test.ts[22m[39m
02:00:02 [[32minfo[39m]  Discovered 187 help files {"dir":"C:\\Users\\super\\Documents\\trae_projects\\AGG-main\\packages\\backend\\config\\agent-help"}

[90mstdout[2m | src/routes/__tests__/agent.chat-select-option.test.ts[22m[39m
02:00:02 [[32minfo[39m]  Help registry loaded: 22 tools {"tools":["batch_query_service","challenge_service","... (22 items)"]}
02:00:02 [[32minfo[39m]  Creating GameMasterAgent (as AgentRuntime with isSubAgent=false)
02:00:02 [[32minfo[39m]  Handler subscribed {"eventType":"dialogue"}
02:00:02 [[32minfo[39m]  Handler subscribed {"eventType":"combat_end"}
02:00:02 [[32minfo[39m]  AwarenessAutoSubscriber subscribed to dialogue + combat_end events
02:00:02 [[32minfo[39m]  Agent initialized: gamemaster - GameMasterAgent
02:00:02 [[32minfo[39m] [AGENT-START] Agent gamemaster starting {"agent":"gamemaster","provider":null,"toolsConfigured":1,"maxIterations":200,"isSubAgent":false}
02:00:02 [[32minfo[39m]  Handler subscribed {"eventType":"chapter_advanced"}
02:00:02 [[32minfo[39m]  Creating AgentRuntime instances from default profile: fantasy_rpg
02:00:02 [[32minfo[39m]  Creating agents from profile: fantasy_rpg {"agentCount":10}
02:00:02 [[32minfo[39m]  Agent initialized: gamemaster - GameMasterAgent
02:00:02 [[32minfo[39m] [AGENT-START] Agent gamemaster starting {"agent":"gamemaster","provider":null,"toolsConfigured":1,"maxIterations":200,"isSubAgent":false}
02:00:02 [[32minfo[39m]  Created AgentRuntime: gamemaster {"profile":"fantasy_rpg","tools":["all"]}
02:00:02 [[32minfo[39m]  Agent initialized: map - MapAgent
02:00:02 [[32minfo[39m] [AGENT-START] Agent map starting {"agent":"map","provider":null,"toolsConfigured":7,"maxIterations":200,"isSubAgent":true}
02:00:02 [[32minfo[39m]  Created AgentRuntime: map {"profile":"fantasy_rpg","tools":["map_service","npc_service","... (7 items)"]}
02:00:02 [[32minfo[39m]  Agent initialized: challenge - ChallengeAgent
02:00:02 [[32minfo[39m] [AGENT-START] Agent challenge starting {"agent":"challenge","provider":null,"toolsConfigured":9,"maxIterations":200,"isSubAgent":true}
02:00:02 [[32minfo[39m]  Created AgentRuntime: challenge {"profile":"fantasy_rpg","tools":["challenge_service","numerical_service","... (9 items)"]}
02:00:02 [[32minfo[39m]  Agent initialized: output - OutputAgent
02:00:02 [[32minfo[39m] [AGENT-START] Agent output starting {"agent":"output","provider":null,"toolsConfigured":5,"maxIterations":200,"isSubAgent":true}
02:00:02 [[32minfo[39m]  Created AgentRuntime: output {"profile":"fantasy_rpg","tools":["dialogue_service","dynamic_ui","... (5 items)"]}
02:00:02 [[32minfo[39m]  Agent initialized: quest - QuestAgent
02:00:02 [[32minfo[39m] [AGENT-START] Agent quest starting {"agent":"quest","provider":null,"toolsConfigured":11,"maxIterations":200,"isSubAgent":true}
02:00:02 [[32minfo[39m]  Created AgentRuntime: quest {"profile":"fantasy_rpg","tools":["quest_service","numerical_service","... (11 items)"]}
02:00:02 [[32minfo[39m]  Agent initialized: npc_party - NPCPartyAgent
02:00:02 [[32minfo[39m] [AGENT-START] Agent npc_party starting {"agent":"npc_party","provider":null,"toolsConfigured":9,"maxIterations":200,"isSubAgent":true}
02:00:02 [[32minfo[39m]  Created AgentRuntime: npc_party {"profile":"fantasy_rpg","tools":["npc_service","entity_graph_service","... (9 items)"]}
02:00:02 [[32minfo[39m]  Agent initialized: inventory - InventoryAgent
02:00:02 [[32minfo[39m] [AGENT-START] Agent inventory starting {"agent":"inventory","provider":null,"toolsConfigured":8,"maxIterations":200,"isSubAgent":true}
02:00:02 [[32minfo[39m]  Created AgentRuntime: inventory {"profile":"fantasy_rpg","tools":["inventory_service","template_pool_service","... (8 items)"]}
02:00:02 [[32minfo[39m]  Agent initialized: skill - SkillAgent
02:00:02 [[32minfo[39m] [AGENT-START] Agent skill starting {"agent":"skill","provider":null,"toolsConfigured":7,"maxIterations":200,"isSubAgent":true}
02:00:02 [[32minfo[39m]  Created AgentRuntime: skill {"profile":"fantasy_rpg","tools":["skill_service","template_pool_service","... (7 items)"]}
02:00:02 [[32minfo[39m]  Agent initialized: event - EventAgent
02:00:02 [[32minfo[39m] [AGENT-START] Agent event starting {"agent":"event","provider":null,"toolsConfigured":5,"maxIterations":200,"isSubAgent":true}
02:00:02 [[32minfo[39m]  Created AgentRuntime: event {"profile":"fantasy_rpg","tools":["event_service","game_time_service","... (5 items)"]}
02:00:02 [[32minfo[39m]  Agent initialized: time - TimeAgent
02:00:02 [[32minfo[39m] [AGENT-START] Agent time starting {"agent":"time","provider":null,"toolsConfigured":4,"maxIterations":200,"isSubAgent":true}
02:00:02 [[32minfo[39m]  Created AgentRuntime: time {"profile":"fantasy_rpg","tools":["game_time_service","rule_service","... (4 items)"]}
02:00:02 [[32minfo[39m]  Permissions configured from agent.tools for profile: fantasy_rpg
02:00:02 [[32minfo[39m]  YAML permissions configured
02:00:02 [[32minfo[39m]  Registering AgentRuntime instances to GameMasterAgent...
02:00:02 [[32minfo[39m]  Registered AgentRuntime to Coordinator: gamemaster
02:00:02 [[32minfo[39m]  Registered AgentRuntime to Coordinator: map
02:00:02 [[32minfo[39m]  Registered AgentRuntime to Coordinator: challenge
02:00:02 [[32minfo[39m]  Registered AgentRuntime to Coordinator: output
02:00:02 [[32minfo[39m]  Registered AgentRuntime to Coordinator: quest
02:00:02 [[32minfo[39m]  Registered AgentRuntime to Coordinator: npc_party
02:00:02 [[32minfo[39m]  Registered AgentRuntime to Coordinator: inventory
02:00:02 [[32minfo[39m]  Registered AgentRuntime to Coordinator: skill
02:00:02 [[32minfo[39m]  Registered AgentRuntime to Coordinator: event
02:00:02 [[32minfo[39m]  Registered AgentRuntime to Coordinator: time
02:00:02 [[32minfo[39m]  GameDataExpander configured (manifest path enabled)
02:00:02 [[32minfo[39m]  DedupService configured (dispatch log persistence enabled)
02:00:02 [[32minfo[39m]  Agent system initialized: 10 AgentRuntime instances created
鉁?Agent system initialized with 10 agents
鈿狅笍 YAML Agent system skipped: __vi_import_5__.initializeYamlAgentSystem is not a function
02:00:02 [[32minfo[39m]  Agent routes initialized
02:00:02 [[32minfo[39m]  Save routes initialized
02:00:02 [[32minfo[39m]  Synced template from YAML to DB: cthulhu-investigation
02:00:02 [[32minfo[39m]  Synced template from YAML to DB: cyberpunk-mercenary
02:00:02 [[32minfo[39m]  Synced template from YAML to DB: medieval-fantasy
02:00:02 [[32minfo[39m]  Synced template from YAML to DB: modern-romance
02:00:02 [[32minfo[39m]  Synced template from YAML to DB: xianxia
02:00:02 [[32minfo[39m]  Synced 5 templates from YAML to database
02:00:02 [[32minfo[39m]  Cache refreshed with 5 templates
02:00:02 [[32minfo[39m]  TemplateService loaded {"cachedTemplates":5}
鉁?Template YAML loaded and synced to DB
02:00:02 [[32minfo[39m]  Template routes initialized
鉁?Test environment setup complete

[90mstdout[2m | src/game-systems/quest/__tests__/quest-fail-conditions.test.ts[22m[39m
02:00:02 [[32minfo[39m]  Discovered 187 help files {"dir":"C:\\Users\\super\\Documents\\trae_projects\\AGG-main\\packages\\backend\\config\\agent-help"}

[90mstdout[2m | src/routes/__tests__/agent.chat-select-option.test.ts[2m > [22m[2mGame routes select_option[2m > [22m[2mPOST /chat 鍦?select_option 鏃跺簲鎻愬崌 optionId 涓虹粨鏋勫寲 playerAction.selectedOptionId[22m[39m
02:00:02 [[31merror[39m]  Game chat route error {"error":"Cannot read properties of undefined (reading 'getSave')"}
02:00:02 [[31merror[39m]  Error occurred: Cannot read properties of undefined (reading 'getSave') {"name":"TypeError"}

[90mstdout[2m | src/routes/__tests__/agent.chat-select-option.test.ts[2m > [22m[2mGame routes select_option[2m > [22m[2mPOST /chat 鍦?select_option 涓斿彧鎻愪緵椤跺眰 npcId 鏃跺簲鍥炲～缁撴瀯鍖?targetNpcId[22m[39m
02:00:02 [[31merror[39m]  Game chat route error {"error":"Cannot read properties of undefined (reading 'getSave')"}
02:00:02 [[31merror[39m]  Error occurred: Cannot read properties of undefined (reading 'getSave') {"name":"TypeError"}

[90mstdout[2m | src/routes/__tests__/agent.chat-select-option.test.ts[2m > [22m[2mGame routes select_option[2m > [22m[2mPOST /chat 鍦?select_option 缂哄皯鐩爣 NPC 鏃跺簲杩斿洖 400[22m[39m
02:00:02 [[31merror[39m]  Error occurred: [
  {
    "code": "custom",
    "path": [
      "playerAction",
      "targetNpcId"
    ],
    "message": "select_option 蹇呴』鎻愪緵鏄庣‘鐨勭洰鏍?NPC锛屼笉鑳戒粠 targetNpcIds 鑷姩鎺ㄦ柇"
  }
] {"name":"ZodError"}

[90mstdout[2m | src/routes/__tests__/agent.chat-select-option.test.ts[2m > [22m[2mGame routes select_option[2m > [22m[2mPOST /chat 鍦?select_option 缂哄皯 selectedOptionId 鏃跺簲杩斿洖 400[22m[39m
02:00:02 [[31merror[39m]  Error occurred: [
  {
    "code": "custom",
    "path": [
      "playerAction",
      "selectedOptionId"
    ],
    "message": "select_option 蹇呴』鎻愪緵 selectedOptionId"
  }
] {"name":"ZodError"}

[90mstdout[2m | src/routes/__tests__/agent.chat-select-option.test.ts[2m > [22m[2mGame routes select_option[2m > [22m[2mPOST /chat 鍦?select_option 鐨?selectedOptionId 涓虹┖鐧藉瓧绗︿覆鏃跺簲杩斿洖 400[22m[39m
02:00:02 [[31merror[39m]  Error occurred: [
  {
    "code": "custom",
    "path": [
      "playerAction",
      "selectedOptionId"
    ],
    "message": "select_option 蹇呴』鎻愪緵 selectedOptionId"
  }
] {"name":"ZodError"}

[90mstdout[2m | src/routes/__tests__/agent.chat-select-option.test.ts[2m > [22m[2mGame routes select_option[2m > [22m[2mPOST /chat 鍦?select_option 鏃跺簲寮哄埗褰掍竴 playerAction.type 涓?select_option[22m[39m
02:00:02 [[31merror[39m]  Game chat route error {"error":"Cannot read properties of undefined (reading 'getSave')"}
02:00:02 [[31merror[39m]  Error occurred: Cannot read properties of undefined (reading 'getSave') {"name":"TypeError"}

[90mstdout[2m | src/routes/__tests__/agent.chat-select-option.test.ts[22m[39m
鉁?Database connection closed

 [33m鉂?[39m src/routes/__tests__/agent.chat-select-option.test.ts [2m ([22m[2m6 tests[22m [2m|[22m [31m3 failed[39m[2m)[22m[33m 829[2mms[22m[39m
[31m   [33m鉂?[31m src/routes/__tests__/agent.chat-select-option.test.ts[2m > [22mGame routes select_option[2m > [22mPOST /chat 鍦?select_option 鏃跺簲鎻愬崌 optionId 涓虹粨鏋勫寲 playerAction.selectedOptionId[39m
[31m     鈫?expected 500 to be 200 // Object.is equality[39m
[31m   [33m鉂?[31m src/routes/__tests__/agent.chat-select-option.test.ts[2m > [22mGame routes select_option[2m > [22mPOST /chat 鍦?select_option 涓斿彧鎻愪緵椤跺眰 npcId 鏃跺簲鍥炲～缁撴瀯鍖?targetNpcId[39m
[31m     鈫?expected 500 to be 200 // Object.is equality[39m
[31m   [33m鉂?[31m src/routes/__tests__/agent.chat-select-option.test.ts[2m > [22mGame routes select_option[2m > [22mPOST /chat 鍦?select_option 鏃跺簲寮哄埗褰掍竴 playerAction.type 涓?select_option[39m
[31m     鈫?expected 500 to be 200 // Object.is equality[39m
[90mstdout[2m | src/agents/prompt/__tests__/blocks.test.ts[22m[39m
馃И Setting up comprehensive test environment...
鉁?Database connected
Running migration: 001_init.ts

[90mstdout[2m | src/game-systems/npc/__tests__/npc-duplicate-prevention.test.ts[2m > [22m[2mNPCService.createNPC 鍘婚噸闃叉姢[2m > [22m[2m璁捐鏂囨。 搂3 鐭╅樀 #6锛氬悓 saveId+name 宸插瓨鍦?鈫?澧為噺鏇存柊 + warnings[2m > [22m[2m宸插瓨鍦?鈫?杩斿洖 alreadyExists=true + warnings 鍚瓧娈电骇 diff[22m[39m
02:00:02 [[32minfo[39m]  NPC already exists, applying incremental update {"saveId":"save-001","existingId":"npc_鏉戦暱_1784177145648_1","existingName":"鏉戦暱鑹惧痉娓?}
02:00:02 [[32minfo[39m]  NPC incremental update applied {"saveId":"save-001","existingId":"npc_鏉戦暱_1784177145648_1","updatedFields":["role","locationId","description","level","customData.disposition"],"blockedFields":[]}

[90mstdout[2m | src/game-systems/npc/__tests__/npc-duplicate-prevention.test.ts[2m > [22m[2mNPCService.createNPC 鍘婚噸闃叉姢[2m > [22m[2m璁捐鏂囨。 搂3 鐭╅樀 #6锛氬悓 saveId+name 宸插瓨鍦?鈫?澧為噺鏇存柊 + warnings[2m > [22m[2m澧為噺鏇存柊 locationId锛堥€氳繃 mapService.resolveLocationId 瑙ｆ瀽 name 鈫?id锛?[22m[39m
02:00:02 [[32minfo[39m]  NPC already exists, applying incremental update {"saveId":"save-001","existingId":"npc_鏉戦暱_1784177145648_1","existingName":"鏉戦暱鑹惧痉娓?}
02:00:02 [[32minfo[39m]  NPC incremental update applied {"saveId":"save-001","existingId":"npc_鏉戦暱_1784177145648_1","updatedFields":["locationId","customData.disposition"],"blockedFields":[]}

[90mstdout[2m | src/game-systems/npc/__tests__/npc-duplicate-prevention.test.ts[2m > [22m[2mNPCService.createNPC 鍘婚噸闃叉姢[2m > [22m[2m璁捐鏂囨。 搂3 鐭╅樀 #6锛氬悓 saveId+name 宸插瓨鍦?鈫?澧為噺鏇存柊 + warnings[2m > [22m[2mcustomData 瀛楁锛坧ersonality/background/disposition锛夊彲澧為噺鏇存柊[22m[39m
02:00:02 [[32minfo[39m]  NPC already exists, applying incremental update {"saveId":"save-001","existingId":"npc_鏉戦暱_1784177145648_1","existingName":"鏉戦暱鑹惧痉娓?}
02:00:02 [[32minfo[39m]  NPC incremental update applied {"saveId":"save-001","existingId":"npc_鏉戦暱_1784177145648_1","updatedFields":["locationId","customData.personality","customData.background","customData.disposition"],"blockedFields":[]}

[90mstdout[2m | src/game-systems/npc/__tests__/npc-duplicate-prevention.test.ts[2m > [22m[2mNPCService.createNPC 鍘婚噸闃叉姢[2m > [22m[2m璁捐鏂囨。 搂3 鐭╅樀 #6锛氬悓 saveId+name 宸插瓨鍦?鈫?澧為噺鏇存柊 + warnings[2m > [22m[2m澧為噺鏇存柊 abilities锛坈ustomData 鍐呭瓧娈碉級[22m[39m
02:00:02 [[32minfo[39m]  NPC already exists, applying incremental update {"saveId":"save-001","existingId":"npc_鏉戦暱_1784177145648_1","existingName":"鏉戦暱鑹惧痉娓?}
02:00:02 [[32minfo[39m]  NPC incremental update applied {"saveId":"save-001","existingId":"npc_鏉戦暱_1784177145648_1","updatedFields":["locationId","customData.disposition","customData.abilities"],"blockedFields":[]}

[90mstdout[2m | src/game-systems/npc/__tests__/npc-duplicate-prevention.test.ts[2m > [22m[2mNPCService.createNPC 鍘婚噸闃叉姢[2m > [22m[2m璁捐鏂囨。 搂3 榛戝悕鍗曞瓧娈佃Е鍙戞彁绀?[2m > [22m[2m榛戝悕鍗曞瓧娈碉紙id/saveId/npcId/createdAt锛変笉琚鐩?[22m[39m
02:00:02 [[32minfo[39m]  NPC already exists, applying incremental update {"saveId":"save-001","existingId":"npc_original_1","existingName":"鏉戦暱鑹惧痉娓?}
02:00:02 [[32minfo[39m]  NPC incremental update applied {"saveId":"save-001","existingId":"npc_original_1","updatedFields":["locationId","description","customData.disposition"],"blockedFields":[]}

[90mstdout[2m | src/game-systems/npc/__tests__/npc-duplicate-prevention.test.ts[2m > [22m[2mNPCService.createNPC 鍘婚噸闃叉姢[2m > [22m[2m璁捐鏂囨。 搂3锛氫笉瀛樺湪 鈫?姝ｅ父鍒涘缓娴佺▼[2m > [22m[2mfindByName 杩斿洖 null 鈫?姝ｅ父鍒涘缓锛屾棤 alreadyExists[22m[39m
02:00:02 [[32minfo[39m]  NPC created via create_npc {"npcId":"npc_new_1","name":"鏂癗PC","role":"villager","locationId":"loc_resolved_1"}

[90mstdout[2m | src/game-systems/npc/__tests__/npc-duplicate-prevention.test.ts[2m > [22m[2mNPCService.createNPC 鍘婚噸闃叉姢[2m > [22m[2m璁捐鏂囨。 搂3锛氭棤瀛楁鍙樺寲[2m > [22m[2m杈撳叆涓?existing 涓€鑷?鈫?warnings 鎻愮ず"鏃犲瓧娈靛彉鍖?[22m[39m
02:00:02 [[32minfo[39m]  NPC already exists, applying incremental update {"saveId":"save-001","existingId":"npc_鏉戦暱_1784177145648_1","existingName":"鏉戦暱鑹惧痉娓?}
02:00:02 [[32minfo[39m]  NPC incremental update applied {"saveId":"save-001","existingId":"npc_鏉戦暱_1784177145648_1","updatedFields":["customData.disposition"],"blockedFields":[]}

 [32m鉁?[39m src/game-systems/npc/__tests__/npc-duplicate-prevention.test.ts [2m ([22m[2m7 tests[22m[2m)[22m[33m 2155[2mms[22m[39m
[90mstdout[2m | src/game-systems/npc/__tests__/npc-duplicate-prevention.test.ts[22m[39m
02:00:02 [[32minfo[39m]  Help registry loaded: 22 tools {"tools":["batch_query_service","challenge_service","... (22 items)"]}
02:00:02 [[32minfo[39m]  Creating GameMasterAgent (as AgentRuntime with isSubAgent=false)
02:00:02 [[32minfo[39m]  Handler subscribed {"eventType":"dialogue"}
02:00:02 [[32minfo[39m]  Handler subscribed {"eventType":"combat_end"}
02:00:02 [[32minfo[39m]  AwarenessAutoSubscriber subscribed to dialogue + combat_end events
02:00:02 [[32minfo[39m]  Agent initialized: gamemaster - GameMasterAgent
02:00:02 [[32minfo[39m] [AGENT-START] Agent gamemaster starting {"agent":"gamemaster","provider":null,"toolsConfigured":1,"maxIterations":200,"isSubAgent":false}
02:00:02 [[32minfo[39m]  Handler subscribed {"eventType":"chapter_advanced"}
02:00:02 [[32minfo[39m]  Creating AgentRuntime instances from default profile: fantasy_rpg
02:00:02 [[32minfo[39m]  Creating agents from profile: fantasy_rpg {"agentCount":10}
02:00:02 [[32minfo[39m]  Agent initialized: gamemaster - GameMasterAgent
02:00:02 [[32minfo[39m] [AGENT-START] Agent gamemaster starting {"agent":"gamemaster","provider":null,"toolsConfigured":1,"maxIterations":200,"isSubAgent":false}
02:00:02 [[32minfo[39m]  Created AgentRuntime: gamemaster {"profile":"fantasy_rpg","tools":["all"]}
02:00:02 [[32minfo[39m]  Agent initialized: map - MapAgent
02:00:02 [[32minfo[39m] [AGENT-START] Agent map starting {"agent":"map","provider":null,"toolsConfigured":7,"maxIterations":200,"isSubAgent":true}
02:00:02 [[32minfo[39m]  Created AgentRuntime: map {"profile":"fantasy_rpg","tools":["map_service","npc_service","... (7 items)"]}
02:00:02 [[32minfo[39m]  Agent initialized: challenge - ChallengeAgent
02:00:02 [[32minfo[39m] [AGENT-START] Agent challenge starting {"agent":"challenge","provider":null,"toolsConfigured":9,"maxIterations":200,"isSubAgent":true}
02:00:02 [[32minfo[39m]  Created AgentRuntime: challenge {"profile":"fantasy_rpg","tools":["challenge_service","numerical_service","... (9 items)"]}
02:00:02 [[32minfo[39m]  Agent initialized: output - OutputAgent
02:00:02 [[32minfo[39m] [AGENT-START] Agent output starting {"agent":"output","provider":null,"toolsConfigured":5,"maxIterations":200,"isSubAgent":true}
02:00:02 [[32minfo[39m]  Created AgentRuntime: output {"profile":"fantasy_rpg","tools":["dialogue_service","dynamic_ui","... (5 items)"]}
02:00:02 [[32minfo[39m]  Agent initialized: quest - QuestAgent
02:00:02 [[32minfo[39m] [AGENT-START] Agent quest starting {"agent":"quest","provider":null,"toolsConfigured":11,"maxIterations":200,"isSubAgent":true}
02:00:02 [[32minfo[39m]  Created AgentRuntime: quest {"profile":"fantasy_rpg","tools":["quest_service","numerical_service","... (11 items)"]}
02:00:02 [[32minfo[39m]  Agent initialized: npc_party - NPCPartyAgent
02:00:02 [[32minfo[39m] [AGENT-START] Agent npc_party starting {"agent":"npc_party","provider":null,"toolsConfigured":9,"maxIterations":200,"isSubAgent":true}
02:00:02 [[32minfo[39m]  Created AgentRuntime: npc_party {"profile":"fantasy_rpg","tools":["npc_service","entity_graph_service","... (9 items)"]}
02:00:02 [[32minfo[39m]  Agent initialized: inventory - InventoryAgent
02:00:02 [[32minfo[39m] [AGENT-START] Agent inventory starting {"agent":"inventory","provider":null,"toolsConfigured":8,"maxIterations":200,"isSubAgent":true}
02:00:02 [[32minfo[39m]  Created AgentRuntime: inventory {"profile":"fantasy_rpg","tools":["inventory_service","template_pool_service","... (8 items)"]}
02:00:02 [[32minfo[39m]  Agent initialized: skill - SkillAgent
02:00:02 [[32minfo[39m] [AGENT-START] Agent skill starting {"agent":"skill","provider":null,"toolsConfigured":7,"maxIterations":200,"isSubAgent":true}
02:00:02 [[32minfo[39m]  Created AgentRuntime: skill {"profile":"fantasy_rpg","tools":["skill_service","template_pool_service","... (7 items)"]}
02:00:02 [[32minfo[39m]  Agent initialized: event - EventAgent
02:00:02 [[32minfo[39m] [AGENT-START] Agent event starting {"agent":"event","provider":null,"toolsConfigured":5,"maxIterations":200,"isSubAgent":true}
02:00:02 [[32minfo[39m]  Created AgentRuntime: event {"profile":"fantasy_rpg","tools":["event_service","game_time_service","... (5 items)"]}
02:00:02 [[32minfo[39m]  Agent initialized: time - TimeAgent
02:00:02 [[32minfo[39m] [AGENT-START] Agent time starting {"agent":"time","provider":null,"toolsConfigured":4,"maxIterations":200,"isSubAgent":true}
02:00:02 [[32minfo[39m]  Created AgentRuntime: time {"profile":"fantasy_rpg","tools":["game_time_service","rule_service","... (4 items)"]}
02:00:02 [[32minfo[39m]  Permissions configured from agent.tools for profile: fantasy_rpg
02:00:02 [[32minfo[39m]  YAML permissions configured
02:00:02 [[32minfo[39m]  Registering AgentRuntime instances to GameMasterAgent...
02:00:02 [[32minfo[39m]  Registered AgentRuntime to Coordinator: gamemaster
02:00:02 [[32minfo[39m]  Registered AgentRuntime to Coordinator: map
02:00:02 [[32minfo[39m]  Registered AgentRuntime to Coordinator: challenge
02:00:02 [[32minfo[39m]  Registered AgentRuntime to Coordinator: output
02:00:02 [[32minfo[39m]  Registered AgentRuntime to Coordinator: quest
02:00:02 [[32minfo[39m]  Registered AgentRuntime to Coordinator: npc_party
02:00:02 [[32minfo[39m]  Registered AgentRuntime to Coordinator: inventory
02:00:02 [[32minfo[39m]  Registered AgentRuntime to Coordinator: skill
02:00:02 [[32minfo[39m]  Registered AgentRuntime to Coordinator: event
02:00:02 [[32minfo[39m]  Registered AgentRuntime to Coordinator: time
02:00:02 [[32minfo[39m]  GameDataExpander configured (manifest path enabled)
02:00:02 [[32minfo[39m]  DedupService configured (dispatch log persistence enabled)
02:00:02 [[32minfo[39m]  Agent system initialized: 10 AgentRuntime instances created
鉁?Agent system initialized with 10 agents
鈿狅笍 YAML Agent system skipped: __vi_import_5__.initializeYamlAgentSystem is not a function
02:00:02 [[32minfo[39m]  Agent routes initialized
02:00:02 [[32minfo[39m]  Save routes initialized
02:00:02 [[32minfo[39m]  Synced template from YAML to DB: cthulhu-investigation
02:00:02 [[32minfo[39m]  Synced template from YAML to DB: cyberpunk-mercenary
02:00:02 [[32minfo[39m]  Synced template from YAML to DB: medieval-fantasy
02:00:02 [[32minfo[39m]  Synced template from YAML to DB: modern-romance
02:00:02 [[32minfo[39m]  Synced template from YAML to DB: xianxia
02:00:02 [[32minfo[39m]  Synced 5 templates from YAML to database
02:00:02 [[32minfo[39m]  Cache refreshed with 5 templates
02:00:02 [[32minfo[39m]  TemplateService loaded {"cachedTemplates":5}
鉁?Template YAML loaded and synced to DB
02:00:02 [[32minfo[39m]  Template routes initialized
鉁?Test environment setup complete
鉁?Database connection closed

[90mstdout[2m | src/agents/prompt/__tests__/blocks.test.ts[22m[39m
Migration 001_init.ts completed successfully
Running migration: 002_add_equipped_index.ts

[90mstdout[2m | src/agents/prompt/__tests__/blocks.test.ts[22m[39m
Migration 002_add_equipped_index.ts completed successfully
Running migration: 003_fix_information_boundaries_timestamps.ts

[90mstdout[2m | src/agents/prompt/__tests__/blocks.test.ts[22m[39m
Migration 003_fix_information_boundaries_timestamps.ts completed successfully
Running migration: 004_drop_information_boundaries.ts

[90mstdout[2m | src/agents/prompt/__tests__/blocks.test.ts[22m[39m
004_drop_information_boundaries: information_boundaries table not found, skipping migration
004_drop_information_boundaries: cleared custom_data.knowledge from 0 NPCs
Migration 004_drop_information_boundaries.ts completed successfully
Running migration: 005_drop_npc_relations.ts

[90mstdout[2m | src/agents/prompt/__tests__/blocks.test.ts[22m[39m
005_drop_npc_relations: dropped npc_relations table
Migration 005_drop_npc_relations.ts completed successfully
Running migration: 006_awareness_relationship_events_states.ts
006: created entity_awareness_events table
006: created entity_awareness_states table
006: created entity_relationship_events table
006: created entity_relationship_states table
Migration 006_awareness_relationship_events_states.ts completed successfully
Running migration: 007_add_combat_mode.ts

[90mstdout[2m | src/agents/prompt/__tests__/blocks.test.ts[22m[39m
007: added combat_states.mode column
Migration 007_add_combat_mode.ts completed successfully
Running migration: 008_add_saves_active_challenge_mode.ts

[90mstdout[2m | src/agents/coordinator/__tests__/risk-gate.test.ts[2m > [22m[2mRiskGate[2m > [22m[2mlow risk scenarios[2m > [22m[2mreturns low risk when all conditions are safe[22m[39m
02:00:02 [[32minfo[39m]  RiskGate: low risk, skipping Reviewer

[90mstdout[2m | src/agents/coordinator/__tests__/risk-gate.test.ts[2m > [22m[2mRiskGate[2m > [22m[2mlow risk scenarios[2m > [22m[2mreturns low risk with single agent write operation[22m[39m
02:00:02 [[32minfo[39m]  RiskGate: low risk, skipping Reviewer

[90mstdout[2m | src/agents/coordinator/__tests__/risk-gate.test.ts[2m > [22m[2mRiskGate[2m > [22m[2mlow risk scenarios[2m > [22m[2mreturns low risk with zero tool failure rate[22m[39m
02:00:02 [[32minfo[39m]  RiskGate: low risk, skipping Reviewer

[90mstdout[2m | src/agents/coordinator/__tests__/risk-gate.test.ts[2m > [22m[2mRiskGate[2m > [22m[2mhigh risk: cross-agent write conflict[2m > [22m[2mreturns high risk when multiple agents write the same entity[22m[39m
02:00:02 [[32minfo[39m]  RiskGate: high risk, entering Reviewer {"reasons":["cross_agent_write_conflict"]}

[90mstdout[2m | src/agents/coordinator/__tests__/risk-gate.test.ts[2m > [22m[2mRiskGate[2m > [22m[2mhigh risk: cross-agent write conflict[2m > [22m[2mreturns low risk when agents write different entities[22m[39m
02:00:02 [[32minfo[39m]  RiskGate: low risk, skipping Reviewer

[90mstdout[2m | src/agents/coordinator/__tests__/risk-gate.test.ts[2m > [22m[2mRiskGate[2m > [22m[2mhigh risk: needAgentRequests[2m > [22m[2mreturns high risk when needAgentRequests exist[22m[39m
02:00:02 [[32minfo[39m]  RiskGate: high risk, entering Reviewer {"reasons":["need_agent_requests"]}

[90mstdout[2m | src/agents/coordinator/__tests__/risk-gate.test.ts[2m > [22m[2mRiskGate[2m > [22m[2mhigh risk: dynamic UI needed[2m > [22m[2mreturns high risk when intent needs dynamic UI[22m[39m
02:00:02 [[32minfo[39m]  RiskGate: high risk, entering Reviewer {"reasons":["dynamic_ui_needed"]}

[90mstdout[2m | src/agents/coordinator/__tests__/risk-gate.test.ts[2m > [22m[2mRiskGate[2m > [22m[2mhigh risk: tool failure rate exceeds threshold[2m > [22m[2mreturns high risk when tool failure rate exceeds 50%[22m[39m
02:00:02 [[32minfo[39m]  RiskGate: high risk, entering Reviewer {"reasons":["tool_failure_rate_exceeded"]}

[90mstdout[2m | src/agents/coordinator/__tests__/risk-gate.test.ts[2m > [22m[2mRiskGate[2m > [22m[2mhigh risk: tool failure rate exceeds threshold[2m > [22m[2mreturns low risk when tool failure rate is at threshold boundary[22m[39m
02:00:02 [[32minfo[39m]  RiskGate: low risk, skipping Reviewer

[90mstdout[2m | src/agents/coordinator/__tests__/risk-gate.test.ts[2m > [22m[2mRiskGate[2m > [22m[2mhigh risk: tool failure rate exceeds threshold[2m > [22m[2mrespects custom tool failure threshold[22m[39m
02:00:02 [[32minfo[39m]  RiskGate: high risk, entering Reviewer {"reasons":["tool_failure_rate_exceeded"]}

[90mstdout[2m | src/agents/coordinator/__tests__/risk-gate.test.ts[2m > [22m[2mRiskGate[2m > [22m[2mhigh risk: execution failure[2m > [22m[2mreturns high risk when integratedResult.success is false[22m[39m
02:00:02 [[32minfo[39m]  RiskGate: high risk, entering Reviewer {"reasons":["execution_failed"]}

[90mstdout[2m | src/agents/coordinator/__tests__/risk-gate.test.ts[2m > [22m[2mRiskGate[2m > [22m[2mhigh risk: execution failure[2m > [22m[2mreturns high risk when needsFurtherProcessing is true[22m[39m
02:00:02 [[32minfo[39m]  RiskGate: high risk, entering Reviewer {"reasons":["needs_further_processing"]}

[90mstdout[2m | src/agents/coordinator/__tests__/risk-gate.test.ts[2m > [22m[2mRiskGate[2m > [22m[2mhigh risk: correction action[2m > [22m[2mreturns high risk when action is correct[22m[39m
02:00:02 [[32minfo[39m]  RiskGate: high risk, entering Reviewer {"reasons":["correction_action"]}

[90mstdout[2m | src/agents/coordinator/__tests__/risk-gate.test.ts[2m > [22m[2mRiskGate[2m > [22m[2mhigh risk: second layer schedule[2m > [22m[2mreturns high risk when reactIterations > 1[22m[39m
02:00:02 [[32minfo[39m]  RiskGate: high risk, entering Reviewer {"reasons":["second_layer_schedule"]}

[90mstdout[2m | src/agents/coordinator/__tests__/risk-gate.test.ts[2m > [22m[2mRiskGate[2m > [22m[2mmultiple risk factors[2m > [22m[2maccumulates all risk reasons[22m[39m
02:00:02 [[32minfo[39m]  RiskGate: high risk, entering Reviewer {"reasons":["need_agent_requests","execution_failed","needs_further_processing","second_layer_schedule"]}

[90mstdout[2m | src/agents/coordinator/__tests__/risk-gate.test.ts[2m > [22m[2mRiskGate[2m > [22m[2mconfig defaults[2m > [22m[2muses default config when no config provided[22m[39m
02:00:02 [[32minfo[39m]  RiskGate: low risk, skipping Reviewer

[90mstdout[2m | src/agents/coordinator/__tests__/risk-gate.test.ts[2m > [22m[2mRiskGate[2m > [22m[2mconfig defaults[2m > [22m[2mmerges partial config with defaults[22m[39m
02:00:02 [[32minfo[39m]  RiskGate: high risk, entering Reviewer {"reasons":["tool_failure_rate_exceeded"]}

[90mstdout[2m | src/agents/coordinator/__tests__/risk-gate.test.ts[22m[39m
02:00:02 [[32minfo[39m]  Help registry loaded: 22 tools {"tools":["batch_query_service","challenge_service","... (22 items)"]}
02:00:02 [[32minfo[39m]  Creating GameMasterAgent (as AgentRuntime with isSubAgent=false)
02:00:02 [[32minfo[39m]  Handler subscribed {"eventType":"dialogue"}
02:00:02 [[32minfo[39m]  Handler subscribed {"eventType":"combat_end"}
02:00:02 [[32minfo[39m]  AwarenessAutoSubscriber subscribed to dialogue + combat_end events
02:00:02 [[32minfo[39m]  Agent initialized: gamemaster - GameMasterAgent
02:00:02 [[32minfo[39m] [AGENT-START] Agent gamemaster starting {"agent":"gamemaster","provider":null,"toolsConfigured":1,"maxIterations":200,"isSubAgent":false}
02:00:02 [[32minfo[39m]  Handler subscribed {"eventType":"chapter_advanced"}
02:00:02 [[32minfo[39m]  Creating AgentRuntime instances from default profile: fantasy_rpg
02:00:02 [[32minfo[39m]  Creating agents from profile: fantasy_rpg {"agentCount":10}
02:00:02 [[32minfo[39m]  Agent initialized: gamemaster - GameMasterAgent
02:00:02 [[32minfo[39m] [AGENT-START] Agent gamemaster starting {"agent":"gamemaster","provider":null,"toolsConfigured":1,"maxIterations":200,"isSubAgent":false}
02:00:02 [[32minfo[39m]  Created AgentRuntime: gamemaster {"profile":"fantasy_rpg","tools":["all"]}
02:00:02 [[32minfo[39m]  Agent initialized: map - MapAgent
02:00:02 [[32minfo[39m] [AGENT-START] Agent map starting {"agent":"map","provider":null,"toolsConfigured":7,"maxIterations":200,"isSubAgent":true}
02:00:02 [[32minfo[39m]  Created AgentRuntime: map {"profile":"fantasy_rpg","tools":["map_service","npc_service","... (7 items)"]}
02:00:02 [[32minfo[39m]  Agent initialized: challenge - ChallengeAgent
02:00:02 [[32minfo[39m] [AGENT-START] Agent challenge starting {"agent":"challenge","provider":null,"toolsConfigured":9,"maxIterations":200,"isSubAgent":true}
02:00:02 [[32minfo[39m]  Created AgentRuntime: challenge {"profile":"fantasy_rpg","tools":["challenge_service","numerical_service","... (9 items)"]}
02:00:02 [[32minfo[39m]  Agent initialized: output - OutputAgent
02:00:02 [[32minfo[39m] [AGENT-START] Agent output starting {"agent":"output","provider":null,"toolsConfigured":5,"maxIterations":200,"isSubAgent":true}
02:00:02 [[32minfo[39m]  Created AgentRuntime: output {"profile":"fantasy_rpg","tools":["dialogue_service","dynamic_ui","... (5 items)"]}
02:00:02 [[32minfo[39m]  Agent initialized: quest - QuestAgent
02:00:02 [[32minfo[39m] [AGENT-START] Agent quest starting {"agent":"quest","provider":null,"toolsConfigured":11,"maxIterations":200,"isSubAgent":true}
02:00:02 [[32minfo[39m]  Created AgentRuntime: quest {"profile":"fantasy_rpg","tools":["quest_service","numerical_service","... (11 items)"]}
02:00:02 [[32minfo[39m]  Agent initialized: npc_party - NPCPartyAgent
02:00:02 [[32minfo[39m] [AGENT-START] Agent npc_party starting {"agent":"npc_party","provider":null,"toolsConfigured":9,"maxIterations":200,"isSubAgent":true}
02:00:02 [[32minfo[39m]  Created AgentRuntime: npc_party {"profile":"fantasy_rpg","tools":["npc_service","entity_graph_service","... (9 items)"]}
02:00:02 [[32minfo[39m]  Agent initialized: inventory - InventoryAgent
02:00:02 [[32minfo[39m] [AGENT-START] Agent inventory starting {"agent":"inventory","provider":null,"toolsConfigured":8,"maxIterations":200,"isSubAgent":true}
02:00:02 [[32minfo[39m]  Created AgentRuntime: inventory {"profile":"fantasy_rpg","tools":["inventory_service","template_pool_service","... (8 items)"]}
02:00:02 [[32minfo[39m]  Agent initialized: skill - SkillAgent
02:00:02 [[32minfo[39m] [AGENT-START] Agent skill starting {"agent":"skill","provider":null,"toolsConfigured":7,"maxIterations":200,"isSubAgent":true}
02:00:02 [[32minfo[39m]  Created AgentRuntime: skill {"profile":"fantasy_rpg","tools":["skill_service","template_pool_service","... (7 items)"]}
02:00:02 [[32minfo[39m]  Agent initialized: event - EventAgent
02:00:02 [[32minfo[39m] [AGENT-START] Agent event starting {"agent":"event","provider":null,"toolsConfigured":5,"maxIterations":200,"isSubAgent":true}
02:00:02 [[32minfo[39m]  Created AgentRuntime: event {"profile":"fantasy_rpg","tools":["event_service","game_time_service","... (5 items)"]}
02:00:02 [[32minfo[39m]  Agent initialized: time - TimeAgent
02:00:02 [[32minfo[39m] [AGENT-START] Agent time starting {"agent":"time","provider":null,"toolsConfigured":4,"maxIterations":200,"isSubAgent":true}
02:00:02 [[32minfo[39m]  Created AgentRuntime: time {"profile":"fantasy_rpg","tools":["game_time_service","rule_service","... (4 items)"]}
02:00:02 [[32minfo[39m]  Permissions configured from agent.tools for profile: fantasy_rpg
02:00:02 [[32minfo[39m]  YAML permissions configured
02:00:02 [[32minfo[39m]  Registering AgentRuntime instances to GameMasterAgent...
02:00:02 [[32minfo[39m]  Registered AgentRuntime to Coordinator: gamemaster
02:00:02 [[32minfo[39m]  Registered AgentRuntime to Coordinator: map
02:00:02 [[32minfo[39m]  Registered AgentRuntime to Coordinator: challenge
02:00:02 [[32minfo[39m]  Registered AgentRuntime to Coordinator: output
02:00:02 [[32minfo[39m]  Registered AgentRuntime to Coordinator: quest
02:00:02 [[32minfo[39m]  Registered AgentRuntime to Coordinator: npc_party
02:00:02 [[32minfo[39m]  Registered AgentRuntime to Coordinator: inventory
02:00:02 [[32minfo[39m]  Registered AgentRuntime to Coordinator: skill
02:00:02 [[32minfo[39m]  Registered AgentRuntime to Coordinator: event
02:00:02 [[32minfo[39m]  Registered AgentRuntime to Coordinator: time
02:00:02 [[32minfo[39m]  GameDataExpander configured (manifest path enabled)
02:00:02 [[32minfo[39m]  DedupService configured (dispatch log persistence enabled)
02:00:02 [[32minfo[39m]  Agent system initialized: 10 AgentRuntime instances created
鉁?Agent system initialized with 10 agents
鈿狅笍 YAML Agent system skipped: __vi_import_5__.initializeYamlAgentSystem is not a function
02:00:02 [[32minfo[39m]  Agent routes initialized
02:00:02 [[32minfo[39m]  Save routes initialized
02:00:02 [[32minfo[39m]  Synced template from YAML to DB: cthulhu-investigation
02:00:02 [[32minfo[39m]  Synced template from YAML to DB: cyberpunk-mercenary
02:00:02 [[32minfo[39m]  Synced template from YAML to DB: medieval-fantasy
02:00:02 [[32minfo[39m]  Synced template from YAML to DB: modern-romance
02:00:02 [[32minfo[39m]  Synced template from YAML to DB: xianxia
02:00:02 [[32minfo[39m]  Synced 5 templates from YAML to database
02:00:02 [[32minfo[39m]  Cache refreshed with 5 templates
02:00:02 [[32minfo[39m]  TemplateService loaded {"cachedTemplates":5}
鉁?Template YAML loaded and synced to DB
02:00:02 [[32minfo[39m]  Template routes initialized
鉁?Test environment setup complete
鉁?Database connection closed

 [32m鉁?[39m src/agents/coordinator/__tests__/risk-gate.test.ts [2m ([22m[2m19 tests[22m[2m)[22m[33m 2175[2mms[22m[39m
[90mstdout[2m | src/agents/prompt/__tests__/blocks.test.ts[22m[39m
008: added saves.active_challenge_mode column
Migration 008_add_saves_active_challenge_mode.ts completed successfully
All migrations completed
鉁?Migrations completed
All seeds completed
鉁?Seeds completed
02:00:02 [[32minfo[39m]  Starting YAML-driven Agent system initialization
02:00:02 [[32minfo[39m]  Seeding ModelConfigService from environment
02:00:02 [[32minfo[39m]  No DEEPSEEK_API_KEY env var found, skipping env seed
02:00:02 [[32minfo[39m]  Seeded provider from convict config {"providerType":"openai","providerId":"081a0a72-896f-4b56-b077-94c8d91c7f2b","model":"openrouter/free"}
02:00:02 [[32minfo[39m]  Creating LLMService with ModelConfigService
02:00:02 [[32minfo[39m]  Creating ContextService and DecisionLogService instances
02:00:02 [[32minfo[39m]  Initializing YAML-driven Agent profiles...
02:00:02 [[32minfo[39m]  Loading config from directory: C:\Users\super\Documents\trae_projects\AGG-main\packages\backend\config
02:00:02 [[32minfo[39m]  Loaded agent profile: fantasy_rpg
02:00:02 [[32minfo[39m]  Loaded agent profile: minimal_test
02:00:02 [[32minfo[39m]  Loaded 0 non-builtin profiles from database (0 builtin skipped, using YAML)
02:00:02 [[32minfo[39m]  Config loaded successfully: 2 profiles
02:00:02 [[32minfo[39m]  YAML config loaded successfully
02:00:02 [[32minfo[39m]  Context rules loaded {"agentCount":10}
02:00:02 [[32minfo[39m]  Default manifests loaded {"agentTypeCount":6,"manifestCount":8}
02:00:02 [[32minfo[39m]  Context rules file watcher started {"path":"C:\\Users\\super\\Documents\\trae_projects\\AGG-main\\packages\\backend\\config\\agent-context-rules.yaml"}
02:00:02 [[32minfo[39m]  Loaded 10 agent capabilities from YAML profiles
02:00:02 [[32minfo[39m]  ToolRegistry initialized
02:00:02 [[32minfo[39m]  Registering ServiceTools to ToolRegistry
02:00:02 [[32minfo[39m]  Tool registered: game_time_service - GameTime Service (v1.0.0)
02:00:02 [[32minfo[39m]  Tool registered: numerical_service - Numerical Service (v1.0.0)
02:00:02 [[32minfo[39m]  Tool registered: character_service - Character Service (v1.0.0)
02:00:02 [[32minfo[39m]  Tool registered: inventory_service - Inventory Service (v1.0.0)
02:00:02 [[32minfo[39m]  Tool registered: skill_service - Skill Service (v1.1.0)
02:00:02 [[32minfo[39m]  Tool registered: map_service - Map Service (v2.0.0)
02:00:02 [[32minfo[39m]  Tool registered: npc_service - NPC Service (v1.0.0)
02:00:02 [[32minfo[39m]  Tool registered: dialogue_service - Dialogue Service (v1.0.0)
02:00:02 [[32minfo[39m]  Tool registered: quest_service - Quest Service (v1.0.0)
02:00:02 [[32minfo[39m]  Tool registered: challenge_service - Challenge Service (v1.0.0)
02:00:02 [[32minfo[39m]  Tool registered: event_service - Event Service (v1.0.0)
02:00:02 [[32minfo[39m]  Tool registered: story_service - Story Service (v1.0.0)
02:00:02 [[32minfo[39m]  Tool registered: game_init_service - Game Init Service (v2.0.0)
02:00:02 [[32minfo[39m]  Tool registered: batch_query_service - Batch Query Service (v1.0.0)
02:00:02 [[32minfo[39m]  Tool registered: entity_graph_service - Entity Graph Service (v1.0.0)
02:00:02 [[32minfo[39m]  Tool registered: template_pool_service - Template Pool Service (v1.0.0)
02:00:02 [[32minfo[39m]  Tool registered: dynamic_ui - Dynamic UI Service (v1.0.0)
02:00:02 [[32minfo[39m]  Tool registered: generate_options - Generate Options Service (v2.0.0)
02:00:02 [[32minfo[39m]  Tool registered: coordinator_service - Coordinator Service (v1.0.0)
02:00:02 [[32minfo[39m]  Tool registered: rule_service - Rule Service (v1.0.0)
02:00:02 [[32minfo[39m]  Tool registered: skill_loader - Skill Loader (v1.0.0)
02:00:02 [[32minfo[39m]  Tool registered: help_service - Help Service (v1.0.0)
02:00:02 [[32minfo[39m]  Tool registered: memory_service - Memory Service (v1.0.0)
02:00:02 [[32minfo[39m]  Registered 23 ServiceTools to ToolRegistry
02:00:02 [[32minfo[39m]  Tool reference validation passed

[90mstdout[2m | src/routes/__tests__/dev-runtime-events.test.ts[22m[39m
馃И Setting up comprehensive test environment...
鉁?Database connected
Running migration: 001_init.ts

[90mstdout[2m | src/agents/story/__tests__/story-driving-integration.test.ts[22m[39m
02:00:02 [[32minfo[39m]  Help registry loaded: 22 tools {"tools":["batch_query_service","challenge_service","... (22 items)"]}
02:00:02 [[32minfo[39m]  Creating GameMasterAgent (as AgentRuntime with isSubAgent=false)
02:00:02 [[32minfo[39m]  Handler subscribed {"eventType":"dialogue"}
02:00:02 [[32minfo[39m]  Handler subscribed {"eventType":"combat_end"}
02:00:02 [[32minfo[39m]  AwarenessAutoSubscriber subscribed to dialogue + combat_end events
02:00:02 [[32minfo[39m]  Agent initialized: gamemaster - GameMasterAgent
02:00:02 [[32minfo[39m] [AGENT-START] Agent gamemaster starting {"agent":"gamemaster","provider":null,"toolsConfigured":1,"maxIterations":200,"isSubAgent":false}
02:00:02 [[32minfo[39m]  Handler subscribed {"eventType":"chapter_advanced"}
02:00:02 [[32minfo[39m]  Creating AgentRuntime instances from default profile: fantasy_rpg
02:00:02 [[32minfo[39m]  Creating agents from profile: fantasy_rpg {"agentCount":10}
02:00:02 [[32minfo[39m]  Agent initialized: gamemaster - GameMasterAgent
02:00:02 [[32minfo[39m] [AGENT-START] Agent gamemaster starting {"agent":"gamemaster","provider":null,"toolsConfigured":1,"maxIterations":200,"isSubAgent":false}
02:00:02 [[32minfo[39m]  Created AgentRuntime: gamemaster {"profile":"fantasy_rpg","tools":["all"]}
02:00:02 [[32minfo[39m]  Agent initialized: map - MapAgent
02:00:02 [[32minfo[39m] [AGENT-START] Agent map starting {"agent":"map","provider":null,"toolsConfigured":7,"maxIterations":200,"isSubAgent":true}
02:00:02 [[32minfo[39m]  Created AgentRuntime: map {"profile":"fantasy_rpg","tools":["map_service","npc_service","... (7 items)"]}
02:00:02 [[32minfo[39m]  Agent initialized: challenge - ChallengeAgent
02:00:02 [[32minfo[39m] [AGENT-START] Agent challenge starting {"agent":"challenge","provider":null,"toolsConfigured":9,"maxIterations":200,"isSubAgent":true}
02:00:02 [[32minfo[39m]  Created AgentRuntime: challenge {"profile":"fantasy_rpg","tools":["challenge_service","numerical_service","... (9 items)"]}
02:00:02 [[32minfo[39m]  Agent initialized: output - OutputAgent
02:00:02 [[32minfo[39m] [AGENT-START] Agent output starting {"agent":"output","provider":null,"toolsConfigured":5,"maxIterations":200,"isSubAgent":true}
02:00:02 [[32minfo[39m]  Created AgentRuntime: output {"profile":"fantasy_rpg","tools":["dialogue_service","dynamic_ui","... (5 items)"]}
02:00:02 [[32minfo[39m]  Agent initialized: quest - QuestAgent
02:00:02 [[32minfo[39m] [AGENT-START] Agent quest starting {"agent":"quest","provider":null,"toolsConfigured":11,"maxIterations":200,"isSubAgent":true}
02:00:02 [[32minfo[39m]  Created AgentRuntime: quest {"profile":"fantasy_rpg","tools":["quest_service","numerical_service","... (11 items)"]}
02:00:02 [[32minfo[39m]  Agent initialized: npc_party - NPCPartyAgent
02:00:02 [[32minfo[39m] [AGENT-START] Agent npc_party starting {"agent":"npc_party","provider":null,"toolsConfigured":9,"maxIterations":200,"isSubAgent":true}
02:00:02 [[32minfo[39m]  Created AgentRuntime: npc_party {"profile":"fantasy_rpg","tools":["npc_service","entity_graph_service","... (9 items)"]}
02:00:02 [[32minfo[39m]  Agent initialized: inventory - InventoryAgent
02:00:02 [[32minfo[39m] [AGENT-START] Agent inventory starting {"agent":"inventory","provider":null,"toolsConfigured":8,"maxIterations":200,"isSubAgent":true}
02:00:02 [[32minfo[39m]  Created AgentRuntime: inventory {"profile":"fantasy_rpg","tools":["inventory_service","template_pool_service","... (8 items)"]}
02:00:02 [[32minfo[39m]  Agent initialized: skill - SkillAgent
02:00:02 [[32minfo[39m] [AGENT-START] Agent skill starting {"agent":"skill","provider":null,"toolsConfigured":7,"maxIterations":200,"isSubAgent":true}
02:00:02 [[32minfo[39m]  Created AgentRuntime: skill {"profile":"fantasy_rpg","tools":["skill_service","template_pool_service","... (7 items)"]}
02:00:02 [[32minfo[39m]  Agent initialized: event - EventAgent
02:00:02 [[32minfo[39m] [AGENT-START] Agent event starting {"agent":"event","provider":null,"toolsConfigured":5,"maxIterations":200,"isSubAgent":true}
02:00:02 [[32minfo[39m]  Created AgentRuntime: event {"profile":"fantasy_rpg","tools":["event_service","game_time_service","... (5 items)"]}
02:00:02 [[32minfo[39m]  Agent initialized: time - TimeAgent
02:00:02 [[32minfo[39m] [AGENT-START] Agent time starting {"agent":"time","provider":null,"toolsConfigured":4,"maxIterations":200,"isSubAgent":true}
02:00:02 [[32minfo[39m]  Created AgentRuntime: time {"profile":"fantasy_rpg","tools":["game_time_service","rule_service","... (4 items)"]}
02:00:02 [[32minfo[39m]  Permissions configured from agent.tools for profile: fantasy_rpg
02:00:02 [[32minfo[39m]  YAML permissions configured
02:00:02 [[32minfo[39m]  Registering AgentRuntime instances to GameMasterAgent...
02:00:02 [[32minfo[39m]  Registered AgentRuntime to Coordinator: gamemaster
02:00:02 [[32minfo[39m]  Registered AgentRuntime to Coordinator: map
02:00:02 [[32minfo[39m]  Registered AgentRuntime to Coordinator: challenge
02:00:02 [[32minfo[39m]  Registered AgentRuntime to Coordinator: output
02:00:02 [[32minfo[39m]  Registered AgentRuntime to Coordinator: quest
02:00:02 [[32minfo[39m]  Registered AgentRuntime to Coordinator: npc_party
02:00:02 [[32minfo[39m]  Registered AgentRuntime to Coordinator: inventory
02:00:02 [[32minfo[39m]  Registered AgentRuntime to Coordinator: skill
02:00:02 [[32minfo[39m]  Registered AgentRuntime to Coordinator: event
02:00:02 [[32minfo[39m]  Registered AgentRuntime to Coordinator: time
02:00:02 [[32minfo[39m]  GameDataExpander configured (manifest path enabled)
02:00:02 [[32minfo[39m]  DedupService configured (dispatch log persistence enabled)
02:00:02 [[32minfo[39m]  Agent system initialized: 10 AgentRuntime instances created
鉁?Agent system initialized with 10 agents
鈿狅笍 YAML Agent system skipped: __vi_import_5__.initializeYamlAgentSystem is not a function
02:00:02 [[32minfo[39m]  Agent routes initialized
02:00:02 [[32minfo[39m]  Save routes initialized
02:00:02 [[32minfo[39m]  Synced template from YAML to DB: cthulhu-investigation
02:00:02 [[32minfo[39m]  Synced template from YAML to DB: cyberpunk-mercenary
02:00:02 [[32minfo[39m]  Synced template from YAML to DB: medieval-fantasy
02:00:02 [[32minfo[39m]  Synced template from YAML to DB: modern-romance
02:00:02 [[32minfo[39m]  Synced template from YAML to DB: xianxia
02:00:02 [[32minfo[39m]  Synced 5 templates from YAML to database
02:00:02 [[32minfo[39m]  Cache refreshed with 5 templates
02:00:02 [[32minfo[39m]  TemplateService loaded {"cachedTemplates":5}
鉁?Template YAML loaded and synced to DB
02:00:02 [[32minfo[39m]  Template routes initialized
鉁?Test environment setup complete
鉁?Database connection closed

 [32m鉁?[39m src/agents/story/__tests__/story-driving-integration.test.ts [2m ([22m[2m8 tests[22m[2m)[22m[33m 2582[2mms[22m[39m
[90mstdout[2m | src/agents/prompt/__tests__/blocks.test.ts[22m[39m
02:00:02 [[32minfo[39m]  Discovered 187 help files {"dir":"C:\\Users\\super\\Documents\\trae_projects\\AGG-main\\packages\\backend\\config\\agent-help"}

[90mstdout[2m | src/routes/__tests__/dev-runtime-events.test.ts[22m[39m
Migration 001_init.ts completed successfully
Running migration: 002_add_equipped_index.ts
Migration 002_add_equipped_index.ts completed successfully
Running migration: 003_fix_information_boundaries_timestamps.ts

[90mstdout[2m | src/routes/__tests__/dev-runtime-events.test.ts[22m[39m
Migration 003_fix_information_boundaries_timestamps.ts completed successfully
Running migration: 004_drop_information_boundaries.ts

[90mstdout[2m | src/routes/__tests__/dev-runtime-events.test.ts[22m[39m
004_drop_information_boundaries: information_boundaries table not found, skipping migration
004_drop_information_boundaries: cleared custom_data.knowledge from 0 NPCs
Migration 004_drop_information_boundaries.ts completed successfully
Running migration: 005_drop_npc_relations.ts
005_drop_npc_relations: dropped npc_relations table
Migration 005_drop_npc_relations.ts completed successfully
Running migration: 006_awareness_relationship_events_states.ts

[90mstdout[2m | src/routes/__tests__/dev-runtime-events.test.ts[22m[39m
006: created entity_awareness_events table
006: created entity_awareness_states table
006: created entity_relationship_events table
006: created entity_relationship_states table
Migration 006_awareness_relationship_events_states.ts completed successfully
Running migration: 007_add_combat_mode.ts
007: added combat_states.mode column
Migration 007_add_combat_mode.ts completed successfully
Running migration: 008_add_saves_active_challenge_mode.ts

[90mstdout[2m | src/services/__tests__/DevModeService.test.ts[22m[39m
02:00:02 [[32minfo[39m]  Help registry loaded: 22 tools {"tools":["batch_query_service","challenge_service","... (22 items)"]}
02:00:02 [[32minfo[39m]  Creating GameMasterAgent (as AgentRuntime with isSubAgent=false)
02:00:02 [[32minfo[39m]  Handler subscribed {"eventType":"dialogue"}
02:00:02 [[32minfo[39m]  Handler subscribed {"eventType":"combat_end"}
02:00:02 [[32minfo[39m]  AwarenessAutoSubscriber subscribed to dialogue + combat_end events
02:00:02 [[32minfo[39m]  Agent initialized: gamemaster - GameMasterAgent
02:00:02 [[32minfo[39m] [AGENT-START] Agent gamemaster starting {"agent":"gamemaster","provider":null,"toolsConfigured":1,"maxIterations":200,"isSubAgent":false}
02:00:02 [[32minfo[39m]  Handler subscribed {"eventType":"chapter_advanced"}
02:00:02 [[32minfo[39m]  Creating AgentRuntime instances from default profile: fantasy_rpg
02:00:02 [[32minfo[39m]  Creating agents from profile: fantasy_rpg {"agentCount":10}
02:00:02 [[32minfo[39m]  Agent initialized: gamemaster - GameMasterAgent
02:00:02 [[32minfo[39m] [AGENT-START] Agent gamemaster starting {"agent":"gamemaster","provider":null,"toolsConfigured":1,"maxIterations":200,"isSubAgent":false}
02:00:02 [[32minfo[39m]  Created AgentRuntime: gamemaster {"profile":"fantasy_rpg","tools":["all"]}
02:00:02 [[32minfo[39m]  Agent initialized: map - MapAgent
02:00:02 [[32minfo[39m] [AGENT-START] Agent map starting {"agent":"map","provider":null,"toolsConfigured":7,"maxIterations":200,"isSubAgent":true}
02:00:02 [[32minfo[39m]  Created AgentRuntime: map {"profile":"fantasy_rpg","tools":["map_service","npc_service","... (7 items)"]}
02:00:02 [[32minfo[39m]  Agent initialized: challenge - ChallengeAgent
02:00:02 [[32minfo[39m] [AGENT-START] Agent challenge starting {"agent":"challenge","provider":null,"toolsConfigured":9,"maxIterations":200,"isSubAgent":true}
02:00:02 [[32minfo[39m]  Created AgentRuntime: challenge {"profile":"fantasy_rpg","tools":["challenge_service","numerical_service","... (9 items)"]}
02:00:02 [[32minfo[39m]  Agent initialized: output - OutputAgent
02:00:02 [[32minfo[39m] [AGENT-START] Agent output starting {"agent":"output","provider":null,"toolsConfigured":5,"maxIterations":200,"isSubAgent":true}
02:00:02 [[32minfo[39m]  Created AgentRuntime: output {"profile":"fantasy_rpg","tools":["dialogue_service","dynamic_ui","... (5 items)"]}
02:00:02 [[32minfo[39m]  Agent initialized: quest - QuestAgent
02:00:02 [[32minfo[39m] [AGENT-START] Agent quest starting {"agent":"quest","provider":null,"toolsConfigured":11,"maxIterations":200,"isSubAgent":true}
02:00:02 [[32minfo[39m]  Created AgentRuntime: quest {"profile":"fantasy_rpg","tools":["quest_service","numerical_service","... (11 items)"]}
02:00:02 [[32minfo[39m]  Agent initialized: npc_party - NPCPartyAgent
02:00:02 [[32minfo[39m] [AGENT-START] Agent npc_party starting {"agent":"npc_party","provider":null,"toolsConfigured":9,"maxIterations":200,"isSubAgent":true}
02:00:02 [[32minfo[39m]  Created AgentRuntime: npc_party {"profile":"fantasy_rpg","tools":["npc_service","entity_graph_service","... (9 items)"]}
02:00:02 [[32minfo[39m]  Agent initialized: inventory - InventoryAgent
02:00:02 [[32minfo[39m] [AGENT-START] Agent inventory starting {"agent":"inventory","provider":null,"toolsConfigured":8,"maxIterations":200,"isSubAgent":true}
02:00:02 [[32minfo[39m]  Created AgentRuntime: inventory {"profile":"fantasy_rpg","tools":["inventory_service","template_pool_service","... (8 items)"]}
02:00:02 [[32minfo[39m]  Agent initialized: skill - SkillAgent
02:00:02 [[32minfo[39m] [AGENT-START] Agent skill starting {"agent":"skill","provider":null,"toolsConfigured":7,"maxIterations":200,"isSubAgent":true}
02:00:02 [[32minfo[39m]  Created AgentRuntime: skill {"profile":"fantasy_rpg","tools":["skill_service","template_pool_service","... (7 items)"]}
02:00:02 [[32minfo[39m]  Agent initialized: event - EventAgent
02:00:02 [[32minfo[39m] [AGENT-START] Agent event starting {"agent":"event","provider":null,"toolsConfigured":5,"maxIterations":200,"isSubAgent":true}
02:00:02 [[32minfo[39m]  Created AgentRuntime: event {"profile":"fantasy_rpg","tools":["event_service","game_time_service","... (5 items)"]}
02:00:02 [[32minfo[39m]  Agent initialized: time - TimeAgent
02:00:02 [[32minfo[39m] [AGENT-START] Agent time starting {"agent":"time","provider":null,"toolsConfigured":4,"maxIterations":200,"isSubAgent":true}
02:00:02 [[32minfo[39m]  Created AgentRuntime: time {"profile":"fantasy_rpg","tools":["game_time_service","rule_service","... (4 items)"]}
02:00:02 [[32minfo[39m]  Permissions configured from agent.tools for profile: fantasy_rpg
02:00:02 [[32minfo[39m]  YAML permissions configured
02:00:02 [[32minfo[39m]  Registering AgentRuntime instances to GameMasterAgent...
02:00:02 [[32minfo[39m]  Registered AgentRuntime to Coordinator: gamemaster
02:00:02 [[32minfo[39m]  Registered AgentRuntime to Coordinator: map
02:00:02 [[32minfo[39m]  Registered AgentRuntime to Coordinator: challenge
02:00:02 [[32minfo[39m]  Registered AgentRuntime to Coordinator: output
02:00:02 [[32minfo[39m]  Registered AgentRuntime to Coordinator: quest
02:00:02 [[32minfo[39m]  Registered AgentRuntime to Coordinator: npc_party
02:00:02 [[32minfo[39m]  Registered AgentRuntime to Coordinator: inventory
02:00:02 [[32minfo[39m]  Registered AgentRuntime to Coordinator: skill
02:00:02 [[32minfo[39m]  Registered AgentRuntime to Coordinator: event
02:00:02 [[32minfo[39m]  Registered AgentRuntime to Coordinator: time
02:00:02 [[32minfo[39m]  GameDataExpander configured (manifest path enabled)
02:00:02 [[32minfo[39m]  DedupService configured (dispatch log persistence enabled)
02:00:02 [[32minfo[39m]  Agent system initialized: 10 AgentRuntime instances created
鉁?Agent system initialized with 10 agents
鈿狅笍 YAML Agent system skipped: __vi_import_5__.initializeYamlAgentSystem is not a function
02:00:02 [[32minfo[39m]  Agent routes initialized
02:00:02 [[32minfo[39m]  Save routes initialized
02:00:02 [[32minfo[39m]  Synced template from YAML to DB: cthulhu-investigation
02:00:02 [[32minfo[39m]  Synced template from YAML to DB: cyberpunk-mercenary
02:00:02 [[32minfo[39m]  Synced template from YAML to DB: medieval-fantasy
02:00:02 [[32minfo[39m]  Synced template from YAML to DB: modern-romance
02:00:02 [[32minfo[39m]  Synced template from YAML to DB: xianxia
02:00:02 [[32minfo[39m]  Synced 5 templates from YAML to database
02:00:03 [[32minfo[39m]  Cache refreshed with 5 templates
02:00:03 [[32minfo[39m]  TemplateService loaded {"cachedTemplates":5}
鉁?Template YAML loaded and synced to DB
02:00:03 [[32minfo[39m]  Template routes initialized
鉁?Test environment setup complete
鉁?Database connection closed

 [32m鉁?[39m src/services/__tests__/DevModeService.test.ts [2m ([22m[2m17 tests[22m[2m)[22m[33m 1766[2mms[22m[39m
[90mstdout[2m | src/game-systems/quest/__tests__/quest-fail-conditions.test.ts[2m > [22m[2mQuestService 鈥?浠诲姟澶辫触鏉′欢鎵╁睍[2m > [22m[2mitem_lost 鏉′欢[2m > [22m[2m涓㈠け鏀堕泦鐩爣鐗╁搧鏃朵换鍔″け璐?[22m[39m
02:00:03 [[32minfo[39m]  Quest failed due to required item lost {"questId":"quest_娴嬭瘯浠诲姟_001","name":"娴嬭瘯浠诲姟","itemId":"item_榫欓碁_001"}

[90mstdout[2m | src/game-systems/quest/__tests__/quest-fail-conditions.test.ts[2m > [22m[2mQuestService 鈥?浠诲姟澶辫触鏉′欢鎵╁睍[2m > [22m[2mitem_lost 鏉′欢[2m > [22m[2m閫氳繃鐗╁搧鍚嶇О鍖归厤[22m[39m
02:00:03 [[32minfo[39m]  Quest failed due to required item lost {"questId":"quest_娴嬭瘯浠诲姟_001","name":"娴嬭瘯浠诲姟","itemName":"榫欓碁"}

[90mstdout[2m | src/game-systems/quest/__tests__/quest-fail-conditions.test.ts[2m > [22m[2mQuestService 鈥?浠诲姟澶辫触鏉′欢鎵╁睍[2m > [22m[2menemy_escapes 鏉′欢[2m > [22m[2m鍑绘潃鐩爣鏁屼汉閫冭窇鏃朵换鍔″け璐?[22m[39m
02:00:03 [[32minfo[39m]  Quest failed due to target enemy escaped {"questId":"quest_娴嬭瘯浠诲姟_001","name":"娴嬭瘯浠诲姟","enemyId":"npc_鏆楀奖鍒哄_001"}

[90mstdout[2m | src/game-systems/quest/__tests__/quest-fail-conditions.test.ts[2m > [22m[2mQuestService 鈥?浠诲姟澶辫触鏉′欢鎵╁睍[2m > [22m[2menemy_escapes 鏉′欢[2m > [22m[2m閫氳繃鏁屼汉鍚嶇О鍖归厤[22m[39m
02:00:03 [[32minfo[39m]  Quest failed due to target enemy escaped {"questId":"quest_娴嬭瘯浠诲姟_001","name":"娴嬭瘯浠诲姟","enemyName":"鏆楀奖鍒哄"}

[90mstdout[2m | src/game-systems/quest/__tests__/quest-fail-conditions.test.ts[2m > [22m[2mQuestService 鈥?浠诲姟澶辫触鏉′欢鎵╁睍[2m > [22m[2m宸叉湁鏉′欢涓嶅彈褰卞搷[2m > [22m[2mtimeout 鏉′欢浠嶇劧姝ｅ父宸ヤ綔[22m[39m
02:00:03 [[32minfo[39m]  Quest failed due to timeout {"questId":"quest_娴嬭瘯浠诲姟_001","name":"娴嬭瘯浠诲姟","timeLimit":1000,"elapsed":2001}

[90mstdout[2m | src/game-systems/quest/__tests__/quest-fail-conditions.test.ts[2m > [22m[2mQuestService 鈥?浠诲姟澶辫触鏉′欢鎵╁睍[2m > [22m[2m宸叉湁鏉′欢涓嶅彈褰卞搷[2m > [22m[2mnpc_death 鏉′欢浠嶇劧姝ｅ父宸ヤ綔[22m[39m
02:00:03 [[32minfo[39m]  Quest failed due to related NPC death {"questId":"quest_娴嬭瘯浠诲姟_001","name":"娴嬭瘯浠诲姟","npcId":"npc_鏉戦暱_001"}

[90mstdout[2m | src/game-systems/quest/__tests__/quest-fail-conditions.test.ts[22m[39m
02:00:02 [[32minfo[39m]  Help registry loaded: 22 tools {"tools":["batch_query_service","challenge_service","... (22 items)"]}
02:00:02 [[32minfo[39m]  Creating GameMasterAgent (as AgentRuntime with isSubAgent=false)
02:00:02 [[32minfo[39m]  Handler subscribed {"eventType":"dialogue"}
02:00:02 [[32minfo[39m]  Handler subscribed {"eventType":"combat_end"}
02:00:02 [[32minfo[39m]  AwarenessAutoSubscriber subscribed to dialogue + combat_end events
02:00:02 [[32minfo[39m]  Agent initialized: gamemaster - GameMasterAgent
02:00:02 [[32minfo[39m] [AGENT-START] Agent gamemaster starting {"agent":"gamemaster","provider":null,"toolsConfigured":1,"maxIterations":200,"isSubAgent":false}
02:00:02 [[32minfo[39m]  Handler subscribed {"eventType":"chapter_advanced"}
02:00:02 [[32minfo[39m]  Creating AgentRuntime instances from default profile: fantasy_rpg
02:00:02 [[32minfo[39m]  Creating agents from profile: fantasy_rpg {"agentCount":10}
02:00:02 [[32minfo[39m]  Agent initialized: gamemaster - GameMasterAgent
02:00:02 [[32minfo[39m] [AGENT-START] Agent gamemaster starting {"agent":"gamemaster","provider":null,"toolsConfigured":1,"maxIterations":200,"isSubAgent":false}
02:00:02 [[32minfo[39m]  Created AgentRuntime: gamemaster {"profile":"fantasy_rpg","tools":["all"]}
02:00:02 [[32minfo[39m]  Agent initialized: map - MapAgent
02:00:02 [[32minfo[39m] [AGENT-START] Agent map starting {"agent":"map","provider":null,"toolsConfigured":7,"maxIterations":200,"isSubAgent":true}
02:00:02 [[32minfo[39m]  Created AgentRuntime: map {"profile":"fantasy_rpg","tools":["map_service","npc_service","... (7 items)"]}
02:00:02 [[32minfo[39m]  Agent initialized: challenge - ChallengeAgent
02:00:02 [[32minfo[39m] [AGENT-START] Agent challenge starting {"agent":"challenge","provider":null,"toolsConfigured":9,"maxIterations":200,"isSubAgent":true}
02:00:02 [[32minfo[39m]  Created AgentRuntime: challenge {"profile":"fantasy_rpg","tools":["challenge_service","numerical_service","... (9 items)"]}
02:00:02 [[32minfo[39m]  Agent initialized: output - OutputAgent
02:00:02 [[32minfo[39m] [AGENT-START] Agent output starting {"agent":"output","provider":null,"toolsConfigured":5,"maxIterations":200,"isSubAgent":true}
02:00:02 [[32minfo[39m]  Created AgentRuntime: output {"profile":"fantasy_rpg","tools":["dialogue_service","dynamic_ui","... (5 items)"]}
02:00:02 [[32minfo[39m]  Agent initialized: quest - QuestAgent
02:00:02 [[32minfo[39m] [AGENT-START] Agent quest starting {"agent":"quest","provider":null,"toolsConfigured":11,"maxIterations":200,"isSubAgent":true}
02:00:02 [[32minfo[39m]  Created AgentRuntime: quest {"profile":"fantasy_rpg","tools":["quest_service","numerical_service","... (11 items)"]}
02:00:02 [[32minfo[39m]  Agent initialized: npc_party - NPCPartyAgent
02:00:02 [[32minfo[39m] [AGENT-START] Agent npc_party starting {"agent":"npc_party","provider":null,"toolsConfigured":9,"maxIterations":200,"isSubAgent":true}
02:00:02 [[32minfo[39m]  Created AgentRuntime: npc_party {"profile":"fantasy_rpg","tools":["npc_service","entity_graph_service","... (9 items)"]}
02:00:02 [[32minfo[39m]  Agent initialized: inventory - InventoryAgent
02:00:02 [[32minfo[39m] [AGENT-START] Agent inventory starting {"agent":"inventory","provider":null,"toolsConfigured":8,"maxIterations":200,"isSubAgent":true}
02:00:02 [[32minfo[39m]  Created AgentRuntime: inventory {"profile":"fantasy_rpg","tools":["inventory_service","template_pool_service","... (8 items)"]}
02:00:02 [[32minfo[39m]  Agent initialized: skill - SkillAgent
02:00:02 [[32minfo[39m] [AGENT-START] Agent skill starting {"agent":"skill","provider":null,"toolsConfigured":7,"maxIterations":200,"isSubAgent":true}
02:00:02 [[32minfo[39m]  Created AgentRuntime: skill {"profile":"fantasy_rpg","tools":["skill_service","template_pool_service","... (7 items)"]}
02:00:02 [[32minfo[39m]  Agent initialized: event - EventAgent
02:00:02 [[32minfo[39m] [AGENT-START] Agent event starting {"agent":"event","provider":null,"toolsConfigured":5,"maxIterations":200,"isSubAgent":true}
02:00:02 [[32minfo[39m]  Created AgentRuntime: event {"profile":"fantasy_rpg","tools":["event_service","game_time_service","... (5 items)"]}
02:00:02 [[32minfo[39m]  Agent initialized: time - TimeAgent
02:00:02 [[32minfo[39m] [AGENT-START] Agent time starting {"agent":"time","provider":null,"toolsConfigured":4,"maxIterations":200,"isSubAgent":true}
02:00:02 [[32minfo[39m]  Created AgentRuntime: time {"profile":"fantasy_rpg","tools":["game_time_service","rule_service","... (4 items)"]}
02:00:02 [[32minfo[39m]  Permissions configured from agent.tools for profile: fantasy_rpg
02:00:02 [[32minfo[39m]  YAML permissions configured
02:00:02 [[32minfo[39m]  Registering AgentRuntime instances to GameMasterAgent...
02:00:02 [[32minfo[39m]  Registered AgentRuntime to Coordinator: gamemaster
02:00:02 [[32minfo[39m]  Registered AgentRuntime to Coordinator: map
02:00:02 [[32minfo[39m]  Registered AgentRuntime to Coordinator: challenge
02:00:02 [[32minfo[39m]  Registered AgentRuntime to Coordinator: output
02:00:02 [[32minfo[39m]  Registered AgentRuntime to Coordinator: quest
02:00:02 [[32minfo[39m]  Registered AgentRuntime to Coordinator: npc_party
02:00:02 [[32minfo[39m]  Registered AgentRuntime to Coordinator: inventory
02:00:02 [[32minfo[39m]  Registered AgentRuntime to Coordinator: skill
02:00:02 [[32minfo[39m]  Registered AgentRuntime to Coordinator: event
02:00:02 [[32minfo[39m]  Registered AgentRuntime to Coordinator: time
02:00:02 [[32minfo[39m]  GameDataExpander configured (manifest path enabled)
02:00:02 [[32minfo[39m]  DedupService configured (dispatch log persistence enabled)
02:00:02 [[32minfo[39m]  Agent system initialized: 10 AgentRuntime instances created
鉁?Agent system initialized with 10 agents
鈿狅笍 YAML Agent system skipped: __vi_import_5__.initializeYamlAgentSystem is not a function
02:00:02 [[32minfo[39m]  Agent routes initialized
02:00:02 [[32minfo[39m]  Save routes initialized
02:00:02 [[32minfo[39m]  Synced template from YAML to DB: cthulhu-investigation
02:00:02 [[32minfo[39m]  Synced template from YAML to DB: cyberpunk-mercenary
02:00:02 [[32minfo[39m]  Synced template from YAML to DB: medieval-fantasy
02:00:02 [[32minfo[39m]  Synced template from YAML to DB: modern-romance
02:00:02 [[32minfo[39m]  Synced template from YAML to DB: xianxia
02:00:02 [[32minfo[39m]  Synced 5 templates from YAML to database
02:00:03 [[32minfo[39m]  Cache refreshed with 5 templates
02:00:03 [[32minfo[39m]  TemplateService loaded {"cachedTemplates":5}
鉁?Template YAML loaded and synced to DB
02:00:03 [[32minfo[39m]  Template routes initialized
鉁?Test environment setup complete
鉁?Database connection closed

 [32m鉁?[39m src/game-systems/quest/__tests__/quest-fail-conditions.test.ts [2m ([22m[2m11 tests[22m[2m)[22m[33m 1408[2mms[22m[39m
[90mstdout[2m | src/agents/story/__tests__/StoryPostReactPipeline.perceptionHint.test.ts[22m[39m
02:00:02 [[32minfo[39m]  Help registry loaded: 22 tools {"tools":["batch_query_service","challenge_service","... (22 items)"]}
02:00:02 [[32minfo[39m]  Creating GameMasterAgent (as AgentRuntime with isSubAgent=false)
02:00:02 [[32minfo[39m]  Handler subscribed {"eventType":"dialogue"}
02:00:02 [[32minfo[39m]  Handler subscribed {"eventType":"combat_end"}
02:00:02 [[32minfo[39m]  AwarenessAutoSubscriber subscribed to dialogue + combat_end events
02:00:02 [[32minfo[39m]  Agent initialized: gamemaster - GameMasterAgent
02:00:02 [[32minfo[39m] [AGENT-START] Agent gamemaster starting {"agent":"gamemaster","provider":null,"toolsConfigured":1,"maxIterations":200,"isSubAgent":false}
02:00:02 [[32minfo[39m]  Handler subscribed {"eventType":"chapter_advanced"}
02:00:02 [[32minfo[39m]  Creating AgentRuntime instances from default profile: fantasy_rpg
02:00:02 [[32minfo[39m]  Creating agents from profile: fantasy_rpg {"agentCount":10}
02:00:02 [[32minfo[39m]  Agent initialized: gamemaster - GameMasterAgent
02:00:02 [[32minfo[39m] [AGENT-START] Agent gamemaster starting {"agent":"gamemaster","provider":null,"toolsConfigured":1,"maxIterations":200,"isSubAgent":false}
02:00:02 [[32minfo[39m]  Created AgentRuntime: gamemaster {"profile":"fantasy_rpg","tools":["all"]}
02:00:02 [[32minfo[39m]  Agent initialized: map - MapAgent
02:00:02 [[32minfo[39m] [AGENT-START] Agent map starting {"agent":"map","provider":null,"toolsConfigured":7,"maxIterations":200,"isSubAgent":true}
02:00:02 [[32minfo[39m]  Created AgentRuntime: map {"profile":"fantasy_rpg","tools":["map_service","npc_service","... (7 items)"]}
02:00:02 [[32minfo[39m]  Agent initialized: challenge - ChallengeAgent
02:00:02 [[32minfo[39m] [AGENT-START] Agent challenge starting {"agent":"challenge","provider":null,"toolsConfigured":9,"maxIterations":200,"isSubAgent":true}
02:00:02 [[32minfo[39m]  Created AgentRuntime: challenge {"profile":"fantasy_rpg","tools":["challenge_service","numerical_service","... (9 items)"]}
02:00:02 [[32minfo[39m]  Agent initialized: output - OutputAgent
02:00:02 [[32minfo[39m] [AGENT-START] Agent output starting {"agent":"output","provider":null,"toolsConfigured":5,"maxIterations":200,"isSubAgent":true}
02:00:02 [[32minfo[39m]  Created AgentRuntime: output {"profile":"fantasy_rpg","tools":["dialogue_service","dynamic_ui","... (5 items)"]}
02:00:02 [[32minfo[39m]  Agent initialized: quest - QuestAgent
02:00:02 [[32minfo[39m] [AGENT-START] Agent quest starting {"agent":"quest","provider":null,"toolsConfigured":11,"maxIterations":200,"isSubAgent":true}
02:00:02 [[32minfo[39m]  Created AgentRuntime: quest {"profile":"fantasy_rpg","tools":["quest_service","numerical_service","... (11 items)"]}
02:00:02 [[32minfo[39m]  Agent initialized: npc_party - NPCPartyAgent
02:00:02 [[32minfo[39m] [AGENT-START] Agent npc_party starting {"agent":"npc_party","provider":null,"toolsConfigured":9,"maxIterations":200,"isSubAgent":true}
02:00:02 [[32minfo[39m]  Created AgentRuntime: npc_party {"profile":"fantasy_rpg","tools":["npc_service","entity_graph_service","... (9 items)"]}
02:00:02 [[32minfo[39m]  Agent initialized: inventory - InventoryAgent
02:00:02 [[32minfo[39m] [AGENT-START] Agent inventory starting {"agent":"inventory","provider":null,"toolsConfigured":8,"maxIterations":200,"isSubAgent":true}
02:00:02 [[32minfo[39m]  Created AgentRuntime: inventory {"profile":"fantasy_rpg","tools":["inventory_service","template_pool_service","... (8 items)"]}
02:00:02 [[32minfo[39m]  Agent initialized: skill - SkillAgent
02:00:02 [[32minfo[39m] [AGENT-START] Agent skill starting {"agent":"skill","provider":null,"toolsConfigured":7,"maxIterations":200,"isSubAgent":true}
02:00:02 [[32minfo[39m]  Created AgentRuntime: skill {"profile":"fantasy_rpg","tools":["skill_service","template_pool_service","... (7 items)"]}
02:00:02 [[32minfo[39m]  Agent initialized: event - EventAgent
02:00:02 [[32minfo[39m] [AGENT-START] Agent event starting {"agent":"event","provider":null,"toolsConfigured":5,"maxIterations":200,"isSubAgent":true}
02:00:02 [[32minfo[39m]  Created AgentRuntime: event {"profile":"fantasy_rpg","tools":["event_service","game_time_service","... (5 items)"]}
02:00:02 [[32minfo[39m]  Agent initialized: time - TimeAgent
02:00:02 [[32minfo[39m] [AGENT-START] Agent time starting {"agent":"time","provider":null,"toolsConfigured":4,"maxIterations":200,"isSubAgent":true}
02:00:02 [[32minfo[39m]  Created AgentRuntime: time {"profile":"fantasy_rpg","tools":["game_time_service","rule_service","... (4 items)"]}
02:00:02 [[32minfo[39m]  Permissions configured from agent.tools for profile: fantasy_rpg
02:00:02 [[32minfo[39m]  YAML permissions configured
02:00:02 [[32minfo[39m]  Registering AgentRuntime instances to GameMasterAgent...
02:00:02 [[32minfo[39m]  Registered AgentRuntime to Coordinator: gamemaster
02:00:02 [[32minfo[39m]  Registered AgentRuntime to Coordinator: map
02:00:02 [[32minfo[39m]  Registered AgentRuntime to Coordinator: challenge
02:00:02 [[32minfo[39m]  Registered AgentRuntime to Coordinator: output
02:00:02 [[32minfo[39m]  Registered AgentRuntime to Coordinator: quest
02:00:02 [[32minfo[39m]  Registered AgentRuntime to Coordinator: npc_party
02:00:02 [[32minfo[39m]  Registered AgentRuntime to Coordinator: inventory
02:00:02 [[32minfo[39m]  Registered AgentRuntime to Coordinator: skill
02:00:02 [[32minfo[39m]  Registered AgentRuntime to Coordinator: event
02:00:02 [[32minfo[39m]  Registered AgentRuntime to Coordinator: time
02:00:02 [[32minfo[39m]  GameDataExpander configured (manifest path enabled)
02:00:02 [[32minfo[39m]  DedupService configured (dispatch log persistence enabled)
02:00:02 [[32minfo[39m]  Agent system initialized: 10 AgentRuntime instances created
鉁?Agent system initialized with 10 agents
鈿狅笍 YAML Agent system skipped: __vi_import_5__.initializeYamlAgentSystem is not a function
02:00:02 [[32minfo[39m]  Agent routes initialized
02:00:02 [[32minfo[39m]  Save routes initialized
02:00:02 [[32minfo[39m]  Synced template from YAML to DB: cthulhu-investigation
02:00:02 [[32minfo[39m]  Synced template from YAML to DB: cyberpunk-mercenary
02:00:03 [[32minfo[39m]  Synced template from YAML to DB: medieval-fantasy
02:00:03 [[32minfo[39m]  Synced template from YAML to DB: modern-romance
02:00:03 [[32minfo[39m]  Synced template from YAML to DB: xianxia
02:00:03 [[32minfo[39m]  Synced 5 templates from YAML to database
02:00:03 [[32minfo[39m]  Cache refreshed with 5 templates
02:00:03 [[32minfo[39m]  TemplateService loaded {"cachedTemplates":5}
鉁?Template YAML loaded and synced to DB
02:00:03 [[32minfo[39m]  Template routes initialized
鉁?Test environment setup complete
鉁?Database connection closed

 [32m鉁?[39m src/agents/story/__tests__/StoryPostReactPipeline.perceptionHint.test.ts [2m ([22m[2m18 tests[22m[2m)[22m[33m 1291[2mms[22m[39m
[90mstdout[2m | src/routes/__tests__/dev-runtime-events.test.ts[22m[39m
008: added saves.active_challenge_mode column
Migration 008_add_saves_active_challenge_mode.ts completed successfully
All migrations completed
鉁?Migrations completed
All seeds completed
鉁?Seeds completed
02:00:03 [[32minfo[39m]  Starting YAML-driven Agent system initialization
02:00:03 [[32minfo[39m]  Seeding ModelConfigService from environment
02:00:03 [[32minfo[39m]  No DEEPSEEK_API_KEY env var found, skipping env seed
02:00:03 [[32minfo[39m]  Seeded provider from convict config {"providerType":"openai","providerId":"2794f945-24d6-4531-a6e7-6368d3407c19","model":"openrouter/free"}
02:00:03 [[32minfo[39m]  Creating LLMService with ModelConfigService
02:00:03 [[32minfo[39m]  Creating ContextService and DecisionLogService instances
02:00:03 [[32minfo[39m]  Initializing YAML-driven Agent profiles...
02:00:03 [[32minfo[39m]  Loading config from directory: C:\Users\super\Documents\trae_projects\AGG-main\packages\backend\config
02:00:03 [[32minfo[39m]  Loaded agent profile: fantasy_rpg
02:00:03 [[32minfo[39m]  Loaded agent profile: minimal_test
02:00:03 [[32minfo[39m]  Loaded 0 non-builtin profiles from database (0 builtin skipped, using YAML)
02:00:03 [[32minfo[39m]  Config loaded successfully: 2 profiles
02:00:03 [[32minfo[39m]  YAML config loaded successfully
02:00:03 [[32minfo[39m]  Context rules loaded {"agentCount":10}
02:00:03 [[32minfo[39m]  Default manifests loaded {"agentTypeCount":6,"manifestCount":8}
02:00:03 [[32minfo[39m]  Context rules file watcher started {"path":"C:\\Users\\super\\Documents\\trae_projects\\AGG-main\\packages\\backend\\config\\agent-context-rules.yaml"}
02:00:03 [[32minfo[39m]  Loaded 10 agent capabilities from YAML profiles
02:00:03 [[32minfo[39m]  ToolRegistry initialized
02:00:03 [[32minfo[39m]  Registering ServiceTools to ToolRegistry
02:00:03 [[32minfo[39m]  Tool registered: game_time_service - GameTime Service (v1.0.0)
02:00:03 [[32minfo[39m]  Tool registered: numerical_service - Numerical Service (v1.0.0)
02:00:03 [[32minfo[39m]  Tool registered: character_service - Character Service (v1.0.0)
02:00:03 [[32minfo[39m]  Tool registered: inventory_service - Inventory Service (v1.0.0)
02:00:03 [[32minfo[39m]  Tool registered: skill_service - Skill Service (v1.1.0)
02:00:03 [[32minfo[39m]  Tool registered: map_service - Map Service (v2.0.0)
02:00:03 [[32minfo[39m]  Tool registered: npc_service - NPC Service (v1.0.0)
02:00:03 [[32minfo[39m]  Tool registered: dialogue_service - Dialogue Service (v1.0.0)
02:00:03 [[32minfo[39m]  Tool registered: quest_service - Quest Service (v1.0.0)
02:00:03 [[32minfo[39m]  Tool registered: challenge_service - Challenge Service (v1.0.0)
02:00:03 [[32minfo[39m]  Tool registered: event_service - Event Service (v1.0.0)
02:00:03 [[32minfo[39m]  Tool registered: story_service - Story Service (v1.0.0)
02:00:03 [[32minfo[39m]  Tool registered: game_init_service - Game Init Service (v2.0.0)
02:00:03 [[32minfo[39m]  Tool registered: batch_query_service - Batch Query Service (v1.0.0)
02:00:03 [[32minfo[39m]  Tool registered: entity_graph_service - Entity Graph Service (v1.0.0)
02:00:03 [[32minfo[39m]  Tool registered: template_pool_service - Template Pool Service (v1.0.0)
02:00:03 [[32minfo[39m]  Tool registered: dynamic_ui - Dynamic UI Service (v1.0.0)
02:00:03 [[32minfo[39m]  Tool registered: generate_options - Generate Options Service (v2.0.0)
02:00:03 [[32minfo[39m]  Tool registered: coordinator_service - Coordinator Service (v1.0.0)
02:00:03 [[32minfo[39m]  Tool registered: rule_service - Rule Service (v1.0.0)
02:00:03 [[32minfo[39m]  Tool registered: skill_loader - Skill Loader (v1.0.0)
02:00:03 [[32minfo[39m]  Tool registered: help_service - Help Service (v1.0.0)
02:00:03 [[32minfo[39m]  Tool registered: memory_service - Memory Service (v1.0.0)
02:00:03 [[32minfo[39m]  Registered 23 ServiceTools to ToolRegistry
02:00:03 [[32minfo[39m]  Tool reference validation passed

[90mstdout[2m | src/routes/__tests__/dev-runtime-events.test.ts[22m[39m
02:00:03 [[32minfo[39m]  Discovered 187 help files {"dir":"C:\\Users\\super\\Documents\\trae_projects\\AGG-main\\packages\\backend\\config\\agent-help"}

[90mstdout[2m | tests/config/config.routes.test.ts[22m[39m
馃И Setting up comprehensive test environment...
鉁?Database connected
Running migration: 001_init.ts
Migration 001_init.ts completed successfully
Running migration: 002_add_equipped_index.ts

[90mstdout[2m | tests/config/config.routes.test.ts[22m[39m
Migration 002_add_equipped_index.ts completed successfully
Running migration: 003_fix_information_boundaries_timestamps.ts

[90mstdout[2m | tests/config/config.routes.test.ts[22m[39m
Migration 003_fix_information_boundaries_timestamps.ts completed successfully
Running migration: 004_drop_information_boundaries.ts

[90mstdout[2m | tests/config/config.routes.test.ts[22m[39m
004_drop_information_boundaries: information_boundaries table not found, skipping migration
004_drop_information_boundaries: cleared custom_data.knowledge from 0 NPCs
Migration 004_drop_information_boundaries.ts completed successfully
Running migration: 005_drop_npc_relations.ts

[90mstdout[2m | tests/config/config.routes.test.ts[22m[39m
005_drop_npc_relations: dropped npc_relations table
Migration 005_drop_npc_relations.ts completed successfully
Running migration: 006_awareness_relationship_events_states.ts
006: created entity_awareness_events table
006: created entity_awareness_states table
006: created entity_relationship_events table
006: created entity_relationship_states table
Migration 006_awareness_relationship_events_states.ts completed successfully
Running migration: 007_add_combat_mode.ts

[90mstdout[2m | tests/agent-system/lifecycle.test.ts[2m > [22m[2mAgent Lifecycle and State Management[2m > [22m[2mAgent Status Management[2m > [22m[2mshould return agent status to idle after processing a direct message[22m[39m
02:00:03 [[32minfo[39m] [LLM-INPUT] LLM input for output, iteration 1 (full context) iter=1 eac10efc {"agent":"output","model":"openrouter/free","provider":"5f23448c-47dc-4128-8ccc-fa16f9550481","cumulativeMessages":2,"toolsCount":9,"messages":[{"role":"system","content":"浣犳槸杈撳嚭Agent锛圠ayer 3锛夛紝璐熻矗AI-generated Games涓殑瀵硅瘽鍙欎簨鐢熸垚鍜孶I鎸囦护鐢熸垚銆俓n\n## 瑙掕壊瀹氫箟\n浣犳槸灞曠ず灞傜殑鏍稿績Agent锛岃礋璐ｄ袱椤圭嫭绔嬩换鍔★細\n- **瀵硅瘽鍙欎簨**锛氬皢Domain Agent鐨勬暟鎹暣鍚堟鼎鑹蹭负鐢熷姩鐨勫璇濆彊浜嬶紝鐢熸垚澶歂PC瀵硅瘽鍐呭銆佹梺鐧芥弿杩板拰瀵硅瘽閫夐」锛岄€氳繃 `dialogue_service.submit_dialogue` 鎻愪氦\n- **UI鎸囦护*... (11282 chars)"},{"role":"user","content":"[鐜╁鎿嶄綔: direct_message]"}],"tools":[{"name":"game_time_service__get_current_time","description":"鑾峰彇褰撳墠娓告垙鏃堕棿 鑾峰彇褰撳墠娓告垙鏃堕棿璇︽儏","parameters":{}},{"name":"game_time_service__get_period_of_day","description":"鑾峰彇褰撳墠鏃堕棿娈?鑾峰彇褰撳墠鏃堕棿娈碉紙榛庢槑/涓婂崍/涓崍/涓嬪崍/鍌嶆櫄/澶滄櫄/鍗堝锛?,"parameters":{}},"... (9 items)"],"temperature":0.85,"maxTokens":8192,"responseFormat":{"type":"json_object"}}
02:00:03 [[32minfo[39m] [LLM-REQUEST] Provider request to openai/openrouter/free, 2 messages eac10efc {"provider":"openai","model":"openrouter/free","messageCount":2,"toolsCount":9,"temperature":0.85,"maxTokens":16384}

[90mstdout[2m | tests/config/config.routes.test.ts[22m[39m
007: added combat_states.mode column
Migration 007_add_combat_mode.ts completed successfully
Running migration: 008_add_saves_active_challenge_mode.ts
008: added saves.active_challenge_mode column
Migration 008_add_saves_active_challenge_mode.ts completed successfully
All migrations completed
鉁?Migrations completed
All seeds completed
鉁?Seeds completed
02:00:03 [[32minfo[39m]  Starting YAML-driven Agent system initialization
02:00:03 [[32minfo[39m]  Seeding ModelConfigService from environment
02:00:03 [[32minfo[39m]  No DEEPSEEK_API_KEY env var found, skipping env seed
02:00:03 [[32minfo[39m]  Seeded provider from convict config {"providerType":"openai","providerId":"d8b33929-fbf7-426b-ac28-f331d2cb215c","model":"openrouter/free"}
02:00:03 [[32minfo[39m]  Creating LLMService with ModelConfigService
02:00:03 [[32minfo[39m]  Creating ContextService and DecisionLogService instances
02:00:03 [[32minfo[39m]  Initializing YAML-driven Agent profiles...
02:00:03 [[32minfo[39m]  Loading config from directory: C:\Users\super\Documents\trae_projects\AGG-main\packages\backend\config
02:00:03 [[32minfo[39m]  Loaded agent profile: fantasy_rpg
02:00:03 [[32minfo[39m]  Loaded agent profile: minimal_test
02:00:03 [[32minfo[39m]  Loaded 0 non-builtin profiles from database (0 builtin skipped, using YAML)
02:00:03 [[32minfo[39m]  Config loaded successfully: 2 profiles
02:00:03 [[32minfo[39m]  YAML config loaded successfully
02:00:03 [[32minfo[39m]  Context rules loaded {"agentCount":10}
02:00:03 [[32minfo[39m]  Default manifests loaded {"agentTypeCount":6,"manifestCount":8}
02:00:03 [[32minfo[39m]  Context rules file watcher started {"path":"C:\\Users\\super\\Documents\\trae_projects\\AGG-main\\packages\\backend\\config\\agent-context-rules.yaml"}
02:00:03 [[32minfo[39m]  Loaded 10 agent capabilities from YAML profiles
02:00:03 [[32minfo[39m]  ToolRegistry initialized
02:00:03 [[32minfo[39m]  Registering ServiceTools to ToolRegistry
02:00:03 [[32minfo[39m]  Tool registered: game_time_service - GameTime Service (v1.0.0)
02:00:03 [[32minfo[39m]  Tool registered: numerical_service - Numerical Service (v1.0.0)
02:00:03 [[32minfo[39m]  Tool registered: character_service - Character Service (v1.0.0)
02:00:03 [[32minfo[39m]  Tool registered: inventory_service - Inventory Service (v1.0.0)
02:00:03 [[32minfo[39m]  Tool registered: skill_service - Skill Service (v1.1.0)
02:00:03 [[32minfo[39m]  Tool registered: map_service - Map Service (v2.0.0)
02:00:03 [[32minfo[39m]  Tool registered: npc_service - NPC Service (v1.0.0)
02:00:03 [[32minfo[39m]  Tool registered: dialogue_service - Dialogue Service (v1.0.0)
02:00:03 [[32minfo[39m]  Tool registered: quest_service - Quest Service (v1.0.0)
02:00:03 [[32minfo[39m]  Tool registered: challenge_service - Challenge Service (v1.0.0)
02:00:03 [[32minfo[39m]  Tool registered: event_service - Event Service (v1.0.0)
02:00:03 [[32minfo[39m]  Tool registered: story_service - Story Service (v1.0.0)
02:00:03 [[32minfo[39m]  Tool registered: game_init_service - Game Init Service (v2.0.0)
02:00:03 [[32minfo[39m]  Tool registered: batch_query_service - Batch Query Service (v1.0.0)
02:00:03 [[32minfo[39m]  Tool registered: entity_graph_service - Entity Graph Service (v1.0.0)
02:00:03 [[32minfo[39m]  Tool registered: template_pool_service - Template Pool Service (v1.0.0)
02:00:03 [[32minfo[39m]  Tool registered: dynamic_ui - Dynamic UI Service (v1.0.0)
02:00:03 [[32minfo[39m]  Tool registered: generate_options - Generate Options Service (v2.0.0)
02:00:03 [[32minfo[39m]  Tool registered: coordinator_service - Coordinator Service (v1.0.0)
02:00:03 [[32minfo[39m]  Tool registered: rule_service - Rule Service (v1.0.0)
02:00:03 [[32minfo[39m]  Tool registered: skill_loader - Skill Loader (v1.0.0)
02:00:03 [[32minfo[39m]  Tool registered: help_service - Help Service (v1.0.0)
02:00:03 [[32minfo[39m]  Tool registered: memory_service - Memory Service (v1.0.0)
02:00:03 [[32minfo[39m]  Registered 23 ServiceTools to ToolRegistry
02:00:03 [[32minfo[39m]  Tool reference validation passed

[90mstdout[2m | src/agents/prompt/__tests__/blocks.test.ts[22m[39m
02:00:03 [[32minfo[39m]  Help registry loaded: 22 tools {"tools":["batch_query_service","challenge_service","... (22 items)"]}
02:00:03 [[32minfo[39m]  Creating GameMasterAgent (as AgentRuntime with isSubAgent=false)
02:00:03 [[32minfo[39m]  Handler subscribed {"eventType":"dialogue"}
02:00:03 [[32minfo[39m]  Handler subscribed {"eventType":"combat_end"}
02:00:03 [[32minfo[39m]  AwarenessAutoSubscriber subscribed to dialogue + combat_end events
02:00:03 [[32minfo[39m]  Agent initialized: gamemaster - GameMasterAgent
02:00:03 [[32minfo[39m] [AGENT-START] Agent gamemaster starting {"agent":"gamemaster","provider":null,"toolsConfigured":1,"maxIterations":200,"isSubAgent":false}
02:00:03 [[32minfo[39m]  Handler subscribed {"eventType":"chapter_advanced"}
02:00:03 [[32minfo[39m]  Creating AgentRuntime instances from default profile: fantasy_rpg
02:00:03 [[32minfo[39m]  Creating agents from profile: fantasy_rpg {"agentCount":10}
02:00:03 [[32minfo[39m]  Agent initialized: gamemaster - GameMasterAgent
02:00:03 [[32minfo[39m] [AGENT-START] Agent gamemaster starting {"agent":"gamemaster","provider":null,"toolsConfigured":1,"maxIterations":200,"isSubAgent":false}
02:00:03 [[32minfo[39m]  Created AgentRuntime: gamemaster {"profile":"fantasy_rpg","tools":["all"]}
02:00:03 [[32minfo[39m]  Agent initialized: map - MapAgent
02:00:03 [[32minfo[39m] [AGENT-START] Agent map starting {"agent":"map","provider":null,"toolsConfigured":7,"maxIterations":200,"isSubAgent":true}
02:00:03 [[32minfo[39m]  Created AgentRuntime: map {"profile":"fantasy_rpg","tools":["map_service","npc_service","... (7 items)"]}
02:00:03 [[32minfo[39m]  Agent initialized: challenge - ChallengeAgent
02:00:03 [[32minfo[39m] [AGENT-START] Agent challenge starting {"agent":"challenge","provider":null,"toolsConfigured":9,"maxIterations":200,"isSubAgent":true}
02:00:03 [[32minfo[39m]  Created AgentRuntime: challenge {"profile":"fantasy_rpg","tools":["challenge_service","numerical_service","... (9 items)"]}
02:00:03 [[32minfo[39m]  Agent initialized: output - OutputAgent
02:00:03 [[32minfo[39m] [AGENT-START] Agent output starting {"agent":"output","provider":null,"toolsConfigured":5,"maxIterations":200,"isSubAgent":true}
02:00:03 [[32minfo[39m]  Created AgentRuntime: output {"profile":"fantasy_rpg","tools":["dialogue_service","dynamic_ui","... (5 items)"]}
02:00:03 [[32minfo[39m]  Agent initialized: quest - QuestAgent
02:00:03 [[32minfo[39m] [AGENT-START] Agent quest starting {"agent":"quest","provider":null,"toolsConfigured":11,"maxIterations":200,"isSubAgent":true}
02:00:03 [[32minfo[39m]  Created AgentRuntime: quest {"profile":"fantasy_rpg","tools":["quest_service","numerical_service","... (11 items)"]}
02:00:03 [[32minfo[39m]  Agent initialized: npc_party - NPCPartyAgent
02:00:03 [[32minfo[39m] [AGENT-START] Agent npc_party starting {"agent":"npc_party","provider":null,"toolsConfigured":9,"maxIterations":200,"isSubAgent":true}
02:00:03 [[32minfo[39m]  Created AgentRuntime: npc_party {"profile":"fantasy_rpg","tools":["npc_service","entity_graph_service","... (9 items)"]}
02:00:03 [[32minfo[39m]  Agent initialized: inventory - InventoryAgent
02:00:03 [[32minfo[39m] [AGENT-START] Agent inventory starting {"agent":"inventory","provider":null,"toolsConfigured":8,"maxIterations":200,"isSubAgent":true}
02:00:03 [[32minfo[39m]  Created AgentRuntime: inventory {"profile":"fantasy_rpg","tools":["inventory_service","template_pool_service","... (8 items)"]}
02:00:03 [[32minfo[39m]  Agent initialized: skill - SkillAgent
02:00:03 [[32minfo[39m] [AGENT-START] Agent skill starting {"agent":"skill","provider":null,"toolsConfigured":7,"maxIterations":200,"isSubAgent":true}
02:00:03 [[32minfo[39m]  Created AgentRuntime: skill {"profile":"fantasy_rpg","tools":["skill_service","template_pool_service","... (7 items)"]}
02:00:03 [[32minfo[39m]  Agent initialized: event - EventAgent
02:00:03 [[32minfo[39m] [AGENT-START] Agent event starting {"agent":"event","provider":null,"toolsConfigured":5,"maxIterations":200,"isSubAgent":true}
02:00:03 [[32minfo[39m]  Created AgentRuntime: event {"profile":"fantasy_rpg","tools":["event_service","game_time_service","... (5 items)"]}
02:00:03 [[32minfo[39m]  Agent initialized: time - TimeAgent
02:00:03 [[32minfo[39m] [AGENT-START] Agent time starting {"agent":"time","provider":null,"toolsConfigured":4,"maxIterations":200,"isSubAgent":true}
02:00:03 [[32minfo[39m]  Created AgentRuntime: time {"profile":"fantasy_rpg","tools":["game_time_service","rule_service","... (4 items)"]}
02:00:03 [[32minfo[39m]  Permissions configured from agent.tools for profile: fantasy_rpg
02:00:03 [[32minfo[39m]  YAML permissions configured
02:00:03 [[32minfo[39m]  Registering AgentRuntime instances to GameMasterAgent...
02:00:03 [[32minfo[39m]  Registered AgentRuntime to Coordinator: gamemaster
02:00:03 [[32minfo[39m]  Registered AgentRuntime to Coordinator: map
02:00:03 [[32minfo[39m]  Registered AgentRuntime to Coordinator: challenge
02:00:03 [[32minfo[39m]  Registered AgentRuntime to Coordinator: output
02:00:03 [[32minfo[39m]  Registered AgentRuntime to Coordinator: quest
02:00:03 [[32minfo[39m]  Registered AgentRuntime to Coordinator: npc_party
02:00:03 [[32minfo[39m]  Registered AgentRuntime to Coordinator: inventory
02:00:03 [[32minfo[39m]  Registered AgentRuntime to Coordinator: skill
02:00:03 [[32minfo[39m]  Registered AgentRuntime to Coordinator: event
02:00:03 [[32minfo[39m]  Registered AgentRuntime to Coordinator: time
02:00:03 [[32minfo[39m]  GameDataExpander configured (manifest path enabled)
02:00:03 [[32minfo[39m]  DedupService configured (dispatch log persistence enabled)
02:00:03 [[32minfo[39m]  Agent system initialized: 10 AgentRuntime instances created
鉁?Agent system initialized with 10 agents
鈿狅笍 YAML Agent system skipped: __vi_import_5__.initializeYamlAgentSystem is not a function
02:00:03 [[32minfo[39m]  Agent routes initialized
02:00:03 [[32minfo[39m]  Save routes initialized
02:00:03 [[32minfo[39m]  Synced template from YAML to DB: cthulhu-investigation
02:00:03 [[32minfo[39m]  Synced template from YAML to DB: cyberpunk-mercenary
02:00:03 [[32minfo[39m]  Synced template from YAML to DB: medieval-fantasy
02:00:03 [[32minfo[39m]  Synced template from YAML to DB: modern-romance
02:00:03 [[32minfo[39m]  Synced template from YAML to DB: xianxia
02:00:03 [[32minfo[39m]  Synced 5 templates from YAML to database
02:00:03 [[32minfo[39m]  Cache refreshed with 5 templates
02:00:03 [[32minfo[39m]  TemplateService loaded {"cachedTemplates":5}
鉁?Template YAML loaded and synced to DB
02:00:03 [[32minfo[39m]  Template routes initialized
鉁?Test environment setup complete
鉁?Database connection closed

 [32m鉁?[39m src/agents/prompt/__tests__/blocks.test.ts [2m ([22m[2m15 tests[22m[2m)[22m[33m 933[2mms[22m[39m
[90mstdout[2m | src/game-systems/npc/__tests__/npc-batch-init.test.ts[2m > [22m[2mNPCService 鈥?P0-1 鎵归噺鍒濆鍖?[2m > [22m[2mbatchMarkInitialized[2m > [22m[2m鎵归噺鏍囪澶氫釜 NPC 鐨勪笁绫?init flag 鍏ㄩ儴瀹屾垚[22m[39m
02:00:03 [[32minfo[39m]  Batch marked NPC init flags {"saveId":"save-batch-init","count":2,"attrCount":2,"invCount":2,"skillCount":2}

[90mstdout[2m | src/game-systems/npc/__tests__/npc-batch-init.test.ts[2m > [22m[2mNPCService 鈥?P0-1 鎵归噺鍒濆鍖?[2m > [22m[2mbatchMarkInitialized[2m > [22m[2m浠呮爣璁?attrInitialized 鏃跺叾浠栧瓧娈典繚鎸佸師鐘舵€?[22m[39m
02:00:03 [[32minfo[39m]  Batch marked NPC init flags {"saveId":"save-batch-init","count":1,"attrCount":1,"invCount":0,"skillCount":0}

[90mstdout[2m | src/game-systems/npc/__tests__/npc-batch-init.test.ts[2m > [22m[2mNPCService 鈥?P0-1 鎵归噺鍒濆鍖?[2m > [22m[2mbatchMarkInitialized[2m > [22m[2m鏈彁渚涘瓧娈碉紙undefined锛変繚鎸佸師鐘舵€侊紝false 涔熶笉淇敼[22m[39m
02:00:03 [[32minfo[39m]  Batch marked NPC init flags {"saveId":"save-batch-init","count":1,"attrCount":0,"invCount":1,"skillCount":0}

[90mstdout[2m | src/game-systems/npc/__tests__/npc-batch-init.test.ts[2m > [22m[2mNPCService 鈥?P0-1 鎵归噺鍒濆鍖?[2m > [22m[2mbatchMarkInitialized[2m > [22m[2m鏀寔娣峰悎鏍囪锛氫笉鍚?NPC 鏍囪涓嶅悓瀛楁[22m[39m
02:00:03 [[32minfo[39m]  Batch marked NPC init flags {"saveId":"save-batch-init","count":3,"attrCount":3,"invCount":2,"skillCount":1}

[90mstdout[2m | src/game-systems/npc/__tests__/npc-batch-init.test.ts[2m > [22m[2mNPCService 鈥?P0-1 鎵归噺鍒濆鍖?[2m > [22m[2mbatchMarkInitialized[2m > [22m[2m闈炲瓨鍦?NPC 涓嶅奖鍝嶅凡瀛樺湪 NPC 鐨勬爣璁帮紙updateInitFlag 褰卞搷琛?0 涓嶆姏閿欙級[22m[39m
02:00:03 [[32minfo[39m]  Batch marked NPC init flags {"saveId":"save-batch-init","count":2,"attrCount":1,"invCount":1,"skillCount":0}

[90mstdout[2m | src/game-systems/npc/__tests__/npc-batch-init.test.ts[22m[39m
02:00:03 [[32minfo[39m]  Help registry loaded: 22 tools {"tools":["batch_query_service","challenge_service","... (22 items)"]}
02:00:03 [[32minfo[39m]  Creating GameMasterAgent (as AgentRuntime with isSubAgent=false)
02:00:03 [[32minfo[39m]  Handler subscribed {"eventType":"dialogue"}
02:00:03 [[32minfo[39m]  Handler subscribed {"eventType":"combat_end"}
02:00:03 [[32minfo[39m]  AwarenessAutoSubscriber subscribed to dialogue + combat_end events
02:00:03 [[32minfo[39m]  Agent initialized: gamemaster - GameMasterAgent
02:00:03 [[32minfo[39m] [AGENT-START] Agent gamemaster starting {"agent":"gamemaster","provider":null,"toolsConfigured":1,"maxIterations":200,"isSubAgent":false}
02:00:03 [[32minfo[39m]  Handler subscribed {"eventType":"chapter_advanced"}
02:00:03 [[32minfo[39m]  Creating AgentRuntime instances from default profile: fantasy_rpg
02:00:03 [[32minfo[39m]  Creating agents from profile: fantasy_rpg {"agentCount":10}
02:00:03 [[32minfo[39m]  Agent initialized: gamemaster - GameMasterAgent
02:00:03 [[32minfo[39m] [AGENT-START] Agent gamemaster starting {"agent":"gamemaster","provider":null,"toolsConfigured":1,"maxIterations":200,"isSubAgent":false}
02:00:03 [[32minfo[39m]  Created AgentRuntime: gamemaster {"profile":"fantasy_rpg","tools":["all"]}
02:00:03 [[32minfo[39m]  Agent initialized: map - MapAgent
02:00:03 [[32minfo[39m] [AGENT-START] Agent map starting {"agent":"map","provider":null,"toolsConfigured":7,"maxIterations":200,"isSubAgent":true}
02:00:03 [[32minfo[39m]  Created AgentRuntime: map {"profile":"fantasy_rpg","tools":["map_service","npc_service","... (7 items)"]}
02:00:03 [[32minfo[39m]  Agent initialized: challenge - ChallengeAgent
02:00:03 [[32minfo[39m] [AGENT-START] Agent challenge starting {"agent":"challenge","provider":null,"toolsConfigured":9,"maxIterations":200,"isSubAgent":true}
02:00:03 [[32minfo[39m]  Created AgentRuntime: challenge {"profile":"fantasy_rpg","tools":["challenge_service","numerical_service","... (9 items)"]}
02:00:03 [[32minfo[39m]  Agent initialized: output - OutputAgent
02:00:03 [[32minfo[39m] [AGENT-START] Agent output starting {"agent":"output","provider":null,"toolsConfigured":5,"maxIterations":200,"isSubAgent":true}
02:00:03 [[32minfo[39m]  Created AgentRuntime: output {"profile":"fantasy_rpg","tools":["dialogue_service","dynamic_ui","... (5 items)"]}
02:00:03 [[32minfo[39m]  Agent initialized: quest - QuestAgent
02:00:03 [[32minfo[39m] [AGENT-START] Agent quest starting {"agent":"quest","provider":null,"toolsConfigured":11,"maxIterations":200,"isSubAgent":true}
02:00:03 [[32minfo[39m]  Created AgentRuntime: quest {"profile":"fantasy_rpg","tools":["quest_service","numerical_service","... (11 items)"]}
02:00:03 [[32minfo[39m]  Agent initialized: npc_party - NPCPartyAgent
02:00:03 [[32minfo[39m] [AGENT-START] Agent npc_party starting {"agent":"npc_party","provider":null,"toolsConfigured":9,"maxIterations":200,"isSubAgent":true}
02:00:03 [[32minfo[39m]  Created AgentRuntime: npc_party {"profile":"fantasy_rpg","tools":["npc_service","entity_graph_service","... (9 items)"]}
02:00:03 [[32minfo[39m]  Agent initialized: inventory - InventoryAgent
02:00:03 [[32minfo[39m] [AGENT-START] Agent inventory starting {"agent":"inventory","provider":null,"toolsConfigured":8,"maxIterations":200,"isSubAgent":true}
02:00:03 [[32minfo[39m]  Created AgentRuntime: inventory {"profile":"fantasy_rpg","tools":["inventory_service","template_pool_service","... (8 items)"]}
02:00:03 [[32minfo[39m]  Agent initialized: skill - SkillAgent
02:00:03 [[32minfo[39m] [AGENT-START] Agent skill starting {"agent":"skill","provider":null,"toolsConfigured":7,"maxIterations":200,"isSubAgent":true}
02:00:03 [[32minfo[39m]  Created AgentRuntime: skill {"profile":"fantasy_rpg","tools":["skill_service","template_pool_service","... (7 items)"]}
02:00:03 [[32minfo[39m]  Agent initialized: event - EventAgent
02:00:03 [[32minfo[39m] [AGENT-START] Agent event starting {"agent":"event","provider":null,"toolsConfigured":5,"maxIterations":200,"isSubAgent":true}
02:00:03 [[32minfo[39m]  Created AgentRuntime: event {"profile":"fantasy_rpg","tools":["event_service","game_time_service","... (5 items)"]}
02:00:03 [[32minfo[39m]  Agent initialized: time - TimeAgent
02:00:03 [[32minfo[39m] [AGENT-START] Agent time starting {"agent":"time","provider":null,"toolsConfigured":4,"maxIterations":200,"isSubAgent":true}
02:00:03 [[32minfo[39m]  Created AgentRuntime: time {"profile":"fantasy_rpg","tools":["game_time_service","rule_service","... (4 items)"]}
02:00:03 [[32minfo[39m]  Permissions configured from agent.tools for profile: fantasy_rpg
02:00:03 [[32minfo[39m]  YAML permissions configured
02:00:03 [[32minfo[39m]  Registering AgentRuntime instances to GameMasterAgent...
02:00:03 [[32minfo[39m]  Registered AgentRuntime to Coordinator: gamemaster
02:00:03 [[32minfo[39m]  Registered AgentRuntime to Coordinator: map
02:00:03 [[32minfo[39m]  Registered AgentRuntime to Coordinator: challenge
02:00:03 [[32minfo[39m]  Registered AgentRuntime to Coordinator: output
02:00:03 [[32minfo[39m]  Registered AgentRuntime to Coordinator: quest
02:00:03 [[32minfo[39m]  Registered AgentRuntime to Coordinator: npc_party
02:00:03 [[32minfo[39m]  Registered AgentRuntime to Coordinator: inventory
02:00:03 [[32minfo[39m]  Registered AgentRuntime to Coordinator: skill
02:00:03 [[32minfo[39m]  Registered AgentRuntime to Coordinator: event
02:00:03 [[32minfo[39m]  Registered AgentRuntime to Coordinator: time
02:00:03 [[32minfo[39m]  GameDataExpander configured (manifest path enabled)
02:00:03 [[32minfo[39m]  DedupService configured (dispatch log persistence enabled)
02:00:03 [[32minfo[39m]  Agent system initialized: 10 AgentRuntime instances created
鉁?Agent system initialized with 10 agents
鈿狅笍 YAML Agent system skipped: __vi_import_5__.initializeYamlAgentSystem is not a function
02:00:03 [[32minfo[39m]  Agent routes initialized
02:00:03 [[32minfo[39m]  Save routes initialized
02:00:03 [[32minfo[39m]  Synced template from YAML to DB: cthulhu-investigation
02:00:03 [[32minfo[39m]  Synced template from YAML to DB: cyberpunk-mercenary
02:00:03 [[32minfo[39m]  Synced template from YAML to DB: medieval-fantasy
02:00:03 [[32minfo[39m]  Synced template from YAML to DB: modern-romance
02:00:03 [[32minfo[39m]  Synced template from YAML to DB: xianxia
02:00:03 [[32minfo[39m]  Synced 5 templates from YAML to database
02:00:03 [[32minfo[39m]  Cache refreshed with 5 templates
02:00:03 [[32minfo[39m]  TemplateService loaded {"cachedTemplates":5}
鉁?Template YAML loaded and synced to DB
02:00:03 [[32minfo[39m]  Template routes initialized
鉁?Test environment setup complete
鉁?Database connection closed

 [32m鉁?[39m src/game-systems/npc/__tests__/npc-batch-init.test.ts [2m ([22m[2m11 tests[22m[2m)[22m[33m 1870[2mms[22m[39m
[90mstdout[2m | tests/config/config.routes.test.ts[22m[39m
02:00:03 [[32minfo[39m]  Discovered 187 help files {"dir":"C:\\Users\\super\\Documents\\trae_projects\\AGG-main\\packages\\backend\\config\\agent-help"}

[90mstdout[2m | src/routes/__tests__/dev-runtime-events.test.ts[22m[39m
02:00:03 [[32minfo[39m]  Help registry loaded: 22 tools {"tools":["batch_query_service","challenge_service","... (22 items)"]}
02:00:03 [[32minfo[39m]  Creating GameMasterAgent (as AgentRuntime with isSubAgent=false)
02:00:03 [[32minfo[39m]  Handler subscribed {"eventType":"dialogue"}
02:00:03 [[32minfo[39m]  Handler subscribed {"eventType":"combat_end"}
02:00:03 [[32minfo[39m]  AwarenessAutoSubscriber subscribed to dialogue + combat_end events
02:00:03 [[32minfo[39m]  Agent initialized: gamemaster - GameMasterAgent
02:00:03 [[32minfo[39m] [AGENT-START] Agent gamemaster starting {"agent":"gamemaster","provider":null,"toolsConfigured":1,"maxIterations":200,"isSubAgent":false}
02:00:03 [[32minfo[39m]  Handler subscribed {"eventType":"chapter_advanced"}
02:00:03 [[32minfo[39m]  Creating AgentRuntime instances from default profile: fantasy_rpg
02:00:03 [[32minfo[39m]  Creating agents from profile: fantasy_rpg {"agentCount":10}
02:00:03 [[32minfo[39m]  Agent initialized: gamemaster - GameMasterAgent
02:00:03 [[32minfo[39m] [AGENT-START] Agent gamemaster starting {"agent":"gamemaster","provider":null,"toolsConfigured":1,"maxIterations":200,"isSubAgent":false}
02:00:03 [[32minfo[39m]  Created AgentRuntime: gamemaster {"profile":"fantasy_rpg","tools":["all"]}
02:00:03 [[32minfo[39m]  Agent initialized: map - MapAgent
02:00:03 [[32minfo[39m] [AGENT-START] Agent map starting {"agent":"map","provider":null,"toolsConfigured":7,"maxIterations":200,"isSubAgent":true}
02:00:03 [[32minfo[39m]  Created AgentRuntime: map {"profile":"fantasy_rpg","tools":["map_service","npc_service","... (7 items)"]}
02:00:03 [[32minfo[39m]  Agent initialized: challenge - ChallengeAgent
02:00:03 [[32minfo[39m] [AGENT-START] Agent challenge starting {"agent":"challenge","provider":null,"toolsConfigured":9,"maxIterations":200,"isSubAgent":true}
02:00:03 [[32minfo[39m]  Created AgentRuntime: challenge {"profile":"fantasy_rpg","tools":["challenge_service","numerical_service","... (9 items)"]}
02:00:03 [[32minfo[39m]  Agent initialized: output - OutputAgent
02:00:03 [[32minfo[39m] [AGENT-START] Agent output starting {"agent":"output","provider":null,"toolsConfigured":5,"maxIterations":200,"isSubAgent":true}
02:00:03 [[32minfo[39m]  Created AgentRuntime: output {"profile":"fantasy_rpg","tools":["dialogue_service","dynamic_ui","... (5 items)"]}
02:00:03 [[32minfo[39m]  Agent initialized: quest - QuestAgent
02:00:03 [[32minfo[39m] [AGENT-START] Agent quest starting {"agent":"quest","provider":null,"toolsConfigured":11,"maxIterations":200,"isSubAgent":true}
02:00:03 [[32minfo[39m]  Created AgentRuntime: quest {"profile":"fantasy_rpg","tools":["quest_service","numerical_service","... (11 items)"]}
02:00:03 [[32minfo[39m]  Agent initialized: npc_party - NPCPartyAgent
02:00:03 [[32minfo[39m] [AGENT-START] Agent npc_party starting {"agent":"npc_party","provider":null,"toolsConfigured":9,"maxIterations":200,"isSubAgent":true}
02:00:03 [[32minfo[39m]  Created AgentRuntime: npc_party {"profile":"fantasy_rpg","tools":["npc_service","entity_graph_service","... (9 items)"]}
02:00:03 [[32minfo[39m]  Agent initialized: inventory - InventoryAgent
02:00:03 [[32minfo[39m] [AGENT-START] Agent inventory starting {"agent":"inventory","provider":null,"toolsConfigured":8,"maxIterations":200,"isSubAgent":true}
02:00:03 [[32minfo[39m]  Created AgentRuntime: inventory {"profile":"fantasy_rpg","tools":["inventory_service","template_pool_service","... (8 items)"]}
02:00:03 [[32minfo[39m]  Agent initialized: skill - SkillAgent
02:00:03 [[32minfo[39m] [AGENT-START] Agent skill starting {"agent":"skill","provider":null,"toolsConfigured":7,"maxIterations":200,"isSubAgent":true}
02:00:03 [[32minfo[39m]  Created AgentRuntime: skill {"profile":"fantasy_rpg","tools":["skill_service","template_pool_service","... (7 items)"]}
02:00:03 [[32minfo[39m]  Agent initialized: event - EventAgent
02:00:03 [[32minfo[39m] [AGENT-START] Agent event starting {"agent":"event","provider":null,"toolsConfigured":5,"maxIterations":200,"isSubAgent":true}
02:00:03 [[32minfo[39m]  Created AgentRuntime: event {"profile":"fantasy_rpg","tools":["event_service","game_time_service","... (5 items)"]}
02:00:03 [[32minfo[39m]  Agent initialized: time - TimeAgent
02:00:03 [[32minfo[39m] [AGENT-START] Agent time starting {"agent":"time","provider":null,"toolsConfigured":4,"maxIterations":200,"isSubAgent":true}
02:00:03 [[32minfo[39m]  Created AgentRuntime: time {"profile":"fantasy_rpg","tools":["game_time_service","rule_service","... (4 items)"]}
02:00:03 [[32minfo[39m]  Permissions configured from agent.tools for profile: fantasy_rpg
02:00:03 [[32minfo[39m]  YAML permissions configured
02:00:03 [[32minfo[39m]  Registering AgentRuntime instances to GameMasterAgent...
02:00:03 [[32minfo[39m]  Registered AgentRuntime to Coordinator: gamemaster
02:00:03 [[32minfo[39m]  Registered AgentRuntime to Coordinator: map
02:00:03 [[32minfo[39m]  Registered AgentRuntime to Coordinator: challenge
02:00:03 [[32minfo[39m]  Registered AgentRuntime to Coordinator: output
02:00:03 [[32minfo[39m]  Registered AgentRuntime to Coordinator: quest
02:00:03 [[32minfo[39m]  Registered AgentRuntime to Coordinator: npc_party
02:00:03 [[32minfo[39m]  Registered AgentRuntime to Coordinator: inventory
02:00:03 [[32minfo[39m]  Registered AgentRuntime to Coordinator: skill
02:00:03 [[32minfo[39m]  Registered AgentRuntime to Coordinator: event
02:00:03 [[32minfo[39m]  Registered AgentRuntime to Coordinator: time
02:00:03 [[32minfo[39m]  GameDataExpander configured (manifest path enabled)
02:00:03 [[32minfo[39m]  DedupService configured (dispatch log persistence enabled)
02:00:03 [[32minfo[39m]  Agent system initialized: 10 AgentRuntime instances created
鉁?Agent system initialized with 10 agents
鈿狅笍 YAML Agent system skipped: __vi_import_5__.initializeYamlAgentSystem is not a function
02:00:03 [[32minfo[39m]  Agent routes initialized
02:00:03 [[32minfo[39m]  Save routes initialized
02:00:03 [[32minfo[39m]  Synced template from YAML to DB: cthulhu-investigation
02:00:03 [[32minfo[39m]  Synced template from YAML to DB: cyberpunk-mercenary
02:00:03 [[32minfo[39m]  Synced template from YAML to DB: medieval-fantasy
02:00:03 [[32minfo[39m]  Synced template from YAML to DB: modern-romance
02:00:03 [[32minfo[39m]  Synced template from YAML to DB: xianxia
02:00:03 [[32minfo[39m]  Synced 5 templates from YAML to database
02:00:03 [[32minfo[39m]  Cache refreshed with 5 templates
02:00:03 [[32minfo[39m]  TemplateService loaded {"cachedTemplates":5}
鉁?Template YAML loaded and synced to DB
02:00:03 [[32minfo[39m]  Template routes initialized
鉁?Test environment setup complete

[90mstdout[2m | src/routes/__tests__/dev-runtime-events.test.ts[2m > [22m[2mDev API 鈥?runtime-events endpoint[2m > [22m[2mreturns 400 when saveId is missing[22m[39m
02:00:03 [[32minfo[39m]  Dev routes initialized

[90mstdout[2m | src/routes/__tests__/dev-runtime-events.test.ts[2m > [22m[2mDev API 鈥?runtime-events endpoint[2m > [22m[2mreturns 503 when DevTraceCollector is not available[22m[39m
02:00:03 [[32minfo[39m]  Dev routes initialized

[90mstdout[2m | src/routes/__tests__/dev-runtime-events.test.ts[2m > [22m[2mDev API 鈥?runtime-events endpoint[2m > [22m[2mreturns runtime events for a saveId[22m[39m
02:00:03 [[32minfo[39m]  Dev routes initialized

[90mstdout[2m | src/routes/__tests__/dev-runtime-events.test.ts[2m > [22m[2mDev API 鈥?runtime-events endpoint[2m > [22m[2mfilters runtime events by type[22m[39m
02:00:03 [[32minfo[39m]  Dev routes initialized

[90mstdout[2m | src/routes/__tests__/dev-runtime-events.test.ts[2m > [22m[2mDev API 鈥?runtime-events endpoint[2m > [22m[2mfilters runtime events by requestId[22m[39m
02:00:03 [[32minfo[39m]  Dev routes initialized

[90mstdout[2m | src/routes/__tests__/dev-runtime-events.test.ts[2m > [22m[2mDev API 鈥?runtime-events endpoint[2m > [22m[2mrespects limit parameter[22m[39m
02:00:03 [[32minfo[39m]  Dev routes initialized

[90mstdout[2m | src/routes/__tests__/dev-runtime-events.test.ts[2m > [22m[2mDev API 鈥?runtime-events endpoint[2m > [22m[2mreturns empty events for saveId with no data[22m[39m
02:00:03 [[32minfo[39m]  Dev routes initialized

[90mstdout[2m | src/routes/__tests__/dev-runtime-events.test.ts[2m > [22m[2mDev API 鈥?runtime-events endpoint[2m > [22m[2mreturns event with full traceIds structure[22m[39m
02:00:03 [[32minfo[39m]  Dev routes initialized

[90mstdout[2m | src/routes/__tests__/dev-runtime-events.test.ts[2m > [22m[2mDev API 鈥?runtime-events endpoint[2m > [22m[2mcombines type and requestId filters[22m[39m
02:00:03 [[32minfo[39m]  Dev routes initialized

[90mstdout[2m | src/routes/__tests__/dev-runtime-events.test.ts[22m[39m
鉁?Database connection closed

 [32m鉁?[39m src/routes/__tests__/dev-runtime-events.test.ts [2m ([22m[2m9 tests[22m[2m)[22m[33m 1089[2mms[22m[39m
[90mstdout[2m | tests/config/config.routes.test.ts[22m[39m
02:00:03 [[32minfo[39m]  Help registry loaded: 22 tools {"tools":["batch_query_service","challenge_service","... (22 items)"]}
02:00:03 [[32minfo[39m]  Creating GameMasterAgent (as AgentRuntime with isSubAgent=false)
02:00:03 [[32minfo[39m]  Handler subscribed {"eventType":"dialogue"}
02:00:03 [[32minfo[39m]  Handler subscribed {"eventType":"combat_end"}
02:00:03 [[32minfo[39m]  AwarenessAutoSubscriber subscribed to dialogue + combat_end events
02:00:03 [[32minfo[39m]  Agent initialized: gamemaster - GameMasterAgent
02:00:03 [[32minfo[39m] [AGENT-START] Agent gamemaster starting {"agent":"gamemaster","provider":null,"toolsConfigured":1,"maxIterations":200,"isSubAgent":false}
02:00:03 [[32minfo[39m]  Handler subscribed {"eventType":"chapter_advanced"}
02:00:03 [[32minfo[39m]  Creating AgentRuntime instances from default profile: fantasy_rpg
02:00:03 [[32minfo[39m]  Creating agents from profile: fantasy_rpg {"agentCount":10}
02:00:03 [[32minfo[39m]  Agent initialized: gamemaster - GameMasterAgent
02:00:03 [[32minfo[39m] [AGENT-START] Agent gamemaster starting {"agent":"gamemaster","provider":null,"toolsConfigured":1,"maxIterations":200,"isSubAgent":false}
02:00:03 [[32minfo[39m]  Created AgentRuntime: gamemaster {"profile":"fantasy_rpg","tools":["all"]}
02:00:03 [[32minfo[39m]  Agent initialized: map - MapAgent
02:00:03 [[32minfo[39m] [AGENT-START] Agent map starting {"agent":"map","provider":null,"toolsConfigured":7,"maxIterations":200,"isSubAgent":true}
02:00:03 [[32minfo[39m]  Created AgentRuntime: map {"profile":"fantasy_rpg","tools":["map_service","npc_service","... (7 items)"]}
02:00:03 [[32minfo[39m]  Agent initialized: challenge - ChallengeAgent
02:00:03 [[32minfo[39m] [AGENT-START] Agent challenge starting {"agent":"challenge","provider":null,"toolsConfigured":9,"maxIterations":200,"isSubAgent":true}
02:00:03 [[32minfo[39m]  Created AgentRuntime: challenge {"profile":"fantasy_rpg","tools":["challenge_service","numerical_service","... (9 items)"]}
02:00:03 [[32minfo[39m]  Agent initialized: output - OutputAgent
02:00:03 [[32minfo[39m] [AGENT-START] Agent output starting {"agent":"output","provider":null,"toolsConfigured":5,"maxIterations":200,"isSubAgent":true}
02:00:03 [[32minfo[39m]  Created AgentRuntime: output {"profile":"fantasy_rpg","tools":["dialogue_service","dynamic_ui","... (5 items)"]}
02:00:03 [[32minfo[39m]  Agent initialized: quest - QuestAgent
02:00:03 [[32minfo[39m] [AGENT-START] Agent quest starting {"agent":"quest","provider":null,"toolsConfigured":11,"maxIterations":200,"isSubAgent":true}
02:00:03 [[32minfo[39m]  Created AgentRuntime: quest {"profile":"fantasy_rpg","tools":["quest_service","numerical_service","... (11 items)"]}
02:00:03 [[32minfo[39m]  Agent initialized: npc_party - NPCPartyAgent
02:00:03 [[32minfo[39m] [AGENT-START] Agent npc_party starting {"agent":"npc_party","provider":null,"toolsConfigured":9,"maxIterations":200,"isSubAgent":true}
02:00:03 [[32minfo[39m]  Created AgentRuntime: npc_party {"profile":"fantasy_rpg","tools":["npc_service","entity_graph_service","... (9 items)"]}
02:00:03 [[32minfo[39m]  Agent initialized: inventory - InventoryAgent
02:00:03 [[32minfo[39m] [AGENT-START] Agent inventory starting {"agent":"inventory","provider":null,"toolsConfigured":8,"maxIterations":200,"isSubAgent":true}
02:00:03 [[32minfo[39m]  Created AgentRuntime: inventory {"profile":"fantasy_rpg","tools":["inventory_service","template_pool_service","... (8 items)"]}
02:00:03 [[32minfo[39m]  Agent initialized: skill - SkillAgent
02:00:03 [[32minfo[39m] [AGENT-START] Agent skill starting {"agent":"skill","provider":null,"toolsConfigured":7,"maxIterations":200,"isSubAgent":true}
02:00:03 [[32minfo[39m]  Created AgentRuntime: skill {"profile":"fantasy_rpg","tools":["skill_service","template_pool_service","... (7 items)"]}
02:00:03 [[32minfo[39m]  Agent initialized: event - EventAgent
02:00:03 [[32minfo[39m] [AGENT-START] Agent event starting {"agent":"event","provider":null,"toolsConfigured":5,"maxIterations":200,"isSubAgent":true}
02:00:03 [[32minfo[39m]  Created AgentRuntime: event {"profile":"fantasy_rpg","tools":["event_service","game_time_service","... (5 items)"]}
02:00:03 [[32minfo[39m]  Agent initialized: time - TimeAgent
02:00:03 [[32minfo[39m] [AGENT-START] Agent time starting {"agent":"time","provider":null,"toolsConfigured":4,"maxIterations":200,"isSubAgent":true}
02:00:03 [[32minfo[39m]  Created AgentRuntime: time {"profile":"fantasy_rpg","tools":["game_time_service","rule_service","... (4 items)"]}
02:00:03 [[32minfo[39m]  Permissions configured from agent.tools for profile: fantasy_rpg
02:00:03 [[32minfo[39m]  YAML permissions configured
02:00:03 [[32minfo[39m]  Registering AgentRuntime instances to GameMasterAgent...
02:00:03 [[32minfo[39m]  Registered AgentRuntime to Coordinator: gamemaster
02:00:03 [[32minfo[39m]  Registered AgentRuntime to Coordinator: map
02:00:03 [[32minfo[39m]  Registered AgentRuntime to Coordinator: challenge
02:00:03 [[32minfo[39m]  Registered AgentRuntime to Coordinator: output
02:00:03 [[32minfo[39m]  Registered AgentRuntime to Coordinator: quest
02:00:03 [[32minfo[39m]  Registered AgentRuntime to Coordinator: npc_party
02:00:03 [[32minfo[39m]  Registered AgentRuntime to Coordinator: inventory
02:00:03 [[32minfo[39m]  Registered AgentRuntime to Coordinator: skill
02:00:03 [[32minfo[39m]  Registered AgentRuntime to Coordinator: event
02:00:03 [[32minfo[39m]  Registered AgentRuntime to Coordinator: time
02:00:03 [[32minfo[39m]  GameDataExpander configured (manifest path enabled)
02:00:03 [[32minfo[39m]  DedupService configured (dispatch log persistence enabled)
02:00:03 [[32minfo[39m]  Agent system initialized: 10 AgentRuntime instances created
鉁?Agent system initialized with 10 agents
鈿狅笍 YAML Agent system skipped: __vi_import_5__.initializeYamlAgentSystem is not a function
02:00:03 [[32minfo[39m]  Agent routes initialized
02:00:03 [[32minfo[39m]  Save routes initialized
02:00:03 [[32minfo[39m]  Synced template from YAML to DB: cthulhu-investigation
02:00:03 [[32minfo[39m]  Synced template from YAML to DB: cyberpunk-mercenary
02:00:03 [[32minfo[39m]  Synced template from YAML to DB: medieval-fantasy
02:00:03 [[32minfo[39m]  Synced template from YAML to DB: modern-romance
02:00:03 [[32minfo[39m]  Synced template from YAML to DB: xianxia
02:00:03 [[32minfo[39m]  Synced 5 templates from YAML to database
02:00:03 [[32minfo[39m]  Cache refreshed with 5 templates
02:00:03 [[32minfo[39m]  TemplateService loaded {"cachedTemplates":5}
鉁?Template YAML loaded and synced to DB
02:00:03 [[32minfo[39m]  Template routes initialized
鉁?Test environment setup complete

[90mstdout[2m | tests/config/config.routes.test.ts[2m > [22m[2mConfig Routes Integration Tests[22m[39m
02:00:04 [[32minfo[39m]  GET /api/v1/config/agent-profiles 404 5ms 46c02868 {"method":"GET","url":"/api/v1/config/agent-profiles","status":404,"duration":"5ms"}

[90mstdout[2m | tests/config/config.routes.test.ts[22m[39m
鉁?Database connection closed

 [32m鉁?[39m tests/config/config.routes.test.ts [2m ([22m[2m13 tests[22m[2m)[22m[33m 902[2mms[22m[39m
[90mstdout[2m | tests/agent-system/scheduling.test.ts[2m > [22m[2mAgent Scheduling System[2m > [22m[2mDirect Agent Messaging[2m > [22m[2mshould process valid direct message to output agent[22m[39m
02:00:04 [[32minfo[39m] [LLM-INPUT] LLM input for output, iteration 1 (full context) iter=1 f81c4d76 {"agent":"output","model":"openrouter/free","provider":"e6890397-e2a2-4e66-82b0-162c76b51777","cumulativeMessages":2,"toolsCount":9,"messages":[{"role":"system","content":"浣犳槸杈撳嚭Agent锛圠ayer 3锛夛紝璐熻矗AI-generated Games涓殑瀵硅瘽鍙欎簨鐢熸垚鍜孶I鎸囦护鐢熸垚銆俓n\n## 瑙掕壊瀹氫箟\n浣犳槸灞曠ず灞傜殑鏍稿績Agent锛岃礋璐ｄ袱椤圭嫭绔嬩换鍔★細\n- **瀵硅瘽鍙欎簨**锛氬皢Domain Agent鐨勬暟鎹暣鍚堟鼎鑹蹭负鐢熷姩鐨勫璇濆彊浜嬶紝鐢熸垚澶歂PC瀵硅瘽鍐呭銆佹梺鐧芥弿杩板拰瀵硅瘽閫夐」锛岄€氳繃 `dialogue_service.submit_dialogue` 鎻愪氦\n- **UI鎸囦护*... (11282 chars)"},{"role":"user","content":"[鐜╁鎿嶄綔: direct_message]"}],"tools":[{"name":"game_time_service__get_current_time","description":"鑾峰彇褰撳墠娓告垙鏃堕棿 鑾峰彇褰撳墠娓告垙鏃堕棿璇︽儏","parameters":{}},{"name":"game_time_service__get_period_of_day","description":"鑾峰彇褰撳墠鏃堕棿娈?鑾峰彇褰撳墠鏃堕棿娈碉紙榛庢槑/涓婂崍/涓崍/涓嬪崍/鍌嶆櫄/澶滄櫄/鍗堝锛?,"parameters":{}},"... (9 items)"],"temperature":0.85,"maxTokens":8192,"responseFormat":{"type":"json_object"}}
02:00:04 [[32minfo[39m] [LLM-REQUEST] Provider request to openai/openrouter/free, 2 messages f81c4d76 {"provider":"openai","model":"openrouter/free","messageCount":2,"toolsCount":9,"temperature":0.85,"maxTokens":16384}

[90mstdout[2m | src/services/__tests__/dev-trace-collector-runtime-event.test.ts[22m[39m
馃И Setting up comprehensive test environment...
鉁?Database connected
Running migration: 001_init.ts

[90mstdout[2m | src/services/__tests__/TraceCollector.test.ts[22m[39m
馃И Setting up comprehensive test environment...
鉁?Database connected
Running migration: 001_init.ts

[90mstdout[2m | src/game-systems/character/__tests__/CharacterRepository.test.ts[22m[39m
馃И Setting up comprehensive test environment...
鉁?Database connected
Running migration: 001_init.ts

[90mstdout[2m | src/services/__tests__/TraceCollector.test.ts[22m[39m
Migration 001_init.ts completed successfully
Running migration: 002_add_equipped_index.ts

[90mstdout[2m | src/services/__tests__/TraceCollector.test.ts[22m[39m
Migration 002_add_equipped_index.ts completed successfully
Running migration: 003_fix_information_boundaries_timestamps.ts

[90mstdout[2m | src/services/__tests__/TraceCollector.test.ts[22m[39m
Migration 003_fix_information_boundaries_timestamps.ts completed successfully
Running migration: 004_drop_information_boundaries.ts
004_drop_information_boundaries: information_boundaries table not found, skipping migration
004_drop_information_boundaries: cleared custom_data.knowledge from 0 NPCs
Migration 004_drop_information_boundaries.ts completed successfully
Running migration: 005_drop_npc_relations.ts

[90mstdout[2m | src/services/__tests__/TraceCollector.test.ts[22m[39m
005_drop_npc_relations: dropped npc_relations table
Migration 005_drop_npc_relations.ts completed successfully
Running migration: 006_awareness_relationship_events_states.ts
006: created entity_awareness_events table
006: created entity_awareness_states table
006: created entity_relationship_events table
006: created entity_relationship_states table
Migration 006_awareness_relationship_events_states.ts completed successfully
Running migration: 007_add_combat_mode.ts

[90mstdout[2m | src/game-systems/character/__tests__/CharacterRepository.test.ts[22m[39m
Migration 001_init.ts completed successfully
Running migration: 002_add_equipped_index.ts
Migration 002_add_equipped_index.ts completed successfully
Running migration: 003_fix_information_boundaries_timestamps.ts
Migration 003_fix_information_boundaries_timestamps.ts completed successfully
Running migration: 004_drop_information_boundaries.ts
004_drop_information_boundaries: information_boundaries table not found, skipping migration
004_drop_information_boundaries: cleared custom_data.knowledge from 0 NPCs
Migration 004_drop_information_boundaries.ts completed successfully
Running migration: 005_drop_npc_relations.ts
005_drop_npc_relations: dropped npc_relations table
Migration 005_drop_npc_relations.ts completed successfully
Running migration: 006_awareness_relationship_events_states.ts
006: created entity_awareness_events table
006: created entity_awareness_states table
006: created entity_relationship_events table
006: created entity_relationship_states table
Migration 006_awareness_relationship_events_states.ts completed successfully
Running migration: 007_add_combat_mode.ts
007: added combat_states.mode column
Migration 007_add_combat_mode.ts completed successfully
Running migration: 008_add_saves_active_challenge_mode.ts
008: added saves.active_challenge_mode column
Migration 008_add_saves_active_challenge_mode.ts completed successfully
All migrations completed
鉁?Migrations completed
All seeds completed
鉁?Seeds completed
02:00:05 [[32minfo[39m]  Starting YAML-driven Agent system initialization
02:00:05 [[32minfo[39m]  Seeding ModelConfigService from environment
02:00:05 [[32minfo[39m]  No DEEPSEEK_API_KEY env var found, skipping env seed
02:00:05 [[32minfo[39m]  Seeded provider from convict config {"providerType":"openai","providerId":"acc1fabc-7bd9-4bd4-8bc4-f98a26fb55f3","model":"openrouter/free"}
02:00:05 [[32minfo[39m]  Creating LLMService with ModelConfigService
02:00:05 [[32minfo[39m]  Creating ContextService and DecisionLogService instances
02:00:05 [[32minfo[39m]  Initializing YAML-driven Agent profiles...
02:00:05 [[32minfo[39m]  Loading config from directory: C:\Users\super\Documents\trae_projects\AGG-main\packages\backend\config
02:00:05 [[32minfo[39m]  Loaded agent profile: fantasy_rpg
02:00:05 [[32minfo[39m]  Loaded agent profile: minimal_test
02:00:05 [[32minfo[39m]  Loaded 0 non-builtin profiles from database (0 builtin skipped, using YAML)
02:00:05 [[32minfo[39m]  Config loaded successfully: 2 profiles
02:00:05 [[32minfo[39m]  YAML config loaded successfully
02:00:05 [[32minfo[39m]  Context rules loaded {"agentCount":10}
02:00:05 [[32minfo[39m]  Default manifests loaded {"agentTypeCount":6,"manifestCount":8}
02:00:05 [[32minfo[39m]  Context rules file watcher started {"path":"C:\\Users\\super\\Documents\\trae_projects\\AGG-main\\packages\\backend\\config\\agent-context-rules.yaml"}
02:00:05 [[32minfo[39m]  Loaded 10 agent capabilities from YAML profiles
02:00:05 [[32minfo[39m]  ToolRegistry initialized
02:00:05 [[32minfo[39m]  Registering ServiceTools to ToolRegistry
02:00:05 [[32minfo[39m]  Tool registered: game_time_service - GameTime Service (v1.0.0)
02:00:05 [[32minfo[39m]  Tool registered: numerical_service - Numerical Service (v1.0.0)
02:00:05 [[32minfo[39m]  Tool registered: character_service - Character Service (v1.0.0)
02:00:05 [[32minfo[39m]  Tool registered: inventory_service - Inventory Service (v1.0.0)
02:00:05 [[32minfo[39m]  Tool registered: skill_service - Skill Service (v1.1.0)
02:00:05 [[32minfo[39m]  Tool registered: map_service - Map Service (v2.0.0)
02:00:05 [[32minfo[39m]  Tool registered: npc_service - NPC Service (v1.0.0)
02:00:05 [[32minfo[39m]  Tool registered: dialogue_service - Dialogue Service (v1.0.0)
02:00:05 [[32minfo[39m]  Tool registered: quest_service - Quest Service (v1.0.0)
02:00:05 [[32minfo[39m]  Tool registered: challenge_service - Challenge Service (v1.0.0)
02:00:05 [[32minfo[39m]  Tool registered: event_service - Event Service (v1.0.0)
02:00:05 [[32minfo[39m]  Tool registered: story_service - Story Service (v1.0.0)
02:00:05 [[32minfo[39m]  Tool registered: game_init_service - Game Init Service (v2.0.0)
02:00:05 [[32minfo[39m]  Tool registered: batch_query_service - Batch Query Service (v1.0.0)
02:00:05 [[32minfo[39m]  Tool registered: entity_graph_service - Entity Graph Service (v1.0.0)
02:00:05 [[32minfo[39m]  Tool registered: template_pool_service - Template Pool Service (v1.0.0)
02:00:05 [[32minfo[39m]  Tool registered: dynamic_ui - Dynamic UI Service (v1.0.0)
02:00:05 [[32minfo[39m]  Tool registered: generate_options - Generate Options Service (v2.0.0)
02:00:05 [[32minfo[39m]  Tool registered: coordinator_service - Coordinator Service (v1.0.0)
02:00:05 [[32minfo[39m]  Tool registered: rule_service - Rule Service (v1.0.0)
02:00:05 [[32minfo[39m]  Tool registered: skill_loader - Skill Loader (v1.0.0)
02:00:05 [[32minfo[39m]  Tool registered: help_service - Help Service (v1.0.0)
02:00:05 [[32minfo[39m]  Tool registered: memory_service - Memory Service (v1.0.0)
02:00:05 [[32minfo[39m]  Registered 23 ServiceTools to ToolRegistry
02:00:05 [[32minfo[39m]  Tool reference validation passed

[90mstdout[2m | src/services/__tests__/TraceCollector.test.ts[22m[39m
007: added combat_states.mode column
Migration 007_add_combat_mode.ts completed successfully
Running migration: 008_add_saves_active_challenge_mode.ts
008: added saves.active_challenge_mode column
Migration 008_add_saves_active_challenge_mode.ts completed successfully
All migrations completed
鉁?Migrations completed
All seeds completed
鉁?Seeds completed
02:00:05 [[32minfo[39m]  Starting YAML-driven Agent system initialization
02:00:05 [[32minfo[39m]  Seeding ModelConfigService from environment
02:00:05 [[32minfo[39m]  No DEEPSEEK_API_KEY env var found, skipping env seed
02:00:05 [[32minfo[39m]  Seeded provider from convict config {"providerType":"openai","providerId":"000ffc51-9f99-4811-b2f8-30ebc4cdaad4","model":"openrouter/free"}
02:00:05 [[32minfo[39m]  Creating LLMService with ModelConfigService
02:00:05 [[32minfo[39m]  Creating ContextService and DecisionLogService instances
02:00:05 [[32minfo[39m]  Initializing YAML-driven Agent profiles...
02:00:05 [[32minfo[39m]  Loading config from directory: C:\Users\super\Documents\trae_projects\AGG-main\packages\backend\config
02:00:05 [[32minfo[39m]  Loaded agent profile: fantasy_rpg
02:00:05 [[32minfo[39m]  Loaded agent profile: minimal_test
02:00:05 [[32minfo[39m]  Loaded 0 non-builtin profiles from database (0 builtin skipped, using YAML)
02:00:05 [[32minfo[39m]  Config loaded successfully: 2 profiles
02:00:05 [[32minfo[39m]  YAML config loaded successfully
02:00:05 [[32minfo[39m]  Context rules loaded {"agentCount":10}
02:00:05 [[32minfo[39m]  Default manifests loaded {"agentTypeCount":6,"manifestCount":8}
02:00:05 [[32minfo[39m]  Context rules file watcher started {"path":"C:\\Users\\super\\Documents\\trae_projects\\AGG-main\\packages\\backend\\config\\agent-context-rules.yaml"}
02:00:05 [[32minfo[39m]  Loaded 10 agent capabilities from YAML profiles
02:00:05 [[32minfo[39m]  ToolRegistry initialized
02:00:05 [[32minfo[39m]  Registering ServiceTools to ToolRegistry
02:00:05 [[32minfo[39m]  Tool registered: game_time_service - GameTime Service (v1.0.0)
02:00:05 [[32minfo[39m]  Tool registered: numerical_service - Numerical Service (v1.0.0)
02:00:05 [[32minfo[39m]  Tool registered: character_service - Character Service (v1.0.0)
02:00:05 [[32minfo[39m]  Tool registered: inventory_service - Inventory Service (v1.0.0)
02:00:05 [[32minfo[39m]  Tool registered: skill_service - Skill Service (v1.1.0)
02:00:05 [[32minfo[39m]  Tool registered: map_service - Map Service (v2.0.0)
02:00:05 [[32minfo[39m]  Tool registered: npc_service - NPC Service (v1.0.0)
02:00:05 [[32minfo[39m]  Tool registered: dialogue_service - Dialogue Service (v1.0.0)
02:00:05 [[32minfo[39m]  Tool registered: quest_service - Quest Service (v1.0.0)
02:00:05 [[32minfo[39m]  Tool registered: challenge_service - Challenge Service (v1.0.0)
02:00:05 [[32minfo[39m]  Tool registered: event_service - Event Service (v1.0.0)
02:00:05 [[32minfo[39m]  Tool registered: story_service - Story Service (v1.0.0)
02:00:05 [[32minfo[39m]  Tool registered: game_init_service - Game Init Service (v2.0.0)
02:00:05 [[32minfo[39m]  Tool registered: batch_query_service - Batch Query Service (v1.0.0)
02:00:05 [[32minfo[39m]  Tool registered: entity_graph_service - Entity Graph Service (v1.0.0)
02:00:05 [[32minfo[39m]  Tool registered: template_pool_service - Template Pool Service (v1.0.0)
02:00:05 [[32minfo[39m]  Tool registered: dynamic_ui - Dynamic UI Service (v1.0.0)
02:00:05 [[32minfo[39m]  Tool registered: generate_options - Generate Options Service (v2.0.0)
02:00:05 [[32minfo[39m]  Tool registered: coordinator_service - Coordinator Service (v1.0.0)
02:00:05 [[32minfo[39m]  Tool registered: rule_service - Rule Service (v1.0.0)
02:00:05 [[32minfo[39m]  Tool registered: skill_loader - Skill Loader (v1.0.0)
02:00:05 [[32minfo[39m]  Tool registered: help_service - Help Service (v1.0.0)
02:00:05 [[32minfo[39m]  Tool registered: memory_service - Memory Service (v1.0.0)
02:00:05 [[32minfo[39m]  Registered 23 ServiceTools to ToolRegistry
02:00:05 [[32minfo[39m]  Tool reference validation passed

[90mstdout[2m | src/game-systems/character/__tests__/CharacterRepository.test.ts[22m[39m
02:00:05 [[32minfo[39m]  Discovered 187 help files {"dir":"C:\\Users\\super\\Documents\\trae_projects\\AGG-main\\packages\\backend\\config\\agent-help"}

[90mstdout[2m | src/services/__tests__/TraceCollector.test.ts[22m[39m
02:00:05 [[32minfo[39m]  Discovered 187 help files {"dir":"C:\\Users\\super\\Documents\\trae_projects\\AGG-main\\packages\\backend\\config\\agent-help"}

[90mstdout[2m | src/game-systems/inventory/__tests__/inventory-trade-no-fallback.test.ts[22m[39m
馃И Setting up comprehensive test environment...
鉁?Database connected
Running migration: 001_init.ts

[90mstdout[2m | src/services/__tests__/dev-trace-collector-runtime-event.test.ts[22m[39m
Migration 001_init.ts completed successfully
Running migration: 002_add_equipped_index.ts

[90mstdout[2m | src/services/__tests__/dev-trace-collector-runtime-event.test.ts[22m[39m
Migration 002_add_equipped_index.ts completed successfully
Running migration: 003_fix_information_boundaries_timestamps.ts

[90mstdout[2m | src/services/__tests__/dev-trace-collector-runtime-event.test.ts[22m[39m
Migration 003_fix_information_boundaries_timestamps.ts completed successfully
Running migration: 004_drop_information_boundaries.ts
004_drop_information_boundaries: information_boundaries table not found, skipping migration
004_drop_information_boundaries: cleared custom_data.knowledge from 0 NPCs
Migration 004_drop_information_boundaries.ts completed successfully
Running migration: 005_drop_npc_relations.ts

[90mstdout[2m | src/services/__tests__/dev-trace-collector-runtime-event.test.ts[22m[39m
005_drop_npc_relations: dropped npc_relations table
Migration 005_drop_npc_relations.ts completed successfully
Running migration: 006_awareness_relationship_events_states.ts
006: created entity_awareness_events table
006: created entity_awareness_states table
006: created entity_relationship_events table
006: created entity_relationship_states table
Migration 006_awareness_relationship_events_states.ts completed successfully
Running migration: 007_add_combat_mode.ts

[90mstdout[2m | src/game-systems/inventory/__tests__/inventory-trade-no-fallback.test.ts[22m[39m
Migration 001_init.ts completed successfully
Running migration: 002_add_equipped_index.ts

[90mstdout[2m | src/game-systems/inventory/__tests__/inventory-trade-no-fallback.test.ts[22m[39m
Migration 002_add_equipped_index.ts completed successfully
Running migration: 003_fix_information_boundaries_timestamps.ts

[90mstdout[2m | src/game-systems/inventory/__tests__/inventory-trade-no-fallback.test.ts[22m[39m
Migration 003_fix_information_boundaries_timestamps.ts completed successfully
Running migration: 004_drop_information_boundaries.ts

[90mstdout[2m | src/game-systems/inventory/__tests__/inventory-trade-no-fallback.test.ts[22m[39m
004_drop_information_boundaries: information_boundaries table not found, skipping migration
004_drop_information_boundaries: cleared custom_data.knowledge from 0 NPCs
Migration 004_drop_information_boundaries.ts completed successfully
Running migration: 005_drop_npc_relations.ts

[90mstdout[2m | src/game-systems/inventory/__tests__/inventory-trade-no-fallback.test.ts[22m[39m
005_drop_npc_relations: dropped npc_relations table
Migration 005_drop_npc_relations.ts completed successfully
Running migration: 006_awareness_relationship_events_states.ts
006: created entity_awareness_events table
006: created entity_awareness_states table
006: created entity_relationship_events table
006: created entity_relationship_states table
Migration 006_awareness_relationship_events_states.ts completed successfully
Running migration: 007_add_combat_mode.ts

[90mstdout[2m | src/game-systems/inventory/__tests__/inventory-trade-no-fallback.test.ts[22m[39m
007: added combat_states.mode column
Migration 007_add_combat_mode.ts completed successfully
Running migration: 008_add_saves_active_challenge_mode.ts

[90mstdout[2m | src/services/__tests__/dev-trace-collector-runtime-event.test.ts[22m[39m
007: added combat_states.mode column
Migration 007_add_combat_mode.ts completed successfully
Running migration: 008_add_saves_active_challenge_mode.ts
008: added saves.active_challenge_mode column
Migration 008_add_saves_active_challenge_mode.ts completed successfully
All migrations completed
鉁?Migrations completed
All seeds completed
鉁?Seeds completed
02:00:06 [[32minfo[39m]  Starting YAML-driven Agent system initialization
02:00:06 [[32minfo[39m]  Seeding ModelConfigService from environment
02:00:06 [[32minfo[39m]  No DEEPSEEK_API_KEY env var found, skipping env seed
02:00:06 [[32minfo[39m]  Seeded provider from convict config {"providerType":"openai","providerId":"4bbcb6df-46e9-4679-8c78-7008d61b038f","model":"openrouter/free"}
02:00:06 [[32minfo[39m]  Creating LLMService with ModelConfigService
02:00:06 [[32minfo[39m]  Creating ContextService and DecisionLogService instances
02:00:06 [[32minfo[39m]  Initializing YAML-driven Agent profiles...
02:00:06 [[32minfo[39m]  Loading config from directory: C:\Users\super\Documents\trae_projects\AGG-main\packages\backend\config
02:00:06 [[32minfo[39m]  Loaded agent profile: fantasy_rpg
02:00:06 [[32minfo[39m]  Loaded agent profile: minimal_test
02:00:06 [[32minfo[39m]  Loaded 0 non-builtin profiles from database (0 builtin skipped, using YAML)
02:00:06 [[32minfo[39m]  Config loaded successfully: 2 profiles
02:00:06 [[32minfo[39m]  YAML config loaded successfully
02:00:06 [[32minfo[39m]  Context rules loaded {"agentCount":10}
02:00:06 [[32minfo[39m]  Default manifests loaded {"agentTypeCount":6,"manifestCount":8}
02:00:06 [[32minfo[39m]  Context rules file watcher started {"path":"C:\\Users\\super\\Documents\\trae_projects\\AGG-main\\packages\\backend\\config\\agent-context-rules.yaml"}
02:00:06 [[32minfo[39m]  Loaded 10 agent capabilities from YAML profiles
02:00:06 [[32minfo[39m]  ToolRegistry initialized
02:00:06 [[32minfo[39m]  Registering ServiceTools to ToolRegistry
02:00:06 [[32minfo[39m]  Tool registered: game_time_service - GameTime Service (v1.0.0)
02:00:06 [[32minfo[39m]  Tool registered: numerical_service - Numerical Service (v1.0.0)
02:00:06 [[32minfo[39m]  Tool registered: character_service - Character Service (v1.0.0)
02:00:06 [[32minfo[39m]  Tool registered: inventory_service - Inventory Service (v1.0.0)
02:00:06 [[32minfo[39m]  Tool registered: skill_service - Skill Service (v1.1.0)
02:00:06 [[32minfo[39m]  Tool registered: map_service - Map Service (v2.0.0)
02:00:06 [[32minfo[39m]  Tool registered: npc_service - NPC Service (v1.0.0)
02:00:06 [[32minfo[39m]  Tool registered: dialogue_service - Dialogue Service (v1.0.0)
02:00:06 [[32minfo[39m]  Tool registered: quest_service - Quest Service (v1.0.0)
02:00:06 [[32minfo[39m]  Tool registered: challenge_service - Challenge Service (v1.0.0)
02:00:06 [[32minfo[39m]  Tool registered: event_service - Event Service (v1.0.0)
02:00:06 [[32minfo[39m]  Tool registered: story_service - Story Service (v1.0.0)
02:00:06 [[32minfo[39m]  Tool registered: game_init_service - Game Init Service (v2.0.0)
02:00:06 [[32minfo[39m]  Tool registered: batch_query_service - Batch Query Service (v1.0.0)
02:00:06 [[32minfo[39m]  Tool registered: entity_graph_service - Entity Graph Service (v1.0.0)
02:00:06 [[32minfo[39m]  Tool registered: template_pool_service - Template Pool Service (v1.0.0)
02:00:06 [[32minfo[39m]  Tool registered: dynamic_ui - Dynamic UI Service (v1.0.0)
02:00:06 [[32minfo[39m]  Tool registered: generate_options - Generate Options Service (v2.0.0)
02:00:06 [[32minfo[39m]  Tool registered: coordinator_service - Coordinator Service (v1.0.0)
02:00:06 [[32minfo[39m]  Tool registered: rule_service - Rule Service (v1.0.0)
02:00:06 [[32minfo[39m]  Tool registered: skill_loader - Skill Loader (v1.0.0)
02:00:06 [[32minfo[39m]  Tool registered: help_service - Help Service (v1.0.0)
02:00:06 [[32minfo[39m]  Tool registered: memory_service - Memory Service (v1.0.0)
02:00:06 [[32minfo[39m]  Registered 23 ServiceTools to ToolRegistry
02:00:06 [[32minfo[39m]  Tool reference validation passed

[90mstdout[2m | src/game-systems/inventory/__tests__/inventory-trade-no-fallback.test.ts[22m[39m
008: added saves.active_challenge_mode column
Migration 008_add_saves_active_challenge_mode.ts completed successfully
All migrations completed
鉁?Migrations completed
All seeds completed
鉁?Seeds completed
02:00:06 [[32minfo[39m]  Starting YAML-driven Agent system initialization
02:00:06 [[32minfo[39m]  Seeding ModelConfigService from environment
02:00:06 [[32minfo[39m]  No DEEPSEEK_API_KEY env var found, skipping env seed
02:00:06 [[32minfo[39m]  Seeded provider from convict config {"providerType":"openai","providerId":"8ac67104-8b6e-42b1-9da6-ec6b895e892d","model":"openrouter/free"}
02:00:06 [[32minfo[39m]  Creating LLMService with ModelConfigService
02:00:06 [[32minfo[39m]  Creating ContextService and DecisionLogService instances
02:00:06 [[32minfo[39m]  Initializing YAML-driven Agent profiles...
02:00:06 [[32minfo[39m]  Loading config from directory: C:\Users\super\Documents\trae_projects\AGG-main\packages\backend\config
02:00:06 [[32minfo[39m]  Loaded agent profile: fantasy_rpg
02:00:06 [[32minfo[39m]  Loaded agent profile: minimal_test
02:00:06 [[32minfo[39m]  Loaded 0 non-builtin profiles from database (0 builtin skipped, using YAML)
02:00:06 [[32minfo[39m]  Config loaded successfully: 2 profiles
02:00:06 [[32minfo[39m]  YAML config loaded successfully
02:00:06 [[32minfo[39m]  Context rules loaded {"agentCount":10}
02:00:06 [[32minfo[39m]  Default manifests loaded {"agentTypeCount":6,"manifestCount":8}
02:00:06 [[32minfo[39m]  Context rules file watcher started {"path":"C:\\Users\\super\\Documents\\trae_projects\\AGG-main\\packages\\backend\\config\\agent-context-rules.yaml"}
02:00:06 [[32minfo[39m]  Loaded 10 agent capabilities from YAML profiles
02:00:06 [[32minfo[39m]  ToolRegistry initialized
02:00:06 [[32minfo[39m]  Registering ServiceTools to ToolRegistry
02:00:06 [[32minfo[39m]  Tool registered: game_time_service - GameTime Service (v1.0.0)
02:00:06 [[32minfo[39m]  Tool registered: numerical_service - Numerical Service (v1.0.0)
02:00:06 [[32minfo[39m]  Tool registered: character_service - Character Service (v1.0.0)
02:00:06 [[32minfo[39m]  Tool registered: inventory_service - Inventory Service (v1.0.0)
02:00:06 [[32minfo[39m]  Tool registered: skill_service - Skill Service (v1.1.0)
02:00:06 [[32minfo[39m]  Tool registered: map_service - Map Service (v2.0.0)
02:00:06 [[32minfo[39m]  Tool registered: npc_service - NPC Service (v1.0.0)
02:00:06 [[32minfo[39m]  Tool registered: dialogue_service - Dialogue Service (v1.0.0)
02:00:06 [[32minfo[39m]  Tool registered: quest_service - Quest Service (v1.0.0)
02:00:06 [[32minfo[39m]  Tool registered: challenge_service - Challenge Service (v1.0.0)
02:00:06 [[32minfo[39m]  Tool registered: event_service - Event Service (v1.0.0)
02:00:06 [[32minfo[39m]  Tool registered: story_service - Story Service (v1.0.0)
02:00:06 [[32minfo[39m]  Tool registered: game_init_service - Game Init Service (v2.0.0)
02:00:06 [[32minfo[39m]  Tool registered: batch_query_service - Batch Query Service (v1.0.0)
02:00:06 [[32minfo[39m]  Tool registered: entity_graph_service - Entity Graph Service (v1.0.0)
02:00:06 [[32minfo[39m]  Tool registered: template_pool_service - Template Pool Service (v1.0.0)
02:00:06 [[32minfo[39m]  Tool registered: dynamic_ui - Dynamic UI Service (v1.0.0)
02:00:06 [[32minfo[39m]  Tool registered: generate_options - Generate Options Service (v2.0.0)
02:00:06 [[32minfo[39m]  Tool registered: coordinator_service - Coordinator Service (v1.0.0)
02:00:06 [[32minfo[39m]  Tool registered: rule_service - Rule Service (v1.0.0)
02:00:06 [[32minfo[39m]  Tool registered: skill_loader - Skill Loader (v1.0.0)
02:00:06 [[32minfo[39m]  Tool registered: help_service - Help Service (v1.0.0)
02:00:06 [[32minfo[39m]  Tool registered: memory_service - Memory Service (v1.0.0)
02:00:06 [[32minfo[39m]  Registered 23 ServiceTools to ToolRegistry
02:00:06 [[32minfo[39m]  Tool reference validation passed

 [32m鉁?[39m src/game-systems/character/__tests__/CharacterRepository.test.ts [2m ([22m[2m8 tests[22m[2m)[22m[33m 2029[2mms[22m[39m
[90mstdout[2m | src/game-systems/character/__tests__/CharacterRepository.test.ts[22m[39m
02:00:06 [[32minfo[39m]  Help registry loaded: 22 tools {"tools":["batch_query_service","challenge_service","... (22 items)"]}
02:00:06 [[32minfo[39m]  Creating GameMasterAgent (as AgentRuntime with isSubAgent=false)
02:00:06 [[32minfo[39m]  Handler subscribed {"eventType":"dialogue"}
02:00:06 [[32minfo[39m]  Handler subscribed {"eventType":"combat_end"}
02:00:06 [[32minfo[39m]  AwarenessAutoSubscriber subscribed to dialogue + combat_end events
02:00:06 [[32minfo[39m]  Agent initialized: gamemaster - GameMasterAgent
02:00:06 [[32minfo[39m] [AGENT-START] Agent gamemaster starting {"agent":"gamemaster","provider":null,"toolsConfigured":1,"maxIterations":200,"isSubAgent":false}
02:00:06 [[32minfo[39m]  Handler subscribed {"eventType":"chapter_advanced"}
02:00:06 [[32minfo[39m]  Creating AgentRuntime instances from default profile: fantasy_rpg
02:00:06 [[32minfo[39m]  Creating agents from profile: fantasy_rpg {"agentCount":10}
02:00:06 [[32minfo[39m]  Agent initialized: gamemaster - GameMasterAgent
02:00:06 [[32minfo[39m] [AGENT-START] Agent gamemaster starting {"agent":"gamemaster","provider":null,"toolsConfigured":1,"maxIterations":200,"isSubAgent":false}
02:00:06 [[32minfo[39m]  Created AgentRuntime: gamemaster {"profile":"fantasy_rpg","tools":["all"]}
02:00:06 [[32minfo[39m]  Agent initialized: map - MapAgent
02:00:06 [[32minfo[39m] [AGENT-START] Agent map starting {"agent":"map","provider":null,"toolsConfigured":7,"maxIterations":200,"isSubAgent":true}
02:00:06 [[32minfo[39m]  Created AgentRuntime: map {"profile":"fantasy_rpg","tools":["map_service","npc_service","... (7 items)"]}
02:00:06 [[32minfo[39m]  Agent initialized: challenge - ChallengeAgent
02:00:06 [[32minfo[39m] [AGENT-START] Agent challenge starting {"agent":"challenge","provider":null,"toolsConfigured":9,"maxIterations":200,"isSubAgent":true}
02:00:06 [[32minfo[39m]  Created AgentRuntime: challenge {"profile":"fantasy_rpg","tools":["challenge_service","numerical_service","... (9 items)"]}
02:00:06 [[32minfo[39m]  Agent initialized: output - OutputAgent
02:00:06 [[32minfo[39m] [AGENT-START] Agent output starting {"agent":"output","provider":null,"toolsConfigured":5,"maxIterations":200,"isSubAgent":true}
02:00:06 [[32minfo[39m]  Created AgentRuntime: output {"profile":"fantasy_rpg","tools":["dialogue_service","dynamic_ui","... (5 items)"]}
02:00:06 [[32minfo[39m]  Agent initialized: quest - QuestAgent
02:00:06 [[32minfo[39m] [AGENT-START] Agent quest starting {"agent":"quest","provider":null,"toolsConfigured":11,"maxIterations":200,"isSubAgent":true}
02:00:06 [[32minfo[39m]  Created AgentRuntime: quest {"profile":"fantasy_rpg","tools":["quest_service","numerical_service","... (11 items)"]}
02:00:06 [[32minfo[39m]  Agent initialized: npc_party - NPCPartyAgent
02:00:06 [[32minfo[39m] [AGENT-START] Agent npc_party starting {"agent":"npc_party","provider":null,"toolsConfigured":9,"maxIterations":200,"isSubAgent":true}
02:00:06 [[32minfo[39m]  Created AgentRuntime: npc_party {"profile":"fantasy_rpg","tools":["npc_service","entity_graph_service","... (9 items)"]}
02:00:06 [[32minfo[39m]  Agent initialized: inventory - InventoryAgent
02:00:06 [[32minfo[39m] [AGENT-START] Agent inventory starting {"agent":"inventory","provider":null,"toolsConfigured":8,"maxIterations":200,"isSubAgent":true}
02:00:06 [[32minfo[39m]  Created AgentRuntime: inventory {"profile":"fantasy_rpg","tools":["inventory_service","template_pool_service","... (8 items)"]}
02:00:06 [[32minfo[39m]  Agent initialized: skill - SkillAgent
02:00:06 [[32minfo[39m] [AGENT-START] Agent skill starting {"agent":"skill","provider":null,"toolsConfigured":7,"maxIterations":200,"isSubAgent":true}
02:00:06 [[32minfo[39m]  Created AgentRuntime: skill {"profile":"fantasy_rpg","tools":["skill_service","template_pool_service","... (7 items)"]}
02:00:06 [[32minfo[39m]  Agent initialized: event - EventAgent
02:00:06 [[32minfo[39m] [AGENT-START] Agent event starting {"agent":"event","provider":null,"toolsConfigured":5,"maxIterations":200,"isSubAgent":true}
02:00:06 [[32minfo[39m]  Created AgentRuntime: event {"profile":"fantasy_rpg","tools":["event_service","game_time_service","... (5 items)"]}
02:00:06 [[32minfo[39m]  Agent initialized: time - TimeAgent
02:00:06 [[32minfo[39m] [AGENT-START] Agent time starting {"agent":"time","provider":null,"toolsConfigured":4,"maxIterations":200,"isSubAgent":true}
02:00:06 [[32minfo[39m]  Created AgentRuntime: time {"profile":"fantasy_rpg","tools":["game_time_service","rule_service","... (4 items)"]}
02:00:06 [[32minfo[39m]  Permissions configured from agent.tools for profile: fantasy_rpg
02:00:06 [[32minfo[39m]  YAML permissions configured
02:00:06 [[32minfo[39m]  Registering AgentRuntime instances to GameMasterAgent...
02:00:06 [[32minfo[39m]  Registered AgentRuntime to Coordinator: gamemaster
02:00:06 [[32minfo[39m]  Registered AgentRuntime to Coordinator: map
02:00:06 [[32minfo[39m]  Registered AgentRuntime to Coordinator: challenge
02:00:06 [[32minfo[39m]  Registered AgentRuntime to Coordinator: output
02:00:06 [[32minfo[39m]  Registered AgentRuntime to Coordinator: quest
02:00:06 [[32minfo[39m]  Registered AgentRuntime to Coordinator: npc_party
02:00:06 [[32minfo[39m]  Registered AgentRuntime to Coordinator: inventory
02:00:06 [[32minfo[39m]  Registered AgentRuntime to Coordinator: skill
02:00:06 [[32minfo[39m]  Registered AgentRuntime to Coordinator: event
02:00:06 [[32minfo[39m]  Registered AgentRuntime to Coordinator: time
02:00:06 [[32minfo[39m]  GameDataExpander configured (manifest path enabled)
02:00:06 [[32minfo[39m]  DedupService configured (dispatch log persistence enabled)
02:00:06 [[32minfo[39m]  Agent system initialized: 10 AgentRuntime instances created
鉁?Agent system initialized with 10 agents
鈿狅笍 YAML Agent system skipped: __vi_import_5__.initializeYamlAgentSystem is not a function
02:00:06 [[32minfo[39m]  Agent routes initialized
02:00:06 [[32minfo[39m]  Save routes initialized
02:00:06 [[32minfo[39m]  Synced template from YAML to DB: cthulhu-investigation
02:00:06 [[32minfo[39m]  Synced template from YAML to DB: cyberpunk-mercenary
02:00:06 [[32minfo[39m]  Synced template from YAML to DB: medieval-fantasy
02:00:06 [[32minfo[39m]  Synced template from YAML to DB: modern-romance
02:00:06 [[32minfo[39m]  Synced template from YAML to DB: xianxia
02:00:06 [[32minfo[39m]  Synced 5 templates from YAML to database
02:00:06 [[32minfo[39m]  Cache refreshed with 5 templates
02:00:06 [[32minfo[39m]  TemplateService loaded {"cachedTemplates":5}
鉁?Template YAML loaded and synced to DB
02:00:06 [[32minfo[39m]  Template routes initialized
鉁?Test environment setup complete
鉁?Database connection closed

[90mstdout[2m | src/services/__tests__/dev-trace-collector-runtime-event.test.ts[22m[39m
02:00:06 [[32minfo[39m]  Discovered 187 help files {"dir":"C:\\Users\\super\\Documents\\trae_projects\\AGG-main\\packages\\backend\\config\\agent-help"}

[90mstdout[2m | src/routes/__tests__/e2e-config.test.ts[22m[39m
馃И Setting up comprehensive test environment...
鉁?Database connected
Running migration: 001_init.ts

[90mstdout[2m | src/game-systems/inventory/__tests__/inventory-trade-no-fallback.test.ts[22m[39m
02:00:07 [[32minfo[39m]  Discovered 187 help files {"dir":"C:\\Users\\super\\Documents\\trae_projects\\AGG-main\\packages\\backend\\config\\agent-help"}

[90mstdout[2m | src/services/__tests__/TraceCollector.test.ts[22m[39m
02:00:06 [[32minfo[39m]  Help registry loaded: 22 tools {"tools":["batch_query_service","challenge_service","... (22 items)"]}
02:00:06 [[32minfo[39m]  Creating GameMasterAgent (as AgentRuntime with isSubAgent=false)
02:00:06 [[32minfo[39m]  Handler subscribed {"eventType":"dialogue"}
02:00:06 [[32minfo[39m]  Handler subscribed {"eventType":"combat_end"}
02:00:06 [[32minfo[39m]  AwarenessAutoSubscriber subscribed to dialogue + combat_end events
02:00:06 [[32minfo[39m]  Agent initialized: gamemaster - GameMasterAgent
02:00:06 [[32minfo[39m] [AGENT-START] Agent gamemaster starting {"agent":"gamemaster","provider":null,"toolsConfigured":1,"maxIterations":200,"isSubAgent":false}
02:00:06 [[32minfo[39m]  Handler subscribed {"eventType":"chapter_advanced"}
02:00:06 [[32minfo[39m]  Creating AgentRuntime instances from default profile: fantasy_rpg
02:00:06 [[32minfo[39m]  Creating agents from profile: fantasy_rpg {"agentCount":10}
02:00:06 [[32minfo[39m]  Agent initialized: gamemaster - GameMasterAgent
02:00:06 [[32minfo[39m] [AGENT-START] Agent gamemaster starting {"agent":"gamemaster","provider":null,"toolsConfigured":1,"maxIterations":200,"isSubAgent":false}
02:00:06 [[32minfo[39m]  Created AgentRuntime: gamemaster {"profile":"fantasy_rpg","tools":["all"]}
02:00:06 [[32minfo[39m]  Agent initialized: map - MapAgent
02:00:06 [[32minfo[39m] [AGENT-START] Agent map starting {"agent":"map","provider":null,"toolsConfigured":7,"maxIterations":200,"isSubAgent":true}
02:00:06 [[32minfo[39m]  Created AgentRuntime: map {"profile":"fantasy_rpg","tools":["map_service","npc_service","... (7 items)"]}
02:00:06 [[32minfo[39m]  Agent initialized: challenge - ChallengeAgent
02:00:06 [[32minfo[39m] [AGENT-START] Agent challenge starting {"agent":"challenge","provider":null,"toolsConfigured":9,"maxIterations":200,"isSubAgent":true}
02:00:06 [[32minfo[39m]  Created AgentRuntime: challenge {"profile":"fantasy_rpg","tools":["challenge_service","numerical_service","... (9 items)"]}
02:00:06 [[32minfo[39m]  Agent initialized: output - OutputAgent
02:00:06 [[32minfo[39m] [AGENT-START] Agent output starting {"agent":"output","provider":null,"toolsConfigured":5,"maxIterations":200,"isSubAgent":true}
02:00:06 [[32minfo[39m]  Created AgentRuntime: output {"profile":"fantasy_rpg","tools":["dialogue_service","dynamic_ui","... (5 items)"]}
02:00:06 [[32minfo[39m]  Agent initialized: quest - QuestAgent
02:00:06 [[32minfo[39m] [AGENT-START] Agent quest starting {"agent":"quest","provider":null,"toolsConfigured":11,"maxIterations":200,"isSubAgent":true}
02:00:06 [[32minfo[39m]  Created AgentRuntime: quest {"profile":"fantasy_rpg","tools":["quest_service","numerical_service","... (11 items)"]}
02:00:06 [[32minfo[39m]  Agent initialized: npc_party - NPCPartyAgent
02:00:06 [[32minfo[39m] [AGENT-START] Agent npc_party starting {"agent":"npc_party","provider":null,"toolsConfigured":9,"maxIterations":200,"isSubAgent":true}
02:00:06 [[32minfo[39m]  Created AgentRuntime: npc_party {"profile":"fantasy_rpg","tools":["npc_service","entity_graph_service","... (9 items)"]}
02:00:06 [[32minfo[39m]  Agent initialized: inventory - InventoryAgent
02:00:06 [[32minfo[39m] [AGENT-START] Agent inventory starting {"agent":"inventory","provider":null,"toolsConfigured":8,"maxIterations":200,"isSubAgent":true}
02:00:06 [[32minfo[39m]  Created AgentRuntime: inventory {"profile":"fantasy_rpg","tools":["inventory_service","template_pool_service","... (8 items)"]}
02:00:06 [[32minfo[39m]  Agent initialized: skill - SkillAgent
02:00:06 [[32minfo[39m] [AGENT-START] Agent skill starting {"agent":"skill","provider":null,"toolsConfigured":7,"maxIterations":200,"isSubAgent":true}
02:00:06 [[32minfo[39m]  Created AgentRuntime: skill {"profile":"fantasy_rpg","tools":["skill_service","template_pool_service","... (7 items)"]}
02:00:06 [[32minfo[39m]  Agent initialized: event - EventAgent
02:00:06 [[32minfo[39m] [AGENT-START] Agent event starting {"agent":"event","provider":null,"toolsConfigured":5,"maxIterations":200,"isSubAgent":true}
02:00:06 [[32minfo[39m]  Created AgentRuntime: event {"profile":"fantasy_rpg","tools":["event_service","game_time_service","... (5 items)"]}
02:00:06 [[32minfo[39m]  Agent initialized: time - TimeAgent
02:00:06 [[32minfo[39m] [AGENT-START] Agent time starting {"agent":"time","provider":null,"toolsConfigured":4,"maxIterations":200,"isSubAgent":true}
02:00:06 [[32minfo[39m]  Created AgentRuntime: time {"profile":"fantasy_rpg","tools":["game_time_service","rule_service","... (4 items)"]}
02:00:06 [[32minfo[39m]  Permissions configured from agent.tools for profile: fantasy_rpg
02:00:06 [[32minfo[39m]  YAML permissions configured
02:00:06 [[32minfo[39m]  Registering AgentRuntime instances to GameMasterAgent...
02:00:06 [[32minfo[39m]  Registered AgentRuntime to Coordinator: gamemaster
02:00:06 [[32minfo[39m]  Registered AgentRuntime to Coordinator: map
02:00:06 [[32minfo[39m]  Registered AgentRuntime to Coordinator: challenge
02:00:06 [[32minfo[39m]  Registered AgentRuntime to Coordinator: output
02:00:06 [[32minfo[39m]  Registered AgentRuntime to Coordinator: quest
02:00:06 [[32minfo[39m]  Registered AgentRuntime to Coordinator: npc_party
02:00:06 [[32minfo[39m]  Registered AgentRuntime to Coordinator: inventory
02:00:06 [[32minfo[39m]  Registered AgentRuntime to Coordinator: skill
02:00:06 [[32minfo[39m]  Registered AgentRuntime to Coordinator: event
02:00:06 [[32minfo[39m]  Registered AgentRuntime to Coordinator: time
02:00:06 [[32minfo[39m]  GameDataExpander configured (manifest path enabled)
02:00:06 [[32minfo[39m]  DedupService configured (dispatch log persistence enabled)
02:00:06 [[32minfo[39m]  Agent system initialized: 10 AgentRuntime instances created
鉁?Agent system initialized with 10 agents
鈿狅笍 YAML Agent system skipped: __vi_import_5__.initializeYamlAgentSystem is not a function
02:00:06 [[32minfo[39m]  Agent routes initialized
02:00:06 [[32minfo[39m]  Save routes initialized
02:00:06 [[32minfo[39m]  Synced template from YAML to DB: cthulhu-investigation
02:00:06 [[32minfo[39m]  Synced template from YAML to DB: cyberpunk-mercenary
02:00:06 [[32minfo[39m]  Synced template from YAML to DB: medieval-fantasy
02:00:06 [[32minfo[39m]  Synced template from YAML to DB: modern-romance
02:00:07 [[32minfo[39m]  Synced template from YAML to DB: xianxia
02:00:07 [[32minfo[39m]  Synced 5 templates from YAML to database
02:00:07 [[32minfo[39m]  Cache refreshed with 5 templates
02:00:07 [[32minfo[39m]  TemplateService loaded {"cachedTemplates":5}
鉁?Template YAML loaded and synced to DB
02:00:07 [[32minfo[39m]  Template routes initialized
鉁?Test environment setup complete
鉁?Database connection closed

 [32m鉁?[39m src/services/__tests__/TraceCollector.test.ts [2m ([22m[2m8 tests[22m[2m)[22m[33m 1836[2mms[22m[39m
[90mstdout[2m | src/game-systems/story/__tests__/StoryEventRepository.test.ts[22m[39m
馃И Setting up comprehensive test environment...
鉁?Database connected
Running migration: 001_init.ts

[90mstdout[2m | src/routes/__tests__/e2e-config.test.ts[22m[39m
Migration 001_init.ts completed successfully
Running migration: 002_add_equipped_index.ts

[90mstdout[2m | src/routes/__tests__/e2e-config.test.ts[22m[39m
Migration 002_add_equipped_index.ts completed successfully
Running migration: 003_fix_information_boundaries_timestamps.ts

[90mstdout[2m | src/agents/tools/__tests__/coordinator-trace-ids.test.ts[22m[39m
馃И Setting up comprehensive test environment...
鉁?Database connected
Running migration: 001_init.ts
Migration 001_init.ts completed successfully
Running migration: 002_add_equipped_index.ts

[90mstdout[2m | src/game-systems/story/__tests__/StoryEventRepository.test.ts[22m[39m
Migration 001_init.ts completed successfully
Running migration: 002_add_equipped_index.ts

[90mstdout[2m | src/routes/__tests__/e2e-config.test.ts[22m[39m
Migration 003_fix_information_boundaries_timestamps.ts completed successfully
Running migration: 004_drop_information_boundaries.ts
004_drop_information_boundaries: information_boundaries table not found, skipping migration
004_drop_information_boundaries: cleared custom_data.knowledge from 0 NPCs
Migration 004_drop_information_boundaries.ts completed successfully
Running migration: 005_drop_npc_relations.ts

[90mstdout[2m | src/game-systems/event/__tests__/EventService.story-events.test.ts[22m[39m
馃И Setting up comprehensive test environment...
鉁?Database connected
Running migration: 001_init.ts
Migration 001_init.ts completed successfully
Running migration: 002_add_equipped_index.ts

[90mstdout[2m | src/game-systems/event/__tests__/EventService.story-events.test.ts[22m[39m
Migration 002_add_equipped_index.ts completed successfully
Running migration: 003_fix_information_boundaries_timestamps.ts

[90mstdout[2m | src/game-systems/story/__tests__/StoryEventRepository.test.ts[22m[39m
Migration 002_add_equipped_index.ts completed successfully
Running migration: 003_fix_information_boundaries_timestamps.ts

[90mstdout[2m | src/routes/__tests__/e2e-config.test.ts[22m[39m
005_drop_npc_relations: dropped npc_relations table
Migration 005_drop_npc_relations.ts completed successfully
Running migration: 006_awareness_relationship_events_states.ts
006: created entity_awareness_events table
006: created entity_awareness_states table
006: created entity_relationship_events table
006: created entity_relationship_states table
Migration 006_awareness_relationship_events_states.ts completed successfully
Running migration: 007_add_combat_mode.ts
007: added combat_states.mode column
Migration 007_add_combat_mode.ts completed successfully
Running migration: 008_add_saves_active_challenge_mode.ts

[90mstdout[2m | src/game-systems/event/__tests__/EventService.story-events.test.ts[22m[39m
Migration 003_fix_information_boundaries_timestamps.ts completed successfully
Running migration: 004_drop_information_boundaries.ts
004_drop_information_boundaries: information_boundaries table not found, skipping migration
004_drop_information_boundaries: cleared custom_data.knowledge from 0 NPCs
Migration 004_drop_information_boundaries.ts completed successfully
Running migration: 005_drop_npc_relations.ts
005_drop_npc_relations: dropped npc_relations table
Migration 005_drop_npc_relations.ts completed successfully
Running migration: 006_awareness_relationship_events_states.ts

[90mstdout[2m | src/game-systems/story/__tests__/StoryEventRepository.test.ts[22m[39m
Migration 003_fix_information_boundaries_timestamps.ts completed successfully
Running migration: 004_drop_information_boundaries.ts
004_drop_information_boundaries: information_boundaries table not found, skipping migration
004_drop_information_boundaries: cleared custom_data.knowledge from 0 NPCs
Migration 004_drop_information_boundaries.ts completed successfully
Running migration: 005_drop_npc_relations.ts

[90mstdout[2m | src/game-systems/event/__tests__/EventService.story-events.test.ts[22m[39m
006: created entity_awareness_events table
006: created entity_awareness_states table
006: created entity_relationship_events table
006: created entity_relationship_states table
Migration 006_awareness_relationship_events_states.ts completed successfully
Running migration: 007_add_combat_mode.ts
007: added combat_states.mode column
Migration 007_add_combat_mode.ts completed successfully
Running migration: 008_add_saves_active_challenge_mode.ts

[90mstdout[2m | src/services/__tests__/shadow-state-insert-override.test.ts[22m[39m
馃И Setting up comprehensive test environment...
鉁?Database connected
Running migration: 001_init.ts

[90mstdout[2m | src/game-systems/story/__tests__/StoryEventRepository.test.ts[22m[39m
005_drop_npc_relations: dropped npc_relations table
Migration 005_drop_npc_relations.ts completed successfully
Running migration: 006_awareness_relationship_events_states.ts

[90mstdout[2m | src/agents/tools/__tests__/coordinator-trace-ids.test.ts[22m[39m
Migration 002_add_equipped_index.ts completed successfully
Running migration: 003_fix_information_boundaries_timestamps.ts
Migration 003_fix_information_boundaries_timestamps.ts completed successfully
Running migration: 004_drop_information_boundaries.ts

[90mstdout[2m | src/services/__tests__/shadow-state-insert-override.test.ts[22m[39m
Migration 001_init.ts completed successfully
Running migration: 002_add_equipped_index.ts

[90mstdout[2m | src/agents/tools/__tests__/coordinator-trace-ids.test.ts[22m[39m
004_drop_information_boundaries: information_boundaries table not found, skipping migration
004_drop_information_boundaries: cleared custom_data.knowledge from 0 NPCs
Migration 004_drop_information_boundaries.ts completed successfully
Running migration: 005_drop_npc_relations.ts
005_drop_npc_relations: dropped npc_relations table
Migration 005_drop_npc_relations.ts completed successfully
Running migration: 006_awareness_relationship_events_states.ts
006: created entity_awareness_events table
006: created entity_awareness_states table
006: created entity_relationship_events table
006: created entity_relationship_states table
Migration 006_awareness_relationship_events_states.ts completed successfully
Running migration: 007_add_combat_mode.ts

[90mstdout[2m | src/agents/__tests__/result-integrator-nested-writeops.test.ts[22m[39m
馃И Setting up comprehensive test environment...
鉁?Database connected
Running migration: 001_init.ts

[90mstdout[2m | src/services/__tests__/shadow-state-insert-override.test.ts[22m[39m
Migration 002_add_equipped_index.ts completed successfully
Running migration: 003_fix_information_boundaries_timestamps.ts

[90mstdout[2m | src/services/__tests__/shadow-state-insert-override.test.ts[22m[39m
Migration 003_fix_information_boundaries_timestamps.ts completed successfully
Running migration: 004_drop_information_boundaries.ts

[90mstdout[2m | src/services/__tests__/shadow-state-insert-override.test.ts[22m[39m
004_drop_information_boundaries: information_boundaries table not found, skipping migration
004_drop_information_boundaries: cleared custom_data.knowledge from 0 NPCs
Migration 004_drop_information_boundaries.ts completed successfully
Running migration: 005_drop_npc_relations.ts
005_drop_npc_relations: dropped npc_relations table
Migration 005_drop_npc_relations.ts completed successfully
Running migration: 006_awareness_relationship_events_states.ts

[90mstdout[2m | src/services/__tests__/shadow-state-insert-override.test.ts[22m[39m
006: created entity_awareness_events table
006: created entity_awareness_states table
006: created entity_relationship_events table
006: created entity_relationship_states table
Migration 006_awareness_relationship_events_states.ts completed successfully
Running migration: 007_add_combat_mode.ts

[90mstdout[2m | src/routes/__tests__/e2e-config.test.ts[22m[39m
008: added saves.active_challenge_mode column
Migration 008_add_saves_active_challenge_mode.ts completed successfully
All migrations completed
鉁?Migrations completed
All seeds completed
鉁?Seeds completed
02:00:07 [[32minfo[39m]  Starting YAML-driven Agent system initialization
02:00:07 [[32minfo[39m]  Seeding ModelConfigService from environment
02:00:07 [[32minfo[39m]  No DEEPSEEK_API_KEY env var found, skipping env seed
02:00:07 [[32minfo[39m]  Seeded provider from convict config {"providerType":"openai","providerId":"4fe78a83-3f4b-419e-b057-d3a5f825e86c","model":"openrouter/free"}
02:00:07 [[32minfo[39m]  Creating LLMService with ModelConfigService
02:00:07 [[32minfo[39m]  Creating ContextService and DecisionLogService instances
02:00:07 [[32minfo[39m]  Initializing YAML-driven Agent profiles...
02:00:07 [[32minfo[39m]  Loading config from directory: C:\Users\super\Documents\trae_projects\AGG-main\packages\backend\config
02:00:07 [[32minfo[39m]  Loaded agent profile: fantasy_rpg
02:00:07 [[32minfo[39m]  Loaded agent profile: minimal_test
02:00:07 [[32minfo[39m]  Loaded 0 non-builtin profiles from database (0 builtin skipped, using YAML)
02:00:07 [[32minfo[39m]  Config loaded successfully: 2 profiles
02:00:07 [[32minfo[39m]  YAML config loaded successfully
02:00:07 [[32minfo[39m]  Context rules loaded {"agentCount":10}
02:00:07 [[32minfo[39m]  Default manifests loaded {"agentTypeCount":6,"manifestCount":8}
02:00:07 [[32minfo[39m]  Context rules file watcher started {"path":"C:\\Users\\super\\Documents\\trae_projects\\AGG-main\\packages\\backend\\config\\agent-context-rules.yaml"}
02:00:07 [[32minfo[39m]  Loaded 10 agent capabilities from YAML profiles
02:00:07 [[32minfo[39m]  ToolRegistry initialized
02:00:07 [[32minfo[39m]  Registering ServiceTools to ToolRegistry
02:00:07 [[32minfo[39m]  Tool registered: game_time_service - GameTime Service (v1.0.0)
02:00:07 [[32minfo[39m]  Tool registered: numerical_service - Numerical Service (v1.0.0)
02:00:07 [[32minfo[39m]  Tool registered: character_service - Character Service (v1.0.0)
02:00:07 [[32minfo[39m]  Tool registered: inventory_service - Inventory Service (v1.0.0)
02:00:07 [[32minfo[39m]  Tool registered: skill_service - Skill Service (v1.1.0)
02:00:07 [[32minfo[39m]  Tool registered: map_service - Map Service (v2.0.0)
02:00:07 [[32minfo[39m]  Tool registered: npc_service - NPC Service (v1.0.0)
02:00:07 [[32minfo[39m]  Tool registered: dialogue_service - Dialogue Service (v1.0.0)
02:00:07 [[32minfo[39m]  Tool registered: quest_service - Quest Service (v1.0.0)
02:00:07 [[32minfo[39m]  Tool registered: challenge_service - Challenge Service (v1.0.0)
02:00:07 [[32minfo[39m]  Tool registered: event_service - Event Service (v1.0.0)
02:00:07 [[32minfo[39m]  Tool registered: story_service - Story Service (v1.0.0)
02:00:07 [[32minfo[39m]  Tool registered: game_init_service - Game Init Service (v2.0.0)
02:00:07 [[32minfo[39m]  Tool registered: batch_query_service - Batch Query Service (v1.0.0)
02:00:07 [[32minfo[39m]  Tool registered: entity_graph_service - Entity Graph Service (v1.0.0)
02:00:07 [[32minfo[39m]  Tool registered: template_pool_service - Template Pool Service (v1.0.0)
02:00:07 [[32minfo[39m]  Tool registered: dynamic_ui - Dynamic UI Service (v1.0.0)
02:00:07 [[32minfo[39m]  Tool registered: generate_options - Generate Options Service (v2.0.0)
02:00:07 [[32minfo[39m]  Tool registered: coordinator_service - Coordinator Service (v1.0.0)
02:00:07 [[32minfo[39m]  Tool registered: rule_service - Rule Service (v1.0.0)
02:00:07 [[32minfo[39m]  Tool registered: skill_loader - Skill Loader (v1.0.0)
02:00:07 [[32minfo[39m]  Tool registered: help_service - Help Service (v1.0.0)
02:00:07 [[32minfo[39m]  Tool registered: memory_service - Memory Service (v1.0.0)
02:00:07 [[32minfo[39m]  Registered 23 ServiceTools to ToolRegistry
02:00:07 [[32minfo[39m]  Tool reference validation passed

[90mstdout[2m | src/services/__tests__/shadow-state-insert-override.test.ts[22m[39m
007: added combat_states.mode column
Migration 007_add_combat_mode.ts completed successfully
Running migration: 008_add_saves_active_challenge_mode.ts

[90mstdout[2m | src/game-systems/event/__tests__/EventService.story-events.test.ts[22m[39m
008: added saves.active_challenge_mode column
Migration 008_add_saves_active_challenge_mode.ts completed successfully
All migrations completed
鉁?Migrations completed
All seeds completed
鉁?Seeds completed
02:00:07 [[32minfo[39m]  Starting YAML-driven Agent system initialization
02:00:07 [[32minfo[39m]  Seeding ModelConfigService from environment
02:00:07 [[32minfo[39m]  No DEEPSEEK_API_KEY env var found, skipping env seed
02:00:07 [[32minfo[39m]  Seeded provider from convict config {"providerType":"openai","providerId":"5941b9a2-5340-49da-bd32-daec852d72a9","model":"openrouter/free"}
02:00:07 [[32minfo[39m]  Creating LLMService with ModelConfigService
02:00:07 [[32minfo[39m]  Creating ContextService and DecisionLogService instances
02:00:07 [[32minfo[39m]  Initializing YAML-driven Agent profiles...
02:00:07 [[32minfo[39m]  Loading config from directory: C:\Users\super\Documents\trae_projects\AGG-main\packages\backend\config
02:00:07 [[32minfo[39m]  Loaded agent profile: fantasy_rpg
02:00:07 [[32minfo[39m]  Loaded agent profile: minimal_test
02:00:07 [[32minfo[39m]  Loaded 0 non-builtin profiles from database (0 builtin skipped, using YAML)
02:00:07 [[32minfo[39m]  Config loaded successfully: 2 profiles
02:00:07 [[32minfo[39m]  YAML config loaded successfully
02:00:07 [[32minfo[39m]  Context rules loaded {"agentCount":10}
02:00:07 [[32minfo[39m]  Default manifests loaded {"agentTypeCount":6,"manifestCount":8}
02:00:07 [[32minfo[39m]  Context rules file watcher started {"path":"C:\\Users\\super\\Documents\\trae_projects\\AGG-main\\packages\\backend\\config\\agent-context-rules.yaml"}
02:00:07 [[32minfo[39m]  Loaded 10 agent capabilities from YAML profiles
02:00:07 [[32minfo[39m]  ToolRegistry initialized
02:00:07 [[32minfo[39m]  Registering ServiceTools to ToolRegistry
02:00:07 [[32minfo[39m]  Tool registered: game_time_service - GameTime Service (v1.0.0)
02:00:07 [[32minfo[39m]  Tool registered: numerical_service - Numerical Service (v1.0.0)
02:00:07 [[32minfo[39m]  Tool registered: character_service - Character Service (v1.0.0)
02:00:07 [[32minfo[39m]  Tool registered: inventory_service - Inventory Service (v1.0.0)
02:00:07 [[32minfo[39m]  Tool registered: skill_service - Skill Service (v1.1.0)
02:00:07 [[32minfo[39m]  Tool registered: map_service - Map Service (v2.0.0)
02:00:07 [[32minfo[39m]  Tool registered: npc_service - NPC Service (v1.0.0)
02:00:07 [[32minfo[39m]  Tool registered: dialogue_service - Dialogue Service (v1.0.0)
02:00:07 [[32minfo[39m]  Tool registered: quest_service - Quest Service (v1.0.0)
02:00:07 [[32minfo[39m]  Tool registered: challenge_service - Challenge Service (v1.0.0)
02:00:07 [[32minfo[39m]  Tool registered: event_service - Event Service (v1.0.0)
02:00:07 [[32minfo[39m]  Tool registered: story_service - Story Service (v1.0.0)
02:00:07 [[32minfo[39m]  Tool registered: game_init_service - Game Init Service (v2.0.0)
02:00:07 [[32minfo[39m]  Tool registered: batch_query_service - Batch Query Service (v1.0.0)
02:00:07 [[32minfo[39m]  Tool registered: entity_graph_service - Entity Graph Service (v1.0.0)
02:00:07 [[32minfo[39m]  Tool registered: template_pool_service - Template Pool Service (v1.0.0)
02:00:07 [[32minfo[39m]  Tool registered: dynamic_ui - Dynamic UI Service (v1.0.0)
02:00:07 [[32minfo[39m]  Tool registered: generate_options - Generate Options Service (v2.0.0)
02:00:07 [[32minfo[39m]  Tool registered: coordinator_service - Coordinator Service (v1.0.0)
02:00:07 [[32minfo[39m]  Tool registered: rule_service - Rule Service (v1.0.0)
02:00:07 [[32minfo[39m]  Tool registered: skill_loader - Skill Loader (v1.0.0)
02:00:07 [[32minfo[39m]  Tool registered: help_service - Help Service (v1.0.0)
02:00:07 [[32minfo[39m]  Tool registered: memory_service - Memory Service (v1.0.0)
02:00:07 [[32minfo[39m]  Registered 23 ServiceTools to ToolRegistry
02:00:07 [[32minfo[39m]  Tool reference validation passed

[90mstdout[2m | src/game-systems/event/__tests__/EventService.story-events.test.ts[22m[39m
02:00:07 [[32minfo[39m]  Discovered 187 help files {"dir":"C:\\Users\\super\\Documents\\trae_projects\\AGG-main\\packages\\backend\\config\\agent-help"}

[90mstdout[2m | src/agents/config/__tests__/react-agent-runtime-events.test.ts[22m[39m
馃И Setting up comprehensive test environment...
鉁?Database connected
Running migration: 001_init.ts

[90mstdout[2m | src/routes/__tests__/e2e-config.test.ts[22m[39m
02:00:07 [[32minfo[39m]  Discovered 187 help files {"dir":"C:\\Users\\super\\Documents\\trae_projects\\AGG-main\\packages\\backend\\config\\agent-help"}

[90mstdout[2m | src/agents/__tests__/result-integrator-nested-writeops.test.ts[22m[39m
Migration 001_init.ts completed successfully
Running migration: 002_add_equipped_index.ts
Migration 002_add_equipped_index.ts completed successfully
Running migration: 003_fix_information_boundaries_timestamps.ts

[90mstdout[2m | src/agents/__tests__/result-integrator-nested-writeops.test.ts[22m[39m
Migration 003_fix_information_boundaries_timestamps.ts completed successfully
Running migration: 004_drop_information_boundaries.ts

[90mstdout[2m | src/agents/__tests__/result-integrator-nested-writeops.test.ts[22m[39m
004_drop_information_boundaries: information_boundaries table not found, skipping migration
004_drop_information_boundaries: cleared custom_data.knowledge from 0 NPCs
Migration 004_drop_information_boundaries.ts completed successfully
Running migration: 005_drop_npc_relations.ts

[90mstdout[2m | src/agents/__tests__/result-integrator-nested-writeops.test.ts[22m[39m
005_drop_npc_relations: dropped npc_relations table
Migration 005_drop_npc_relations.ts completed successfully
Running migration: 006_awareness_relationship_events_states.ts

[90mstdout[2m | src/agents/__tests__/result-integrator-nested-writeops.test.ts[22m[39m
006: created entity_awareness_events table
006: created entity_awareness_states table
006: created entity_relationship_events table
006: created entity_relationship_states table
Migration 006_awareness_relationship_events_states.ts completed successfully
Running migration: 007_add_combat_mode.ts
007: added combat_states.mode column
Migration 007_add_combat_mode.ts completed successfully
Running migration: 008_add_saves_active_challenge_mode.ts

[90mstdout[2m | src/game-systems/story/__tests__/StoryEventRepository.test.ts[22m[39m
006: created entity_awareness_events table
006: created entity_awareness_states table
006: created entity_relationship_events table
006: created entity_relationship_states table
Migration 006_awareness_relationship_events_states.ts completed successfully
Running migration: 007_add_combat_mode.ts
007: added combat_states.mode column
Migration 007_add_combat_mode.ts completed successfully
Running migration: 008_add_saves_active_challenge_mode.ts
008: added saves.active_challenge_mode column
Migration 008_add_saves_active_challenge_mode.ts completed successfully
All migrations completed
鉁?Migrations completed
All seeds completed
鉁?Seeds completed
02:00:07 [[32minfo[39m]  Starting YAML-driven Agent system initialization
02:00:07 [[32minfo[39m]  Seeding ModelConfigService from environment
02:00:07 [[32minfo[39m]  No DEEPSEEK_API_KEY env var found, skipping env seed
02:00:07 [[32minfo[39m]  Seeded provider from convict config {"providerType":"openai","providerId":"de86a55b-d855-4354-8bbc-5ec104a11e32","model":"openrouter/free"}
02:00:07 [[32minfo[39m]  Creating LLMService with ModelConfigService
02:00:07 [[32minfo[39m]  Creating ContextService and DecisionLogService instances
02:00:07 [[32minfo[39m]  Initializing YAML-driven Agent profiles...
02:00:07 [[32minfo[39m]  Loading config from directory: C:\Users\super\Documents\trae_projects\AGG-main\packages\backend\config
02:00:07 [[32minfo[39m]  Loaded agent profile: fantasy_rpg
02:00:07 [[32minfo[39m]  Loaded agent profile: minimal_test
02:00:07 [[32minfo[39m]  Loaded 0 non-builtin profiles from database (0 builtin skipped, using YAML)
02:00:07 [[32minfo[39m]  Config loaded successfully: 2 profiles
02:00:07 [[32minfo[39m]  YAML config loaded successfully
02:00:07 [[32minfo[39m]  Context rules loaded {"agentCount":10}
02:00:07 [[32minfo[39m]  Default manifests loaded {"agentTypeCount":6,"manifestCount":8}
02:00:07 [[32minfo[39m]  Context rules file watcher started {"path":"C:\\Users\\super\\Documents\\trae_projects\\AGG-main\\packages\\backend\\config\\agent-context-rules.yaml"}
02:00:07 [[32minfo[39m]  Loaded 10 agent capabilities from YAML profiles
02:00:07 [[32minfo[39m]  ToolRegistry initialized
02:00:07 [[32minfo[39m]  Registering ServiceTools to ToolRegistry
02:00:07 [[32minfo[39m]  Tool registered: game_time_service - GameTime Service (v1.0.0)
02:00:07 [[32minfo[39m]  Tool registered: numerical_service - Numerical Service (v1.0.0)
02:00:07 [[32minfo[39m]  Tool registered: character_service - Character Service (v1.0.0)
02:00:07 [[32minfo[39m]  Tool registered: inventory_service - Inventory Service (v1.0.0)
02:00:07 [[32minfo[39m]  Tool registered: skill_service - Skill Service (v1.1.0)
02:00:07 [[32minfo[39m]  Tool registered: map_service - Map Service (v2.0.0)
02:00:07 [[32minfo[39m]  Tool registered: npc_service - NPC Service (v1.0.0)
02:00:07 [[32minfo[39m]  Tool registered: dialogue_service - Dialogue Service (v1.0.0)
02:00:07 [[32minfo[39m]  Tool registered: quest_service - Quest Service (v1.0.0)
02:00:07 [[32minfo[39m]  Tool registered: challenge_service - Challenge Service (v1.0.0)
02:00:07 [[32minfo[39m]  Tool registered: event_service - Event Service (v1.0.0)
02:00:07 [[32minfo[39m]  Tool registered: story_service - Story Service (v1.0.0)
02:00:07 [[32minfo[39m]  Tool registered: game_init_service - Game Init Service (v2.0.0)
02:00:07 [[32minfo[39m]  Tool registered: batch_query_service - Batch Query Service (v1.0.0)
02:00:07 [[32minfo[39m]  Tool registered: entity_graph_service - Entity Graph Service (v1.0.0)
02:00:07 [[32minfo[39m]  Tool registered: template_pool_service - Template Pool Service (v1.0.0)
02:00:07 [[32minfo[39m]  Tool registered: dynamic_ui - Dynamic UI Service (v1.0.0)
02:00:07 [[32minfo[39m]  Tool registered: generate_options - Generate Options Service (v2.0.0)
02:00:07 [[32minfo[39m]  Tool registered: coordinator_service - Coordinator Service (v1.0.0)
02:00:07 [[32minfo[39m]  Tool registered: rule_service - Rule Service (v1.0.0)
02:00:07 [[32minfo[39m]  Tool registered: skill_loader - Skill Loader (v1.0.0)
02:00:07 [[32minfo[39m]  Tool registered: help_service - Help Service (v1.0.0)
02:00:07 [[32minfo[39m]  Tool registered: memory_service - Memory Service (v1.0.0)
02:00:07 [[32minfo[39m]  Registered 23 ServiceTools to ToolRegistry
02:00:07 [[32minfo[39m]  Tool reference validation passed

[90mstdout[2m | src/services/__tests__/shadow-state-insert-override.test.ts[22m[39m
008: added saves.active_challenge_mode column
Migration 008_add_saves_active_challenge_mode.ts completed successfully
All migrations completed
鉁?Migrations completed
All seeds completed
鉁?Seeds completed
02:00:07 [[32minfo[39m]  Starting YAML-driven Agent system initialization
02:00:07 [[32minfo[39m]  Seeding ModelConfigService from environment
02:00:07 [[32minfo[39m]  No DEEPSEEK_API_KEY env var found, skipping env seed
02:00:07 [[32minfo[39m]  Seeded provider from convict config {"providerType":"openai","providerId":"d68f960a-4f7d-42ce-b009-0b95ecdae828","model":"openrouter/free"}
02:00:07 [[32minfo[39m]  Creating LLMService with ModelConfigService
02:00:07 [[32minfo[39m]  Creating ContextService and DecisionLogService instances
02:00:07 [[32minfo[39m]  Initializing YAML-driven Agent profiles...
02:00:07 [[32minfo[39m]  Loading config from directory: C:\Users\super\Documents\trae_projects\AGG-main\packages\backend\config
02:00:07 [[32minfo[39m]  Loaded agent profile: fantasy_rpg
02:00:07 [[32minfo[39m]  Loaded agent profile: minimal_test
02:00:07 [[32minfo[39m]  Loaded 0 non-builtin profiles from database (0 builtin skipped, using YAML)
02:00:07 [[32minfo[39m]  Config loaded successfully: 2 profiles
02:00:07 [[32minfo[39m]  YAML config loaded successfully
02:00:07 [[32minfo[39m]  Context rules loaded {"agentCount":10}
02:00:07 [[32minfo[39m]  Default manifests loaded {"agentTypeCount":6,"manifestCount":8}
02:00:07 [[32minfo[39m]  Context rules file watcher started {"path":"C:\\Users\\super\\Documents\\trae_projects\\AGG-main\\packages\\backend\\config\\agent-context-rules.yaml"}
02:00:07 [[32minfo[39m]  Loaded 10 agent capabilities from YAML profiles
02:00:07 [[32minfo[39m]  ToolRegistry initialized
02:00:07 [[32minfo[39m]  Registering ServiceTools to ToolRegistry
02:00:07 [[32minfo[39m]  Tool registered: game_time_service - GameTime Service (v1.0.0)
02:00:07 [[32minfo[39m]  Tool registered: numerical_service - Numerical Service (v1.0.0)
02:00:07 [[32minfo[39m]  Tool registered: character_service - Character Service (v1.0.0)
02:00:07 [[32minfo[39m]  Tool registered: inventory_service - Inventory Service (v1.0.0)
02:00:07 [[32minfo[39m]  Tool registered: skill_service - Skill Service (v1.1.0)
02:00:07 [[32minfo[39m]  Tool registered: map_service - Map Service (v2.0.0)
02:00:07 [[32minfo[39m]  Tool registered: npc_service - NPC Service (v1.0.0)
02:00:07 [[32minfo[39m]  Tool registered: dialogue_service - Dialogue Service (v1.0.0)
02:00:07 [[32minfo[39m]  Tool registered: quest_service - Quest Service (v1.0.0)
02:00:07 [[32minfo[39m]  Tool registered: challenge_service - Challenge Service (v1.0.0)
02:00:07 [[32minfo[39m]  Tool registered: event_service - Event Service (v1.0.0)
02:00:07 [[32minfo[39m]  Tool registered: story_service - Story Service (v1.0.0)
02:00:07 [[32minfo[39m]  Tool registered: game_init_service - Game Init Service (v2.0.0)
02:00:07 [[32minfo[39m]  Tool registered: batch_query_service - Batch Query Service (v1.0.0)
02:00:07 [[32minfo[39m]  Tool registered: entity_graph_service - Entity Graph Service (v1.0.0)
02:00:07 [[32minfo[39m]  Tool registered: template_pool_service - Template Pool Service (v1.0.0)
02:00:07 [[32minfo[39m]  Tool registered: dynamic_ui - Dynamic UI Service (v1.0.0)
02:00:07 [[32minfo[39m]  Tool registered: generate_options - Generate Options Service (v2.0.0)
02:00:07 [[32minfo[39m]  Tool registered: coordinator_service - Coordinator Service (v1.0.0)
02:00:07 [[32minfo[39m]  Tool registered: rule_service - Rule Service (v1.0.0)
02:00:07 [[32minfo[39m]  Tool registered: skill_loader - Skill Loader (v1.0.0)
02:00:07 [[32minfo[39m]  Tool registered: help_service - Help Service (v1.0.0)
02:00:07 [[32minfo[39m]  Tool registered: memory_service - Memory Service (v1.0.0)
02:00:07 [[32minfo[39m]  Registered 23 ServiceTools to ToolRegistry
02:00:07 [[32minfo[39m]  Tool reference validation passed

[90mstdout[2m | src/game-systems/map/__tests__/chinese-location-resolution.test.ts[22m[39m
馃И Setting up comprehensive test environment...
鉁?Database connected
Running migration: 001_init.ts

[90mstdout[2m | src/agents/tools/__tests__/coordinator-trace-ids.test.ts[22m[39m
007: added combat_states.mode column
Migration 007_add_combat_mode.ts completed successfully
Running migration: 008_add_saves_active_challenge_mode.ts
008: added saves.active_challenge_mode column
Migration 008_add_saves_active_challenge_mode.ts completed successfully
All migrations completed
鉁?Migrations completed
All seeds completed
鉁?Seeds completed
02:00:07 [[32minfo[39m]  Starting YAML-driven Agent system initialization
02:00:07 [[32minfo[39m]  Seeding ModelConfigService from environment
02:00:07 [[32minfo[39m]  No DEEPSEEK_API_KEY env var found, skipping env seed
02:00:07 [[32minfo[39m]  Seeded provider from convict config {"providerType":"openai","providerId":"c6ac9790-36d9-42e3-9b87-738820157d90","model":"openrouter/free"}
02:00:07 [[32minfo[39m]  Creating LLMService with ModelConfigService
02:00:07 [[32minfo[39m]  Creating ContextService and DecisionLogService instances
02:00:07 [[32minfo[39m]  Initializing YAML-driven Agent profiles...
02:00:07 [[32minfo[39m]  Loading config from directory: C:\Users\super\Documents\trae_projects\AGG-main\packages\backend\config
02:00:07 [[32minfo[39m]  Loaded agent profile: fantasy_rpg
02:00:07 [[32minfo[39m]  Loaded agent profile: minimal_test
02:00:07 [[32minfo[39m]  Loaded 0 non-builtin profiles from database (0 builtin skipped, using YAML)
02:00:07 [[32minfo[39m]  Config loaded successfully: 2 profiles
02:00:07 [[32minfo[39m]  YAML config loaded successfully
02:00:07 [[32minfo[39m]  Context rules loaded {"agentCount":10}
02:00:07 [[32minfo[39m]  Default manifests loaded {"agentTypeCount":6,"manifestCount":8}
02:00:07 [[32minfo[39m]  Context rules file watcher started {"path":"C:\\Users\\super\\Documents\\trae_projects\\AGG-main\\packages\\backend\\config\\agent-context-rules.yaml"}
02:00:07 [[32minfo[39m]  Loaded 10 agent capabilities from YAML profiles
02:00:07 [[32minfo[39m]  ToolRegistry initialized
02:00:07 [[32minfo[39m]  Registering ServiceTools to ToolRegistry
02:00:07 [[32minfo[39m]  Tool registered: game_time_service - GameTime Service (v1.0.0)
02:00:07 [[32minfo[39m]  Tool registered: numerical_service - Numerical Service (v1.0.0)
02:00:07 [[32minfo[39m]  Tool registered: character_service - Character Service (v1.0.0)
02:00:07 [[32minfo[39m]  Tool registered: inventory_service - Inventory Service (v1.0.0)
02:00:07 [[32minfo[39m]  Tool registered: skill_service - Skill Service (v1.1.0)
02:00:07 [[32minfo[39m]  Tool registered: map_service - Map Service (v2.0.0)
02:00:07 [[32minfo[39m]  Tool registered: npc_service - NPC Service (v1.0.0)
02:00:07 [[32minfo[39m]  Tool registered: dialogue_service - Dialogue Service (v1.0.0)
02:00:07 [[32minfo[39m]  Tool registered: quest_service - Quest Service (v1.0.0)
02:00:07 [[32minfo[39m]  Tool registered: challenge_service - Challenge Service (v1.0.0)
02:00:07 [[32minfo[39m]  Tool registered: event_service - Event Service (v1.0.0)
02:00:07 [[32minfo[39m]  Tool registered: story_service - Story Service (v1.0.0)
02:00:07 [[32minfo[39m]  Tool registered: game_init_service - Game Init Service (v2.0.0)
02:00:07 [[32minfo[39m]  Tool registered: batch_query_service - Batch Query Service (v1.0.0)
02:00:07 [[32minfo[39m]  Tool registered: entity_graph_service - Entity Graph Service (v1.0.0)
02:00:07 [[32minfo[39m]  Tool registered: template_pool_service - Template Pool Service (v1.0.0)
02:00:07 [[32minfo[39m]  Tool registered: dynamic_ui - Dynamic UI Service (v1.0.0)
02:00:07 [[32minfo[39m]  Tool registered: generate_options - Generate Options Service (v2.0.0)
02:00:07 [[32minfo[39m]  Tool registered: coordinator_service - Coordinator Service (v1.0.0)
02:00:07 [[32minfo[39m]  Tool registered: rule_service - Rule Service (v1.0.0)
02:00:07 [[32minfo[39m]  Tool registered: skill_loader - Skill Loader (v1.0.0)
02:00:07 [[32minfo[39m]  Tool registered: help_service - Help Service (v1.0.0)
02:00:07 [[32minfo[39m]  Tool registered: memory_service - Memory Service (v1.0.0)
02:00:07 [[32minfo[39m]  Registered 23 ServiceTools to ToolRegistry
02:00:07 [[32minfo[39m]  Tool reference validation passed

[90mstdout[2m | src/game-systems/skill/__tests__/weight-cooldown.test.ts[22m[39m
馃И Setting up comprehensive test environment...
鉁?Database connected
Running migration: 001_init.ts

[90mstdout[2m | src/game-systems/save/__tests__/SaveStateRepository.test.ts[22m[39m
馃И Setting up comprehensive test environment...
鉁?Database connected
Running migration: 001_init.ts

[90mstdout[2m | src/services/__tests__/shadow-state-insert-override.test.ts[22m[39m
02:00:07 [[32minfo[39m]  Discovered 187 help files {"dir":"C:\\Users\\super\\Documents\\trae_projects\\AGG-main\\packages\\backend\\config\\agent-help"}

[90mstdout[2m | src/agents/config/__tests__/react-agent-runtime-events.test.ts[22m[39m
Migration 001_init.ts completed successfully
Running migration: 002_add_equipped_index.ts

[90mstdout[2m | src/game-systems/story/__tests__/StoryEventRepository.test.ts[22m[39m
02:00:07 [[32minfo[39m]  Discovered 187 help files {"dir":"C:\\Users\\super\\Documents\\trae_projects\\AGG-main\\packages\\backend\\config\\agent-help"}

[90mstdout[2m | src/game-systems/save/__tests__/SaveStateRepository.test.ts[22m[39m
Migration 001_init.ts completed successfully
Running migration: 002_add_equipped_index.ts

[90mstdout[2m | src/game-systems/skill/__tests__/weight-cooldown.test.ts[22m[39m
Migration 001_init.ts completed successfully
Running migration: 002_add_equipped_index.ts

[90mstdout[2m | src/agents/tools/__tests__/coordinator-trace-ids.test.ts[22m[39m
02:00:08 [[32minfo[39m]  Discovered 187 help files {"dir":"C:\\Users\\super\\Documents\\trae_projects\\AGG-main\\packages\\backend\\config\\agent-help"}

[90mstdout[2m | src/game-systems/map/__tests__/chinese-location-resolution.test.ts[22m[39m
Migration 001_init.ts completed successfully
Running migration: 002_add_equipped_index.ts

[90mstdout[2m | src/agents/__tests__/result-integrator-nested-writeops.test.ts[22m[39m
008: added saves.active_challenge_mode column
Migration 008_add_saves_active_challenge_mode.ts completed successfully
All migrations completed
鉁?Migrations completed
All seeds completed
鉁?Seeds completed
02:00:07 [[32minfo[39m]  Starting YAML-driven Agent system initialization
02:00:07 [[32minfo[39m]  Seeding ModelConfigService from environment
02:00:07 [[32minfo[39m]  No DEEPSEEK_API_KEY env var found, skipping env seed
02:00:08 [[32minfo[39m]  Seeded provider from convict config {"providerType":"openai","providerId":"fd110478-d23d-4380-8795-3c2d4f8f5a20","model":"openrouter/free"}
02:00:08 [[32minfo[39m]  Creating LLMService with ModelConfigService
02:00:08 [[32minfo[39m]  Creating ContextService and DecisionLogService instances
02:00:08 [[32minfo[39m]  Initializing YAML-driven Agent profiles...
02:00:08 [[32minfo[39m]  Loading config from directory: C:\Users\super\Documents\trae_projects\AGG-main\packages\backend\config
02:00:08 [[32minfo[39m]  Loaded agent profile: fantasy_rpg
02:00:08 [[32minfo[39m]  Loaded agent profile: minimal_test
02:00:08 [[32minfo[39m]  Loaded 0 non-builtin profiles from database (0 builtin skipped, using YAML)
02:00:08 [[32minfo[39m]  Config loaded successfully: 2 profiles
02:00:08 [[32minfo[39m]  YAML config loaded successfully
02:00:08 [[32minfo[39m]  Context rules loaded {"agentCount":10}
02:00:08 [[32minfo[39m]  Default manifests loaded {"agentTypeCount":6,"manifestCount":8}
02:00:08 [[32minfo[39m]  Context rules file watcher started {"path":"C:\\Users\\super\\Documents\\trae_projects\\AGG-main\\packages\\backend\\config\\agent-context-rules.yaml"}
02:00:08 [[32minfo[39m]  Loaded 10 agent capabilities from YAML profiles
02:00:08 [[32minfo[39m]  ToolRegistry initialized
02:00:08 [[32minfo[39m]  Registering ServiceTools to ToolRegistry
02:00:08 [[32minfo[39m]  Tool registered: game_time_service - GameTime Service (v1.0.0)
02:00:08 [[32minfo[39m]  Tool registered: numerical_service - Numerical Service (v1.0.0)
02:00:08 [[32minfo[39m]  Tool registered: character_service - Character Service (v1.0.0)
02:00:08 [[32minfo[39m]  Tool registered: inventory_service - Inventory Service (v1.0.0)
02:00:08 [[32minfo[39m]  Tool registered: skill_service - Skill Service (v1.1.0)
02:00:08 [[32minfo[39m]  Tool registered: map_service - Map Service (v2.0.0)
02:00:08 [[32minfo[39m]  Tool registered: npc_service - NPC Service (v1.0.0)
02:00:08 [[32minfo[39m]  Tool registered: dialogue_service - Dialogue Service (v1.0.0)
02:00:08 [[32minfo[39m]  Tool registered: quest_service - Quest Service (v1.0.0)
02:00:08 [[32minfo[39m]  Tool registered: challenge_service - Challenge Service (v1.0.0)
02:00:08 [[32minfo[39m]  Tool registered: event_service - Event Service (v1.0.0)
02:00:08 [[32minfo[39m]  Tool registered: story_service - Story Service (v1.0.0)
02:00:08 [[32minfo[39m]  Tool registered: game_init_service - Game Init Service (v2.0.0)
02:00:08 [[32minfo[39m]  Tool registered: batch_query_service - Batch Query Service (v1.0.0)
02:00:08 [[32minfo[39m]  Tool registered: entity_graph_service - Entity Graph Service (v1.0.0)
02:00:08 [[32minfo[39m]  Tool registered: template_pool_service - Template Pool Service (v1.0.0)
02:00:08 [[32minfo[39m]  Tool registered: dynamic_ui - Dynamic UI Service (v1.0.0)
02:00:08 [[32minfo[39m]  Tool registered: generate_options - Generate Options Service (v2.0.0)
02:00:08 [[32minfo[39m]  Tool registered: coordinator_service - Coordinator Service (v1.0.0)
02:00:08 [[32minfo[39m]  Tool registered: rule_service - Rule Service (v1.0.0)
02:00:08 [[32minfo[39m]  Tool registered: skill_loader - Skill Loader (v1.0.0)
02:00:08 [[32minfo[39m]  Tool registered: help_service - Help Service (v1.0.0)
02:00:08 [[32minfo[39m]  Tool registered: memory_service - Memory Service (v1.0.0)
02:00:08 [[32minfo[39m]  Registered 23 ServiceTools to ToolRegistry
02:00:08 [[32minfo[39m]  Tool reference validation passed

[90mstdout[2m | src/agents/__tests__/result-integrator-nested-writeops.test.ts[22m[39m
02:00:08 [[32minfo[39m]  Discovered 187 help files {"dir":"C:\\Users\\super\\Documents\\trae_projects\\AGG-main\\packages\\backend\\config\\agent-help"}

[90mstdout[2m | src/agents/config/__tests__/react-agent-runtime-events.test.ts[22m[39m
Migration 002_add_equipped_index.ts completed successfully
Running migration: 003_fix_information_boundaries_timestamps.ts

[90mstdout[2m | src/game-systems/event/__tests__/EventService.story-events.test.ts[2m > [22m[2mEventService story_events write path[2m > [22m[2mrecordStoryEvent 搴斿鎵?StoryService.addStoryEvent 浣滀负鍗曞啓鍏ュ彛[22m[39m
02:00:08 [[32minfo[39m]  Story event recorded {"saveId":"save-1","title":"鐜╁棣栨纭鏉戝簞寮傚彉绾跨储"}

[90mstdout[2m | src/agents/config/__tests__/react-agent-runtime-events.test.ts[22m[39m
Migration 003_fix_information_boundaries_timestamps.ts completed successfully
Running migration: 004_drop_information_boundaries.ts

[90mstdout[2m | src/game-systems/save/__tests__/SaveStateRepository.test.ts[22m[39m
Migration 002_add_equipped_index.ts completed successfully
Running migration: 003_fix_information_boundaries_timestamps.ts
Migration 003_fix_information_boundaries_timestamps.ts completed successfully
Running migration: 004_drop_information_boundaries.ts
004_drop_information_boundaries: information_boundaries table not found, skipping migration
004_drop_information_boundaries: cleared custom_data.knowledge from 0 NPCs
Migration 004_drop_information_boundaries.ts completed successfully
Running migration: 005_drop_npc_relations.ts

[90mstdout[2m | src/game-systems/event/__tests__/EventService.story-events.test.ts[2m > [22m[2mEventService story_events write path[2m > [22m[2mtriggerEvent 瀵规櫘閫氬嵆鏃朵簨浠朵笉搴斿啓鍏?story_events[22m[39m
02:00:08 [[32minfo[39m]  Event triggered {"saveId":"save-1","eventId":"event-1","triggerId":"evt_鏅€氫簨浠禵1785002408257_0"}

[90mstdout[2m | src/game-systems/event/__tests__/EventService.story-events.test.ts[2m > [22m[2mEventService story_events write path[2m > [22m[2mresolveTrigger 瀵逛富绾夸簨瀹炰簨浠跺簲濮旀墭 StoryService.addStoryEvent 骞舵爣璁颁负 major[22m[39m
02:00:08 [[32minfo[39m]  Trigger resolved {"saveId":"save-1","triggerId":"trigger-1"}

[90mstdout[2m | src/game-systems/event/__tests__/EventService.story-events.test.ts[22m[39m
02:00:07 [[32minfo[39m]  Help registry loaded: 22 tools {"tools":["batch_query_service","challenge_service","... (22 items)"]}
02:00:07 [[32minfo[39m]  Creating GameMasterAgent (as AgentRuntime with isSubAgent=false)
02:00:07 [[32minfo[39m]  Handler subscribed {"eventType":"dialogue"}
02:00:07 [[32minfo[39m]  Handler subscribed {"eventType":"combat_end"}
02:00:07 [[32minfo[39m]  AwarenessAutoSubscriber subscribed to dialogue + combat_end events
02:00:07 [[32minfo[39m]  Agent initialized: gamemaster - GameMasterAgent
02:00:07 [[32minfo[39m] [AGENT-START] Agent gamemaster starting {"agent":"gamemaster","provider":null,"toolsConfigured":1,"maxIterations":200,"isSubAgent":false}
02:00:07 [[32minfo[39m]  Handler subscribed {"eventType":"chapter_advanced"}
02:00:07 [[32minfo[39m]  Creating AgentRuntime instances from default profile: fantasy_rpg
02:00:07 [[32minfo[39m]  Creating agents from profile: fantasy_rpg {"agentCount":10}
02:00:07 [[32minfo[39m]  Agent initialized: gamemaster - GameMasterAgent
02:00:07 [[32minfo[39m] [AGENT-START] Agent gamemaster starting {"agent":"gamemaster","provider":null,"toolsConfigured":1,"maxIterations":200,"isSubAgent":false}
02:00:07 [[32minfo[39m]  Created AgentRuntime: gamemaster {"profile":"fantasy_rpg","tools":["all"]}
02:00:07 [[32minfo[39m]  Agent initialized: map - MapAgent
02:00:07 [[32minfo[39m] [AGENT-START] Agent map starting {"agent":"map","provider":null,"toolsConfigured":7,"maxIterations":200,"isSubAgent":true}
02:00:07 [[32minfo[39m]  Created AgentRuntime: map {"profile":"fantasy_rpg","tools":["map_service","npc_service","... (7 items)"]}
02:00:07 [[32minfo[39m]  Agent initialized: challenge - ChallengeAgent
02:00:07 [[32minfo[39m] [AGENT-START] Agent challenge starting {"agent":"challenge","provider":null,"toolsConfigured":9,"maxIterations":200,"isSubAgent":true}
02:00:07 [[32minfo[39m]  Created AgentRuntime: challenge {"profile":"fantasy_rpg","tools":["challenge_service","numerical_service","... (9 items)"]}
02:00:07 [[32minfo[39m]  Agent initialized: output - OutputAgent
02:00:07 [[32minfo[39m] [AGENT-START] Agent output starting {"agent":"output","provider":null,"toolsConfigured":5,"maxIterations":200,"isSubAgent":true}
02:00:07 [[32minfo[39m]  Created AgentRuntime: output {"profile":"fantasy_rpg","tools":["dialogue_service","dynamic_ui","... (5 items)"]}
02:00:07 [[32minfo[39m]  Agent initialized: quest - QuestAgent
02:00:07 [[32minfo[39m] [AGENT-START] Agent quest starting {"agent":"quest","provider":null,"toolsConfigured":11,"maxIterations":200,"isSubAgent":true}
02:00:07 [[32minfo[39m]  Created AgentRuntime: quest {"profile":"fantasy_rpg","tools":["quest_service","numerical_service","... (11 items)"]}
02:00:07 [[32minfo[39m]  Agent initialized: npc_party - NPCPartyAgent
02:00:07 [[32minfo[39m] [AGENT-START] Agent npc_party starting {"agent":"npc_party","provider":null,"toolsConfigured":9,"maxIterations":200,"isSubAgent":true}
02:00:07 [[32minfo[39m]  Created AgentRuntime: npc_party {"profile":"fantasy_rpg","tools":["npc_service","entity_graph_service","... (9 items)"]}
02:00:07 [[32minfo[39m]  Agent initialized: inventory - InventoryAgent
02:00:07 [[32minfo[39m] [AGENT-START] Agent inventory starting {"agent":"inventory","provider":null,"toolsConfigured":8,"maxIterations":200,"isSubAgent":true}
02:00:07 [[32minfo[39m]  Created AgentRuntime: inventory {"profile":"fantasy_rpg","tools":["inventory_service","template_pool_service","... (8 items)"]}
02:00:07 [[32minfo[39m]  Agent initialized: skill - SkillAgent
02:00:07 [[32minfo[39m] [AGENT-START] Agent skill starting {"agent":"skill","provider":null,"toolsConfigured":7,"maxIterations":200,"isSubAgent":true}
02:00:07 [[32minfo[39m]  Created AgentRuntime: skill {"profile":"fantasy_rpg","tools":["skill_service","template_pool_service","... (7 items)"]}
02:00:07 [[32minfo[39m]  Agent initialized: event - EventAgent
02:00:07 [[32minfo[39m] [AGENT-START] Agent event starting {"agent":"event","provider":null,"toolsConfigured":5,"maxIterations":200,"isSubAgent":true}
02:00:07 [[32minfo[39m]  Created AgentRuntime: event {"profile":"fantasy_rpg","tools":["event_service","game_time_service","... (5 items)"]}
02:00:07 [[32minfo[39m]  Agent initialized: time - TimeAgent
02:00:07 [[32minfo[39m] [AGENT-START] Agent time starting {"agent":"time","provider":null,"toolsConfigured":4,"maxIterations":200,"isSubAgent":true}
02:00:07 [[32minfo[39m]  Created AgentRuntime: time {"profile":"fantasy_rpg","tools":["game_time_service","rule_service","... (4 items)"]}
02:00:07 [[32minfo[39m]  Permissions configured from agent.tools for profile: fantasy_rpg
02:00:07 [[32minfo[39m]  YAML permissions configured
02:00:07 [[32minfo[39m]  Registering AgentRuntime instances to GameMasterAgent...
02:00:07 [[32minfo[39m]  Registered AgentRuntime to Coordinator: gamemaster
02:00:07 [[32minfo[39m]  Registered AgentRuntime to Coordinator: map
02:00:07 [[32minfo[39m]  Registered AgentRuntime to Coordinator: challenge
02:00:07 [[32minfo[39m]  Registered AgentRuntime to Coordinator: output
02:00:07 [[32minfo[39m]  Registered AgentRuntime to Coordinator: quest
02:00:07 [[32minfo[39m]  Registered AgentRuntime to Coordinator: npc_party
02:00:07 [[32minfo[39m]  Registered AgentRuntime to Coordinator: inventory
02:00:07 [[32minfo[39m]  Registered AgentRuntime to Coordinator: skill
02:00:07 [[32minfo[39m]  Registered AgentRuntime to Coordinator: event
02:00:07 [[32minfo[39m]  Registered AgentRuntime to Coordinator: time
02:00:07 [[32minfo[39m]  GameDataExpander configured (manifest path enabled)
02:00:07 [[32minfo[39m]  DedupService configured (dispatch log persistence enabled)
02:00:07 [[32minfo[39m]  Agent system initialized: 10 AgentRuntime instances created
鉁?Agent system initialized with 10 agents
鈿狅笍 YAML Agent system skipped: __vi_import_5__.initializeYamlAgentSystem is not a function
02:00:07 [[32minfo[39m]  Agent routes initialized
02:00:07 [[32minfo[39m]  Save routes initialized
02:00:07 [[32minfo[39m]  Synced template from YAML to DB: cthulhu-investigation
02:00:07 [[32minfo[39m]  Synced template from YAML to DB: cyberpunk-mercenary
02:00:07 [[32minfo[39m]  Synced template from YAML to DB: medieval-fantasy
02:00:08 [[32minfo[39m]  Synced template from YAML to DB: modern-romance
02:00:08 [[32minfo[39m]  Synced template from YAML to DB: xianxia
02:00:08 [[32minfo[39m]  Synced 5 templates from YAML to database
02:00:08 [[32minfo[39m]  Cache refreshed with 5 templates
02:00:08 [[32minfo[39m]  TemplateService loaded {"cachedTemplates":5}
鉁?Template YAML loaded and synced to DB
02:00:08 [[32minfo[39m]  Template routes initialized
鉁?Test environment setup complete
鉁?Database connection closed

 [32m鉁?[39m src/game-systems/event/__tests__/EventService.story-events.test.ts [2m ([22m[2m3 tests[22m[2m)[22m[33m 1151[2mms[22m[39m
[90mstdout[2m | src/game-systems/map/__tests__/chinese-location-resolution.test.ts[22m[39m
Migration 002_add_equipped_index.ts completed successfully
Running migration: 003_fix_information_boundaries_timestamps.ts

[90mstdout[2m | src/agents/config/__tests__/react-agent-runtime-events.test.ts[22m[39m
004_drop_information_boundaries: information_boundaries table not found, skipping migration
004_drop_information_boundaries: cleared custom_data.knowledge from 0 NPCs
Migration 004_drop_information_boundaries.ts completed successfully
Running migration: 005_drop_npc_relations.ts
005_drop_npc_relations: dropped npc_relations table
Migration 005_drop_npc_relations.ts completed successfully
Running migration: 006_awareness_relationship_events_states.ts

[90mstdout[2m | src/game-systems/map/__tests__/chinese-location-resolution.test.ts[22m[39m
Migration 003_fix_information_boundaries_timestamps.ts completed successfully
Running migration: 004_drop_information_boundaries.ts

[90mstdout[2m | src/game-systems/skill/__tests__/weight-cooldown.test.ts[22m[39m
Migration 002_add_equipped_index.ts completed successfully
Running migration: 003_fix_information_boundaries_timestamps.ts
Migration 003_fix_information_boundaries_timestamps.ts completed successfully
Running migration: 004_drop_information_boundaries.ts

[90mstdout[2m | src/game-systems/skill/__tests__/weight-cooldown.test.ts[22m[39m
004_drop_information_boundaries: information_boundaries table not found, skipping migration
004_drop_information_boundaries: cleared custom_data.knowledge from 0 NPCs
Migration 004_drop_information_boundaries.ts completed successfully
Running migration: 005_drop_npc_relations.ts
005_drop_npc_relations: dropped npc_relations table
Migration 005_drop_npc_relations.ts completed successfully
Running migration: 006_awareness_relationship_events_states.ts
006: created entity_awareness_events table
006: created entity_awareness_states table
006: created entity_relationship_events table
006: created entity_relationship_states table
Migration 006_awareness_relationship_events_states.ts completed successfully
Running migration: 007_add_combat_mode.ts

[90mstdout[2m | src/game-systems/skill/__tests__/weight-cooldown.test.ts[22m[39m
007: added combat_states.mode column
Migration 007_add_combat_mode.ts completed successfully
Running migration: 008_add_saves_active_challenge_mode.ts

[90mstdout[2m | src/game-systems/map/__tests__/chinese-location-resolution.test.ts[22m[39m
004_drop_information_boundaries: information_boundaries table not found, skipping migration
004_drop_information_boundaries: cleared custom_data.knowledge from 0 NPCs
Migration 004_drop_information_boundaries.ts completed successfully
Running migration: 005_drop_npc_relations.ts
005_drop_npc_relations: dropped npc_relations table
Migration 005_drop_npc_relations.ts completed successfully
Running migration: 006_awareness_relationship_events_states.ts

[90mstdout[2m | src/agents/config/__tests__/react-agent-runtime-events.test.ts[22m[39m
006: created entity_awareness_events table
006: created entity_awareness_states table
006: created entity_relationship_events table
006: created entity_relationship_states table
Migration 006_awareness_relationship_events_states.ts completed successfully
Running migration: 007_add_combat_mode.ts
007: added combat_states.mode column
Migration 007_add_combat_mode.ts completed successfully
Running migration: 008_add_saves_active_challenge_mode.ts

[90mstdout[2m | src/game-systems/map/__tests__/chinese-location-resolution.test.ts[22m[39m
006: created entity_awareness_events table
006: created entity_awareness_states table
006: created entity_relationship_events table
006: created entity_relationship_states table
Migration 006_awareness_relationship_events_states.ts completed successfully
Running migration: 007_add_combat_mode.ts

[90mstdout[2m | src/game-systems/shared/mode-router/__tests__/mode-router.test.ts[22m[39m
馃И Setting up comprehensive test environment...
鉁?Database connected
Running migration: 001_init.ts

[90mstdout[2m | src/game-systems/map/__tests__/chinese-location-resolution.test.ts[22m[39m
007: added combat_states.mode column
Migration 007_add_combat_mode.ts completed successfully
Running migration: 008_add_saves_active_challenge_mode.ts

[90mstdout[2m | src/game-systems/save/__tests__/SaveStateRepository.test.ts[22m[39m
005_drop_npc_relations: dropped npc_relations table
Migration 005_drop_npc_relations.ts completed successfully
Running migration: 006_awareness_relationship_events_states.ts
006: created entity_awareness_events table
006: created entity_awareness_states table
006: created entity_relationship_events table
006: created entity_relationship_states table
Migration 006_awareness_relationship_events_states.ts completed successfully
Running migration: 007_add_combat_mode.ts
007: added combat_states.mode column
Migration 007_add_combat_mode.ts completed successfully
Running migration: 008_add_saves_active_challenge_mode.ts
008: added saves.active_challenge_mode column
Migration 008_add_saves_active_challenge_mode.ts completed successfully
All migrations completed
鉁?Migrations completed
All seeds completed
鉁?Seeds completed
02:00:08 [[32minfo[39m]  Starting YAML-driven Agent system initialization
02:00:08 [[32minfo[39m]  Seeding ModelConfigService from environment
02:00:08 [[32minfo[39m]  No DEEPSEEK_API_KEY env var found, skipping env seed
02:00:08 [[32minfo[39m]  Seeded provider from convict config {"providerType":"openai","providerId":"70fd39db-1def-46c3-9b29-470b7488aee4","model":"openrouter/free"}
02:00:08 [[32minfo[39m]  Creating LLMService with ModelConfigService
02:00:08 [[32minfo[39m]  Creating ContextService and DecisionLogService instances
02:00:08 [[32minfo[39m]  Initializing YAML-driven Agent profiles...
02:00:08 [[32minfo[39m]  Loading config from directory: C:\Users\super\Documents\trae_projects\AGG-main\packages\backend\config
02:00:08 [[32minfo[39m]  Loaded agent profile: fantasy_rpg
02:00:08 [[32minfo[39m]  Loaded agent profile: minimal_test
02:00:08 [[32minfo[39m]  Loaded 0 non-builtin profiles from database (0 builtin skipped, using YAML)
02:00:08 [[32minfo[39m]  Config loaded successfully: 2 profiles
02:00:08 [[32minfo[39m]  YAML config loaded successfully
02:00:08 [[32minfo[39m]  Context rules loaded {"agentCount":10}
02:00:08 [[32minfo[39m]  Default manifests loaded {"agentTypeCount":6,"manifestCount":8}
02:00:08 [[32minfo[39m]  Context rules file watcher started {"path":"C:\\Users\\super\\Documents\\trae_projects\\AGG-main\\packages\\backend\\config\\agent-context-rules.yaml"}
02:00:08 [[32minfo[39m]  Loaded 10 agent capabilities from YAML profiles
02:00:08 [[32minfo[39m]  ToolRegistry initialized
02:00:08 [[32minfo[39m]  Registering ServiceTools to ToolRegistry
02:00:08 [[32minfo[39m]  Tool registered: game_time_service - GameTime Service (v1.0.0)
02:00:08 [[32minfo[39m]  Tool registered: numerical_service - Numerical Service (v1.0.0)
02:00:08 [[32minfo[39m]  Tool registered: character_service - Character Service (v1.0.0)
02:00:08 [[32minfo[39m]  Tool registered: inventory_service - Inventory Service (v1.0.0)
02:00:08 [[32minfo[39m]  Tool registered: skill_service - Skill Service (v1.1.0)
02:00:08 [[32minfo[39m]  Tool registered: map_service - Map Service (v2.0.0)
02:00:08 [[32minfo[39m]  Tool registered: npc_service - NPC Service (v1.0.0)
02:00:08 [[32minfo[39m]  Tool registered: dialogue_service - Dialogue Service (v1.0.0)
02:00:08 [[32minfo[39m]  Tool registered: quest_service - Quest Service (v1.0.0)
02:00:08 [[32minfo[39m]  Tool registered: challenge_service - Challenge Service (v1.0.0)
02:00:08 [[32minfo[39m]  Tool registered: event_service - Event Service (v1.0.0)
02:00:08 [[32minfo[39m]  Tool registered: story_service - Story Service (v1.0.0)
02:00:08 [[32minfo[39m]  Tool registered: game_init_service - Game Init Service (v2.0.0)
02:00:08 [[32minfo[39m]  Tool registered: batch_query_service - Batch Query Service (v1.0.0)
02:00:08 [[32minfo[39m]  Tool registered: entity_graph_service - Entity Graph Service (v1.0.0)
02:00:08 [[32minfo[39m]  Tool registered: template_pool_service - Template Pool Service (v1.0.0)
02:00:08 [[32minfo[39m]  Tool registered: dynamic_ui - Dynamic UI Service (v1.0.0)
02:00:08 [[32minfo[39m]  Tool registered: generate_options - Generate Options Service (v2.0.0)
02:00:08 [[32minfo[39m]  Tool registered: coordinator_service - Coordinator Service (v1.0.0)
02:00:08 [[32minfo[39m]  Tool registered: rule_service - Rule Service (v1.0.0)
02:00:08 [[32minfo[39m]  Tool registered: skill_loader - Skill Loader (v1.0.0)
02:00:08 [[32minfo[39m]  Tool registered: help_service - Help Service (v1.0.0)
02:00:08 [[32minfo[39m]  Tool registered: memory_service - Memory Service (v1.0.0)
02:00:08 [[32minfo[39m]  Registered 23 ServiceTools to ToolRegistry
02:00:08 [[32minfo[39m]  Tool reference validation passed

[90mstdout[2m | src/game-systems/shared/mode-router/__tests__/mode-router.test.ts[22m[39m
Migration 001_init.ts completed successfully
Running migration: 002_add_equipped_index.ts

[90mstdout[2m | src/game-systems/inventory/__tests__/consumable-effects-auto-apply.test.ts[22m[39m
馃И Setting up comprehensive test environment...
鉁?Database connected
Running migration: 001_init.ts

[90mstdout[2m | src/services/__tests__/shadow-state-insert-override.test.ts[22m[39m
02:00:08 [[32minfo[39m]  Help registry loaded: 22 tools {"tools":["batch_query_service","challenge_service","... (22 items)"]}
02:00:08 [[32minfo[39m]  Creating GameMasterAgent (as AgentRuntime with isSubAgent=false)
02:00:08 [[32minfo[39m]  Handler subscribed {"eventType":"dialogue"}
02:00:08 [[32minfo[39m]  Handler subscribed {"eventType":"combat_end"}
02:00:08 [[32minfo[39m]  AwarenessAutoSubscriber subscribed to dialogue + combat_end events
02:00:08 [[32minfo[39m]  Agent initialized: gamemaster - GameMasterAgent
02:00:08 [[32minfo[39m] [AGENT-START] Agent gamemaster starting {"agent":"gamemaster","provider":null,"toolsConfigured":1,"maxIterations":200,"isSubAgent":false}
02:00:08 [[32minfo[39m]  Handler subscribed {"eventType":"chapter_advanced"}
02:00:08 [[32minfo[39m]  Creating AgentRuntime instances from default profile: fantasy_rpg
02:00:08 [[32minfo[39m]  Creating agents from profile: fantasy_rpg {"agentCount":10}
02:00:08 [[32minfo[39m]  Agent initialized: gamemaster - GameMasterAgent
02:00:08 [[32minfo[39m] [AGENT-START] Agent gamemaster starting {"agent":"gamemaster","provider":null,"toolsConfigured":1,"maxIterations":200,"isSubAgent":false}
02:00:08 [[32minfo[39m]  Created AgentRuntime: gamemaster {"profile":"fantasy_rpg","tools":["all"]}
02:00:08 [[32minfo[39m]  Agent initialized: map - MapAgent
02:00:08 [[32minfo[39m] [AGENT-START] Agent map starting {"agent":"map","provider":null,"toolsConfigured":7,"maxIterations":200,"isSubAgent":true}
02:00:08 [[32minfo[39m]  Created AgentRuntime: map {"profile":"fantasy_rpg","tools":["map_service","npc_service","... (7 items)"]}
02:00:08 [[32minfo[39m]  Agent initialized: challenge - ChallengeAgent
02:00:08 [[32minfo[39m] [AGENT-START] Agent challenge starting {"agent":"challenge","provider":null,"toolsConfigured":9,"maxIterations":200,"isSubAgent":true}
02:00:08 [[32minfo[39m]  Created AgentRuntime: challenge {"profile":"fantasy_rpg","tools":["challenge_service","numerical_service","... (9 items)"]}
02:00:08 [[32minfo[39m]  Agent initialized: output - OutputAgent
02:00:08 [[32minfo[39m] [AGENT-START] Agent output starting {"agent":"output","provider":null,"toolsConfigured":5,"maxIterations":200,"isSubAgent":true}
02:00:08 [[32minfo[39m]  Created AgentRuntime: output {"profile":"fantasy_rpg","tools":["dialogue_service","dynamic_ui","... (5 items)"]}
02:00:08 [[32minfo[39m]  Agent initialized: quest - QuestAgent
02:00:08 [[32minfo[39m] [AGENT-START] Agent quest starting {"agent":"quest","provider":null,"toolsConfigured":11,"maxIterations":200,"isSubAgent":true}
02:00:08 [[32minfo[39m]  Created AgentRuntime: quest {"profile":"fantasy_rpg","tools":["quest_service","numerical_service","... (11 items)"]}
02:00:08 [[32minfo[39m]  Agent initialized: npc_party - NPCPartyAgent
02:00:08 [[32minfo[39m] [AGENT-START] Agent npc_party starting {"agent":"npc_party","provider":null,"toolsConfigured":9,"maxIterations":200,"isSubAgent":true}
02:00:08 [[32minfo[39m]  Created AgentRuntime: npc_party {"profile":"fantasy_rpg","tools":["npc_service","entity_graph_service","... (9 items)"]}
02:00:08 [[32minfo[39m]  Agent initialized: inventory - InventoryAgent
02:00:08 [[32minfo[39m] [AGENT-START] Agent inventory starting {"agent":"inventory","provider":null,"toolsConfigured":8,"maxIterations":200,"isSubAgent":true}
02:00:08 [[32minfo[39m]  Created AgentRuntime: inventory {"profile":"fantasy_rpg","tools":["inventory_service","template_pool_service","... (8 items)"]}
02:00:08 [[32minfo[39m]  Agent initialized: skill - SkillAgent
02:00:08 [[32minfo[39m] [AGENT-START] Agent skill starting {"agent":"skill","provider":null,"toolsConfigured":7,"maxIterations":200,"isSubAgent":true}
02:00:08 [[32minfo[39m]  Created AgentRuntime: skill {"profile":"fantasy_rpg","tools":["skill_service","template_pool_service","... (7 items)"]}
02:00:08 [[32minfo[39m]  Agent initialized: event - EventAgent
02:00:08 [[32minfo[39m] [AGENT-START] Agent event starting {"agent":"event","provider":null,"toolsConfigured":5,"maxIterations":200,"isSubAgent":true}
02:00:08 [[32minfo[39m]  Created AgentRuntime: event {"profile":"fantasy_rpg","tools":["event_service","game_time_service","... (5 items)"]}
02:00:08 [[32minfo[39m]  Agent initialized: time - TimeAgent
02:00:08 [[32minfo[39m] [AGENT-START] Agent time starting {"agent":"time","provider":null,"toolsConfigured":4,"maxIterations":200,"isSubAgent":true}
02:00:08 [[32minfo[39m]  Created AgentRuntime: time {"profile":"fantasy_rpg","tools":["game_time_service","rule_service","... (4 items)"]}
02:00:08 [[32minfo[39m]  Permissions configured from agent.tools for profile: fantasy_rpg
02:00:08 [[32minfo[39m]  YAML permissions configured
02:00:08 [[32minfo[39m]  Registering AgentRuntime instances to GameMasterAgent...
02:00:08 [[32minfo[39m]  Registered AgentRuntime to Coordinator: gamemaster
02:00:08 [[32minfo[39m]  Registered AgentRuntime to Coordinator: map
02:00:08 [[32minfo[39m]  Registered AgentRuntime to Coordinator: challenge
02:00:08 [[32minfo[39m]  Registered AgentRuntime to Coordinator: output
02:00:08 [[32minfo[39m]  Registered AgentRuntime to Coordinator: quest
02:00:08 [[32minfo[39m]  Registered AgentRuntime to Coordinator: npc_party
02:00:08 [[32minfo[39m]  Registered AgentRuntime to Coordinator: inventory
02:00:08 [[32minfo[39m]  Registered AgentRuntime to Coordinator: skill
02:00:08 [[32minfo[39m]  Registered AgentRuntime to Coordinator: event
02:00:08 [[32minfo[39m]  Registered AgentRuntime to Coordinator: time
02:00:08 [[32minfo[39m]  GameDataExpander configured (manifest path enabled)
02:00:08 [[32minfo[39m]  DedupService configured (dispatch log persistence enabled)
02:00:08 [[32minfo[39m]  Agent system initialized: 10 AgentRuntime instances created
鉁?Agent system initialized with 10 agents
鈿狅笍 YAML Agent system skipped: __vi_import_5__.initializeYamlAgentSystem is not a function
02:00:08 [[32minfo[39m]  Agent routes initialized
02:00:08 [[32minfo[39m]  Save routes initialized
02:00:08 [[32minfo[39m]  Synced template from YAML to DB: cthulhu-investigation
02:00:08 [[32minfo[39m]  Synced template from YAML to DB: cyberpunk-mercenary
02:00:08 [[32minfo[39m]  Synced template from YAML to DB: medieval-fantasy
02:00:08 [[32minfo[39m]  Synced template from YAML to DB: modern-romance
02:00:08 [[32minfo[39m]  Synced template from YAML to DB: xianxia
02:00:08 [[32minfo[39m]  Synced 5 templates from YAML to database
02:00:08 [[32minfo[39m]  Cache refreshed with 5 templates
02:00:08 [[32minfo[39m]  TemplateService loaded {"cachedTemplates":5}
鉁?Template YAML loaded and synced to DB
02:00:08 [[32minfo[39m]  Template routes initialized
鉁?Test environment setup complete
鉁?Database connection closed

[90mstdout[2m | src/game-systems/shared/mode-router/__tests__/mode-router.test.ts[22m[39m
Migration 002_add_equipped_index.ts completed successfully
Running migration: 003_fix_information_boundaries_timestamps.ts

[90mstdout[2m | src/game-systems/save/__tests__/SaveStateRepository.test.ts[22m[39m
02:00:08 [[32minfo[39m]  Discovered 187 help files {"dir":"C:\\Users\\super\\Documents\\trae_projects\\AGG-main\\packages\\backend\\config\\agent-help"}

 [32m鉁?[39m src/services/__tests__/shadow-state-insert-override.test.ts [2m ([22m[2m5 tests[22m[2m)[22m[33m 1295[2mms[22m[39m
[90mstdout[2m | src/game-systems/shared/mode-router/__tests__/mode-router.test.ts[22m[39m
Migration 003_fix_information_boundaries_timestamps.ts completed successfully
Running migration: 004_drop_information_boundaries.ts

[90mstdout[2m | src/game-systems/shared/mode-router/__tests__/mode-router.test.ts[22m[39m
004_drop_information_boundaries: information_boundaries table not found, skipping migration
004_drop_information_boundaries: cleared custom_data.knowledge from 0 NPCs
Migration 004_drop_information_boundaries.ts completed successfully
Running migration: 005_drop_npc_relations.ts

[90mstdout[2m | src/game-systems/skill/__tests__/weight-cooldown.test.ts[22m[39m
008: added saves.active_challenge_mode column
Migration 008_add_saves_active_challenge_mode.ts completed successfully
All migrations completed
鉁?Migrations completed
All seeds completed
鉁?Seeds completed
02:00:08 [[32minfo[39m]  Starting YAML-driven Agent system initialization
02:00:08 [[32minfo[39m]  Seeding ModelConfigService from environment
02:00:08 [[32minfo[39m]  No DEEPSEEK_API_KEY env var found, skipping env seed
02:00:08 [[32minfo[39m]  Seeded provider from convict config {"providerType":"openai","providerId":"8f4fbb64-44b9-454b-85f3-6f075621fe2f","model":"openrouter/free"}
02:00:08 [[32minfo[39m]  Creating LLMService with ModelConfigService
02:00:08 [[32minfo[39m]  Creating ContextService and DecisionLogService instances
02:00:08 [[32minfo[39m]  Initializing YAML-driven Agent profiles...
02:00:08 [[32minfo[39m]  Loading config from directory: C:\Users\super\Documents\trae_projects\AGG-main\packages\backend\config
02:00:08 [[32minfo[39m]  Loaded agent profile: fantasy_rpg
02:00:08 [[32minfo[39m]  Loaded agent profile: minimal_test
02:00:08 [[32minfo[39m]  Loaded 0 non-builtin profiles from database (0 builtin skipped, using YAML)
02:00:08 [[32minfo[39m]  Config loaded successfully: 2 profiles
02:00:08 [[32minfo[39m]  YAML config loaded successfully
02:00:08 [[32minfo[39m]  Context rules loaded {"agentCount":10}
02:00:08 [[32minfo[39m]  Default manifests loaded {"agentTypeCount":6,"manifestCount":8}
02:00:08 [[32minfo[39m]  Context rules file watcher started {"path":"C:\\Users\\super\\Documents\\trae_projects\\AGG-main\\packages\\backend\\config\\agent-context-rules.yaml"}
02:00:08 [[32minfo[39m]  Loaded 10 agent capabilities from YAML profiles
02:00:08 [[32minfo[39m]  ToolRegistry initialized
02:00:08 [[32minfo[39m]  Registering ServiceTools to ToolRegistry
02:00:08 [[32minfo[39m]  Tool registered: game_time_service - GameTime Service (v1.0.0)
02:00:08 [[32minfo[39m]  Tool registered: numerical_service - Numerical Service (v1.0.0)
02:00:08 [[32minfo[39m]  Tool registered: character_service - Character Service (v1.0.0)
02:00:08 [[32minfo[39m]  Tool registered: inventory_service - Inventory Service (v1.0.0)
02:00:08 [[32minfo[39m]  Tool registered: skill_service - Skill Service (v1.1.0)
02:00:08 [[32minfo[39m]  Tool registered: map_service - Map Service (v2.0.0)
02:00:08 [[32minfo[39m]  Tool registered: npc_service - NPC Service (v1.0.0)
02:00:08 [[32minfo[39m]  Tool registered: dialogue_service - Dialogue Service (v1.0.0)
02:00:08 [[32minfo[39m]  Tool registered: quest_service - Quest Service (v1.0.0)
02:00:08 [[32minfo[39m]  Tool registered: challenge_service - Challenge Service (v1.0.0)
02:00:08 [[32minfo[39m]  Tool registered: event_service - Event Service (v1.0.0)
02:00:08 [[32minfo[39m]  Tool registered: story_service - Story Service (v1.0.0)
02:00:08 [[32minfo[39m]  Tool registered: game_init_service - Game Init Service (v2.0.0)
02:00:08 [[32minfo[39m]  Tool registered: batch_query_service - Batch Query Service (v1.0.0)
02:00:08 [[32minfo[39m]  Tool registered: entity_graph_service - Entity Graph Service (v1.0.0)
02:00:08 [[32minfo[39m]  Tool registered: template_pool_service - Template Pool Service (v1.0.0)
02:00:08 [[32minfo[39m]  Tool registered: dynamic_ui - Dynamic UI Service (v1.0.0)
02:00:08 [[32minfo[39m]  Tool registered: generate_options - Generate Options Service (v2.0.0)
02:00:08 [[32minfo[39m]  Tool registered: coordinator_service - Coordinator Service (v1.0.0)
02:00:08 [[32minfo[39m]  Tool registered: rule_service - Rule Service (v1.0.0)
02:00:08 [[32minfo[39m]  Tool registered: skill_loader - Skill Loader (v1.0.0)
02:00:08 [[32minfo[39m]  Tool registered: help_service - Help Service (v1.0.0)
02:00:08 [[32minfo[39m]  Tool registered: memory_service - Memory Service (v1.0.0)
02:00:08 [[32minfo[39m]  Registered 23 ServiceTools to ToolRegistry
02:00:08 [[32minfo[39m]  Tool reference validation passed

[90mstdout[2m | src/game-systems/shared/mode-router/__tests__/mode-router.test.ts[22m[39m
005_drop_npc_relations: dropped npc_relations table
Migration 005_drop_npc_relations.ts completed successfully
Running migration: 006_awareness_relationship_events_states.ts
006: created entity_awareness_events table
006: created entity_awareness_states table
006: created entity_relationship_events table
006: created entity_relationship_states table
Migration 006_awareness_relationship_events_states.ts completed successfully
Running migration: 007_add_combat_mode.ts
007: added combat_states.mode column
Migration 007_add_combat_mode.ts completed successfully
Running migration: 008_add_saves_active_challenge_mode.ts

[90mstdout[2m | src/game-systems/inventory/__tests__/inventory-trade-no-fallback.test.ts[2m > [22m[2m閾佸緥淇锛歵rade_items 鍒犻櫎 fallback 鍒涘缓 misc[2m > [22m[2mT1: buyItems 鐗╁搧瀛樺湪鏃舵甯镐氦鏄擄紙鍥炲綊淇濇姢锛?[2m > [22m[2m鎵€鏈?buyItem 閮藉湪鐗╁搧姹犱腑 鈫?姝ｅ父瀹屾垚浜ゆ槗[22m[39m
02:00:08 [[32minfo[39m]  Item quantity reduced {"inventoryId":"inv-sell-1","newQuantity":3}
02:00:08 [[32minfo[39m]  Trade completed {"saveId":"save-1","soldCount":1,"boughtCount":1,"goldDelta":-30,"newGoldBalance":970}

[90mstdout[2m | src/game-systems/inventory/__tests__/inventory-trade-no-fallback.test.ts[2m > [22m[2m閾佸緥淇锛歵rade_items 鍒犻櫎 fallback 鍒涘缓 misc[2m > [22m[2mT2: buyItems 鐗╁搧涓嶅瓨鍦ㄦ椂鎶涙槑纭敊璇?[2m > [22m[2mbuyItem 涓嶅湪鐗╁搧姹?鈫?throw 閿欒锛岄敊璇俊鎭惈鐗╁搧ID[22m[39m
02:00:08 [[32minfo[39m]  Item quantity reduced {"inventoryId":"inv-sell-1","newQuantity":3}
02:00:08 [[31merror[39m]  Failed to trade items {"saveId":"save-1","error":"鐗╁搧姹犳棤鍖归厤鐗╁搧: not-exist-item"}

[90mstdout[2m | src/game-systems/inventory/__tests__/inventory-trade-no-fallback.test.ts[2m > [22m[2m閾佸緥淇锛歵rade_items 鍒犻櫎 fallback 鍒涘缓 misc[2m > [22m[2mT3: 楠岃瘉 fallback 鍒涘缓 misc 宸插垹闄?[2m > [22m[2maddItem 涓嶈浠?category=misc 璋冪敤[22m[39m
02:00:08 [[32minfo[39m]  Item quantity reduced {"inventoryId":"inv-sell-1","newQuantity":4}
02:00:08 [[31merror[39m]  Failed to trade items {"saveId":"save-1","error":"鐗╁搧姹犳棤鍖归厤鐗╁搧: unknown-item"}

[90mstdout[2m | src/game-systems/inventory/__tests__/inventory-trade-no-fallback.test.ts[2m > [22m[2m閾佸緥淇锛歵rade_items 鍒犻櫎 fallback 鍒涘缓 misc[2m > [22m[2mT3: 楠岃瘉 fallback 鍒涘缓 misc 宸插垹闄?[2m > [22m[2m澶氫釜 buyItem 涓儴鍒嗕笉瀛樺湪 鈫?绗竴涓笉瀛樺湪鐨勭珛鍗虫姏閿?[22m[39m
02:00:08 [[32minfo[39m]  Item quantity reduced {"inventoryId":"inv-sell-1","newQuantity":4}
02:00:08 [[31merror[39m]  Failed to trade items {"saveId":"save-1","error":"鐗╁搧姹犳棤鍖归厤鐗╁搧: unknown-1"}

[90mstdout[2m | src/game-systems/inventory/__tests__/inventory-trade-no-fallback.test.ts[22m[39m
02:00:07 [[32minfo[39m]  Help registry loaded: 22 tools {"tools":["batch_query_service","challenge_service","... (22 items)"]}
02:00:07 [[32minfo[39m]  Creating GameMasterAgent (as AgentRuntime with isSubAgent=false)
02:00:07 [[32minfo[39m]  Handler subscribed {"eventType":"dialogue"}
02:00:07 [[32minfo[39m]  Handler subscribed {"eventType":"combat_end"}
02:00:07 [[32minfo[39m]  AwarenessAutoSubscriber subscribed to dialogue + combat_end events
02:00:07 [[32minfo[39m]  Agent initialized: gamemaster - GameMasterAgent
02:00:07 [[32minfo[39m] [AGENT-START] Agent gamemaster starting {"agent":"gamemaster","provider":null,"toolsConfigured":1,"maxIterations":200,"isSubAgent":false}
02:00:07 [[32minfo[39m]  Handler subscribed {"eventType":"chapter_advanced"}
02:00:07 [[32minfo[39m]  Creating AgentRuntime instances from default profile: fantasy_rpg
02:00:07 [[32minfo[39m]  Creating agents from profile: fantasy_rpg {"agentCount":10}
02:00:07 [[32minfo[39m]  Agent initialized: gamemaster - GameMasterAgent
02:00:07 [[32minfo[39m] [AGENT-START] Agent gamemaster starting {"agent":"gamemaster","provider":null,"toolsConfigured":1,"maxIterations":200,"isSubAgent":false}
02:00:07 [[32minfo[39m]  Created AgentRuntime: gamemaster {"profile":"fantasy_rpg","tools":["all"]}
02:00:07 [[32minfo[39m]  Agent initialized: map - MapAgent
02:00:07 [[32minfo[39m] [AGENT-START] Agent map starting {"agent":"map","provider":null,"toolsConfigured":7,"maxIterations":200,"isSubAgent":true}
02:00:07 [[32minfo[39m]  Created AgentRuntime: map {"profile":"fantasy_rpg","tools":["map_service","npc_service","... (7 items)"]}
02:00:07 [[32minfo[39m]  Agent initialized: challenge - ChallengeAgent
02:00:07 [[32minfo[39m] [AGENT-START] Agent challenge starting {"agent":"challenge","provider":null,"toolsConfigured":9,"maxIterations":200,"isSubAgent":true}
02:00:07 [[32minfo[39m]  Created AgentRuntime: challenge {"profile":"fantasy_rpg","tools":["challenge_service","numerical_service","... (9 items)"]}
02:00:07 [[32minfo[39m]  Agent initialized: output - OutputAgent
02:00:07 [[32minfo[39m] [AGENT-START] Agent output starting {"agent":"output","provider":null,"toolsConfigured":5,"maxIterations":200,"isSubAgent":true}
02:00:07 [[32minfo[39m]  Created AgentRuntime: output {"profile":"fantasy_rpg","tools":["dialogue_service","dynamic_ui","... (5 items)"]}
02:00:07 [[32minfo[39m]  Agent initialized: quest - QuestAgent
02:00:07 [[32minfo[39m] [AGENT-START] Agent quest starting {"agent":"quest","provider":null,"toolsConfigured":11,"maxIterations":200,"isSubAgent":true}
02:00:07 [[32minfo[39m]  Created AgentRuntime: quest {"profile":"fantasy_rpg","tools":["quest_service","numerical_service","... (11 items)"]}
02:00:07 [[32minfo[39m]  Agent initialized: npc_party - NPCPartyAgent
02:00:07 [[32minfo[39m] [AGENT-START] Agent npc_party starting {"agent":"npc_party","provider":null,"toolsConfigured":9,"maxIterations":200,"isSubAgent":true}
02:00:07 [[32minfo[39m]  Created AgentRuntime: npc_party {"profile":"fantasy_rpg","tools":["npc_service","entity_graph_service","... (9 items)"]}
02:00:07 [[32minfo[39m]  Agent initialized: inventory - InventoryAgent
02:00:07 [[32minfo[39m] [AGENT-START] Agent inventory starting {"agent":"inventory","provider":null,"toolsConfigured":8,"maxIterations":200,"isSubAgent":true}
02:00:07 [[32minfo[39m]  Created AgentRuntime: inventory {"profile":"fantasy_rpg","tools":["inventory_service","template_pool_service","... (8 items)"]}
02:00:07 [[32minfo[39m]  Agent initialized: skill - SkillAgent
02:00:07 [[32minfo[39m] [AGENT-START] Agent skill starting {"agent":"skill","provider":null,"toolsConfigured":7,"maxIterations":200,"isSubAgent":true}
02:00:07 [[32minfo[39m]  Created AgentRuntime: skill {"profile":"fantasy_rpg","tools":["skill_service","template_pool_service","... (7 items)"]}
02:00:07 [[32minfo[39m]  Agent initialized: event - EventAgent
02:00:07 [[32minfo[39m] [AGENT-START] Agent event starting {"agent":"event","provider":null,"toolsConfigured":5,"maxIterations":200,"isSubAgent":true}
02:00:07 [[32minfo[39m]  Created AgentRuntime: event {"profile":"fantasy_rpg","tools":["event_service","game_time_service","... (5 items)"]}
02:00:07 [[32minfo[39m]  Agent initialized: time - TimeAgent
02:00:07 [[32minfo[39m] [AGENT-START] Agent time starting {"agent":"time","provider":null,"toolsConfigured":4,"maxIterations":200,"isSubAgent":true}
02:00:07 [[32minfo[39m]  Created AgentRuntime: time {"profile":"fantasy_rpg","tools":["game_time_service","rule_service","... (4 items)"]}
02:00:07 [[32minfo[39m]  Permissions configured from agent.tools for profile: fantasy_rpg
02:00:07 [[32minfo[39m]  YAML permissions configured
02:00:07 [[32minfo[39m]  Registering AgentRuntime instances to GameMasterAgent...
02:00:07 [[32minfo[39m]  Registered AgentRuntime to Coordinator: gamemaster
02:00:07 [[32minfo[39m]  Registered AgentRuntime to Coordinator: map
02:00:07 [[32minfo[39m]  Registered AgentRuntime to Coordinator: challenge
02:00:07 [[32minfo[39m]  Registered AgentRuntime to Coordinator: output
02:00:07 [[32minfo[39m]  Registered AgentRuntime to Coordinator: quest
02:00:07 [[32minfo[39m]  Registered AgentRuntime to Coordinator: npc_party
02:00:07 [[32minfo[39m]  Registered AgentRuntime to Coordinator: inventory
02:00:07 [[32minfo[39m]  Registered AgentRuntime to Coordinator: skill
02:00:07 [[32minfo[39m]  Registered AgentRuntime to Coordinator: event
02:00:07 [[32minfo[39m]  Registered AgentRuntime to Coordinator: time
02:00:07 [[32minfo[39m]  GameDataExpander configured (manifest path enabled)
02:00:07 [[32minfo[39m]  DedupService configured (dispatch log persistence enabled)
02:00:07 [[32minfo[39m]  Agent system initialized: 10 AgentRuntime instances created
鉁?Agent system initialized with 10 agents
鈿狅笍 YAML Agent system skipped: __vi_import_5__.initializeYamlAgentSystem is not a function
02:00:07 [[32minfo[39m]  Agent routes initialized
02:00:07 [[32minfo[39m]  Save routes initialized
02:00:07 [[32minfo[39m]  Synced template from YAML to DB: cthulhu-investigation
02:00:07 [[32minfo[39m]  Synced template from YAML to DB: cyberpunk-mercenary
02:00:08 [[32minfo[39m]  Synced template from YAML to DB: medieval-fantasy
02:00:08 [[32minfo[39m]  Synced template from YAML to DB: modern-romance
02:00:08 [[32minfo[39m]  Synced template from YAML to DB: xianxia
02:00:08 [[32minfo[39m]  Synced 5 templates from YAML to database
02:00:08 [[32minfo[39m]  Cache refreshed with 5 templates
02:00:08 [[32minfo[39m]  TemplateService loaded {"cachedTemplates":5}
鉁?Template YAML loaded and synced to DB
02:00:08 [[32minfo[39m]  Template routes initialized
鉁?Test environment setup complete
鉁?Database connection closed

[90mstdout[2m | src/game-systems/inventory/__tests__/consumable-effects-auto-apply.test.ts[22m[39m
Migration 001_init.ts completed successfully
Running migration: 002_add_equipped_index.ts
Migration 002_add_equipped_index.ts completed successfully
Running migration: 003_fix_information_boundaries_timestamps.ts

[90mstdout[2m | src/routes/__tests__/e2e-config.test.ts[22m[39m
02:00:07 [[32minfo[39m]  Help registry loaded: 22 tools {"tools":["batch_query_service","challenge_service","... (22 items)"]}
02:00:07 [[32minfo[39m]  Creating GameMasterAgent (as AgentRuntime with isSubAgent=false)
02:00:07 [[32minfo[39m]  Handler subscribed {"eventType":"dialogue"}
02:00:07 [[32minfo[39m]  Handler subscribed {"eventType":"combat_end"}
02:00:07 [[32minfo[39m]  AwarenessAutoSubscriber subscribed to dialogue + combat_end events
02:00:07 [[32minfo[39m]  Agent initialized: gamemaster - GameMasterAgent
02:00:07 [[32minfo[39m] [AGENT-START] Agent gamemaster starting {"agent":"gamemaster","provider":null,"toolsConfigured":1,"maxIterations":200,"isSubAgent":false}
02:00:07 [[32minfo[39m]  Handler subscribed {"eventType":"chapter_advanced"}
02:00:07 [[32minfo[39m]  Creating AgentRuntime instances from default profile: fantasy_rpg
02:00:07 [[32minfo[39m]  Creating agents from profile: fantasy_rpg {"agentCount":10}
02:00:07 [[32minfo[39m]  Agent initialized: gamemaster - GameMasterAgent
02:00:07 [[32minfo[39m] [AGENT-START] Agent gamemaster starting {"agent":"gamemaster","provider":null,"toolsConfigured":1,"maxIterations":200,"isSubAgent":false}
02:00:07 [[32minfo[39m]  Created AgentRuntime: gamemaster {"profile":"fantasy_rpg","tools":["all"]}
02:00:07 [[32minfo[39m]  Agent initialized: map - MapAgent
02:00:07 [[32minfo[39m] [AGENT-START] Agent map starting {"agent":"map","provider":null,"toolsConfigured":7,"maxIterations":200,"isSubAgent":true}
02:00:07 [[32minfo[39m]  Created AgentRuntime: map {"profile":"fantasy_rpg","tools":["map_service","npc_service","... (7 items)"]}
02:00:07 [[32minfo[39m]  Agent initialized: challenge - ChallengeAgent
02:00:07 [[32minfo[39m] [AGENT-START] Agent challenge starting {"agent":"challenge","provider":null,"toolsConfigured":9,"maxIterations":200,"isSubAgent":true}
02:00:07 [[32minfo[39m]  Created AgentRuntime: challenge {"profile":"fantasy_rpg","tools":["challenge_service","numerical_service","... (9 items)"]}
02:00:08 [[32minfo[39m]  Agent initialized: output - OutputAgent
02:00:08 [[32minfo[39m] [AGENT-START] Agent output starting {"agent":"output","provider":null,"toolsConfigured":5,"maxIterations":200,"isSubAgent":true}
02:00:08 [[32minfo[39m]  Created AgentRuntime: output {"profile":"fantasy_rpg","tools":["dialogue_service","dynamic_ui","... (5 items)"]}
02:00:08 [[32minfo[39m]  Agent initialized: quest - QuestAgent
02:00:08 [[32minfo[39m] [AGENT-START] Agent quest starting {"agent":"quest","provider":null,"toolsConfigured":11,"maxIterations":200,"isSubAgent":true}
02:00:08 [[32minfo[39m]  Created AgentRuntime: quest {"profile":"fantasy_rpg","tools":["quest_service","numerical_service","... (11 items)"]}
02:00:08 [[32minfo[39m]  Agent initialized: npc_party - NPCPartyAgent
02:00:08 [[32minfo[39m] [AGENT-START] Agent npc_party starting {"agent":"npc_party","provider":null,"toolsConfigured":9,"maxIterations":200,"isSubAgent":true}
02:00:08 [[32minfo[39m]  Created AgentRuntime: npc_party {"profile":"fantasy_rpg","tools":["npc_service","entity_graph_service","... (9 items)"]}
02:00:08 [[32minfo[39m]  Agent initialized: inventory - InventoryAgent
02:00:08 [[32minfo[39m] [AGENT-START] Agent inventory starting {"agent":"inventory","provider":null,"toolsConfigured":8,"maxIterations":200,"isSubAgent":true}
02:00:08 [[32minfo[39m]  Created AgentRuntime: inventory {"profile":"fantasy_rpg","tools":["inventory_service","template_pool_service","... (8 items)"]}
02:00:08 [[32minfo[39m]  Agent initialized: skill - SkillAgent
02:00:08 [[32minfo[39m] [AGENT-START] Agent skill starting {"agent":"skill","provider":null,"toolsConfigured":7,"maxIterations":200,"isSubAgent":true}
02:00:08 [[32minfo[39m]  Created AgentRuntime: skill {"profile":"fantasy_rpg","tools":["skill_service","template_pool_service","... (7 items)"]}
02:00:08 [[32minfo[39m]  Agent initialized: event - EventAgent
02:00:08 [[32minfo[39m] [AGENT-START] Agent event starting {"agent":"event","provider":null,"toolsConfigured":5,"maxIterations":200,"isSubAgent":true}
02:00:08 [[32minfo[39m]  Created AgentRuntime: event {"profile":"fantasy_rpg","tools":["event_service","game_time_service","... (5 items)"]}
02:00:08 [[32minfo[39m]  Agent initialized: time - TimeAgent
02:00:08 [[32minfo[39m] [AGENT-START] Agent time starting {"agent":"time","provider":null,"toolsConfigured":4,"maxIterations":200,"isSubAgent":true}
02:00:08 [[32minfo[39m]  Created AgentRuntime: time {"profile":"fantasy_rpg","tools":["game_time_service","rule_service","... (4 items)"]}
02:00:08 [[32minfo[39m]  Permissions configured from agent.tools for profile: fantasy_rpg
02:00:08 [[32minfo[39m]  YAML permissions configured
02:00:08 [[32minfo[39m]  Registering AgentRuntime instances to GameMasterAgent...
02:00:08 [[32minfo[39m]  Registered AgentRuntime to Coordinator: gamemaster
02:00:08 [[32minfo[39m]  Registered AgentRuntime to Coordinator: map
02:00:08 [[32minfo[39m]  Registered AgentRuntime to Coordinator: challenge
02:00:08 [[32minfo[39m]  Registered AgentRuntime to Coordinator: output
02:00:08 [[32minfo[39m]  Registered AgentRuntime to Coordinator: quest
02:00:08 [[32minfo[39m]  Registered AgentRuntime to Coordinator: npc_party
02:00:08 [[32minfo[39m]  Registered AgentRuntime to Coordinator: inventory
02:00:08 [[32minfo[39m]  Registered AgentRuntime to Coordinator: skill
02:00:08 [[32minfo[39m]  Registered AgentRuntime to Coordinator: event
02:00:08 [[32minfo[39m]  Registered AgentRuntime to Coordinator: time
02:00:08 [[32minfo[39m]  GameDataExpander configured (manifest path enabled)
02:00:08 [[32minfo[39m]  DedupService configured (dispatch log persistence enabled)
02:00:08 [[32minfo[39m]  Agent system initialized: 10 AgentRuntime instances created
鉁?Agent system initialized with 10 agents
鈿狅笍 YAML Agent system skipped: __vi_import_5__.initializeYamlAgentSystem is not a function
02:00:08 [[32minfo[39m]  Agent routes initialized
02:00:08 [[32minfo[39m]  Save routes initialized
02:00:08 [[32minfo[39m]  Synced template from YAML to DB: cthulhu-investigation
02:00:08 [[32minfo[39m]  Synced template from YAML to DB: cyberpunk-mercenary
02:00:08 [[32minfo[39m]  Synced template from YAML to DB: medieval-fantasy
02:00:08 [[32minfo[39m]  Synced template from YAML to DB: modern-romance
02:00:08 [[32minfo[39m]  Synced template from YAML to DB: xianxia
02:00:08 [[32minfo[39m]  Synced 5 templates from YAML to database
02:00:08 [[32minfo[39m]  Cache refreshed with 5 templates
02:00:08 [[32minfo[39m]  TemplateService loaded {"cachedTemplates":5}
鉁?Template YAML loaded and synced to DB
02:00:08 [[32minfo[39m]  Template routes initialized
鉁?Test environment setup complete

[90mstdout[2m | src/routes/__tests__/e2e-config.test.ts[2m > [22m[2mConfig API e2e[2m > [22m[2mGET /agent-profiles[2m > [22m[2m杩斿洖鎵€鏈?Agent 閰嶇疆鍒楄〃[22m[39m
Running migration: 001_init.ts
Migration 001_init.ts completed successfully
Running migration: 002_add_equipped_index.ts
Migration 002_add_equipped_index.ts completed successfully
Running migration: 003_fix_information_boundaries_timestamps.ts
Migration 003_fix_information_boundaries_timestamps.ts completed successfully
Running migration: 004_drop_information_boundaries.ts
004_drop_information_boundaries: information_boundaries table not found, skipping migration
004_drop_information_boundaries: cleared custom_data.knowledge from 0 NPCs
Migration 004_drop_information_boundaries.ts completed successfully
Running migration: 005_drop_npc_relations.ts
005_drop_npc_relations: dropped npc_relations table
Migration 005_drop_npc_relations.ts completed successfully
Running migration: 006_awareness_relationship_events_states.ts
006: created entity_awareness_events table
006: created entity_awareness_states table
006: created entity_relationship_events table
006: created entity_relationship_states table
Migration 006_awareness_relationship_events_states.ts completed successfully
Running migration: 007_add_combat_mode.ts
007: added combat_states.mode column
Migration 007_add_combat_mode.ts completed successfully
Running migration: 008_add_saves_active_challenge_mode.ts
008: added saves.active_challenge_mode column
Migration 008_add_saves_active_challenge_mode.ts completed successfully
All migrations completed

[90mstdout[2m | src/game-systems/inventory/__tests__/consumable-effects-auto-apply.test.ts[22m[39m
Migration 003_fix_information_boundaries_timestamps.ts completed successfully
Running migration: 004_drop_information_boundaries.ts
004_drop_information_boundaries: information_boundaries table not found, skipping migration
004_drop_information_boundaries: cleared custom_data.knowledge from 0 NPCs
Migration 004_drop_information_boundaries.ts completed successfully
Running migration: 005_drop_npc_relations.ts

[90mstdout[2m | src/game-systems/inventory/__tests__/consumable-effects-auto-apply.test.ts[22m[39m
005_drop_npc_relations: dropped npc_relations table
Migration 005_drop_npc_relations.ts completed successfully
Running migration: 006_awareness_relationship_events_states.ts
006: created entity_awareness_events table
006: created entity_awareness_states table
006: created entity_relationship_events table
006: created entity_relationship_states table
Migration 006_awareness_relationship_events_states.ts completed successfully
Running migration: 007_add_combat_mode.ts

[90mstdout[2m | src/agents/__tests__/progress-hook.test.ts[22m[39m
馃И Setting up comprehensive test environment...
鉁?Database connected
Running migration: 001_init.ts

[90mstdout[2m | src/game-systems/skill/__tests__/weight-cooldown.test.ts[22m[39m
02:00:08 [[32minfo[39m]  Discovered 187 help files {"dir":"C:\\Users\\super\\Documents\\trae_projects\\AGG-main\\packages\\backend\\config\\agent-help"}

[90mstdout[2m | src/routes/__tests__/e2e-config.test.ts[2m > [22m[2mConfig API e2e[2m > [22m[2mGET /agent-profiles[2m > [22m[2mDB 鏃犳暟鎹椂 fallback 鍒?YAML 閰嶇疆[22m[39m
Running migration: 001_init.ts
Migration 001_init.ts completed successfully
Running migration: 002_add_equipped_index.ts
Migration 002_add_equipped_index.ts completed successfully
Running migration: 003_fix_information_boundaries_timestamps.ts
Migration 003_fix_information_boundaries_timestamps.ts completed successfully
Running migration: 004_drop_information_boundaries.ts
004_drop_information_boundaries: information_boundaries table not found, skipping migration
004_drop_information_boundaries: cleared custom_data.knowledge from 0 NPCs
Migration 004_drop_information_boundaries.ts completed successfully
Running migration: 005_drop_npc_relations.ts
005_drop_npc_relations: dropped npc_relations table
Migration 005_drop_npc_relations.ts completed successfully
Running migration: 006_awareness_relationship_events_states.ts
006: created entity_awareness_events table
006: created entity_awareness_states table
006: created entity_relationship_events table
006: created entity_relationship_states table
Migration 006_awareness_relationship_events_states.ts completed successfully
Running migration: 007_add_combat_mode.ts
007: added combat_states.mode column
Migration 007_add_combat_mode.ts completed successfully
Running migration: 008_add_saves_active_challenge_mode.ts
008: added saves.active_challenge_mode column
Migration 008_add_saves_active_challenge_mode.ts completed successfully
All migrations completed

[90mstdout[2m | src/agents/__tests__/progress-hook.test.ts[22m[39m
Migration 001_init.ts completed successfully
Running migration: 002_add_equipped_index.ts

[90mstdout[2m | src/agents/__tests__/progress-hook.test.ts[22m[39m
Migration 002_add_equipped_index.ts completed successfully
Running migration: 003_fix_information_boundaries_timestamps.ts

[90mstdout[2m | src/agents/__tests__/progress-hook.test.ts[22m[39m
Migration 003_fix_information_boundaries_timestamps.ts completed successfully
Running migration: 004_drop_information_boundaries.ts

[90mstdout[2m | src/routes/__tests__/e2e-config.test.ts[2m > [22m[2mConfig API e2e[2m > [22m[2mGET /tools[2m > [22m[2m杩斿洖宸ュ叿鍒楄〃[22m[39m
Running migration: 001_init.ts
Migration 001_init.ts completed successfully
Running migration: 002_add_equipped_index.ts
Migration 002_add_equipped_index.ts completed successfully
Running migration: 003_fix_information_boundaries_timestamps.ts
Migration 003_fix_information_boundaries_timestamps.ts completed successfully
Running migration: 004_drop_information_boundaries.ts
004_drop_information_boundaries: information_boundaries table not found, skipping migration
004_drop_information_boundaries: cleared custom_data.knowledge from 0 NPCs
Migration 004_drop_information_boundaries.ts completed successfully
Running migration: 005_drop_npc_relations.ts
005_drop_npc_relations: dropped npc_relations table
Migration 005_drop_npc_relations.ts completed successfully
Running migration: 006_awareness_relationship_events_states.ts
006: created entity_awareness_events table
006: created entity_awareness_states table
006: created entity_relationship_events table
006: created entity_relationship_states table
Migration 006_awareness_relationship_events_states.ts completed successfully
Running migration: 007_add_combat_mode.ts
007: added combat_states.mode column
Migration 007_add_combat_mode.ts completed successfully
Running migration: 008_add_saves_active_challenge_mode.ts
008: added saves.active_challenge_mode column
Migration 008_add_saves_active_challenge_mode.ts completed successfully
All migrations completed

[90mstdout[2m | src/agents/__tests__/progress-hook.test.ts[22m[39m
004_drop_information_boundaries: information_boundaries table not found, skipping migration
004_drop_information_boundaries: cleared custom_data.knowledge from 0 NPCs
Migration 004_drop_information_boundaries.ts completed successfully
Running migration: 005_drop_npc_relations.ts
005_drop_npc_relations: dropped npc_relations table
Migration 005_drop_npc_relations.ts completed successfully
Running migration: 006_awareness_relationship_events_states.ts

[90mstdout[2m | src/agents/__tests__/progress-hook.test.ts[22m[39m
006: created entity_awareness_events table
006: created entity_awareness_states table
006: created entity_relationship_events table
006: created entity_relationship_states table
Migration 006_awareness_relationship_events_states.ts completed successfully
Running migration: 007_add_combat_mode.ts

[90mstdout[2m | src/agents/__tests__/react-engine-debug-extraction.test.ts[22m[39m
馃И Setting up comprehensive test environment...
鉁?Database connected
Running migration: 001_init.ts

[90mstdout[2m | src/agents/__tests__/progress-hook.test.ts[22m[39m
007: added combat_states.mode column
Migration 007_add_combat_mode.ts completed successfully
Running migration: 008_add_saves_active_challenge_mode.ts

 [32m鉁?[39m src/game-systems/inventory/__tests__/inventory-trade-no-fallback.test.ts [2m ([22m[2m4 tests[22m[2m)[22m[33m 2986[2mms[22m[39m
[90mstdout[2m | src/services/__tests__/panel-update-broadcaster.test.ts[22m[39m
馃И Setting up comprehensive test environment...
鉁?Database connected
Running migration: 001_init.ts

[90mstdout[2m | src/game-systems/shared/mode-router/__tests__/mode-router.test.ts[22m[39m
008: added saves.active_challenge_mode column
Migration 008_add_saves_active_challenge_mode.ts completed successfully
All migrations completed
鉁?Migrations completed
All seeds completed
鉁?Seeds completed
02:00:08 [[32minfo[39m]  Starting YAML-driven Agent system initialization
02:00:08 [[32minfo[39m]  Seeding ModelConfigService from environment
02:00:08 [[32minfo[39m]  No DEEPSEEK_API_KEY env var found, skipping env seed
02:00:08 [[32minfo[39m]  Seeded provider from convict config {"providerType":"openai","providerId":"a4e243f4-4140-44e5-9359-9b0468e9bf11","model":"openrouter/free"}
02:00:08 [[32minfo[39m]  Creating LLMService with ModelConfigService
02:00:08 [[32minfo[39m]  Creating ContextService and DecisionLogService instances
02:00:08 [[32minfo[39m]  Initializing YAML-driven Agent profiles...
02:00:08 [[32minfo[39m]  Loading config from directory: C:\Users\super\Documents\trae_projects\AGG-main\packages\backend\config
02:00:08 [[32minfo[39m]  Loaded agent profile: fantasy_rpg
02:00:08 [[32minfo[39m]  Loaded agent profile: minimal_test
02:00:08 [[32minfo[39m]  Loaded 0 non-builtin profiles from database (0 builtin skipped, using YAML)
02:00:08 [[32minfo[39m]  Config loaded successfully: 2 profiles
02:00:08 [[32minfo[39m]  YAML config loaded successfully
02:00:08 [[32minfo[39m]  Context rules loaded {"agentCount":10}
02:00:08 [[32minfo[39m]  Default manifests loaded {"agentTypeCount":6,"manifestCount":8}
02:00:08 [[32minfo[39m]  Context rules file watcher started {"path":"C:\\Users\\super\\Documents\\trae_projects\\AGG-main\\packages\\backend\\config\\agent-context-rules.yaml"}
02:00:08 [[32minfo[39m]  Loaded 10 agent capabilities from YAML profiles
02:00:08 [[32minfo[39m]  ToolRegistry initialized
02:00:08 [[32minfo[39m]  Registering ServiceTools to ToolRegistry
02:00:08 [[32minfo[39m]  Tool registered: game_time_service - GameTime Service (v1.0.0)
02:00:08 [[32minfo[39m]  Tool registered: numerical_service - Numerical Service (v1.0.0)
02:00:08 [[32minfo[39m]  Tool registered: character_service - Character Service (v1.0.0)
02:00:08 [[32minfo[39m]  Tool registered: inventory_service - Inventory Service (v1.0.0)
02:00:08 [[32minfo[39m]  Tool registered: skill_service - Skill Service (v1.1.0)
02:00:08 [[32minfo[39m]  Tool registered: map_service - Map Service (v2.0.0)
02:00:08 [[32minfo[39m]  Tool registered: npc_service - NPC Service (v1.0.0)
02:00:08 [[32minfo[39m]  Tool registered: dialogue_service - Dialogue Service (v1.0.0)
02:00:08 [[32minfo[39m]  Tool registered: quest_service - Quest Service (v1.0.0)
02:00:08 [[32minfo[39m]  Tool registered: challenge_service - Challenge Service (v1.0.0)
02:00:08 [[32minfo[39m]  Tool registered: event_service - Event Service (v1.0.0)
02:00:08 [[32minfo[39m]  Tool registered: story_service - Story Service (v1.0.0)
02:00:08 [[32minfo[39m]  Tool registered: game_init_service - Game Init Service (v2.0.0)
02:00:08 [[32minfo[39m]  Tool registered: batch_query_service - Batch Query Service (v1.0.0)
02:00:08 [[32minfo[39m]  Tool registered: entity_graph_service - Entity Graph Service (v1.0.0)
02:00:08 [[32minfo[39m]  Tool registered: template_pool_service - Template Pool Service (v1.0.0)
02:00:08 [[32minfo[39m]  Tool registered: dynamic_ui - Dynamic UI Service (v1.0.0)
02:00:08 [[32minfo[39m]  Tool registered: generate_options - Generate Options Service (v2.0.0)
02:00:08 [[32minfo[39m]  Tool registered: coordinator_service - Coordinator Service (v1.0.0)
02:00:08 [[32minfo[39m]  Tool registered: rule_service - Rule Service (v1.0.0)
02:00:08 [[32minfo[39m]  Tool registered: skill_loader - Skill Loader (v1.0.0)
02:00:08 [[32minfo[39m]  Tool registered: help_service - Help Service (v1.0.0)
02:00:08 [[32minfo[39m]  Tool registered: memory_service - Memory Service (v1.0.0)
02:00:08 [[32minfo[39m]  Registered 23 ServiceTools to ToolRegistry
02:00:08 [[32minfo[39m]  Tool reference validation passed

[90mstdout[2m | src/game-systems/shared/mode-router/__tests__/mode-router.test.ts[22m[39m
02:00:09 [[32minfo[39m]  Discovered 187 help files {"dir":"C:\\Users\\super\\Documents\\trae_projects\\AGG-main\\packages\\backend\\config\\agent-help"}

[90mstdout[2m | src/game-systems/inventory/__tests__/consumable-effects-auto-apply.test.ts[22m[39m
007: added combat_states.mode column
Migration 007_add_combat_mode.ts completed successfully
Running migration: 008_add_saves_active_challenge_mode.ts
008: added saves.active_challenge_mode column
Migration 008_add_saves_active_challenge_mode.ts completed successfully
All migrations completed
鉁?Migrations completed
All seeds completed
鉁?Seeds completed
02:00:08 [[32minfo[39m]  Starting YAML-driven Agent system initialization
02:00:08 [[32minfo[39m]  Seeding ModelConfigService from environment
02:00:08 [[32minfo[39m]  No DEEPSEEK_API_KEY env var found, skipping env seed
02:00:08 [[32minfo[39m]  Seeded provider from convict config {"providerType":"openai","providerId":"e576e936-d0ca-4b31-a7f3-f0e4ffeb7b90","model":"openrouter/free"}
02:00:08 [[32minfo[39m]  Creating LLMService with ModelConfigService
02:00:08 [[32minfo[39m]  Creating ContextService and DecisionLogService instances
02:00:08 [[32minfo[39m]  Initializing YAML-driven Agent profiles...
02:00:08 [[32minfo[39m]  Loading config from directory: C:\Users\super\Documents\trae_projects\AGG-main\packages\backend\config
02:00:08 [[32minfo[39m]  Loaded agent profile: fantasy_rpg
02:00:08 [[32minfo[39m]  Loaded agent profile: minimal_test
02:00:08 [[32minfo[39m]  Loaded 0 non-builtin profiles from database (0 builtin skipped, using YAML)
02:00:08 [[32minfo[39m]  Config loaded successfully: 2 profiles
02:00:08 [[32minfo[39m]  YAML config loaded successfully
02:00:08 [[32minfo[39m]  Context rules loaded {"agentCount":10}
02:00:08 [[32minfo[39m]  Default manifests loaded {"agentTypeCount":6,"manifestCount":8}
02:00:08 [[32minfo[39m]  Context rules file watcher started {"path":"C:\\Users\\super\\Documents\\trae_projects\\AGG-main\\packages\\backend\\config\\agent-context-rules.yaml"}
02:00:08 [[32minfo[39m]  Loaded 10 agent capabilities from YAML profiles
02:00:08 [[32minfo[39m]  ToolRegistry initialized
02:00:08 [[32minfo[39m]  Registering ServiceTools to ToolRegistry
02:00:09 [[32minfo[39m]  Tool registered: game_time_service - GameTime Service (v1.0.0)
02:00:09 [[32minfo[39m]  Tool registered: numerical_service - Numerical Service (v1.0.0)
02:00:09 [[32minfo[39m]  Tool registered: character_service - Character Service (v1.0.0)
02:00:09 [[32minfo[39m]  Tool registered: inventory_service - Inventory Service (v1.0.0)
02:00:09 [[32minfo[39m]  Tool registered: skill_service - Skill Service (v1.1.0)
02:00:09 [[32minfo[39m]  Tool registered: map_service - Map Service (v2.0.0)
02:00:09 [[32minfo[39m]  Tool registered: npc_service - NPC Service (v1.0.0)
02:00:09 [[32minfo[39m]  Tool registered: dialogue_service - Dialogue Service (v1.0.0)
02:00:09 [[32minfo[39m]  Tool registered: quest_service - Quest Service (v1.0.0)
02:00:09 [[32minfo[39m]  Tool registered: challenge_service - Challenge Service (v1.0.0)
02:00:09 [[32minfo[39m]  Tool registered: event_service - Event Service (v1.0.0)
02:00:09 [[32minfo[39m]  Tool registered: story_service - Story Service (v1.0.0)
02:00:09 [[32minfo[39m]  Tool registered: game_init_service - Game Init Service (v2.0.0)
02:00:09 [[32minfo[39m]  Tool registered: batch_query_service - Batch Query Service (v1.0.0)
02:00:09 [[32minfo[39m]  Tool registered: entity_graph_service - Entity Graph Service (v1.0.0)
02:00:09 [[32minfo[39m]  Tool registered: template_pool_service - Template Pool Service (v1.0.0)
02:00:09 [[32minfo[39m]  Tool registered: dynamic_ui - Dynamic UI Service (v1.0.0)
02:00:09 [[32minfo[39m]  Tool registered: generate_options - Generate Options Service (v2.0.0)
02:00:09 [[32minfo[39m]  Tool registered: coordinator_service - Coordinator Service (v1.0.0)
02:00:09 [[32minfo[39m]  Tool registered: rule_service - Rule Service (v1.0.0)
02:00:09 [[32minfo[39m]  Tool registered: skill_loader - Skill Loader (v1.0.0)
02:00:09 [[32minfo[39m]  Tool registered: help_service - Help Service (v1.0.0)
02:00:09 [[32minfo[39m]  Tool registered: memory_service - Memory Service (v1.0.0)
02:00:09 [[32minfo[39m]  Registered 23 ServiceTools to ToolRegistry
02:00:09 [[32minfo[39m]  Tool reference validation passed

[90mstdout[2m | src/agents/config/__tests__/react-agent-runtime-events.test.ts[22m[39m
008: added saves.active_challenge_mode column
Migration 008_add_saves_active_challenge_mode.ts completed successfully
All migrations completed
鉁?Migrations completed
All seeds completed
鉁?Seeds completed
02:00:08 [[32minfo[39m]  Starting YAML-driven Agent system initialization
02:00:08 [[32minfo[39m]  Seeding ModelConfigService from environment
02:00:08 [[32minfo[39m]  No DEEPSEEK_API_KEY env var found, skipping env seed
02:00:08 [[32minfo[39m]  Seeded provider from convict config {"providerType":"openai","providerId":"3ac693ce-5ff8-4c7a-9cb6-7dc6cfa1f2d2","model":"openrouter/free"}
02:00:08 [[32minfo[39m]  Creating LLMService with ModelConfigService
02:00:08 [[32minfo[39m]  Creating ContextService and DecisionLogService instances
02:00:08 [[32minfo[39m]  Initializing YAML-driven Agent profiles...
02:00:08 [[32minfo[39m]  Loading config from directory: C:\Users\super\Documents\trae_projects\AGG-main\packages\backend\config
02:00:08 [[32minfo[39m]  Loaded agent profile: fantasy_rpg
02:00:08 [[32minfo[39m]  Loaded agent profile: minimal_test
02:00:08 [[32minfo[39m]  Loaded 0 non-builtin profiles from database (0 builtin skipped, using YAML)
02:00:08 [[32minfo[39m]  Config loaded successfully: 2 profiles
02:00:08 [[32minfo[39m]  YAML config loaded successfully
02:00:08 [[32minfo[39m]  Context rules loaded {"agentCount":10}
02:00:08 [[32minfo[39m]  Default manifests loaded {"agentTypeCount":6,"manifestCount":8}
02:00:08 [[32minfo[39m]  Context rules file watcher started {"path":"C:\\Users\\super\\Documents\\trae_projects\\AGG-main\\packages\\backend\\config\\agent-context-rules.yaml"}
02:00:08 [[32minfo[39m]  Loaded 10 agent capabilities from YAML profiles
02:00:08 [[32minfo[39m]  ToolRegistry initialized
02:00:08 [[32minfo[39m]  Registering ServiceTools to ToolRegistry
02:00:08 [[32minfo[39m]  Tool registered: game_time_service - GameTime Service (v1.0.0)
02:00:08 [[32minfo[39m]  Tool registered: numerical_service - Numerical Service (v1.0.0)
02:00:08 [[32minfo[39m]  Tool registered: character_service - Character Service (v1.0.0)
02:00:08 [[32minfo[39m]  Tool registered: inventory_service - Inventory Service (v1.0.0)
02:00:08 [[32minfo[39m]  Tool registered: skill_service - Skill Service (v1.1.0)
02:00:08 [[32minfo[39m]  Tool registered: map_service - Map Service (v2.0.0)
02:00:08 [[32minfo[39m]  Tool registered: npc_service - NPC Service (v1.0.0)
02:00:08 [[32minfo[39m]  Tool registered: dialogue_service - Dialogue Service (v1.0.0)
02:00:08 [[32minfo[39m]  Tool registered: quest_service - Quest Service (v1.0.0)
02:00:08 [[32minfo[39m]  Tool registered: challenge_service - Challenge Service (v1.0.0)
02:00:08 [[32minfo[39m]  Tool registered: event_service - Event Service (v1.0.0)
02:00:08 [[32minfo[39m]  Tool registered: story_service - Story Service (v1.0.0)
02:00:08 [[32minfo[39m]  Tool registered: game_init_service - Game Init Service (v2.0.0)
02:00:08 [[32minfo[39m]  Tool registered: batch_query_service - Batch Query Service (v1.0.0)
02:00:08 [[32minfo[39m]  Tool registered: entity_graph_service - Entity Graph Service (v1.0.0)
02:00:08 [[32minfo[39m]  Tool registered: template_pool_service - Template Pool Service (v1.0.0)
02:00:08 [[32minfo[39m]  Tool registered: dynamic_ui - Dynamic UI Service (v1.0.0)
02:00:08 [[32minfo[39m]  Tool registered: generate_options - Generate Options Service (v2.0.0)
02:00:08 [[32minfo[39m]  Tool registered: coordinator_service - Coordinator Service (v1.0.0)
02:00:08 [[32minfo[39m]  Tool registered: rule_service - Rule Service (v1.0.0)
02:00:08 [[32minfo[39m]  Tool registered: skill_loader - Skill Loader (v1.0.0)
02:00:08 [[32minfo[39m]  Tool registered: help_service - Help Service (v1.0.0)
02:00:08 [[32minfo[39m]  Tool registered: memory_service - Memory Service (v1.0.0)
02:00:08 [[32minfo[39m]  Registered 23 ServiceTools to ToolRegistry
02:00:09 [[32minfo[39m]  Tool reference validation passed

[90mstdout[2m | src/routes/__tests__/e2e-config.test.ts[2m > [22m[2mConfig API e2e[2m > [22m[2mGET /permissions[2m > [22m[2m杩斿洖鏉冮檺閰嶇疆[22m[39m
Running migration: 001_init.ts
Migration 001_init.ts completed successfully
Running migration: 002_add_equipped_index.ts
Migration 002_add_equipped_index.ts completed successfully
Running migration: 003_fix_information_boundaries_timestamps.ts
Migration 003_fix_information_boundaries_timestamps.ts completed successfully
Running migration: 004_drop_information_boundaries.ts
004_drop_information_boundaries: information_boundaries table not found, skipping migration
004_drop_information_boundaries: cleared custom_data.knowledge from 0 NPCs
Migration 004_drop_information_boundaries.ts completed successfully
Running migration: 005_drop_npc_relations.ts
005_drop_npc_relations: dropped npc_relations table
Migration 005_drop_npc_relations.ts completed successfully
Running migration: 006_awareness_relationship_events_states.ts
006: created entity_awareness_events table
006: created entity_awareness_states table
006: created entity_relationship_events table
006: created entity_relationship_states table
Migration 006_awareness_relationship_events_states.ts completed successfully
Running migration: 007_add_combat_mode.ts
007: added combat_states.mode column
Migration 007_add_combat_mode.ts completed successfully
Running migration: 008_add_saves_active_challenge_mode.ts
008: added saves.active_challenge_mode column
Migration 008_add_saves_active_challenge_mode.ts completed successfully
All migrations completed

[90mstdout[2m | src/agents/__tests__/progress-hook.test.ts[22m[39m
008: added saves.active_challenge_mode column
Migration 008_add_saves_active_challenge_mode.ts completed successfully
All migrations completed
鉁?Migrations completed
All seeds completed
鉁?Seeds completed
02:00:08 [[32minfo[39m]  Starting YAML-driven Agent system initialization
02:00:08 [[32minfo[39m]  Seeding ModelConfigService from environment
02:00:08 [[32minfo[39m]  No DEEPSEEK_API_KEY env var found, skipping env seed
02:00:09 [[32minfo[39m]  Seeded provider from convict config {"providerType":"openai","providerId":"8b7a0df9-0fd0-483e-9109-c0842ae518d1","model":"openrouter/free"}
02:00:09 [[32minfo[39m]  Creating LLMService with ModelConfigService
02:00:09 [[32minfo[39m]  Creating ContextService and DecisionLogService instances
02:00:09 [[32minfo[39m]  Initializing YAML-driven Agent profiles...
02:00:09 [[32minfo[39m]  Loading config from directory: C:\Users\super\Documents\trae_projects\AGG-main\packages\backend\config
02:00:09 [[32minfo[39m]  Loaded agent profile: fantasy_rpg
02:00:09 [[32minfo[39m]  Loaded agent profile: minimal_test
02:00:09 [[32minfo[39m]  Loaded 0 non-builtin profiles from database (0 builtin skipped, using YAML)
02:00:09 [[32minfo[39m]  Config loaded successfully: 2 profiles
02:00:09 [[32minfo[39m]  YAML config loaded successfully
02:00:09 [[32minfo[39m]  Context rules loaded {"agentCount":10}
02:00:09 [[32minfo[39m]  Default manifests loaded {"agentTypeCount":6,"manifestCount":8}
02:00:09 [[32minfo[39m]  Context rules file watcher started {"path":"C:\\Users\\super\\Documents\\trae_projects\\AGG-main\\packages\\backend\\config\\agent-context-rules.yaml"}
02:00:09 [[32minfo[39m]  Loaded 10 agent capabilities from YAML profiles
02:00:09 [[32minfo[39m]  ToolRegistry initialized
02:00:09 [[32minfo[39m]  Registering ServiceTools to ToolRegistry
02:00:09 [[32minfo[39m]  Tool registered: game_time_service - GameTime Service (v1.0.0)
02:00:09 [[32minfo[39m]  Tool registered: numerical_service - Numerical Service (v1.0.0)
02:00:09 [[32minfo[39m]  Tool registered: character_service - Character Service (v1.0.0)
02:00:09 [[32minfo[39m]  Tool registered: inventory_service - Inventory Service (v1.0.0)
02:00:09 [[32minfo[39m]  Tool registered: skill_service - Skill Service (v1.1.0)
02:00:09 [[32minfo[39m]  Tool registered: map_service - Map Service (v2.0.0)
02:00:09 [[32minfo[39m]  Tool registered: npc_service - NPC Service (v1.0.0)
02:00:09 [[32minfo[39m]  Tool registered: dialogue_service - Dialogue Service (v1.0.0)
02:00:09 [[32minfo[39m]  Tool registered: quest_service - Quest Service (v1.0.0)
02:00:09 [[32minfo[39m]  Tool registered: challenge_service - Challenge Service (v1.0.0)
02:00:09 [[32minfo[39m]  Tool registered: event_service - Event Service (v1.0.0)
02:00:09 [[32minfo[39m]  Tool registered: story_service - Story Service (v1.0.0)
02:00:09 [[32minfo[39m]  Tool registered: game_init_service - Game Init Service (v2.0.0)
02:00:09 [[32minfo[39m]  Tool registered: batch_query_service - Batch Query Service (v1.0.0)
02:00:09 [[32minfo[39m]  Tool registered: entity_graph_service - Entity Graph Service (v1.0.0)
02:00:09 [[32minfo[39m]  Tool registered: template_pool_service - Template Pool Service (v1.0.0)
02:00:09 [[32minfo[39m]  Tool registered: dynamic_ui - Dynamic UI Service (v1.0.0)
02:00:09 [[32minfo[39m]  Tool registered: generate_options - Generate Options Service (v2.0.0)
02:00:09 [[32minfo[39m]  Tool registered: coordinator_service - Coordinator Service (v1.0.0)
02:00:09 [[32minfo[39m]  Tool registered: rule_service - Rule Service (v1.0.0)
02:00:09 [[32minfo[39m]  Tool registered: skill_loader - Skill Loader (v1.0.0)
02:00:09 [[32minfo[39m]  Tool registered: help_service - Help Service (v1.0.0)
02:00:09 [[32minfo[39m]  Tool registered: memory_service - Memory Service (v1.0.0)
02:00:09 [[32minfo[39m]  Registered 23 ServiceTools to ToolRegistry
02:00:09 [[32minfo[39m]  Tool reference validation passed

[90mstdout[2m | src/game-systems/inventory/__tests__/consumable-effects-auto-apply.test.ts[22m[39m
02:00:09 [[32minfo[39m]  Discovered 187 help files {"dir":"C:\\Users\\super\\Documents\\trae_projects\\AGG-main\\packages\\backend\\config\\agent-help"}

[90mstdout[2m | src/agents/__tests__/result-integrator-nested-writeops.test.ts[2m > [22m[2mResultIntegrator 宓屽 writeOperations 閫忎紶[2m > [22m[2m璇嗗埆 toolCall.data.writeOperations 鏁扮粍瀛楁骞跺悎骞跺埌 writeOperations[22m[39m
02:00:09 [[32minfo[39m]  Integrating results from multiple agents {"agentCount":1}

[90mstdout[2m | src/agents/__tests__/result-integrator-nested-writeops.test.ts[2m > [22m[2mResultIntegrator 宓屽 writeOperations 閫忎紶[2m > [22m[2m宓屽 writeOperations 涓庡凡瀛樺湪 writeOperation 鍗曟暟瀛楁鍏卞瓨[22m[39m
02:00:09 [[32minfo[39m]  Integrating results from multiple agents {"agentCount":1}

[90mstdout[2m | src/agents/__tests__/result-integrator-nested-writeops.test.ts[2m > [22m[2mResultIntegrator 宓屽 writeOperations 閫忎紶[2m > [22m[2m宓屽 writeOperations 涓?writeOperationLog 鍐呭凡鏈夌浉鍚?op 鍐茬獊鏃惰烦杩囧啿绐侀」[22m[39m
02:00:09 [[32minfo[39m]  Integrating results from multiple agents {"agentCount":1}
02:00:09 [[32minfo[39m]  Integrating results from multiple agents {"agentCount":1}
02:00:09 [[33mwarn[39m]  Write conflict detected and skipped {"newOperation":{"toolType":"map_service","method":"create_location","params":{"name":"鏉戝簞"},"result":{"ok":true},"timestamp":1785002409179},"existingOperation":{"toolType":"map_service","method":"create_location","params":{"name":"鏉戝簞"},"result":{"ok":true},"timestamp":1785002409179}}
02:00:09 [[33mwarn[39m]  Nested writeOperations conflicts detected for agent gamemaster {"conflictCount":1,"conflicts":[{"toolType":"map_service","method":"create_location","params":{"name":"鏉戝簞"},"result":{"ok":true},"timestamp":1785002409179}]}

[90mstdout[2m | src/agents/__tests__/result-integrator-nested-writeops.test.ts[2m > [22m[2mResultIntegrator 宓屽 writeOperations 閫忎紶[2m > [22m[2m鏃?writeOperations 瀛楁鏃舵甯歌繑鍥烇紙鍚戝悗鍏煎锛?[22m[39m
02:00:09 [[32minfo[39m]  Integrating results from multiple agents {"agentCount":1}

[90mstdout[2m | src/agents/__tests__/progress-hook.test.ts[22m[39m
02:00:09 [[32minfo[39m]  Discovered 187 help files {"dir":"C:\\Users\\super\\Documents\\trae_projects\\AGG-main\\packages\\backend\\config\\agent-help"}

[90mstdout[2m | src/agents/config/__tests__/react-agent-runtime-events.test.ts[22m[39m
02:00:09 [[32minfo[39m]  Discovered 187 help files {"dir":"C:\\Users\\super\\Documents\\trae_projects\\AGG-main\\packages\\backend\\config\\agent-help"}

[90mstdout[2m | src/agents/__tests__/result-integrator-nested-writeops.test.ts[22m[39m
02:00:08 [[32minfo[39m]  Help registry loaded: 22 tools {"tools":["batch_query_service","challenge_service","... (22 items)"]}
02:00:08 [[32minfo[39m]  Creating GameMasterAgent (as AgentRuntime with isSubAgent=false)
02:00:08 [[32minfo[39m]  Handler subscribed {"eventType":"dialogue"}
02:00:08 [[32minfo[39m]  Handler subscribed {"eventType":"combat_end"}
02:00:08 [[32minfo[39m]  AwarenessAutoSubscriber subscribed to dialogue + combat_end events
02:00:08 [[32minfo[39m]  Agent initialized: gamemaster - GameMasterAgent
02:00:08 [[32minfo[39m] [AGENT-START] Agent gamemaster starting {"agent":"gamemaster","provider":null,"toolsConfigured":1,"maxIterations":200,"isSubAgent":false}
02:00:08 [[32minfo[39m]  Handler subscribed {"eventType":"chapter_advanced"}
02:00:08 [[32minfo[39m]  Creating AgentRuntime instances from default profile: fantasy_rpg
02:00:08 [[32minfo[39m]  Creating agents from profile: fantasy_rpg {"agentCount":10}
02:00:08 [[32minfo[39m]  Agent initialized: gamemaster - GameMasterAgent
02:00:08 [[32minfo[39m] [AGENT-START] Agent gamemaster starting {"agent":"gamemaster","provider":null,"toolsConfigured":1,"maxIterations":200,"isSubAgent":false}
02:00:08 [[32minfo[39m]  Created AgentRuntime: gamemaster {"profile":"fantasy_rpg","tools":["all"]}
02:00:08 [[32minfo[39m]  Agent initialized: map - MapAgent
02:00:08 [[32minfo[39m] [AGENT-START] Agent map starting {"agent":"map","provider":null,"toolsConfigured":7,"maxIterations":200,"isSubAgent":true}
02:00:08 [[32minfo[39m]  Created AgentRuntime: map {"profile":"fantasy_rpg","tools":["map_service","npc_service","... (7 items)"]}
02:00:08 [[32minfo[39m]  Agent initialized: challenge - ChallengeAgent
02:00:08 [[32minfo[39m] [AGENT-START] Agent challenge starting {"agent":"challenge","provider":null,"toolsConfigured":9,"maxIterations":200,"isSubAgent":true}
02:00:08 [[32minfo[39m]  Created AgentRuntime: challenge {"profile":"fantasy_rpg","tools":["challenge_service","numerical_service","... (9 items)"]}
02:00:08 [[32minfo[39m]  Agent initialized: output - OutputAgent
02:00:08 [[32minfo[39m] [AGENT-START] Agent output starting {"agent":"output","provider":null,"toolsConfigured":5,"maxIterations":200,"isSubAgent":true}
02:00:08 [[32minfo[39m]  Created AgentRuntime: output {"profile":"fantasy_rpg","tools":["dialogue_service","dynamic_ui","... (5 items)"]}
02:00:08 [[32minfo[39m]  Agent initialized: quest - QuestAgent
02:00:08 [[32minfo[39m] [AGENT-START] Agent quest starting {"agent":"quest","provider":null,"toolsConfigured":11,"maxIterations":200,"isSubAgent":true}
02:00:08 [[32minfo[39m]  Created AgentRuntime: quest {"profile":"fantasy_rpg","tools":["quest_service","numerical_service","... (11 items)"]}
02:00:08 [[32minfo[39m]  Agent initialized: npc_party - NPCPartyAgent
02:00:08 [[32minfo[39m] [AGENT-START] Agent npc_party starting {"agent":"npc_party","provider":null,"toolsConfigured":9,"maxIterations":200,"isSubAgent":true}
02:00:08 [[32minfo[39m]  Created AgentRuntime: npc_party {"profile":"fantasy_rpg","tools":["npc_service","entity_graph_service","... (9 items)"]}
02:00:08 [[32minfo[39m]  Agent initialized: inventory - InventoryAgent
02:00:08 [[32minfo[39m] [AGENT-START] Agent inventory starting {"agent":"inventory","provider":null,"toolsConfigured":8,"maxIterations":200,"isSubAgent":true}
02:00:08 [[32minfo[39m]  Created AgentRuntime: inventory {"profile":"fantasy_rpg","tools":["inventory_service","template_pool_service","... (8 items)"]}
02:00:08 [[32minfo[39m]  Agent initialized: skill - SkillAgent
02:00:08 [[32minfo[39m] [AGENT-START] Agent skill starting {"agent":"skill","provider":null,"toolsConfigured":7,"maxIterations":200,"isSubAgent":true}
02:00:08 [[32minfo[39m]  Created AgentRuntime: skill {"profile":"fantasy_rpg","tools":["skill_service","template_pool_service","... (7 items)"]}
02:00:08 [[32minfo[39m]  Agent initialized: event - EventAgent
02:00:08 [[32minfo[39m] [AGENT-START] Agent event starting {"agent":"event","provider":null,"toolsConfigured":5,"maxIterations":200,"isSubAgent":true}
02:00:08 [[32minfo[39m]  Created AgentRuntime: event {"profile":"fantasy_rpg","tools":["event_service","game_time_service","... (5 items)"]}
02:00:08 [[32minfo[39m]  Agent initialized: time - TimeAgent
02:00:08 [[32minfo[39m] [AGENT-START] Agent time starting {"agent":"time","provider":null,"toolsConfigured":4,"maxIterations":200,"isSubAgent":true}
02:00:08 [[32minfo[39m]  Created AgentRuntime: time {"profile":"fantasy_rpg","tools":["game_time_service","rule_service","... (4 items)"]}
02:00:08 [[32minfo[39m]  Permissions configured from agent.tools for profile: fantasy_rpg
02:00:08 [[32minfo[39m]  YAML permissions configured
02:00:08 [[32minfo[39m]  Registering AgentRuntime instances to GameMasterAgent...
02:00:08 [[32minfo[39m]  Registered AgentRuntime to Coordinator: gamemaster
02:00:08 [[32minfo[39m]  Registered AgentRuntime to Coordinator: map
02:00:08 [[32minfo[39m]  Registered AgentRuntime to Coordinator: challenge
02:00:08 [[32minfo[39m]  Registered AgentRuntime to Coordinator: output
02:00:08 [[32minfo[39m]  Registered AgentRuntime to Coordinator: quest
02:00:08 [[32minfo[39m]  Registered AgentRuntime to Coordinator: npc_party
02:00:08 [[32minfo[39m]  Registered AgentRuntime to Coordinator: inventory
02:00:08 [[32minfo[39m]  Registered AgentRuntime to Coordinator: skill
02:00:08 [[32minfo[39m]  Registered AgentRuntime to Coordinator: event
02:00:08 [[32minfo[39m]  Registered AgentRuntime to Coordinator: time
02:00:08 [[32minfo[39m]  GameDataExpander configured (manifest path enabled)
02:00:08 [[32minfo[39m]  DedupService configured (dispatch log persistence enabled)
02:00:08 [[32minfo[39m]  Agent system initialized: 10 AgentRuntime instances created
鉁?Agent system initialized with 10 agents
鈿狅笍 YAML Agent system skipped: __vi_import_5__.initializeYamlAgentSystem is not a function
02:00:08 [[32minfo[39m]  Agent routes initialized
02:00:08 [[32minfo[39m]  Save routes initialized
02:00:08 [[32minfo[39m]  Synced template from YAML to DB: cthulhu-investigation
02:00:08 [[32minfo[39m]  Synced template from YAML to DB: cyberpunk-mercenary
02:00:08 [[32minfo[39m]  Synced template from YAML to DB: medieval-fantasy
02:00:09 [[32minfo[39m]  Synced template from YAML to DB: modern-romance
02:00:09 [[32minfo[39m]  Synced template from YAML to DB: xianxia
02:00:09 [[32minfo[39m]  Synced 5 templates from YAML to database
02:00:09 [[32minfo[39m]  Cache refreshed with 5 templates
02:00:09 [[32minfo[39m]  TemplateService loaded {"cachedTemplates":5}
鉁?Template YAML loaded and synced to DB
02:00:09 [[32minfo[39m]  Template routes initialized
鉁?Test environment setup complete
鉁?Database connection closed

 [32m鉁?[39m src/agents/__tests__/result-integrator-nested-writeops.test.ts [2m ([22m[2m4 tests[22m[2m)[22m[33m 1708[2mms[22m[39m
[90mstdout[2m | src/routes/__tests__/e2e-config.test.ts[2m > [22m[2mConfig API e2e[2m > [22m[2mGET /permissions[2m > [22m[2m鏃?profile 鏃惰繑鍥為粯璁ゆ秷鎭?[22m[39m
Running migration: 001_init.ts
Migration 001_init.ts completed successfully
Running migration: 002_add_equipped_index.ts
Migration 002_add_equipped_index.ts completed successfully
Running migration: 003_fix_information_boundaries_timestamps.ts
Migration 003_fix_information_boundaries_timestamps.ts completed successfully
Running migration: 004_drop_information_boundaries.ts
004_drop_information_boundaries: information_boundaries table not found, skipping migration
004_drop_information_boundaries: cleared custom_data.knowledge from 0 NPCs
Migration 004_drop_information_boundaries.ts completed successfully
Running migration: 005_drop_npc_relations.ts
005_drop_npc_relations: dropped npc_relations table
Migration 005_drop_npc_relations.ts completed successfully
Running migration: 006_awareness_relationship_events_states.ts
006: created entity_awareness_events table
006: created entity_awareness_states table
006: created entity_relationship_events table
006: created entity_relationship_states table
Migration 006_awareness_relationship_events_states.ts completed successfully
Running migration: 007_add_combat_mode.ts
007: added combat_states.mode column
Migration 007_add_combat_mode.ts completed successfully
Running migration: 008_add_saves_active_challenge_mode.ts
008: added saves.active_challenge_mode column
Migration 008_add_saves_active_challenge_mode.ts completed successfully
All migrations completed

[90mstdout[2m | src/routes/__tests__/e2e-config.test.ts[22m[39m
鉁?Database connection closed

 [32m鉁?[39m src/routes/__tests__/e2e-config.test.ts [2m ([22m[2m5 tests[22m[2m)[22m[33m 2397[2mms[22m[39m
[90mstdout[2m | src/game-systems/map/__tests__/chinese-location-resolution.test.ts[22m[39m
008: added saves.active_challenge_mode column
Migration 008_add_saves_active_challenge_mode.ts completed successfully
All migrations completed
鉁?Migrations completed
All seeds completed
鉁?Seeds completed
02:00:08 [[32minfo[39m]  Starting YAML-driven Agent system initialization
02:00:08 [[32minfo[39m]  Seeding ModelConfigService from environment
02:00:08 [[32minfo[39m]  No DEEPSEEK_API_KEY env var found, skipping env seed
02:00:08 [[32minfo[39m]  Seeded provider from convict config {"providerType":"openai","providerId":"e8bd987f-5398-4984-ba7e-f1342be50138","model":"openrouter/free"}
02:00:08 [[32minfo[39m]  Creating LLMService with ModelConfigService
02:00:08 [[32minfo[39m]  Creating ContextService and DecisionLogService instances
02:00:08 [[32minfo[39m]  Initializing YAML-driven Agent profiles...
02:00:08 [[32minfo[39m]  Loading config from directory: C:\Users\super\Documents\trae_projects\AGG-main\packages\backend\config
02:00:08 [[32minfo[39m]  Loaded agent profile: fantasy_rpg
02:00:08 [[32minfo[39m]  Loaded agent profile: minimal_test
02:00:08 [[32minfo[39m]  Loaded 0 non-builtin profiles from database (0 builtin skipped, using YAML)
02:00:08 [[32minfo[39m]  Config loaded successfully: 2 profiles
02:00:08 [[32minfo[39m]  YAML config loaded successfully
02:00:08 [[32minfo[39m]  Context rules loaded {"agentCount":10}
02:00:08 [[32minfo[39m]  Default manifests loaded {"agentTypeCount":6,"manifestCount":8}
02:00:08 [[32minfo[39m]  Context rules file watcher started {"path":"C:\\Users\\super\\Documents\\trae_projects\\AGG-main\\packages\\backend\\config\\agent-context-rules.yaml"}
02:00:08 [[32minfo[39m]  Loaded 10 agent capabilities from YAML profiles
02:00:08 [[32minfo[39m]  ToolRegistry initialized
02:00:08 [[32minfo[39m]  Registering ServiceTools to ToolRegistry
02:00:09 [[32minfo[39m]  Tool registered: game_time_service - GameTime Service (v1.0.0)
02:00:09 [[32minfo[39m]  Tool registered: numerical_service - Numerical Service (v1.0.0)
02:00:09 [[32minfo[39m]  Tool registered: character_service - Character Service (v1.0.0)
02:00:09 [[32minfo[39m]  Tool registered: inventory_service - Inventory Service (v1.0.0)
02:00:09 [[32minfo[39m]  Tool registered: skill_service - Skill Service (v1.1.0)
02:00:09 [[32minfo[39m]  Tool registered: map_service - Map Service (v2.0.0)
02:00:09 [[32minfo[39m]  Tool registered: npc_service - NPC Service (v1.0.0)
02:00:09 [[32minfo[39m]  Tool registered: dialogue_service - Dialogue Service (v1.0.0)
02:00:09 [[32minfo[39m]  Tool registered: quest_service - Quest Service (v1.0.0)
02:00:09 [[32minfo[39m]  Tool registered: challenge_service - Challenge Service (v1.0.0)
02:00:09 [[32minfo[39m]  Tool registered: event_service - Event Service (v1.0.0)
02:00:09 [[32minfo[39m]  Tool registered: story_service - Story Service (v1.0.0)
02:00:09 [[32minfo[39m]  Tool registered: game_init_service - Game Init Service (v2.0.0)
02:00:09 [[32minfo[39m]  Tool registered: batch_query_service - Batch Query Service (v1.0.0)
02:00:09 [[32minfo[39m]  Tool registered: entity_graph_service - Entity Graph Service (v1.0.0)
02:00:09 [[32minfo[39m]  Tool registered: template_pool_service - Template Pool Service (v1.0.0)
02:00:09 [[32minfo[39m]  Tool registered: dynamic_ui - Dynamic UI Service (v1.0.0)
02:00:09 [[32minfo[39m]  Tool registered: generate_options - Generate Options Service (v2.0.0)
02:00:09 [[32minfo[39m]  Tool registered: coordinator_service - Coordinator Service (v1.0.0)
02:00:09 [[32minfo[39m]  Tool registered: rule_service - Rule Service (v1.0.0)
02:00:09 [[32minfo[39m]  Tool registered: skill_loader - Skill Loader (v1.0.0)
02:00:09 [[32minfo[39m]  Tool registered: help_service - Help Service (v1.0.0)
02:00:09 [[32minfo[39m]  Tool registered: memory_service - Memory Service (v1.0.0)
02:00:09 [[32minfo[39m]  Registered 23 ServiceTools to ToolRegistry
02:00:09 [[32minfo[39m]  Tool reference validation passed

[90mstdout[2m | src/game-systems/save/__tests__/SaveStateRepository.test.ts[22m[39m
02:00:08 [[32minfo[39m]  Help registry loaded: 22 tools {"tools":["batch_query_service","challenge_service","... (22 items)"]}
02:00:08 [[32minfo[39m]  Creating GameMasterAgent (as AgentRuntime with isSubAgent=false)
02:00:08 [[32minfo[39m]  Handler subscribed {"eventType":"dialogue"}
02:00:08 [[32minfo[39m]  Handler subscribed {"eventType":"combat_end"}
02:00:08 [[32minfo[39m]  AwarenessAutoSubscriber subscribed to dialogue + combat_end events
02:00:08 [[32minfo[39m]  Agent initialized: gamemaster - GameMasterAgent
02:00:08 [[32minfo[39m] [AGENT-START] Agent gamemaster starting {"agent":"gamemaster","provider":null,"toolsConfigured":1,"maxIterations":200,"isSubAgent":false}
02:00:08 [[32minfo[39m]  Handler subscribed {"eventType":"chapter_advanced"}
02:00:08 [[32minfo[39m]  Creating AgentRuntime instances from default profile: fantasy_rpg
02:00:08 [[32minfo[39m]  Creating agents from profile: fantasy_rpg {"agentCount":10}
02:00:08 [[32minfo[39m]  Agent initialized: gamemaster - GameMasterAgent
02:00:08 [[32minfo[39m] [AGENT-START] Agent gamemaster starting {"agent":"gamemaster","provider":null,"toolsConfigured":1,"maxIterations":200,"isSubAgent":false}
02:00:08 [[32minfo[39m]  Created AgentRuntime: gamemaster {"profile":"fantasy_rpg","tools":["all"]}
02:00:08 [[32minfo[39m]  Agent initialized: map - MapAgent
02:00:08 [[32minfo[39m] [AGENT-START] Agent map starting {"agent":"map","provider":null,"toolsConfigured":7,"maxIterations":200,"isSubAgent":true}
02:00:08 [[32minfo[39m]  Created AgentRuntime: map {"profile":"fantasy_rpg","tools":["map_service","npc_service","... (7 items)"]}
02:00:08 [[32minfo[39m]  Agent initialized: challenge - ChallengeAgent
02:00:08 [[32minfo[39m] [AGENT-START] Agent challenge starting {"agent":"challenge","provider":null,"toolsConfigured":9,"maxIterations":200,"isSubAgent":true}
02:00:08 [[32minfo[39m]  Created AgentRuntime: challenge {"profile":"fantasy_rpg","tools":["challenge_service","numerical_service","... (9 items)"]}
02:00:08 [[32minfo[39m]  Agent initialized: output - OutputAgent
02:00:08 [[32minfo[39m] [AGENT-START] Agent output starting {"agent":"output","provider":null,"toolsConfigured":5,"maxIterations":200,"isSubAgent":true}
02:00:08 [[32minfo[39m]  Created AgentRuntime: output {"profile":"fantasy_rpg","tools":["dialogue_service","dynamic_ui","... (5 items)"]}
02:00:08 [[32minfo[39m]  Agent initialized: quest - QuestAgent
02:00:08 [[32minfo[39m] [AGENT-START] Agent quest starting {"agent":"quest","provider":null,"toolsConfigured":11,"maxIterations":200,"isSubAgent":true}
02:00:08 [[32minfo[39m]  Created AgentRuntime: quest {"profile":"fantasy_rpg","tools":["quest_service","numerical_service","... (11 items)"]}
02:00:08 [[32minfo[39m]  Agent initialized: npc_party - NPCPartyAgent
02:00:08 [[32minfo[39m] [AGENT-START] Agent npc_party starting {"agent":"npc_party","provider":null,"toolsConfigured":9,"maxIterations":200,"isSubAgent":true}
02:00:08 [[32minfo[39m]  Created AgentRuntime: npc_party {"profile":"fantasy_rpg","tools":["npc_service","entity_graph_service","... (9 items)"]}
02:00:08 [[32minfo[39m]  Agent initialized: inventory - InventoryAgent
02:00:08 [[32minfo[39m] [AGENT-START] Agent inventory starting {"agent":"inventory","provider":null,"toolsConfigured":8,"maxIterations":200,"isSubAgent":true}
02:00:08 [[32minfo[39m]  Created AgentRuntime: inventory {"profile":"fantasy_rpg","tools":["inventory_service","template_pool_service","... (8 items)"]}
02:00:08 [[32minfo[39m]  Agent initialized: skill - SkillAgent
02:00:08 [[32minfo[39m] [AGENT-START] Agent skill starting {"agent":"skill","provider":null,"toolsConfigured":7,"maxIterations":200,"isSubAgent":true}
02:00:08 [[32minfo[39m]  Created AgentRuntime: skill {"profile":"fantasy_rpg","tools":["skill_service","template_pool_service","... (7 items)"]}
02:00:08 [[32minfo[39m]  Agent initialized: event - EventAgent
02:00:08 [[32minfo[39m] [AGENT-START] Agent event starting {"agent":"event","provider":null,"toolsConfigured":5,"maxIterations":200,"isSubAgent":true}
02:00:08 [[32minfo[39m]  Created AgentRuntime: event {"profile":"fantasy_rpg","tools":["event_service","game_time_service","... (5 items)"]}
02:00:08 [[32minfo[39m]  Agent initialized: time - TimeAgent
02:00:08 [[32minfo[39m] [AGENT-START] Agent time starting {"agent":"time","provider":null,"toolsConfigured":4,"maxIterations":200,"isSubAgent":true}
02:00:08 [[32minfo[39m]  Created AgentRuntime: time {"profile":"fantasy_rpg","tools":["game_time_service","rule_service","... (4 items)"]}
02:00:08 [[32minfo[39m]  Permissions configured from agent.tools for profile: fantasy_rpg
02:00:08 [[32minfo[39m]  YAML permissions configured
02:00:08 [[32minfo[39m]  Registering AgentRuntime instances to GameMasterAgent...
02:00:08 [[32minfo[39m]  Registered AgentRuntime to Coordinator: gamemaster
02:00:08 [[32minfo[39m]  Registered AgentRuntime to Coordinator: map
02:00:08 [[32minfo[39m]  Registered AgentRuntime to Coordinator: challenge
02:00:08 [[32minfo[39m]  Registered AgentRuntime to Coordinator: output
02:00:08 [[32minfo[39m]  Registered AgentRuntime to Coordinator: quest
02:00:08 [[32minfo[39m]  Registered AgentRuntime to Coordinator: npc_party
02:00:08 [[32minfo[39m]  Registered AgentRuntime to Coordinator: inventory
02:00:08 [[32minfo[39m]  Registered AgentRuntime to Coordinator: skill
02:00:08 [[32minfo[39m]  Registered AgentRuntime to Coordinator: event
02:00:08 [[32minfo[39m]  Registered AgentRuntime to Coordinator: time
02:00:08 [[32minfo[39m]  GameDataExpander configured (manifest path enabled)
02:00:08 [[32minfo[39m]  DedupService configured (dispatch log persistence enabled)
02:00:08 [[32minfo[39m]  Agent system initialized: 10 AgentRuntime instances created
鉁?Agent system initialized with 10 agents
鈿狅笍 YAML Agent system skipped: __vi_import_5__.initializeYamlAgentSystem is not a function
02:00:08 [[32minfo[39m]  Agent routes initialized
02:00:08 [[32minfo[39m]  Save routes initialized
02:00:08 [[32minfo[39m]  Synced template from YAML to DB: cthulhu-investigation
02:00:08 [[32minfo[39m]  Synced template from YAML to DB: cyberpunk-mercenary
02:00:08 [[32minfo[39m]  Synced template from YAML to DB: medieval-fantasy
02:00:09 [[32minfo[39m]  Synced template from YAML to DB: modern-romance
02:00:09 [[32minfo[39m]  Synced template from YAML to DB: xianxia
02:00:09 [[32minfo[39m]  Synced 5 templates from YAML to database
02:00:09 [[32minfo[39m]  Cache refreshed with 5 templates
02:00:09 [[32minfo[39m]  TemplateService loaded {"cachedTemplates":5}
鉁?Template YAML loaded and synced to DB
02:00:09 [[32minfo[39m]  Template routes initialized
鉁?Test environment setup complete
鉁?Database connection closed

 [32m鉁?[39m src/game-systems/save/__tests__/SaveStateRepository.test.ts [2m ([22m[2m9 tests[22m[2m)[22m[33m 1634[2mms[22m[39m
[90mstdout[2m | src/game-systems/map/__tests__/chinese-location-resolution.test.ts[22m[39m
02:00:09 [[32minfo[39m]  Discovered 187 help files {"dir":"C:\\Users\\super\\Documents\\trae_projects\\AGG-main\\packages\\backend\\config\\agent-help"}

[90mstdout[2m | src/services/__tests__/panel-update-broadcaster.test.ts[22m[39m
Migration 001_init.ts completed successfully
Running migration: 002_add_equipped_index.ts

[90mstdout[2m | src/services/__tests__/panel-update-broadcaster.test.ts[22m[39m
Migration 002_add_equipped_index.ts completed successfully
Running migration: 003_fix_information_boundaries_timestamps.ts

[90mstdout[2m | src/services/__tests__/panel-update-broadcaster.test.ts[22m[39m
Migration 003_fix_information_boundaries_timestamps.ts completed successfully
Running migration: 004_drop_information_boundaries.ts

[90mstdout[2m | src/agents/__tests__/react-engine-debug-extraction.test.ts[22m[39m
Migration 001_init.ts completed successfully
Running migration: 002_add_equipped_index.ts

[90mstdout[2m | src/services/__tests__/shadow-state-write-after-insert.test.ts[22m[39m
馃И Setting up comprehensive test environment...
鉁?Database connected
Running migration: 001_init.ts
Migration 001_init.ts completed successfully
Running migration: 002_add_equipped_index.ts

[90mstdout[2m | src/services/__tests__/shadow-state-write-after-insert.test.ts[22m[39m
Migration 002_add_equipped_index.ts completed successfully
Running migration: 003_fix_information_boundaries_timestamps.ts

[90mstdout[2m | src/services/__tests__/shadow-state-write-after-insert.test.ts[22m[39m
Migration 003_fix_information_boundaries_timestamps.ts completed successfully
Running migration: 004_drop_information_boundaries.ts

[90mstdout[2m | src/services/__tests__/panel-update-broadcaster.test.ts[22m[39m
004_drop_information_boundaries: information_boundaries table not found, skipping migration
004_drop_information_boundaries: cleared custom_data.knowledge from 0 NPCs
Migration 004_drop_information_boundaries.ts completed successfully
Running migration: 005_drop_npc_relations.ts
005_drop_npc_relations: dropped npc_relations table
Migration 005_drop_npc_relations.ts completed successfully
Running migration: 006_awareness_relationship_events_states.ts

[90mstdout[2m | src/services/__tests__/shadow-state-write-after-insert.test.ts[22m[39m
004_drop_information_boundaries: information_boundaries table not found, skipping migration
004_drop_information_boundaries: cleared custom_data.knowledge from 0 NPCs
Migration 004_drop_information_boundaries.ts completed successfully
Running migration: 005_drop_npc_relations.ts

[90mstdout[2m | src/services/__tests__/panel-update-broadcaster.test.ts[22m[39m
006: created entity_awareness_events table
006: created entity_awareness_states table
006: created entity_relationship_events table
006: created entity_relationship_states table
Migration 006_awareness_relationship_events_states.ts completed successfully
Running migration: 007_add_combat_mode.ts
007: added combat_states.mode column
Migration 007_add_combat_mode.ts completed successfully
Running migration: 008_add_saves_active_challenge_mode.ts

[90mstdout[2m | src/services/__tests__/shadow-state-write-after-insert.test.ts[22m[39m
005_drop_npc_relations: dropped npc_relations table
Migration 005_drop_npc_relations.ts completed successfully
Running migration: 006_awareness_relationship_events_states.ts

[90mstdout[2m | src/services/__tests__/dev-trace-collector-runtime-event.test.ts[2m > [22m[2mDevTraceCollector 鈥?RuntimeEvent[2m > [22m[2mclearTraces clears runtime events too[2m > [22m[2mclears both legacy traces and runtime events[22m[39m
02:00:09 [[32minfo[39m]  Traces cleared {"saveId":"save-001"}

[90mstdout[2m | src/services/__tests__/dev-trace-collector-runtime-event.test.ts[22m[39m
02:00:07 [[32minfo[39m]  Help registry loaded: 22 tools {"tools":["batch_query_service","challenge_service","... (22 items)"]}
02:00:07 [[32minfo[39m]  Creating GameMasterAgent (as AgentRuntime with isSubAgent=false)
02:00:07 [[32minfo[39m]  Handler subscribed {"eventType":"dialogue"}
02:00:07 [[32minfo[39m]  Handler subscribed {"eventType":"combat_end"}
02:00:07 [[32minfo[39m]  AwarenessAutoSubscriber subscribed to dialogue + combat_end events
02:00:07 [[32minfo[39m]  Agent initialized: gamemaster - GameMasterAgent
02:00:07 [[32minfo[39m] [AGENT-START] Agent gamemaster starting {"agent":"gamemaster","provider":null,"toolsConfigured":1,"maxIterations":200,"isSubAgent":false}
02:00:07 [[32minfo[39m]  Handler subscribed {"eventType":"chapter_advanced"}
02:00:07 [[32minfo[39m]  Creating AgentRuntime instances from default profile: fantasy_rpg
02:00:07 [[32minfo[39m]  Creating agents from profile: fantasy_rpg {"agentCount":10}
02:00:07 [[32minfo[39m]  Agent initialized: gamemaster - GameMasterAgent
02:00:07 [[32minfo[39m] [AGENT-START] Agent gamemaster starting {"agent":"gamemaster","provider":null,"toolsConfigured":1,"maxIterations":200,"isSubAgent":false}
02:00:07 [[32minfo[39m]  Created AgentRuntime: gamemaster {"profile":"fantasy_rpg","tools":["all"]}
02:00:07 [[32minfo[39m]  Agent initialized: map - MapAgent
02:00:07 [[32minfo[39m] [AGENT-START] Agent map starting {"agent":"map","provider":null,"toolsConfigured":7,"maxIterations":200,"isSubAgent":true}
02:00:07 [[32minfo[39m]  Created AgentRuntime: map {"profile":"fantasy_rpg","tools":["map_service","npc_service","... (7 items)"]}
02:00:07 [[32minfo[39m]  Agent initialized: challenge - ChallengeAgent
02:00:07 [[32minfo[39m] [AGENT-START] Agent challenge starting {"agent":"challenge","provider":null,"toolsConfigured":9,"maxIterations":200,"isSubAgent":true}
02:00:07 [[32minfo[39m]  Created AgentRuntime: challenge {"profile":"fantasy_rpg","tools":["challenge_service","numerical_service","... (9 items)"]}
02:00:07 [[32minfo[39m]  Agent initialized: output - OutputAgent
02:00:07 [[32minfo[39m] [AGENT-START] Agent output starting {"agent":"output","provider":null,"toolsConfigured":5,"maxIterations":200,"isSubAgent":true}
02:00:07 [[32minfo[39m]  Created AgentRuntime: output {"profile":"fantasy_rpg","tools":["dialogue_service","dynamic_ui","... (5 items)"]}
02:00:07 [[32minfo[39m]  Agent initialized: quest - QuestAgent
02:00:07 [[32minfo[39m] [AGENT-START] Agent quest starting {"agent":"quest","provider":null,"toolsConfigured":11,"maxIterations":200,"isSubAgent":true}
02:00:07 [[32minfo[39m]  Created AgentRuntime: quest {"profile":"fantasy_rpg","tools":["quest_service","numerical_service","... (11 items)"]}
02:00:07 [[32minfo[39m]  Agent initialized: npc_party - NPCPartyAgent
02:00:07 [[32minfo[39m] [AGENT-START] Agent npc_party starting {"agent":"npc_party","provider":null,"toolsConfigured":9,"maxIterations":200,"isSubAgent":true}
02:00:07 [[32minfo[39m]  Created AgentRuntime: npc_party {"profile":"fantasy_rpg","tools":["npc_service","entity_graph_service","... (9 items)"]}
02:00:07 [[32minfo[39m]  Agent initialized: inventory - InventoryAgent
02:00:07 [[32minfo[39m] [AGENT-START] Agent inventory starting {"agent":"inventory","provider":null,"toolsConfigured":8,"maxIterations":200,"isSubAgent":true}
02:00:07 [[32minfo[39m]  Created AgentRuntime: inventory {"profile":"fantasy_rpg","tools":["inventory_service","template_pool_service","... (8 items)"]}
02:00:07 [[32minfo[39m]  Agent initialized: skill - SkillAgent
02:00:07 [[32minfo[39m] [AGENT-START] Agent skill starting {"agent":"skill","provider":null,"toolsConfigured":7,"maxIterations":200,"isSubAgent":true}
02:00:07 [[32minfo[39m]  Created AgentRuntime: skill {"profile":"fantasy_rpg","tools":["skill_service","template_pool_service","... (7 items)"]}
02:00:07 [[32minfo[39m]  Agent initialized: event - EventAgent
02:00:07 [[32minfo[39m] [AGENT-START] Agent event starting {"agent":"event","provider":null,"toolsConfigured":5,"maxIterations":200,"isSubAgent":true}
02:00:07 [[32minfo[39m]  Created AgentRuntime: event {"profile":"fantasy_rpg","tools":["event_service","game_time_service","... (5 items)"]}
02:00:07 [[32minfo[39m]  Agent initialized: time - TimeAgent
02:00:07 [[32minfo[39m] [AGENT-START] Agent time starting {"agent":"time","provider":null,"toolsConfigured":4,"maxIterations":200,"isSubAgent":true}
02:00:07 [[32minfo[39m]  Created AgentRuntime: time {"profile":"fantasy_rpg","tools":["game_time_service","rule_service","... (4 items)"]}
02:00:07 [[32minfo[39m]  Permissions configured from agent.tools for profile: fantasy_rpg
02:00:07 [[32minfo[39m]  YAML permissions configured
02:00:07 [[32minfo[39m]  Registering AgentRuntime instances to GameMasterAgent...
02:00:07 [[32minfo[39m]  Registered AgentRuntime to Coordinator: gamemaster
02:00:07 [[32minfo[39m]  Registered AgentRuntime to Coordinator: map
02:00:07 [[32minfo[39m]  Registered AgentRuntime to Coordinator: challenge
02:00:07 [[32minfo[39m]  Registered AgentRuntime to Coordinator: output
02:00:07 [[32minfo[39m]  Registered AgentRuntime to Coordinator: quest
02:00:07 [[32minfo[39m]  Registered AgentRuntime to Coordinator: npc_party
02:00:07 [[32minfo[39m]  Registered AgentRuntime to Coordinator: inventory
02:00:07 [[32minfo[39m]  Registered AgentRuntime to Coordinator: skill
02:00:07 [[32minfo[39m]  Registered AgentRuntime to Coordinator: event
02:00:07 [[32minfo[39m]  Registered AgentRuntime to Coordinator: time
02:00:07 [[32minfo[39m]  GameDataExpander configured (manifest path enabled)
02:00:07 [[32minfo[39m]  DedupService configured (dispatch log persistence enabled)
02:00:07 [[32minfo[39m]  Agent system initialized: 10 AgentRuntime instances created
鉁?Agent system initialized with 10 agents
鈿狅笍 YAML Agent system skipped: __vi_import_5__.initializeYamlAgentSystem is not a function
02:00:07 [[32minfo[39m]  Agent routes initialized
02:00:07 [[32minfo[39m]  Save routes initialized
02:00:07 [[32minfo[39m]  Synced template from YAML to DB: cthulhu-investigation
02:00:07 [[32minfo[39m]  Synced template from YAML to DB: cyberpunk-mercenary
02:00:08 [[32minfo[39m]  Synced template from YAML to DB: medieval-fantasy
02:00:08 [[32minfo[39m]  Synced template from YAML to DB: modern-romance
02:00:08 [[32minfo[39m]  Synced template from YAML to DB: xianxia
02:00:08 [[32minfo[39m]  Synced 5 templates from YAML to database
02:00:09 [[32minfo[39m]  Cache refreshed with 5 templates
02:00:09 [[32minfo[39m]  TemplateService loaded {"cachedTemplates":5}
鉁?Template YAML loaded and synced to DB
02:00:09 [[32minfo[39m]  Template routes initialized
鉁?Test environment setup complete
鉁?Database connection closed

 [32m鉁?[39m src/services/__tests__/dev-trace-collector-runtime-event.test.ts [2m ([22m[2m14 tests[22m[2m)[22m[33m 4525[2mms[22m[39m
[90mstdout[2m | src/services/__tests__/shadow-state-write-after-insert.test.ts[22m[39m
006: created entity_awareness_events table
006: created entity_awareness_states table
006: created entity_relationship_events table
006: created entity_relationship_states table
Migration 006_awareness_relationship_events_states.ts completed successfully
Running migration: 007_add_combat_mode.ts

[90mstdout[2m | src/services/__tests__/shadow-state-write-after-insert.test.ts[22m[39m
007: added combat_states.mode column
Migration 007_add_combat_mode.ts completed successfully
Running migration: 008_add_saves_active_challenge_mode.ts

[90mstdout[2m | src/agents/__tests__/progress-hook.test.ts[2m > [22m[2mreport_progress Hook[2m > [22m[2mWS 骞挎挱澶辫触鏃朵笉搴旀姏鍑哄紓甯?[22m[39m
02:00:09 [[33mwarn[39m]  report_progress WS broadcast failed {"error":{},"clientId":"client-test-123","phase":"task_start"}

[90mstdout[2m | src/agents/__tests__/progress-hook.test.ts[22m[39m
02:00:09 [[32minfo[39m]  Help registry loaded: 22 tools {"tools":["batch_query_service","challenge_service","... (22 items)"]}
02:00:09 [[32minfo[39m]  Creating GameMasterAgent (as AgentRuntime with isSubAgent=false)
02:00:09 [[32minfo[39m]  Handler subscribed {"eventType":"dialogue"}
02:00:09 [[32minfo[39m]  Handler subscribed {"eventType":"combat_end"}
02:00:09 [[32minfo[39m]  AwarenessAutoSubscriber subscribed to dialogue + combat_end events
02:00:09 [[32minfo[39m]  Agent initialized: gamemaster - GameMasterAgent
02:00:09 [[32minfo[39m] [AGENT-START] Agent gamemaster starting {"agent":"gamemaster","provider":null,"toolsConfigured":1,"maxIterations":200,"isSubAgent":false}
02:00:09 [[32minfo[39m]  Handler subscribed {"eventType":"chapter_advanced"}
02:00:09 [[32minfo[39m]  Creating AgentRuntime instances from default profile: fantasy_rpg
02:00:09 [[32minfo[39m]  Creating agents from profile: fantasy_rpg {"agentCount":10}
02:00:09 [[32minfo[39m]  Agent initialized: gamemaster - GameMasterAgent
02:00:09 [[32minfo[39m] [AGENT-START] Agent gamemaster starting {"agent":"gamemaster","provider":null,"toolsConfigured":1,"maxIterations":200,"isSubAgent":false}
02:00:09 [[32minfo[39m]  Created AgentRuntime: gamemaster {"profile":"fantasy_rpg","tools":["all"]}
02:00:09 [[32minfo[39m]  Agent initialized: map - MapAgent
02:00:09 [[32minfo[39m] [AGENT-START] Agent map starting {"agent":"map","provider":null,"toolsConfigured":7,"maxIterations":200,"isSubAgent":true}
02:00:09 [[32minfo[39m]  Created AgentRuntime: map {"profile":"fantasy_rpg","tools":["map_service","npc_service","... (7 items)"]}
02:00:09 [[32minfo[39m]  Agent initialized: challenge - ChallengeAgent
02:00:09 [[32minfo[39m] [AGENT-START] Agent challenge starting {"agent":"challenge","provider":null,"toolsConfigured":9,"maxIterations":200,"isSubAgent":true}
02:00:09 [[32minfo[39m]  Created AgentRuntime: challenge {"profile":"fantasy_rpg","tools":["challenge_service","numerical_service","... (9 items)"]}
02:00:09 [[32minfo[39m]  Agent initialized: output - OutputAgent
02:00:09 [[32minfo[39m] [AGENT-START] Agent output starting {"agent":"output","provider":null,"toolsConfigured":5,"maxIterations":200,"isSubAgent":true}
02:00:09 [[32minfo[39m]  Created AgentRuntime: output {"profile":"fantasy_rpg","tools":["dialogue_service","dynamic_ui","... (5 items)"]}
02:00:09 [[32minfo[39m]  Agent initialized: quest - QuestAgent
02:00:09 [[32minfo[39m] [AGENT-START] Agent quest starting {"agent":"quest","provider":null,"toolsConfigured":11,"maxIterations":200,"isSubAgent":true}
02:00:09 [[32minfo[39m]  Created AgentRuntime: quest {"profile":"fantasy_rpg","tools":["quest_service","numerical_service","... (11 items)"]}
02:00:09 [[32minfo[39m]  Agent initialized: npc_party - NPCPartyAgent
02:00:09 [[32minfo[39m] [AGENT-START] Agent npc_party starting {"agent":"npc_party","provider":null,"toolsConfigured":9,"maxIterations":200,"isSubAgent":true}
02:00:09 [[32minfo[39m]  Created AgentRuntime: npc_party {"profile":"fantasy_rpg","tools":["npc_service","entity_graph_service","... (9 items)"]}
02:00:09 [[32minfo[39m]  Agent initialized: inventory - InventoryAgent
02:00:09 [[32minfo[39m] [AGENT-START] Agent inventory starting {"agent":"inventory","provider":null,"toolsConfigured":8,"maxIterations":200,"isSubAgent":true}
02:00:09 [[32minfo[39m]  Created AgentRuntime: inventory {"profile":"fantasy_rpg","tools":["inventory_service","template_pool_service","... (8 items)"]}
02:00:09 [[32minfo[39m]  Agent initialized: skill - SkillAgent
02:00:09 [[32minfo[39m] [AGENT-START] Agent skill starting {"agent":"skill","provider":null,"toolsConfigured":7,"maxIterations":200,"isSubAgent":true}
02:00:09 [[32minfo[39m]  Created AgentRuntime: skill {"profile":"fantasy_rpg","tools":["skill_service","template_pool_service","... (7 items)"]}
02:00:09 [[32minfo[39m]  Agent initialized: event - EventAgent
02:00:09 [[32minfo[39m] [AGENT-START] Agent event starting {"agent":"event","provider":null,"toolsConfigured":5,"maxIterations":200,"isSubAgent":true}
02:00:09 [[32minfo[39m]  Created AgentRuntime: event {"profile":"fantasy_rpg","tools":["event_service","game_time_service","... (5 items)"]}
02:00:09 [[32minfo[39m]  Agent initialized: time - TimeAgent
02:00:09 [[32minfo[39m] [AGENT-START] Agent time starting {"agent":"time","provider":null,"toolsConfigured":4,"maxIterations":200,"isSubAgent":true}
02:00:09 [[32minfo[39m]  Created AgentRuntime: time {"profile":"fantasy_rpg","tools":["game_time_service","rule_service","... (4 items)"]}
02:00:09 [[32minfo[39m]  Permissions configured from agent.tools for profile: fantasy_rpg
02:00:09 [[32minfo[39m]  YAML permissions configured
02:00:09 [[32minfo[39m]  Registering AgentRuntime instances to GameMasterAgent...
02:00:09 [[32minfo[39m]  Registered AgentRuntime to Coordinator: gamemaster
02:00:09 [[32minfo[39m]  Registered AgentRuntime to Coordinator: map
02:00:09 [[32minfo[39m]  Registered AgentRuntime to Coordinator: challenge
02:00:09 [[32minfo[39m]  Registered AgentRuntime to Coordinator: output
02:00:09 [[32minfo[39m]  Registered AgentRuntime to Coordinator: quest
02:00:09 [[32minfo[39m]  Registered AgentRuntime to Coordinator: npc_party
02:00:09 [[32minfo[39m]  Registered AgentRuntime to Coordinator: inventory
02:00:09 [[32minfo[39m]  Registered AgentRuntime to Coordinator: skill
02:00:09 [[32minfo[39m]  Registered AgentRuntime to Coordinator: event
02:00:09 [[32minfo[39m]  Registered AgentRuntime to Coordinator: time
02:00:09 [[32minfo[39m]  GameDataExpander configured (manifest path enabled)
02:00:09 [[32minfo[39m]  DedupService configured (dispatch log persistence enabled)
02:00:09 [[32minfo[39m]  Agent system initialized: 10 AgentRuntime instances created
鉁?Agent system initialized with 10 agents
鈿狅笍 YAML Agent system skipped: __vi_import_5__.initializeYamlAgentSystem is not a function
02:00:09 [[32minfo[39m]  Agent routes initialized
02:00:09 [[32minfo[39m]  Save routes initialized
02:00:09 [[32minfo[39m]  Synced template from YAML to DB: cthulhu-investigation
02:00:09 [[32minfo[39m]  Synced template from YAML to DB: cyberpunk-mercenary
02:00:09 [[32minfo[39m]  Synced template from YAML to DB: medieval-fantasy
02:00:09 [[32minfo[39m]  Synced template from YAML to DB: modern-romance
02:00:09 [[32minfo[39m]  Synced template from YAML to DB: xianxia
02:00:09 [[32minfo[39m]  Synced 5 templates from YAML to database
02:00:09 [[32minfo[39m]  Cache refreshed with 5 templates
02:00:09 [[32minfo[39m]  TemplateService loaded {"cachedTemplates":5}
鉁?Template YAML loaded and synced to DB
02:00:09 [[32minfo[39m]  Template routes initialized
鉁?Test environment setup complete
鉁?Database connection closed

 [32m鉁?[39m src/agents/__tests__/progress-hook.test.ts [2m ([22m[2m7 tests[22m[2m)[22m[33m 1040[2mms[22m[39m
[90mstdout[2m | src/game-systems/story/__tests__/StoryEventRepository.test.ts[22m[39m
02:00:08 [[32minfo[39m]  Help registry loaded: 22 tools {"tools":["batch_query_service","challenge_service","... (22 items)"]}
02:00:08 [[32minfo[39m]  Creating GameMasterAgent (as AgentRuntime with isSubAgent=false)
02:00:08 [[32minfo[39m]  Handler subscribed {"eventType":"dialogue"}
02:00:08 [[32minfo[39m]  Handler subscribed {"eventType":"combat_end"}
02:00:08 [[32minfo[39m]  AwarenessAutoSubscriber subscribed to dialogue + combat_end events
02:00:08 [[32minfo[39m]  Agent initialized: gamemaster - GameMasterAgent
02:00:08 [[32minfo[39m] [AGENT-START] Agent gamemaster starting {"agent":"gamemaster","provider":null,"toolsConfigured":1,"maxIterations":200,"isSubAgent":false}
02:00:08 [[32minfo[39m]  Handler subscribed {"eventType":"chapter_advanced"}
02:00:08 [[32minfo[39m]  Creating AgentRuntime instances from default profile: fantasy_rpg
02:00:08 [[32minfo[39m]  Creating agents from profile: fantasy_rpg {"agentCount":10}
02:00:08 [[32minfo[39m]  Agent initialized: gamemaster - GameMasterAgent
02:00:08 [[32minfo[39m] [AGENT-START] Agent gamemaster starting {"agent":"gamemaster","provider":null,"toolsConfigured":1,"maxIterations":200,"isSubAgent":false}
02:00:08 [[32minfo[39m]  Created AgentRuntime: gamemaster {"profile":"fantasy_rpg","tools":["all"]}
02:00:08 [[32minfo[39m]  Agent initialized: map - MapAgent
02:00:08 [[32minfo[39m] [AGENT-START] Agent map starting {"agent":"map","provider":null,"toolsConfigured":7,"maxIterations":200,"isSubAgent":true}
02:00:08 [[32minfo[39m]  Created AgentRuntime: map {"profile":"fantasy_rpg","tools":["map_service","npc_service","... (7 items)"]}
02:00:08 [[32minfo[39m]  Agent initialized: challenge - ChallengeAgent
02:00:08 [[32minfo[39m] [AGENT-START] Agent challenge starting {"agent":"challenge","provider":null,"toolsConfigured":9,"maxIterations":200,"isSubAgent":true}
02:00:08 [[32minfo[39m]  Created AgentRuntime: challenge {"profile":"fantasy_rpg","tools":["challenge_service","numerical_service","... (9 items)"]}
02:00:08 [[32minfo[39m]  Agent initialized: output - OutputAgent
02:00:08 [[32minfo[39m] [AGENT-START] Agent output starting {"agent":"output","provider":null,"toolsConfigured":5,"maxIterations":200,"isSubAgent":true}
02:00:08 [[32minfo[39m]  Created AgentRuntime: output {"profile":"fantasy_rpg","tools":["dialogue_service","dynamic_ui","... (5 items)"]}
02:00:08 [[32minfo[39m]  Agent initialized: quest - QuestAgent
02:00:08 [[32minfo[39m] [AGENT-START] Agent quest starting {"agent":"quest","provider":null,"toolsConfigured":11,"maxIterations":200,"isSubAgent":true}
02:00:08 [[32minfo[39m]  Created AgentRuntime: quest {"profile":"fantasy_rpg","tools":["quest_service","numerical_service","... (11 items)"]}
02:00:08 [[32minfo[39m]  Agent initialized: npc_party - NPCPartyAgent
02:00:08 [[32minfo[39m] [AGENT-START] Agent npc_party starting {"agent":"npc_party","provider":null,"toolsConfigured":9,"maxIterations":200,"isSubAgent":true}
02:00:08 [[32minfo[39m]  Created AgentRuntime: npc_party {"profile":"fantasy_rpg","tools":["npc_service","entity_graph_service","... (9 items)"]}
02:00:08 [[32minfo[39m]  Agent initialized: inventory - InventoryAgent
02:00:08 [[32minfo[39m] [AGENT-START] Agent inventory starting {"agent":"inventory","provider":null,"toolsConfigured":8,"maxIterations":200,"isSubAgent":true}
02:00:08 [[32minfo[39m]  Created AgentRuntime: inventory {"profile":"fantasy_rpg","tools":["inventory_service","template_pool_service","... (8 items)"]}
02:00:08 [[32minfo[39m]  Agent initialized: skill - SkillAgent
02:00:08 [[32minfo[39m] [AGENT-START] Agent skill starting {"agent":"skill","provider":null,"toolsConfigured":7,"maxIterations":200,"isSubAgent":true}
02:00:08 [[32minfo[39m]  Created AgentRuntime: skill {"profile":"fantasy_rpg","tools":["skill_service","template_pool_service","... (7 items)"]}
02:00:08 [[32minfo[39m]  Agent initialized: event - EventAgent
02:00:08 [[32minfo[39m] [AGENT-START] Agent event starting {"agent":"event","provider":null,"toolsConfigured":5,"maxIterations":200,"isSubAgent":true}
02:00:08 [[32minfo[39m]  Created AgentRuntime: event {"profile":"fantasy_rpg","tools":["event_service","game_time_service","... (5 items)"]}
02:00:08 [[32minfo[39m]  Agent initialized: time - TimeAgent
02:00:08 [[32minfo[39m] [AGENT-START] Agent time starting {"agent":"time","provider":null,"toolsConfigured":4,"maxIterations":200,"isSubAgent":true}
02:00:08 [[32minfo[39m]  Created AgentRuntime: time {"profile":"fantasy_rpg","tools":["game_time_service","rule_service","... (4 items)"]}
02:00:08 [[32minfo[39m]  Permissions configured from agent.tools for profile: fantasy_rpg
02:00:08 [[32minfo[39m]  YAML permissions configured
02:00:08 [[32minfo[39m]  Registering AgentRuntime instances to GameMasterAgent...
02:00:08 [[32minfo[39m]  Registered AgentRuntime to Coordinator: gamemaster
02:00:08 [[32minfo[39m]  Registered AgentRuntime to Coordinator: map
02:00:08 [[32minfo[39m]  Registered AgentRuntime to Coordinator: challenge
02:00:08 [[32minfo[39m]  Registered AgentRuntime to Coordinator: output
02:00:08 [[32minfo[39m]  Registered AgentRuntime to Coordinator: quest
02:00:08 [[32minfo[39m]  Registered AgentRuntime to Coordinator: npc_party
02:00:08 [[32minfo[39m]  Registered AgentRuntime to Coordinator: inventory
02:00:08 [[32minfo[39m]  Registered AgentRuntime to Coordinator: skill
02:00:08 [[32minfo[39m]  Registered AgentRuntime to Coordinator: event
02:00:08 [[32minfo[39m]  Registered AgentRuntime to Coordinator: time
02:00:08 [[32minfo[39m]  GameDataExpander configured (manifest path enabled)
02:00:08 [[32minfo[39m]  DedupService configured (dispatch log persistence enabled)
02:00:08 [[32minfo[39m]  Agent system initialized: 10 AgentRuntime instances created
鉁?Agent system initialized with 10 agents
鈿狅笍 YAML Agent system skipped: __vi_import_5__.initializeYamlAgentSystem is not a function
02:00:08 [[32minfo[39m]  Agent routes initialized
02:00:08 [[32minfo[39m]  Save routes initialized
02:00:08 [[32minfo[39m]  Synced template from YAML to DB: cthulhu-investigation
02:00:08 [[32minfo[39m]  Synced template from YAML to DB: cyberpunk-mercenary
02:00:09 [[32minfo[39m]  Synced template from YAML to DB: medieval-fantasy
02:00:09 [[32minfo[39m]  Synced template from YAML to DB: modern-romance
02:00:09 [[32minfo[39m]  Synced template from YAML to DB: xianxia
02:00:09 [[32minfo[39m]  Synced 5 templates from YAML to database
02:00:09 [[32minfo[39m]  Cache refreshed with 5 templates
02:00:09 [[32minfo[39m]  TemplateService loaded {"cachedTemplates":5}
鉁?Template YAML loaded and synced to DB
02:00:09 [[32minfo[39m]  Template routes initialized
鉁?Test environment setup complete
鉁?Database connection closed

 [32m鉁?[39m src/game-systems/story/__tests__/StoryEventRepository.test.ts [2m ([22m[2m8 tests[22m[2m)[22m[33m 2698[2mms[22m[39m
[90mstdout[2m | src/game-systems/numerical/__tests__/decay-curve.test.ts[22m[39m
馃И Setting up comprehensive test environment...
鉁?Database connected
Running migration: 001_init.ts

[90mstdout[2m | src/game-systems/inventory/__tests__/consumable-effects-auto-apply.test.ts[2m > [22m[2mconsumable effects 鑷姩搴旂敤[2m > [22m[2mheal effect 鑷姩搴旂敤鍒拌鑹?HP[22m[39m
02:00:09 [[32minfo[39m]  Consumable used {"inventoryId":"item-1","itemName":"娌荤枟鑽按","remaining":2}

[90mstdout[2m | src/game-systems/inventory/__tests__/consumable-effects-auto-apply.test.ts[2m > [22m[2mconsumable effects 鑷姩搴旂敤[2m > [22m[2mbuff effect 涓嶈嚜鍔ㄥ簲鐢?[22m[39m
02:00:09 [[32minfo[39m]  Consumable used {"inventoryId":"item-1","itemName":"娌荤枟鑽按","remaining":2}

[90mstdout[2m | src/game-systems/inventory/__tests__/consumable-effects-auto-apply.test.ts[2m > [22m[2mconsumable effects 鑷姩搴旂敤[2m > [22m[2mmana_restore effect 鑷姩搴旂敤鍒拌鑹?MP[22m[39m
02:00:09 [[32minfo[39m]  Consumable used {"inventoryId":"item-2","itemName":"娉曞姏鑽按","remaining":1}

[90mstdout[2m | src/game-systems/inventory/__tests__/consumable-effects-auto-apply.test.ts[2m > [22m[2mconsumable effects 鑷姩搴旂敤[2m > [22m[2mdamage effect 鑷姩搴旂敤鍒拌鑹?HP锛堣礋鍊硷級[22m[39m
02:00:09 [[32minfo[39m]  Consumable used and depleted {"inventoryId":"item-3","itemName":"姣掕嵂"}

[90mstdout[2m | src/game-systems/inventory/__tests__/consumable-effects-auto-apply.test.ts[2m > [22m[2mconsumable effects 鑷姩搴旂敤[2m > [22m[2mNPC 鎷ユ湁鑰呬篃鑷姩搴旂敤鏁堟灉锛圡11: character 鍜?npc 閮芥敮鎸侊級[22m[39m
02:00:09 [[32minfo[39m]  Consumable used {"inventoryId":"item-4","itemName":"NPC鑽按","remaining":2}

[90mstdout[2m | src/game-systems/inventory/__tests__/consumable-effects-auto-apply.test.ts[2m > [22m[2mconsumable effects 鑷姩搴旂敤[2m > [22m[2mapplyDeterministicEffect 寮傚父鏃朵笉闃诲浣跨敤[22m[39m
02:00:09 [[33mwarn[39m]  Failed to auto-apply effect {"type":"heal","value":20,"error":"Error: DB error"}
02:00:09 [[32minfo[39m]  Consumable used {"inventoryId":"item-1","itemName":"娌荤枟鑽按","remaining":2}

[90mstdout[2m | src/game-systems/inventory/__tests__/consumable-effects-auto-apply.test.ts[22m[39m
02:00:09 [[32minfo[39m]  Help registry loaded: 22 tools {"tools":["batch_query_service","challenge_service","... (22 items)"]}
02:00:09 [[32minfo[39m]  Creating GameMasterAgent (as AgentRuntime with isSubAgent=false)
02:00:09 [[32minfo[39m]  Handler subscribed {"eventType":"dialogue"}
02:00:09 [[32minfo[39m]  Handler subscribed {"eventType":"combat_end"}
02:00:09 [[32minfo[39m]  AwarenessAutoSubscriber subscribed to dialogue + combat_end events
02:00:09 [[32minfo[39m]  Agent initialized: gamemaster - GameMasterAgent
02:00:09 [[32minfo[39m] [AGENT-START] Agent gamemaster starting {"agent":"gamemaster","provider":null,"toolsConfigured":1,"maxIterations":200,"isSubAgent":false}
02:00:09 [[32minfo[39m]  Handler subscribed {"eventType":"chapter_advanced"}
02:00:09 [[32minfo[39m]  Creating AgentRuntime instances from default profile: fantasy_rpg
02:00:09 [[32minfo[39m]  Creating agents from profile: fantasy_rpg {"agentCount":10}
02:00:09 [[32minfo[39m]  Agent initialized: gamemaster - GameMasterAgent
02:00:09 [[32minfo[39m] [AGENT-START] Agent gamemaster starting {"agent":"gamemaster","provider":null,"toolsConfigured":1,"maxIterations":200,"isSubAgent":false}
02:00:09 [[32minfo[39m]  Created AgentRuntime: gamemaster {"profile":"fantasy_rpg","tools":["all"]}
02:00:09 [[32minfo[39m]  Agent initialized: map - MapAgent
02:00:09 [[32minfo[39m] [AGENT-START] Agent map starting {"agent":"map","provider":null,"toolsConfigured":7,"maxIterations":200,"isSubAgent":true}
02:00:09 [[32minfo[39m]  Created AgentRuntime: map {"profile":"fantasy_rpg","tools":["map_service","npc_service","... (7 items)"]}
02:00:09 [[32minfo[39m]  Agent initialized: challenge - ChallengeAgent
02:00:09 [[32minfo[39m] [AGENT-START] Agent challenge starting {"agent":"challenge","provider":null,"toolsConfigured":9,"maxIterations":200,"isSubAgent":true}
02:00:09 [[32minfo[39m]  Created AgentRuntime: challenge {"profile":"fantasy_rpg","tools":["challenge_service","numerical_service","... (9 items)"]}
02:00:09 [[32minfo[39m]  Agent initialized: output - OutputAgent
02:00:09 [[32minfo[39m] [AGENT-START] Agent output starting {"agent":"output","provider":null,"toolsConfigured":5,"maxIterations":200,"isSubAgent":true}
02:00:09 [[32minfo[39m]  Created AgentRuntime: output {"profile":"fantasy_rpg","tools":["dialogue_service","dynamic_ui","... (5 items)"]}
02:00:09 [[32minfo[39m]  Agent initialized: quest - QuestAgent
02:00:09 [[32minfo[39m] [AGENT-START] Agent quest starting {"agent":"quest","provider":null,"toolsConfigured":11,"maxIterations":200,"isSubAgent":true}
02:00:09 [[32minfo[39m]  Created AgentRuntime: quest {"profile":"fantasy_rpg","tools":["quest_service","numerical_service","... (11 items)"]}
02:00:09 [[32minfo[39m]  Agent initialized: npc_party - NPCPartyAgent
02:00:09 [[32minfo[39m] [AGENT-START] Agent npc_party starting {"agent":"npc_party","provider":null,"toolsConfigured":9,"maxIterations":200,"isSubAgent":true}
02:00:09 [[32minfo[39m]  Created AgentRuntime: npc_party {"profile":"fantasy_rpg","tools":["npc_service","entity_graph_service","... (9 items)"]}
02:00:09 [[32minfo[39m]  Agent initialized: inventory - InventoryAgent
02:00:09 [[32minfo[39m] [AGENT-START] Agent inventory starting {"agent":"inventory","provider":null,"toolsConfigured":8,"maxIterations":200,"isSubAgent":true}
02:00:09 [[32minfo[39m]  Created AgentRuntime: inventory {"profile":"fantasy_rpg","tools":["inventory_service","template_pool_service","... (8 items)"]}
02:00:09 [[32minfo[39m]  Agent initialized: skill - SkillAgent
02:00:09 [[32minfo[39m] [AGENT-START] Agent skill starting {"agent":"skill","provider":null,"toolsConfigured":7,"maxIterations":200,"isSubAgent":true}
02:00:09 [[32minfo[39m]  Created AgentRuntime: skill {"profile":"fantasy_rpg","tools":["skill_service","template_pool_service","... (7 items)"]}
02:00:09 [[32minfo[39m]  Agent initialized: event - EventAgent
02:00:09 [[32minfo[39m] [AGENT-START] Agent event starting {"agent":"event","provider":null,"toolsConfigured":5,"maxIterations":200,"isSubAgent":true}
02:00:09 [[32minfo[39m]  Created AgentRuntime: event {"profile":"fantasy_rpg","tools":["event_service","game_time_service","... (5 items)"]}
02:00:09 [[32minfo[39m]  Agent initialized: time - TimeAgent
02:00:09 [[32minfo[39m] [AGENT-START] Agent time starting {"agent":"time","provider":null,"toolsConfigured":4,"maxIterations":200,"isSubAgent":true}
02:00:09 [[32minfo[39m]  Created AgentRuntime: time {"profile":"fantasy_rpg","tools":["game_time_service","rule_service","... (4 items)"]}
02:00:09 [[32minfo[39m]  Permissions configured from agent.tools for profile: fantasy_rpg
02:00:09 [[32minfo[39m]  YAML permissions configured
02:00:09 [[32minfo[39m]  Registering AgentRuntime instances to GameMasterAgent...
02:00:09 [[32minfo[39m]  Registered AgentRuntime to Coordinator: gamemaster
02:00:09 [[32minfo[39m]  Registered AgentRuntime to Coordinator: map
02:00:09 [[32minfo[39m]  Registered AgentRuntime to Coordinator: challenge
02:00:09 [[32minfo[39m]  Registered AgentRuntime to Coordinator: output
02:00:09 [[32minfo[39m]  Registered AgentRuntime to Coordinator: quest
02:00:09 [[32minfo[39m]  Registered AgentRuntime to Coordinator: npc_party
02:00:09 [[32minfo[39m]  Registered AgentRuntime to Coordinator: inventory
02:00:09 [[32minfo[39m]  Registered AgentRuntime to Coordinator: skill
02:00:09 [[32minfo[39m]  Registered AgentRuntime to Coordinator: event
02:00:09 [[32minfo[39m]  Registered AgentRuntime to Coordinator: time
02:00:09 [[32minfo[39m]  GameDataExpander configured (manifest path enabled)
02:00:09 [[32minfo[39m]  DedupService configured (dispatch log persistence enabled)
02:00:09 [[32minfo[39m]  Agent system initialized: 10 AgentRuntime instances created
鉁?Agent system initialized with 10 agents
鈿狅笍 YAML Agent system skipped: __vi_import_5__.initializeYamlAgentSystem is not a function
02:00:09 [[32minfo[39m]  Agent routes initialized
02:00:09 [[32minfo[39m]  Save routes initialized
02:00:09 [[32minfo[39m]  Synced template from YAML to DB: cthulhu-investigation
02:00:09 [[32minfo[39m]  Synced template from YAML to DB: cyberpunk-mercenary
02:00:09 [[32minfo[39m]  Synced template from YAML to DB: medieval-fantasy
02:00:09 [[32minfo[39m]  Synced template from YAML to DB: modern-romance
02:00:09 [[32minfo[39m]  Synced template from YAML to DB: xianxia
02:00:09 [[32minfo[39m]  Synced 5 templates from YAML to database
02:00:09 [[32minfo[39m]  Cache refreshed with 5 templates
02:00:09 [[32minfo[39m]  TemplateService loaded {"cachedTemplates":5}
鉁?Template YAML loaded and synced to DB
02:00:09 [[32minfo[39m]  Template routes initialized
鉁?Test environment setup complete
鉁?Database connection closed

 [32m鉁?[39m src/game-systems/inventory/__tests__/consumable-effects-auto-apply.test.ts [2m ([22m[2m6 tests[22m[2m)[22m[33m 1377[2mms[22m[39m
[90mstdout[2m | src/services/__tests__/shadow-state-write-after-insert.test.ts[22m[39m
008: added saves.active_challenge_mode column
Migration 008_add_saves_active_challenge_mode.ts completed successfully
All migrations completed
鉁?Migrations completed
All seeds completed
鉁?Seeds completed
02:00:09 [[32minfo[39m]  Starting YAML-driven Agent system initialization
02:00:09 [[32minfo[39m]  Seeding ModelConfigService from environment
02:00:09 [[32minfo[39m]  No DEEPSEEK_API_KEY env var found, skipping env seed
02:00:09 [[32minfo[39m]  Seeded provider from convict config {"providerType":"openai","providerId":"80b24291-5f0a-4bd7-b5f8-e7e185925b00","model":"openrouter/free"}
02:00:09 [[32minfo[39m]  Creating LLMService with ModelConfigService
02:00:09 [[32minfo[39m]  Creating ContextService and DecisionLogService instances
02:00:09 [[32minfo[39m]  Initializing YAML-driven Agent profiles...
02:00:09 [[32minfo[39m]  Loading config from directory: C:\Users\super\Documents\trae_projects\AGG-main\packages\backend\config
02:00:09 [[32minfo[39m]  Loaded agent profile: fantasy_rpg
02:00:09 [[32minfo[39m]  Loaded agent profile: minimal_test
02:00:09 [[32minfo[39m]  Loaded 0 non-builtin profiles from database (0 builtin skipped, using YAML)
02:00:09 [[32minfo[39m]  Config loaded successfully: 2 profiles
02:00:09 [[32minfo[39m]  YAML config loaded successfully
02:00:09 [[32minfo[39m]  Context rules loaded {"agentCount":10}
02:00:09 [[32minfo[39m]  Default manifests loaded {"agentTypeCount":6,"manifestCount":8}
02:00:09 [[32minfo[39m]  Context rules file watcher started {"path":"C:\\Users\\super\\Documents\\trae_projects\\AGG-main\\packages\\backend\\config\\agent-context-rules.yaml"}
02:00:10 [[32minfo[39m]  Loaded 10 agent capabilities from YAML profiles
02:00:10 [[32minfo[39m]  ToolRegistry initialized
02:00:10 [[32minfo[39m]  Registering ServiceTools to ToolRegistry
02:00:10 [[32minfo[39m]  Tool registered: game_time_service - GameTime Service (v1.0.0)
02:00:10 [[32minfo[39m]  Tool registered: numerical_service - Numerical Service (v1.0.0)
02:00:10 [[32minfo[39m]  Tool registered: character_service - Character Service (v1.0.0)
02:00:10 [[32minfo[39m]  Tool registered: inventory_service - Inventory Service (v1.0.0)
02:00:10 [[32minfo[39m]  Tool registered: skill_service - Skill Service (v1.1.0)
02:00:10 [[32minfo[39m]  Tool registered: map_service - Map Service (v2.0.0)
02:00:10 [[32minfo[39m]  Tool registered: npc_service - NPC Service (v1.0.0)
02:00:10 [[32minfo[39m]  Tool registered: dialogue_service - Dialogue Service (v1.0.0)
02:00:10 [[32minfo[39m]  Tool registered: quest_service - Quest Service (v1.0.0)
02:00:10 [[32minfo[39m]  Tool registered: challenge_service - Challenge Service (v1.0.0)
02:00:10 [[32minfo[39m]  Tool registered: event_service - Event Service (v1.0.0)
02:00:10 [[32minfo[39m]  Tool registered: story_service - Story Service (v1.0.0)
02:00:10 [[32minfo[39m]  Tool registered: game_init_service - Game Init Service (v2.0.0)
02:00:10 [[32minfo[39m]  Tool registered: batch_query_service - Batch Query Service (v1.0.0)
02:00:10 [[32minfo[39m]  Tool registered: entity_graph_service - Entity Graph Service (v1.0.0)
02:00:10 [[32minfo[39m]  Tool registered: template_pool_service - Template Pool Service (v1.0.0)
02:00:10 [[32minfo[39m]  Tool registered: dynamic_ui - Dynamic UI Service (v1.0.0)
02:00:10 [[32minfo[39m]  Tool registered: generate_options - Generate Options Service (v2.0.0)
02:00:10 [[32minfo[39m]  Tool registered: coordinator_service - Coordinator Service (v1.0.0)
02:00:10 [[32minfo[39m]  Tool registered: rule_service - Rule Service (v1.0.0)
02:00:10 [[32minfo[39m]  Tool registered: skill_loader - Skill Loader (v1.0.0)
02:00:10 [[32minfo[39m]  Tool registered: help_service - Help Service (v1.0.0)
02:00:10 [[32minfo[39m]  Tool registered: memory_service - Memory Service (v1.0.0)
02:00:10 [[32minfo[39m]  Registered 23 ServiceTools to ToolRegistry
02:00:10 [[32minfo[39m]  Tool reference validation passed

[90mstdout[2m | src/game-systems/shared/mode-router/__tests__/mode-router.test.ts[22m[39m
02:00:09 [[32minfo[39m]  Help registry loaded: 22 tools {"tools":["batch_query_service","challenge_service","... (22 items)"]}
02:00:09 [[32minfo[39m]  Creating GameMasterAgent (as AgentRuntime with isSubAgent=false)
02:00:09 [[32minfo[39m]  Handler subscribed {"eventType":"dialogue"}
02:00:09 [[32minfo[39m]  Handler subscribed {"eventType":"combat_end"}
02:00:09 [[32minfo[39m]  AwarenessAutoSubscriber subscribed to dialogue + combat_end events
02:00:09 [[32minfo[39m]  Agent initialized: gamemaster - GameMasterAgent
02:00:09 [[32minfo[39m] [AGENT-START] Agent gamemaster starting {"agent":"gamemaster","provider":null,"toolsConfigured":1,"maxIterations":200,"isSubAgent":false}
02:00:09 [[32minfo[39m]  Handler subscribed {"eventType":"chapter_advanced"}
02:00:09 [[32minfo[39m]  Creating AgentRuntime instances from default profile: fantasy_rpg
02:00:09 [[32minfo[39m]  Creating agents from profile: fantasy_rpg {"agentCount":10}
02:00:09 [[32minfo[39m]  Agent initialized: gamemaster - GameMasterAgent
02:00:09 [[32minfo[39m] [AGENT-START] Agent gamemaster starting {"agent":"gamemaster","provider":null,"toolsConfigured":1,"maxIterations":200,"isSubAgent":false}
02:00:09 [[32minfo[39m]  Created AgentRuntime: gamemaster {"profile":"fantasy_rpg","tools":["all"]}
02:00:09 [[32minfo[39m]  Agent initialized: map - MapAgent
02:00:09 [[32minfo[39m] [AGENT-START] Agent map starting {"agent":"map","provider":null,"toolsConfigured":7,"maxIterations":200,"isSubAgent":true}
02:00:09 [[32minfo[39m]  Created AgentRuntime: map {"profile":"fantasy_rpg","tools":["map_service","npc_service","... (7 items)"]}
02:00:09 [[32minfo[39m]  Agent initialized: challenge - ChallengeAgent
02:00:09 [[32minfo[39m] [AGENT-START] Agent challenge starting {"agent":"challenge","provider":null,"toolsConfigured":9,"maxIterations":200,"isSubAgent":true}
02:00:09 [[32minfo[39m]  Created AgentRuntime: challenge {"profile":"fantasy_rpg","tools":["challenge_service","numerical_service","... (9 items)"]}
02:00:09 [[32minfo[39m]  Agent initialized: output - OutputAgent
02:00:09 [[32minfo[39m] [AGENT-START] Agent output starting {"agent":"output","provider":null,"toolsConfigured":5,"maxIterations":200,"isSubAgent":true}
02:00:09 [[32minfo[39m]  Created AgentRuntime: output {"profile":"fantasy_rpg","tools":["dialogue_service","dynamic_ui","... (5 items)"]}
02:00:09 [[32minfo[39m]  Agent initialized: quest - QuestAgent
02:00:09 [[32minfo[39m] [AGENT-START] Agent quest starting {"agent":"quest","provider":null,"toolsConfigured":11,"maxIterations":200,"isSubAgent":true}
02:00:09 [[32minfo[39m]  Created AgentRuntime: quest {"profile":"fantasy_rpg","tools":["quest_service","numerical_service","... (11 items)"]}
02:00:09 [[32minfo[39m]  Agent initialized: npc_party - NPCPartyAgent
02:00:09 [[32minfo[39m] [AGENT-START] Agent npc_party starting {"agent":"npc_party","provider":null,"toolsConfigured":9,"maxIterations":200,"isSubAgent":true}
02:00:09 [[32minfo[39m]  Created AgentRuntime: npc_party {"profile":"fantasy_rpg","tools":["npc_service","entity_graph_service","... (9 items)"]}
02:00:09 [[32minfo[39m]  Agent initialized: inventory - InventoryAgent
02:00:09 [[32minfo[39m] [AGENT-START] Agent inventory starting {"agent":"inventory","provider":null,"toolsConfigured":8,"maxIterations":200,"isSubAgent":true}
02:00:09 [[32minfo[39m]  Created AgentRuntime: inventory {"profile":"fantasy_rpg","tools":["inventory_service","template_pool_service","... (8 items)"]}
02:00:09 [[32minfo[39m]  Agent initialized: skill - SkillAgent
02:00:09 [[32minfo[39m] [AGENT-START] Agent skill starting {"agent":"skill","provider":null,"toolsConfigured":7,"maxIterations":200,"isSubAgent":true}
02:00:09 [[32minfo[39m]  Created AgentRuntime: skill {"profile":"fantasy_rpg","tools":["skill_service","template_pool_service","... (7 items)"]}
02:00:09 [[32minfo[39m]  Agent initialized: event - EventAgent
02:00:09 [[32minfo[39m] [AGENT-START] Agent event starting {"agent":"event","provider":null,"toolsConfigured":5,"maxIterations":200,"isSubAgent":true}
02:00:09 [[32minfo[39m]  Created AgentRuntime: event {"profile":"fantasy_rpg","tools":["event_service","game_time_service","... (5 items)"]}
02:00:09 [[32minfo[39m]  Agent initialized: time - TimeAgent
02:00:09 [[32minfo[39m] [AGENT-START] Agent time starting {"agent":"time","provider":null,"toolsConfigured":4,"maxIterations":200,"isSubAgent":true}
02:00:09 [[32minfo[39m]  Created AgentRuntime: time {"profile":"fantasy_rpg","tools":["game_time_service","rule_service","... (4 items)"]}
02:00:09 [[32minfo[39m]  Permissions configured from agent.tools for profile: fantasy_rpg
02:00:09 [[32minfo[39m]  YAML permissions configured
02:00:09 [[32minfo[39m]  Registering AgentRuntime instances to GameMasterAgent...
02:00:09 [[32minfo[39m]  Registered AgentRuntime to Coordinator: gamemaster
02:00:09 [[32minfo[39m]  Registered AgentRuntime to Coordinator: map
02:00:09 [[32minfo[39m]  Registered AgentRuntime to Coordinator: challenge
02:00:09 [[32minfo[39m]  Registered AgentRuntime to Coordinator: output
02:00:09 [[32minfo[39m]  Registered AgentRuntime to Coordinator: quest
02:00:09 [[32minfo[39m]  Registered AgentRuntime to Coordinator: npc_party
02:00:09 [[32minfo[39m]  Registered AgentRuntime to Coordinator: inventory
02:00:09 [[32minfo[39m]  Registered AgentRuntime to Coordinator: skill
02:00:09 [[32minfo[39m]  Registered AgentRuntime to Coordinator: event
02:00:09 [[32minfo[39m]  Registered AgentRuntime to Coordinator: time
02:00:09 [[32minfo[39m]  GameDataExpander configured (manifest path enabled)
02:00:09 [[32minfo[39m]  DedupService configured (dispatch log persistence enabled)
02:00:09 [[32minfo[39m]  Agent system initialized: 10 AgentRuntime instances created
鉁?Agent system initialized with 10 agents
鈿狅笍 YAML Agent system skipped: __vi_import_5__.initializeYamlAgentSystem is not a function
02:00:09 [[32minfo[39m]  Agent routes initialized
02:00:09 [[32minfo[39m]  Save routes initialized
02:00:09 [[32minfo[39m]  Synced template from YAML to DB: cthulhu-investigation
02:00:09 [[32minfo[39m]  Synced template from YAML to DB: cyberpunk-mercenary
02:00:09 [[32minfo[39m]  Synced template from YAML to DB: medieval-fantasy
02:00:09 [[32minfo[39m]  Synced template from YAML to DB: modern-romance
02:00:09 [[32minfo[39m]  Synced template from YAML to DB: xianxia
02:00:09 [[32minfo[39m]  Synced 5 templates from YAML to database
02:00:10 [[32minfo[39m]  Cache refreshed with 5 templates
02:00:10 [[32minfo[39m]  TemplateService loaded {"cachedTemplates":5}
鉁?Template YAML loaded and synced to DB
02:00:10 [[32minfo[39m]  Template routes initialized
鉁?Test environment setup complete
鉁?Database connection closed

 [32m鉁?[39m src/game-systems/shared/mode-router/__tests__/mode-router.test.ts [2m ([22m[2m12 tests[22m[2m)[22m[33m 1607[2mms[22m[39m
[90mstdout[2m | src/services/__tests__/shadow-state-write-after-insert.test.ts[22m[39m
02:00:10 [[32minfo[39m]  Discovered 187 help files {"dir":"C:\\Users\\super\\Documents\\trae_projects\\AGG-main\\packages\\backend\\config\\agent-help"}

[90mstdout[2m | src/game-systems/skill/__tests__/weight-cooldown.test.ts[22m[39m
02:00:09 [[32minfo[39m]  Help registry loaded: 22 tools {"tools":["batch_query_service","challenge_service","... (22 items)"]}
02:00:09 [[32minfo[39m]  Creating GameMasterAgent (as AgentRuntime with isSubAgent=false)
02:00:09 [[32minfo[39m]  Handler subscribed {"eventType":"dialogue"}
02:00:09 [[32minfo[39m]  Handler subscribed {"eventType":"combat_end"}
02:00:09 [[32minfo[39m]  AwarenessAutoSubscriber subscribed to dialogue + combat_end events
02:00:09 [[32minfo[39m]  Agent initialized: gamemaster - GameMasterAgent
02:00:09 [[32minfo[39m] [AGENT-START] Agent gamemaster starting {"agent":"gamemaster","provider":null,"toolsConfigured":1,"maxIterations":200,"isSubAgent":false}
02:00:09 [[32minfo[39m]  Handler subscribed {"eventType":"chapter_advanced"}
02:00:09 [[32minfo[39m]  Creating AgentRuntime instances from default profile: fantasy_rpg
02:00:09 [[32minfo[39m]  Creating agents from profile: fantasy_rpg {"agentCount":10}
02:00:09 [[32minfo[39m]  Agent initialized: gamemaster - GameMasterAgent
02:00:09 [[32minfo[39m] [AGENT-START] Agent gamemaster starting {"agent":"gamemaster","provider":null,"toolsConfigured":1,"maxIterations":200,"isSubAgent":false}
02:00:09 [[32minfo[39m]  Created AgentRuntime: gamemaster {"profile":"fantasy_rpg","tools":["all"]}
02:00:09 [[32minfo[39m]  Agent initialized: map - MapAgent
02:00:09 [[32minfo[39m] [AGENT-START] Agent map starting {"agent":"map","provider":null,"toolsConfigured":7,"maxIterations":200,"isSubAgent":true}
02:00:09 [[32minfo[39m]  Created AgentRuntime: map {"profile":"fantasy_rpg","tools":["map_service","npc_service","... (7 items)"]}
02:00:09 [[32minfo[39m]  Agent initialized: challenge - ChallengeAgent
02:00:09 [[32minfo[39m] [AGENT-START] Agent challenge starting {"agent":"challenge","provider":null,"toolsConfigured":9,"maxIterations":200,"isSubAgent":true}
02:00:09 [[32minfo[39m]  Created AgentRuntime: challenge {"profile":"fantasy_rpg","tools":["challenge_service","numerical_service","... (9 items)"]}
02:00:09 [[32minfo[39m]  Agent initialized: output - OutputAgent
02:00:09 [[32minfo[39m] [AGENT-START] Agent output starting {"agent":"output","provider":null,"toolsConfigured":5,"maxIterations":200,"isSubAgent":true}
02:00:09 [[32minfo[39m]  Created AgentRuntime: output {"profile":"fantasy_rpg","tools":["dialogue_service","dynamic_ui","... (5 items)"]}
02:00:09 [[32minfo[39m]  Agent initialized: quest - QuestAgent
02:00:09 [[32minfo[39m] [AGENT-START] Agent quest starting {"agent":"quest","provider":null,"toolsConfigured":11,"maxIterations":200,"isSubAgent":true}
02:00:09 [[32minfo[39m]  Created AgentRuntime: quest {"profile":"fantasy_rpg","tools":["quest_service","numerical_service","... (11 items)"]}
02:00:09 [[32minfo[39m]  Agent initialized: npc_party - NPCPartyAgent
02:00:09 [[32minfo[39m] [AGENT-START] Agent npc_party starting {"agent":"npc_party","provider":null,"toolsConfigured":9,"maxIterations":200,"isSubAgent":true}
02:00:09 [[32minfo[39m]  Created AgentRuntime: npc_party {"profile":"fantasy_rpg","tools":["npc_service","entity_graph_service","... (9 items)"]}
02:00:09 [[32minfo[39m]  Agent initialized: inventory - InventoryAgent
02:00:09 [[32minfo[39m] [AGENT-START] Agent inventory starting {"agent":"inventory","provider":null,"toolsConfigured":8,"maxIterations":200,"isSubAgent":true}
02:00:09 [[32minfo[39m]  Created AgentRuntime: inventory {"profile":"fantasy_rpg","tools":["inventory_service","template_pool_service","... (8 items)"]}
02:00:09 [[32minfo[39m]  Agent initialized: skill - SkillAgent
02:00:09 [[32minfo[39m] [AGENT-START] Agent skill starting {"agent":"skill","provider":null,"toolsConfigured":7,"maxIterations":200,"isSubAgent":true}
02:00:09 [[32minfo[39m]  Created AgentRuntime: skill {"profile":"fantasy_rpg","tools":["skill_service","template_pool_service","... (7 items)"]}
02:00:09 [[32minfo[39m]  Agent initialized: event - EventAgent
02:00:09 [[32minfo[39m] [AGENT-START] Agent event starting {"agent":"event","provider":null,"toolsConfigured":5,"maxIterations":200,"isSubAgent":true}
02:00:09 [[32minfo[39m]  Created AgentRuntime: event {"profile":"fantasy_rpg","tools":["event_service","game_time_service","... (5 items)"]}
02:00:09 [[32minfo[39m]  Agent initialized: time - TimeAgent
02:00:09 [[32minfo[39m] [AGENT-START] Agent time starting {"agent":"time","provider":null,"toolsConfigured":4,"maxIterations":200,"isSubAgent":true}
02:00:09 [[32minfo[39m]  Created AgentRuntime: time {"profile":"fantasy_rpg","tools":["game_time_service","rule_service","... (4 items)"]}
02:00:09 [[32minfo[39m]  Permissions configured from agent.tools for profile: fantasy_rpg
02:00:09 [[32minfo[39m]  YAML permissions configured
02:00:09 [[32minfo[39m]  Registering AgentRuntime instances to GameMasterAgent...
02:00:09 [[32minfo[39m]  Registered AgentRuntime to Coordinator: gamemaster
02:00:09 [[32minfo[39m]  Registered AgentRuntime to Coordinator: map
02:00:09 [[32minfo[39m]  Registered AgentRuntime to Coordinator: challenge
02:00:09 [[32minfo[39m]  Registered AgentRuntime to Coordinator: output
02:00:09 [[32minfo[39m]  Registered AgentRuntime to Coordinator: quest
02:00:09 [[32minfo[39m]  Registered AgentRuntime to Coordinator: npc_party
02:00:09 [[32minfo[39m]  Registered AgentRuntime to Coordinator: inventory
02:00:09 [[32minfo[39m]  Registered AgentRuntime to Coordinator: skill
02:00:09 [[32minfo[39m]  Registered AgentRuntime to Coordinator: event
02:00:09 [[32minfo[39m]  Registered AgentRuntime to Coordinator: time
02:00:09 [[32minfo[39m]  GameDataExpander configured (manifest path enabled)
02:00:09 [[32minfo[39m]  DedupService configured (dispatch log persistence enabled)
02:00:09 [[32minfo[39m]  Agent system initialized: 10 AgentRuntime instances created
鉁?Agent system initialized with 10 agents
鈿狅笍 YAML Agent system skipped: __vi_import_5__.initializeYamlAgentSystem is not a function
02:00:09 [[32minfo[39m]  Agent routes initialized
02:00:09 [[32minfo[39m]  Save routes initialized
02:00:09 [[32minfo[39m]  Synced template from YAML to DB: cthulhu-investigation
02:00:09 [[32minfo[39m]  Synced template from YAML to DB: cyberpunk-mercenary
02:00:09 [[32minfo[39m]  Synced template from YAML to DB: medieval-fantasy
02:00:09 [[32minfo[39m]  Synced template from YAML to DB: modern-romance
02:00:09 [[32minfo[39m]  Synced template from YAML to DB: xianxia
02:00:09 [[32minfo[39m]  Synced 5 templates from YAML to database
02:00:10 [[32minfo[39m]  Cache refreshed with 5 templates
02:00:10 [[32minfo[39m]  TemplateService loaded {"cachedTemplates":5}
鉁?Template YAML loaded and synced to DB
02:00:10 [[32minfo[39m]  Template routes initialized
鉁?Test environment setup complete
鉁?Database connection closed

 [32m鉁?[39m src/game-systems/skill/__tests__/weight-cooldown.test.ts [2m ([22m[2m15 tests[22m[2m)[22m[33m 2640[2mms[22m[39m
[90mstdout[2m | src/game-systems/numerical/__tests__/decay-curve.test.ts[22m[39m
Migration 001_init.ts completed successfully
Running migration: 002_add_equipped_index.ts

[90mstdout[2m | src/game-systems/numerical/__tests__/decay-curve.test.ts[22m[39m
Migration 002_add_equipped_index.ts completed successfully
Running migration: 003_fix_information_boundaries_timestamps.ts

[90mstdout[2m | src/game-systems/numerical/__tests__/decay-curve.test.ts[22m[39m
Migration 003_fix_information_boundaries_timestamps.ts completed successfully
Running migration: 004_drop_information_boundaries.ts

[90mstdout[2m | src/game-systems/numerical/__tests__/decay-curve.test.ts[22m[39m
004_drop_information_boundaries: information_boundaries table not found, skipping migration
004_drop_information_boundaries: cleared custom_data.knowledge from 0 NPCs
Migration 004_drop_information_boundaries.ts completed successfully
Running migration: 005_drop_npc_relations.ts

[90mstdout[2m | src/game-systems/numerical/__tests__/decay-curve.test.ts[22m[39m
005_drop_npc_relations: dropped npc_relations table
Migration 005_drop_npc_relations.ts completed successfully
Running migration: 006_awareness_relationship_events_states.ts

[90mstdout[2m | src/agents/__tests__/react-engine-debug-extraction.test.ts[22m[39m
Migration 002_add_equipped_index.ts completed successfully
Running migration: 003_fix_information_boundaries_timestamps.ts
Migration 003_fix_information_boundaries_timestamps.ts completed successfully
Running migration: 004_drop_information_boundaries.ts

[90mstdout[2m | src/agents/__tests__/react-engine-debug-extraction.test.ts[22m[39m
004_drop_information_boundaries: information_boundaries table not found, skipping migration
004_drop_information_boundaries: cleared custom_data.knowledge from 0 NPCs
Migration 004_drop_information_boundaries.ts completed successfully
Running migration: 005_drop_npc_relations.ts

[90mstdout[2m | src/agents/__tests__/react-engine-debug-extraction.test.ts[22m[39m
005_drop_npc_relations: dropped npc_relations table
Migration 005_drop_npc_relations.ts completed successfully
Running migration: 006_awareness_relationship_events_states.ts

[90mstdout[2m | src/game-systems/numerical/__tests__/decay-curve.test.ts[22m[39m
006: created entity_awareness_events table
006: created entity_awareness_states table
006: created entity_relationship_events table
006: created entity_relationship_states table
Migration 006_awareness_relationship_events_states.ts completed successfully
Running migration: 007_add_combat_mode.ts
007: added combat_states.mode column
Migration 007_add_combat_mode.ts completed successfully
Running migration: 008_add_saves_active_challenge_mode.ts
008: added saves.active_challenge_mode column
Migration 008_add_saves_active_challenge_mode.ts completed successfully
All migrations completed
鉁?Migrations completed
All seeds completed
鉁?Seeds completed
02:00:10 [[32minfo[39m]  Starting YAML-driven Agent system initialization
02:00:10 [[32minfo[39m]  Seeding ModelConfigService from environment
02:00:10 [[32minfo[39m]  No DEEPSEEK_API_KEY env var found, skipping env seed
02:00:10 [[32minfo[39m]  Seeded provider from convict config {"providerType":"openai","providerId":"e19dcf2a-c308-4f2d-841b-dc4271a3fbb8","model":"openrouter/free"}
02:00:10 [[32minfo[39m]  Creating LLMService with ModelConfigService
02:00:10 [[32minfo[39m]  Creating ContextService and DecisionLogService instances
02:00:10 [[32minfo[39m]  Initializing YAML-driven Agent profiles...
02:00:10 [[32minfo[39m]  Loading config from directory: C:\Users\super\Documents\trae_projects\AGG-main\packages\backend\config
02:00:10 [[32minfo[39m]  Loaded agent profile: fantasy_rpg
02:00:10 [[32minfo[39m]  Loaded agent profile: minimal_test
02:00:10 [[32minfo[39m]  Loaded 0 non-builtin profiles from database (0 builtin skipped, using YAML)
02:00:10 [[32minfo[39m]  Config loaded successfully: 2 profiles
02:00:10 [[32minfo[39m]  YAML config loaded successfully
02:00:10 [[32minfo[39m]  Context rules loaded {"agentCount":10}
02:00:10 [[32minfo[39m]  Default manifests loaded {"agentTypeCount":6,"manifestCount":8}
02:00:10 [[32minfo[39m]  Context rules file watcher started {"path":"C:\\Users\\super\\Documents\\trae_projects\\AGG-main\\packages\\backend\\config\\agent-context-rules.yaml"}
02:00:10 [[32minfo[39m]  Loaded 10 agent capabilities from YAML profiles
02:00:10 [[32minfo[39m]  ToolRegistry initialized
02:00:10 [[32minfo[39m]  Registering ServiceTools to ToolRegistry
02:00:10 [[32minfo[39m]  Tool registered: game_time_service - GameTime Service (v1.0.0)
02:00:10 [[32minfo[39m]  Tool registered: numerical_service - Numerical Service (v1.0.0)
02:00:10 [[32minfo[39m]  Tool registered: character_service - Character Service (v1.0.0)
02:00:10 [[32minfo[39m]  Tool registered: inventory_service - Inventory Service (v1.0.0)
02:00:10 [[32minfo[39m]  Tool registered: skill_service - Skill Service (v1.1.0)
02:00:10 [[32minfo[39m]  Tool registered: map_service - Map Service (v2.0.0)
02:00:10 [[32minfo[39m]  Tool registered: npc_service - NPC Service (v1.0.0)
02:00:10 [[32minfo[39m]  Tool registered: dialogue_service - Dialogue Service (v1.0.0)
02:00:10 [[32minfo[39m]  Tool registered: quest_service - Quest Service (v1.0.0)
02:00:10 [[32minfo[39m]  Tool registered: challenge_service - Challenge Service (v1.0.0)
02:00:10 [[32minfo[39m]  Tool registered: event_service - Event Service (v1.0.0)
02:00:10 [[32minfo[39m]  Tool registered: story_service - Story Service (v1.0.0)
02:00:10 [[32minfo[39m]  Tool registered: game_init_service - Game Init Service (v2.0.0)
02:00:10 [[32minfo[39m]  Tool registered: batch_query_service - Batch Query Service (v1.0.0)
02:00:10 [[32minfo[39m]  Tool registered: entity_graph_service - Entity Graph Service (v1.0.0)
02:00:10 [[32minfo[39m]  Tool registered: template_pool_service - Template Pool Service (v1.0.0)
02:00:10 [[32minfo[39m]  Tool registered: dynamic_ui - Dynamic UI Service (v1.0.0)
02:00:10 [[32minfo[39m]  Tool registered: generate_options - Generate Options Service (v2.0.0)
02:00:10 [[32minfo[39m]  Tool registered: coordinator_service - Coordinator Service (v1.0.0)
02:00:10 [[32minfo[39m]  Tool registered: rule_service - Rule Service (v1.0.0)
02:00:10 [[32minfo[39m]  Tool registered: skill_loader - Skill Loader (v1.0.0)
02:00:10 [[32minfo[39m]  Tool registered: help_service - Help Service (v1.0.0)
02:00:10 [[32minfo[39m]  Tool registered: memory_service - Memory Service (v1.0.0)
02:00:10 [[32minfo[39m]  Registered 23 ServiceTools to ToolRegistry
02:00:10 [[32minfo[39m]  Tool reference validation passed

[90mstdout[2m | src/agents/__tests__/react-engine-debug-extraction.test.ts[22m[39m
006: created entity_awareness_events table
006: created entity_awareness_states table
006: created entity_relationship_events table
006: created entity_relationship_states table
Migration 006_awareness_relationship_events_states.ts completed successfully
Running migration: 007_add_combat_mode.ts
007: added combat_states.mode column
Migration 007_add_combat_mode.ts completed successfully
Running migration: 008_add_saves_active_challenge_mode.ts

[90mstdout[2m | src/game-systems/numerical/__tests__/decay-curve.test.ts[22m[39m
02:00:10 [[32minfo[39m]  Discovered 187 help files {"dir":"C:\\Users\\super\\Documents\\trae_projects\\AGG-main\\packages\\backend\\config\\agent-help"}

[90mstdout[2m | tests/agent-system/lifecycle.test.ts[2m > [22m[2mAgent Lifecycle and State Management[2m > [22m[2mAgent Status Management[2m > [22m[2mshould return agent status to idle after processing a direct message[22m[39m
02:00:10 [[31merror[39m]  LLM API call failed {"provider":"openai","model":"openrouter/free","method":"chat","error":"429 Rate limit exceeded: free-models-per-day. Add 10 credits to unlock 1000 free model requests per day"}
02:00:10 [[33mwarn[39m]  Chat attempt 2/3 failed {"error":"openai chat: Rate limit exceeded: 429 Rate limit exceeded: free-models-per-day. Add 10 credits to unlock 1000 free model requests per day","provider":"5f23448c-47dc-4128-8ccc-fa16f9550481","model":"openrouter/free","category":"rate_limit","retryable":true,"shouldRetry":true,"delayMs":10171.587587465438}
02:00:10 [[33mwarn[39m]  API key failure reported, switching to next key {"providerId":"5f23448c-47dc-4128-8ccc-fa16f9550481","failedKeyIndex":0,"error":"openai chat: Rate limit exceeded: 429 Rate limit exceeded: free-models-per-day. Add 10 credits to unlock 1000 free model requests per day"}
02:00:11 [[32minfo[39m]  Waiting 10172ms before retry {"attempt":2,"category":"rate_limit","provider":"5f23448c-47dc-4128-8ccc-fa16f9550481","model":"openrouter/free"}

[90mstdout[2m | src/agents/tools/__tests__/coordinator-trace-ids.test.ts[2m > [22m[2mCoordinatorServiceTool 鈥?parentAgentRunId propagation[2m > [22m[2mspawn_agent passes parentAgentRunId to sub-Agent message[22m[39m
02:00:10 [[32minfo[39m]  Agent initialized: event - Event Agent

[90mstdout[2m | src/agents/tools/__tests__/coordinator-trace-ids.test.ts[2m > [22m[2mCoordinatorServiceTool 鈥?parentAgentRunId propagation[2m > [22m[2mbatch_spawn_agents passes parentAgentRunId to each sub-Agent[22m[39m
02:00:11 [[32minfo[39m]  Agent initialized: event - Event Agent
02:00:11 [[32minfo[39m]  Agent initialized: map - Map Agent
02:00:11 [[32minfo[39m]  Executing wave {"wave":1,"agents":["event","map"]}
02:00:11 [[33mwarn[39m]  Wave has rejected sub-agents (continuing batch, not blocking) {"wave":1,"rejectedCount":2,"rejectedAgents":["event","map"]}

[90mstdout[2m | src/agents/tools/__tests__/coordinator-trace-ids.test.ts[2m > [22m[2mCoordinatorServiceTool 鈥?parentAgentRunId propagation[2m > [22m[2mdoes not crash when traceIds is undefined in ToolContext[22m[39m
02:00:11 [[32minfo[39m]  Agent initialized: event - Event Agent

[90mstdout[2m | src/agents/tools/__tests__/coordinator-trace-ids.test.ts[22m[39m
02:00:08 [[32minfo[39m]  Help registry loaded: 22 tools {"tools":["batch_query_service","challenge_service","... (22 items)"]}
02:00:08 [[32minfo[39m]  Creating GameMasterAgent (as AgentRuntime with isSubAgent=false)
02:00:08 [[32minfo[39m]  Handler subscribed {"eventType":"dialogue"}
02:00:08 [[32minfo[39m]  Handler subscribed {"eventType":"combat_end"}
02:00:08 [[32minfo[39m]  AwarenessAutoSubscriber subscribed to dialogue + combat_end events
02:00:08 [[32minfo[39m]  Agent initialized: gamemaster - GameMasterAgent
02:00:08 [[32minfo[39m] [AGENT-START] Agent gamemaster starting {"agent":"gamemaster","provider":null,"toolsConfigured":1,"maxIterations":200,"isSubAgent":false}
02:00:08 [[32minfo[39m]  Handler subscribed {"eventType":"chapter_advanced"}
02:00:08 [[32minfo[39m]  Creating AgentRuntime instances from default profile: fantasy_rpg
02:00:08 [[32minfo[39m]  Creating agents from profile: fantasy_rpg {"agentCount":10}
02:00:08 [[32minfo[39m]  Agent initialized: gamemaster - GameMasterAgent
02:00:08 [[32minfo[39m] [AGENT-START] Agent gamemaster starting {"agent":"gamemaster","provider":null,"toolsConfigured":1,"maxIterations":200,"isSubAgent":false}
02:00:08 [[32minfo[39m]  Created AgentRuntime: gamemaster {"profile":"fantasy_rpg","tools":["all"]}
02:00:08 [[32minfo[39m]  Agent initialized: map - MapAgent
02:00:08 [[32minfo[39m] [AGENT-START] Agent map starting {"agent":"map","provider":null,"toolsConfigured":7,"maxIterations":200,"isSubAgent":true}
02:00:08 [[32minfo[39m]  Created AgentRuntime: map {"profile":"fantasy_rpg","tools":["map_service","npc_service","... (7 items)"]}
02:00:08 [[32minfo[39m]  Agent initialized: challenge - ChallengeAgent
02:00:08 [[32minfo[39m] [AGENT-START] Agent challenge starting {"agent":"challenge","provider":null,"toolsConfigured":9,"maxIterations":200,"isSubAgent":true}
02:00:08 [[32minfo[39m]  Created AgentRuntime: challenge {"profile":"fantasy_rpg","tools":["challenge_service","numerical_service","... (9 items)"]}
02:00:08 [[32minfo[39m]  Agent initialized: output - OutputAgent
02:00:08 [[32minfo[39m] [AGENT-START] Agent output starting {"agent":"output","provider":null,"toolsConfigured":5,"maxIterations":200,"isSubAgent":true}
02:00:08 [[32minfo[39m]  Created AgentRuntime: output {"profile":"fantasy_rpg","tools":["dialogue_service","dynamic_ui","... (5 items)"]}
02:00:08 [[32minfo[39m]  Agent initialized: quest - QuestAgent
02:00:08 [[32minfo[39m] [AGENT-START] Agent quest starting {"agent":"quest","provider":null,"toolsConfigured":11,"maxIterations":200,"isSubAgent":true}
02:00:08 [[32minfo[39m]  Created AgentRuntime: quest {"profile":"fantasy_rpg","tools":["quest_service","numerical_service","... (11 items)"]}
02:00:08 [[32minfo[39m]  Agent initialized: npc_party - NPCPartyAgent
02:00:08 [[32minfo[39m] [AGENT-START] Agent npc_party starting {"agent":"npc_party","provider":null,"toolsConfigured":9,"maxIterations":200,"isSubAgent":true}
02:00:08 [[32minfo[39m]  Created AgentRuntime: npc_party {"profile":"fantasy_rpg","tools":["npc_service","entity_graph_service","... (9 items)"]}
02:00:08 [[32minfo[39m]  Agent initialized: inventory - InventoryAgent
02:00:08 [[32minfo[39m] [AGENT-START] Agent inventory starting {"agent":"inventory","provider":null,"toolsConfigured":8,"maxIterations":200,"isSubAgent":true}
02:00:08 [[32minfo[39m]  Created AgentRuntime: inventory {"profile":"fantasy_rpg","tools":["inventory_service","template_pool_service","... (8 items)"]}
02:00:08 [[32minfo[39m]  Agent initialized: skill - SkillAgent
02:00:08 [[32minfo[39m] [AGENT-START] Agent skill starting {"agent":"skill","provider":null,"toolsConfigured":7,"maxIterations":200,"isSubAgent":true}
02:00:08 [[32minfo[39m]  Created AgentRuntime: skill {"profile":"fantasy_rpg","tools":["skill_service","template_pool_service","... (7 items)"]}
02:00:08 [[32minfo[39m]  Agent initialized: event - EventAgent
02:00:08 [[32minfo[39m] [AGENT-START] Agent event starting {"agent":"event","provider":null,"toolsConfigured":5,"maxIterations":200,"isSubAgent":true}
02:00:08 [[32minfo[39m]  Created AgentRuntime: event {"profile":"fantasy_rpg","tools":["event_service","game_time_service","... (5 items)"]}
02:00:08 [[32minfo[39m]  Agent initialized: time - TimeAgent
02:00:08 [[32minfo[39m] [AGENT-START] Agent time starting {"agent":"time","provider":null,"toolsConfigured":4,"maxIterations":200,"isSubAgent":true}
02:00:08 [[32minfo[39m]  Created AgentRuntime: time {"profile":"fantasy_rpg","tools":["game_time_service","rule_service","... (4 items)"]}
02:00:08 [[32minfo[39m]  Permissions configured from agent.tools for profile: fantasy_rpg
02:00:08 [[32minfo[39m]  YAML permissions configured
02:00:08 [[32minfo[39m]  Registering AgentRuntime instances to GameMasterAgent...
02:00:08 [[32minfo[39m]  Registered AgentRuntime to Coordinator: gamemaster
02:00:08 [[32minfo[39m]  Registered AgentRuntime to Coordinator: map
02:00:08 [[32minfo[39m]  Registered AgentRuntime to Coordinator: challenge
02:00:08 [[32minfo[39m]  Registered AgentRuntime to Coordinator: output
02:00:08 [[32minfo[39m]  Registered AgentRuntime to Coordinator: quest
02:00:08 [[32minfo[39m]  Registered AgentRuntime to Coordinator: npc_party
02:00:08 [[32minfo[39m]  Registered AgentRuntime to Coordinator: inventory
02:00:08 [[32minfo[39m]  Registered AgentRuntime to Coordinator: skill
02:00:08 [[32minfo[39m]  Registered AgentRuntime to Coordinator: event
02:00:08 [[32minfo[39m]  Registered AgentRuntime to Coordinator: time
02:00:08 [[32minfo[39m]  GameDataExpander configured (manifest path enabled)
02:00:08 [[32minfo[39m]  DedupService configured (dispatch log persistence enabled)
02:00:08 [[32minfo[39m]  Agent system initialized: 10 AgentRuntime instances created
鉁?Agent system initialized with 10 agents
鈿狅笍 YAML Agent system skipped: __vi_import_5__.initializeYamlAgentSystem is not a function
02:00:08 [[32minfo[39m]  Agent routes initialized
02:00:08 [[32minfo[39m]  Save routes initialized
02:00:09 [[32minfo[39m]  Synced template from YAML to DB: cthulhu-investigation
02:00:09 [[32minfo[39m]  Synced template from YAML to DB: cyberpunk-mercenary
02:00:09 [[32minfo[39m]  Synced template from YAML to DB: medieval-fantasy
02:00:09 [[32minfo[39m]  Synced template from YAML to DB: modern-romance
02:00:10 [[32minfo[39m]  Synced template from YAML to DB: xianxia
02:00:10 [[32minfo[39m]  Synced 5 templates from YAML to database
02:00:10 [[32minfo[39m]  Cache refreshed with 5 templates
02:00:10 [[32minfo[39m]  TemplateService loaded {"cachedTemplates":5}
鉁?Template YAML loaded and synced to DB
02:00:10 [[32minfo[39m]  Template routes initialized
鉁?Test environment setup complete
鉁?Database connection closed

 [33m鉂?[39m src/agents/tools/__tests__/coordinator-trace-ids.test.ts [2m ([22m[2m3 tests[22m [2m|[22m [31m1 failed[39m[2m)[22m[33m 4006[2mms[22m[39m
[31m   [33m鉂?[31m src/agents/tools/__tests__/coordinator-trace-ids.test.ts[2m > [22mCoordinatorServiceTool 鈥?parentAgentRunId propagation[2m > [22mbatch_spawn_agents passes parentAgentRunId to each sub-Agent[39m
[31m     鈫?expected false to be true // Object.is equality[39m
[90mstdout[2m | src/services/__tests__/panel-update-broadcaster.test.ts[22m[39m
008: added saves.active_challenge_mode column
Migration 008_add_saves_active_challenge_mode.ts completed successfully
All migrations completed
鉁?Migrations completed
All seeds completed
鉁?Seeds completed
02:00:10 [[32minfo[39m]  Starting YAML-driven Agent system initialization
02:00:10 [[32minfo[39m]  Seeding ModelConfigService from environment
02:00:10 [[32minfo[39m]  No DEEPSEEK_API_KEY env var found, skipping env seed
02:00:10 [[32minfo[39m]  Seeded provider from convict config {"providerType":"openai","providerId":"ed7255e5-1d28-4918-ad9f-8a234fe95b57","model":"openrouter/free"}
02:00:10 [[32minfo[39m]  Creating LLMService with ModelConfigService
02:00:10 [[32minfo[39m]  Creating ContextService and DecisionLogService instances
02:00:10 [[32minfo[39m]  Initializing YAML-driven Agent profiles...
02:00:10 [[32minfo[39m]  Loading config from directory: C:\Users\super\Documents\trae_projects\AGG-main\packages\backend\config
02:00:10 [[32minfo[39m]  Loaded agent profile: fantasy_rpg
02:00:10 [[32minfo[39m]  Loaded agent profile: minimal_test
02:00:10 [[32minfo[39m]  Loaded 0 non-builtin profiles from database (0 builtin skipped, using YAML)
02:00:10 [[32minfo[39m]  Config loaded successfully: 2 profiles
02:00:10 [[32minfo[39m]  YAML config loaded successfully
02:00:10 [[32minfo[39m]  Context rules loaded {"agentCount":10}
02:00:10 [[32minfo[39m]  Default manifests loaded {"agentTypeCount":6,"manifestCount":8}
02:00:10 [[32minfo[39m]  Context rules file watcher started {"path":"C:\\Users\\super\\Documents\\trae_projects\\AGG-main\\packages\\backend\\config\\agent-context-rules.yaml"}
02:00:10 [[32minfo[39m]  Loaded 10 agent capabilities from YAML profiles
02:00:10 [[32minfo[39m]  ToolRegistry initialized
02:00:10 [[32minfo[39m]  Registering ServiceTools to ToolRegistry
02:00:11 [[32minfo[39m]  Tool registered: game_time_service - GameTime Service (v1.0.0)
02:00:11 [[32minfo[39m]  Tool registered: numerical_service - Numerical Service (v1.0.0)
02:00:11 [[32minfo[39m]  Tool registered: character_service - Character Service (v1.0.0)
02:00:11 [[32minfo[39m]  Tool registered: inventory_service - Inventory Service (v1.0.0)
02:00:11 [[32minfo[39m]  Tool registered: skill_service - Skill Service (v1.1.0)
02:00:11 [[32minfo[39m]  Tool registered: map_service - Map Service (v2.0.0)
02:00:11 [[32minfo[39m]  Tool registered: npc_service - NPC Service (v1.0.0)
02:00:11 [[32minfo[39m]  Tool registered: dialogue_service - Dialogue Service (v1.0.0)
02:00:11 [[32minfo[39m]  Tool registered: quest_service - Quest Service (v1.0.0)
02:00:11 [[32minfo[39m]  Tool registered: challenge_service - Challenge Service (v1.0.0)
02:00:11 [[32minfo[39m]  Tool registered: event_service - Event Service (v1.0.0)
02:00:11 [[32minfo[39m]  Tool registered: story_service - Story Service (v1.0.0)
02:00:11 [[32minfo[39m]  Tool registered: game_init_service - Game Init Service (v2.0.0)
02:00:11 [[32minfo[39m]  Tool registered: batch_query_service - Batch Query Service (v1.0.0)
02:00:11 [[32minfo[39m]  Tool registered: entity_graph_service - Entity Graph Service (v1.0.0)
02:00:11 [[32minfo[39m]  Tool registered: template_pool_service - Template Pool Service (v1.0.0)
02:00:11 [[32minfo[39m]  Tool registered: dynamic_ui - Dynamic UI Service (v1.0.0)
02:00:11 [[32minfo[39m]  Tool registered: generate_options - Generate Options Service (v2.0.0)
02:00:11 [[32minfo[39m]  Tool registered: coordinator_service - Coordinator Service (v1.0.0)
02:00:11 [[32minfo[39m]  Tool registered: rule_service - Rule Service (v1.0.0)
02:00:11 [[32minfo[39m]  Tool registered: skill_loader - Skill Loader (v1.0.0)
02:00:11 [[32minfo[39m]  Tool registered: help_service - Help Service (v1.0.0)
02:00:11 [[32minfo[39m]  Tool registered: memory_service - Memory Service (v1.0.0)
02:00:11 [[32minfo[39m]  Registered 23 ServiceTools to ToolRegistry
02:00:11 [[32minfo[39m]  Tool reference validation passed

[90mstdout[2m | src/services/__tests__/panel-update-broadcaster.test.ts[22m[39m
02:00:11 [[32minfo[39m]  Discovered 187 help files {"dir":"C:\\Users\\super\\Documents\\trae_projects\\AGG-main\\packages\\backend\\config\\agent-help"}

[90mstdout[2m | src/agents/__tests__/react-engine-debug-extraction.test.ts[22m[39m
008: added saves.active_challenge_mode column
Migration 008_add_saves_active_challenge_mode.ts completed successfully
All migrations completed
鉁?Migrations completed
All seeds completed
鉁?Seeds completed
02:00:10 [[32minfo[39m]  Starting YAML-driven Agent system initialization
02:00:10 [[32minfo[39m]  Seeding ModelConfigService from environment
02:00:10 [[32minfo[39m]  No DEEPSEEK_API_KEY env var found, skipping env seed
02:00:10 [[32minfo[39m]  Seeded provider from convict config {"providerType":"openai","providerId":"dd39ec8b-1afd-4d55-8c40-21b007074676","model":"openrouter/free"}
02:00:10 [[32minfo[39m]  Creating LLMService with ModelConfigService
02:00:11 [[32minfo[39m]  Creating ContextService and DecisionLogService instances
02:00:11 [[32minfo[39m]  Initializing YAML-driven Agent profiles...
02:00:11 [[32minfo[39m]  Loading config from directory: C:\Users\super\Documents\trae_projects\AGG-main\packages\backend\config
02:00:11 [[32minfo[39m]  Loaded agent profile: fantasy_rpg
02:00:11 [[32minfo[39m]  Loaded agent profile: minimal_test
02:00:11 [[32minfo[39m]  Loaded 0 non-builtin profiles from database (0 builtin skipped, using YAML)
02:00:11 [[32minfo[39m]  Config loaded successfully: 2 profiles
02:00:11 [[32minfo[39m]  YAML config loaded successfully
02:00:11 [[32minfo[39m]  Context rules loaded {"agentCount":10}
02:00:11 [[32minfo[39m]  Default manifests loaded {"agentTypeCount":6,"manifestCount":8}
02:00:11 [[32minfo[39m]  Context rules file watcher started {"path":"C:\\Users\\super\\Documents\\trae_projects\\AGG-main\\packages\\backend\\config\\agent-context-rules.yaml"}
02:00:11 [[32minfo[39m]  Loaded 10 agent capabilities from YAML profiles
02:00:11 [[32minfo[39m]  ToolRegistry initialized
02:00:11 [[32minfo[39m]  Registering ServiceTools to ToolRegistry
02:00:11 [[32minfo[39m]  Tool registered: game_time_service - GameTime Service (v1.0.0)
02:00:11 [[32minfo[39m]  Tool registered: numerical_service - Numerical Service (v1.0.0)
02:00:11 [[32minfo[39m]  Tool registered: character_service - Character Service (v1.0.0)
02:00:11 [[32minfo[39m]  Tool registered: inventory_service - Inventory Service (v1.0.0)
02:00:11 [[32minfo[39m]  Tool registered: skill_service - Skill Service (v1.1.0)
02:00:11 [[32minfo[39m]  Tool registered: map_service - Map Service (v2.0.0)
02:00:11 [[32minfo[39m]  Tool registered: npc_service - NPC Service (v1.0.0)
02:00:11 [[32minfo[39m]  Tool registered: dialogue_service - Dialogue Service (v1.0.0)
02:00:11 [[32minfo[39m]  Tool registered: quest_service - Quest Service (v1.0.0)
02:00:11 [[32minfo[39m]  Tool registered: challenge_service - Challenge Service (v1.0.0)
02:00:11 [[32minfo[39m]  Tool registered: event_service - Event Service (v1.0.0)
02:00:11 [[32minfo[39m]  Tool registered: story_service - Story Service (v1.0.0)
02:00:11 [[32minfo[39m]  Tool registered: game_init_service - Game Init Service (v2.0.0)
02:00:11 [[32minfo[39m]  Tool registered: batch_query_service - Batch Query Service (v1.0.0)
02:00:11 [[32minfo[39m]  Tool registered: entity_graph_service - Entity Graph Service (v1.0.0)
02:00:11 [[32minfo[39m]  Tool registered: template_pool_service - Template Pool Service (v1.0.0)
02:00:11 [[32minfo[39m]  Tool registered: dynamic_ui - Dynamic UI Service (v1.0.0)
02:00:11 [[32minfo[39m]  Tool registered: generate_options - Generate Options Service (v2.0.0)
02:00:11 [[32minfo[39m]  Tool registered: coordinator_service - Coordinator Service (v1.0.0)
02:00:11 [[32minfo[39m]  Tool registered: rule_service - Rule Service (v1.0.0)
02:00:11 [[32minfo[39m]  Tool registered: skill_loader - Skill Loader (v1.0.0)
02:00:11 [[32minfo[39m]  Tool registered: help_service - Help Service (v1.0.0)
02:00:11 [[32minfo[39m]  Tool registered: memory_service - Memory Service (v1.0.0)
02:00:11 [[32minfo[39m]  Registered 23 ServiceTools to ToolRegistry
02:00:11 [[32minfo[39m]  Tool reference validation passed

[90mstdout[2m | src/agents/__tests__/yaml-permission-model.test.ts[22m[39m
馃И Setting up comprehensive test environment...
鉁?Database connected
Running migration: 001_init.ts

[90mstdout[2m | src/agents/__tests__/yaml-permission-model.test.ts[22m[39m
Migration 001_init.ts completed successfully
Running migration: 002_add_equipped_index.ts

[90mstdout[2m | src/agents/__tests__/yaml-permission-model.test.ts[22m[39m
Migration 002_add_equipped_index.ts completed successfully
Running migration: 003_fix_information_boundaries_timestamps.ts

[90mstdout[2m | src/agents/__tests__/yaml-permission-model.test.ts[22m[39m
Migration 003_fix_information_boundaries_timestamps.ts completed successfully
Running migration: 004_drop_information_boundaries.ts

[90mstdout[2m | src/services/__tests__/shadow-state-write-after-insert.test.ts[22m[39m
02:00:10 [[32minfo[39m]  Help registry loaded: 22 tools {"tools":["batch_query_service","challenge_service","... (22 items)"]}
02:00:10 [[32minfo[39m]  Creating GameMasterAgent (as AgentRuntime with isSubAgent=false)
02:00:10 [[32minfo[39m]  Handler subscribed {"eventType":"dialogue"}
02:00:10 [[32minfo[39m]  Handler subscribed {"eventType":"combat_end"}
02:00:10 [[32minfo[39m]  AwarenessAutoSubscriber subscribed to dialogue + combat_end events
02:00:10 [[32minfo[39m]  Agent initialized: gamemaster - GameMasterAgent
02:00:10 [[32minfo[39m] [AGENT-START] Agent gamemaster starting {"agent":"gamemaster","provider":null,"toolsConfigured":1,"maxIterations":200,"isSubAgent":false}
02:00:10 [[32minfo[39m]  Handler subscribed {"eventType":"chapter_advanced"}
02:00:10 [[32minfo[39m]  Creating AgentRuntime instances from default profile: fantasy_rpg
02:00:10 [[32minfo[39m]  Creating agents from profile: fantasy_rpg {"agentCount":10}
02:00:10 [[32minfo[39m]  Agent initialized: gamemaster - GameMasterAgent
02:00:10 [[32minfo[39m] [AGENT-START] Agent gamemaster starting {"agent":"gamemaster","provider":null,"toolsConfigured":1,"maxIterations":200,"isSubAgent":false}
02:00:10 [[32minfo[39m]  Created AgentRuntime: gamemaster {"profile":"fantasy_rpg","tools":["all"]}
02:00:10 [[32minfo[39m]  Agent initialized: map - MapAgent
02:00:10 [[32minfo[39m] [AGENT-START] Agent map starting {"agent":"map","provider":null,"toolsConfigured":7,"maxIterations":200,"isSubAgent":true}
02:00:10 [[32minfo[39m]  Created AgentRuntime: map {"profile":"fantasy_rpg","tools":["map_service","npc_service","... (7 items)"]}
02:00:10 [[32minfo[39m]  Agent initialized: challenge - ChallengeAgent
02:00:10 [[32minfo[39m] [AGENT-START] Agent challenge starting {"agent":"challenge","provider":null,"toolsConfigured":9,"maxIterations":200,"isSubAgent":true}
02:00:10 [[32minfo[39m]  Created AgentRuntime: challenge {"profile":"fantasy_rpg","tools":["challenge_service","numerical_service","... (9 items)"]}
02:00:10 [[32minfo[39m]  Agent initialized: output - OutputAgent
02:00:10 [[32minfo[39m] [AGENT-START] Agent output starting {"agent":"output","provider":null,"toolsConfigured":5,"maxIterations":200,"isSubAgent":true}
02:00:10 [[32minfo[39m]  Created AgentRuntime: output {"profile":"fantasy_rpg","tools":["dialogue_service","dynamic_ui","... (5 items)"]}
02:00:10 [[32minfo[39m]  Agent initialized: quest - QuestAgent
02:00:10 [[32minfo[39m] [AGENT-START] Agent quest starting {"agent":"quest","provider":null,"toolsConfigured":11,"maxIterations":200,"isSubAgent":true}
02:00:10 [[32minfo[39m]  Created AgentRuntime: quest {"profile":"fantasy_rpg","tools":["quest_service","numerical_service","... (11 items)"]}
02:00:10 [[32minfo[39m]  Agent initialized: npc_party - NPCPartyAgent
02:00:10 [[32minfo[39m] [AGENT-START] Agent npc_party starting {"agent":"npc_party","provider":null,"toolsConfigured":9,"maxIterations":200,"isSubAgent":true}
02:00:10 [[32minfo[39m]  Created AgentRuntime: npc_party {"profile":"fantasy_rpg","tools":["npc_service","entity_graph_service","... (9 items)"]}
02:00:10 [[32minfo[39m]  Agent initialized: inventory - InventoryAgent
02:00:10 [[32minfo[39m] [AGENT-START] Agent inventory starting {"agent":"inventory","provider":null,"toolsConfigured":8,"maxIterations":200,"isSubAgent":true}
02:00:10 [[32minfo[39m]  Created AgentRuntime: inventory {"profile":"fantasy_rpg","tools":["inventory_service","template_pool_service","... (8 items)"]}
02:00:10 [[32minfo[39m]  Agent initialized: skill - SkillAgent
02:00:10 [[32minfo[39m] [AGENT-START] Agent skill starting {"agent":"skill","provider":null,"toolsConfigured":7,"maxIterations":200,"isSubAgent":true}
02:00:10 [[32minfo[39m]  Created AgentRuntime: skill {"profile":"fantasy_rpg","tools":["skill_service","template_pool_service","... (7 items)"]}
02:00:10 [[32minfo[39m]  Agent initialized: event - EventAgent
02:00:10 [[32minfo[39m] [AGENT-START] Agent event starting {"agent":"event","provider":null,"toolsConfigured":5,"maxIterations":200,"isSubAgent":true}
02:00:10 [[32minfo[39m]  Created AgentRuntime: event {"profile":"fantasy_rpg","tools":["event_service","game_time_service","... (5 items)"]}
02:00:10 [[32minfo[39m]  Agent initialized: time - TimeAgent
02:00:10 [[32minfo[39m] [AGENT-START] Agent time starting {"agent":"time","provider":null,"toolsConfigured":4,"maxIterations":200,"isSubAgent":true}
02:00:10 [[32minfo[39m]  Created AgentRuntime: time {"profile":"fantasy_rpg","tools":["game_time_service","rule_service","... (4 items)"]}
02:00:10 [[32minfo[39m]  Permissions configured from agent.tools for profile: fantasy_rpg
02:00:10 [[32minfo[39m]  YAML permissions configured
02:00:10 [[32minfo[39m]  Registering AgentRuntime instances to GameMasterAgent...
02:00:10 [[32minfo[39m]  Registered AgentRuntime to Coordinator: gamemaster
02:00:10 [[32minfo[39m]  Registered AgentRuntime to Coordinator: map
02:00:10 [[32minfo[39m]  Registered AgentRuntime to Coordinator: challenge
02:00:10 [[32minfo[39m]  Registered AgentRuntime to Coordinator: output
02:00:10 [[32minfo[39m]  Registered AgentRuntime to Coordinator: quest
02:00:10 [[32minfo[39m]  Registered AgentRuntime to Coordinator: npc_party
02:00:10 [[32minfo[39m]  Registered AgentRuntime to Coordinator: inventory
02:00:10 [[32minfo[39m]  Registered AgentRuntime to Coordinator: skill
02:00:10 [[32minfo[39m]  Registered AgentRuntime to Coordinator: event
02:00:10 [[32minfo[39m]  Registered AgentRuntime to Coordinator: time
02:00:10 [[32minfo[39m]  GameDataExpander configured (manifest path enabled)
02:00:10 [[32minfo[39m]  DedupService configured (dispatch log persistence enabled)
02:00:10 [[32minfo[39m]  Agent system initialized: 10 AgentRuntime instances created
鉁?Agent system initialized with 10 agents
鈿狅笍 YAML Agent system skipped: __vi_import_5__.initializeYamlAgentSystem is not a function
02:00:10 [[32minfo[39m]  Agent routes initialized
02:00:10 [[32minfo[39m]  Save routes initialized
02:00:10 [[32minfo[39m]  Synced template from YAML to DB: cthulhu-investigation
02:00:10 [[32minfo[39m]  Synced template from YAML to DB: cyberpunk-mercenary
02:00:10 [[32minfo[39m]  Synced template from YAML to DB: medieval-fantasy
02:00:10 [[32minfo[39m]  Synced template from YAML to DB: modern-romance
02:00:10 [[32minfo[39m]  Synced template from YAML to DB: xianxia
02:00:10 [[32minfo[39m]  Synced 5 templates from YAML to database
02:00:11 [[32minfo[39m]  Cache refreshed with 5 templates
02:00:11 [[32minfo[39m]  TemplateService loaded {"cachedTemplates":5}
鉁?Template YAML loaded and synced to DB
02:00:11 [[32minfo[39m]  Template routes initialized
鉁?Test environment setup complete
鉁?Database connection closed

 [32m鉁?[39m src/services/__tests__/shadow-state-write-after-insert.test.ts [2m ([22m[2m7 tests[22m[2m)[22m[33m 2520[2mms[22m[39m
[90mstdout[2m | src/agents/__tests__/yaml-permission-model.test.ts[22m[39m
004_drop_information_boundaries: information_boundaries table not found, skipping migration
004_drop_information_boundaries: cleared custom_data.knowledge from 0 NPCs
Migration 004_drop_information_boundaries.ts completed successfully
Running migration: 005_drop_npc_relations.ts

[90mstdout[2m | src/agents/__tests__/yaml-permission-model.test.ts[22m[39m
005_drop_npc_relations: dropped npc_relations table
Migration 005_drop_npc_relations.ts completed successfully
Running migration: 006_awareness_relationship_events_states.ts

[90mstdout[2m | src/agents/__tests__/yaml-permission-model.test.ts[22m[39m
006: created entity_awareness_events table
006: created entity_awareness_states table
006: created entity_relationship_events table
006: created entity_relationship_states table
Migration 006_awareness_relationship_events_states.ts completed successfully
Running migration: 007_add_combat_mode.ts

[90mstdout[2m | src/agents/__tests__/yaml-permission-model.test.ts[22m[39m
007: added combat_states.mode column
Migration 007_add_combat_mode.ts completed successfully
Running migration: 008_add_saves_active_challenge_mode.ts

[90mstdout[2m | src/services/__tests__/template-items-customdata.test.ts[22m[39m
馃И Setting up comprehensive test environment...
鉁?Database connected
Running migration: 001_init.ts

[90mstdout[2m | src/agents/__tests__/react-engine-debug-extraction.test.ts[22m[39m
02:00:11 [[32minfo[39m]  Discovered 187 help files {"dir":"C:\\Users\\super\\Documents\\trae_projects\\AGG-main\\packages\\backend\\config\\agent-help"}

[90mstdout[2m | src/services/__tests__/template-items-customdata.test.ts[22m[39m
Migration 001_init.ts completed successfully
Running migration: 002_add_equipped_index.ts

[90mstdout[2m | src/services/__tests__/template-items-customdata.test.ts[22m[39m
Migration 002_add_equipped_index.ts completed successfully
Running migration: 003_fix_information_boundaries_timestamps.ts

[90mstdout[2m | src/services/__tests__/template-items-customdata.test.ts[22m[39m
Migration 003_fix_information_boundaries_timestamps.ts completed successfully
Running migration: 004_drop_information_boundaries.ts

[90mstdout[2m | src/services/__tests__/template-items-customdata.test.ts[22m[39m
004_drop_information_boundaries: information_boundaries table not found, skipping migration
004_drop_information_boundaries: cleared custom_data.knowledge from 0 NPCs
Migration 004_drop_information_boundaries.ts completed successfully
Running migration: 005_drop_npc_relations.ts

[90mstdout[2m | src/services/__tests__/template-items-customdata.test.ts[22m[39m
005_drop_npc_relations: dropped npc_relations table
Migration 005_drop_npc_relations.ts completed successfully
Running migration: 006_awareness_relationship_events_states.ts
006: created entity_awareness_events table
006: created entity_awareness_states table
006: created entity_relationship_events table
006: created entity_relationship_states table
Migration 006_awareness_relationship_events_states.ts completed successfully
Running migration: 007_add_combat_mode.ts

[90mstdout[2m | src/services/__tests__/template-items-customdata.test.ts[22m[39m
007: added combat_states.mode column
Migration 007_add_combat_mode.ts completed successfully
Running migration: 008_add_saves_active_challenge_mode.ts

[90mstdout[2m | src/agents/__tests__/yaml-permission-model.test.ts[22m[39m
008: added saves.active_challenge_mode column
Migration 008_add_saves_active_challenge_mode.ts completed successfully
All migrations completed
鉁?Migrations completed
All seeds completed
鉁?Seeds completed
02:00:11 [[32minfo[39m]  Starting YAML-driven Agent system initialization
02:00:11 [[32minfo[39m]  Seeding ModelConfigService from environment
02:00:11 [[32minfo[39m]  No DEEPSEEK_API_KEY env var found, skipping env seed
02:00:11 [[32minfo[39m]  Seeded provider from convict config {"providerType":"openai","providerId":"fea72413-cdf3-4f60-ba69-cb20a718c469","model":"openrouter/free"}
02:00:11 [[32minfo[39m]  Creating LLMService with ModelConfigService
02:00:11 [[32minfo[39m]  Creating ContextService and DecisionLogService instances
02:00:11 [[32minfo[39m]  Initializing YAML-driven Agent profiles...
02:00:11 [[32minfo[39m]  Loading config from directory: C:\Users\super\Documents\trae_projects\AGG-main\packages\backend\config
02:00:11 [[32minfo[39m]  Loaded agent profile: fantasy_rpg
02:00:11 [[32minfo[39m]  Loaded agent profile: minimal_test
02:00:11 [[32minfo[39m]  Loaded 0 non-builtin profiles from database (0 builtin skipped, using YAML)
02:00:11 [[32minfo[39m]  Config loaded successfully: 2 profiles
02:00:11 [[32minfo[39m]  YAML config loaded successfully
02:00:12 [[32minfo[39m]  Context rules loaded {"agentCount":10}
02:00:12 [[32minfo[39m]  Default manifests loaded {"agentTypeCount":6,"manifestCount":8}
02:00:12 [[32minfo[39m]  Context rules file watcher started {"path":"C:\\Users\\super\\Documents\\trae_projects\\AGG-main\\packages\\backend\\config\\agent-context-rules.yaml"}
02:00:12 [[32minfo[39m]  Loaded 10 agent capabilities from YAML profiles
02:00:12 [[32minfo[39m]  ToolRegistry initialized
02:00:12 [[32minfo[39m]  Registering ServiceTools to ToolRegistry
02:00:12 [[32minfo[39m]  Tool registered: game_time_service - GameTime Service (v1.0.0)
02:00:12 [[32minfo[39m]  Tool registered: numerical_service - Numerical Service (v1.0.0)
02:00:12 [[32minfo[39m]  Tool registered: character_service - Character Service (v1.0.0)
02:00:12 [[32minfo[39m]  Tool registered: inventory_service - Inventory Service (v1.0.0)
02:00:12 [[32minfo[39m]  Tool registered: skill_service - Skill Service (v1.1.0)
02:00:12 [[32minfo[39m]  Tool registered: map_service - Map Service (v2.0.0)
02:00:12 [[32minfo[39m]  Tool registered: npc_service - NPC Service (v1.0.0)
02:00:12 [[32minfo[39m]  Tool registered: dialogue_service - Dialogue Service (v1.0.0)
02:00:12 [[32minfo[39m]  Tool registered: quest_service - Quest Service (v1.0.0)
02:00:12 [[32minfo[39m]  Tool registered: challenge_service - Challenge Service (v1.0.0)
02:00:12 [[32minfo[39m]  Tool registered: event_service - Event Service (v1.0.0)
02:00:12 [[32minfo[39m]  Tool registered: story_service - Story Service (v1.0.0)
02:00:12 [[32minfo[39m]  Tool registered: game_init_service - Game Init Service (v2.0.0)
02:00:12 [[32minfo[39m]  Tool registered: batch_query_service - Batch Query Service (v1.0.0)
02:00:12 [[32minfo[39m]  Tool registered: entity_graph_service - Entity Graph Service (v1.0.0)
02:00:12 [[32minfo[39m]  Tool registered: template_pool_service - Template Pool Service (v1.0.0)
02:00:12 [[32minfo[39m]  Tool registered: dynamic_ui - Dynamic UI Service (v1.0.0)
02:00:12 [[32minfo[39m]  Tool registered: generate_options - Generate Options Service (v2.0.0)
02:00:12 [[32minfo[39m]  Tool registered: coordinator_service - Coordinator Service (v1.0.0)
02:00:12 [[32minfo[39m]  Tool registered: rule_service - Rule Service (v1.0.0)
02:00:12 [[32minfo[39m]  Tool registered: skill_loader - Skill Loader (v1.0.0)
02:00:12 [[32minfo[39m]  Tool registered: help_service - Help Service (v1.0.0)
02:00:12 [[32minfo[39m]  Tool registered: memory_service - Memory Service (v1.0.0)
02:00:12 [[32minfo[39m]  Registered 23 ServiceTools to ToolRegistry
02:00:12 [[32minfo[39m]  Tool reference validation passed

[90mstdout[2m | src/game-systems/map/__tests__/chinese-location-resolution.test.ts[2m > [22m[2mMapService resolveLocationId 鈥?涓枃鎰熺煡鍚嶇О瑙ｆ瀽[2m > [22m[2mresolveLocationId[2m > [22m[2m閫氳繃绮剧‘涓枃鍚嶇О鍖归厤[22m[39m
02:00:11 [[32minfo[39m]  Resolved locationId by name match {"input":"閾佸尃閾?,"resolved":"loc-forge","matchedBy":"name"}

[90mstdout[2m | src/game-systems/map/__tests__/chinese-location-resolution.test.ts[2m > [22m[2mMapService resolveLocationId 鈥?涓枃鎰熺煡鍚嶇О瑙ｆ瀽[2m > [22m[2mresolveLocationId[2m > [22m[2m閫氳繃涓枃閮ㄥ垎鍚嶇О鍖归厤锛?鍖犻摵"鍖归厤"閾佸尃閾?锛?[22m[39m
02:00:11 [[32minfo[39m]  Resolved locationId by name match {"input":"鍖犻摵","resolved":"loc-forge","matchedBy":"name"}

[90mstdout[2m | src/game-systems/map/__tests__/chinese-location-resolution.test.ts[2m > [22m[2mMapService resolveLocationId 鈥?涓枃鎰熺煡鍚嶇О瑙ｆ瀽[2m > [22m[2mresolveLocationId[2m > [22m[2m閫氳繃涓枃閮ㄥ垎鍚嶇О鍖归厤锛?閾?鍖归厤"閾佸尃閾?鎴?閾佺熆娲?锛?[22m[39m
02:00:11 [[32minfo[39m]  Resolved locationId by name match {"input":"閾?,"resolved":"loc-forge","matchedBy":"name"}

[90mstdout[2m | src/game-systems/map/__tests__/chinese-location-resolution.test.ts[2m > [22m[2mMapService resolveLocationId 鈥?涓枃鎰熺煡鍚嶇О瑙ｆ瀽[2m > [22m[2mresolveLocationId[2m > [22m[2m閫氳繃涓枃鍏ㄥ悕鍖归厤锛?鏆楀奖妫灄"锛?[22m[39m
02:00:11 [[32minfo[39m]  Resolved locationId by name match {"input":"鏆楀奖妫灄","resolved":"loc-forest","matchedBy":"name"}

[90mstdout[2m | src/game-systems/map/__tests__/chinese-location-resolution.test.ts[2m > [22m[2mMapService resolveLocationId 鈥?涓枃鎰熺煡鍚嶇О瑙ｆ瀽[2m > [22m[2mresolveLocationId[2m > [22m[2m閫氳繃涓枃閮ㄥ垎鍚嶇О鍖归厤锛?妫灄"鍖归厤"鏆楀奖妫灄"锛?[22m[39m
02:00:11 [[32minfo[39m]  Resolved locationId by name match {"input":"妫灄","resolved":"loc-forest","matchedBy":"name"}

[90mstdout[2m | src/game-systems/map/__tests__/chinese-location-resolution.test.ts[2m > [22m[2mMapService resolveLocationId 鈥?涓枃鎰熺煡鍚嶇О瑙ｆ瀽[2m > [22m[2mresolveLocationId[2m > [22m[2m閫氳繃涓枃閮ㄥ垎鍚嶇О鍖归厤锛?閰掗"鍖归厤"鑰佹鏍戦厭棣?锛?[22m[39m
02:00:11 [[32minfo[39m]  Resolved locationId by name match {"input":"閰掗","resolved":"loc-tavern","matchedBy":"name"}

[90mstdout[2m | src/game-systems/map/__tests__/chinese-location-resolution.test.ts[22m[39m
02:00:10 [[32minfo[39m]  Help registry loaded: 22 tools {"tools":["batch_query_service","challenge_service","... (22 items)"]}
02:00:10 [[32minfo[39m]  Creating GameMasterAgent (as AgentRuntime with isSubAgent=false)
02:00:10 [[32minfo[39m]  Handler subscribed {"eventType":"dialogue"}
02:00:10 [[32minfo[39m]  Handler subscribed {"eventType":"combat_end"}
02:00:10 [[32minfo[39m]  AwarenessAutoSubscriber subscribed to dialogue + combat_end events
02:00:10 [[32minfo[39m]  Agent initialized: gamemaster - GameMasterAgent
02:00:10 [[32minfo[39m] [AGENT-START] Agent gamemaster starting {"agent":"gamemaster","provider":null,"toolsConfigured":1,"maxIterations":200,"isSubAgent":false}
02:00:10 [[32minfo[39m]  Handler subscribed {"eventType":"chapter_advanced"}
02:00:10 [[32minfo[39m]  Creating AgentRuntime instances from default profile: fantasy_rpg
02:00:10 [[32minfo[39m]  Creating agents from profile: fantasy_rpg {"agentCount":10}
02:00:10 [[32minfo[39m]  Agent initialized: gamemaster - GameMasterAgent
02:00:10 [[32minfo[39m] [AGENT-START] Agent gamemaster starting {"agent":"gamemaster","provider":null,"toolsConfigured":1,"maxIterations":200,"isSubAgent":false}
02:00:10 [[32minfo[39m]  Created AgentRuntime: gamemaster {"profile":"fantasy_rpg","tools":["all"]}
02:00:10 [[32minfo[39m]  Agent initialized: map - MapAgent
02:00:10 [[32minfo[39m] [AGENT-START] Agent map starting {"agent":"map","provider":null,"toolsConfigured":7,"maxIterations":200,"isSubAgent":true}
02:00:10 [[32minfo[39m]  Created AgentRuntime: map {"profile":"fantasy_rpg","tools":["map_service","npc_service","... (7 items)"]}
02:00:10 [[32minfo[39m]  Agent initialized: challenge - ChallengeAgent
02:00:10 [[32minfo[39m] [AGENT-START] Agent challenge starting {"agent":"challenge","provider":null,"toolsConfigured":9,"maxIterations":200,"isSubAgent":true}
02:00:10 [[32minfo[39m]  Created AgentRuntime: challenge {"profile":"fantasy_rpg","tools":["challenge_service","numerical_service","... (9 items)"]}
02:00:10 [[32minfo[39m]  Agent initialized: output - OutputAgent
02:00:10 [[32minfo[39m] [AGENT-START] Agent output starting {"agent":"output","provider":null,"toolsConfigured":5,"maxIterations":200,"isSubAgent":true}
02:00:10 [[32minfo[39m]  Created AgentRuntime: output {"profile":"fantasy_rpg","tools":["dialogue_service","dynamic_ui","... (5 items)"]}
02:00:10 [[32minfo[39m]  Agent initialized: quest - QuestAgent
02:00:10 [[32minfo[39m] [AGENT-START] Agent quest starting {"agent":"quest","provider":null,"toolsConfigured":11,"maxIterations":200,"isSubAgent":true}
02:00:10 [[32minfo[39m]  Created AgentRuntime: quest {"profile":"fantasy_rpg","tools":["quest_service","numerical_service","... (11 items)"]}
02:00:10 [[32minfo[39m]  Agent initialized: npc_party - NPCPartyAgent
02:00:10 [[32minfo[39m] [AGENT-START] Agent npc_party starting {"agent":"npc_party","provider":null,"toolsConfigured":9,"maxIterations":200,"isSubAgent":true}
02:00:10 [[32minfo[39m]  Created AgentRuntime: npc_party {"profile":"fantasy_rpg","tools":["npc_service","entity_graph_service","... (9 items)"]}
02:00:10 [[32minfo[39m]  Agent initialized: inventory - InventoryAgent
02:00:10 [[32minfo[39m] [AGENT-START] Agent inventory starting {"agent":"inventory","provider":null,"toolsConfigured":8,"maxIterations":200,"isSubAgent":true}
02:00:10 [[32minfo[39m]  Created AgentRuntime: inventory {"profile":"fantasy_rpg","tools":["inventory_service","template_pool_service","... (8 items)"]}
02:00:10 [[32minfo[39m]  Agent initialized: skill - SkillAgent
02:00:10 [[32minfo[39m] [AGENT-START] Agent skill starting {"agent":"skill","provider":null,"toolsConfigured":7,"maxIterations":200,"isSubAgent":true}
02:00:10 [[32minfo[39m]  Created AgentRuntime: skill {"profile":"fantasy_rpg","tools":["skill_service","template_pool_service","... (7 items)"]}
02:00:10 [[32minfo[39m]  Agent initialized: event - EventAgent
02:00:10 [[32minfo[39m] [AGENT-START] Agent event starting {"agent":"event","provider":null,"toolsConfigured":5,"maxIterations":200,"isSubAgent":true}
02:00:10 [[32minfo[39m]  Created AgentRuntime: event {"profile":"fantasy_rpg","tools":["event_service","game_time_service","... (5 items)"]}
02:00:10 [[32minfo[39m]  Agent initialized: time - TimeAgent
02:00:10 [[32minfo[39m] [AGENT-START] Agent time starting {"agent":"time","provider":null,"toolsConfigured":4,"maxIterations":200,"isSubAgent":true}
02:00:10 [[32minfo[39m]  Created AgentRuntime: time {"profile":"fantasy_rpg","tools":["game_time_service","rule_service","... (4 items)"]}
02:00:11 [[32minfo[39m]  Permissions configured from agent.tools for profile: fantasy_rpg
02:00:11 [[32minfo[39m]  YAML permissions configured
02:00:11 [[32minfo[39m]  Registering AgentRuntime instances to GameMasterAgent...
02:00:11 [[32minfo[39m]  Registered AgentRuntime to Coordinator: gamemaster
02:00:11 [[32minfo[39m]  Registered AgentRuntime to Coordinator: map
02:00:11 [[32minfo[39m]  Registered AgentRuntime to Coordinator: challenge
02:00:11 [[32minfo[39m]  Registered AgentRuntime to Coordinator: output
02:00:11 [[32minfo[39m]  Registered AgentRuntime to Coordinator: quest
02:00:11 [[32minfo[39m]  Registered AgentRuntime to Coordinator: npc_party
02:00:11 [[32minfo[39m]  Registered AgentRuntime to Coordinator: inventory
02:00:11 [[32minfo[39m]  Registered AgentRuntime to Coordinator: skill
02:00:11 [[32minfo[39m]  Registered AgentRuntime to Coordinator: event
02:00:11 [[32minfo[39m]  Registered AgentRuntime to Coordinator: time
02:00:11 [[32minfo[39m]  GameDataExpander configured (manifest path enabled)
02:00:11 [[32minfo[39m]  DedupService configured (dispatch log persistence enabled)
02:00:11 [[32minfo[39m]  Agent system initialized: 10 AgentRuntime instances created
鉁?Agent system initialized with 10 agents
鈿狅笍 YAML Agent system skipped: __vi_import_5__.initializeYamlAgentSystem is not a function
02:00:11 [[32minfo[39m]  Agent routes initialized
02:00:11 [[32minfo[39m]  Save routes initialized
02:00:11 [[32minfo[39m]  Synced template from YAML to DB: cthulhu-investigation
02:00:11 [[32minfo[39m]  Synced template from YAML to DB: cyberpunk-mercenary
02:00:11 [[32minfo[39m]  Synced template from YAML to DB: medieval-fantasy
02:00:11 [[32minfo[39m]  Synced template from YAML to DB: modern-romance
02:00:11 [[32minfo[39m]  Synced template from YAML to DB: xianxia
02:00:11 [[32minfo[39m]  Synced 5 templates from YAML to database
02:00:11 [[32minfo[39m]  Cache refreshed with 5 templates
02:00:11 [[32minfo[39m]  TemplateService loaded {"cachedTemplates":5}
鉁?Template YAML loaded and synced to DB
02:00:11 [[32minfo[39m]  Template routes initialized
鉁?Test environment setup complete
鉁?Database connection closed

 [32m鉁?[39m src/game-systems/map/__tests__/chinese-location-resolution.test.ts [2m ([22m[2m13 tests[22m[2m)[22m[33m 4626[2mms[22m[39m
[90mstdout[2m | src/agents/__tests__/yaml-permission-model.test.ts[22m[39m
02:00:12 [[32minfo[39m]  Discovered 187 help files {"dir":"C:\\Users\\super\\Documents\\trae_projects\\AGG-main\\packages\\backend\\config\\agent-help"}

 [32m鉁?[39m src/game-systems/numerical/__tests__/decay-curve.test.ts [2m ([22m[2m20 tests[22m[2m)[22m[33m 2487[2mms[22m[39m
[90mstdout[2m | src/game-systems/numerical/__tests__/decay-curve.test.ts[22m[39m
02:00:11 [[32minfo[39m]  Help registry loaded: 22 tools {"tools":["batch_query_service","challenge_service","... (22 items)"]}
02:00:11 [[32minfo[39m]  Creating GameMasterAgent (as AgentRuntime with isSubAgent=false)
02:00:11 [[32minfo[39m]  Handler subscribed {"eventType":"dialogue"}
02:00:11 [[32minfo[39m]  Handler subscribed {"eventType":"combat_end"}
02:00:11 [[32minfo[39m]  AwarenessAutoSubscriber subscribed to dialogue + combat_end events
02:00:11 [[32minfo[39m]  Agent initialized: gamemaster - GameMasterAgent
02:00:11 [[32minfo[39m] [AGENT-START] Agent gamemaster starting {"agent":"gamemaster","provider":null,"toolsConfigured":1,"maxIterations":200,"isSubAgent":false}
02:00:11 [[32minfo[39m]  Handler subscribed {"eventType":"chapter_advanced"}
02:00:11 [[32minfo[39m]  Creating AgentRuntime instances from default profile: fantasy_rpg
02:00:11 [[32minfo[39m]  Creating agents from profile: fantasy_rpg {"agentCount":10}
02:00:11 [[32minfo[39m]  Agent initialized: gamemaster - GameMasterAgent
02:00:11 [[32minfo[39m] [AGENT-START] Agent gamemaster starting {"agent":"gamemaster","provider":null,"toolsConfigured":1,"maxIterations":200,"isSubAgent":false}
02:00:11 [[32minfo[39m]  Created AgentRuntime: gamemaster {"profile":"fantasy_rpg","tools":["all"]}
02:00:11 [[32minfo[39m]  Agent initialized: map - MapAgent
02:00:11 [[32minfo[39m] [AGENT-START] Agent map starting {"agent":"map","provider":null,"toolsConfigured":7,"maxIterations":200,"isSubAgent":true}
02:00:11 [[32minfo[39m]  Created AgentRuntime: map {"profile":"fantasy_rpg","tools":["map_service","npc_service","... (7 items)"]}
02:00:11 [[32minfo[39m]  Agent initialized: challenge - ChallengeAgent
02:00:11 [[32minfo[39m] [AGENT-START] Agent challenge starting {"agent":"challenge","provider":null,"toolsConfigured":9,"maxIterations":200,"isSubAgent":true}
02:00:11 [[32minfo[39m]  Created AgentRuntime: challenge {"profile":"fantasy_rpg","tools":["challenge_service","numerical_service","... (9 items)"]}
02:00:11 [[32minfo[39m]  Agent initialized: output - OutputAgent
02:00:11 [[32minfo[39m] [AGENT-START] Agent output starting {"agent":"output","provider":null,"toolsConfigured":5,"maxIterations":200,"isSubAgent":true}
02:00:11 [[32minfo[39m]  Created AgentRuntime: output {"profile":"fantasy_rpg","tools":["dialogue_service","dynamic_ui","... (5 items)"]}
02:00:11 [[32minfo[39m]  Agent initialized: quest - QuestAgent
02:00:11 [[32minfo[39m] [AGENT-START] Agent quest starting {"agent":"quest","provider":null,"toolsConfigured":11,"maxIterations":200,"isSubAgent":true}
02:00:11 [[32minfo[39m]  Created AgentRuntime: quest {"profile":"fantasy_rpg","tools":["quest_service","numerical_service","... (11 items)"]}
02:00:11 [[32minfo[39m]  Agent initialized: npc_party - NPCPartyAgent
02:00:11 [[32minfo[39m] [AGENT-START] Agent npc_party starting {"agent":"npc_party","provider":null,"toolsConfigured":9,"maxIterations":200,"isSubAgent":true}
02:00:11 [[32minfo[39m]  Created AgentRuntime: npc_party {"profile":"fantasy_rpg","tools":["npc_service","entity_graph_service","... (9 items)"]}
02:00:11 [[32minfo[39m]  Agent initialized: inventory - InventoryAgent
02:00:11 [[32minfo[39m] [AGENT-START] Agent inventory starting {"agent":"inventory","provider":null,"toolsConfigured":8,"maxIterations":200,"isSubAgent":true}
02:00:11 [[32minfo[39m]  Created AgentRuntime: inventory {"profile":"fantasy_rpg","tools":["inventory_service","template_pool_service","... (8 items)"]}
02:00:11 [[32minfo[39m]  Agent initialized: skill - SkillAgent
02:00:11 [[32minfo[39m] [AGENT-START] Agent skill starting {"agent":"skill","provider":null,"toolsConfigured":7,"maxIterations":200,"isSubAgent":true}
02:00:11 [[32minfo[39m]  Created AgentRuntime: skill {"profile":"fantasy_rpg","tools":["skill_service","template_pool_service","... (7 items)"]}
02:00:11 [[32minfo[39m]  Agent initialized: event - EventAgent
02:00:11 [[32minfo[39m] [AGENT-START] Agent event starting {"agent":"event","provider":null,"toolsConfigured":5,"maxIterations":200,"isSubAgent":true}
02:00:11 [[32minfo[39m]  Created AgentRuntime: event {"profile":"fantasy_rpg","tools":["event_service","game_time_service","... (5 items)"]}
02:00:11 [[32minfo[39m]  Agent initialized: time - TimeAgent
02:00:11 [[32minfo[39m] [AGENT-START] Agent time starting {"agent":"time","provider":null,"toolsConfigured":4,"maxIterations":200,"isSubAgent":true}
02:00:11 [[32minfo[39m]  Created AgentRuntime: time {"profile":"fantasy_rpg","tools":["game_time_service","rule_service","... (4 items)"]}
02:00:11 [[32minfo[39m]  Permissions configured from agent.tools for profile: fantasy_rpg
02:00:11 [[32minfo[39m]  YAML permissions configured
02:00:11 [[32minfo[39m]  Registering AgentRuntime instances to GameMasterAgent...
02:00:11 [[32minfo[39m]  Registered AgentRuntime to Coordinator: gamemaster
02:00:11 [[32minfo[39m]  Registered AgentRuntime to Coordinator: map
02:00:11 [[32minfo[39m]  Registered AgentRuntime to Coordinator: challenge
02:00:11 [[32minfo[39m]  Registered AgentRuntime to Coordinator: output
02:00:11 [[32minfo[39m]  Registered AgentRuntime to Coordinator: quest
02:00:11 [[32minfo[39m]  Registered AgentRuntime to Coordinator: npc_party
02:00:11 [[32minfo[39m]  Registered AgentRuntime to Coordinator: inventory
02:00:11 [[32minfo[39m]  Registered AgentRuntime to Coordinator: skill
02:00:11 [[32minfo[39m]  Registered AgentRuntime to Coordinator: event
02:00:11 [[32minfo[39m]  Registered AgentRuntime to Coordinator: time
02:00:11 [[32minfo[39m]  GameDataExpander configured (manifest path enabled)
02:00:11 [[32minfo[39m]  DedupService configured (dispatch log persistence enabled)
02:00:11 [[32minfo[39m]  Agent system initialized: 10 AgentRuntime instances created
鉁?Agent system initialized with 10 agents
鈿狅笍 YAML Agent system skipped: __vi_import_5__.initializeYamlAgentSystem is not a function
02:00:11 [[32minfo[39m]  Agent routes initialized
02:00:11 [[32minfo[39m]  Save routes initialized
02:00:11 [[32minfo[39m]  Synced template from YAML to DB: cthulhu-investigation
02:00:11 [[32minfo[39m]  Synced template from YAML to DB: cyberpunk-mercenary
02:00:11 [[32minfo[39m]  Synced template from YAML to DB: medieval-fantasy
02:00:11 [[32minfo[39m]  Synced template from YAML to DB: modern-romance
02:00:11 [[32minfo[39m]  Synced template from YAML to DB: xianxia
02:00:11 [[32minfo[39m]  Synced 5 templates from YAML to database
02:00:12 [[32minfo[39m]  Cache refreshed with 5 templates
02:00:12 [[32minfo[39m]  TemplateService loaded {"cachedTemplates":5}
鉁?Template YAML loaded and synced to DB
02:00:12 [[32minfo[39m]  Template routes initialized
鉁?Test environment setup complete
鉁?Database connection closed

[90mstdout[2m | src/services/__tests__/template-items-customdata.test.ts[22m[39m
008: added saves.active_challenge_mode column
Migration 008_add_saves_active_challenge_mode.ts completed successfully
All migrations completed
鉁?Migrations completed
All seeds completed
鉁?Seeds completed
02:00:12 [[32minfo[39m]  Starting YAML-driven Agent system initialization
02:00:12 [[32minfo[39m]  Seeding ModelConfigService from environment
02:00:12 [[32minfo[39m]  No DEEPSEEK_API_KEY env var found, skipping env seed
02:00:12 [[32minfo[39m]  Seeded provider from convict config {"providerType":"openai","providerId":"acec0842-7cda-4b3e-8458-a2009e497c49","model":"openrouter/free"}
02:00:12 [[32minfo[39m]  Creating LLMService with ModelConfigService
02:00:12 [[32minfo[39m]  Creating ContextService and DecisionLogService instances
02:00:12 [[32minfo[39m]  Initializing YAML-driven Agent profiles...
02:00:12 [[32minfo[39m]  Loading config from directory: C:\Users\super\Documents\trae_projects\AGG-main\packages\backend\config
02:00:12 [[32minfo[39m]  Loaded agent profile: fantasy_rpg
02:00:12 [[32minfo[39m]  Loaded agent profile: minimal_test
02:00:12 [[32minfo[39m]  Loaded 0 non-builtin profiles from database (0 builtin skipped, using YAML)
02:00:12 [[32minfo[39m]  Config loaded successfully: 2 profiles
02:00:12 [[32minfo[39m]  YAML config loaded successfully
02:00:12 [[32minfo[39m]  Context rules loaded {"agentCount":10}
02:00:12 [[32minfo[39m]  Default manifests loaded {"agentTypeCount":6,"manifestCount":8}
02:00:12 [[32minfo[39m]  Context rules file watcher started {"path":"C:\\Users\\super\\Documents\\trae_projects\\AGG-main\\packages\\backend\\config\\agent-context-rules.yaml"}
02:00:12 [[32minfo[39m]  Loaded 10 agent capabilities from YAML profiles
02:00:12 [[32minfo[39m]  ToolRegistry initialized
02:00:12 [[32minfo[39m]  Registering ServiceTools to ToolRegistry
02:00:12 [[32minfo[39m]  Tool registered: game_time_service - GameTime Service (v1.0.0)
02:00:12 [[32minfo[39m]  Tool registered: numerical_service - Numerical Service (v1.0.0)
02:00:12 [[32minfo[39m]  Tool registered: character_service - Character Service (v1.0.0)
02:00:12 [[32minfo[39m]  Tool registered: inventory_service - Inventory Service (v1.0.0)
02:00:12 [[32minfo[39m]  Tool registered: skill_service - Skill Service (v1.1.0)
02:00:12 [[32minfo[39m]  Tool registered: map_service - Map Service (v2.0.0)
02:00:12 [[32minfo[39m]  Tool registered: npc_service - NPC Service (v1.0.0)
02:00:12 [[32minfo[39m]  Tool registered: dialogue_service - Dialogue Service (v1.0.0)
02:00:12 [[32minfo[39m]  Tool registered: quest_service - Quest Service (v1.0.0)
02:00:12 [[32minfo[39m]  Tool registered: challenge_service - Challenge Service (v1.0.0)
02:00:12 [[32minfo[39m]  Tool registered: event_service - Event Service (v1.0.0)
02:00:12 [[32minfo[39m]  Tool registered: story_service - Story Service (v1.0.0)
02:00:12 [[32minfo[39m]  Tool registered: game_init_service - Game Init Service (v2.0.0)
02:00:12 [[32minfo[39m]  Tool registered: batch_query_service - Batch Query Service (v1.0.0)
02:00:12 [[32minfo[39m]  Tool registered: entity_graph_service - Entity Graph Service (v1.0.0)
02:00:12 [[32minfo[39m]  Tool registered: template_pool_service - Template Pool Service (v1.0.0)
02:00:12 [[32minfo[39m]  Tool registered: dynamic_ui - Dynamic UI Service (v1.0.0)
02:00:12 [[32minfo[39m]  Tool registered: generate_options - Generate Options Service (v2.0.0)
02:00:12 [[32minfo[39m]  Tool registered: coordinator_service - Coordinator Service (v1.0.0)
02:00:12 [[32minfo[39m]  Tool registered: rule_service - Rule Service (v1.0.0)
02:00:12 [[32minfo[39m]  Tool registered: skill_loader - Skill Loader (v1.0.0)
02:00:12 [[32minfo[39m]  Tool registered: help_service - Help Service (v1.0.0)
02:00:12 [[32minfo[39m]  Tool registered: memory_service - Memory Service (v1.0.0)
02:00:12 [[32minfo[39m]  Registered 23 ServiceTools to ToolRegistry
02:00:12 [[32minfo[39m]  Tool reference validation passed

[90mstdout[2m | tests/agent-system/scheduling.test.ts[2m > [22m[2mAgent Scheduling System[2m > [22m[2mDirect Agent Messaging[2m > [22m[2mshould process valid direct message to output agent[22m[39m
02:00:11 [[31merror[39m]  LLM API call failed {"provider":"openai","model":"openrouter/free","method":"chat","error":"429 Rate limit exceeded: free-models-per-day. Add 10 credits to unlock 1000 free model requests per day"}
02:00:11 [[33mwarn[39m]  Chat attempt 2/3 failed {"error":"openai chat: Rate limit exceeded: 429 Rate limit exceeded: free-models-per-day. Add 10 credits to unlock 1000 free model requests per day","provider":"e6890397-e2a2-4e66-82b0-162c76b51777","model":"openrouter/free","category":"rate_limit","retryable":true,"shouldRetry":true,"delayMs":10199.986283203125}
02:00:11 [[33mwarn[39m]  API key failure reported, switching to next key {"providerId":"e6890397-e2a2-4e66-82b0-162c76b51777","failedKeyIndex":0,"error":"openai chat: Rate limit exceeded: 429 Rate limit exceeded: free-models-per-day. Add 10 credits to unlock 1000 free model requests per day"}
02:00:12 [[32minfo[39m]  Waiting 10200ms before retry {"attempt":2,"category":"rate_limit","provider":"e6890397-e2a2-4e66-82b0-162c76b51777","model":"openrouter/free"}

[90mstdout[2m | src/services/__tests__/template-items-customdata.test.ts[22m[39m
02:00:12 [[32minfo[39m]  Discovered 187 help files {"dir":"C:\\Users\\super\\Documents\\trae_projects\\AGG-main\\packages\\backend\\config\\agent-help"}

[90mstdout[2m | src/agents/config/__tests__/react-agent-runtime-events.test.ts[22m[39m
02:00:09 [[32minfo[39m]  Help registry loaded: 22 tools {"tools":["batch_query_service","challenge_service","... (22 items)"]}
02:00:09 [[32minfo[39m]  Creating GameMasterAgent (as AgentRuntime with isSubAgent=false)
02:00:09 [[32minfo[39m]  Handler subscribed {"eventType":"dialogue"}
02:00:09 [[32minfo[39m]  Handler subscribed {"eventType":"combat_end"}
02:00:09 [[32minfo[39m]  AwarenessAutoSubscriber subscribed to dialogue + combat_end events
02:00:09 [[32minfo[39m]  Agent initialized: gamemaster - GameMasterAgent
02:00:09 [[32minfo[39m] [AGENT-START] Agent gamemaster starting {"agent":"gamemaster","provider":null,"toolsConfigured":1,"maxIterations":200,"isSubAgent":false}
02:00:09 [[32minfo[39m]  Handler subscribed {"eventType":"chapter_advanced"}
02:00:09 [[32minfo[39m]  Creating AgentRuntime instances from default profile: fantasy_rpg
02:00:09 [[32minfo[39m]  Creating agents from profile: fantasy_rpg {"agentCount":10}
02:00:09 [[32minfo[39m]  Agent initialized: gamemaster - GameMasterAgent
02:00:09 [[32minfo[39m] [AGENT-START] Agent gamemaster starting {"agent":"gamemaster","provider":null,"toolsConfigured":1,"maxIterations":200,"isSubAgent":false}
02:00:09 [[32minfo[39m]  Created AgentRuntime: gamemaster {"profile":"fantasy_rpg","tools":["all"]}
02:00:10 [[32minfo[39m]  Agent initialized: map - MapAgent
02:00:10 [[32minfo[39m] [AGENT-START] Agent map starting {"agent":"map","provider":null,"toolsConfigured":7,"maxIterations":200,"isSubAgent":true}
02:00:10 [[32minfo[39m]  Created AgentRuntime: map {"profile":"fantasy_rpg","tools":["map_service","npc_service","... (7 items)"]}
02:00:10 [[32minfo[39m]  Agent initialized: challenge - ChallengeAgent
02:00:10 [[32minfo[39m] [AGENT-START] Agent challenge starting {"agent":"challenge","provider":null,"toolsConfigured":9,"maxIterations":200,"isSubAgent":true}
02:00:10 [[32minfo[39m]  Created AgentRuntime: challenge {"profile":"fantasy_rpg","tools":["challenge_service","numerical_service","... (9 items)"]}
02:00:10 [[32minfo[39m]  Agent initialized: output - OutputAgent
02:00:10 [[32minfo[39m] [AGENT-START] Agent output starting {"agent":"output","provider":null,"toolsConfigured":5,"maxIterations":200,"isSubAgent":true}
02:00:10 [[32minfo[39m]  Created AgentRuntime: output {"profile":"fantasy_rpg","tools":["dialogue_service","dynamic_ui","... (5 items)"]}
02:00:10 [[32minfo[39m]  Agent initialized: quest - QuestAgent
02:00:10 [[32minfo[39m] [AGENT-START] Agent quest starting {"agent":"quest","provider":null,"toolsConfigured":11,"maxIterations":200,"isSubAgent":true}
02:00:10 [[32minfo[39m]  Created AgentRuntime: quest {"profile":"fantasy_rpg","tools":["quest_service","numerical_service","... (11 items)"]}
02:00:10 [[32minfo[39m]  Agent initialized: npc_party - NPCPartyAgent
02:00:10 [[32minfo[39m] [AGENT-START] Agent npc_party starting {"agent":"npc_party","provider":null,"toolsConfigured":9,"maxIterations":200,"isSubAgent":true}
02:00:10 [[32minfo[39m]  Created AgentRuntime: npc_party {"profile":"fantasy_rpg","tools":["npc_service","entity_graph_service","... (9 items)"]}
02:00:10 [[32minfo[39m]  Agent initialized: inventory - InventoryAgent
02:00:10 [[32minfo[39m] [AGENT-START] Agent inventory starting {"agent":"inventory","provider":null,"toolsConfigured":8,"maxIterations":200,"isSubAgent":true}
02:00:10 [[32minfo[39m]  Created AgentRuntime: inventory {"profile":"fantasy_rpg","tools":["inventory_service","template_pool_service","... (8 items)"]}
02:00:10 [[32minfo[39m]  Agent initialized: skill - SkillAgent
02:00:10 [[32minfo[39m] [AGENT-START] Agent skill starting {"agent":"skill","provider":null,"toolsConfigured":7,"maxIterations":200,"isSubAgent":true}
02:00:10 [[32minfo[39m]  Created AgentRuntime: skill {"profile":"fantasy_rpg","tools":["skill_service","template_pool_service","... (7 items)"]}
02:00:10 [[32minfo[39m]  Agent initialized: event - EventAgent
02:00:10 [[32minfo[39m] [AGENT-START] Agent event starting {"agent":"event","provider":null,"toolsConfigured":5,"maxIterations":200,"isSubAgent":true}
02:00:10 [[32minfo[39m]  Created AgentRuntime: event {"profile":"fantasy_rpg","tools":["event_service","game_time_service","... (5 items)"]}
02:00:10 [[32minfo[39m]  Agent initialized: time - TimeAgent
02:00:10 [[32minfo[39m] [AGENT-START] Agent time starting {"agent":"time","provider":null,"toolsConfigured":4,"maxIterations":200,"isSubAgent":true}
02:00:10 [[32minfo[39m]  Created AgentRuntime: time {"profile":"fantasy_rpg","tools":["game_time_service","rule_service","... (4 items)"]}
02:00:10 [[32minfo[39m]  Permissions configured from agent.tools for profile: fantasy_rpg
02:00:10 [[32minfo[39m]  YAML permissions configured
02:00:10 [[32minfo[39m]  Registering AgentRuntime instances to GameMasterAgent...
02:00:10 [[32minfo[39m]  Registered AgentRuntime to Coordinator: gamemaster
02:00:10 [[32minfo[39m]  Registered AgentRuntime to Coordinator: map
02:00:10 [[32minfo[39m]  Registered AgentRuntime to Coordinator: challenge
02:00:10 [[32minfo[39m]  Registered AgentRuntime to Coordinator: output
02:00:10 [[32minfo[39m]  Registered AgentRuntime to Coordinator: quest
02:00:10 [[32minfo[39m]  Registered AgentRuntime to Coordinator: npc_party
02:00:10 [[32minfo[39m]  Registered AgentRuntime to Coordinator: inventory
02:00:10 [[32minfo[39m]  Registered AgentRuntime to Coordinator: skill
02:00:10 [[32minfo[39m]  Registered AgentRuntime to Coordinator: event
02:00:10 [[32minfo[39m]  Registered AgentRuntime to Coordinator: time
02:00:10 [[32minfo[39m]  GameDataExpander configured (manifest path enabled)
02:00:10 [[32minfo[39m]  DedupService configured (dispatch log persistence enabled)
02:00:10 [[32minfo[39m]  Agent system initialized: 10 AgentRuntime instances created
鉁?Agent system initialized with 10 agents
鈿狅笍 YAML Agent system skipped: __vi_import_5__.initializeYamlAgentSystem is not a function
02:00:10 [[32minfo[39m]  Agent routes initialized
02:00:11 [[32minfo[39m]  Save routes initialized
02:00:11 [[32minfo[39m]  Synced template from YAML to DB: cthulhu-investigation
02:00:11 [[32minfo[39m]  Synced template from YAML to DB: cyberpunk-mercenary
02:00:11 [[32minfo[39m]  Synced template from YAML to DB: medieval-fantasy
02:00:11 [[32minfo[39m]  Synced template from YAML to DB: modern-romance
02:00:11 [[32minfo[39m]  Synced template from YAML to DB: xianxia
02:00:11 [[32minfo[39m]  Synced 5 templates from YAML to database
02:00:12 [[32minfo[39m]  Cache refreshed with 5 templates
02:00:12 [[32minfo[39m]  TemplateService loaded {"cachedTemplates":5}
鉁?Template YAML loaded and synced to DB
02:00:12 [[32minfo[39m]  Template routes initialized
鉁?Test environment setup complete
鉁?Database connection closed

 [32m鉁?[39m src/agents/config/__tests__/react-agent-runtime-events.test.ts [2m ([22m[2m12 tests[22m[2m)[22m[33m 4797[2mms[22m[39m
[90mstdout[2m | src/services/__tests__/template-items-customdata.test.ts[22m[39m
02:00:12 [[32minfo[39m]  Help registry loaded: 22 tools {"tools":["batch_query_service","challenge_service","... (22 items)"]}
02:00:12 [[32minfo[39m]  Creating GameMasterAgent (as AgentRuntime with isSubAgent=false)
02:00:12 [[32minfo[39m]  Handler subscribed {"eventType":"dialogue"}
02:00:12 [[32minfo[39m]  Handler subscribed {"eventType":"combat_end"}
02:00:12 [[32minfo[39m]  AwarenessAutoSubscriber subscribed to dialogue + combat_end events
02:00:12 [[32minfo[39m]  Agent initialized: gamemaster - GameMasterAgent
02:00:12 [[32minfo[39m] [AGENT-START] Agent gamemaster starting {"agent":"gamemaster","provider":null,"toolsConfigured":1,"maxIterations":200,"isSubAgent":false}
02:00:12 [[32minfo[39m]  Handler subscribed {"eventType":"chapter_advanced"}
02:00:12 [[32minfo[39m]  Creating AgentRuntime instances from default profile: fantasy_rpg
02:00:12 [[32minfo[39m]  Creating agents from profile: fantasy_rpg {"agentCount":10}
02:00:12 [[32minfo[39m]  Agent initialized: gamemaster - GameMasterAgent
02:00:12 [[32minfo[39m] [AGENT-START] Agent gamemaster starting {"agent":"gamemaster","provider":null,"toolsConfigured":1,"maxIterations":200,"isSubAgent":false}
02:00:12 [[32minfo[39m]  Created AgentRuntime: gamemaster {"profile":"fantasy_rpg","tools":["all"]}
02:00:12 [[32minfo[39m]  Agent initialized: map - MapAgent
02:00:12 [[32minfo[39m] [AGENT-START] Agent map starting {"agent":"map","provider":null,"toolsConfigured":7,"maxIterations":200,"isSubAgent":true}
02:00:12 [[32minfo[39m]  Created AgentRuntime: map {"profile":"fantasy_rpg","tools":["map_service","npc_service","... (7 items)"]}
02:00:12 [[32minfo[39m]  Agent initialized: challenge - ChallengeAgent
02:00:12 [[32minfo[39m] [AGENT-START] Agent challenge starting {"agent":"challenge","provider":null,"toolsConfigured":9,"maxIterations":200,"isSubAgent":true}
02:00:12 [[32minfo[39m]  Created AgentRuntime: challenge {"profile":"fantasy_rpg","tools":["challenge_service","numerical_service","... (9 items)"]}
02:00:12 [[32minfo[39m]  Agent initialized: output - OutputAgent
02:00:12 [[32minfo[39m] [AGENT-START] Agent output starting {"agent":"output","provider":null,"toolsConfigured":5,"maxIterations":200,"isSubAgent":true}
02:00:12 [[32minfo[39m]  Created AgentRuntime: output {"profile":"fantasy_rpg","tools":["dialogue_service","dynamic_ui","... (5 items)"]}
02:00:12 [[32minfo[39m]  Agent initialized: quest - QuestAgent
02:00:12 [[32minfo[39m] [AGENT-START] Agent quest starting {"agent":"quest","provider":null,"toolsConfigured":11,"maxIterations":200,"isSubAgent":true}
02:00:12 [[32minfo[39m]  Created AgentRuntime: quest {"profile":"fantasy_rpg","tools":["quest_service","numerical_service","... (11 items)"]}
02:00:12 [[32minfo[39m]  Agent initialized: npc_party - NPCPartyAgent
02:00:12 [[32minfo[39m] [AGENT-START] Agent npc_party starting {"agent":"npc_party","provider":null,"toolsConfigured":9,"maxIterations":200,"isSubAgent":true}
02:00:12 [[32minfo[39m]  Created AgentRuntime: npc_party {"profile":"fantasy_rpg","tools":["npc_service","entity_graph_service","... (9 items)"]}
02:00:12 [[32minfo[39m]  Agent initialized: inventory - InventoryAgent
02:00:12 [[32minfo[39m] [AGENT-START] Agent inventory starting {"agent":"inventory","provider":null,"toolsConfigured":8,"maxIterations":200,"isSubAgent":true}
02:00:12 [[32minfo[39m]  Created AgentRuntime: inventory {"profile":"fantasy_rpg","tools":["inventory_service","template_pool_service","... (8 items)"]}
02:00:12 [[32minfo[39m]  Agent initialized: skill - SkillAgent
02:00:12 [[32minfo[39m] [AGENT-START] Agent skill starting {"agent":"skill","provider":null,"toolsConfigured":7,"maxIterations":200,"isSubAgent":true}
02:00:12 [[32minfo[39m]  Created AgentRuntime: skill {"profile":"fantasy_rpg","tools":["skill_service","template_pool_service","... (7 items)"]}
02:00:12 [[32minfo[39m]  Agent initialized: event - EventAgent
02:00:12 [[32minfo[39m] [AGENT-START] Agent event starting {"agent":"event","provider":null,"toolsConfigured":5,"maxIterations":200,"isSubAgent":true}
02:00:12 [[32minfo[39m]  Created AgentRuntime: event {"profile":"fantasy_rpg","tools":["event_service","game_time_service","... (5 items)"]}
02:00:12 [[32minfo[39m]  Agent initialized: time - TimeAgent
02:00:12 [[32minfo[39m] [AGENT-START] Agent time starting {"agent":"time","provider":null,"toolsConfigured":4,"maxIterations":200,"isSubAgent":true}
02:00:12 [[32minfo[39m]  Created AgentRuntime: time {"profile":"fantasy_rpg","tools":["game_time_service","rule_service","... (4 items)"]}
02:00:12 [[32minfo[39m]  Permissions configured from agent.tools for profile: fantasy_rpg
02:00:12 [[32minfo[39m]  YAML permissions configured
02:00:12 [[32minfo[39m]  Registering AgentRuntime instances to GameMasterAgent...
02:00:12 [[32minfo[39m]  Registered AgentRuntime to Coordinator: gamemaster
02:00:12 [[32minfo[39m]  Registered AgentRuntime to Coordinator: map
02:00:12 [[32minfo[39m]  Registered AgentRuntime to Coordinator: challenge
02:00:12 [[32minfo[39m]  Registered AgentRuntime to Coordinator: output
02:00:12 [[32minfo[39m]  Registered AgentRuntime to Coordinator: quest
02:00:12 [[32minfo[39m]  Registered AgentRuntime to Coordinator: npc_party
02:00:12 [[32minfo[39m]  Registered AgentRuntime to Coordinator: inventory
02:00:12 [[32minfo[39m]  Registered AgentRuntime to Coordinator: skill
02:00:12 [[32minfo[39m]  Registered AgentRuntime to Coordinator: event
02:00:12 [[32minfo[39m]  Registered AgentRuntime to Coordinator: time
02:00:12 [[32minfo[39m]  GameDataExpander configured (manifest path enabled)
02:00:12 [[32minfo[39m]  DedupService configured (dispatch log persistence enabled)
02:00:12 [[32minfo[39m]  Agent system initialized: 10 AgentRuntime instances created
鉁?Agent system initialized with 10 agents
鈿狅笍 YAML Agent system skipped: __vi_import_5__.initializeYamlAgentSystem is not a function
02:00:12 [[32minfo[39m]  Agent routes initialized
02:00:12 [[32minfo[39m]  Save routes initialized
02:00:12 [[32minfo[39m]  Synced template from YAML to DB: cthulhu-investigation
02:00:12 [[32minfo[39m]  Synced template from YAML to DB: cyberpunk-mercenary
02:00:12 [[32minfo[39m]  Synced template from YAML to DB: medieval-fantasy
02:00:12 [[32minfo[39m]  Synced template from YAML to DB: modern-romance
02:00:12 [[32minfo[39m]  Synced template from YAML to DB: xianxia
02:00:12 [[32minfo[39m]  Synced 5 templates from YAML to database
02:00:13 [[32minfo[39m]  Cache refreshed with 5 templates
02:00:13 [[32minfo[39m]  TemplateService loaded {"cachedTemplates":5}
鉁?Template YAML loaded and synced to DB
02:00:13 [[32minfo[39m]  Template routes initialized
鉁?Test environment setup complete
鉁?Database connection closed

 [32m鉁?[39m src/services/__tests__/template-items-customdata.test.ts [2m ([22m[2m20 tests[22m[2m)[22m[33m 1335[2mms[22m[39m
[90mstdout[2m | src/services/__tests__/template-world-context.test.ts[22m[39m
馃И Setting up comprehensive test environment...
鉁?Database connected
Running migration: 001_init.ts

[90mstdout[2m | src/services/__tests__/template-world-context.test.ts[22m[39m
Migration 001_init.ts completed successfully
Running migration: 002_add_equipped_index.ts

[90mstdout[2m | src/services/__tests__/template-world-context.test.ts[22m[39m
Migration 002_add_equipped_index.ts completed successfully
Running migration: 003_fix_information_boundaries_timestamps.ts

[90mstdout[2m | src/services/__tests__/template-world-context.test.ts[22m[39m
Migration 003_fix_information_boundaries_timestamps.ts completed successfully
Running migration: 004_drop_information_boundaries.ts
004_drop_information_boundaries: information_boundaries table not found, skipping migration
004_drop_information_boundaries: cleared custom_data.knowledge from 0 NPCs
Migration 004_drop_information_boundaries.ts completed successfully
Running migration: 005_drop_npc_relations.ts
005_drop_npc_relations: dropped npc_relations table
Migration 005_drop_npc_relations.ts completed successfully
Running migration: 006_awareness_relationship_events_states.ts
006: created entity_awareness_events table
006: created entity_awareness_states table
006: created entity_relationship_events table
006: created entity_relationship_states table
Migration 006_awareness_relationship_events_states.ts completed successfully
Running migration: 007_add_combat_mode.ts

[90mstdout[2m | src/agents/__tests__/yaml-permission-model.test.ts[2m > [22m[2mYAML 鍗曟枃浠舵潈闄愭ā鍨?[2m > [22m[2m搴斾粎鏍规嵁 profile.agents.*.tools 娲剧敓鍐欐潈闄愶紝璇绘潈闄愰粯璁ゆ斁琛?[22m[39m
02:00:13 [[33mwarn[39m]  All tools and permissions cleared
02:00:13 [[32minfo[39m]  Tool registered: npc_service - Test Permission Tool (v1.0.0)
02:00:13 [[32minfo[39m]  Tool registered: dialogue_service - Test Permission Tool (v1.0.0)
02:00:13 [[32minfo[39m]  Permissions configured from agent.tools for profile: fantasy_rpg

[90mstdout[2m | src/agents/__tests__/yaml-permission-model.test.ts[2m > [22m[2mToolSet 鏂规硶绾у伐鍏锋毚闇?[2m > [22m[2m搴斿悜 LLM 鏆撮湶鍏ㄩ儴璇绘柟娉曪紝浣嗗彧鏆撮湶 agent.tools 涓０鏄庣殑鍐欐柟娉?[22m[39m
02:00:13 [[33mwarn[39m]  All tools and permissions cleared
02:00:13 [[32minfo[39m]  Tool registered: npc_service - Test Permission Tool (v1.0.0)
02:00:13 [[32minfo[39m]  Tool registered: dialogue_service - Test Permission Tool (v1.0.0)

[90mstdout[2m | src/agents/__tests__/yaml-permission-model.test.ts[22m[39m
02:00:12 [[32minfo[39m]  Help registry loaded: 22 tools {"tools":["batch_query_service","challenge_service","... (22 items)"]}
02:00:12 [[32minfo[39m]  Creating GameMasterAgent (as AgentRuntime with isSubAgent=false)
02:00:12 [[32minfo[39m]  Handler subscribed {"eventType":"dialogue"}
02:00:12 [[32minfo[39m]  Handler subscribed {"eventType":"combat_end"}
02:00:12 [[32minfo[39m]  AwarenessAutoSubscriber subscribed to dialogue + combat_end events
02:00:12 [[32minfo[39m]  Agent initialized: gamemaster - GameMasterAgent
02:00:12 [[32minfo[39m] [AGENT-START] Agent gamemaster starting {"agent":"gamemaster","provider":null,"toolsConfigured":1,"maxIterations":200,"isSubAgent":false}
02:00:12 [[32minfo[39m]  Handler subscribed {"eventType":"chapter_advanced"}
02:00:12 [[32minfo[39m]  Creating AgentRuntime instances from default profile: fantasy_rpg
02:00:12 [[32minfo[39m]  Creating agents from profile: fantasy_rpg {"agentCount":10}
02:00:12 [[32minfo[39m]  Agent initialized: gamemaster - GameMasterAgent
02:00:12 [[32minfo[39m] [AGENT-START] Agent gamemaster starting {"agent":"gamemaster","provider":null,"toolsConfigured":1,"maxIterations":200,"isSubAgent":false}
02:00:12 [[32minfo[39m]  Created AgentRuntime: gamemaster {"profile":"fantasy_rpg","tools":["all"]}
02:00:12 [[32minfo[39m]  Agent initialized: map - MapAgent
02:00:12 [[32minfo[39m] [AGENT-START] Agent map starting {"agent":"map","provider":null,"toolsConfigured":7,"maxIterations":200,"isSubAgent":true}
02:00:12 [[32minfo[39m]  Created AgentRuntime: map {"profile":"fantasy_rpg","tools":["map_service","npc_service","... (7 items)"]}
02:00:12 [[32minfo[39m]  Agent initialized: challenge - ChallengeAgent
02:00:12 [[32minfo[39m] [AGENT-START] Agent challenge starting {"agent":"challenge","provider":null,"toolsConfigured":9,"maxIterations":200,"isSubAgent":true}
02:00:12 [[32minfo[39m]  Created AgentRuntime: challenge {"profile":"fantasy_rpg","tools":["challenge_service","numerical_service","... (9 items)"]}
02:00:12 [[32minfo[39m]  Agent initialized: output - OutputAgent
02:00:12 [[32minfo[39m] [AGENT-START] Agent output starting {"agent":"output","provider":null,"toolsConfigured":5,"maxIterations":200,"isSubAgent":true}
02:00:12 [[32minfo[39m]  Created AgentRuntime: output {"profile":"fantasy_rpg","tools":["dialogue_service","dynamic_ui","... (5 items)"]}
02:00:12 [[32minfo[39m]  Agent initialized: quest - QuestAgent
02:00:12 [[32minfo[39m] [AGENT-START] Agent quest starting {"agent":"quest","provider":null,"toolsConfigured":11,"maxIterations":200,"isSubAgent":true}
02:00:12 [[32minfo[39m]  Created AgentRuntime: quest {"profile":"fantasy_rpg","tools":["quest_service","numerical_service","... (11 items)"]}
02:00:12 [[32minfo[39m]  Agent initialized: npc_party - NPCPartyAgent
02:00:12 [[32minfo[39m] [AGENT-START] Agent npc_party starting {"agent":"npc_party","provider":null,"toolsConfigured":9,"maxIterations":200,"isSubAgent":true}
02:00:12 [[32minfo[39m]  Created AgentRuntime: npc_party {"profile":"fantasy_rpg","tools":["npc_service","entity_graph_service","... (9 items)"]}
02:00:12 [[32minfo[39m]  Agent initialized: inventory - InventoryAgent
02:00:12 [[32minfo[39m] [AGENT-START] Agent inventory starting {"agent":"inventory","provider":null,"toolsConfigured":8,"maxIterations":200,"isSubAgent":true}
02:00:12 [[32minfo[39m]  Created AgentRuntime: inventory {"profile":"fantasy_rpg","tools":["inventory_service","template_pool_service","... (8 items)"]}
02:00:12 [[32minfo[39m]  Agent initialized: skill - SkillAgent
02:00:12 [[32minfo[39m] [AGENT-START] Agent skill starting {"agent":"skill","provider":null,"toolsConfigured":7,"maxIterations":200,"isSubAgent":true}
02:00:12 [[32minfo[39m]  Created AgentRuntime: skill {"profile":"fantasy_rpg","tools":["skill_service","template_pool_service","... (7 items)"]}
02:00:12 [[32minfo[39m]  Agent initialized: event - EventAgent
02:00:12 [[32minfo[39m] [AGENT-START] Agent event starting {"agent":"event","provider":null,"toolsConfigured":5,"maxIterations":200,"isSubAgent":true}
02:00:12 [[32minfo[39m]  Created AgentRuntime: event {"profile":"fantasy_rpg","tools":["event_service","game_time_service","... (5 items)"]}
02:00:12 [[32minfo[39m]  Agent initialized: time - TimeAgent
02:00:12 [[32minfo[39m] [AGENT-START] Agent time starting {"agent":"time","provider":null,"toolsConfigured":4,"maxIterations":200,"isSubAgent":true}
02:00:12 [[32minfo[39m]  Created AgentRuntime: time {"profile":"fantasy_rpg","tools":["game_time_service","rule_service","... (4 items)"]}
02:00:12 [[32minfo[39m]  Permissions configured from agent.tools for profile: fantasy_rpg
02:00:12 [[32minfo[39m]  YAML permissions configured
02:00:12 [[32minfo[39m]  Registering AgentRuntime instances to GameMasterAgent...
02:00:12 [[32minfo[39m]  Registered AgentRuntime to Coordinator: gamemaster
02:00:12 [[32minfo[39m]  Registered AgentRuntime to Coordinator: map
02:00:12 [[32minfo[39m]  Registered AgentRuntime to Coordinator: challenge
02:00:12 [[32minfo[39m]  Registered AgentRuntime to Coordinator: output
02:00:12 [[32minfo[39m]  Registered AgentRuntime to Coordinator: quest
02:00:12 [[32minfo[39m]  Registered AgentRuntime to Coordinator: npc_party
02:00:12 [[32minfo[39m]  Registered AgentRuntime to Coordinator: inventory
02:00:12 [[32minfo[39m]  Registered AgentRuntime to Coordinator: skill
02:00:12 [[32minfo[39m]  Registered AgentRuntime to Coordinator: event
02:00:12 [[32minfo[39m]  Registered AgentRuntime to Coordinator: time
02:00:12 [[32minfo[39m]  GameDataExpander configured (manifest path enabled)
02:00:12 [[32minfo[39m]  DedupService configured (dispatch log persistence enabled)
02:00:12 [[32minfo[39m]  Agent system initialized: 10 AgentRuntime instances created
鉁?Agent system initialized with 10 agents
鈿狅笍 YAML Agent system skipped: __vi_import_5__.initializeYamlAgentSystem is not a function
02:00:12 [[32minfo[39m]  Agent routes initialized
02:00:12 [[32minfo[39m]  Save routes initialized
02:00:12 [[32minfo[39m]  Synced template from YAML to DB: cthulhu-investigation
02:00:12 [[32minfo[39m]  Synced template from YAML to DB: cyberpunk-mercenary
02:00:12 [[32minfo[39m]  Synced template from YAML to DB: medieval-fantasy
02:00:12 [[32minfo[39m]  Synced template from YAML to DB: modern-romance
02:00:13 [[32minfo[39m]  Synced template from YAML to DB: xianxia
02:00:13 [[32minfo[39m]  Synced 5 templates from YAML to database
02:00:13 [[32minfo[39m]  Cache refreshed with 5 templates
02:00:13 [[32minfo[39m]  TemplateService loaded {"cachedTemplates":5}
鉁?Template YAML loaded and synced to DB
02:00:13 [[32minfo[39m]  Template routes initialized
鉁?Test environment setup complete
鉁?Database connection closed

 [32m鉁?[39m src/agents/__tests__/yaml-permission-model.test.ts [2m ([22m[2m2 tests[22m[2m)[22m[33m 1966[2mms[22m[39m
[90mstdout[2m | src/services/__tests__/template-world-context.test.ts[22m[39m
007: added combat_states.mode column
Migration 007_add_combat_mode.ts completed successfully
Running migration: 008_add_saves_active_challenge_mode.ts
008: added saves.active_challenge_mode column
Migration 008_add_saves_active_challenge_mode.ts completed successfully
All migrations completed
鉁?Migrations completed
All seeds completed
鉁?Seeds completed
02:00:13 [[32minfo[39m]  Starting YAML-driven Agent system initialization
02:00:13 [[32minfo[39m]  Seeding ModelConfigService from environment
02:00:13 [[32minfo[39m]  No DEEPSEEK_API_KEY env var found, skipping env seed
02:00:13 [[32minfo[39m]  Seeded provider from convict config {"providerType":"openai","providerId":"a444043c-9ccb-45f5-9bb5-bcecaecc4ee5","model":"openrouter/free"}
02:00:13 [[32minfo[39m]  Creating LLMService with ModelConfigService
02:00:13 [[32minfo[39m]  Creating ContextService and DecisionLogService instances
02:00:13 [[32minfo[39m]  Initializing YAML-driven Agent profiles...
02:00:13 [[32minfo[39m]  Loading config from directory: C:\Users\super\Documents\trae_projects\AGG-main\packages\backend\config
02:00:13 [[32minfo[39m]  Loaded agent profile: fantasy_rpg
02:00:13 [[32minfo[39m]  Loaded agent profile: minimal_test
02:00:13 [[32minfo[39m]  Loaded 0 non-builtin profiles from database (0 builtin skipped, using YAML)
02:00:13 [[32minfo[39m]  Config loaded successfully: 2 profiles
02:00:13 [[32minfo[39m]  YAML config loaded successfully
02:00:13 [[32minfo[39m]  Context rules loaded {"agentCount":10}
02:00:13 [[32minfo[39m]  Default manifests loaded {"agentTypeCount":6,"manifestCount":8}
02:00:13 [[32minfo[39m]  Context rules file watcher started {"path":"C:\\Users\\super\\Documents\\trae_projects\\AGG-main\\packages\\backend\\config\\agent-context-rules.yaml"}
02:00:13 [[32minfo[39m]  Loaded 10 agent capabilities from YAML profiles
02:00:13 [[32minfo[39m]  ToolRegistry initialized
02:00:13 [[32minfo[39m]  Registering ServiceTools to ToolRegistry
02:00:13 [[32minfo[39m]  Tool registered: game_time_service - GameTime Service (v1.0.0)
02:00:13 [[32minfo[39m]  Tool registered: numerical_service - Numerical Service (v1.0.0)
02:00:13 [[32minfo[39m]  Tool registered: character_service - Character Service (v1.0.0)
02:00:13 [[32minfo[39m]  Tool registered: inventory_service - Inventory Service (v1.0.0)
02:00:13 [[32minfo[39m]  Tool registered: skill_service - Skill Service (v1.1.0)
02:00:13 [[32minfo[39m]  Tool registered: map_service - Map Service (v2.0.0)
02:00:13 [[32minfo[39m]  Tool registered: npc_service - NPC Service (v1.0.0)
02:00:13 [[32minfo[39m]  Tool registered: dialogue_service - Dialogue Service (v1.0.0)
02:00:13 [[32minfo[39m]  Tool registered: quest_service - Quest Service (v1.0.0)
02:00:13 [[32minfo[39m]  Tool registered: challenge_service - Challenge Service (v1.0.0)
02:00:13 [[32minfo[39m]  Tool registered: event_service - Event Service (v1.0.0)
02:00:13 [[32minfo[39m]  Tool registered: story_service - Story Service (v1.0.0)
02:00:13 [[32minfo[39m]  Tool registered: game_init_service - Game Init Service (v2.0.0)
02:00:13 [[32minfo[39m]  Tool registered: batch_query_service - Batch Query Service (v1.0.0)
02:00:13 [[32minfo[39m]  Tool registered: entity_graph_service - Entity Graph Service (v1.0.0)
02:00:13 [[32minfo[39m]  Tool registered: template_pool_service - Template Pool Service (v1.0.0)
02:00:13 [[32minfo[39m]  Tool registered: dynamic_ui - Dynamic UI Service (v1.0.0)
02:00:13 [[32minfo[39m]  Tool registered: generate_options - Generate Options Service (v2.0.0)
02:00:13 [[32minfo[39m]  Tool registered: coordinator_service - Coordinator Service (v1.0.0)
02:00:13 [[32minfo[39m]  Tool registered: rule_service - Rule Service (v1.0.0)
02:00:13 [[32minfo[39m]  Tool registered: skill_loader - Skill Loader (v1.0.0)
02:00:13 [[32minfo[39m]  Tool registered: help_service - Help Service (v1.0.0)
02:00:13 [[32minfo[39m]  Tool registered: memory_service - Memory Service (v1.0.0)
02:00:13 [[32minfo[39m]  Registered 23 ServiceTools to ToolRegistry
02:00:13 [[32minfo[39m]  Tool reference validation passed

[90mstdout[2m | src/services/__tests__/template-world-context.test.ts[22m[39m
02:00:13 [[32minfo[39m]  Discovered 187 help files {"dir":"C:\\Users\\super\\Documents\\trae_projects\\AGG-main\\packages\\backend\\config\\agent-help"}

[90mstdout[2m | src/services/__tests__/panel-update-broadcaster.test.ts[2m > [22m[2mPanelUpdateBroadcaster[2m > [22m[2mclientId 涓嶅瓨鍦ㄦ椂鍏ラ槦閲嶆斁[2m > [22m[2mgetClientIdBySaveId 杩斿洖 null 鏃朵粛璋?broadcastToClient 浼犲叆绌哄瓧绗︿覆[22m[39m
02:00:13 [[33mwarn[39m]  pushPanelUpdates: no client bound to saveId, payload will be enqueued for replay {"saveId":"save-1"}

[90mstdout[2m | src/services/__tests__/panel-update-broadcaster.test.ts[22m[39m
02:00:12 [[32minfo[39m]  Help registry loaded: 22 tools {"tools":["batch_query_service","challenge_service","... (22 items)"]}
02:00:12 [[32minfo[39m]  Creating GameMasterAgent (as AgentRuntime with isSubAgent=false)
02:00:12 [[32minfo[39m]  Handler subscribed {"eventType":"dialogue"}
02:00:12 [[32minfo[39m]  Handler subscribed {"eventType":"combat_end"}
02:00:12 [[32minfo[39m]  AwarenessAutoSubscriber subscribed to dialogue + combat_end events
02:00:12 [[32minfo[39m]  Agent initialized: gamemaster - GameMasterAgent
02:00:12 [[32minfo[39m] [AGENT-START] Agent gamemaster starting {"agent":"gamemaster","provider":null,"toolsConfigured":1,"maxIterations":200,"isSubAgent":false}
02:00:12 [[32minfo[39m]  Handler subscribed {"eventType":"chapter_advanced"}
02:00:12 [[32minfo[39m]  Creating AgentRuntime instances from default profile: fantasy_rpg
02:00:12 [[32minfo[39m]  Creating agents from profile: fantasy_rpg {"agentCount":10}
02:00:12 [[32minfo[39m]  Agent initialized: gamemaster - GameMasterAgent
02:00:12 [[32minfo[39m] [AGENT-START] Agent gamemaster starting {"agent":"gamemaster","provider":null,"toolsConfigured":1,"maxIterations":200,"isSubAgent":false}
02:00:12 [[32minfo[39m]  Created AgentRuntime: gamemaster {"profile":"fantasy_rpg","tools":["all"]}
02:00:12 [[32minfo[39m]  Agent initialized: map - MapAgent
02:00:12 [[32minfo[39m] [AGENT-START] Agent map starting {"agent":"map","provider":null,"toolsConfigured":7,"maxIterations":200,"isSubAgent":true}
02:00:12 [[32minfo[39m]  Created AgentRuntime: map {"profile":"fantasy_rpg","tools":["map_service","npc_service","... (7 items)"]}
02:00:12 [[32minfo[39m]  Agent initialized: challenge - ChallengeAgent
02:00:12 [[32minfo[39m] [AGENT-START] Agent challenge starting {"agent":"challenge","provider":null,"toolsConfigured":9,"maxIterations":200,"isSubAgent":true}
02:00:12 [[32minfo[39m]  Created AgentRuntime: challenge {"profile":"fantasy_rpg","tools":["challenge_service","numerical_service","... (9 items)"]}
02:00:12 [[32minfo[39m]  Agent initialized: output - OutputAgent
02:00:12 [[32minfo[39m] [AGENT-START] Agent output starting {"agent":"output","provider":null,"toolsConfigured":5,"maxIterations":200,"isSubAgent":true}
02:00:12 [[32minfo[39m]  Created AgentRuntime: output {"profile":"fantasy_rpg","tools":["dialogue_service","dynamic_ui","... (5 items)"]}
02:00:12 [[32minfo[39m]  Agent initialized: quest - QuestAgent
02:00:12 [[32minfo[39m] [AGENT-START] Agent quest starting {"agent":"quest","provider":null,"toolsConfigured":11,"maxIterations":200,"isSubAgent":true}
02:00:12 [[32minfo[39m]  Created AgentRuntime: quest {"profile":"fantasy_rpg","tools":["quest_service","numerical_service","... (11 items)"]}
02:00:12 [[32minfo[39m]  Agent initialized: npc_party - NPCPartyAgent
02:00:12 [[32minfo[39m] [AGENT-START] Agent npc_party starting {"agent":"npc_party","provider":null,"toolsConfigured":9,"maxIterations":200,"isSubAgent":true}
02:00:12 [[32minfo[39m]  Created AgentRuntime: npc_party {"profile":"fantasy_rpg","tools":["npc_service","entity_graph_service","... (9 items)"]}
02:00:12 [[32minfo[39m]  Agent initialized: inventory - InventoryAgent
02:00:12 [[32minfo[39m] [AGENT-START] Agent inventory starting {"agent":"inventory","provider":null,"toolsConfigured":8,"maxIterations":200,"isSubAgent":true}
02:00:12 [[32minfo[39m]  Created AgentRuntime: inventory {"profile":"fantasy_rpg","tools":["inventory_service","template_pool_service","... (8 items)"]}
02:00:12 [[32minfo[39m]  Agent initialized: skill - SkillAgent
02:00:12 [[32minfo[39m] [AGENT-START] Agent skill starting {"agent":"skill","provider":null,"toolsConfigured":7,"maxIterations":200,"isSubAgent":true}
02:00:12 [[32minfo[39m]  Created AgentRuntime: skill {"profile":"fantasy_rpg","tools":["skill_service","template_pool_service","... (7 items)"]}
02:00:12 [[32minfo[39m]  Agent initialized: event - EventAgent
02:00:12 [[32minfo[39m] [AGENT-START] Agent event starting {"agent":"event","provider":null,"toolsConfigured":5,"maxIterations":200,"isSubAgent":true}
02:00:12 [[32minfo[39m]  Created AgentRuntime: event {"profile":"fantasy_rpg","tools":["event_service","game_time_service","... (5 items)"]}
02:00:12 [[32minfo[39m]  Agent initialized: time - TimeAgent
02:00:12 [[32minfo[39m] [AGENT-START] Agent time starting {"agent":"time","provider":null,"toolsConfigured":4,"maxIterations":200,"isSubAgent":true}
02:00:12 [[32minfo[39m]  Created AgentRuntime: time {"profile":"fantasy_rpg","tools":["game_time_service","rule_service","... (4 items)"]}
02:00:12 [[32minfo[39m]  Permissions configured from agent.tools for profile: fantasy_rpg
02:00:12 [[32minfo[39m]  YAML permissions configured
02:00:12 [[32minfo[39m]  Registering AgentRuntime instances to GameMasterAgent...
02:00:12 [[32minfo[39m]  Registered AgentRuntime to Coordinator: gamemaster
02:00:12 [[32minfo[39m]  Registered AgentRuntime to Coordinator: map
02:00:12 [[32minfo[39m]  Registered AgentRuntime to Coordinator: challenge
02:00:12 [[32minfo[39m]  Registered AgentRuntime to Coordinator: output
02:00:12 [[32minfo[39m]  Registered AgentRuntime to Coordinator: quest
02:00:12 [[32minfo[39m]  Registered AgentRuntime to Coordinator: npc_party
02:00:12 [[32minfo[39m]  Registered AgentRuntime to Coordinator: inventory
02:00:12 [[32minfo[39m]  Registered AgentRuntime to Coordinator: skill
02:00:12 [[32minfo[39m]  Registered AgentRuntime to Coordinator: event
02:00:12 [[32minfo[39m]  Registered AgentRuntime to Coordinator: time
02:00:12 [[32minfo[39m]  GameDataExpander configured (manifest path enabled)
02:00:12 [[32minfo[39m]  DedupService configured (dispatch log persistence enabled)
02:00:12 [[32minfo[39m]  Agent system initialized: 10 AgentRuntime instances created
鉁?Agent system initialized with 10 agents
鈿狅笍 YAML Agent system skipped: __vi_import_5__.initializeYamlAgentSystem is not a function
02:00:13 [[32minfo[39m]  Agent routes initialized
02:00:13 [[32minfo[39m]  Save routes initialized
02:00:13 [[32minfo[39m]  Synced template from YAML to DB: cthulhu-investigation
02:00:13 [[32minfo[39m]  Synced template from YAML to DB: cyberpunk-mercenary
02:00:13 [[32minfo[39m]  Synced template from YAML to DB: medieval-fantasy
02:00:13 [[32minfo[39m]  Synced template from YAML to DB: modern-romance
02:00:13 [[32minfo[39m]  Synced template from YAML to DB: xianxia
02:00:13 [[32minfo[39m]  Synced 5 templates from YAML to database
02:00:13 [[32minfo[39m]  Cache refreshed with 5 templates
02:00:13 [[32minfo[39m]  TemplateService loaded {"cachedTemplates":5}
鉁?Template YAML loaded and synced to DB
02:00:13 [[32minfo[39m]  Template routes initialized
鉁?Test environment setup complete
鉁?Database connection closed

 [32m鉁?[39m src/services/__tests__/panel-update-broadcaster.test.ts [2m ([22m[2m9 tests[22m[2m)[22m[33m 4713[2mms[22m[39m
[90mstdout[2m | src/agents/__tests__/react-engine-debug-extraction.test.ts[2m > [22m[2mReActEngine: _debug 瀛楁鎻愬彇涓庡墺绂?[2m > [22m[2mLLM 鍝嶅簲鍚?_debug 瀛楁鏃讹紝鎻愬彇鍒?ReActEngineResult.debug[22m[39m
02:00:13 [[32minfo[39m]  [LLM_DEBUG] gamemaster reported 1 issue(s) {"agent":"gamemaster","issueCount":1,"types":["tool_failure"]}

[90mstdout[2m | src/agents/__tests__/react-engine-debug-extraction.test.ts[2m > [22m[2mReActEngine: _debug 瀛楁鎻愬彇涓庡墺绂?[2m > [22m[2m鎻愬彇鍚?content 涓笉鍐嶅寘鍚?_debug 瀛楁[22m[39m
02:00:13 [[32minfo[39m]  [LLM_DEBUG] gamemaster reported 1 issue(s) {"agent":"gamemaster","issueCount":1,"types":["data_inconsistency"]}

[90mstdout[2m | src/agents/__tests__/react-engine-debug-extraction.test.ts[2m > [22m[2mReActEngine: _debug 瀛楁鎻愬彇涓庡墺绂?[2m > [22m[2m_debug.issues 涓嶆槸鏁扮粍鏃讹紝鍏滃簳涓虹┖鏁扮粍[22m[39m
02:00:13 [[32minfo[39m]  [LLM_DEBUG] gamemaster reported 0 issue(s) {"agent":"gamemaster","issueCount":0,"types":[]}

[90mstdout[2m | src/agents/__tests__/react-engine-debug-extraction.test.ts[2m > [22m[2mReActEngine: _debug 瀛楁鎻愬彇涓庡墺绂?[2m > [22m[2m_debug.issues 鍏冪礌缂哄皯 type 鏃讹紝鍏滃簳涓?data_inconsistency[22m[39m
02:00:13 [[32minfo[39m]  [LLM_DEBUG] gamemaster reported 1 issue(s) {"agent":"gamemaster","issueCount":1,"types":["data_inconsistency"]}

[90mstdout[2m | src/agents/__tests__/react-engine-debug-extraction.test.ts[2m > [22m[2mReActEngine: _debug 瀛楁鎻愬彇涓庡墺绂?[2m > [22m[2m_debug.issues 鍏冪礌鐨?type 涓嶅湪鍚堟硶鏋氫妇涓椂锛屽厹搴曚负 data_inconsistency[22m[39m
02:00:13 [[32minfo[39m]  [LLM_DEBUG] gamemaster reported 1 issue(s) {"agent":"gamemaster","issueCount":1,"types":["data_inconsistency"]}

[90mstdout[2m | src/agents/__tests__/react-engine-debug-extraction.test.ts[2m > [22m[2mReActEngine: _debug 瀛楁鎻愬彇涓庡墺绂?[2m > [22m[2m澶氫釜 issues 閮借姝ｇ‘鎻愬彇[22m[39m
02:00:13 [[32minfo[39m]  [LLM_DEBUG] gamemaster reported 5 issue(s) {"agent":"gamemaster","issueCount":5,"types":["tool_failure","data_inconsistency","state_loss","missing_dependency","loop_detection"]}

[90mstdout[2m | src/agents/__tests__/react-engine-debug-extraction.test.ts[2m > [22m[2mReActEngine: _debug 瀛楁鎻愬彇涓庡墺绂?[2m > [22m[2mdialogue 瀛楁鍦ㄥ墺绂?_debug 鍚庝繚鎸佸畬鏁?[22m[39m
02:00:13 [[32minfo[39m]  [LLM_DEBUG] gamemaster reported 1 issue(s) {"agent":"gamemaster","issueCount":1,"types":["tool_failure"]}

[90mstdout[2m | src/agents/__tests__/react-engine-debug-extraction.test.ts[22m[39m
02:00:13 [[32minfo[39m]  Help registry loaded: 22 tools {"tools":["batch_query_service","challenge_service","... (22 items)"]}
02:00:13 [[32minfo[39m]  Creating GameMasterAgent (as AgentRuntime with isSubAgent=false)
02:00:13 [[32minfo[39m]  Handler subscribed {"eventType":"dialogue"}
02:00:13 [[32minfo[39m]  Handler subscribed {"eventType":"combat_end"}
02:00:13 [[32minfo[39m]  AwarenessAutoSubscriber subscribed to dialogue + combat_end events
02:00:13 [[32minfo[39m]  Agent initialized: gamemaster - GameMasterAgent
02:00:13 [[32minfo[39m] [AGENT-START] Agent gamemaster starting {"agent":"gamemaster","provider":null,"toolsConfigured":1,"maxIterations":200,"isSubAgent":false}
02:00:13 [[32minfo[39m]  Handler subscribed {"eventType":"chapter_advanced"}
02:00:13 [[32minfo[39m]  Creating AgentRuntime instances from default profile: fantasy_rpg
02:00:13 [[32minfo[39m]  Creating agents from profile: fantasy_rpg {"agentCount":10}
02:00:13 [[32minfo[39m]  Agent initialized: gamemaster - GameMasterAgent
02:00:13 [[32minfo[39m] [AGENT-START] Agent gamemaster starting {"agent":"gamemaster","provider":null,"toolsConfigured":1,"maxIterations":200,"isSubAgent":false}
02:00:13 [[32minfo[39m]  Created AgentRuntime: gamemaster {"profile":"fantasy_rpg","tools":["all"]}
02:00:13 [[32minfo[39m]  Agent initialized: map - MapAgent
02:00:13 [[32minfo[39m] [AGENT-START] Agent map starting {"agent":"map","provider":null,"toolsConfigured":7,"maxIterations":200,"isSubAgent":true}
02:00:13 [[32minfo[39m]  Created AgentRuntime: map {"profile":"fantasy_rpg","tools":["map_service","npc_service","... (7 items)"]}
02:00:13 [[32minfo[39m]  Agent initialized: challenge - ChallengeAgent
02:00:13 [[32minfo[39m] [AGENT-START] Agent challenge starting {"agent":"challenge","provider":null,"toolsConfigured":9,"maxIterations":200,"isSubAgent":true}
02:00:13 [[32minfo[39m]  Created AgentRuntime: challenge {"profile":"fantasy_rpg","tools":["challenge_service","numerical_service","... (9 items)"]}
02:00:13 [[32minfo[39m]  Agent initialized: output - OutputAgent
02:00:13 [[32minfo[39m] [AGENT-START] Agent output starting {"agent":"output","provider":null,"toolsConfigured":5,"maxIterations":200,"isSubAgent":true}
02:00:13 [[32minfo[39m]  Created AgentRuntime: output {"profile":"fantasy_rpg","tools":["dialogue_service","dynamic_ui","... (5 items)"]}
02:00:13 [[32minfo[39m]  Agent initialized: quest - QuestAgent
02:00:13 [[32minfo[39m] [AGENT-START] Agent quest starting {"agent":"quest","provider":null,"toolsConfigured":11,"maxIterations":200,"isSubAgent":true}
02:00:13 [[32minfo[39m]  Created AgentRuntime: quest {"profile":"fantasy_rpg","tools":["quest_service","numerical_service","... (11 items)"]}
02:00:13 [[32minfo[39m]  Agent initialized: npc_party - NPCPartyAgent
02:00:13 [[32minfo[39m] [AGENT-START] Agent npc_party starting {"agent":"npc_party","provider":null,"toolsConfigured":9,"maxIterations":200,"isSubAgent":true}
02:00:13 [[32minfo[39m]  Created AgentRuntime: npc_party {"profile":"fantasy_rpg","tools":["npc_service","entity_graph_service","... (9 items)"]}
02:00:13 [[32minfo[39m]  Agent initialized: inventory - InventoryAgent
02:00:13 [[32minfo[39m] [AGENT-START] Agent inventory starting {"agent":"inventory","provider":null,"toolsConfigured":8,"maxIterations":200,"isSubAgent":true}
02:00:13 [[32minfo[39m]  Created AgentRuntime: inventory {"profile":"fantasy_rpg","tools":["inventory_service","template_pool_service","... (8 items)"]}
02:00:13 [[32minfo[39m]  Agent initialized: skill - SkillAgent
02:00:13 [[32minfo[39m] [AGENT-START] Agent skill starting {"agent":"skill","provider":null,"toolsConfigured":7,"maxIterations":200,"isSubAgent":true}
02:00:13 [[32minfo[39m]  Created AgentRuntime: skill {"profile":"fantasy_rpg","tools":["skill_service","template_pool_service","... (7 items)"]}
02:00:13 [[32minfo[39m]  Agent initialized: event - EventAgent
02:00:13 [[32minfo[39m] [AGENT-START] Agent event starting {"agent":"event","provider":null,"toolsConfigured":5,"maxIterations":200,"isSubAgent":true}
02:00:13 [[32minfo[39m]  Created AgentRuntime: event {"profile":"fantasy_rpg","tools":["event_service","game_time_service","... (5 items)"]}
02:00:13 [[32minfo[39m]  Agent initialized: time - TimeAgent
02:00:13 [[32minfo[39m] [AGENT-START] Agent time starting {"agent":"time","provider":null,"toolsConfigured":4,"maxIterations":200,"isSubAgent":true}
02:00:13 [[32minfo[39m]  Created AgentRuntime: time {"profile":"fantasy_rpg","tools":["game_time_service","rule_service","... (4 items)"]}
02:00:13 [[32minfo[39m]  Permissions configured from agent.tools for profile: fantasy_rpg
02:00:13 [[32minfo[39m]  YAML permissions configured
02:00:13 [[32minfo[39m]  Registering AgentRuntime instances to GameMasterAgent...
02:00:13 [[32minfo[39m]  Registered AgentRuntime to Coordinator: gamemaster
02:00:13 [[32minfo[39m]  Registered AgentRuntime to Coordinator: map
02:00:13 [[32minfo[39m]  Registered AgentRuntime to Coordinator: challenge
02:00:13 [[32minfo[39m]  Registered AgentRuntime to Coordinator: output
02:00:13 [[32minfo[39m]  Registered AgentRuntime to Coordinator: quest
02:00:13 [[32minfo[39m]  Registered AgentRuntime to Coordinator: npc_party
02:00:13 [[32minfo[39m]  Registered AgentRuntime to Coordinator: inventory
02:00:13 [[32minfo[39m]  Registered AgentRuntime to Coordinator: skill
02:00:13 [[32minfo[39m]  Registered AgentRuntime to Coordinator: event
02:00:13 [[32minfo[39m]  Registered AgentRuntime to Coordinator: time
02:00:13 [[32minfo[39m]  GameDataExpander configured (manifest path enabled)
02:00:13 [[32minfo[39m]  DedupService configured (dispatch log persistence enabled)
02:00:13 [[32minfo[39m]  Agent system initialized: 10 AgentRuntime instances created
鉁?Agent system initialized with 10 agents
鈿狅笍 YAML Agent system skipped: __vi_import_5__.initializeYamlAgentSystem is not a function
02:00:13 [[32minfo[39m]  Agent routes initialized
02:00:13 [[32minfo[39m]  Save routes initialized
02:00:13 [[32minfo[39m]  Synced template from YAML to DB: cthulhu-investigation
02:00:13 [[32minfo[39m]  Synced template from YAML to DB: cyberpunk-mercenary
02:00:13 [[32minfo[39m]  Synced template from YAML to DB: medieval-fantasy
02:00:13 [[32minfo[39m]  Synced template from YAML to DB: modern-romance
02:00:13 [[32minfo[39m]  Synced template from YAML to DB: xianxia
02:00:13 [[32minfo[39m]  Synced 5 templates from YAML to database
02:00:13 [[32minfo[39m]  Cache refreshed with 5 templates
02:00:13 [[32minfo[39m]  TemplateService loaded {"cachedTemplates":5}
鉁?Template YAML loaded and synced to DB
02:00:13 [[32minfo[39m]  Template routes initialized
鉁?Test environment setup complete
鉁?Database connection closed

 [32m鉁?[39m src/agents/__tests__/react-engine-debug-extraction.test.ts [2m ([22m[2m10 tests[22m[2m)[22m[33m 4806[2mms[22m[39m
[90mstdout[2m | src/services/__tests__/template-world-context.test.ts[22m[39m
02:00:13 [[32minfo[39m]  Help registry loaded: 22 tools {"tools":["batch_query_service","challenge_service","... (22 items)"]}
02:00:13 [[32minfo[39m]  Creating GameMasterAgent (as AgentRuntime with isSubAgent=false)
02:00:13 [[32minfo[39m]  Handler subscribed {"eventType":"dialogue"}
02:00:13 [[32minfo[39m]  Handler subscribed {"eventType":"combat_end"}
02:00:13 [[32minfo[39m]  AwarenessAutoSubscriber subscribed to dialogue + combat_end events
02:00:13 [[32minfo[39m]  Agent initialized: gamemaster - GameMasterAgent
02:00:13 [[32minfo[39m] [AGENT-START] Agent gamemaster starting {"agent":"gamemaster","provider":null,"toolsConfigured":1,"maxIterations":200,"isSubAgent":false}
02:00:13 [[32minfo[39m]  Handler subscribed {"eventType":"chapter_advanced"}
02:00:13 [[32minfo[39m]  Creating AgentRuntime instances from default profile: fantasy_rpg
02:00:13 [[32minfo[39m]  Creating agents from profile: fantasy_rpg {"agentCount":10}
02:00:13 [[32minfo[39m]  Agent initialized: gamemaster - GameMasterAgent
02:00:13 [[32minfo[39m] [AGENT-START] Agent gamemaster starting {"agent":"gamemaster","provider":null,"toolsConfigured":1,"maxIterations":200,"isSubAgent":false}
02:00:13 [[32minfo[39m]  Created AgentRuntime: gamemaster {"profile":"fantasy_rpg","tools":["all"]}
02:00:13 [[32minfo[39m]  Agent initialized: map - MapAgent
02:00:13 [[32minfo[39m] [AGENT-START] Agent map starting {"agent":"map","provider":null,"toolsConfigured":7,"maxIterations":200,"isSubAgent":true}
02:00:13 [[32minfo[39m]  Created AgentRuntime: map {"profile":"fantasy_rpg","tools":["map_service","npc_service","... (7 items)"]}
02:00:13 [[32minfo[39m]  Agent initialized: challenge - ChallengeAgent
02:00:13 [[32minfo[39m] [AGENT-START] Agent challenge starting {"agent":"challenge","provider":null,"toolsConfigured":9,"maxIterations":200,"isSubAgent":true}
02:00:13 [[32minfo[39m]  Created AgentRuntime: challenge {"profile":"fantasy_rpg","tools":["challenge_service","numerical_service","... (9 items)"]}
02:00:13 [[32minfo[39m]  Agent initialized: output - OutputAgent
02:00:13 [[32minfo[39m] [AGENT-START] Agent output starting {"agent":"output","provider":null,"toolsConfigured":5,"maxIterations":200,"isSubAgent":true}
02:00:13 [[32minfo[39m]  Created AgentRuntime: output {"profile":"fantasy_rpg","tools":["dialogue_service","dynamic_ui","... (5 items)"]}
02:00:13 [[32minfo[39m]  Agent initialized: quest - QuestAgent
02:00:13 [[32minfo[39m] [AGENT-START] Agent quest starting {"agent":"quest","provider":null,"toolsConfigured":11,"maxIterations":200,"isSubAgent":true}
02:00:13 [[32minfo[39m]  Created AgentRuntime: quest {"profile":"fantasy_rpg","tools":["quest_service","numerical_service","... (11 items)"]}
02:00:13 [[32minfo[39m]  Agent initialized: npc_party - NPCPartyAgent
02:00:13 [[32minfo[39m] [AGENT-START] Agent npc_party starting {"agent":"npc_party","provider":null,"toolsConfigured":9,"maxIterations":200,"isSubAgent":true}
02:00:13 [[32minfo[39m]  Created AgentRuntime: npc_party {"profile":"fantasy_rpg","tools":["npc_service","entity_graph_service","... (9 items)"]}
02:00:13 [[32minfo[39m]  Agent initialized: inventory - InventoryAgent
02:00:13 [[32minfo[39m] [AGENT-START] Agent inventory starting {"agent":"inventory","provider":null,"toolsConfigured":8,"maxIterations":200,"isSubAgent":true}
02:00:13 [[32minfo[39m]  Created AgentRuntime: inventory {"profile":"fantasy_rpg","tools":["inventory_service","template_pool_service","... (8 items)"]}
02:00:13 [[32minfo[39m]  Agent initialized: skill - SkillAgent
02:00:13 [[32minfo[39m] [AGENT-START] Agent skill starting {"agent":"skill","provider":null,"toolsConfigured":7,"maxIterations":200,"isSubAgent":true}
02:00:13 [[32minfo[39m]  Created AgentRuntime: skill {"profile":"fantasy_rpg","tools":["skill_service","template_pool_service","... (7 items)"]}
02:00:13 [[32minfo[39m]  Agent initialized: event - EventAgent
02:00:13 [[32minfo[39m] [AGENT-START] Agent event starting {"agent":"event","provider":null,"toolsConfigured":5,"maxIterations":200,"isSubAgent":true}
02:00:13 [[32minfo[39m]  Created AgentRuntime: event {"profile":"fantasy_rpg","tools":["event_service","game_time_service","... (5 items)"]}
02:00:13 [[32minfo[39m]  Agent initialized: time - TimeAgent
02:00:13 [[32minfo[39m] [AGENT-START] Agent time starting {"agent":"time","provider":null,"toolsConfigured":4,"maxIterations":200,"isSubAgent":true}
02:00:13 [[32minfo[39m]  Created AgentRuntime: time {"profile":"fantasy_rpg","tools":["game_time_service","rule_service","... (4 items)"]}
02:00:13 [[32minfo[39m]  Permissions configured from agent.tools for profile: fantasy_rpg
02:00:13 [[32minfo[39m]  YAML permissions configured
02:00:13 [[32minfo[39m]  Registering AgentRuntime instances to GameMasterAgent...
02:00:13 [[32minfo[39m]  Registered AgentRuntime to Coordinator: gamemaster
02:00:13 [[32minfo[39m]  Registered AgentRuntime to Coordinator: map
02:00:13 [[32minfo[39m]  Registered AgentRuntime to Coordinator: challenge
02:00:13 [[32minfo[39m]  Registered AgentRuntime to Coordinator: output
02:00:13 [[32minfo[39m]  Registered AgentRuntime to Coordinator: quest
02:00:13 [[32minfo[39m]  Registered AgentRuntime to Coordinator: npc_party
02:00:13 [[32minfo[39m]  Registered AgentRuntime to Coordinator: inventory
02:00:13 [[32minfo[39m]  Registered AgentRuntime to Coordinator: skill
02:00:13 [[32minfo[39m]  Registered AgentRuntime to Coordinator: event
02:00:13 [[32minfo[39m]  Registered AgentRuntime to Coordinator: time
02:00:13 [[32minfo[39m]  GameDataExpander configured (manifest path enabled)
02:00:13 [[32minfo[39m]  DedupService configured (dispatch log persistence enabled)
02:00:13 [[32minfo[39m]  Agent system initialized: 10 AgentRuntime instances created
鉁?Agent system initialized with 10 agents
鈿狅笍 YAML Agent system skipped: __vi_import_5__.initializeYamlAgentSystem is not a function
02:00:13 [[32minfo[39m]  Agent routes initialized
02:00:13 [[32minfo[39m]  Save routes initialized
02:00:13 [[32minfo[39m]  Synced template from YAML to DB: cthulhu-investigation
02:00:13 [[32minfo[39m]  Synced template from YAML to DB: cyberpunk-mercenary
02:00:13 [[32minfo[39m]  Synced template from YAML to DB: medieval-fantasy
02:00:13 [[32minfo[39m]  Synced template from YAML to DB: modern-romance
02:00:13 [[32minfo[39m]  Synced template from YAML to DB: xianxia
02:00:13 [[32minfo[39m]  Synced 5 templates from YAML to database
02:00:13 [[32minfo[39m]  Cache refreshed with 5 templates
02:00:13 [[32minfo[39m]  TemplateService loaded {"cachedTemplates":5}
鉁?Template YAML loaded and synced to DB
02:00:13 [[32minfo[39m]  Template routes initialized
鉁?Test environment setup complete
鉁?Database connection closed

 [32m鉁?[39m src/services/__tests__/template-world-context.test.ts [2m ([22m[2m10 tests[22m[2m)[22m[33m 769[2mms[22m[39m
[90mstdout[2m | src/game-systems/combat/__tests__/normalizeCombatResult.test.ts[22m[39m
馃И Setting up comprehensive test environment...
鉁?Database connected
Running migration: 001_init.ts

[90mstdout[2m | src/game-systems/combat/__tests__/normalizeCombatResult.test.ts[22m[39m
Migration 001_init.ts completed successfully
Running migration: 002_add_equipped_index.ts

[90mstdout[2m | src/game-systems/combat/__tests__/normalizeCombatResult.test.ts[22m[39m
Migration 002_add_equipped_index.ts completed successfully
Running migration: 003_fix_information_boundaries_timestamps.ts

[90mstdout[2m | src/game-systems/combat/__tests__/normalizeCombatResult.test.ts[22m[39m
Migration 003_fix_information_boundaries_timestamps.ts completed successfully
Running migration: 004_drop_information_boundaries.ts
004_drop_information_boundaries: information_boundaries table not found, skipping migration
004_drop_information_boundaries: cleared custom_data.knowledge from 0 NPCs
Migration 004_drop_information_boundaries.ts completed successfully
Running migration: 005_drop_npc_relations.ts

[90mstdout[2m | src/game-systems/combat/__tests__/normalizeCombatResult.test.ts[22m[39m
005_drop_npc_relations: dropped npc_relations table
Migration 005_drop_npc_relations.ts completed successfully
Running migration: 006_awareness_relationship_events_states.ts
006: created entity_awareness_events table
006: created entity_awareness_states table
006: created entity_relationship_events table
006: created entity_relationship_states table
Migration 006_awareness_relationship_events_states.ts completed successfully
Running migration: 007_add_combat_mode.ts
007: added combat_states.mode column
Migration 007_add_combat_mode.ts completed successfully
Running migration: 008_add_saves_active_challenge_mode.ts

[90mstdout[2m | src/game-systems/story/__tests__/AgentContextRepository.test.ts[22m[39m
馃И Setting up comprehensive test environment...
鉁?Database connected
Running migration: 001_init.ts

[90mstdout[2m | src/game-systems/inventory/__tests__/InventoryService.test.ts[22m[39m
馃И Setting up comprehensive test environment...
鉁?Database connected
Running migration: 001_init.ts

[90mstdout[2m | src/game-systems/story/__tests__/AgentContextRepository.test.ts[22m[39m
Migration 001_init.ts completed successfully
Running migration: 002_add_equipped_index.ts

[90mstdout[2m | src/game-systems/story/__tests__/AgentContextRepository.test.ts[22m[39m
Migration 002_add_equipped_index.ts completed successfully
Running migration: 003_fix_information_boundaries_timestamps.ts

[90mstdout[2m | src/game-systems/story/__tests__/AgentContextRepository.test.ts[22m[39m
Migration 003_fix_information_boundaries_timestamps.ts completed successfully
Running migration: 004_drop_information_boundaries.ts

[90mstdout[2m | src/game-systems/story/__tests__/AgentContextRepository.test.ts[22m[39m
004_drop_information_boundaries: information_boundaries table not found, skipping migration
004_drop_information_boundaries: cleared custom_data.knowledge from 0 NPCs
Migration 004_drop_information_boundaries.ts completed successfully
Running migration: 005_drop_npc_relations.ts

[90mstdout[2m | src/game-systems/story/__tests__/AgentContextRepository.test.ts[22m[39m
005_drop_npc_relations: dropped npc_relations table
Migration 005_drop_npc_relations.ts completed successfully
Running migration: 006_awareness_relationship_events_states.ts
006: created entity_awareness_events table
006: created entity_awareness_states table
006: created entity_relationship_events table
006: created entity_relationship_states table
Migration 006_awareness_relationship_events_states.ts completed successfully
Running migration: 007_add_combat_mode.ts
007: added combat_states.mode column
Migration 007_add_combat_mode.ts completed successfully
Running migration: 008_add_saves_active_challenge_mode.ts

[90mstdout[2m | src/game-systems/combat/__tests__/normalizeCombatResult.test.ts[22m[39m
008: added saves.active_challenge_mode column
Migration 008_add_saves_active_challenge_mode.ts completed successfully
All migrations completed
鉁?Migrations completed
All seeds completed
鉁?Seeds completed
02:00:14 [[32minfo[39m]  Starting YAML-driven Agent system initialization
02:00:14 [[32minfo[39m]  Seeding ModelConfigService from environment
02:00:14 [[32minfo[39m]  No DEEPSEEK_API_KEY env var found, skipping env seed
02:00:14 [[32minfo[39m]  Seeded provider from convict config {"providerType":"openai","providerId":"230de13c-af84-46f4-84a2-d3d491434560","model":"openrouter/free"}
02:00:14 [[32minfo[39m]  Creating LLMService with ModelConfigService
02:00:14 [[32minfo[39m]  Creating ContextService and DecisionLogService instances
02:00:14 [[32minfo[39m]  Initializing YAML-driven Agent profiles...
02:00:14 [[32minfo[39m]  Loading config from directory: C:\Users\super\Documents\trae_projects\AGG-main\packages\backend\config
02:00:14 [[32minfo[39m]  Loaded agent profile: fantasy_rpg
02:00:14 [[32minfo[39m]  Loaded agent profile: minimal_test
02:00:14 [[32minfo[39m]  Loaded 0 non-builtin profiles from database (0 builtin skipped, using YAML)
02:00:14 [[32minfo[39m]  Config loaded successfully: 2 profiles
02:00:14 [[32minfo[39m]  YAML config loaded successfully
02:00:14 [[32minfo[39m]  Context rules loaded {"agentCount":10}
02:00:14 [[32minfo[39m]  Default manifests loaded {"agentTypeCount":6,"manifestCount":8}
02:00:14 [[32minfo[39m]  Context rules file watcher started {"path":"C:\\Users\\super\\Documents\\trae_projects\\AGG-main\\packages\\backend\\config\\agent-context-rules.yaml"}
02:00:14 [[32minfo[39m]  Loaded 10 agent capabilities from YAML profiles
02:00:14 [[32minfo[39m]  ToolRegistry initialized
02:00:14 [[32minfo[39m]  Registering ServiceTools to ToolRegistry
02:00:14 [[32minfo[39m]  Tool registered: game_time_service - GameTime Service (v1.0.0)
02:00:14 [[32minfo[39m]  Tool registered: numerical_service - Numerical Service (v1.0.0)
02:00:14 [[32minfo[39m]  Tool registered: character_service - Character Service (v1.0.0)
02:00:14 [[32minfo[39m]  Tool registered: inventory_service - Inventory Service (v1.0.0)
02:00:14 [[32minfo[39m]  Tool registered: skill_service - Skill Service (v1.1.0)
02:00:14 [[32minfo[39m]  Tool registered: map_service - Map Service (v2.0.0)
02:00:14 [[32minfo[39m]  Tool registered: npc_service - NPC Service (v1.0.0)
02:00:14 [[32minfo[39m]  Tool registered: dialogue_service - Dialogue Service (v1.0.0)
02:00:14 [[32minfo[39m]  Tool registered: quest_service - Quest Service (v1.0.0)
02:00:14 [[32minfo[39m]  Tool registered: challenge_service - Challenge Service (v1.0.0)
02:00:14 [[32minfo[39m]  Tool registered: event_service - Event Service (v1.0.0)
02:00:14 [[32minfo[39m]  Tool registered: story_service - Story Service (v1.0.0)
02:00:14 [[32minfo[39m]  Tool registered: game_init_service - Game Init Service (v2.0.0)
02:00:14 [[32minfo[39m]  Tool registered: batch_query_service - Batch Query Service (v1.0.0)
02:00:14 [[32minfo[39m]  Tool registered: entity_graph_service - Entity Graph Service (v1.0.0)
02:00:14 [[32minfo[39m]  Tool registered: template_pool_service - Template Pool Service (v1.0.0)
02:00:14 [[32minfo[39m]  Tool registered: dynamic_ui - Dynamic UI Service (v1.0.0)
02:00:14 [[32minfo[39m]  Tool registered: generate_options - Generate Options Service (v2.0.0)
02:00:14 [[32minfo[39m]  Tool registered: coordinator_service - Coordinator Service (v1.0.0)
02:00:14 [[32minfo[39m]  Tool registered: rule_service - Rule Service (v1.0.0)
02:00:14 [[32minfo[39m]  Tool registered: skill_loader - Skill Loader (v1.0.0)
02:00:14 [[32minfo[39m]  Tool registered: help_service - Help Service (v1.0.0)
02:00:14 [[32minfo[39m]  Tool registered: memory_service - Memory Service (v1.0.0)
02:00:14 [[32minfo[39m]  Registered 23 ServiceTools to ToolRegistry
02:00:14 [[32minfo[39m]  Tool reference validation passed

[90mstdout[2m | src/game-systems/story/__tests__/AgentContextRepository.test.ts[22m[39m
008: added saves.active_challenge_mode column
Migration 008_add_saves_active_challenge_mode.ts completed successfully
All migrations completed
鉁?Migrations completed
All seeds completed
鉁?Seeds completed
02:00:14 [[32minfo[39m]  Starting YAML-driven Agent system initialization
02:00:14 [[32minfo[39m]  Seeding ModelConfigService from environment
02:00:14 [[32minfo[39m]  No DEEPSEEK_API_KEY env var found, skipping env seed
02:00:14 [[32minfo[39m]  Seeded provider from convict config {"providerType":"openai","providerId":"73b7d2eb-96d7-4167-92c8-e97257d0447f","model":"openrouter/free"}
02:00:14 [[32minfo[39m]  Creating LLMService with ModelConfigService
02:00:14 [[32minfo[39m]  Creating ContextService and DecisionLogService instances
02:00:14 [[32minfo[39m]  Initializing YAML-driven Agent profiles...
02:00:14 [[32minfo[39m]  Loading config from directory: C:\Users\super\Documents\trae_projects\AGG-main\packages\backend\config
02:00:14 [[32minfo[39m]  Loaded agent profile: fantasy_rpg
02:00:14 [[32minfo[39m]  Loaded agent profile: minimal_test
02:00:14 [[32minfo[39m]  Loaded 0 non-builtin profiles from database (0 builtin skipped, using YAML)
02:00:14 [[32minfo[39m]  Config loaded successfully: 2 profiles
02:00:14 [[32minfo[39m]  YAML config loaded successfully
02:00:14 [[32minfo[39m]  Context rules loaded {"agentCount":10}
02:00:14 [[32minfo[39m]  Default manifests loaded {"agentTypeCount":6,"manifestCount":8}
02:00:14 [[32minfo[39m]  Context rules file watcher started {"path":"C:\\Users\\super\\Documents\\trae_projects\\AGG-main\\packages\\backend\\config\\agent-context-rules.yaml"}
02:00:14 [[32minfo[39m]  Loaded 10 agent capabilities from YAML profiles
02:00:14 [[32minfo[39m]  ToolRegistry initialized
02:00:14 [[32minfo[39m]  Registering ServiceTools to ToolRegistry
02:00:14 [[32minfo[39m]  Tool registered: game_time_service - GameTime Service (v1.0.0)
02:00:14 [[32minfo[39m]  Tool registered: numerical_service - Numerical Service (v1.0.0)
02:00:14 [[32minfo[39m]  Tool registered: character_service - Character Service (v1.0.0)
02:00:14 [[32minfo[39m]  Tool registered: inventory_service - Inventory Service (v1.0.0)
02:00:14 [[32minfo[39m]  Tool registered: skill_service - Skill Service (v1.1.0)
02:00:14 [[32minfo[39m]  Tool registered: map_service - Map Service (v2.0.0)
02:00:14 [[32minfo[39m]  Tool registered: npc_service - NPC Service (v1.0.0)
02:00:14 [[32minfo[39m]  Tool registered: dialogue_service - Dialogue Service (v1.0.0)
02:00:14 [[32minfo[39m]  Tool registered: quest_service - Quest Service (v1.0.0)
02:00:14 [[32minfo[39m]  Tool registered: challenge_service - Challenge Service (v1.0.0)
02:00:14 [[32minfo[39m]  Tool registered: event_service - Event Service (v1.0.0)
02:00:14 [[32minfo[39m]  Tool registered: story_service - Story Service (v1.0.0)
02:00:14 [[32minfo[39m]  Tool registered: game_init_service - Game Init Service (v2.0.0)
02:00:14 [[32minfo[39m]  Tool registered: batch_query_service - Batch Query Service (v1.0.0)
02:00:14 [[32minfo[39m]  Tool registered: entity_graph_service - Entity Graph Service (v1.0.0)
02:00:14 [[32minfo[39m]  Tool registered: template_pool_service - Template Pool Service (v1.0.0)
02:00:14 [[32minfo[39m]  Tool registered: dynamic_ui - Dynamic UI Service (v1.0.0)
02:00:14 [[32minfo[39m]  Tool registered: generate_options - Generate Options Service (v2.0.0)
02:00:14 [[32minfo[39m]  Tool registered: coordinator_service - Coordinator Service (v1.0.0)
02:00:14 [[32minfo[39m]  Tool registered: rule_service - Rule Service (v1.0.0)
02:00:14 [[32minfo[39m]  Tool registered: skill_loader - Skill Loader (v1.0.0)
02:00:14 [[32minfo[39m]  Tool registered: help_service - Help Service (v1.0.0)
02:00:14 [[32minfo[39m]  Tool registered: memory_service - Memory Service (v1.0.0)
02:00:14 [[32minfo[39m]  Registered 23 ServiceTools to ToolRegistry
02:00:14 [[32minfo[39m]  Tool reference validation passed

[90mstdout[2m | src/game-systems/combat/__tests__/normalizeCombatResult.test.ts[22m[39m
02:00:14 [[32minfo[39m]  Discovered 187 help files {"dir":"C:\\Users\\super\\Documents\\trae_projects\\AGG-main\\packages\\backend\\config\\agent-help"}

[90mstdout[2m | src/game-systems/inventory/__tests__/InventoryService.test.ts[22m[39m
Migration 001_init.ts completed successfully
Running migration: 002_add_equipped_index.ts

[90mstdout[2m | src/game-systems/inventory/__tests__/InventoryService.test.ts[22m[39m
Migration 002_add_equipped_index.ts completed successfully
Running migration: 003_fix_information_boundaries_timestamps.ts

[90mstdout[2m | src/game-systems/inventory/__tests__/InventoryService.test.ts[22m[39m
Migration 003_fix_information_boundaries_timestamps.ts completed successfully
Running migration: 004_drop_information_boundaries.ts

[90mstdout[2m | src/game-systems/inventory/__tests__/InventoryService.test.ts[22m[39m
004_drop_information_boundaries: information_boundaries table not found, skipping migration
004_drop_information_boundaries: cleared custom_data.knowledge from 0 NPCs
Migration 004_drop_information_boundaries.ts completed successfully
Running migration: 005_drop_npc_relations.ts

[90mstdout[2m | src/game-systems/inventory/__tests__/InventoryService.test.ts[22m[39m
005_drop_npc_relations: dropped npc_relations table
Migration 005_drop_npc_relations.ts completed successfully
Running migration: 006_awareness_relationship_events_states.ts
006: created entity_awareness_events table
006: created entity_awareness_states table
006: created entity_relationship_events table
006: created entity_relationship_states table
Migration 006_awareness_relationship_events_states.ts completed successfully
Running migration: 007_add_combat_mode.ts

[90mstdout[2m | src/game-systems/inventory/__tests__/InventoryService.test.ts[22m[39m
007: added combat_states.mode column
Migration 007_add_combat_mode.ts completed successfully
Running migration: 008_add_saves_active_challenge_mode.ts

[90mstdout[2m | src/game-systems/story/__tests__/AgentContextRepository.test.ts[22m[39m
02:00:15 [[32minfo[39m]  Discovered 187 help files {"dir":"C:\\Users\\super\\Documents\\trae_projects\\AGG-main\\packages\\backend\\config\\agent-help"}

[90mstdout[2m | src/game-systems/time/__tests__/GameTimeRepository.test.ts[22m[39m
馃И Setting up comprehensive test environment...
鉁?Database connected
Running migration: 001_init.ts

[90mstdout[2m | src/game-systems/inventory/__tests__/InventoryService.test.ts[22m[39m
008: added saves.active_challenge_mode column
Migration 008_add_saves_active_challenge_mode.ts completed successfully
All migrations completed
鉁?Migrations completed
All seeds completed
鉁?Seeds completed
02:00:15 [[32minfo[39m]  Starting YAML-driven Agent system initialization
02:00:15 [[32minfo[39m]  Seeding ModelConfigService from environment
02:00:15 [[32minfo[39m]  No DEEPSEEK_API_KEY env var found, skipping env seed
02:00:15 [[32minfo[39m]  Seeded provider from convict config {"providerType":"openai","providerId":"af5fece5-1976-4b52-85fe-79cf2c1eaee7","model":"openrouter/free"}
02:00:15 [[32minfo[39m]  Creating LLMService with ModelConfigService
02:00:15 [[32minfo[39m]  Creating ContextService and DecisionLogService instances
02:00:15 [[32minfo[39m]  Initializing YAML-driven Agent profiles...
02:00:15 [[32minfo[39m]  Loading config from directory: C:\Users\super\Documents\trae_projects\AGG-main\packages\backend\config
02:00:15 [[32minfo[39m]  Loaded agent profile: fantasy_rpg
02:00:15 [[32minfo[39m]  Loaded agent profile: minimal_test
02:00:15 [[32minfo[39m]  Loaded 0 non-builtin profiles from database (0 builtin skipped, using YAML)
02:00:15 [[32minfo[39m]  Config loaded successfully: 2 profiles
02:00:15 [[32minfo[39m]  YAML config loaded successfully
02:00:15 [[32minfo[39m]  Context rules loaded {"agentCount":10}
02:00:15 [[32minfo[39m]  Default manifests loaded {"agentTypeCount":6,"manifestCount":8}
02:00:15 [[32minfo[39m]  Context rules file watcher started {"path":"C:\\Users\\super\\Documents\\trae_projects\\AGG-main\\packages\\backend\\config\\agent-context-rules.yaml"}
02:00:15 [[32minfo[39m]  Loaded 10 agent capabilities from YAML profiles
02:00:15 [[32minfo[39m]  ToolRegistry initialized
02:00:15 [[32minfo[39m]  Registering ServiceTools to ToolRegistry
02:00:15 [[32minfo[39m]  Tool registered: game_time_service - GameTime Service (v1.0.0)
02:00:15 [[32minfo[39m]  Tool registered: numerical_service - Numerical Service (v1.0.0)
02:00:15 [[32minfo[39m]  Tool registered: character_service - Character Service (v1.0.0)
02:00:15 [[32minfo[39m]  Tool registered: inventory_service - Inventory Service (v1.0.0)
02:00:15 [[32minfo[39m]  Tool registered: skill_service - Skill Service (v1.1.0)
02:00:15 [[32minfo[39m]  Tool registered: map_service - Map Service (v2.0.0)
02:00:15 [[32minfo[39m]  Tool registered: npc_service - NPC Service (v1.0.0)
02:00:15 [[32minfo[39m]  Tool registered: dialogue_service - Dialogue Service (v1.0.0)
02:00:15 [[32minfo[39m]  Tool registered: quest_service - Quest Service (v1.0.0)
02:00:15 [[32minfo[39m]  Tool registered: challenge_service - Challenge Service (v1.0.0)
02:00:15 [[32minfo[39m]  Tool registered: event_service - Event Service (v1.0.0)
02:00:15 [[32minfo[39m]  Tool registered: story_service - Story Service (v1.0.0)
02:00:15 [[32minfo[39m]  Tool registered: game_init_service - Game Init Service (v2.0.0)
02:00:15 [[32minfo[39m]  Tool registered: batch_query_service - Batch Query Service (v1.0.0)
02:00:15 [[32minfo[39m]  Tool registered: entity_graph_service - Entity Graph Service (v1.0.0)
02:00:15 [[32minfo[39m]  Tool registered: template_pool_service - Template Pool Service (v1.0.0)
02:00:15 [[32minfo[39m]  Tool registered: dynamic_ui - Dynamic UI Service (v1.0.0)
02:00:15 [[32minfo[39m]  Tool registered: generate_options - Generate Options Service (v2.0.0)
02:00:15 [[32minfo[39m]  Tool registered: coordinator_service - Coordinator Service (v1.0.0)
02:00:15 [[32minfo[39m]  Tool registered: rule_service - Rule Service (v1.0.0)
02:00:15 [[32minfo[39m]  Tool registered: skill_loader - Skill Loader (v1.0.0)
02:00:15 [[32minfo[39m]  Tool registered: help_service - Help Service (v1.0.0)
02:00:15 [[32minfo[39m]  Tool registered: memory_service - Memory Service (v1.0.0)
02:00:15 [[32minfo[39m]  Registered 23 ServiceTools to ToolRegistry
02:00:15 [[32minfo[39m]  Tool reference validation passed

[90mstdout[2m | src/game-systems/time/__tests__/GameTimeRepository.test.ts[22m[39m
Migration 001_init.ts completed successfully
Running migration: 002_add_equipped_index.ts

[90mstdout[2m | src/game-systems/time/__tests__/GameTimeRepository.test.ts[22m[39m
Migration 002_add_equipped_index.ts completed successfully
Running migration: 003_fix_information_boundaries_timestamps.ts
Migration 003_fix_information_boundaries_timestamps.ts completed successfully
Running migration: 004_drop_information_boundaries.ts
004_drop_information_boundaries: information_boundaries table not found, skipping migration
004_drop_information_boundaries: cleared custom_data.knowledge from 0 NPCs
Migration 004_drop_information_boundaries.ts completed successfully
Running migration: 005_drop_npc_relations.ts
005_drop_npc_relations: dropped npc_relations table
Migration 005_drop_npc_relations.ts completed successfully
Running migration: 006_awareness_relationship_events_states.ts
006: created entity_awareness_events table
006: created entity_awareness_states table
006: created entity_relationship_events table
006: created entity_relationship_states table
Migration 006_awareness_relationship_events_states.ts completed successfully
Running migration: 007_add_combat_mode.ts

[90mstdout[2m | src/game-systems/inventory/__tests__/InventoryService.test.ts[22m[39m
02:00:15 [[32minfo[39m]  Discovered 187 help files {"dir":"C:\\Users\\super\\Documents\\trae_projects\\AGG-main\\packages\\backend\\config\\agent-help"}

[90mstdout[2m | src/game-systems/time/__tests__/GameTimeRepository.test.ts[22m[39m
007: added combat_states.mode column
Migration 007_add_combat_mode.ts completed successfully
Running migration: 008_add_saves_active_challenge_mode.ts
008: added saves.active_challenge_mode column
Migration 008_add_saves_active_challenge_mode.ts completed successfully
All migrations completed
鉁?Migrations completed
All seeds completed
鉁?Seeds completed
02:00:15 [[32minfo[39m]  Starting YAML-driven Agent system initialization
02:00:15 [[32minfo[39m]  Seeding ModelConfigService from environment
02:00:15 [[32minfo[39m]  No DEEPSEEK_API_KEY env var found, skipping env seed
02:00:15 [[32minfo[39m]  Seeded provider from convict config {"providerType":"openai","providerId":"cc2659cb-232f-4d2a-8473-9cf6f91beb41","model":"openrouter/free"}
02:00:15 [[32minfo[39m]  Creating LLMService with ModelConfigService
02:00:15 [[32minfo[39m]  Creating ContextService and DecisionLogService instances
02:00:15 [[32minfo[39m]  Initializing YAML-driven Agent profiles...
02:00:15 [[32minfo[39m]  Loading config from directory: C:\Users\super\Documents\trae_projects\AGG-main\packages\backend\config
02:00:15 [[32minfo[39m]  Loaded agent profile: fantasy_rpg
02:00:15 [[32minfo[39m]  Loaded agent profile: minimal_test
02:00:15 [[32minfo[39m]  Loaded 0 non-builtin profiles from database (0 builtin skipped, using YAML)
02:00:15 [[32minfo[39m]  Config loaded successfully: 2 profiles
02:00:15 [[32minfo[39m]  YAML config loaded successfully
02:00:15 [[32minfo[39m]  Context rules loaded {"agentCount":10}
02:00:15 [[32minfo[39m]  Default manifests loaded {"agentTypeCount":6,"manifestCount":8}
02:00:15 [[32minfo[39m]  Context rules file watcher started {"path":"C:\\Users\\super\\Documents\\trae_projects\\AGG-main\\packages\\backend\\config\\agent-context-rules.yaml"}
02:00:15 [[32minfo[39m]  Loaded 10 agent capabilities from YAML profiles
02:00:15 [[32minfo[39m]  ToolRegistry initialized
02:00:15 [[32minfo[39m]  Registering ServiceTools to ToolRegistry
02:00:15 [[32minfo[39m]  Tool registered: game_time_service - GameTime Service (v1.0.0)
02:00:15 [[32minfo[39m]  Tool registered: numerical_service - Numerical Service (v1.0.0)
02:00:15 [[32minfo[39m]  Tool registered: character_service - Character Service (v1.0.0)
02:00:15 [[32minfo[39m]  Tool registered: inventory_service - Inventory Service (v1.0.0)
02:00:15 [[32minfo[39m]  Tool registered: skill_service - Skill Service (v1.1.0)
02:00:15 [[32minfo[39m]  Tool registered: map_service - Map Service (v2.0.0)
02:00:15 [[32minfo[39m]  Tool registered: npc_service - NPC Service (v1.0.0)
02:00:15 [[32minfo[39m]  Tool registered: dialogue_service - Dialogue Service (v1.0.0)
02:00:15 [[32minfo[39m]  Tool registered: quest_service - Quest Service (v1.0.0)
02:00:15 [[32minfo[39m]  Tool registered: challenge_service - Challenge Service (v1.0.0)
02:00:15 [[32minfo[39m]  Tool registered: event_service - Event Service (v1.0.0)
02:00:15 [[32minfo[39m]  Tool registered: story_service - Story Service (v1.0.0)
02:00:15 [[32minfo[39m]  Tool registered: game_init_service - Game Init Service (v2.0.0)
02:00:15 [[32minfo[39m]  Tool registered: batch_query_service - Batch Query Service (v1.0.0)
02:00:15 [[32minfo[39m]  Tool registered: entity_graph_service - Entity Graph Service (v1.0.0)
02:00:15 [[32minfo[39m]  Tool registered: template_pool_service - Template Pool Service (v1.0.0)
02:00:15 [[32minfo[39m]  Tool registered: dynamic_ui - Dynamic UI Service (v1.0.0)
02:00:15 [[32minfo[39m]  Tool registered: generate_options - Generate Options Service (v2.0.0)
02:00:15 [[32minfo[39m]  Tool registered: coordinator_service - Coordinator Service (v1.0.0)
02:00:15 [[32minfo[39m]  Tool registered: rule_service - Rule Service (v1.0.0)
02:00:15 [[32minfo[39m]  Tool registered: skill_loader - Skill Loader (v1.0.0)
02:00:15 [[32minfo[39m]  Tool registered: help_service - Help Service (v1.0.0)
02:00:15 [[32minfo[39m]  Tool registered: memory_service - Memory Service (v1.0.0)
02:00:15 [[32minfo[39m]  Registered 23 ServiceTools to ToolRegistry
02:00:15 [[32minfo[39m]  Tool reference validation passed

[90mstdout[2m | src/game-systems/combat/__tests__/normalizeCombatResult.test.ts[22m[39m
02:00:15 [[32minfo[39m]  Help registry loaded: 22 tools {"tools":["batch_query_service","challenge_service","... (22 items)"]}
02:00:15 [[32minfo[39m]  Creating GameMasterAgent (as AgentRuntime with isSubAgent=false)
02:00:15 [[32minfo[39m]  Handler subscribed {"eventType":"dialogue"}
02:00:15 [[32minfo[39m]  Handler subscribed {"eventType":"combat_end"}
02:00:15 [[32minfo[39m]  AwarenessAutoSubscriber subscribed to dialogue + combat_end events
02:00:15 [[32minfo[39m]  Agent initialized: gamemaster - GameMasterAgent
02:00:15 [[32minfo[39m] [AGENT-START] Agent gamemaster starting {"agent":"gamemaster","provider":null,"toolsConfigured":1,"maxIterations":200,"isSubAgent":false}
02:00:15 [[32minfo[39m]  Handler subscribed {"eventType":"chapter_advanced"}
02:00:15 [[32minfo[39m]  Creating AgentRuntime instances from default profile: fantasy_rpg
02:00:15 [[32minfo[39m]  Creating agents from profile: fantasy_rpg {"agentCount":10}
02:00:15 [[32minfo[39m]  Agent initialized: gamemaster - GameMasterAgent
02:00:15 [[32minfo[39m] [AGENT-START] Agent gamemaster starting {"agent":"gamemaster","provider":null,"toolsConfigured":1,"maxIterations":200,"isSubAgent":false}
02:00:15 [[32minfo[39m]  Created AgentRuntime: gamemaster {"profile":"fantasy_rpg","tools":["all"]}
02:00:15 [[32minfo[39m]  Agent initialized: map - MapAgent
02:00:15 [[32minfo[39m] [AGENT-START] Agent map starting {"agent":"map","provider":null,"toolsConfigured":7,"maxIterations":200,"isSubAgent":true}
02:00:15 [[32minfo[39m]  Created AgentRuntime: map {"profile":"fantasy_rpg","tools":["map_service","npc_service","... (7 items)"]}
02:00:15 [[32minfo[39m]  Agent initialized: challenge - ChallengeAgent
02:00:15 [[32minfo[39m] [AGENT-START] Agent challenge starting {"agent":"challenge","provider":null,"toolsConfigured":9,"maxIterations":200,"isSubAgent":true}
02:00:15 [[32minfo[39m]  Created AgentRuntime: challenge {"profile":"fantasy_rpg","tools":["challenge_service","numerical_service","... (9 items)"]}
02:00:15 [[32minfo[39m]  Agent initialized: output - OutputAgent
02:00:15 [[32minfo[39m] [AGENT-START] Agent output starting {"agent":"output","provider":null,"toolsConfigured":5,"maxIterations":200,"isSubAgent":true}
02:00:15 [[32minfo[39m]  Created AgentRuntime: output {"profile":"fantasy_rpg","tools":["dialogue_service","dynamic_ui","... (5 items)"]}
02:00:15 [[32minfo[39m]  Agent initialized: quest - QuestAgent
02:00:15 [[32minfo[39m] [AGENT-START] Agent quest starting {"agent":"quest","provider":null,"toolsConfigured":11,"maxIterations":200,"isSubAgent":true}
02:00:15 [[32minfo[39m]  Created AgentRuntime: quest {"profile":"fantasy_rpg","tools":["quest_service","numerical_service","... (11 items)"]}
02:00:15 [[32minfo[39m]  Agent initialized: npc_party - NPCPartyAgent
02:00:15 [[32minfo[39m] [AGENT-START] Agent npc_party starting {"agent":"npc_party","provider":null,"toolsConfigured":9,"maxIterations":200,"isSubAgent":true}
02:00:15 [[32minfo[39m]  Created AgentRuntime: npc_party {"profile":"fantasy_rpg","tools":["npc_service","entity_graph_service","... (9 items)"]}
02:00:15 [[32minfo[39m]  Agent initialized: inventory - InventoryAgent
02:00:15 [[32minfo[39m] [AGENT-START] Agent inventory starting {"agent":"inventory","provider":null,"toolsConfigured":8,"maxIterations":200,"isSubAgent":true}
02:00:15 [[32minfo[39m]  Created AgentRuntime: inventory {"profile":"fantasy_rpg","tools":["inventory_service","template_pool_service","... (8 items)"]}
02:00:15 [[32minfo[39m]  Agent initialized: skill - SkillAgent
02:00:15 [[32minfo[39m] [AGENT-START] Agent skill starting {"agent":"skill","provider":null,"toolsConfigured":7,"maxIterations":200,"isSubAgent":true}
02:00:15 [[32minfo[39m]  Created AgentRuntime: skill {"profile":"fantasy_rpg","tools":["skill_service","template_pool_service","... (7 items)"]}
02:00:15 [[32minfo[39m]  Agent initialized: event - EventAgent
02:00:15 [[32minfo[39m] [AGENT-START] Agent event starting {"agent":"event","provider":null,"toolsConfigured":5,"maxIterations":200,"isSubAgent":true}
02:00:15 [[32minfo[39m]  Created AgentRuntime: event {"profile":"fantasy_rpg","tools":["event_service","game_time_service","... (5 items)"]}
02:00:15 [[32minfo[39m]  Agent initialized: time - TimeAgent
02:00:15 [[32minfo[39m] [AGENT-START] Agent time starting {"agent":"time","provider":null,"toolsConfigured":4,"maxIterations":200,"isSubAgent":true}
02:00:15 [[32minfo[39m]  Created AgentRuntime: time {"profile":"fantasy_rpg","tools":["game_time_service","rule_service","... (4 items)"]}
02:00:15 [[32minfo[39m]  Permissions configured from agent.tools for profile: fantasy_rpg
02:00:15 [[32minfo[39m]  YAML permissions configured
02:00:15 [[32minfo[39m]  Registering AgentRuntime instances to GameMasterAgent...
02:00:15 [[32minfo[39m]  Registered AgentRuntime to Coordinator: gamemaster
02:00:15 [[32minfo[39m]  Registered AgentRuntime to Coordinator: map
02:00:15 [[32minfo[39m]  Registered AgentRuntime to Coordinator: challenge
02:00:15 [[32minfo[39m]  Registered AgentRuntime to Coordinator: output
02:00:15 [[32minfo[39m]  Registered AgentRuntime to Coordinator: quest
02:00:15 [[32minfo[39m]  Registered AgentRuntime to Coordinator: npc_party
02:00:15 [[32minfo[39m]  Registered AgentRuntime to Coordinator: inventory
02:00:15 [[32minfo[39m]  Registered AgentRuntime to Coordinator: skill
02:00:15 [[32minfo[39m]  Registered AgentRuntime to Coordinator: event
02:00:15 [[32minfo[39m]  Registered AgentRuntime to Coordinator: time
02:00:15 [[32minfo[39m]  GameDataExpander configured (manifest path enabled)
02:00:15 [[32minfo[39m]  DedupService configured (dispatch log persistence enabled)
02:00:15 [[32minfo[39m]  Agent system initialized: 10 AgentRuntime instances created
鉁?Agent system initialized with 10 agents
鈿狅笍 YAML Agent system skipped: __vi_import_5__.initializeYamlAgentSystem is not a function
02:00:15 [[32minfo[39m]  Agent routes initialized
02:00:15 [[32minfo[39m]  Save routes initialized
02:00:15 [[32minfo[39m]  Synced template from YAML to DB: cthulhu-investigation
02:00:15 [[32minfo[39m]  Synced template from YAML to DB: cyberpunk-mercenary
02:00:15 [[32minfo[39m]  Synced template from YAML to DB: medieval-fantasy
02:00:15 [[32minfo[39m]  Synced template from YAML to DB: modern-romance
02:00:15 [[32minfo[39m]  Synced template from YAML to DB: xianxia
02:00:15 [[32minfo[39m]  Synced 5 templates from YAML to database
02:00:15 [[32minfo[39m]  Cache refreshed with 5 templates
02:00:15 [[32minfo[39m]  TemplateService loaded {"cachedTemplates":5}
鉁?Template YAML loaded and synced to DB
02:00:15 [[32minfo[39m]  Template routes initialized
鉁?Test environment setup complete
鉁?Database connection closed

[90mstdout[2m | src/game-systems/time/__tests__/GameTimeRepository.test.ts[22m[39m
02:00:15 [[32minfo[39m]  Discovered 187 help files {"dir":"C:\\Users\\super\\Documents\\trae_projects\\AGG-main\\packages\\backend\\config\\agent-help"}

 [32m鉁?[39m src/game-systems/combat/__tests__/normalizeCombatResult.test.ts [2m ([22m[2m14 tests[22m[2m)[22m[33m 1387[2mms[22m[39m
[90mstdout[2m | src/services/__tests__/save-refactor.test.ts[22m[39m
馃И Setting up comprehensive test environment...
鉁?Database connected
Running migration: 001_init.ts

[90mstdout[2m | src/services/__tests__/save-refactor.test.ts[22m[39m
Migration 001_init.ts completed successfully
Running migration: 002_add_equipped_index.ts

[90mstdout[2m | src/services/__tests__/save-refactor.test.ts[22m[39m
Migration 002_add_equipped_index.ts completed successfully
Running migration: 003_fix_information_boundaries_timestamps.ts
Migration 003_fix_information_boundaries_timestamps.ts completed successfully
Running migration: 004_drop_information_boundaries.ts
004_drop_information_boundaries: information_boundaries table not found, skipping migration
004_drop_information_boundaries: cleared custom_data.knowledge from 0 NPCs
Migration 004_drop_information_boundaries.ts completed successfully
Running migration: 005_drop_npc_relations.ts

[90mstdout[2m | src/services/__tests__/save-refactor.test.ts[22m[39m
005_drop_npc_relations: dropped npc_relations table
Migration 005_drop_npc_relations.ts completed successfully
Running migration: 006_awareness_relationship_events_states.ts
006: created entity_awareness_events table
006: created entity_awareness_states table
006: created entity_relationship_events table
006: created entity_relationship_states table
Migration 006_awareness_relationship_events_states.ts completed successfully
Running migration: 007_add_combat_mode.ts

[90mstdout[2m | src/services/__tests__/save-refactor.test.ts[22m[39m
007: added combat_states.mode column
Migration 007_add_combat_mode.ts completed successfully
Running migration: 008_add_saves_active_challenge_mode.ts

[90mstdout[2m | src/game-systems/story/__tests__/AgentContextRepository.test.ts[22m[39m
02:00:15 [[32minfo[39m]  Help registry loaded: 22 tools {"tools":["batch_query_service","challenge_service","... (22 items)"]}
02:00:15 [[32minfo[39m]  Creating GameMasterAgent (as AgentRuntime with isSubAgent=false)
02:00:15 [[32minfo[39m]  Handler subscribed {"eventType":"dialogue"}
02:00:15 [[32minfo[39m]  Handler subscribed {"eventType":"combat_end"}
02:00:15 [[32minfo[39m]  AwarenessAutoSubscriber subscribed to dialogue + combat_end events
02:00:15 [[32minfo[39m]  Agent initialized: gamemaster - GameMasterAgent
02:00:15 [[32minfo[39m] [AGENT-START] Agent gamemaster starting {"agent":"gamemaster","provider":null,"toolsConfigured":1,"maxIterations":200,"isSubAgent":false}
02:00:15 [[32minfo[39m]  Handler subscribed {"eventType":"chapter_advanced"}
02:00:15 [[32minfo[39m]  Creating AgentRuntime instances from default profile: fantasy_rpg
02:00:15 [[32minfo[39m]  Creating agents from profile: fantasy_rpg {"agentCount":10}
02:00:15 [[32minfo[39m]  Agent initialized: gamemaster - GameMasterAgent
02:00:15 [[32minfo[39m] [AGENT-START] Agent gamemaster starting {"agent":"gamemaster","provider":null,"toolsConfigured":1,"maxIterations":200,"isSubAgent":false}
02:00:15 [[32minfo[39m]  Created AgentRuntime: gamemaster {"profile":"fantasy_rpg","tools":["all"]}
02:00:15 [[32minfo[39m]  Agent initialized: map - MapAgent
02:00:15 [[32minfo[39m] [AGENT-START] Agent map starting {"agent":"map","provider":null,"toolsConfigured":7,"maxIterations":200,"isSubAgent":true}
02:00:15 [[32minfo[39m]  Created AgentRuntime: map {"profile":"fantasy_rpg","tools":["map_service","npc_service","... (7 items)"]}
02:00:15 [[32minfo[39m]  Agent initialized: challenge - ChallengeAgent
02:00:15 [[32minfo[39m] [AGENT-START] Agent challenge starting {"agent":"challenge","provider":null,"toolsConfigured":9,"maxIterations":200,"isSubAgent":true}
02:00:15 [[32minfo[39m]  Created AgentRuntime: challenge {"profile":"fantasy_rpg","tools":["challenge_service","numerical_service","... (9 items)"]}
02:00:15 [[32minfo[39m]  Agent initialized: output - OutputAgent
02:00:15 [[32minfo[39m] [AGENT-START] Agent output starting {"agent":"output","provider":null,"toolsConfigured":5,"maxIterations":200,"isSubAgent":true}
02:00:15 [[32minfo[39m]  Created AgentRuntime: output {"profile":"fantasy_rpg","tools":["dialogue_service","dynamic_ui","... (5 items)"]}
02:00:15 [[32minfo[39m]  Agent initialized: quest - QuestAgent
02:00:15 [[32minfo[39m] [AGENT-START] Agent quest starting {"agent":"quest","provider":null,"toolsConfigured":11,"maxIterations":200,"isSubAgent":true}
02:00:15 [[32minfo[39m]  Created AgentRuntime: quest {"profile":"fantasy_rpg","tools":["quest_service","numerical_service","... (11 items)"]}
02:00:15 [[32minfo[39m]  Agent initialized: npc_party - NPCPartyAgent
02:00:15 [[32minfo[39m] [AGENT-START] Agent npc_party starting {"agent":"npc_party","provider":null,"toolsConfigured":9,"maxIterations":200,"isSubAgent":true}
02:00:15 [[32minfo[39m]  Created AgentRuntime: npc_party {"profile":"fantasy_rpg","tools":["npc_service","entity_graph_service","... (9 items)"]}
02:00:15 [[32minfo[39m]  Agent initialized: inventory - InventoryAgent
02:00:15 [[32minfo[39m] [AGENT-START] Agent inventory starting {"agent":"inventory","provider":null,"toolsConfigured":8,"maxIterations":200,"isSubAgent":true}
02:00:15 [[32minfo[39m]  Created AgentRuntime: inventory {"profile":"fantasy_rpg","tools":["inventory_service","template_pool_service","... (8 items)"]}
02:00:15 [[32minfo[39m]  Agent initialized: skill - SkillAgent
02:00:15 [[32minfo[39m] [AGENT-START] Agent skill starting {"agent":"skill","provider":null,"toolsConfigured":7,"maxIterations":200,"isSubAgent":true}
02:00:15 [[32minfo[39m]  Created AgentRuntime: skill {"profile":"fantasy_rpg","tools":["skill_service","template_pool_service","... (7 items)"]}
02:00:15 [[32minfo[39m]  Agent initialized: event - EventAgent
02:00:15 [[32minfo[39m] [AGENT-START] Agent event starting {"agent":"event","provider":null,"toolsConfigured":5,"maxIterations":200,"isSubAgent":true}
02:00:15 [[32minfo[39m]  Created AgentRuntime: event {"profile":"fantasy_rpg","tools":["event_service","game_time_service","... (5 items)"]}
02:00:15 [[32minfo[39m]  Agent initialized: time - TimeAgent
02:00:15 [[32minfo[39m] [AGENT-START] Agent time starting {"agent":"time","provider":null,"toolsConfigured":4,"maxIterations":200,"isSubAgent":true}
02:00:15 [[32minfo[39m]  Created AgentRuntime: time {"profile":"fantasy_rpg","tools":["game_time_service","rule_service","... (4 items)"]}
02:00:15 [[32minfo[39m]  Permissions configured from agent.tools for profile: fantasy_rpg
02:00:15 [[32minfo[39m]  YAML permissions configured
02:00:15 [[32minfo[39m]  Registering AgentRuntime instances to GameMasterAgent...
02:00:15 [[32minfo[39m]  Registered AgentRuntime to Coordinator: gamemaster
02:00:15 [[32minfo[39m]  Registered AgentRuntime to Coordinator: map
02:00:15 [[32minfo[39m]  Registered AgentRuntime to Coordinator: challenge
02:00:15 [[32minfo[39m]  Registered AgentRuntime to Coordinator: output
02:00:15 [[32minfo[39m]  Registered AgentRuntime to Coordinator: quest
02:00:15 [[32minfo[39m]  Registered AgentRuntime to Coordinator: npc_party
02:00:15 [[32minfo[39m]  Registered AgentRuntime to Coordinator: inventory
02:00:15 [[32minfo[39m]  Registered AgentRuntime to Coordinator: skill
02:00:15 [[32minfo[39m]  Registered AgentRuntime to Coordinator: event
02:00:15 [[32minfo[39m]  Registered AgentRuntime to Coordinator: time
02:00:15 [[32minfo[39m]  GameDataExpander configured (manifest path enabled)
02:00:15 [[32minfo[39m]  DedupService configured (dispatch log persistence enabled)
02:00:15 [[32minfo[39m]  Agent system initialized: 10 AgentRuntime instances created
鉁?Agent system initialized with 10 agents
鈿狅笍 YAML Agent system skipped: __vi_import_5__.initializeYamlAgentSystem is not a function
02:00:15 [[32minfo[39m]  Agent routes initialized
02:00:15 [[32minfo[39m]  Save routes initialized
02:00:15 [[32minfo[39m]  Synced template from YAML to DB: cthulhu-investigation
02:00:15 [[32minfo[39m]  Synced template from YAML to DB: cyberpunk-mercenary
02:00:15 [[32minfo[39m]  Synced template from YAML to DB: medieval-fantasy
02:00:15 [[32minfo[39m]  Synced template from YAML to DB: modern-romance
02:00:15 [[32minfo[39m]  Synced template from YAML to DB: xianxia
02:00:15 [[32minfo[39m]  Synced 5 templates from YAML to database
02:00:15 [[32minfo[39m]  Cache refreshed with 5 templates
02:00:15 [[32minfo[39m]  TemplateService loaded {"cachedTemplates":5}
鉁?Template YAML loaded and synced to DB
02:00:15 [[32minfo[39m]  Template routes initialized
鉁?Test environment setup complete
鉁?Database connection closed

 [32m鉁?[39m src/game-systems/story/__tests__/AgentContextRepository.test.ts [2m ([22m[2m7 tests[22m[2m)[22m[33m 1369[2mms[22m[39m
[90mstdout[2m | src/services/__tests__/save-refactor.test.ts[22m[39m
008: added saves.active_challenge_mode column
Migration 008_add_saves_active_challenge_mode.ts completed successfully
All migrations completed
鉁?Migrations completed
All seeds completed
鉁?Seeds completed
02:00:15 [[32minfo[39m]  Starting YAML-driven Agent system initialization
02:00:15 [[32minfo[39m]  Seeding ModelConfigService from environment
02:00:15 [[32minfo[39m]  No DEEPSEEK_API_KEY env var found, skipping env seed
02:00:15 [[32minfo[39m]  Seeded provider from convict config {"providerType":"openai","providerId":"c91ea99f-6451-45f1-8231-773fd449d688","model":"openrouter/free"}
02:00:15 [[32minfo[39m]  Creating LLMService with ModelConfigService
02:00:15 [[32minfo[39m]  Creating ContextService and DecisionLogService instances
02:00:15 [[32minfo[39m]  Initializing YAML-driven Agent profiles...
02:00:15 [[32minfo[39m]  Loading config from directory: C:\Users\super\Documents\trae_projects\AGG-main\packages\backend\config
02:00:15 [[32minfo[39m]  Loaded agent profile: fantasy_rpg
02:00:15 [[32minfo[39m]  Loaded agent profile: minimal_test
02:00:15 [[32minfo[39m]  Loaded 0 non-builtin profiles from database (0 builtin skipped, using YAML)
02:00:15 [[32minfo[39m]  Config loaded successfully: 2 profiles
02:00:15 [[32minfo[39m]  YAML config loaded successfully
02:00:15 [[32minfo[39m]  Context rules loaded {"agentCount":10}
02:00:15 [[32minfo[39m]  Default manifests loaded {"agentTypeCount":6,"manifestCount":8}
02:00:15 [[32minfo[39m]  Context rules file watcher started {"path":"C:\\Users\\super\\Documents\\trae_projects\\AGG-main\\packages\\backend\\config\\agent-context-rules.yaml"}
02:00:15 [[32minfo[39m]  Loaded 10 agent capabilities from YAML profiles
02:00:15 [[32minfo[39m]  ToolRegistry initialized
02:00:15 [[32minfo[39m]  Registering ServiceTools to ToolRegistry
02:00:15 [[32minfo[39m]  Tool registered: game_time_service - GameTime Service (v1.0.0)
02:00:15 [[32minfo[39m]  Tool registered: numerical_service - Numerical Service (v1.0.0)
02:00:15 [[32minfo[39m]  Tool registered: character_service - Character Service (v1.0.0)
02:00:15 [[32minfo[39m]  Tool registered: inventory_service - Inventory Service (v1.0.0)
02:00:15 [[32minfo[39m]  Tool registered: skill_service - Skill Service (v1.1.0)
02:00:15 [[32minfo[39m]  Tool registered: map_service - Map Service (v2.0.0)
02:00:15 [[32minfo[39m]  Tool registered: npc_service - NPC Service (v1.0.0)
02:00:15 [[32minfo[39m]  Tool registered: dialogue_service - Dialogue Service (v1.0.0)
02:00:15 [[32minfo[39m]  Tool registered: quest_service - Quest Service (v1.0.0)
02:00:15 [[32minfo[39m]  Tool registered: challenge_service - Challenge Service (v1.0.0)
02:00:15 [[32minfo[39m]  Tool registered: event_service - Event Service (v1.0.0)
02:00:15 [[32minfo[39m]  Tool registered: story_service - Story Service (v1.0.0)
02:00:15 [[32minfo[39m]  Tool registered: game_init_service - Game Init Service (v2.0.0)
02:00:15 [[32minfo[39m]  Tool registered: batch_query_service - Batch Query Service (v1.0.0)
02:00:15 [[32minfo[39m]  Tool registered: entity_graph_service - Entity Graph Service (v1.0.0)
02:00:15 [[32minfo[39m]  Tool registered: template_pool_service - Template Pool Service (v1.0.0)
02:00:15 [[32minfo[39m]  Tool registered: dynamic_ui - Dynamic UI Service (v1.0.0)
02:00:15 [[32minfo[39m]  Tool registered: generate_options - Generate Options Service (v2.0.0)
02:00:15 [[32minfo[39m]  Tool registered: coordinator_service - Coordinator Service (v1.0.0)
02:00:15 [[32minfo[39m]  Tool registered: rule_service - Rule Service (v1.0.0)
02:00:15 [[32minfo[39m]  Tool registered: skill_loader - Skill Loader (v1.0.0)
02:00:15 [[32minfo[39m]  Tool registered: help_service - Help Service (v1.0.0)
02:00:15 [[32minfo[39m]  Tool registered: memory_service - Memory Service (v1.0.0)
02:00:15 [[32minfo[39m]  Registered 23 ServiceTools to ToolRegistry
02:00:15 [[32minfo[39m]  Tool reference validation passed

[90mstdout[2m | src/game-systems/inventory/__tests__/InventoryService.test.ts[2m > [22m[2mInventoryService[2m > [22m[2mgetEquipment 搴斿鍚屾Ы浣嶉噸澶嶈澶囨墽琛岃嚜淇锛屼粎淇濈暀鏈€鏂颁竴浠?[22m[39m
02:00:16 [[33mwarn[39m]  Detected duplicate equipped items in same slot, auto-healing {"saveId":"save-a","ownerType":"character","ownerId":"char-1","duplicateIds":["item_old"]}
02:00:16 [[31merror[39m]  Failed to get equipment {"saveId":"save-a","error":"txManager.transaction is not a function"}

[90mstdout[2m | src/game-systems/inventory/__tests__/InventoryService.test.ts[2m > [22m[2mInventoryService[2m > [22m[2mupdateItem 灏?equipped 璁句负 false 鏃跺簲鍚屾娓呯┖ equipped_slot[22m[39m
02:00:16 [[32minfo[39m]  Item updated {"inventoryId":"item_iron_sword","fields":["ownerType","ownerId","equipped","equippedSlot"]}

 [33m鉂?[39m src/game-systems/inventory/__tests__/InventoryService.test.ts [2m ([22m[2m2 tests[22m [2m|[22m [31m1 failed[39m[2m)[22m[33m 1692[2mms[22m[39m
[31m   [33m鉂?[31m src/game-systems/inventory/__tests__/InventoryService.test.ts[2m > [22mInventoryService[2m > [22mgetEquipment 搴斿鍚屾Ы浣嶉噸澶嶈澶囨墽琛岃嚜淇锛屼粎淇濈暀鏈€鏂颁竴浠?[39m
[31m     鈫?txManager.transaction is not a function[39m
[90mstdout[2m | src/game-systems/inventory/__tests__/InventoryService.test.ts[22m[39m
02:00:15 [[32minfo[39m]  Help registry loaded: 22 tools {"tools":["batch_query_service","challenge_service","... (22 items)"]}
02:00:15 [[32minfo[39m]  Creating GameMasterAgent (as AgentRuntime with isSubAgent=false)
02:00:15 [[32minfo[39m]  Handler subscribed {"eventType":"dialogue"}
02:00:15 [[32minfo[39m]  Handler subscribed {"eventType":"combat_end"}
02:00:15 [[32minfo[39m]  AwarenessAutoSubscriber subscribed to dialogue + combat_end events
02:00:15 [[32minfo[39m]  Agent initialized: gamemaster - GameMasterAgent
02:00:15 [[32minfo[39m] [AGENT-START] Agent gamemaster starting {"agent":"gamemaster","provider":null,"toolsConfigured":1,"maxIterations":200,"isSubAgent":false}
02:00:15 [[32minfo[39m]  Handler subscribed {"eventType":"chapter_advanced"}
02:00:15 [[32minfo[39m]  Creating AgentRuntime instances from default profile: fantasy_rpg
02:00:15 [[32minfo[39m]  Creating agents from profile: fantasy_rpg {"agentCount":10}
02:00:15 [[32minfo[39m]  Agent initialized: gamemaster - GameMasterAgent
02:00:15 [[32minfo[39m] [AGENT-START] Agent gamemaster starting {"agent":"gamemaster","provider":null,"toolsConfigured":1,"maxIterations":200,"isSubAgent":false}
02:00:15 [[32minfo[39m]  Created AgentRuntime: gamemaster {"profile":"fantasy_rpg","tools":["all"]}
02:00:15 [[32minfo[39m]  Agent initialized: map - MapAgent
02:00:15 [[32minfo[39m] [AGENT-START] Agent map starting {"agent":"map","provider":null,"toolsConfigured":7,"maxIterations":200,"isSubAgent":true}
02:00:15 [[32minfo[39m]  Created AgentRuntime: map {"profile":"fantasy_rpg","tools":["map_service","npc_service","... (7 items)"]}
02:00:15 [[32minfo[39m]  Agent initialized: challenge - ChallengeAgent
02:00:15 [[32minfo[39m] [AGENT-START] Agent challenge starting {"agent":"challenge","provider":null,"toolsConfigured":9,"maxIterations":200,"isSubAgent":true}
02:00:15 [[32minfo[39m]  Created AgentRuntime: challenge {"profile":"fantasy_rpg","tools":["challenge_service","numerical_service","... (9 items)"]}
02:00:15 [[32minfo[39m]  Agent initialized: output - OutputAgent
02:00:15 [[32minfo[39m] [AGENT-START] Agent output starting {"agent":"output","provider":null,"toolsConfigured":5,"maxIterations":200,"isSubAgent":true}
02:00:15 [[32minfo[39m]  Created AgentRuntime: output {"profile":"fantasy_rpg","tools":["dialogue_service","dynamic_ui","... (5 items)"]}
02:00:15 [[32minfo[39m]  Agent initialized: quest - QuestAgent
02:00:15 [[32minfo[39m] [AGENT-START] Agent quest starting {"agent":"quest","provider":null,"toolsConfigured":11,"maxIterations":200,"isSubAgent":true}
02:00:15 [[32minfo[39m]  Created AgentRuntime: quest {"profile":"fantasy_rpg","tools":["quest_service","numerical_service","... (11 items)"]}
02:00:15 [[32minfo[39m]  Agent initialized: npc_party - NPCPartyAgent
02:00:15 [[32minfo[39m] [AGENT-START] Agent npc_party starting {"agent":"npc_party","provider":null,"toolsConfigured":9,"maxIterations":200,"isSubAgent":true}
02:00:15 [[32minfo[39m]  Created AgentRuntime: npc_party {"profile":"fantasy_rpg","tools":["npc_service","entity_graph_service","... (9 items)"]}
02:00:15 [[32minfo[39m]  Agent initialized: inventory - InventoryAgent
02:00:15 [[32minfo[39m] [AGENT-START] Agent inventory starting {"agent":"inventory","provider":null,"toolsConfigured":8,"maxIterations":200,"isSubAgent":true}
02:00:15 [[32minfo[39m]  Created AgentRuntime: inventory {"profile":"fantasy_rpg","tools":["inventory_service","template_pool_service","... (8 items)"]}
02:00:15 [[32minfo[39m]  Agent initialized: skill - SkillAgent
02:00:15 [[32minfo[39m] [AGENT-START] Agent skill starting {"agent":"skill","provider":null,"toolsConfigured":7,"maxIterations":200,"isSubAgent":true}
02:00:15 [[32minfo[39m]  Created AgentRuntime: skill {"profile":"fantasy_rpg","tools":["skill_service","template_pool_service","... (7 items)"]}
02:00:15 [[32minfo[39m]  Agent initialized: event - EventAgent
02:00:15 [[32minfo[39m] [AGENT-START] Agent event starting {"agent":"event","provider":null,"toolsConfigured":5,"maxIterations":200,"isSubAgent":true}
02:00:15 [[32minfo[39m]  Created AgentRuntime: event {"profile":"fantasy_rpg","tools":["event_service","game_time_service","... (5 items)"]}
02:00:15 [[32minfo[39m]  Agent initialized: time - TimeAgent
02:00:15 [[32minfo[39m] [AGENT-START] Agent time starting {"agent":"time","provider":null,"toolsConfigured":4,"maxIterations":200,"isSubAgent":true}
02:00:15 [[32minfo[39m]  Created AgentRuntime: time {"profile":"fantasy_rpg","tools":["game_time_service","rule_service","... (4 items)"]}
02:00:15 [[32minfo[39m]  Permissions configured from agent.tools for profile: fantasy_rpg
02:00:15 [[32minfo[39m]  YAML permissions configured
02:00:15 [[32minfo[39m]  Registering AgentRuntime instances to GameMasterAgent...
02:00:15 [[32minfo[39m]  Registered AgentRuntime to Coordinator: gamemaster
02:00:15 [[32minfo[39m]  Registered AgentRuntime to Coordinator: map
02:00:15 [[32minfo[39m]  Registered AgentRuntime to Coordinator: challenge
02:00:15 [[32minfo[39m]  Registered AgentRuntime to Coordinator: output
02:00:15 [[32minfo[39m]  Registered AgentRuntime to Coordinator: quest
02:00:15 [[32minfo[39m]  Registered AgentRuntime to Coordinator: npc_party
02:00:15 [[32minfo[39m]  Registered AgentRuntime to Coordinator: inventory
02:00:15 [[32minfo[39m]  Registered AgentRuntime to Coordinator: skill
02:00:15 [[32minfo[39m]  Registered AgentRuntime to Coordinator: event
02:00:15 [[32minfo[39m]  Registered AgentRuntime to Coordinator: time
02:00:15 [[32minfo[39m]  GameDataExpander configured (manifest path enabled)
02:00:15 [[32minfo[39m]  DedupService configured (dispatch log persistence enabled)
02:00:15 [[32minfo[39m]  Agent system initialized: 10 AgentRuntime instances created
鉁?Agent system initialized with 10 agents
鈿狅笍 YAML Agent system skipped: __vi_import_5__.initializeYamlAgentSystem is not a function
02:00:15 [[32minfo[39m]  Agent routes initialized
02:00:15 [[32minfo[39m]  Save routes initialized
02:00:15 [[32minfo[39m]  Synced template from YAML to DB: cthulhu-investigation
02:00:15 [[32minfo[39m]  Synced template from YAML to DB: cyberpunk-mercenary
02:00:15 [[32minfo[39m]  Synced template from YAML to DB: medieval-fantasy
02:00:15 [[32minfo[39m]  Synced template from YAML to DB: modern-romance
02:00:16 [[32minfo[39m]  Synced template from YAML to DB: xianxia
02:00:16 [[32minfo[39m]  Synced 5 templates from YAML to database
02:00:16 [[32minfo[39m]  Cache refreshed with 5 templates
02:00:16 [[32minfo[39m]  TemplateService loaded {"cachedTemplates":5}
鉁?Template YAML loaded and synced to DB
02:00:16 [[32minfo[39m]  Template routes initialized
鉁?Test environment setup complete
鉁?Database connection closed

[90mstdout[2m | src/services/__tests__/staging-knex.pool-isolation.test.ts[22m[39m
馃И Setting up comprehensive test environment...
鉁?Database connected
Running migration: 001_init.ts

[90mstdout[2m | src/game-systems/dialogue/__tests__/DialogueService.context-options.test.ts[22m[39m
馃И Setting up comprehensive test environment...
鉁?Database connected
Running migration: 001_init.ts
Migration 001_init.ts completed successfully
Running migration: 002_add_equipped_index.ts

[90mstdout[2m | src/game-systems/dialogue/__tests__/DialogueService.context-options.test.ts[22m[39m
Migration 002_add_equipped_index.ts completed successfully
Running migration: 003_fix_information_boundaries_timestamps.ts

[90mstdout[2m | src/game-systems/dialogue/__tests__/DialogueService.context-options.test.ts[22m[39m
Migration 003_fix_information_boundaries_timestamps.ts completed successfully
Running migration: 004_drop_information_boundaries.ts

[90mstdout[2m | src/services/__tests__/save-refactor.test.ts[22m[39m
02:00:16 [[32minfo[39m]  Discovered 187 help files {"dir":"C:\\Users\\super\\Documents\\trae_projects\\AGG-main\\packages\\backend\\config\\agent-help"}

[90mstdout[2m | src/services/__tests__/staging-knex.pool-isolation.test.ts[22m[39m
Migration 001_init.ts completed successfully
Running migration: 002_add_equipped_index.ts

[90mstdout[2m | src/game-systems/dialogue/__tests__/DialogueService.context-options.test.ts[22m[39m
004_drop_information_boundaries: information_boundaries table not found, skipping migration
004_drop_information_boundaries: cleared custom_data.knowledge from 0 NPCs
Migration 004_drop_information_boundaries.ts completed successfully
Running migration: 005_drop_npc_relations.ts

[90mstdout[2m | src/services/__tests__/staging-knex.pool-isolation.test.ts[22m[39m
Migration 002_add_equipped_index.ts completed successfully
Running migration: 003_fix_information_boundaries_timestamps.ts

[90mstdout[2m | src/services/__tests__/staging-knex.pool-isolation.test.ts[22m[39m
Migration 003_fix_information_boundaries_timestamps.ts completed successfully
Running migration: 004_drop_information_boundaries.ts
004_drop_information_boundaries: information_boundaries table not found, skipping migration
004_drop_information_boundaries: cleared custom_data.knowledge from 0 NPCs
Migration 004_drop_information_boundaries.ts completed successfully
Running migration: 005_drop_npc_relations.ts

[90mstdout[2m | src/game-systems/dialogue/__tests__/DialogueService.context-options.test.ts[22m[39m
005_drop_npc_relations: dropped npc_relations table
Migration 005_drop_npc_relations.ts completed successfully
Running migration: 006_awareness_relationship_events_states.ts
006: created entity_awareness_events table
006: created entity_awareness_states table
006: created entity_relationship_events table
006: created entity_relationship_states table
Migration 006_awareness_relationship_events_states.ts completed successfully
Running migration: 007_add_combat_mode.ts
007: added combat_states.mode column
Migration 007_add_combat_mode.ts completed successfully
Running migration: 008_add_saves_active_challenge_mode.ts

[90mstdout[2m | src/services/__tests__/staging-knex.pool-isolation.test.ts[22m[39m
005_drop_npc_relations: dropped npc_relations table
Migration 005_drop_npc_relations.ts completed successfully
Running migration: 006_awareness_relationship_events_states.ts
006: created entity_awareness_events table
006: created entity_awareness_states table
006: created entity_relationship_events table
006: created entity_relationship_states table
Migration 006_awareness_relationship_events_states.ts completed successfully
Running migration: 007_add_combat_mode.ts

[90mstdout[2m | src/game-systems/time/__tests__/GameTimeRepository.test.ts[22m[39m
02:00:15 [[32minfo[39m]  Help registry loaded: 22 tools {"tools":["batch_query_service","challenge_service","... (22 items)"]}
02:00:16 [[32minfo[39m]  Creating GameMasterAgent (as AgentRuntime with isSubAgent=false)
02:00:16 [[32minfo[39m]  Handler subscribed {"eventType":"dialogue"}
02:00:16 [[32minfo[39m]  Handler subscribed {"eventType":"combat_end"}
02:00:16 [[32minfo[39m]  AwarenessAutoSubscriber subscribed to dialogue + combat_end events
02:00:16 [[32minfo[39m]  Agent initialized: gamemaster - GameMasterAgent
02:00:16 [[32minfo[39m] [AGENT-START] Agent gamemaster starting {"agent":"gamemaster","provider":null,"toolsConfigured":1,"maxIterations":200,"isSubAgent":false}
02:00:16 [[32minfo[39m]  Handler subscribed {"eventType":"chapter_advanced"}
02:00:16 [[32minfo[39m]  Creating AgentRuntime instances from default profile: fantasy_rpg
02:00:16 [[32minfo[39m]  Creating agents from profile: fantasy_rpg {"agentCount":10}
02:00:16 [[32minfo[39m]  Agent initialized: gamemaster - GameMasterAgent
02:00:16 [[32minfo[39m] [AGENT-START] Agent gamemaster starting {"agent":"gamemaster","provider":null,"toolsConfigured":1,"maxIterations":200,"isSubAgent":false}
02:00:16 [[32minfo[39m]  Created AgentRuntime: gamemaster {"profile":"fantasy_rpg","tools":["all"]}
02:00:16 [[32minfo[39m]  Agent initialized: map - MapAgent
02:00:16 [[32minfo[39m] [AGENT-START] Agent map starting {"agent":"map","provider":null,"toolsConfigured":7,"maxIterations":200,"isSubAgent":true}
02:00:16 [[32minfo[39m]  Created AgentRuntime: map {"profile":"fantasy_rpg","tools":["map_service","npc_service","... (7 items)"]}
02:00:16 [[32minfo[39m]  Agent initialized: challenge - ChallengeAgent
02:00:16 [[32minfo[39m] [AGENT-START] Agent challenge starting {"agent":"challenge","provider":null,"toolsConfigured":9,"maxIterations":200,"isSubAgent":true}
02:00:16 [[32minfo[39m]  Created AgentRuntime: challenge {"profile":"fantasy_rpg","tools":["challenge_service","numerical_service","... (9 items)"]}
02:00:16 [[32minfo[39m]  Agent initialized: output - OutputAgent
02:00:16 [[32minfo[39m] [AGENT-START] Agent output starting {"agent":"output","provider":null,"toolsConfigured":5,"maxIterations":200,"isSubAgent":true}
02:00:16 [[32minfo[39m]  Created AgentRuntime: output {"profile":"fantasy_rpg","tools":["dialogue_service","dynamic_ui","... (5 items)"]}
02:00:16 [[32minfo[39m]  Agent initialized: quest - QuestAgent
02:00:16 [[32minfo[39m] [AGENT-START] Agent quest starting {"agent":"quest","provider":null,"toolsConfigured":11,"maxIterations":200,"isSubAgent":true}
02:00:16 [[32minfo[39m]  Created AgentRuntime: quest {"profile":"fantasy_rpg","tools":["quest_service","numerical_service","... (11 items)"]}
02:00:16 [[32minfo[39m]  Agent initialized: npc_party - NPCPartyAgent
02:00:16 [[32minfo[39m] [AGENT-START] Agent npc_party starting {"agent":"npc_party","provider":null,"toolsConfigured":9,"maxIterations":200,"isSubAgent":true}
02:00:16 [[32minfo[39m]  Created AgentRuntime: npc_party {"profile":"fantasy_rpg","tools":["npc_service","entity_graph_service","... (9 items)"]}
02:00:16 [[32minfo[39m]  Agent initialized: inventory - InventoryAgent
02:00:16 [[32minfo[39m] [AGENT-START] Agent inventory starting {"agent":"inventory","provider":null,"toolsConfigured":8,"maxIterations":200,"isSubAgent":true}
02:00:16 [[32minfo[39m]  Created AgentRuntime: inventory {"profile":"fantasy_rpg","tools":["inventory_service","template_pool_service","... (8 items)"]}
02:00:16 [[32minfo[39m]  Agent initialized: skill - SkillAgent
02:00:16 [[32minfo[39m] [AGENT-START] Agent skill starting {"agent":"skill","provider":null,"toolsConfigured":7,"maxIterations":200,"isSubAgent":true}
02:00:16 [[32minfo[39m]  Created AgentRuntime: skill {"profile":"fantasy_rpg","tools":["skill_service","template_pool_service","... (7 items)"]}
02:00:16 [[32minfo[39m]  Agent initialized: event - EventAgent
02:00:16 [[32minfo[39m] [AGENT-START] Agent event starting {"agent":"event","provider":null,"toolsConfigured":5,"maxIterations":200,"isSubAgent":true}
02:00:16 [[32minfo[39m]  Created AgentRuntime: event {"profile":"fantasy_rpg","tools":["event_service","game_time_service","... (5 items)"]}
02:00:16 [[32minfo[39m]  Agent initialized: time - TimeAgent
02:00:16 [[32minfo[39m] [AGENT-START] Agent time starting {"agent":"time","provider":null,"toolsConfigured":4,"maxIterations":200,"isSubAgent":true}
02:00:16 [[32minfo[39m]  Created AgentRuntime: time {"profile":"fantasy_rpg","tools":["game_time_service","rule_service","... (4 items)"]}
02:00:16 [[32minfo[39m]  Permissions configured from agent.tools for profile: fantasy_rpg
02:00:16 [[32minfo[39m]  YAML permissions configured
02:00:16 [[32minfo[39m]  Registering AgentRuntime instances to GameMasterAgent...
02:00:16 [[32minfo[39m]  Registered AgentRuntime to Coordinator: gamemaster
02:00:16 [[32minfo[39m]  Registered AgentRuntime to Coordinator: map
02:00:16 [[32minfo[39m]  Registered AgentRuntime to Coordinator: challenge
02:00:16 [[32minfo[39m]  Registered AgentRuntime to Coordinator: output
02:00:16 [[32minfo[39m]  Registered AgentRuntime to Coordinator: quest
02:00:16 [[32minfo[39m]  Registered AgentRuntime to Coordinator: npc_party
02:00:16 [[32minfo[39m]  Registered AgentRuntime to Coordinator: inventory
02:00:16 [[32minfo[39m]  Registered AgentRuntime to Coordinator: skill
02:00:16 [[32minfo[39m]  Registered AgentRuntime to Coordinator: event
02:00:16 [[32minfo[39m]  Registered AgentRuntime to Coordinator: time
02:00:16 [[32minfo[39m]  GameDataExpander configured (manifest path enabled)
02:00:16 [[32minfo[39m]  DedupService configured (dispatch log persistence enabled)
02:00:16 [[32minfo[39m]  Agent system initialized: 10 AgentRuntime instances created
鉁?Agent system initialized with 10 agents
鈿狅笍 YAML Agent system skipped: __vi_import_5__.initializeYamlAgentSystem is not a function
02:00:16 [[32minfo[39m]  Agent routes initialized
02:00:16 [[32minfo[39m]  Save routes initialized
02:00:16 [[32minfo[39m]  Synced template from YAML to DB: cthulhu-investigation
02:00:16 [[32minfo[39m]  Synced template from YAML to DB: cyberpunk-mercenary
02:00:16 [[32minfo[39m]  Synced template from YAML to DB: medieval-fantasy
02:00:16 [[32minfo[39m]  Synced template from YAML to DB: modern-romance
02:00:16 [[32minfo[39m]  Synced template from YAML to DB: xianxia
02:00:16 [[32minfo[39m]  Synced 5 templates from YAML to database
02:00:16 [[32minfo[39m]  Cache refreshed with 5 templates
02:00:16 [[32minfo[39m]  TemplateService loaded {"cachedTemplates":5}
鉁?Template YAML loaded and synced to DB
02:00:16 [[32minfo[39m]  Template routes initialized
鉁?Test environment setup complete
鉁?Database connection closed

 [32m鉁?[39m src/game-systems/time/__tests__/GameTimeRepository.test.ts [2m ([22m[2m9 tests[22m[2m)[22m[33m 1249[2mms[22m[39m
[90mstdout[2m | src/services/__tests__/staging-knex.pool-isolation.test.ts[22m[39m
007: added combat_states.mode column
Migration 007_add_combat_mode.ts completed successfully
Running migration: 008_add_saves_active_challenge_mode.ts

[90mstdout[2m | src/game-systems/npc/__tests__/npc-modify-health.test.ts[22m[39m
馃И Setting up comprehensive test environment...
鉁?Database connected
Running migration: 001_init.ts

[90mstdout[2m | src/agents/prompt/__tests__/template-layers.test.ts[22m[39m
馃И Setting up comprehensive test environment...
鉁?Database connected
Running migration: 001_init.ts
Migration 001_init.ts completed successfully
Running migration: 002_add_equipped_index.ts
Migration 002_add_equipped_index.ts completed successfully
Running migration: 003_fix_information_boundaries_timestamps.ts

[90mstdout[2m | src/agents/prompt/__tests__/template-layers.test.ts[22m[39m
Migration 003_fix_information_boundaries_timestamps.ts completed successfully
Running migration: 004_drop_information_boundaries.ts

[90mstdout[2m | src/game-systems/npc/__tests__/npc-modify-health.test.ts[22m[39m
Migration 001_init.ts completed successfully
Running migration: 002_add_equipped_index.ts

[90mstdout[2m | src/game-systems/npc/__tests__/npc-modify-health.test.ts[22m[39m
Migration 002_add_equipped_index.ts completed successfully
Running migration: 003_fix_information_boundaries_timestamps.ts

[90mstdout[2m | src/game-systems/npc/__tests__/npc-modify-health.test.ts[22m[39m
Migration 003_fix_information_boundaries_timestamps.ts completed successfully
Running migration: 004_drop_information_boundaries.ts

[90mstdout[2m | src/game-systems/npc/__tests__/npc-modify-health.test.ts[22m[39m
004_drop_information_boundaries: information_boundaries table not found, skipping migration
004_drop_information_boundaries: cleared custom_data.knowledge from 0 NPCs
Migration 004_drop_information_boundaries.ts completed successfully
Running migration: 005_drop_npc_relations.ts

[90mstdout[2m | src/game-systems/dialogue/__tests__/DialogueService.context-options.test.ts[22m[39m
008: added saves.active_challenge_mode column
Migration 008_add_saves_active_challenge_mode.ts completed successfully
All migrations completed
鉁?Migrations completed
All seeds completed
鉁?Seeds completed
02:00:16 [[32minfo[39m]  Starting YAML-driven Agent system initialization
02:00:16 [[32minfo[39m]  Seeding ModelConfigService from environment
02:00:16 [[32minfo[39m]  No DEEPSEEK_API_KEY env var found, skipping env seed
02:00:16 [[32minfo[39m]  Seeded provider from convict config {"providerType":"openai","providerId":"5e4cbb40-10b6-4c0e-b14a-9e3d96923f0a","model":"openrouter/free"}
02:00:16 [[32minfo[39m]  Creating LLMService with ModelConfigService
02:00:16 [[32minfo[39m]  Creating ContextService and DecisionLogService instances
02:00:16 [[32minfo[39m]  Initializing YAML-driven Agent profiles...
02:00:16 [[32minfo[39m]  Loading config from directory: C:\Users\super\Documents\trae_projects\AGG-main\packages\backend\config
02:00:16 [[32minfo[39m]  Loaded agent profile: fantasy_rpg
02:00:16 [[32minfo[39m]  Loaded agent profile: minimal_test
02:00:16 [[32minfo[39m]  Loaded 0 non-builtin profiles from database (0 builtin skipped, using YAML)
02:00:16 [[32minfo[39m]  Config loaded successfully: 2 profiles
02:00:16 [[32minfo[39m]  YAML config loaded successfully
02:00:16 [[32minfo[39m]  Context rules loaded {"agentCount":10}
02:00:16 [[32minfo[39m]  Default manifests loaded {"agentTypeCount":6,"manifestCount":8}
02:00:16 [[32minfo[39m]  Context rules file watcher started {"path":"C:\\Users\\super\\Documents\\trae_projects\\AGG-main\\packages\\backend\\config\\agent-context-rules.yaml"}
02:00:16 [[32minfo[39m]  Loaded 10 agent capabilities from YAML profiles
02:00:16 [[32minfo[39m]  ToolRegistry initialized
02:00:16 [[32minfo[39m]  Registering ServiceTools to ToolRegistry
02:00:16 [[32minfo[39m]  Tool registered: game_time_service - GameTime Service (v1.0.0)
02:00:16 [[32minfo[39m]  Tool registered: numerical_service - Numerical Service (v1.0.0)
02:00:16 [[32minfo[39m]  Tool registered: character_service - Character Service (v1.0.0)
02:00:16 [[32minfo[39m]  Tool registered: inventory_service - Inventory Service (v1.0.0)
02:00:16 [[32minfo[39m]  Tool registered: skill_service - Skill Service (v1.1.0)
02:00:16 [[32minfo[39m]  Tool registered: map_service - Map Service (v2.0.0)
02:00:16 [[32minfo[39m]  Tool registered: npc_service - NPC Service (v1.0.0)
02:00:16 [[32minfo[39m]  Tool registered: dialogue_service - Dialogue Service (v1.0.0)
02:00:16 [[32minfo[39m]  Tool registered: quest_service - Quest Service (v1.0.0)
02:00:16 [[32minfo[39m]  Tool registered: challenge_service - Challenge Service (v1.0.0)
02:00:16 [[32minfo[39m]  Tool registered: event_service - Event Service (v1.0.0)
02:00:16 [[32minfo[39m]  Tool registered: story_service - Story Service (v1.0.0)
02:00:16 [[32minfo[39m]  Tool registered: game_init_service - Game Init Service (v2.0.0)
02:00:16 [[32minfo[39m]  Tool registered: batch_query_service - Batch Query Service (v1.0.0)
02:00:16 [[32minfo[39m]  Tool registered: entity_graph_service - Entity Graph Service (v1.0.0)
02:00:16 [[32minfo[39m]  Tool registered: template_pool_service - Template Pool Service (v1.0.0)
02:00:16 [[32minfo[39m]  Tool registered: dynamic_ui - Dynamic UI Service (v1.0.0)
02:00:16 [[32minfo[39m]  Tool registered: generate_options - Generate Options Service (v2.0.0)
02:00:16 [[32minfo[39m]  Tool registered: coordinator_service - Coordinator Service (v1.0.0)
02:00:16 [[32minfo[39m]  Tool registered: rule_service - Rule Service (v1.0.0)
02:00:16 [[32minfo[39m]  Tool registered: skill_loader - Skill Loader (v1.0.0)
02:00:16 [[32minfo[39m]  Tool registered: help_service - Help Service (v1.0.0)
02:00:16 [[32minfo[39m]  Tool registered: memory_service - Memory Service (v1.0.0)
02:00:16 [[32minfo[39m]  Registered 23 ServiceTools to ToolRegistry
02:00:16 [[32minfo[39m]  Tool reference validation passed

[90mstdout[2m | src/game-systems/npc/__tests__/npc-modify-health.test.ts[22m[39m
005_drop_npc_relations: dropped npc_relations table
Migration 005_drop_npc_relations.ts completed successfully
Running migration: 006_awareness_relationship_events_states.ts
006: created entity_awareness_events table
006: created entity_awareness_states table
006: created entity_relationship_events table
006: created entity_relationship_states table
Migration 006_awareness_relationship_events_states.ts completed successfully
Running migration: 007_add_combat_mode.ts

[90mstdout[2m | src/game-systems/npc/__tests__/npc-modify-health.test.ts[22m[39m
007: added combat_states.mode column
Migration 007_add_combat_mode.ts completed successfully
Running migration: 008_add_saves_active_challenge_mode.ts

[90mstdout[2m | src/services/__tests__/staging-knex.pool-isolation.test.ts[22m[39m
008: added saves.active_challenge_mode column
Migration 008_add_saves_active_challenge_mode.ts completed successfully
All migrations completed
鉁?Migrations completed
All seeds completed
鉁?Seeds completed
02:00:16 [[32minfo[39m]  Starting YAML-driven Agent system initialization
02:00:16 [[32minfo[39m]  Seeding ModelConfigService from environment
02:00:16 [[32minfo[39m]  No DEEPSEEK_API_KEY env var found, skipping env seed
02:00:16 [[32minfo[39m]  Seeded provider from convict config {"providerType":"openai","providerId":"802a6d6f-ad83-4a57-944a-3853af1467b7","model":"openrouter/free"}
02:00:16 [[32minfo[39m]  Creating LLMService with ModelConfigService
02:00:16 [[32minfo[39m]  Creating ContextService and DecisionLogService instances
02:00:16 [[32minfo[39m]  Initializing YAML-driven Agent profiles...
02:00:16 [[32minfo[39m]  Loading config from directory: C:\Users\super\Documents\trae_projects\AGG-main\packages\backend\config
02:00:16 [[32minfo[39m]  Loaded agent profile: fantasy_rpg
02:00:16 [[32minfo[39m]  Loaded agent profile: minimal_test
02:00:16 [[32minfo[39m]  Loaded 0 non-builtin profiles from database (0 builtin skipped, using YAML)
02:00:16 [[32minfo[39m]  Config loaded successfully: 2 profiles
02:00:16 [[32minfo[39m]  YAML config loaded successfully
02:00:16 [[32minfo[39m]  Context rules loaded {"agentCount":10}
02:00:16 [[32minfo[39m]  Default manifests loaded {"agentTypeCount":6,"manifestCount":8}
02:00:16 [[32minfo[39m]  Context rules file watcher started {"path":"C:\\Users\\super\\Documents\\trae_projects\\AGG-main\\packages\\backend\\config\\agent-context-rules.yaml"}
02:00:16 [[32minfo[39m]  Loaded 10 agent capabilities from YAML profiles
02:00:16 [[32minfo[39m]  ToolRegistry initialized
02:00:16 [[32minfo[39m]  Registering ServiceTools to ToolRegistry
02:00:16 [[32minfo[39m]  Tool registered: game_time_service - GameTime Service (v1.0.0)
02:00:16 [[32minfo[39m]  Tool registered: numerical_service - Numerical Service (v1.0.0)
02:00:16 [[32minfo[39m]  Tool registered: character_service - Character Service (v1.0.0)
02:00:16 [[32minfo[39m]  Tool registered: inventory_service - Inventory Service (v1.0.0)
02:00:16 [[32minfo[39m]  Tool registered: skill_service - Skill Service (v1.1.0)
02:00:16 [[32minfo[39m]  Tool registered: map_service - Map Service (v2.0.0)
02:00:16 [[32minfo[39m]  Tool registered: npc_service - NPC Service (v1.0.0)
02:00:16 [[32minfo[39m]  Tool registered: dialogue_service - Dialogue Service (v1.0.0)
02:00:16 [[32minfo[39m]  Tool registered: quest_service - Quest Service (v1.0.0)
02:00:16 [[32minfo[39m]  Tool registered: challenge_service - Challenge Service (v1.0.0)
02:00:16 [[32minfo[39m]  Tool registered: event_service - Event Service (v1.0.0)
02:00:16 [[32minfo[39m]  Tool registered: story_service - Story Service (v1.0.0)
02:00:16 [[32minfo[39m]  Tool registered: game_init_service - Game Init Service (v2.0.0)
02:00:16 [[32minfo[39m]  Tool registered: batch_query_service - Batch Query Service (v1.0.0)
02:00:16 [[32minfo[39m]  Tool registered: entity_graph_service - Entity Graph Service (v1.0.0)
02:00:16 [[32minfo[39m]  Tool registered: template_pool_service - Template Pool Service (v1.0.0)
02:00:16 [[32minfo[39m]  Tool registered: dynamic_ui - Dynamic UI Service (v1.0.0)
02:00:16 [[32minfo[39m]  Tool registered: generate_options - Generate Options Service (v2.0.0)
02:00:16 [[32minfo[39m]  Tool registered: coordinator_service - Coordinator Service (v1.0.0)
02:00:16 [[32minfo[39m]  Tool registered: rule_service - Rule Service (v1.0.0)
02:00:16 [[32minfo[39m]  Tool registered: skill_loader - Skill Loader (v1.0.0)
02:00:16 [[32minfo[39m]  Tool registered: help_service - Help Service (v1.0.0)
02:00:16 [[32minfo[39m]  Tool registered: memory_service - Memory Service (v1.0.0)
02:00:16 [[32minfo[39m]  Registered 23 ServiceTools to ToolRegistry
02:00:16 [[32minfo[39m]  Tool reference validation passed

[90mstdout[2m | src/agents/prompt/__tests__/template-layers.test.ts[22m[39m
004_drop_information_boundaries: information_boundaries table not found, skipping migration
004_drop_information_boundaries: cleared custom_data.knowledge from 0 NPCs
Migration 004_drop_information_boundaries.ts completed successfully
Running migration: 005_drop_npc_relations.ts
005_drop_npc_relations: dropped npc_relations table
Migration 005_drop_npc_relations.ts completed successfully
Running migration: 006_awareness_relationship_events_states.ts
006: created entity_awareness_events table
006: created entity_awareness_states table
006: created entity_relationship_events table
006: created entity_relationship_states table
Migration 006_awareness_relationship_events_states.ts completed successfully
Running migration: 007_add_combat_mode.ts
007: added combat_states.mode column
Migration 007_add_combat_mode.ts completed successfully
Running migration: 008_add_saves_active_challenge_mode.ts
008: added saves.active_challenge_mode column
Migration 008_add_saves_active_challenge_mode.ts completed successfully
All migrations completed
鉁?Migrations completed
All seeds completed
鉁?Seeds completed
02:00:16 [[32minfo[39m]  Starting YAML-driven Agent system initialization
02:00:16 [[32minfo[39m]  Seeding ModelConfigService from environment
02:00:16 [[32minfo[39m]  No DEEPSEEK_API_KEY env var found, skipping env seed
02:00:16 [[32minfo[39m]  Seeded provider from convict config {"providerType":"openai","providerId":"abcb77e9-1d6c-4fba-8cc9-98a143d676b5","model":"openrouter/free"}
02:00:16 [[32minfo[39m]  Creating LLMService with ModelConfigService
02:00:16 [[32minfo[39m]  Creating ContextService and DecisionLogService instances
02:00:16 [[32minfo[39m]  Initializing YAML-driven Agent profiles...
02:00:16 [[32minfo[39m]  Loading config from directory: C:\Users\super\Documents\trae_projects\AGG-main\packages\backend\config
02:00:16 [[32minfo[39m]  Loaded agent profile: fantasy_rpg
02:00:16 [[32minfo[39m]  Loaded agent profile: minimal_test
02:00:16 [[32minfo[39m]  Loaded 0 non-builtin profiles from database (0 builtin skipped, using YAML)
02:00:16 [[32minfo[39m]  Config loaded successfully: 2 profiles
02:00:16 [[32minfo[39m]  YAML config loaded successfully
02:00:16 [[32minfo[39m]  Context rules loaded {"agentCount":10}
02:00:16 [[32minfo[39m]  Default manifests loaded {"agentTypeCount":6,"manifestCount":8}
02:00:16 [[32minfo[39m]  Context rules file watcher started {"path":"C:\\Users\\super\\Documents\\trae_projects\\AGG-main\\packages\\backend\\config\\agent-context-rules.yaml"}
02:00:16 [[32minfo[39m]  Loaded 10 agent capabilities from YAML profiles
02:00:16 [[32minfo[39m]  ToolRegistry initialized
02:00:16 [[32minfo[39m]  Registering ServiceTools to ToolRegistry
02:00:16 [[32minfo[39m]  Tool registered: game_time_service - GameTime Service (v1.0.0)
02:00:16 [[32minfo[39m]  Tool registered: numerical_service - Numerical Service (v1.0.0)
02:00:16 [[32minfo[39m]  Tool registered: character_service - Character Service (v1.0.0)
02:00:16 [[32minfo[39m]  Tool registered: inventory_service - Inventory Service (v1.0.0)
02:00:16 [[32minfo[39m]  Tool registered: skill_service - Skill Service (v1.1.0)
02:00:16 [[32minfo[39m]  Tool registered: map_service - Map Service (v2.0.0)
02:00:16 [[32minfo[39m]  Tool registered: npc_service - NPC Service (v1.0.0)
02:00:16 [[32minfo[39m]  Tool registered: dialogue_service - Dialogue Service (v1.0.0)
02:00:16 [[32minfo[39m]  Tool registered: quest_service - Quest Service (v1.0.0)
02:00:16 [[32minfo[39m]  Tool registered: challenge_service - Challenge Service (v1.0.0)
02:00:16 [[32minfo[39m]  Tool registered: event_service - Event Service (v1.0.0)
02:00:16 [[32minfo[39m]  Tool registered: story_service - Story Service (v1.0.0)
02:00:16 [[32minfo[39m]  Tool registered: game_init_service - Game Init Service (v2.0.0)
02:00:16 [[32minfo[39m]  Tool registered: batch_query_service - Batch Query Service (v1.0.0)
02:00:16 [[32minfo[39m]  Tool registered: entity_graph_service - Entity Graph Service (v1.0.0)
02:00:16 [[32minfo[39m]  Tool registered: template_pool_service - Template Pool Service (v1.0.0)
02:00:16 [[32minfo[39m]  Tool registered: dynamic_ui - Dynamic UI Service (v1.0.0)
02:00:16 [[32minfo[39m]  Tool registered: generate_options - Generate Options Service (v2.0.0)
02:00:16 [[32minfo[39m]  Tool registered: coordinator_service - Coordinator Service (v1.0.0)
02:00:16 [[32minfo[39m]  Tool registered: rule_service - Rule Service (v1.0.0)
02:00:16 [[32minfo[39m]  Tool registered: skill_loader - Skill Loader (v1.0.0)
02:00:16 [[32minfo[39m]  Tool registered: help_service - Help Service (v1.0.0)
02:00:16 [[32minfo[39m]  Tool registered: memory_service - Memory Service (v1.0.0)
02:00:16 [[32minfo[39m]  Registered 23 ServiceTools to ToolRegistry
02:00:16 [[32minfo[39m]  Tool reference validation passed

[90mstdout[2m | src/agents/prompt/__tests__/template-layers.test.ts[22m[39m
02:00:16 [[32minfo[39m]  Discovered 187 help files {"dir":"C:\\Users\\super\\Documents\\trae_projects\\AGG-main\\packages\\backend\\config\\agent-help"}

[90mstdout[2m | src/game-systems/map/__tests__/location-names-by-ids.test.ts[22m[39m
馃И Setting up comprehensive test environment...
鉁?Database connected
Running migration: 001_init.ts

[90mstdout[2m | src/agents/prompt/__tests__/pure-layers.test.ts[22m[39m
馃И Setting up comprehensive test environment...
鉁?Database connected
Running migration: 001_init.ts

[90mstdout[2m | src/game-systems/map/__tests__/location-names-by-ids.test.ts[22m[39m
Migration 001_init.ts completed successfully
Running migration: 002_add_equipped_index.ts

[90mstdout[2m | src/game-systems/map/__tests__/location-names-by-ids.test.ts[22m[39m
Migration 002_add_equipped_index.ts completed successfully
Running migration: 003_fix_information_boundaries_timestamps.ts

[90mstdout[2m | src/game-systems/map/__tests__/location-names-by-ids.test.ts[22m[39m
Migration 003_fix_information_boundaries_timestamps.ts completed successfully
Running migration: 004_drop_information_boundaries.ts

[90mstdout[2m | src/game-systems/map/__tests__/location-names-by-ids.test.ts[22m[39m
004_drop_information_boundaries: information_boundaries table not found, skipping migration
004_drop_information_boundaries: cleared custom_data.knowledge from 0 NPCs
Migration 004_drop_information_boundaries.ts completed successfully
Running migration: 005_drop_npc_relations.ts

[90mstdout[2m | src/agents/prompt/__tests__/pure-layers.test.ts[22m[39m
Migration 001_init.ts completed successfully
Running migration: 002_add_equipped_index.ts

[90mstdout[2m | src/game-systems/npc/__tests__/npc-modify-health.test.ts[22m[39m
008: added saves.active_challenge_mode column
Migration 008_add_saves_active_challenge_mode.ts completed successfully
All migrations completed
鉁?Migrations completed
All seeds completed
鉁?Seeds completed
02:00:16 [[32minfo[39m]  Starting YAML-driven Agent system initialization
02:00:16 [[32minfo[39m]  Seeding ModelConfigService from environment
02:00:16 [[32minfo[39m]  No DEEPSEEK_API_KEY env var found, skipping env seed
02:00:16 [[32minfo[39m]  Seeded provider from convict config {"providerType":"openai","providerId":"70d56968-7300-4ea3-aaed-211e56845e22","model":"openrouter/free"}
02:00:16 [[32minfo[39m]  Creating LLMService with ModelConfigService
02:00:16 [[32minfo[39m]  Creating ContextService and DecisionLogService instances
02:00:16 [[32minfo[39m]  Initializing YAML-driven Agent profiles...
02:00:16 [[32minfo[39m]  Loading config from directory: C:\Users\super\Documents\trae_projects\AGG-main\packages\backend\config
02:00:16 [[32minfo[39m]  Loaded agent profile: fantasy_rpg
02:00:16 [[32minfo[39m]  Loaded agent profile: minimal_test
02:00:16 [[32minfo[39m]  Loaded 0 non-builtin profiles from database (0 builtin skipped, using YAML)
02:00:16 [[32minfo[39m]  Config loaded successfully: 2 profiles
02:00:16 [[32minfo[39m]  YAML config loaded successfully
02:00:16 [[32minfo[39m]  Context rules loaded {"agentCount":10}
02:00:16 [[32minfo[39m]  Default manifests loaded {"agentTypeCount":6,"manifestCount":8}
02:00:16 [[32minfo[39m]  Context rules file watcher started {"path":"C:\\Users\\super\\Documents\\trae_projects\\AGG-main\\packages\\backend\\config\\agent-context-rules.yaml"}
02:00:16 [[32minfo[39m]  Loaded 10 agent capabilities from YAML profiles
02:00:16 [[32minfo[39m]  ToolRegistry initialized
02:00:16 [[32minfo[39m]  Registering ServiceTools to ToolRegistry
02:00:16 [[32minfo[39m]  Tool registered: game_time_service - GameTime Service (v1.0.0)
02:00:16 [[32minfo[39m]  Tool registered: numerical_service - Numerical Service (v1.0.0)
02:00:16 [[32minfo[39m]  Tool registered: character_service - Character Service (v1.0.0)
02:00:16 [[32minfo[39m]  Tool registered: inventory_service - Inventory Service (v1.0.0)
02:00:16 [[32minfo[39m]  Tool registered: skill_service - Skill Service (v1.1.0)
02:00:16 [[32minfo[39m]  Tool registered: map_service - Map Service (v2.0.0)
02:00:16 [[32minfo[39m]  Tool registered: npc_service - NPC Service (v1.0.0)
02:00:16 [[32minfo[39m]  Tool registered: dialogue_service - Dialogue Service (v1.0.0)
02:00:16 [[32minfo[39m]  Tool registered: quest_service - Quest Service (v1.0.0)
02:00:16 [[32minfo[39m]  Tool registered: challenge_service - Challenge Service (v1.0.0)
02:00:16 [[32minfo[39m]  Tool registered: event_service - Event Service (v1.0.0)
02:00:16 [[32minfo[39m]  Tool registered: story_service - Story Service (v1.0.0)
02:00:16 [[32minfo[39m]  Tool registered: game_init_service - Game Init Service (v2.0.0)
02:00:16 [[32minfo[39m]  Tool registered: batch_query_service - Batch Query Service (v1.0.0)
02:00:16 [[32minfo[39m]  Tool registered: entity_graph_service - Entity Graph Service (v1.0.0)
02:00:16 [[32minfo[39m]  Tool registered: template_pool_service - Template Pool Service (v1.0.0)
02:00:16 [[32minfo[39m]  Tool registered: dynamic_ui - Dynamic UI Service (v1.0.0)
02:00:16 [[32minfo[39m]  Tool registered: generate_options - Generate Options Service (v2.0.0)
02:00:16 [[32minfo[39m]  Tool registered: coordinator_service - Coordinator Service (v1.0.0)
02:00:16 [[32minfo[39m]  Tool registered: rule_service - Rule Service (v1.0.0)
02:00:16 [[32minfo[39m]  Tool registered: skill_loader - Skill Loader (v1.0.0)
02:00:16 [[32minfo[39m]  Tool registered: help_service - Help Service (v1.0.0)
02:00:16 [[32minfo[39m]  Tool registered: memory_service - Memory Service (v1.0.0)
02:00:16 [[32minfo[39m]  Registered 23 ServiceTools to ToolRegistry
02:00:16 [[32minfo[39m]  Tool reference validation passed

[90mstdout[2m | src/agents/tools/__tests__/coordinator-hook-policy.test.ts[22m[39m
馃И Setting up comprehensive test environment...
鉁?Database connected
Running migration: 001_init.ts

[90mstdout[2m | src/game-systems/npc/__tests__/npc-update-derived.test.ts[22m[39m
馃И Setting up comprehensive test environment...
鉁?Database connected
Running migration: 001_init.ts

[90mstdout[2m | src/game-systems/map/__tests__/location-names-by-ids.test.ts[22m[39m
005_drop_npc_relations: dropped npc_relations table
Migration 005_drop_npc_relations.ts completed successfully
Running migration: 006_awareness_relationship_events_states.ts

[90mstdout[2m | src/game-systems/map/__tests__/location-names-by-ids.test.ts[22m[39m
006: created entity_awareness_events table
006: created entity_awareness_states table
006: created entity_relationship_events table
006: created entity_relationship_states table
Migration 006_awareness_relationship_events_states.ts completed successfully
Running migration: 007_add_combat_mode.ts

[90mstdout[2m | src/game-systems/map/__tests__/location-names-by-ids.test.ts[22m[39m
007: added combat_states.mode column
Migration 007_add_combat_mode.ts completed successfully
Running migration: 008_add_saves_active_challenge_mode.ts

[90mstdout[2m | src/agents/prompt/__tests__/pure-layers.test.ts[22m[39m
Migration 002_add_equipped_index.ts completed successfully
Running migration: 003_fix_information_boundaries_timestamps.ts
Migration 003_fix_information_boundaries_timestamps.ts completed successfully
Running migration: 004_drop_information_boundaries.ts
004_drop_information_boundaries: information_boundaries table not found, skipping migration
004_drop_information_boundaries: cleared custom_data.knowledge from 0 NPCs
Migration 004_drop_information_boundaries.ts completed successfully
Running migration: 005_drop_npc_relations.ts

[90mstdout[2m | src/agents/prompt/__tests__/pure-layers.test.ts[22m[39m
005_drop_npc_relations: dropped npc_relations table
Migration 005_drop_npc_relations.ts completed successfully
Running migration: 006_awareness_relationship_events_states.ts
006: created entity_awareness_events table
006: created entity_awareness_states table
006: created entity_relationship_events table
006: created entity_relationship_states table
Migration 006_awareness_relationship_events_states.ts completed successfully
Running migration: 007_add_combat_mode.ts
007: added combat_states.mode column
Migration 007_add_combat_mode.ts completed successfully
Running migration: 008_add_saves_active_challenge_mode.ts

[90mstdout[2m | src/agents/tools/__tests__/coordinator-hook-policy.test.ts[22m[39m
Migration 001_init.ts completed successfully
Running migration: 002_add_equipped_index.ts

[90mstdout[2m | src/agents/tools/__tests__/coordinator-hook-policy.test.ts[22m[39m
Migration 002_add_equipped_index.ts completed successfully
Running migration: 003_fix_information_boundaries_timestamps.ts
Migration 003_fix_information_boundaries_timestamps.ts completed successfully
Running migration: 004_drop_information_boundaries.ts

[90mstdout[2m | src/database/__tests__/transactionHelper.test.ts[22m[39m
馃И Setting up comprehensive test environment...
鉁?Database connected
Running migration: 001_init.ts

[90mstdout[2m | src/agents/tools/__tests__/coordinator-hook-policy.test.ts[22m[39m
004_drop_information_boundaries: information_boundaries table not found, skipping migration
004_drop_information_boundaries: cleared custom_data.knowledge from 0 NPCs
Migration 004_drop_information_boundaries.ts completed successfully
Running migration: 005_drop_npc_relations.ts
005_drop_npc_relations: dropped npc_relations table
Migration 005_drop_npc_relations.ts completed successfully
Running migration: 006_awareness_relationship_events_states.ts

[90mstdout[2m | src/agents/tools/__tests__/coordinator-hook-policy.test.ts[22m[39m
006: created entity_awareness_events table
006: created entity_awareness_states table
006: created entity_relationship_events table
006: created entity_relationship_states table
Migration 006_awareness_relationship_events_states.ts completed successfully
Running migration: 007_add_combat_mode.ts

[90mstdout[2m | src/game-systems/inventory/__tests__/inventory-batch-tool.test.ts[22m[39m
馃И Setting up comprehensive test environment...
鉁?Database connected
Running migration: 001_init.ts
Migration 001_init.ts completed successfully
Running migration: 002_add_equipped_index.ts

[90mstdout[2m | src/game-systems/npc/__tests__/npc-update-derived.test.ts[22m[39m
Migration 001_init.ts completed successfully
Running migration: 002_add_equipped_index.ts

[90mstdout[2m | src/game-systems/inventory/__tests__/inventory-batch-tool.test.ts[22m[39m
Migration 002_add_equipped_index.ts completed successfully
Running migration: 003_fix_information_boundaries_timestamps.ts

[90mstdout[2m | src/game-systems/inventory/__tests__/inventory-batch-tool.test.ts[22m[39m
Migration 003_fix_information_boundaries_timestamps.ts completed successfully
Running migration: 004_drop_information_boundaries.ts

[90mstdout[2m | src/database/__tests__/transactionHelper.test.ts[22m[39m
Migration 001_init.ts completed successfully
Running migration: 002_add_equipped_index.ts
Migration 002_add_equipped_index.ts completed successfully
Running migration: 003_fix_information_boundaries_timestamps.ts
Migration 003_fix_information_boundaries_timestamps.ts completed successfully
Running migration: 004_drop_information_boundaries.ts
004_drop_information_boundaries: information_boundaries table not found, skipping migration
004_drop_information_boundaries: cleared custom_data.knowledge from 0 NPCs
Migration 004_drop_information_boundaries.ts completed successfully
Running migration: 005_drop_npc_relations.ts

[90mstdout[2m | src/game-systems/npc/__tests__/npc-update-derived.test.ts[22m[39m
Migration 002_add_equipped_index.ts completed successfully
Running migration: 003_fix_information_boundaries_timestamps.ts
Migration 003_fix_information_boundaries_timestamps.ts completed successfully
Running migration: 004_drop_information_boundaries.ts
004_drop_information_boundaries: information_boundaries table not found, skipping migration
004_drop_information_boundaries: cleared custom_data.knowledge from 0 NPCs
Migration 004_drop_information_boundaries.ts completed successfully
Running migration: 005_drop_npc_relations.ts
005_drop_npc_relations: dropped npc_relations table
Migration 005_drop_npc_relations.ts completed successfully
Running migration: 006_awareness_relationship_events_states.ts

[90mstdout[2m | src/game-systems/npc/__tests__/npc-update-derived.test.ts[22m[39m
006: created entity_awareness_events table
006: created entity_awareness_states table
006: created entity_relationship_events table
006: created entity_relationship_states table
Migration 006_awareness_relationship_events_states.ts completed successfully
Running migration: 007_add_combat_mode.ts

[90mstdout[2m | src/database/__tests__/transactionHelper.test.ts[22m[39m
005_drop_npc_relations: dropped npc_relations table
Migration 005_drop_npc_relations.ts completed successfully
Running migration: 006_awareness_relationship_events_states.ts

[90mstdout[2m | src/game-systems/npc/__tests__/npc-update-derived.test.ts[22m[39m
007: added combat_states.mode column
Migration 007_add_combat_mode.ts completed successfully
Running migration: 008_add_saves_active_challenge_mode.ts

[90mstdout[2m | src/database/__tests__/transactionHelper.test.ts[22m[39m
006: created entity_awareness_events table
006: created entity_awareness_states table
006: created entity_relationship_events table
006: created entity_relationship_states table
Migration 006_awareness_relationship_events_states.ts completed successfully
Running migration: 007_add_combat_mode.ts
007: added combat_states.mode column
Migration 007_add_combat_mode.ts completed successfully
Running migration: 008_add_saves_active_challenge_mode.ts

[90mstdout[2m | src/game-systems/inventory/__tests__/inventory-batch-tool.test.ts[22m[39m
004_drop_information_boundaries: information_boundaries table not found, skipping migration
004_drop_information_boundaries: cleared custom_data.knowledge from 0 NPCs
Migration 004_drop_information_boundaries.ts completed successfully
Running migration: 005_drop_npc_relations.ts
005_drop_npc_relations: dropped npc_relations table
Migration 005_drop_npc_relations.ts completed successfully
Running migration: 006_awareness_relationship_events_states.ts
006: created entity_awareness_events table
006: created entity_awareness_states table
006: created entity_relationship_events table
006: created entity_relationship_states table
Migration 006_awareness_relationship_events_states.ts completed successfully
Running migration: 007_add_combat_mode.ts

[90mstdout[2m | src/agents/coordinator/__tests__/data-refresh-handler-npc-location-id.test.ts[22m[39m
馃И Setting up comprehensive test environment...
鉁?Database connected
Running migration: 001_init.ts

[90mstdout[2m | src/agents/prompt/__tests__/pure-layers.test.ts[22m[39m
008: added saves.active_challenge_mode column
Migration 008_add_saves_active_challenge_mode.ts completed successfully
All migrations completed
鉁?Migrations completed
All seeds completed
鉁?Seeds completed
02:00:16 [[32minfo[39m]  Starting YAML-driven Agent system initialization
02:00:16 [[32minfo[39m]  Seeding ModelConfigService from environment
02:00:16 [[32minfo[39m]  No DEEPSEEK_API_KEY env var found, skipping env seed
02:00:17 [[32minfo[39m]  Seeded provider from convict config {"providerType":"openai","providerId":"87e66b86-98fd-48c8-9912-3174182da726","model":"openrouter/free"}
02:00:17 [[32minfo[39m]  Creating LLMService with ModelConfigService
02:00:17 [[32minfo[39m]  Creating ContextService and DecisionLogService instances
02:00:17 [[32minfo[39m]  Initializing YAML-driven Agent profiles...
02:00:17 [[32minfo[39m]  Loading config from directory: C:\Users\super\Documents\trae_projects\AGG-main\packages\backend\config
02:00:17 [[32minfo[39m]  Loaded agent profile: fantasy_rpg
02:00:17 [[32minfo[39m]  Loaded agent profile: minimal_test
02:00:17 [[32minfo[39m]  Loaded 0 non-builtin profiles from database (0 builtin skipped, using YAML)
02:00:17 [[32minfo[39m]  Config loaded successfully: 2 profiles
02:00:17 [[32minfo[39m]  YAML config loaded successfully
02:00:17 [[32minfo[39m]  Context rules loaded {"agentCount":10}
02:00:17 [[32minfo[39m]  Default manifests loaded {"agentTypeCount":6,"manifestCount":8}
02:00:17 [[32minfo[39m]  Context rules file watcher started {"path":"C:\\Users\\super\\Documents\\trae_projects\\AGG-main\\packages\\backend\\config\\agent-context-rules.yaml"}
02:00:17 [[32minfo[39m]  Loaded 10 agent capabilities from YAML profiles
02:00:17 [[32minfo[39m]  ToolRegistry initialized
02:00:17 [[32minfo[39m]  Registering ServiceTools to ToolRegistry
02:00:17 [[32minfo[39m]  Tool registered: game_time_service - GameTime Service (v1.0.0)
02:00:17 [[32minfo[39m]  Tool registered: numerical_service - Numerical Service (v1.0.0)
02:00:17 [[32minfo[39m]  Tool registered: character_service - Character Service (v1.0.0)
02:00:17 [[32minfo[39m]  Tool registered: inventory_service - Inventory Service (v1.0.0)
02:00:17 [[32minfo[39m]  Tool registered: skill_service - Skill Service (v1.1.0)
02:00:17 [[32minfo[39m]  Tool registered: map_service - Map Service (v2.0.0)
02:00:17 [[32minfo[39m]  Tool registered: npc_service - NPC Service (v1.0.0)
02:00:17 [[32minfo[39m]  Tool registered: dialogue_service - Dialogue Service (v1.0.0)
02:00:17 [[32minfo[39m]  Tool registered: quest_service - Quest Service (v1.0.0)
02:00:17 [[32minfo[39m]  Tool registered: challenge_service - Challenge Service (v1.0.0)
02:00:17 [[32minfo[39m]  Tool registered: event_service - Event Service (v1.0.0)
02:00:17 [[32minfo[39m]  Tool registered: story_service - Story Service (v1.0.0)
02:00:17 [[32minfo[39m]  Tool registered: game_init_service - Game Init Service (v2.0.0)
02:00:17 [[32minfo[39m]  Tool registered: batch_query_service - Batch Query Service (v1.0.0)
02:00:17 [[32minfo[39m]  Tool registered: entity_graph_service - Entity Graph Service (v1.0.0)
02:00:17 [[32minfo[39m]  Tool registered: template_pool_service - Template Pool Service (v1.0.0)
02:00:17 [[32minfo[39m]  Tool registered: dynamic_ui - Dynamic UI Service (v1.0.0)
02:00:17 [[32minfo[39m]  Tool registered: generate_options - Generate Options Service (v2.0.0)
02:00:17 [[32minfo[39m]  Tool registered: coordinator_service - Coordinator Service (v1.0.0)
02:00:17 [[32minfo[39m]  Tool registered: rule_service - Rule Service (v1.0.0)
02:00:17 [[32minfo[39m]  Tool registered: skill_loader - Skill Loader (v1.0.0)
02:00:17 [[32minfo[39m]  Tool registered: help_service - Help Service (v1.0.0)
02:00:17 [[32minfo[39m]  Tool registered: memory_service - Memory Service (v1.0.0)
02:00:17 [[32minfo[39m]  Registered 23 ServiceTools to ToolRegistry
02:00:17 [[32minfo[39m]  Tool reference validation passed

[90mstdout[2m | src/game-systems/map/__tests__/location-names-by-ids.test.ts[22m[39m
008: added saves.active_challenge_mode column
Migration 008_add_saves_active_challenge_mode.ts completed successfully
All migrations completed
鉁?Migrations completed
All seeds completed
鉁?Seeds completed
02:00:16 [[32minfo[39m]  Starting YAML-driven Agent system initialization
02:00:16 [[32minfo[39m]  Seeding ModelConfigService from environment
02:00:16 [[32minfo[39m]  No DEEPSEEK_API_KEY env var found, skipping env seed
02:00:17 [[32minfo[39m]  Seeded provider from convict config {"providerType":"openai","providerId":"ee90fcea-c949-44b3-b1f3-9211f40451fe","model":"openrouter/free"}
02:00:17 [[32minfo[39m]  Creating LLMService with ModelConfigService
02:00:17 [[32minfo[39m]  Creating ContextService and DecisionLogService instances
02:00:17 [[32minfo[39m]  Initializing YAML-driven Agent profiles...
02:00:17 [[32minfo[39m]  Loading config from directory: C:\Users\super\Documents\trae_projects\AGG-main\packages\backend\config
02:00:17 [[32minfo[39m]  Loaded agent profile: fantasy_rpg
02:00:17 [[32minfo[39m]  Loaded agent profile: minimal_test
02:00:17 [[32minfo[39m]  Loaded 0 non-builtin profiles from database (0 builtin skipped, using YAML)
02:00:17 [[32minfo[39m]  Config loaded successfully: 2 profiles
02:00:17 [[32minfo[39m]  YAML config loaded successfully
02:00:17 [[32minfo[39m]  Context rules loaded {"agentCount":10}
02:00:17 [[32minfo[39m]  Default manifests loaded {"agentTypeCount":6,"manifestCount":8}
02:00:17 [[32minfo[39m]  Context rules file watcher started {"path":"C:\\Users\\super\\Documents\\trae_projects\\AGG-main\\packages\\backend\\config\\agent-context-rules.yaml"}
02:00:17 [[32minfo[39m]  Loaded 10 agent capabilities from YAML profiles
02:00:17 [[32minfo[39m]  ToolRegistry initialized
02:00:17 [[32minfo[39m]  Registering ServiceTools to ToolRegistry
02:00:17 [[32minfo[39m]  Tool registered: game_time_service - GameTime Service (v1.0.0)
02:00:17 [[32minfo[39m]  Tool registered: numerical_service - Numerical Service (v1.0.0)
02:00:17 [[32minfo[39m]  Tool registered: character_service - Character Service (v1.0.0)
02:00:17 [[32minfo[39m]  Tool registered: inventory_service - Inventory Service (v1.0.0)
02:00:17 [[32minfo[39m]  Tool registered: skill_service - Skill Service (v1.1.0)
02:00:17 [[32minfo[39m]  Tool registered: map_service - Map Service (v2.0.0)
02:00:17 [[32minfo[39m]  Tool registered: npc_service - NPC Service (v1.0.0)
02:00:17 [[32minfo[39m]  Tool registered: dialogue_service - Dialogue Service (v1.0.0)
02:00:17 [[32minfo[39m]  Tool registered: quest_service - Quest Service (v1.0.0)
02:00:17 [[32minfo[39m]  Tool registered: challenge_service - Challenge Service (v1.0.0)
02:00:17 [[32minfo[39m]  Tool registered: event_service - Event Service (v1.0.0)
02:00:17 [[32minfo[39m]  Tool registered: story_service - Story Service (v1.0.0)
02:00:17 [[32minfo[39m]  Tool registered: game_init_service - Game Init Service (v2.0.0)
02:00:17 [[32minfo[39m]  Tool registered: batch_query_service - Batch Query Service (v1.0.0)
02:00:17 [[32minfo[39m]  Tool registered: entity_graph_service - Entity Graph Service (v1.0.0)
02:00:17 [[32minfo[39m]  Tool registered: template_pool_service - Template Pool Service (v1.0.0)
02:00:17 [[32minfo[39m]  Tool registered: dynamic_ui - Dynamic UI Service (v1.0.0)
02:00:17 [[32minfo[39m]  Tool registered: generate_options - Generate Options Service (v2.0.0)
02:00:17 [[32minfo[39m]  Tool registered: coordinator_service - Coordinator Service (v1.0.0)
02:00:17 [[32minfo[39m]  Tool registered: rule_service - Rule Service (v1.0.0)
02:00:17 [[32minfo[39m]  Tool registered: skill_loader - Skill Loader (v1.0.0)
02:00:17 [[32minfo[39m]  Tool registered: help_service - Help Service (v1.0.0)
02:00:17 [[32minfo[39m]  Tool registered: memory_service - Memory Service (v1.0.0)
02:00:17 [[32minfo[39m]  Registered 23 ServiceTools to ToolRegistry
02:00:17 [[32minfo[39m]  Tool reference validation passed

[90mstdout[2m | src/agents/tools/__tests__/coordinator-hook-policy.test.ts[22m[39m
007: added combat_states.mode column
Migration 007_add_combat_mode.ts completed successfully
Running migration: 008_add_saves_active_challenge_mode.ts
008: added saves.active_challenge_mode column
Migration 008_add_saves_active_challenge_mode.ts completed successfully
All migrations completed
鉁?Migrations completed
All seeds completed
鉁?Seeds completed
02:00:16 [[32minfo[39m]  Starting YAML-driven Agent system initialization
02:00:16 [[32minfo[39m]  Seeding ModelConfigService from environment
02:00:16 [[32minfo[39m]  No DEEPSEEK_API_KEY env var found, skipping env seed
02:00:17 [[32minfo[39m]  Seeded provider from convict config {"providerType":"openai","providerId":"ed4490e2-ce2f-4620-ad00-8d4efb83b042","model":"openrouter/free"}
02:00:17 [[32minfo[39m]  Creating LLMService with ModelConfigService
02:00:17 [[32minfo[39m]  Creating ContextService and DecisionLogService instances
02:00:17 [[32minfo[39m]  Initializing YAML-driven Agent profiles...
02:00:17 [[32minfo[39m]  Loading config from directory: C:\Users\super\Documents\trae_projects\AGG-main\packages\backend\config
02:00:17 [[32minfo[39m]  Loaded agent profile: fantasy_rpg
02:00:17 [[32minfo[39m]  Loaded agent profile: minimal_test
02:00:17 [[32minfo[39m]  Loaded 0 non-builtin profiles from database (0 builtin skipped, using YAML)
02:00:17 [[32minfo[39m]  Config loaded successfully: 2 profiles
02:00:17 [[32minfo[39m]  YAML config loaded successfully
02:00:17 [[32minfo[39m]  Context rules loaded {"agentCount":10}
02:00:17 [[32minfo[39m]  Default manifests loaded {"agentTypeCount":6,"manifestCount":8}
02:00:17 [[32minfo[39m]  Context rules file watcher started {"path":"C:\\Users\\super\\Documents\\trae_projects\\AGG-main\\packages\\backend\\config\\agent-context-rules.yaml"}
02:00:17 [[32minfo[39m]  Loaded 10 agent capabilities from YAML profiles
02:00:17 [[32minfo[39m]  ToolRegistry initialized
02:00:17 [[32minfo[39m]  Registering ServiceTools to ToolRegistry
02:00:17 [[32minfo[39m]  Tool registered: game_time_service - GameTime Service (v1.0.0)
02:00:17 [[32minfo[39m]  Tool registered: numerical_service - Numerical Service (v1.0.0)
02:00:17 [[32minfo[39m]  Tool registered: character_service - Character Service (v1.0.0)
02:00:17 [[32minfo[39m]  Tool registered: inventory_service - Inventory Service (v1.0.0)
02:00:17 [[32minfo[39m]  Tool registered: skill_service - Skill Service (v1.1.0)
02:00:17 [[32minfo[39m]  Tool registered: map_service - Map Service (v2.0.0)
02:00:17 [[32minfo[39m]  Tool registered: npc_service - NPC Service (v1.0.0)
02:00:17 [[32minfo[39m]  Tool registered: dialogue_service - Dialogue Service (v1.0.0)
02:00:17 [[32minfo[39m]  Tool registered: quest_service - Quest Service (v1.0.0)
02:00:17 [[32minfo[39m]  Tool registered: challenge_service - Challenge Service (v1.0.0)
02:00:17 [[32minfo[39m]  Tool registered: event_service - Event Service (v1.0.0)
02:00:17 [[32minfo[39m]  Tool registered: story_service - Story Service (v1.0.0)
02:00:17 [[32minfo[39m]  Tool registered: game_init_service - Game Init Service (v2.0.0)
02:00:17 [[32minfo[39m]  Tool registered: batch_query_service - Batch Query Service (v1.0.0)
02:00:17 [[32minfo[39m]  Tool registered: entity_graph_service - Entity Graph Service (v1.0.0)
02:00:17 [[32minfo[39m]  Tool registered: template_pool_service - Template Pool Service (v1.0.0)
02:00:17 [[32minfo[39m]  Tool registered: dynamic_ui - Dynamic UI Service (v1.0.0)
02:00:17 [[32minfo[39m]  Tool registered: generate_options - Generate Options Service (v2.0.0)
02:00:17 [[32minfo[39m]  Tool registered: coordinator_service - Coordinator Service (v1.0.0)
02:00:17 [[32minfo[39m]  Tool registered: rule_service - Rule Service (v1.0.0)
02:00:17 [[32minfo[39m]  Tool registered: skill_loader - Skill Loader (v1.0.0)
02:00:17 [[32minfo[39m]  Tool registered: help_service - Help Service (v1.0.0)
02:00:17 [[32minfo[39m]  Tool registered: memory_service - Memory Service (v1.0.0)
02:00:17 [[32minfo[39m]  Registered 23 ServiceTools to ToolRegistry
02:00:17 [[32minfo[39m]  Tool reference validation passed

[90mstdout[2m | src/services/__tests__/save-refactor.test.ts[22m[39m
02:00:16 [[32minfo[39m]  Help registry loaded: 22 tools {"tools":["batch_query_service","challenge_service","... (22 items)"]}
02:00:16 [[32minfo[39m]  Creating GameMasterAgent (as AgentRuntime with isSubAgent=false)
02:00:16 [[32minfo[39m]  Handler subscribed {"eventType":"dialogue"}
02:00:16 [[32minfo[39m]  Handler subscribed {"eventType":"combat_end"}
02:00:16 [[32minfo[39m]  AwarenessAutoSubscriber subscribed to dialogue + combat_end events
02:00:16 [[32minfo[39m]  Agent initialized: gamemaster - GameMasterAgent
02:00:16 [[32minfo[39m] [AGENT-START] Agent gamemaster starting {"agent":"gamemaster","provider":null,"toolsConfigured":1,"maxIterations":200,"isSubAgent":false}
02:00:16 [[32minfo[39m]  Handler subscribed {"eventType":"chapter_advanced"}
02:00:16 [[32minfo[39m]  Creating AgentRuntime instances from default profile: fantasy_rpg
02:00:16 [[32minfo[39m]  Creating agents from profile: fantasy_rpg {"agentCount":10}
02:00:16 [[32minfo[39m]  Agent initialized: gamemaster - GameMasterAgent
02:00:16 [[32minfo[39m] [AGENT-START] Agent gamemaster starting {"agent":"gamemaster","provider":null,"toolsConfigured":1,"maxIterations":200,"isSubAgent":false}
02:00:16 [[32minfo[39m]  Created AgentRuntime: gamemaster {"profile":"fantasy_rpg","tools":["all"]}
02:00:16 [[32minfo[39m]  Agent initialized: map - MapAgent
02:00:16 [[32minfo[39m] [AGENT-START] Agent map starting {"agent":"map","provider":null,"toolsConfigured":7,"maxIterations":200,"isSubAgent":true}
02:00:16 [[32minfo[39m]  Created AgentRuntime: map {"profile":"fantasy_rpg","tools":["map_service","npc_service","... (7 items)"]}
02:00:16 [[32minfo[39m]  Agent initialized: challenge - ChallengeAgent
02:00:16 [[32minfo[39m] [AGENT-START] Agent challenge starting {"agent":"challenge","provider":null,"toolsConfigured":9,"maxIterations":200,"isSubAgent":true}
02:00:16 [[32minfo[39m]  Created AgentRuntime: challenge {"profile":"fantasy_rpg","tools":["challenge_service","numerical_service","... (9 items)"]}
02:00:16 [[32minfo[39m]  Agent initialized: output - OutputAgent
02:00:16 [[32minfo[39m] [AGENT-START] Agent output starting {"agent":"output","provider":null,"toolsConfigured":5,"maxIterations":200,"isSubAgent":true}
02:00:16 [[32minfo[39m]  Created AgentRuntime: output {"profile":"fantasy_rpg","tools":["dialogue_service","dynamic_ui","... (5 items)"]}
02:00:16 [[32minfo[39m]  Agent initialized: quest - QuestAgent
02:00:16 [[32minfo[39m] [AGENT-START] Agent quest starting {"agent":"quest","provider":null,"toolsConfigured":11,"maxIterations":200,"isSubAgent":true}
02:00:16 [[32minfo[39m]  Created AgentRuntime: quest {"profile":"fantasy_rpg","tools":["quest_service","numerical_service","... (11 items)"]}
02:00:16 [[32minfo[39m]  Agent initialized: npc_party - NPCPartyAgent
02:00:16 [[32minfo[39m] [AGENT-START] Agent npc_party starting {"agent":"npc_party","provider":null,"toolsConfigured":9,"maxIterations":200,"isSubAgent":true}
02:00:16 [[32minfo[39m]  Created AgentRuntime: npc_party {"profile":"fantasy_rpg","tools":["npc_service","entity_graph_service","... (9 items)"]}
02:00:16 [[32minfo[39m]  Agent initialized: inventory - InventoryAgent
02:00:16 [[32minfo[39m] [AGENT-START] Agent inventory starting {"agent":"inventory","provider":null,"toolsConfigured":8,"maxIterations":200,"isSubAgent":true}
02:00:16 [[32minfo[39m]  Created AgentRuntime: inventory {"profile":"fantasy_rpg","tools":["inventory_service","template_pool_service","... (8 items)"]}
02:00:16 [[32minfo[39m]  Agent initialized: skill - SkillAgent
02:00:16 [[32minfo[39m] [AGENT-START] Agent skill starting {"agent":"skill","provider":null,"toolsConfigured":7,"maxIterations":200,"isSubAgent":true}
02:00:16 [[32minfo[39m]  Created AgentRuntime: skill {"profile":"fantasy_rpg","tools":["skill_service","template_pool_service","... (7 items)"]}
02:00:16 [[32minfo[39m]  Agent initialized: event - EventAgent
02:00:16 [[32minfo[39m] [AGENT-START] Agent event starting {"agent":"event","provider":null,"toolsConfigured":5,"maxIterations":200,"isSubAgent":true}
02:00:16 [[32minfo[39m]  Created AgentRuntime: event {"profile":"fantasy_rpg","tools":["event_service","game_time_service","... (5 items)"]}
02:00:16 [[32minfo[39m]  Agent initialized: time - TimeAgent
02:00:16 [[32minfo[39m] [AGENT-START] Agent time starting {"agent":"time","provider":null,"toolsConfigured":4,"maxIterations":200,"isSubAgent":true}
02:00:16 [[32minfo[39m]  Created AgentRuntime: time {"profile":"fantasy_rpg","tools":["game_time_service","rule_service","... (4 items)"]}
02:00:16 [[32minfo[39m]  Permissions configured from agent.tools for profile: fantasy_rpg
02:00:16 [[32minfo[39m]  YAML permissions configured
02:00:16 [[32minfo[39m]  Registering AgentRuntime instances to GameMasterAgent...
02:00:16 [[32minfo[39m]  Registered AgentRuntime to Coordinator: gamemaster
02:00:16 [[32minfo[39m]  Registered AgentRuntime to Coordinator: map
02:00:16 [[32minfo[39m]  Registered AgentRuntime to Coordinator: challenge
02:00:16 [[32minfo[39m]  Registered AgentRuntime to Coordinator: output
02:00:16 [[32minfo[39m]  Registered AgentRuntime to Coordinator: quest
02:00:16 [[32minfo[39m]  Registered AgentRuntime to Coordinator: npc_party
02:00:16 [[32minfo[39m]  Registered AgentRuntime to Coordinator: inventory
02:00:16 [[32minfo[39m]  Registered AgentRuntime to Coordinator: skill
02:00:16 [[32minfo[39m]  Registered AgentRuntime to Coordinator: event
02:00:16 [[32minfo[39m]  Registered AgentRuntime to Coordinator: time
02:00:16 [[32minfo[39m]  GameDataExpander configured (manifest path enabled)
02:00:16 [[32minfo[39m]  DedupService configured (dispatch log persistence enabled)
02:00:16 [[32minfo[39m]  Agent system initialized: 10 AgentRuntime instances created
鉁?Agent system initialized with 10 agents
鈿狅笍 YAML Agent system skipped: __vi_import_5__.initializeYamlAgentSystem is not a function
02:00:16 [[32minfo[39m]  Agent routes initialized
02:00:16 [[32minfo[39m]  Save routes initialized
02:00:16 [[32minfo[39m]  Synced template from YAML to DB: cthulhu-investigation
02:00:16 [[32minfo[39m]  Synced template from YAML to DB: cyberpunk-mercenary
02:00:16 [[32minfo[39m]  Synced template from YAML to DB: medieval-fantasy
02:00:16 [[32minfo[39m]  Synced template from YAML to DB: modern-romance
02:00:17 [[32minfo[39m]  Synced template from YAML to DB: xianxia
02:00:17 [[32minfo[39m]  Synced 5 templates from YAML to database
02:00:17 [[32minfo[39m]  Cache refreshed with 5 templates
02:00:17 [[32minfo[39m]  TemplateService loaded {"cachedTemplates":5}
鉁?Template YAML loaded and synced to DB
02:00:17 [[32minfo[39m]  Template routes initialized
鉁?Test environment setup complete
鉁?Database connection closed

 [32m鉁?[39m src/services/__tests__/save-refactor.test.ts [2m ([22m[2m7 tests[22m[2m)[22m[33m 1490[2mms[22m[39m
[90mstdout[2m | src/game-systems/map/__tests__/location-names-by-ids.test.ts[22m[39m
02:00:17 [[32minfo[39m]  Discovered 187 help files {"dir":"C:\\Users\\super\\Documents\\trae_projects\\AGG-main\\packages\\backend\\config\\agent-help"}

[90mstdout[2m | src/database/__tests__/transactionHelper.test.ts[22m[39m
008: added saves.active_challenge_mode column
Migration 008_add_saves_active_challenge_mode.ts completed successfully
All migrations completed
鉁?Migrations completed
All seeds completed
鉁?Seeds completed
02:00:17 [[32minfo[39m]  Starting YAML-driven Agent system initialization
02:00:17 [[32minfo[39m]  Seeding ModelConfigService from environment
02:00:17 [[32minfo[39m]  No DEEPSEEK_API_KEY env var found, skipping env seed
02:00:17 [[32minfo[39m]  Seeded provider from convict config {"providerType":"openai","providerId":"1f8a9003-907b-4f7b-8b0a-ebffacf0a9f7","model":"openrouter/free"}
02:00:17 [[32minfo[39m]  Creating LLMService with ModelConfigService
02:00:17 [[32minfo[39m]  Creating ContextService and DecisionLogService instances
02:00:17 [[32minfo[39m]  Initializing YAML-driven Agent profiles...
02:00:17 [[32minfo[39m]  Loading config from directory: C:\Users\super\Documents\trae_projects\AGG-main\packages\backend\config
02:00:17 [[32minfo[39m]  Loaded agent profile: fantasy_rpg
02:00:17 [[32minfo[39m]  Loaded agent profile: minimal_test
02:00:17 [[32minfo[39m]  Loaded 0 non-builtin profiles from database (0 builtin skipped, using YAML)
02:00:17 [[32minfo[39m]  Config loaded successfully: 2 profiles
02:00:17 [[32minfo[39m]  YAML config loaded successfully
02:00:17 [[32minfo[39m]  Context rules loaded {"agentCount":10}
02:00:17 [[32minfo[39m]  Default manifests loaded {"agentTypeCount":6,"manifestCount":8}
02:00:17 [[32minfo[39m]  Context rules file watcher started {"path":"C:\\Users\\super\\Documents\\trae_projects\\AGG-main\\packages\\backend\\config\\agent-context-rules.yaml"}
02:00:17 [[32minfo[39m]  Loaded 10 agent capabilities from YAML profiles
02:00:17 [[32minfo[39m]  ToolRegistry initialized
02:00:17 [[32minfo[39m]  Registering ServiceTools to ToolRegistry
02:00:17 [[32minfo[39m]  Tool registered: game_time_service - GameTime Service (v1.0.0)
02:00:17 [[32minfo[39m]  Tool registered: numerical_service - Numerical Service (v1.0.0)
02:00:17 [[32minfo[39m]  Tool registered: character_service - Character Service (v1.0.0)
02:00:17 [[32minfo[39m]  Tool registered: inventory_service - Inventory Service (v1.0.0)
02:00:17 [[32minfo[39m]  Tool registered: skill_service - Skill Service (v1.1.0)
02:00:17 [[32minfo[39m]  Tool registered: map_service - Map Service (v2.0.0)
02:00:17 [[32minfo[39m]  Tool registered: npc_service - NPC Service (v1.0.0)
02:00:17 [[32minfo[39m]  Tool registered: dialogue_service - Dialogue Service (v1.0.0)
02:00:17 [[32minfo[39m]  Tool registered: quest_service - Quest Service (v1.0.0)
02:00:17 [[32minfo[39m]  Tool registered: challenge_service - Challenge Service (v1.0.0)
02:00:17 [[32minfo[39m]  Tool registered: event_service - Event Service (v1.0.0)
02:00:17 [[32minfo[39m]  Tool registered: story_service - Story Service (v1.0.0)
02:00:17 [[32minfo[39m]  Tool registered: game_init_service - Game Init Service (v2.0.0)
02:00:17 [[32minfo[39m]  Tool registered: batch_query_service - Batch Query Service (v1.0.0)
02:00:17 [[32minfo[39m]  Tool registered: entity_graph_service - Entity Graph Service (v1.0.0)
02:00:17 [[32minfo[39m]  Tool registered: template_pool_service - Template Pool Service (v1.0.0)
02:00:17 [[32minfo[39m]  Tool registered: dynamic_ui - Dynamic UI Service (v1.0.0)
02:00:17 [[32minfo[39m]  Tool registered: generate_options - Generate Options Service (v2.0.0)
02:00:17 [[32minfo[39m]  Tool registered: coordinator_service - Coordinator Service (v1.0.0)
02:00:17 [[32minfo[39m]  Tool registered: rule_service - Rule Service (v1.0.0)
02:00:17 [[32minfo[39m]  Tool registered: skill_loader - Skill Loader (v1.0.0)
02:00:17 [[32minfo[39m]  Tool registered: help_service - Help Service (v1.0.0)
02:00:17 [[32minfo[39m]  Tool registered: memory_service - Memory Service (v1.0.0)
02:00:17 [[32minfo[39m]  Registered 23 ServiceTools to ToolRegistry
02:00:17 [[32minfo[39m]  Tool reference validation passed

[90mstdout[2m | src/agents/coordinator/__tests__/data-refresh-handler-npc-location-id.test.ts[22m[39m
Migration 001_init.ts completed successfully
Running migration: 002_add_equipped_index.ts

[90mstdout[2m | src/agents/coordinator/__tests__/data-refresh-handler-npc-location-id.test.ts[22m[39m
Migration 002_add_equipped_index.ts completed successfully
Running migration: 003_fix_information_boundaries_timestamps.ts

[90mstdout[2m | src/agents/coordinator/__tests__/data-refresh-handler-npc-location-id.test.ts[22m[39m
Migration 003_fix_information_boundaries_timestamps.ts completed successfully
Running migration: 004_drop_information_boundaries.ts
004_drop_information_boundaries: information_boundaries table not found, skipping migration
004_drop_information_boundaries: cleared custom_data.knowledge from 0 NPCs
Migration 004_drop_information_boundaries.ts completed successfully
Running migration: 005_drop_npc_relations.ts
005_drop_npc_relations: dropped npc_relations table
Migration 005_drop_npc_relations.ts completed successfully
Running migration: 006_awareness_relationship_events_states.ts

[90mstdout[2m | src/agents/tools/__tests__/coordinator-hook-policy.test.ts[22m[39m
02:00:17 [[32minfo[39m]  Discovered 187 help files {"dir":"C:\\Users\\super\\Documents\\trae_projects\\AGG-main\\packages\\backend\\config\\agent-help"}

[90mstdout[2m | src/game-systems/npc/__tests__/npc-names-by-ids.test.ts[22m[39m
馃И Setting up comprehensive test environment...
鉁?Database connected
Running migration: 001_init.ts

[90mstdout[2m | src/agents/prompt/__tests__/pure-layers.test.ts[22m[39m
02:00:17 [[32minfo[39m]  Discovered 187 help files {"dir":"C:\\Users\\super\\Documents\\trae_projects\\AGG-main\\packages\\backend\\config\\agent-help"}

[90mstdout[2m | src/database/__tests__/transactionHelper.test.ts[22m[39m
02:00:17 [[32minfo[39m]  Discovered 187 help files {"dir":"C:\\Users\\super\\Documents\\trae_projects\\AGG-main\\packages\\backend\\config\\agent-help"}

[90mstdout[2m | src/agents/coordinator/__tests__/data-refresh-handler-npc-location-id.test.ts[22m[39m
006: created entity_awareness_events table
006: created entity_awareness_states table
006: created entity_relationship_events table
006: created entity_relationship_states table
Migration 006_awareness_relationship_events_states.ts completed successfully
Running migration: 007_add_combat_mode.ts
007: added combat_states.mode column
Migration 007_add_combat_mode.ts completed successfully
Running migration: 008_add_saves_active_challenge_mode.ts

[90mstdout[2m | src/agents/runtime/__tests__/derive-child-runtime-snapshot.test.ts[22m[39m
馃И Setting up comprehensive test environment...
鉁?Database connected
Running migration: 001_init.ts
Migration 001_init.ts completed successfully
Running migration: 002_add_equipped_index.ts

[90mstdout[2m | src/agents/runtime/__tests__/derive-child-runtime-snapshot.test.ts[22m[39m
Migration 002_add_equipped_index.ts completed successfully
Running migration: 003_fix_information_boundaries_timestamps.ts
Migration 003_fix_information_boundaries_timestamps.ts completed successfully
Running migration: 004_drop_information_boundaries.ts
004_drop_information_boundaries: information_boundaries table not found, skipping migration
004_drop_information_boundaries: cleared custom_data.knowledge from 0 NPCs
Migration 004_drop_information_boundaries.ts completed successfully
Running migration: 005_drop_npc_relations.ts

[90mstdout[2m | src/agents/runtime/__tests__/derive-child-runtime-snapshot.test.ts[22m[39m
005_drop_npc_relations: dropped npc_relations table
Migration 005_drop_npc_relations.ts completed successfully
Running migration: 006_awareness_relationship_events_states.ts

[90mstdout[2m | src/agents/runtime/__tests__/derive-child-runtime-snapshot.test.ts[22m[39m
006: created entity_awareness_events table
006: created entity_awareness_states table
006: created entity_relationship_events table
006: created entity_relationship_states table
Migration 006_awareness_relationship_events_states.ts completed successfully
Running migration: 007_add_combat_mode.ts

[90mstdout[2m | src/game-systems/npc/__tests__/npc-names-by-ids.test.ts[22m[39m
Migration 001_init.ts completed successfully
Running migration: 002_add_equipped_index.ts
Migration 002_add_equipped_index.ts completed successfully
Running migration: 003_fix_information_boundaries_timestamps.ts

[90mstdout[2m | src/game-systems/npc/__tests__/npc-names-by-ids.test.ts[22m[39m
Migration 003_fix_information_boundaries_timestamps.ts completed successfully
Running migration: 004_drop_information_boundaries.ts

[90mstdout[2m | src/agents/runtime/__tests__/derive-child-runtime-snapshot.test.ts[22m[39m
007: added combat_states.mode column
Migration 007_add_combat_mode.ts completed successfully
Running migration: 008_add_saves_active_challenge_mode.ts

[90mstdout[2m | src/game-systems/npc/__tests__/npc-update-derived.test.ts[22m[39m
008: added saves.active_challenge_mode column
Migration 008_add_saves_active_challenge_mode.ts completed successfully
All migrations completed
鉁?Migrations completed
All seeds completed
鉁?Seeds completed
02:00:17 [[32minfo[39m]  Starting YAML-driven Agent system initialization
02:00:17 [[32minfo[39m]  Seeding ModelConfigService from environment
02:00:17 [[32minfo[39m]  No DEEPSEEK_API_KEY env var found, skipping env seed
02:00:17 [[32minfo[39m]  Seeded provider from convict config {"providerType":"openai","providerId":"19e7cf14-ce16-40ec-956e-a5443e91e162","model":"openrouter/free"}
02:00:17 [[32minfo[39m]  Creating LLMService with ModelConfigService
02:00:17 [[32minfo[39m]  Creating ContextService and DecisionLogService instances
02:00:17 [[32minfo[39m]  Initializing YAML-driven Agent profiles...
02:00:17 [[32minfo[39m]  Loading config from directory: C:\Users\super\Documents\trae_projects\AGG-main\packages\backend\config
02:00:17 [[32minfo[39m]  Loaded agent profile: fantasy_rpg
02:00:17 [[32minfo[39m]  Loaded agent profile: minimal_test
02:00:17 [[32minfo[39m]  Loaded 0 non-builtin profiles from database (0 builtin skipped, using YAML)
02:00:17 [[32minfo[39m]  Config loaded successfully: 2 profiles
02:00:17 [[32minfo[39m]  YAML config loaded successfully
02:00:17 [[32minfo[39m]  Context rules loaded {"agentCount":10}
02:00:17 [[32minfo[39m]  Default manifests loaded {"agentTypeCount":6,"manifestCount":8}
02:00:17 [[32minfo[39m]  Context rules file watcher started {"path":"C:\\Users\\super\\Documents\\trae_projects\\AGG-main\\packages\\backend\\config\\agent-context-rules.yaml"}
02:00:17 [[32minfo[39m]  Loaded 10 agent capabilities from YAML profiles
02:00:17 [[32minfo[39m]  ToolRegistry initialized
02:00:17 [[32minfo[39m]  Registering ServiceTools to ToolRegistry
02:00:17 [[32minfo[39m]  Tool registered: game_time_service - GameTime Service (v1.0.0)
02:00:17 [[32minfo[39m]  Tool registered: numerical_service - Numerical Service (v1.0.0)
02:00:17 [[32minfo[39m]  Tool registered: character_service - Character Service (v1.0.0)
02:00:17 [[32minfo[39m]  Tool registered: inventory_service - Inventory Service (v1.0.0)
02:00:17 [[32minfo[39m]  Tool registered: skill_service - Skill Service (v1.1.0)
02:00:17 [[32minfo[39m]  Tool registered: map_service - Map Service (v2.0.0)
02:00:17 [[32minfo[39m]  Tool registered: npc_service - NPC Service (v1.0.0)
02:00:17 [[32minfo[39m]  Tool registered: dialogue_service - Dialogue Service (v1.0.0)
02:00:17 [[32minfo[39m]  Tool registered: quest_service - Quest Service (v1.0.0)
02:00:17 [[32minfo[39m]  Tool registered: challenge_service - Challenge Service (v1.0.0)
02:00:17 [[32minfo[39m]  Tool registered: event_service - Event Service (v1.0.0)
02:00:17 [[32minfo[39m]  Tool registered: story_service - Story Service (v1.0.0)
02:00:17 [[32minfo[39m]  Tool registered: game_init_service - Game Init Service (v2.0.0)
02:00:17 [[32minfo[39m]  Tool registered: batch_query_service - Batch Query Service (v1.0.0)
02:00:17 [[32minfo[39m]  Tool registered: entity_graph_service - Entity Graph Service (v1.0.0)
02:00:17 [[32minfo[39m]  Tool registered: template_pool_service - Template Pool Service (v1.0.0)
02:00:17 [[32minfo[39m]  Tool registered: dynamic_ui - Dynamic UI Service (v1.0.0)
02:00:17 [[32minfo[39m]  Tool registered: generate_options - Generate Options Service (v2.0.0)
02:00:17 [[32minfo[39m]  Tool registered: coordinator_service - Coordinator Service (v1.0.0)
02:00:17 [[32minfo[39m]  Tool registered: rule_service - Rule Service (v1.0.0)
02:00:17 [[32minfo[39m]  Tool registered: skill_loader - Skill Loader (v1.0.0)
02:00:17 [[32minfo[39m]  Tool registered: help_service - Help Service (v1.0.0)
02:00:17 [[32minfo[39m]  Tool registered: memory_service - Memory Service (v1.0.0)
02:00:17 [[32minfo[39m]  Registered 23 ServiceTools to ToolRegistry
02:00:17 [[32minfo[39m]  Tool reference validation passed

[90mstdout[2m | src/game-systems/npc/__tests__/npc-names-by-ids.test.ts[22m[39m
004_drop_information_boundaries: information_boundaries table not found, skipping migration
004_drop_information_boundaries: cleared custom_data.knowledge from 0 NPCs
Migration 004_drop_information_boundaries.ts completed successfully
Running migration: 005_drop_npc_relations.ts

[90mstdout[2m | src/game-systems/combat/__tests__/combat-endCombat-idempotent.test.ts[22m[39m
馃И Setting up comprehensive test environment...
鉁?Database connected
Running migration: 001_init.ts
Migration 001_init.ts completed successfully
Running migration: 002_add_equipped_index.ts

[90mstdout[2m | src/game-systems/combat/__tests__/combat-endCombat-idempotent.test.ts[22m[39m
Migration 002_add_equipped_index.ts completed successfully
Running migration: 003_fix_information_boundaries_timestamps.ts
Migration 003_fix_information_boundaries_timestamps.ts completed successfully
Running migration: 004_drop_information_boundaries.ts

[90mstdout[2m | src/game-systems/npc/__tests__/npc-names-by-ids.test.ts[22m[39m
005_drop_npc_relations: dropped npc_relations table
Migration 005_drop_npc_relations.ts completed successfully
Running migration: 006_awareness_relationship_events_states.ts
006: created entity_awareness_events table
006: created entity_awareness_states table
006: created entity_relationship_events table
006: created entity_relationship_states table
Migration 006_awareness_relationship_events_states.ts completed successfully
Running migration: 007_add_combat_mode.ts

[90mstdout[2m | src/game-systems/combat/__tests__/combat-endCombat-idempotent.test.ts[22m[39m
004_drop_information_boundaries: information_boundaries table not found, skipping migration
004_drop_information_boundaries: cleared custom_data.knowledge from 0 NPCs
Migration 004_drop_information_boundaries.ts completed successfully
Running migration: 005_drop_npc_relations.ts
005_drop_npc_relations: dropped npc_relations table
Migration 005_drop_npc_relations.ts completed successfully
Running migration: 006_awareness_relationship_events_states.ts

[90mstdout[2m | src/game-systems/combat/__tests__/combat-endCombat-idempotent.test.ts[22m[39m
006: created entity_awareness_events table
006: created entity_awareness_states table
006: created entity_relationship_events table
006: created entity_relationship_states table
Migration 006_awareness_relationship_events_states.ts completed successfully
Running migration: 007_add_combat_mode.ts
007: added combat_states.mode column
Migration 007_add_combat_mode.ts completed successfully
Running migration: 008_add_saves_active_challenge_mode.ts

[90mstdout[2m | src/game-systems/inventory/__tests__/inventory-batch-tool.test.ts[22m[39m
007: added combat_states.mode column
Migration 007_add_combat_mode.ts completed successfully
Running migration: 008_add_saves_active_challenge_mode.ts
008: added saves.active_challenge_mode column
Migration 008_add_saves_active_challenge_mode.ts completed successfully
All migrations completed
鉁?Migrations completed
All seeds completed
鉁?Seeds completed
02:00:17 [[32minfo[39m]  Starting YAML-driven Agent system initialization
02:00:17 [[32minfo[39m]  Seeding ModelConfigService from environment
02:00:17 [[32minfo[39m]  No DEEPSEEK_API_KEY env var found, skipping env seed
02:00:17 [[32minfo[39m]  Seeded provider from convict config {"providerType":"openai","providerId":"d596afad-c9c6-4e7d-afdf-e8dd89e8b0e6","model":"openrouter/free"}
02:00:17 [[32minfo[39m]  Creating LLMService with ModelConfigService
02:00:17 [[32minfo[39m]  Creating ContextService and DecisionLogService instances
02:00:17 [[32minfo[39m]  Initializing YAML-driven Agent profiles...
02:00:17 [[32minfo[39m]  Loading config from directory: C:\Users\super\Documents\trae_projects\AGG-main\packages\backend\config
02:00:17 [[32minfo[39m]  Loaded agent profile: fantasy_rpg
02:00:17 [[32minfo[39m]  Loaded agent profile: minimal_test
02:00:17 [[32minfo[39m]  Loaded 0 non-builtin profiles from database (0 builtin skipped, using YAML)
02:00:17 [[32minfo[39m]  Config loaded successfully: 2 profiles
02:00:17 [[32minfo[39m]  YAML config loaded successfully
02:00:17 [[32minfo[39m]  Context rules loaded {"agentCount":10}
02:00:17 [[32minfo[39m]  Default manifests loaded {"agentTypeCount":6,"manifestCount":8}
02:00:17 [[32minfo[39m]  Context rules file watcher started {"path":"C:\\Users\\super\\Documents\\trae_projects\\AGG-main\\packages\\backend\\config\\agent-context-rules.yaml"}
02:00:17 [[32minfo[39m]  Loaded 10 agent capabilities from YAML profiles
02:00:17 [[32minfo[39m]  ToolRegistry initialized
02:00:17 [[32minfo[39m]  Registering ServiceTools to ToolRegistry
02:00:17 [[32minfo[39m]  Tool registered: game_time_service - GameTime Service (v1.0.0)
02:00:17 [[32minfo[39m]  Tool registered: numerical_service - Numerical Service (v1.0.0)
02:00:17 [[32minfo[39m]  Tool registered: character_service - Character Service (v1.0.0)
02:00:17 [[32minfo[39m]  Tool registered: inventory_service - Inventory Service (v1.0.0)
02:00:17 [[32minfo[39m]  Tool registered: skill_service - Skill Service (v1.1.0)
02:00:17 [[32minfo[39m]  Tool registered: map_service - Map Service (v2.0.0)
02:00:17 [[32minfo[39m]  Tool registered: npc_service - NPC Service (v1.0.0)
02:00:17 [[32minfo[39m]  Tool registered: dialogue_service - Dialogue Service (v1.0.0)
02:00:17 [[32minfo[39m]  Tool registered: quest_service - Quest Service (v1.0.0)
02:00:17 [[32minfo[39m]  Tool registered: challenge_service - Challenge Service (v1.0.0)
02:00:17 [[32minfo[39m]  Tool registered: event_service - Event Service (v1.0.0)
02:00:17 [[32minfo[39m]  Tool registered: story_service - Story Service (v1.0.0)
02:00:17 [[32minfo[39m]  Tool registered: game_init_service - Game Init Service (v2.0.0)
02:00:17 [[32minfo[39m]  Tool registered: batch_query_service - Batch Query Service (v1.0.0)
02:00:17 [[32minfo[39m]  Tool registered: entity_graph_service - Entity Graph Service (v1.0.0)
02:00:17 [[32minfo[39m]  Tool registered: template_pool_service - Template Pool Service (v1.0.0)
02:00:17 [[32minfo[39m]  Tool registered: dynamic_ui - Dynamic UI Service (v1.0.0)
02:00:17 [[32minfo[39m]  Tool registered: generate_options - Generate Options Service (v2.0.0)
02:00:17 [[32minfo[39m]  Tool registered: coordinator_service - Coordinator Service (v1.0.0)
02:00:17 [[32minfo[39m]  Tool registered: rule_service - Rule Service (v1.0.0)
02:00:17 [[32minfo[39m]  Tool registered: skill_loader - Skill Loader (v1.0.0)
02:00:17 [[32minfo[39m]  Tool registered: help_service - Help Service (v1.0.0)
02:00:17 [[32minfo[39m]  Tool registered: memory_service - Memory Service (v1.0.0)
02:00:17 [[32minfo[39m]  Registered 23 ServiceTools to ToolRegistry
02:00:17 [[32minfo[39m]  Tool reference validation passed

[90mstdout[2m | src/agents/prompt/__tests__/template-layers.test.ts[22m[39m
02:00:17 [[32minfo[39m]  Help registry loaded: 22 tools {"tools":["batch_query_service","challenge_service","... (22 items)"]}
02:00:17 [[32minfo[39m]  Creating GameMasterAgent (as AgentRuntime with isSubAgent=false)
02:00:17 [[32minfo[39m]  Handler subscribed {"eventType":"dialogue"}
02:00:17 [[32minfo[39m]  Handler subscribed {"eventType":"combat_end"}
02:00:17 [[32minfo[39m]  AwarenessAutoSubscriber subscribed to dialogue + combat_end events
02:00:17 [[32minfo[39m]  Agent initialized: gamemaster - GameMasterAgent
02:00:17 [[32minfo[39m] [AGENT-START] Agent gamemaster starting {"agent":"gamemaster","provider":null,"toolsConfigured":1,"maxIterations":200,"isSubAgent":false}
02:00:17 [[32minfo[39m]  Handler subscribed {"eventType":"chapter_advanced"}
02:00:17 [[32minfo[39m]  Creating AgentRuntime instances from default profile: fantasy_rpg
02:00:17 [[32minfo[39m]  Creating agents from profile: fantasy_rpg {"agentCount":10}
02:00:17 [[32minfo[39m]  Agent initialized: gamemaster - GameMasterAgent
02:00:17 [[32minfo[39m] [AGENT-START] Agent gamemaster starting {"agent":"gamemaster","provider":null,"toolsConfigured":1,"maxIterations":200,"isSubAgent":false}
02:00:17 [[32minfo[39m]  Created AgentRuntime: gamemaster {"profile":"fantasy_rpg","tools":["all"]}
02:00:17 [[32minfo[39m]  Agent initialized: map - MapAgent
02:00:17 [[32minfo[39m] [AGENT-START] Agent map starting {"agent":"map","provider":null,"toolsConfigured":7,"maxIterations":200,"isSubAgent":true}
02:00:17 [[32minfo[39m]  Created AgentRuntime: map {"profile":"fantasy_rpg","tools":["map_service","npc_service","... (7 items)"]}
02:00:17 [[32minfo[39m]  Agent initialized: challenge - ChallengeAgent
02:00:17 [[32minfo[39m] [AGENT-START] Agent challenge starting {"agent":"challenge","provider":null,"toolsConfigured":9,"maxIterations":200,"isSubAgent":true}
02:00:17 [[32minfo[39m]  Created AgentRuntime: challenge {"profile":"fantasy_rpg","tools":["challenge_service","numerical_service","... (9 items)"]}
02:00:17 [[32minfo[39m]  Agent initialized: output - OutputAgent
02:00:17 [[32minfo[39m] [AGENT-START] Agent output starting {"agent":"output","provider":null,"toolsConfigured":5,"maxIterations":200,"isSubAgent":true}
02:00:17 [[32minfo[39m]  Created AgentRuntime: output {"profile":"fantasy_rpg","tools":["dialogue_service","dynamic_ui","... (5 items)"]}
02:00:17 [[32minfo[39m]  Agent initialized: quest - QuestAgent
02:00:17 [[32minfo[39m] [AGENT-START] Agent quest starting {"agent":"quest","provider":null,"toolsConfigured":11,"maxIterations":200,"isSubAgent":true}
02:00:17 [[32minfo[39m]  Created AgentRuntime: quest {"profile":"fantasy_rpg","tools":["quest_service","numerical_service","... (11 items)"]}
02:00:17 [[32minfo[39m]  Agent initialized: npc_party - NPCPartyAgent
02:00:17 [[32minfo[39m] [AGENT-START] Agent npc_party starting {"agent":"npc_party","provider":null,"toolsConfigured":9,"maxIterations":200,"isSubAgent":true}
02:00:17 [[32minfo[39m]  Created AgentRuntime: npc_party {"profile":"fantasy_rpg","tools":["npc_service","entity_graph_service","... (9 items)"]}
02:00:17 [[32minfo[39m]  Agent initialized: inventory - InventoryAgent
02:00:17 [[32minfo[39m] [AGENT-START] Agent inventory starting {"agent":"inventory","provider":null,"toolsConfigured":8,"maxIterations":200,"isSubAgent":true}
02:00:17 [[32minfo[39m]  Created AgentRuntime: inventory {"profile":"fantasy_rpg","tools":["inventory_service","template_pool_service","... (8 items)"]}
02:00:17 [[32minfo[39m]  Agent initialized: skill - SkillAgent
02:00:17 [[32minfo[39m] [AGENT-START] Agent skill starting {"agent":"skill","provider":null,"toolsConfigured":7,"maxIterations":200,"isSubAgent":true}
02:00:17 [[32minfo[39m]  Created AgentRuntime: skill {"profile":"fantasy_rpg","tools":["skill_service","template_pool_service","... (7 items)"]}
02:00:17 [[32minfo[39m]  Agent initialized: event - EventAgent
02:00:17 [[32minfo[39m] [AGENT-START] Agent event starting {"agent":"event","provider":null,"toolsConfigured":5,"maxIterations":200,"isSubAgent":true}
02:00:17 [[32minfo[39m]  Created AgentRuntime: event {"profile":"fantasy_rpg","tools":["event_service","game_time_service","... (5 items)"]}
02:00:17 [[32minfo[39m]  Agent initialized: time - TimeAgent
02:00:17 [[32minfo[39m] [AGENT-START] Agent time starting {"agent":"time","provider":null,"toolsConfigured":4,"maxIterations":200,"isSubAgent":true}
02:00:17 [[32minfo[39m]  Created AgentRuntime: time {"profile":"fantasy_rpg","tools":["game_time_service","rule_service","... (4 items)"]}
02:00:17 [[32minfo[39m]  Permissions configured from agent.tools for profile: fantasy_rpg
02:00:17 [[32minfo[39m]  YAML permissions configured
02:00:17 [[32minfo[39m]  Registering AgentRuntime instances to GameMasterAgent...
02:00:17 [[32minfo[39m]  Registered AgentRuntime to Coordinator: gamemaster
02:00:17 [[32minfo[39m]  Registered AgentRuntime to Coordinator: map
02:00:17 [[32minfo[39m]  Registered AgentRuntime to Coordinator: challenge
02:00:17 [[32minfo[39m]  Registered AgentRuntime to Coordinator: output
02:00:17 [[32minfo[39m]  Registered AgentRuntime to Coordinator: quest
02:00:17 [[32minfo[39m]  Registered AgentRuntime to Coordinator: npc_party
02:00:17 [[32minfo[39m]  Registered AgentRuntime to Coordinator: inventory
02:00:17 [[32minfo[39m]  Registered AgentRuntime to Coordinator: skill
02:00:17 [[32minfo[39m]  Registered AgentRuntime to Coordinator: event
02:00:17 [[32minfo[39m]  Registered AgentRuntime to Coordinator: time
02:00:17 [[32minfo[39m]  GameDataExpander configured (manifest path enabled)
02:00:17 [[32minfo[39m]  DedupService configured (dispatch log persistence enabled)
02:00:17 [[32minfo[39m]  Agent system initialized: 10 AgentRuntime instances created
鉁?Agent system initialized with 10 agents
鈿狅笍 YAML Agent system skipped: __vi_import_5__.initializeYamlAgentSystem is not a function
02:00:17 [[32minfo[39m]  Agent routes initialized
02:00:17 [[32minfo[39m]  Save routes initialized
02:00:17 [[32minfo[39m]  Synced template from YAML to DB: cthulhu-investigation
02:00:17 [[32minfo[39m]  Synced template from YAML to DB: cyberpunk-mercenary
02:00:17 [[32minfo[39m]  Synced template from YAML to DB: medieval-fantasy
02:00:17 [[32minfo[39m]  Synced template from YAML to DB: modern-romance
02:00:17 [[32minfo[39m]  Synced template from YAML to DB: xianxia
02:00:17 [[32minfo[39m]  Synced 5 templates from YAML to database
02:00:17 [[32minfo[39m]  Cache refreshed with 5 templates
02:00:17 [[32minfo[39m]  TemplateService loaded {"cachedTemplates":5}
鉁?Template YAML loaded and synced to DB
02:00:17 [[32minfo[39m]  Template routes initialized
鉁?Test environment setup complete

[90mstdout[2m | src/game-systems/inventory/__tests__/updateItem-slot-category-validation.test.ts[22m[39m
馃И Setting up comprehensive test environment...
鉁?Database connected
Running migration: 001_init.ts

[90mstdout[2m | src/agents/coordinator/__tests__/data-refresh-handler-npc-location-id.test.ts[22m[39m
008: added saves.active_challenge_mode column
Migration 008_add_saves_active_challenge_mode.ts completed successfully
All migrations completed
鉁?Migrations completed
All seeds completed
鉁?Seeds completed
02:00:17 [[32minfo[39m]  Starting YAML-driven Agent system initialization
02:00:17 [[32minfo[39m]  Seeding ModelConfigService from environment
02:00:17 [[32minfo[39m]  No DEEPSEEK_API_KEY env var found, skipping env seed
02:00:17 [[32minfo[39m]  Seeded provider from convict config {"providerType":"openai","providerId":"7f4768ab-9c6b-447b-8733-7d303ddc65c9","model":"openrouter/free"}
02:00:17 [[32minfo[39m]  Creating LLMService with ModelConfigService
02:00:17 [[32minfo[39m]  Creating ContextService and DecisionLogService instances
02:00:17 [[32minfo[39m]  Initializing YAML-driven Agent profiles...
02:00:17 [[32minfo[39m]  Loading config from directory: C:\Users\super\Documents\trae_projects\AGG-main\packages\backend\config
02:00:17 [[32minfo[39m]  Loaded agent profile: fantasy_rpg
02:00:17 [[32minfo[39m]  Loaded agent profile: minimal_test
02:00:17 [[32minfo[39m]  Loaded 0 non-builtin profiles from database (0 builtin skipped, using YAML)
02:00:17 [[32minfo[39m]  Config loaded successfully: 2 profiles
02:00:17 [[32minfo[39m]  YAML config loaded successfully
02:00:17 [[32minfo[39m]  Context rules loaded {"agentCount":10}
02:00:17 [[32minfo[39m]  Default manifests loaded {"agentTypeCount":6,"manifestCount":8}
02:00:17 [[32minfo[39m]  Context rules file watcher started {"path":"C:\\Users\\super\\Documents\\trae_projects\\AGG-main\\packages\\backend\\config\\agent-context-rules.yaml"}
02:00:17 [[32minfo[39m]  Loaded 10 agent capabilities from YAML profiles
02:00:17 [[32minfo[39m]  ToolRegistry initialized
02:00:17 [[32minfo[39m]  Registering ServiceTools to ToolRegistry
02:00:17 [[32minfo[39m]  Tool registered: game_time_service - GameTime Service (v1.0.0)
02:00:17 [[32minfo[39m]  Tool registered: numerical_service - Numerical Service (v1.0.0)
02:00:17 [[32minfo[39m]  Tool registered: character_service - Character Service (v1.0.0)
02:00:17 [[32minfo[39m]  Tool registered: inventory_service - Inventory Service (v1.0.0)
02:00:17 [[32minfo[39m]  Tool registered: skill_service - Skill Service (v1.1.0)
02:00:17 [[32minfo[39m]  Tool registered: map_service - Map Service (v2.0.0)
02:00:17 [[32minfo[39m]  Tool registered: npc_service - NPC Service (v1.0.0)
02:00:17 [[32minfo[39m]  Tool registered: dialogue_service - Dialogue Service (v1.0.0)
02:00:17 [[32minfo[39m]  Tool registered: quest_service - Quest Service (v1.0.0)
02:00:17 [[32minfo[39m]  Tool registered: challenge_service - Challenge Service (v1.0.0)
02:00:17 [[32minfo[39m]  Tool registered: event_service - Event Service (v1.0.0)
02:00:17 [[32minfo[39m]  Tool registered: story_service - Story Service (v1.0.0)
02:00:17 [[32minfo[39m]  Tool registered: game_init_service - Game Init Service (v2.0.0)
02:00:17 [[32minfo[39m]  Tool registered: batch_query_service - Batch Query Service (v1.0.0)
02:00:17 [[32minfo[39m]  Tool registered: entity_graph_service - Entity Graph Service (v1.0.0)
02:00:17 [[32minfo[39m]  Tool registered: template_pool_service - Template Pool Service (v1.0.0)
02:00:17 [[32minfo[39m]  Tool registered: dynamic_ui - Dynamic UI Service (v1.0.0)
02:00:17 [[32minfo[39m]  Tool registered: generate_options - Generate Options Service (v2.0.0)
02:00:17 [[32minfo[39m]  Tool registered: coordinator_service - Coordinator Service (v1.0.0)
02:00:17 [[32minfo[39m]  Tool registered: rule_service - Rule Service (v1.0.0)
02:00:17 [[32minfo[39m]  Tool registered: skill_loader - Skill Loader (v1.0.0)
02:00:17 [[32minfo[39m]  Tool registered: help_service - Help Service (v1.0.0)
02:00:17 [[32minfo[39m]  Tool registered: memory_service - Memory Service (v1.0.0)
02:00:17 [[32minfo[39m]  Registered 23 ServiceTools to ToolRegistry
02:00:17 [[32minfo[39m]  Tool reference validation passed

[90mstdout[2m | src/game-systems/dialogue/__tests__/DialogueService.context-options.test.ts[22m[39m
02:00:17 [[32minfo[39m]  Discovered 187 help files {"dir":"C:\\Users\\super\\Documents\\trae_projects\\AGG-main\\packages\\backend\\config\\agent-help"}

[90mstdout[2m | src/game-systems/combat/__tests__/combat-endCombat-idempotent.test.ts[22m[39m
008: added saves.active_challenge_mode column
Migration 008_add_saves_active_challenge_mode.ts completed successfully
All migrations completed
鉁?Migrations completed
All seeds completed
鉁?Seeds completed
02:00:17 [[32minfo[39m]  Starting YAML-driven Agent system initialization
02:00:17 [[32minfo[39m]  Seeding ModelConfigService from environment
02:00:17 [[32minfo[39m]  No DEEPSEEK_API_KEY env var found, skipping env seed
02:00:17 [[32minfo[39m]  Seeded provider from convict config {"providerType":"openai","providerId":"1cdeaee2-1691-44a8-9e4e-ff31771fe53b","model":"openrouter/free"}
02:00:17 [[32minfo[39m]  Creating LLMService with ModelConfigService
02:00:17 [[32minfo[39m]  Creating ContextService and DecisionLogService instances
02:00:17 [[32minfo[39m]  Initializing YAML-driven Agent profiles...
02:00:17 [[32minfo[39m]  Loading config from directory: C:\Users\super\Documents\trae_projects\AGG-main\packages\backend\config
02:00:17 [[32minfo[39m]  Loaded agent profile: fantasy_rpg
02:00:17 [[32minfo[39m]  Loaded agent profile: minimal_test
02:00:17 [[32minfo[39m]  Loaded 0 non-builtin profiles from database (0 builtin skipped, using YAML)
02:00:17 [[32minfo[39m]  Config loaded successfully: 2 profiles
02:00:17 [[32minfo[39m]  YAML config loaded successfully
02:00:17 [[32minfo[39m]  Context rules loaded {"agentCount":10}
02:00:17 [[32minfo[39m]  Default manifests loaded {"agentTypeCount":6,"manifestCount":8}
02:00:17 [[32minfo[39m]  Context rules file watcher started {"path":"C:\\Users\\super\\Documents\\trae_projects\\AGG-main\\packages\\backend\\config\\agent-context-rules.yaml"}
02:00:17 [[32minfo[39m]  Loaded 10 agent capabilities from YAML profiles
02:00:17 [[32minfo[39m]  ToolRegistry initialized
02:00:17 [[32minfo[39m]  Registering ServiceTools to ToolRegistry
02:00:17 [[32minfo[39m]  Tool registered: game_time_service - GameTime Service (v1.0.0)
02:00:17 [[32minfo[39m]  Tool registered: numerical_service - Numerical Service (v1.0.0)
02:00:17 [[32minfo[39m]  Tool registered: character_service - Character Service (v1.0.0)
02:00:17 [[32minfo[39m]  Tool registered: inventory_service - Inventory Service (v1.0.0)
02:00:17 [[32minfo[39m]  Tool registered: skill_service - Skill Service (v1.1.0)
02:00:17 [[32minfo[39m]  Tool registered: map_service - Map Service (v2.0.0)
02:00:17 [[32minfo[39m]  Tool registered: npc_service - NPC Service (v1.0.0)
02:00:17 [[32minfo[39m]  Tool registered: dialogue_service - Dialogue Service (v1.0.0)
02:00:17 [[32minfo[39m]  Tool registered: quest_service - Quest Service (v1.0.0)
02:00:17 [[32minfo[39m]  Tool registered: challenge_service - Challenge Service (v1.0.0)
02:00:17 [[32minfo[39m]  Tool registered: event_service - Event Service (v1.0.0)
02:00:17 [[32minfo[39m]  Tool registered: story_service - Story Service (v1.0.0)
02:00:17 [[32minfo[39m]  Tool registered: game_init_service - Game Init Service (v2.0.0)
02:00:17 [[32minfo[39m]  Tool registered: batch_query_service - Batch Query Service (v1.0.0)
02:00:17 [[32minfo[39m]  Tool registered: entity_graph_service - Entity Graph Service (v1.0.0)
02:00:17 [[32minfo[39m]  Tool registered: template_pool_service - Template Pool Service (v1.0.0)
02:00:17 [[32minfo[39m]  Tool registered: dynamic_ui - Dynamic UI Service (v1.0.0)
02:00:17 [[32minfo[39m]  Tool registered: generate_options - Generate Options Service (v2.0.0)
02:00:17 [[32minfo[39m]  Tool registered: coordinator_service - Coordinator Service (v1.0.0)
02:00:17 [[32minfo[39m]  Tool registered: rule_service - Rule Service (v1.0.0)
02:00:17 [[32minfo[39m]  Tool registered: skill_loader - Skill Loader (v1.0.0)
02:00:17 [[32minfo[39m]  Tool registered: help_service - Help Service (v1.0.0)
02:00:17 [[32minfo[39m]  Tool registered: memory_service - Memory Service (v1.0.0)
02:00:17 [[32minfo[39m]  Registered 23 ServiceTools to ToolRegistry
02:00:17 [[32minfo[39m]  Tool reference validation passed

[90mstdout[2m | src/agents/runtime/__tests__/derive-child-runtime-snapshot.test.ts[22m[39m
008: added saves.active_challenge_mode column
Migration 008_add_saves_active_challenge_mode.ts completed successfully
All migrations completed
鉁?Migrations completed
All seeds completed
鉁?Seeds completed
02:00:17 [[32minfo[39m]  Starting YAML-driven Agent system initialization
02:00:17 [[32minfo[39m]  Seeding ModelConfigService from environment
02:00:17 [[32minfo[39m]  No DEEPSEEK_API_KEY env var found, skipping env seed
02:00:17 [[32minfo[39m]  Seeded provider from convict config {"providerType":"openai","providerId":"d810cfd2-04a0-43ed-950e-780084b610f5","model":"openrouter/free"}
02:00:17 [[32minfo[39m]  Creating LLMService with ModelConfigService
02:00:17 [[32minfo[39m]  Creating ContextService and DecisionLogService instances
02:00:17 [[32minfo[39m]  Initializing YAML-driven Agent profiles...
02:00:17 [[32minfo[39m]  Loading config from directory: C:\Users\super\Documents\trae_projects\AGG-main\packages\backend\config
02:00:17 [[32minfo[39m]  Loaded agent profile: fantasy_rpg
02:00:17 [[32minfo[39m]  Loaded agent profile: minimal_test
02:00:17 [[32minfo[39m]  Loaded 0 non-builtin profiles from database (0 builtin skipped, using YAML)
02:00:17 [[32minfo[39m]  Config loaded successfully: 2 profiles
02:00:17 [[32minfo[39m]  YAML config loaded successfully
02:00:17 [[32minfo[39m]  Context rules loaded {"agentCount":10}
02:00:17 [[32minfo[39m]  Default manifests loaded {"agentTypeCount":6,"manifestCount":8}
02:00:17 [[32minfo[39m]  Context rules file watcher started {"path":"C:\\Users\\super\\Documents\\trae_projects\\AGG-main\\packages\\backend\\config\\agent-context-rules.yaml"}
02:00:17 [[32minfo[39m]  Loaded 10 agent capabilities from YAML profiles
02:00:17 [[32minfo[39m]  ToolRegistry initialized
02:00:17 [[32minfo[39m]  Registering ServiceTools to ToolRegistry
02:00:17 [[32minfo[39m]  Tool registered: game_time_service - GameTime Service (v1.0.0)
02:00:17 [[32minfo[39m]  Tool registered: numerical_service - Numerical Service (v1.0.0)
02:00:17 [[32minfo[39m]  Tool registered: character_service - Character Service (v1.0.0)
02:00:17 [[32minfo[39m]  Tool registered: inventory_service - Inventory Service (v1.0.0)
02:00:17 [[32minfo[39m]  Tool registered: skill_service - Skill Service (v1.1.0)
02:00:17 [[32minfo[39m]  Tool registered: map_service - Map Service (v2.0.0)
02:00:17 [[32minfo[39m]  Tool registered: npc_service - NPC Service (v1.0.0)
02:00:17 [[32minfo[39m]  Tool registered: dialogue_service - Dialogue Service (v1.0.0)
02:00:17 [[32minfo[39m]  Tool registered: quest_service - Quest Service (v1.0.0)
02:00:17 [[32minfo[39m]  Tool registered: challenge_service - Challenge Service (v1.0.0)
02:00:17 [[32minfo[39m]  Tool registered: event_service - Event Service (v1.0.0)
02:00:17 [[32minfo[39m]  Tool registered: story_service - Story Service (v1.0.0)
02:00:17 [[32minfo[39m]  Tool registered: game_init_service - Game Init Service (v2.0.0)
02:00:17 [[32minfo[39m]  Tool registered: batch_query_service - Batch Query Service (v1.0.0)
02:00:17 [[32minfo[39m]  Tool registered: entity_graph_service - Entity Graph Service (v1.0.0)
02:00:17 [[32minfo[39m]  Tool registered: template_pool_service - Template Pool Service (v1.0.0)
02:00:17 [[32minfo[39m]  Tool registered: dynamic_ui - Dynamic UI Service (v1.0.0)
02:00:17 [[32minfo[39m]  Tool registered: generate_options - Generate Options Service (v2.0.0)
02:00:17 [[32minfo[39m]  Tool registered: coordinator_service - Coordinator Service (v1.0.0)
02:00:17 [[32minfo[39m]  Tool registered: rule_service - Rule Service (v1.0.0)
02:00:17 [[32minfo[39m]  Tool registered: skill_loader - Skill Loader (v1.0.0)
02:00:17 [[32minfo[39m]  Tool registered: help_service - Help Service (v1.0.0)
02:00:17 [[32minfo[39m]  Tool registered: memory_service - Memory Service (v1.0.0)
02:00:17 [[32minfo[39m]  Registered 23 ServiceTools to ToolRegistry
02:00:17 [[32minfo[39m]  Tool reference validation passed

[90mstdout[2m | src/game-systems/npc/__tests__/npc-names-by-ids.test.ts[22m[39m
007: added combat_states.mode column
Migration 007_add_combat_mode.ts completed successfully
Running migration: 008_add_saves_active_challenge_mode.ts
008: added saves.active_challenge_mode column
Migration 008_add_saves_active_challenge_mode.ts completed successfully
All migrations completed
鉁?Migrations completed
All seeds completed
鉁?Seeds completed
02:00:17 [[32minfo[39m]  Starting YAML-driven Agent system initialization
02:00:17 [[32minfo[39m]  Seeding ModelConfigService from environment
02:00:17 [[32minfo[39m]  No DEEPSEEK_API_KEY env var found, skipping env seed
02:00:17 [[32minfo[39m]  Seeded provider from convict config {"providerType":"openai","providerId":"22e7b53e-a3e8-4675-ade2-5ff6ec757cf7","model":"openrouter/free"}
02:00:17 [[32minfo[39m]  Creating LLMService with ModelConfigService
02:00:17 [[32minfo[39m]  Creating ContextService and DecisionLogService instances
02:00:17 [[32minfo[39m]  Initializing YAML-driven Agent profiles...
02:00:17 [[32minfo[39m]  Loading config from directory: C:\Users\super\Documents\trae_projects\AGG-main\packages\backend\config
02:00:17 [[32minfo[39m]  Loaded agent profile: fantasy_rpg
02:00:17 [[32minfo[39m]  Loaded agent profile: minimal_test
02:00:17 [[32minfo[39m]  Loaded 0 non-builtin profiles from database (0 builtin skipped, using YAML)
02:00:17 [[32minfo[39m]  Config loaded successfully: 2 profiles
02:00:17 [[32minfo[39m]  YAML config loaded successfully
02:00:17 [[32minfo[39m]  Context rules loaded {"agentCount":10}
02:00:17 [[32minfo[39m]  Default manifests loaded {"agentTypeCount":6,"manifestCount":8}
02:00:17 [[32minfo[39m]  Context rules file watcher started {"path":"C:\\Users\\super\\Documents\\trae_projects\\AGG-main\\packages\\backend\\config\\agent-context-rules.yaml"}
02:00:17 [[32minfo[39m]  Loaded 10 agent capabilities from YAML profiles
02:00:17 [[32minfo[39m]  ToolRegistry initialized
02:00:17 [[32minfo[39m]  Registering ServiceTools to ToolRegistry
02:00:17 [[32minfo[39m]  Tool registered: game_time_service - GameTime Service (v1.0.0)
02:00:17 [[32minfo[39m]  Tool registered: numerical_service - Numerical Service (v1.0.0)
02:00:17 [[32minfo[39m]  Tool registered: character_service - Character Service (v1.0.0)
02:00:17 [[32minfo[39m]  Tool registered: inventory_service - Inventory Service (v1.0.0)
02:00:17 [[32minfo[39m]  Tool registered: skill_service - Skill Service (v1.1.0)
02:00:17 [[32minfo[39m]  Tool registered: map_service - Map Service (v2.0.0)
02:00:17 [[32minfo[39m]  Tool registered: npc_service - NPC Service (v1.0.0)
02:00:17 [[32minfo[39m]  Tool registered: dialogue_service - Dialogue Service (v1.0.0)
02:00:17 [[32minfo[39m]  Tool registered: quest_service - Quest Service (v1.0.0)
02:00:17 [[32minfo[39m]  Tool registered: challenge_service - Challenge Service (v1.0.0)
02:00:17 [[32minfo[39m]  Tool registered: event_service - Event Service (v1.0.0)
02:00:17 [[32minfo[39m]  Tool registered: story_service - Story Service (v1.0.0)
02:00:17 [[32minfo[39m]  Tool registered: game_init_service - Game Init Service (v2.0.0)
02:00:17 [[32minfo[39m]  Tool registered: batch_query_service - Batch Query Service (v1.0.0)
02:00:17 [[32minfo[39m]  Tool registered: entity_graph_service - Entity Graph Service (v1.0.0)
02:00:17 [[32minfo[39m]  Tool registered: template_pool_service - Template Pool Service (v1.0.0)
02:00:17 [[32minfo[39m]  Tool registered: dynamic_ui - Dynamic UI Service (v1.0.0)
02:00:17 [[32minfo[39m]  Tool registered: generate_options - Generate Options Service (v2.0.0)
02:00:17 [[32minfo[39m]  Tool registered: coordinator_service - Coordinator Service (v1.0.0)
02:00:17 [[32minfo[39m]  Tool registered: rule_service - Rule Service (v1.0.0)
02:00:17 [[32minfo[39m]  Tool registered: skill_loader - Skill Loader (v1.0.0)
02:00:17 [[32minfo[39m]  Tool registered: help_service - Help Service (v1.0.0)
02:00:17 [[32minfo[39m]  Tool registered: memory_service - Memory Service (v1.0.0)
02:00:17 [[32minfo[39m]  Registered 23 ServiceTools to ToolRegistry
02:00:17 [[32minfo[39m]  Tool reference validation passed

[90mstdout[2m | src/agents/tools/__tests__/coordinator-hook-policy.test.ts[2m > [22m[2mCoordinatorServiceTool hook policy inheritance[2m > [22m[2mspawn_agent 搴旂户鎵跨埗Agent绛栫暐骞跺簲鐢?child hookPolicies 瑁佸壀[22m[39m
02:00:17 [[32minfo[39m]  Agent initialized: gamemaster - GameMaster
02:00:17 [[32minfo[39m]  Agent initialized: event - Event Agent

 [33m鉂?[39m src/agents/tools/__tests__/coordinator-hook-policy.test.ts [2m ([22m[2m1 test[22m [2m|[22m [31m1 failed[39m[2m)[22m[33m 621[2mms[22m[39m
[31m   [33m鉂?[31m src/agents/tools/__tests__/coordinator-hook-policy.test.ts[2m > [22mCoordinatorServiceTool hook policy inheritance[2m > [22mspawn_agent 搴旂户鎵跨埗Agent绛栫暐骞跺簲鐢?child hookPolicies 瑁佸壀[39m
[31m     鈫?expected false to be true // Object.is equality[39m
[90mstdout[2m | src/agents/tools/__tests__/coordinator-hook-policy.test.ts[22m[39m
02:00:17 [[32minfo[39m]  Help registry loaded: 22 tools {"tools":["batch_query_service","challenge_service","... (22 items)"]}
02:00:17 [[32minfo[39m]  Creating GameMasterAgent (as AgentRuntime with isSubAgent=false)
02:00:17 [[32minfo[39m]  Handler subscribed {"eventType":"dialogue"}
02:00:17 [[32minfo[39m]  Handler subscribed {"eventType":"combat_end"}
02:00:17 [[32minfo[39m]  AwarenessAutoSubscriber subscribed to dialogue + combat_end events
02:00:17 [[32minfo[39m]  Agent initialized: gamemaster - GameMasterAgent
02:00:17 [[32minfo[39m] [AGENT-START] Agent gamemaster starting {"agent":"gamemaster","provider":null,"toolsConfigured":1,"maxIterations":200,"isSubAgent":false}
02:00:17 [[32minfo[39m]  Handler subscribed {"eventType":"chapter_advanced"}
02:00:17 [[32minfo[39m]  Creating AgentRuntime instances from default profile: fantasy_rpg
02:00:17 [[32minfo[39m]  Creating agents from profile: fantasy_rpg {"agentCount":10}
02:00:17 [[32minfo[39m]  Agent initialized: gamemaster - GameMasterAgent
02:00:17 [[32minfo[39m] [AGENT-START] Agent gamemaster starting {"agent":"gamemaster","provider":null,"toolsConfigured":1,"maxIterations":200,"isSubAgent":false}
02:00:17 [[32minfo[39m]  Created AgentRuntime: gamemaster {"profile":"fantasy_rpg","tools":["all"]}
02:00:17 [[32minfo[39m]  Agent initialized: map - MapAgent
02:00:17 [[32minfo[39m] [AGENT-START] Agent map starting {"agent":"map","provider":null,"toolsConfigured":7,"maxIterations":200,"isSubAgent":true}
02:00:17 [[32minfo[39m]  Created AgentRuntime: map {"profile":"fantasy_rpg","tools":["map_service","npc_service","... (7 items)"]}
02:00:17 [[32minfo[39m]  Agent initialized: challenge - ChallengeAgent
02:00:17 [[32minfo[39m] [AGENT-START] Agent challenge starting {"agent":"challenge","provider":null,"toolsConfigured":9,"maxIterations":200,"isSubAgent":true}
02:00:17 [[32minfo[39m]  Created AgentRuntime: challenge {"profile":"fantasy_rpg","tools":["challenge_service","numerical_service","... (9 items)"]}
02:00:17 [[32minfo[39m]  Agent initialized: output - OutputAgent
02:00:17 [[32minfo[39m] [AGENT-START] Agent output starting {"agent":"output","provider":null,"toolsConfigured":5,"maxIterations":200,"isSubAgent":true}
02:00:17 [[32minfo[39m]  Created AgentRuntime: output {"profile":"fantasy_rpg","tools":["dialogue_service","dynamic_ui","... (5 items)"]}
02:00:17 [[32minfo[39m]  Agent initialized: quest - QuestAgent
02:00:17 [[32minfo[39m] [AGENT-START] Agent quest starting {"agent":"quest","provider":null,"toolsConfigured":11,"maxIterations":200,"isSubAgent":true}
02:00:17 [[32minfo[39m]  Created AgentRuntime: quest {"profile":"fantasy_rpg","tools":["quest_service","numerical_service","... (11 items)"]}
02:00:17 [[32minfo[39m]  Agent initialized: npc_party - NPCPartyAgent
02:00:17 [[32minfo[39m] [AGENT-START] Agent npc_party starting {"agent":"npc_party","provider":null,"toolsConfigured":9,"maxIterations":200,"isSubAgent":true}
02:00:17 [[32minfo[39m]  Created AgentRuntime: npc_party {"profile":"fantasy_rpg","tools":["npc_service","entity_graph_service","... (9 items)"]}
02:00:17 [[32minfo[39m]  Agent initialized: inventory - InventoryAgent
02:00:17 [[32minfo[39m] [AGENT-START] Agent inventory starting {"agent":"inventory","provider":null,"toolsConfigured":8,"maxIterations":200,"isSubAgent":true}
02:00:17 [[32minfo[39m]  Created AgentRuntime: inventory {"profile":"fantasy_rpg","tools":["inventory_service","template_pool_service","... (8 items)"]}
02:00:17 [[32minfo[39m]  Agent initialized: skill - SkillAgent
02:00:17 [[32minfo[39m] [AGENT-START] Agent skill starting {"agent":"skill","provider":null,"toolsConfigured":7,"maxIterations":200,"isSubAgent":true}
02:00:17 [[32minfo[39m]  Created AgentRuntime: skill {"profile":"fantasy_rpg","tools":["skill_service","template_pool_service","... (7 items)"]}
02:00:17 [[32minfo[39m]  Agent initialized: event - EventAgent
02:00:17 [[32minfo[39m] [AGENT-START] Agent event starting {"agent":"event","provider":null,"toolsConfigured":5,"maxIterations":200,"isSubAgent":true}
02:00:17 [[32minfo[39m]  Created AgentRuntime: event {"profile":"fantasy_rpg","tools":["event_service","game_time_service","... (5 items)"]}
02:00:17 [[32minfo[39m]  Agent initialized: time - TimeAgent
02:00:17 [[32minfo[39m] [AGENT-START] Agent time starting {"agent":"time","provider":null,"toolsConfigured":4,"maxIterations":200,"isSubAgent":true}
02:00:17 [[32minfo[39m]  Created AgentRuntime: time {"profile":"fantasy_rpg","tools":["game_time_service","rule_service","... (4 items)"]}
02:00:17 [[32minfo[39m]  Permissions configured from agent.tools for profile: fantasy_rpg
02:00:17 [[32minfo[39m]  YAML permissions configured
02:00:17 [[32minfo[39m]  Registering AgentRuntime instances to GameMasterAgent...
02:00:17 [[32minfo[39m]  Registered AgentRuntime to Coordinator: gamemaster
02:00:17 [[32minfo[39m]  Registered AgentRuntime to Coordinator: map
02:00:17 [[32minfo[39m]  Registered AgentRuntime to Coordinator: challenge
02:00:17 [[32minfo[39m]  Registered AgentRuntime to Coordinator: output
02:00:17 [[32minfo[39m]  Registered AgentRuntime to Coordinator: quest
02:00:17 [[32minfo[39m]  Registered AgentRuntime to Coordinator: npc_party
02:00:17 [[32minfo[39m]  Registered AgentRuntime to Coordinator: inventory
02:00:17 [[32minfo[39m]  Registered AgentRuntime to Coordinator: skill
02:00:17 [[32minfo[39m]  Registered AgentRuntime to Coordinator: event
02:00:17 [[32minfo[39m]  Registered AgentRuntime to Coordinator: time
02:00:17 [[32minfo[39m]  GameDataExpander configured (manifest path enabled)
02:00:17 [[32minfo[39m]  DedupService configured (dispatch log persistence enabled)
02:00:17 [[32minfo[39m]  Agent system initialized: 10 AgentRuntime instances created
鉁?Agent system initialized with 10 agents
鈿狅笍 YAML Agent system skipped: __vi_import_5__.initializeYamlAgentSystem is not a function
02:00:17 [[32minfo[39m]  Agent routes initialized
02:00:17 [[32minfo[39m]  Save routes initialized
02:00:17 [[32minfo[39m]  Synced template from YAML to DB: cthulhu-investigation
02:00:17 [[32minfo[39m]  Synced template from YAML to DB: cyberpunk-mercenary
02:00:17 [[32minfo[39m]  Synced template from YAML to DB: medieval-fantasy
02:00:17 [[32minfo[39m]  Synced template from YAML to DB: modern-romance
02:00:17 [[32minfo[39m]  Synced template from YAML to DB: xianxia
02:00:17 [[32minfo[39m]  Synced 5 templates from YAML to database
02:00:17 [[32minfo[39m]  Cache refreshed with 5 templates
02:00:17 [[32minfo[39m]  TemplateService loaded {"cachedTemplates":5}
鉁?Template YAML loaded and synced to DB
02:00:17 [[32minfo[39m]  Template routes initialized
鉁?Test environment setup complete
鉁?Database connection closed

[90mstdout[2m | src/services/__tests__/staging-knex.pool-isolation.test.ts[22m[39m
02:00:17 [[32minfo[39m]  Discovered 187 help files {"dir":"C:\\Users\\super\\Documents\\trae_projects\\AGG-main\\packages\\backend\\config\\agent-help"}

 [32m鉁?[39m src/database/__tests__/transactionHelper.test.ts [2m ([22m[2m5 tests[22m[2m)[22m[33m 610[2mms[22m[39m
[90mstdout[2m | src/database/__tests__/transactionHelper.test.ts[22m[39m
02:00:17 [[32minfo[39m]  Help registry loaded: 22 tools {"tools":["batch_query_service","challenge_service","... (22 items)"]}
02:00:17 [[32minfo[39m]  Creating GameMasterAgent (as AgentRuntime with isSubAgent=false)
02:00:17 [[32minfo[39m]  Handler subscribed {"eventType":"dialogue"}
02:00:17 [[32minfo[39m]  Handler subscribed {"eventType":"combat_end"}
02:00:17 [[32minfo[39m]  AwarenessAutoSubscriber subscribed to dialogue + combat_end events
02:00:17 [[32minfo[39m]  Agent initialized: gamemaster - GameMasterAgent
02:00:17 [[32minfo[39m] [AGENT-START] Agent gamemaster starting {"agent":"gamemaster","provider":null,"toolsConfigured":1,"maxIterations":200,"isSubAgent":false}
02:00:17 [[32minfo[39m]  Handler subscribed {"eventType":"chapter_advanced"}
02:00:17 [[32minfo[39m]  Creating AgentRuntime instances from default profile: fantasy_rpg
02:00:17 [[32minfo[39m]  Creating agents from profile: fantasy_rpg {"agentCount":10}
02:00:17 [[32minfo[39m]  Agent initialized: gamemaster - GameMasterAgent
02:00:17 [[32minfo[39m] [AGENT-START] Agent gamemaster starting {"agent":"gamemaster","provider":null,"toolsConfigured":1,"maxIterations":200,"isSubAgent":false}
02:00:17 [[32minfo[39m]  Created AgentRuntime: gamemaster {"profile":"fantasy_rpg","tools":["all"]}
02:00:17 [[32minfo[39m]  Agent initialized: map - MapAgent
02:00:17 [[32minfo[39m] [AGENT-START] Agent map starting {"agent":"map","provider":null,"toolsConfigured":7,"maxIterations":200,"isSubAgent":true}
02:00:17 [[32minfo[39m]  Created AgentRuntime: map {"profile":"fantasy_rpg","tools":["map_service","npc_service","... (7 items)"]}
02:00:17 [[32minfo[39m]  Agent initialized: challenge - ChallengeAgent
02:00:17 [[32minfo[39m] [AGENT-START] Agent challenge starting {"agent":"challenge","provider":null,"toolsConfigured":9,"maxIterations":200,"isSubAgent":true}
02:00:17 [[32minfo[39m]  Created AgentRuntime: challenge {"profile":"fantasy_rpg","tools":["challenge_service","numerical_service","... (9 items)"]}
02:00:17 [[32minfo[39m]  Agent initialized: output - OutputAgent
02:00:17 [[32minfo[39m] [AGENT-START] Agent output starting {"agent":"output","provider":null,"toolsConfigured":5,"maxIterations":200,"isSubAgent":true}
02:00:17 [[32minfo[39m]  Created AgentRuntime: output {"profile":"fantasy_rpg","tools":["dialogue_service","dynamic_ui","... (5 items)"]}
02:00:17 [[32minfo[39m]  Agent initialized: quest - QuestAgent
02:00:17 [[32minfo[39m] [AGENT-START] Agent quest starting {"agent":"quest","provider":null,"toolsConfigured":11,"maxIterations":200,"isSubAgent":true}
02:00:17 [[32minfo[39m]  Created AgentRuntime: quest {"profile":"fantasy_rpg","tools":["quest_service","numerical_service","... (11 items)"]}
02:00:17 [[32minfo[39m]  Agent initialized: npc_party - NPCPartyAgent
02:00:17 [[32minfo[39m] [AGENT-START] Agent npc_party starting {"agent":"npc_party","provider":null,"toolsConfigured":9,"maxIterations":200,"isSubAgent":true}
02:00:17 [[32minfo[39m]  Created AgentRuntime: npc_party {"profile":"fantasy_rpg","tools":["npc_service","entity_graph_service","... (9 items)"]}
02:00:17 [[32minfo[39m]  Agent initialized: inventory - InventoryAgent
02:00:17 [[32minfo[39m] [AGENT-START] Agent inventory starting {"agent":"inventory","provider":null,"toolsConfigured":8,"maxIterations":200,"isSubAgent":true}
02:00:17 [[32minfo[39m]  Created AgentRuntime: inventory {"profile":"fantasy_rpg","tools":["inventory_service","template_pool_service","... (8 items)"]}
02:00:17 [[32minfo[39m]  Agent initialized: skill - SkillAgent
02:00:17 [[32minfo[39m] [AGENT-START] Agent skill starting {"agent":"skill","provider":null,"toolsConfigured":7,"maxIterations":200,"isSubAgent":true}
02:00:17 [[32minfo[39m]  Created AgentRuntime: skill {"profile":"fantasy_rpg","tools":["skill_service","template_pool_service","... (7 items)"]}
02:00:17 [[32minfo[39m]  Agent initialized: event - EventAgent
02:00:17 [[32minfo[39m] [AGENT-START] Agent event starting {"agent":"event","provider":null,"toolsConfigured":5,"maxIterations":200,"isSubAgent":true}
02:00:17 [[32minfo[39m]  Created AgentRuntime: event {"profile":"fantasy_rpg","tools":["event_service","game_time_service","... (5 items)"]}
02:00:17 [[32minfo[39m]  Agent initialized: time - TimeAgent
02:00:17 [[32minfo[39m] [AGENT-START] Agent time starting {"agent":"time","provider":null,"toolsConfigured":4,"maxIterations":200,"isSubAgent":true}
02:00:17 [[32minfo[39m]  Created AgentRuntime: time {"profile":"fantasy_rpg","tools":["game_time_service","rule_service","... (4 items)"]}
02:00:17 [[32minfo[39m]  Permissions configured from agent.tools for profile: fantasy_rpg
02:00:17 [[32minfo[39m]  YAML permissions configured
02:00:17 [[32minfo[39m]  Registering AgentRuntime instances to GameMasterAgent...
02:00:17 [[32minfo[39m]  Registered AgentRuntime to Coordinator: gamemaster
02:00:17 [[32minfo[39m]  Registered AgentRuntime to Coordinator: map
02:00:17 [[32minfo[39m]  Registered AgentRuntime to Coordinator: challenge
02:00:17 [[32minfo[39m]  Registered AgentRuntime to Coordinator: output
02:00:17 [[32minfo[39m]  Registered AgentRuntime to Coordinator: quest
02:00:17 [[32minfo[39m]  Registered AgentRuntime to Coordinator: npc_party
02:00:17 [[32minfo[39m]  Registered AgentRuntime to Coordinator: inventory
02:00:17 [[32minfo[39m]  Registered AgentRuntime to Coordinator: skill
02:00:17 [[32minfo[39m]  Registered AgentRuntime to Coordinator: event
02:00:17 [[32minfo[39m]  Registered AgentRuntime to Coordinator: time
02:00:17 [[32minfo[39m]  GameDataExpander configured (manifest path enabled)
02:00:17 [[32minfo[39m]  DedupService configured (dispatch log persistence enabled)
02:00:17 [[32minfo[39m]  Agent system initialized: 10 AgentRuntime instances created
鉁?Agent system initialized with 10 agents
鈿狅笍 YAML Agent system skipped: __vi_import_5__.initializeYamlAgentSystem is not a function
02:00:17 [[32minfo[39m]  Agent routes initialized
02:00:17 [[32minfo[39m]  Save routes initialized
02:00:17 [[32minfo[39m]  Synced template from YAML to DB: cthulhu-investigation
02:00:17 [[32minfo[39m]  Synced template from YAML to DB: cyberpunk-mercenary
02:00:17 [[32minfo[39m]  Synced template from YAML to DB: medieval-fantasy
02:00:17 [[32minfo[39m]  Synced template from YAML to DB: modern-romance
02:00:17 [[32minfo[39m]  Synced template from YAML to DB: xianxia
02:00:17 [[32minfo[39m]  Synced 5 templates from YAML to database
02:00:17 [[32minfo[39m]  Cache refreshed with 5 templates
02:00:17 [[32minfo[39m]  TemplateService loaded {"cachedTemplates":5}
鉁?Template YAML loaded and synced to DB
02:00:17 [[32minfo[39m]  Template routes initialized
鉁?Test environment setup complete
鉁?Database connection closed

[90mstdout[2m | src/game-systems/npc/__tests__/npc-update-derived.test.ts[22m[39m
02:00:17 [[32minfo[39m]  Discovered 187 help files {"dir":"C:\\Users\\super\\Documents\\trae_projects\\AGG-main\\packages\\backend\\config\\agent-help"}

[90mstdout[2m | src/game-systems/combat/__tests__/combat-endCombat-idempotent.test.ts[22m[39m
02:00:17 [[32minfo[39m]  Discovered 187 help files {"dir":"C:\\Users\\super\\Documents\\trae_projects\\AGG-main\\packages\\backend\\config\\agent-help"}

[90mstdout[2m | src/game-systems/inventory/__tests__/updateItem-slot-category-validation.test.ts[22m[39m
Migration 001_init.ts completed successfully
Running migration: 002_add_equipped_index.ts
Migration 002_add_equipped_index.ts completed successfully
Running migration: 003_fix_information_boundaries_timestamps.ts

[90mstdout[2m | src/game-systems/inventory/__tests__/updateItem-slot-category-validation.test.ts[22m[39m
Migration 003_fix_information_boundaries_timestamps.ts completed successfully
Running migration: 004_drop_information_boundaries.ts

[90mstdout[2m | src/agents/runtime/__tests__/derive-child-runtime-snapshot.test.ts[22m[39m
02:00:17 [[32minfo[39m]  Discovered 187 help files {"dir":"C:\\Users\\super\\Documents\\trae_projects\\AGG-main\\packages\\backend\\config\\agent-help"}

[90mstdout[2m | src/game-systems/map/__tests__/location-names-by-ids.test.ts[22m[39m
02:00:17 [[32minfo[39m]  Help registry loaded: 22 tools {"tools":["batch_query_service","challenge_service","... (22 items)"]}
02:00:17 [[32minfo[39m]  Creating GameMasterAgent (as AgentRuntime with isSubAgent=false)
02:00:17 [[32minfo[39m]  Handler subscribed {"eventType":"dialogue"}
02:00:17 [[32minfo[39m]  Handler subscribed {"eventType":"combat_end"}
02:00:17 [[32minfo[39m]  AwarenessAutoSubscriber subscribed to dialogue + combat_end events
02:00:17 [[32minfo[39m]  Agent initialized: gamemaster - GameMasterAgent
02:00:17 [[32minfo[39m] [AGENT-START] Agent gamemaster starting {"agent":"gamemaster","provider":null,"toolsConfigured":1,"maxIterations":200,"isSubAgent":false}
02:00:17 [[32minfo[39m]  Handler subscribed {"eventType":"chapter_advanced"}
02:00:17 [[32minfo[39m]  Creating AgentRuntime instances from default profile: fantasy_rpg
02:00:17 [[32minfo[39m]  Creating agents from profile: fantasy_rpg {"agentCount":10}
02:00:17 [[32minfo[39m]  Agent initialized: gamemaster - GameMasterAgent
02:00:17 [[32minfo[39m] [AGENT-START] Agent gamemaster starting {"agent":"gamemaster","provider":null,"toolsConfigured":1,"maxIterations":200,"isSubAgent":false}
02:00:17 [[32minfo[39m]  Created AgentRuntime: gamemaster {"profile":"fantasy_rpg","tools":["all"]}
02:00:17 [[32minfo[39m]  Agent initialized: map - MapAgent
02:00:17 [[32minfo[39m] [AGENT-START] Agent map starting {"agent":"map","provider":null,"toolsConfigured":7,"maxIterations":200,"isSubAgent":true}
02:00:17 [[32minfo[39m]  Created AgentRuntime: map {"profile":"fantasy_rpg","tools":["map_service","npc_service","... (7 items)"]}
02:00:17 [[32minfo[39m]  Agent initialized: challenge - ChallengeAgent
02:00:17 [[32minfo[39m] [AGENT-START] Agent challenge starting {"agent":"challenge","provider":null,"toolsConfigured":9,"maxIterations":200,"isSubAgent":true}
02:00:17 [[32minfo[39m]  Created AgentRuntime: challenge {"profile":"fantasy_rpg","tools":["challenge_service","numerical_service","... (9 items)"]}
02:00:17 [[32minfo[39m]  Agent initialized: output - OutputAgent
02:00:17 [[32minfo[39m] [AGENT-START] Agent output starting {"agent":"output","provider":null,"toolsConfigured":5,"maxIterations":200,"isSubAgent":true}
02:00:17 [[32minfo[39m]  Created AgentRuntime: output {"profile":"fantasy_rpg","tools":["dialogue_service","dynamic_ui","... (5 items)"]}
02:00:17 [[32minfo[39m]  Agent initialized: quest - QuestAgent
02:00:17 [[32minfo[39m] [AGENT-START] Agent quest starting {"agent":"quest","provider":null,"toolsConfigured":11,"maxIterations":200,"isSubAgent":true}
02:00:17 [[32minfo[39m]  Created AgentRuntime: quest {"profile":"fantasy_rpg","tools":["quest_service","numerical_service","... (11 items)"]}
02:00:17 [[32minfo[39m]  Agent initialized: npc_party - NPCPartyAgent
02:00:17 [[32minfo[39m] [AGENT-START] Agent npc_party starting {"agent":"npc_party","provider":null,"toolsConfigured":9,"maxIterations":200,"isSubAgent":true}
02:00:17 [[32minfo[39m]  Created AgentRuntime: npc_party {"profile":"fantasy_rpg","tools":["npc_service","entity_graph_service","... (9 items)"]}
02:00:17 [[32minfo[39m]  Agent initialized: inventory - InventoryAgent
02:00:17 [[32minfo[39m] [AGENT-START] Agent inventory starting {"agent":"inventory","provider":null,"toolsConfigured":8,"maxIterations":200,"isSubAgent":true}
02:00:17 [[32minfo[39m]  Created AgentRuntime: inventory {"profile":"fantasy_rpg","tools":["inventory_service","template_pool_service","... (8 items)"]}
02:00:17 [[32minfo[39m]  Agent initialized: skill - SkillAgent
02:00:17 [[32minfo[39m] [AGENT-START] Agent skill starting {"agent":"skill","provider":null,"toolsConfigured":7,"maxIterations":200,"isSubAgent":true}
02:00:17 [[32minfo[39m]  Created AgentRuntime: skill {"profile":"fantasy_rpg","tools":["skill_service","template_pool_service","... (7 items)"]}
02:00:17 [[32minfo[39m]  Agent initialized: event - EventAgent
02:00:17 [[32minfo[39m] [AGENT-START] Agent event starting {"agent":"event","provider":null,"toolsConfigured":5,"maxIterations":200,"isSubAgent":true}
02:00:17 [[32minfo[39m]  Created AgentRuntime: event {"profile":"fantasy_rpg","tools":["event_service","game_time_service","... (5 items)"]}
02:00:17 [[32minfo[39m]  Agent initialized: time - TimeAgent
02:00:17 [[32minfo[39m] [AGENT-START] Agent time starting {"agent":"time","provider":null,"toolsConfigured":4,"maxIterations":200,"isSubAgent":true}
02:00:17 [[32minfo[39m]  Created AgentRuntime: time {"profile":"fantasy_rpg","tools":["game_time_service","rule_service","... (4 items)"]}
02:00:17 [[32minfo[39m]  Permissions configured from agent.tools for profile: fantasy_rpg
02:00:17 [[32minfo[39m]  YAML permissions configured
02:00:17 [[32minfo[39m]  Registering AgentRuntime instances to GameMasterAgent...
02:00:17 [[32minfo[39m]  Registered AgentRuntime to Coordinator: gamemaster
02:00:17 [[32minfo[39m]  Registered AgentRuntime to Coordinator: map
02:00:17 [[32minfo[39m]  Registered AgentRuntime to Coordinator: challenge
02:00:17 [[32minfo[39m]  Registered AgentRuntime to Coordinator: output
02:00:17 [[32minfo[39m]  Registered AgentRuntime to Coordinator: quest
02:00:17 [[32minfo[39m]  Registered AgentRuntime to Coordinator: npc_party
02:00:17 [[32minfo[39m]  Registered AgentRuntime to Coordinator: inventory
02:00:17 [[32minfo[39m]  Registered AgentRuntime to Coordinator: skill
02:00:17 [[32minfo[39m]  Registered AgentRuntime to Coordinator: event
02:00:17 [[32minfo[39m]  Registered AgentRuntime to Coordinator: time
02:00:17 [[32minfo[39m]  GameDataExpander configured (manifest path enabled)
02:00:17 [[32minfo[39m]  DedupService configured (dispatch log persistence enabled)
02:00:17 [[32minfo[39m]  Agent system initialized: 10 AgentRuntime instances created
鉁?Agent system initialized with 10 agents
鈿狅笍 YAML Agent system skipped: __vi_import_5__.initializeYamlAgentSystem is not a function
02:00:17 [[32minfo[39m]  Agent routes initialized
02:00:17 [[32minfo[39m]  Save routes initialized
02:00:17 [[32minfo[39m]  Synced template from YAML to DB: cthulhu-investigation
02:00:17 [[32minfo[39m]  Synced template from YAML to DB: cyberpunk-mercenary
02:00:17 [[32minfo[39m]  Synced template from YAML to DB: medieval-fantasy
02:00:17 [[32minfo[39m]  Synced template from YAML to DB: modern-romance
02:00:17 [[32minfo[39m]  Synced template from YAML to DB: xianxia
02:00:17 [[32minfo[39m]  Synced 5 templates from YAML to database
02:00:17 [[32minfo[39m]  Cache refreshed with 5 templates
02:00:17 [[32minfo[39m]  TemplateService loaded {"cachedTemplates":5}
鉁?Template YAML loaded and synced to DB
02:00:17 [[32minfo[39m]  Template routes initialized
鉁?Test environment setup complete
鉁?Database connection closed

 [32m鉁?[39m src/game-systems/map/__tests__/location-names-by-ids.test.ts [2m ([22m[2m5 tests[22m[2m)[22m[33m 837[2mms[22m[39m
[90mstdout[2m | src/game-systems/inventory/__tests__/updateItem-slot-category-validation.test.ts[22m[39m
004_drop_information_boundaries: information_boundaries table not found, skipping migration
004_drop_information_boundaries: cleared custom_data.knowledge from 0 NPCs
Migration 004_drop_information_boundaries.ts completed successfully
Running migration: 005_drop_npc_relations.ts

[90mstdout[2m | src/agents/prompt/__tests__/template-layers.test.ts[22m[39m
鉁?Database connection closed

 [32m鉁?[39m src/agents/prompt/__tests__/template-layers.test.ts [2m ([22m[2m9 tests[22m[2m)[22m[33m 1271[2mms[22m[39m
[90mstdout[2m | src/game-systems/npc/__tests__/npc-names-by-ids.test.ts[22m[39m
02:00:17 [[32minfo[39m]  Discovered 187 help files {"dir":"C:\\Users\\super\\Documents\\trae_projects\\AGG-main\\packages\\backend\\config\\agent-help"}

[90mstdout[2m | src/game-systems/npc/__tests__/npc-modify-health.test.ts[22m[39m
02:00:17 [[32minfo[39m]  Discovered 187 help files {"dir":"C:\\Users\\super\\Documents\\trae_projects\\AGG-main\\packages\\backend\\config\\agent-help"}

[90mstdout[2m | src/game-systems/inventory/__tests__/inventory-batch-tool.test.ts[22m[39m
02:00:17 [[32minfo[39m]  Discovered 187 help files {"dir":"C:\\Users\\super\\Documents\\trae_projects\\AGG-main\\packages\\backend\\config\\agent-help"}

[90mstdout[2m | src/game-systems/inventory/__tests__/updateItem-slot-category-validation.test.ts[22m[39m
005_drop_npc_relations: dropped npc_relations table
Migration 005_drop_npc_relations.ts completed successfully
Running migration: 006_awareness_relationship_events_states.ts
006: created entity_awareness_events table
006: created entity_awareness_states table
006: created entity_relationship_events table
006: created entity_relationship_states table
Migration 006_awareness_relationship_events_states.ts completed successfully
Running migration: 007_add_combat_mode.ts
007: added combat_states.mode column
Migration 007_add_combat_mode.ts completed successfully
Running migration: 008_add_saves_active_challenge_mode.ts

[90mstdout[2m | src/agents/prompt/__tests__/pure-layers.test.ts[22m[39m
02:00:17 [[32minfo[39m]  Help registry loaded: 22 tools {"tools":["batch_query_service","challenge_service","... (22 items)"]}
02:00:17 [[32minfo[39m]  Creating GameMasterAgent (as AgentRuntime with isSubAgent=false)
02:00:17 [[32minfo[39m]  Handler subscribed {"eventType":"dialogue"}
02:00:17 [[32minfo[39m]  Handler subscribed {"eventType":"combat_end"}
02:00:17 [[32minfo[39m]  AwarenessAutoSubscriber subscribed to dialogue + combat_end events
02:00:17 [[32minfo[39m]  Agent initialized: gamemaster - GameMasterAgent
02:00:17 [[32minfo[39m] [AGENT-START] Agent gamemaster starting {"agent":"gamemaster","provider":null,"toolsConfigured":1,"maxIterations":200,"isSubAgent":false}
02:00:17 [[32minfo[39m]  Handler subscribed {"eventType":"chapter_advanced"}
02:00:17 [[32minfo[39m]  Creating AgentRuntime instances from default profile: fantasy_rpg
02:00:17 [[32minfo[39m]  Creating agents from profile: fantasy_rpg {"agentCount":10}
02:00:17 [[32minfo[39m]  Agent initialized: gamemaster - GameMasterAgent
02:00:17 [[32minfo[39m] [AGENT-START] Agent gamemaster starting {"agent":"gamemaster","provider":null,"toolsConfigured":1,"maxIterations":200,"isSubAgent":false}
02:00:17 [[32minfo[39m]  Created AgentRuntime: gamemaster {"profile":"fantasy_rpg","tools":["all"]}
02:00:17 [[32minfo[39m]  Agent initialized: map - MapAgent
02:00:17 [[32minfo[39m] [AGENT-START] Agent map starting {"agent":"map","provider":null,"toolsConfigured":7,"maxIterations":200,"isSubAgent":true}
02:00:17 [[32minfo[39m]  Created AgentRuntime: map {"profile":"fantasy_rpg","tools":["map_service","npc_service","... (7 items)"]}
02:00:17 [[32minfo[39m]  Agent initialized: challenge - ChallengeAgent
02:00:17 [[32minfo[39m] [AGENT-START] Agent challenge starting {"agent":"challenge","provider":null,"toolsConfigured":9,"maxIterations":200,"isSubAgent":true}
02:00:17 [[32minfo[39m]  Created AgentRuntime: challenge {"profile":"fantasy_rpg","tools":["challenge_service","numerical_service","... (9 items)"]}
02:00:17 [[32minfo[39m]  Agent initialized: output - OutputAgent
02:00:17 [[32minfo[39m] [AGENT-START] Agent output starting {"agent":"output","provider":null,"toolsConfigured":5,"maxIterations":200,"isSubAgent":true}
02:00:17 [[32minfo[39m]  Created AgentRuntime: output {"profile":"fantasy_rpg","tools":["dialogue_service","dynamic_ui","... (5 items)"]}
02:00:17 [[32minfo[39m]  Agent initialized: quest - QuestAgent
02:00:17 [[32minfo[39m] [AGENT-START] Agent quest starting {"agent":"quest","provider":null,"toolsConfigured":11,"maxIterations":200,"isSubAgent":true}
02:00:17 [[32minfo[39m]  Created AgentRuntime: quest {"profile":"fantasy_rpg","tools":["quest_service","numerical_service","... (11 items)"]}
02:00:17 [[32minfo[39m]  Agent initialized: npc_party - NPCPartyAgent
02:00:17 [[32minfo[39m] [AGENT-START] Agent npc_party starting {"agent":"npc_party","provider":null,"toolsConfigured":9,"maxIterations":200,"isSubAgent":true}
02:00:17 [[32minfo[39m]  Created AgentRuntime: npc_party {"profile":"fantasy_rpg","tools":["npc_service","entity_graph_service","... (9 items)"]}
02:00:17 [[32minfo[39m]  Agent initialized: inventory - InventoryAgent
02:00:17 [[32minfo[39m] [AGENT-START] Agent inventory starting {"agent":"inventory","provider":null,"toolsConfigured":8,"maxIterations":200,"isSubAgent":true}
02:00:17 [[32minfo[39m]  Created AgentRuntime: inventory {"profile":"fantasy_rpg","tools":["inventory_service","template_pool_service","... (8 items)"]}
02:00:17 [[32minfo[39m]  Agent initialized: skill - SkillAgent
02:00:17 [[32minfo[39m] [AGENT-START] Agent skill starting {"agent":"skill","provider":null,"toolsConfigured":7,"maxIterations":200,"isSubAgent":true}
02:00:17 [[32minfo[39m]  Created AgentRuntime: skill {"profile":"fantasy_rpg","tools":["skill_service","template_pool_service","... (7 items)"]}
02:00:17 [[32minfo[39m]  Agent initialized: event - EventAgent
02:00:17 [[32minfo[39m] [AGENT-START] Agent event starting {"agent":"event","provider":null,"toolsConfigured":5,"maxIterations":200,"isSubAgent":true}
02:00:17 [[32minfo[39m]  Created AgentRuntime: event {"profile":"fantasy_rpg","tools":["event_service","game_time_service","... (5 items)"]}
02:00:17 [[32minfo[39m]  Agent initialized: time - TimeAgent
02:00:17 [[32minfo[39m] [AGENT-START] Agent time starting {"agent":"time","provider":null,"toolsConfigured":4,"maxIterations":200,"isSubAgent":true}
02:00:17 [[32minfo[39m]  Created AgentRuntime: time {"profile":"fantasy_rpg","tools":["game_time_service","rule_service","... (4 items)"]}
02:00:17 [[32minfo[39m]  Permissions configured from agent.tools for profile: fantasy_rpg
02:00:17 [[32minfo[39m]  YAML permissions configured
02:00:17 [[32minfo[39m]  Registering AgentRuntime instances to GameMasterAgent...
02:00:17 [[32minfo[39m]  Registered AgentRuntime to Coordinator: gamemaster
02:00:17 [[32minfo[39m]  Registered AgentRuntime to Coordinator: map
02:00:17 [[32minfo[39m]  Registered AgentRuntime to Coordinator: challenge
02:00:17 [[32minfo[39m]  Registered AgentRuntime to Coordinator: output
02:00:17 [[32minfo[39m]  Registered AgentRuntime to Coordinator: quest
02:00:17 [[32minfo[39m]  Registered AgentRuntime to Coordinator: npc_party
02:00:17 [[32minfo[39m]  Registered AgentRuntime to Coordinator: inventory
02:00:17 [[32minfo[39m]  Registered AgentRuntime to Coordinator: skill
02:00:17 [[32minfo[39m]  Registered AgentRuntime to Coordinator: event
02:00:17 [[32minfo[39m]  Registered AgentRuntime to Coordinator: time
02:00:17 [[32minfo[39m]  GameDataExpander configured (manifest path enabled)
02:00:17 [[32minfo[39m]  DedupService configured (dispatch log persistence enabled)
02:00:17 [[32minfo[39m]  Agent system initialized: 10 AgentRuntime instances created
鉁?Agent system initialized with 10 agents
鈿狅笍 YAML Agent system skipped: __vi_import_5__.initializeYamlAgentSystem is not a function
02:00:17 [[32minfo[39m]  Agent routes initialized
02:00:17 [[32minfo[39m]  Save routes initialized
02:00:17 [[32minfo[39m]  Synced template from YAML to DB: cthulhu-investigation
02:00:17 [[32minfo[39m]  Synced template from YAML to DB: cyberpunk-mercenary
02:00:17 [[32minfo[39m]  Synced template from YAML to DB: medieval-fantasy
02:00:17 [[32minfo[39m]  Synced template from YAML to DB: modern-romance
02:00:17 [[32minfo[39m]  Synced template from YAML to DB: xianxia
02:00:17 [[32minfo[39m]  Synced 5 templates from YAML to database
02:00:17 [[32minfo[39m]  Cache refreshed with 5 templates
02:00:17 [[32minfo[39m]  TemplateService loaded {"cachedTemplates":5}
鉁?Template YAML loaded and synced to DB
02:00:17 [[32minfo[39m]  Template routes initialized
鉁?Test environment setup complete
鉁?Database connection closed

 [32m鉁?[39m src/agents/prompt/__tests__/pure-layers.test.ts [2m ([22m[2m11 tests[22m[2m)[22m[33m 990[2mms[22m[39m
[90mstdout[2m | src/game-systems/combat/__tests__/combat-endCombat-idempotent.test.ts[22m[39m
02:00:17 [[32minfo[39m]  Help registry loaded: 22 tools {"tools":["batch_query_service","challenge_service","... (22 items)"]}
02:00:17 [[32minfo[39m]  Creating GameMasterAgent (as AgentRuntime with isSubAgent=false)
02:00:17 [[32minfo[39m]  Handler subscribed {"eventType":"dialogue"}
02:00:17 [[32minfo[39m]  Handler subscribed {"eventType":"combat_end"}
02:00:17 [[32minfo[39m]  AwarenessAutoSubscriber subscribed to dialogue + combat_end events
02:00:17 [[32minfo[39m]  Agent initialized: gamemaster - GameMasterAgent
02:00:17 [[32minfo[39m] [AGENT-START] Agent gamemaster starting {"agent":"gamemaster","provider":null,"toolsConfigured":1,"maxIterations":200,"isSubAgent":false}
02:00:17 [[32minfo[39m]  Handler subscribed {"eventType":"chapter_advanced"}
02:00:17 [[32minfo[39m]  Creating AgentRuntime instances from default profile: fantasy_rpg
02:00:17 [[32minfo[39m]  Creating agents from profile: fantasy_rpg {"agentCount":10}
02:00:17 [[32minfo[39m]  Agent initialized: gamemaster - GameMasterAgent
02:00:17 [[32minfo[39m] [AGENT-START] Agent gamemaster starting {"agent":"gamemaster","provider":null,"toolsConfigured":1,"maxIterations":200,"isSubAgent":false}
02:00:17 [[32minfo[39m]  Created AgentRuntime: gamemaster {"profile":"fantasy_rpg","tools":["all"]}
02:00:17 [[32minfo[39m]  Agent initialized: map - MapAgent
02:00:17 [[32minfo[39m] [AGENT-START] Agent map starting {"agent":"map","provider":null,"toolsConfigured":7,"maxIterations":200,"isSubAgent":true}
02:00:17 [[32minfo[39m]  Created AgentRuntime: map {"profile":"fantasy_rpg","tools":["map_service","npc_service","... (7 items)"]}
02:00:17 [[32minfo[39m]  Agent initialized: challenge - ChallengeAgent
02:00:17 [[32minfo[39m] [AGENT-START] Agent challenge starting {"agent":"challenge","provider":null,"toolsConfigured":9,"maxIterations":200,"isSubAgent":true}
02:00:17 [[32minfo[39m]  Created AgentRuntime: challenge {"profile":"fantasy_rpg","tools":["challenge_service","numerical_service","... (9 items)"]}
02:00:17 [[32minfo[39m]  Agent initialized: output - OutputAgent
02:00:17 [[32minfo[39m] [AGENT-START] Agent output starting {"agent":"output","provider":null,"toolsConfigured":5,"maxIterations":200,"isSubAgent":true}
02:00:17 [[32minfo[39m]  Created AgentRuntime: output {"profile":"fantasy_rpg","tools":["dialogue_service","dynamic_ui","... (5 items)"]}
02:00:17 [[32minfo[39m]  Agent initialized: quest - QuestAgent
02:00:17 [[32minfo[39m] [AGENT-START] Agent quest starting {"agent":"quest","provider":null,"toolsConfigured":11,"maxIterations":200,"isSubAgent":true}
02:00:17 [[32minfo[39m]  Created AgentRuntime: quest {"profile":"fantasy_rpg","tools":["quest_service","numerical_service","... (11 items)"]}
02:00:17 [[32minfo[39m]  Agent initialized: npc_party - NPCPartyAgent
02:00:17 [[32minfo[39m] [AGENT-START] Agent npc_party starting {"agent":"npc_party","provider":null,"toolsConfigured":9,"maxIterations":200,"isSubAgent":true}
02:00:17 [[32minfo[39m]  Created AgentRuntime: npc_party {"profile":"fantasy_rpg","tools":["npc_service","entity_graph_service","... (9 items)"]}
02:00:17 [[32minfo[39m]  Agent initialized: inventory - InventoryAgent
02:00:17 [[32minfo[39m] [AGENT-START] Agent inventory starting {"agent":"inventory","provider":null,"toolsConfigured":8,"maxIterations":200,"isSubAgent":true}
02:00:17 [[32minfo[39m]  Created AgentRuntime: inventory {"profile":"fantasy_rpg","tools":["inventory_service","template_pool_service","... (8 items)"]}
02:00:17 [[32minfo[39m]  Agent initialized: skill - SkillAgent
02:00:17 [[32minfo[39m] [AGENT-START] Agent skill starting {"agent":"skill","provider":null,"toolsConfigured":7,"maxIterations":200,"isSubAgent":true}
02:00:17 [[32minfo[39m]  Created AgentRuntime: skill {"profile":"fantasy_rpg","tools":["skill_service","template_pool_service","... (7 items)"]}
02:00:17 [[32minfo[39m]  Agent initialized: event - EventAgent
02:00:17 [[32minfo[39m] [AGENT-START] Agent event starting {"agent":"event","provider":null,"toolsConfigured":5,"maxIterations":200,"isSubAgent":true}
02:00:17 [[32minfo[39m]  Created AgentRuntime: event {"profile":"fantasy_rpg","tools":["event_service","game_time_service","... (5 items)"]}
02:00:17 [[32minfo[39m]  Agent initialized: time - TimeAgent
02:00:17 [[32minfo[39m] [AGENT-START] Agent time starting {"agent":"time","provider":null,"toolsConfigured":4,"maxIterations":200,"isSubAgent":true}
02:00:17 [[32minfo[39m]  Created AgentRuntime: time {"profile":"fantasy_rpg","tools":["game_time_service","rule_service","... (4 items)"]}
02:00:17 [[32minfo[39m]  Permissions configured from agent.tools for profile: fantasy_rpg
02:00:17 [[32minfo[39m]  YAML permissions configured
02:00:17 [[32minfo[39m]  Registering AgentRuntime instances to GameMasterAgent...
02:00:17 [[32minfo[39m]  Registered AgentRuntime to Coordinator: gamemaster
02:00:17 [[32minfo[39m]  Registered AgentRuntime to Coordinator: map
02:00:17 [[32minfo[39m]  Registered AgentRuntime to Coordinator: challenge
02:00:17 [[32minfo[39m]  Registered AgentRuntime to Coordinator: output
02:00:17 [[32minfo[39m]  Registered AgentRuntime to Coordinator: quest
02:00:17 [[32minfo[39m]  Registered AgentRuntime to Coordinator: npc_party
02:00:17 [[32minfo[39m]  Registered AgentRuntime to Coordinator: inventory
02:00:17 [[32minfo[39m]  Registered AgentRuntime to Coordinator: skill
02:00:17 [[32minfo[39m]  Registered AgentRuntime to Coordinator: event
02:00:17 [[32minfo[39m]  Registered AgentRuntime to Coordinator: time
02:00:17 [[32minfo[39m]  GameDataExpander configured (manifest path enabled)
02:00:17 [[32minfo[39m]  DedupService configured (dispatch log persistence enabled)
02:00:17 [[32minfo[39m]  Agent system initialized: 10 AgentRuntime instances created
鉁?Agent system initialized with 10 agents
鈿狅笍 YAML Agent system skipped: __vi_import_5__.initializeYamlAgentSystem is not a function
02:00:17 [[32minfo[39m]  Agent routes initialized
02:00:17 [[32minfo[39m]  Save routes initialized
02:00:17 [[32minfo[39m]  Synced template from YAML to DB: cthulhu-investigation
02:00:17 [[32minfo[39m]  Synced template from YAML to DB: cyberpunk-mercenary
02:00:17 [[32minfo[39m]  Synced template from YAML to DB: medieval-fantasy
02:00:17 [[32minfo[39m]  Synced template from YAML to DB: modern-romance
02:00:17 [[32minfo[39m]  Synced template from YAML to DB: xianxia
02:00:17 [[32minfo[39m]  Synced 5 templates from YAML to database
02:00:17 [[32minfo[39m]  Cache refreshed with 5 templates
02:00:17 [[32minfo[39m]  TemplateService loaded {"cachedTemplates":5}
鉁?Template YAML loaded and synced to DB
02:00:17 [[32minfo[39m]  Template routes initialized
鉁?Test environment setup complete
鉁?Database connection closed

 [32m鉁?[39m src/game-systems/combat/__tests__/combat-endCombat-idempotent.test.ts [2m ([22m[2m5 tests[22m[2m)[22m[33m 603[2mms[22m[39m
[90mstdout[2m | src/game-systems/inventory/__tests__/updateItem-slot-category-validation.test.ts[22m[39m
008: added saves.active_challenge_mode column
Migration 008_add_saves_active_challenge_mode.ts completed successfully
All migrations completed
鉁?Migrations completed
All seeds completed
鉁?Seeds completed
02:00:17 [[32minfo[39m]  Starting YAML-driven Agent system initialization
02:00:17 [[32minfo[39m]  Seeding ModelConfigService from environment
02:00:17 [[32minfo[39m]  No DEEPSEEK_API_KEY env var found, skipping env seed
02:00:17 [[32minfo[39m]  Seeded provider from convict config {"providerType":"openai","providerId":"b64227f9-8b63-4ced-9841-f2de5f9d2bb1","model":"openrouter/free"}
02:00:17 [[32minfo[39m]  Creating LLMService with ModelConfigService
02:00:17 [[32minfo[39m]  Creating ContextService and DecisionLogService instances
02:00:17 [[32minfo[39m]  Initializing YAML-driven Agent profiles...
02:00:17 [[32minfo[39m]  Loading config from directory: C:\Users\super\Documents\trae_projects\AGG-main\packages\backend\config
02:00:17 [[32minfo[39m]  Loaded agent profile: fantasy_rpg
02:00:17 [[32minfo[39m]  Loaded agent profile: minimal_test
02:00:17 [[32minfo[39m]  Loaded 0 non-builtin profiles from database (0 builtin skipped, using YAML)
02:00:17 [[32minfo[39m]  Config loaded successfully: 2 profiles
02:00:17 [[32minfo[39m]  YAML config loaded successfully
02:00:17 [[32minfo[39m]  Context rules loaded {"agentCount":10}
02:00:17 [[32minfo[39m]  Default manifests loaded {"agentTypeCount":6,"manifestCount":8}
02:00:17 [[32minfo[39m]  Context rules file watcher started {"path":"C:\\Users\\super\\Documents\\trae_projects\\AGG-main\\packages\\backend\\config\\agent-context-rules.yaml"}
02:00:17 [[32minfo[39m]  Loaded 10 agent capabilities from YAML profiles
02:00:17 [[32minfo[39m]  ToolRegistry initialized
02:00:17 [[32minfo[39m]  Registering ServiceTools to ToolRegistry
02:00:17 [[32minfo[39m]  Tool registered: game_time_service - GameTime Service (v1.0.0)
02:00:17 [[32minfo[39m]  Tool registered: numerical_service - Numerical Service (v1.0.0)
02:00:17 [[32minfo[39m]  Tool registered: character_service - Character Service (v1.0.0)
02:00:17 [[32minfo[39m]  Tool registered: inventory_service - Inventory Service (v1.0.0)
02:00:17 [[32minfo[39m]  Tool registered: skill_service - Skill Service (v1.1.0)
02:00:17 [[32minfo[39m]  Tool registered: map_service - Map Service (v2.0.0)
02:00:17 [[32minfo[39m]  Tool registered: npc_service - NPC Service (v1.0.0)
02:00:17 [[32minfo[39m]  Tool registered: dialogue_service - Dialogue Service (v1.0.0)
02:00:17 [[32minfo[39m]  Tool registered: quest_service - Quest Service (v1.0.0)
02:00:17 [[32minfo[39m]  Tool registered: challenge_service - Challenge Service (v1.0.0)
02:00:17 [[32minfo[39m]  Tool registered: event_service - Event Service (v1.0.0)
02:00:17 [[32minfo[39m]  Tool registered: story_service - Story Service (v1.0.0)
02:00:17 [[32minfo[39m]  Tool registered: game_init_service - Game Init Service (v2.0.0)
02:00:17 [[32minfo[39m]  Tool registered: batch_query_service - Batch Query Service (v1.0.0)
02:00:17 [[32minfo[39m]  Tool registered: entity_graph_service - Entity Graph Service (v1.0.0)
02:00:17 [[32minfo[39m]  Tool registered: template_pool_service - Template Pool Service (v1.0.0)
02:00:17 [[32minfo[39m]  Tool registered: dynamic_ui - Dynamic UI Service (v1.0.0)
02:00:17 [[32minfo[39m]  Tool registered: generate_options - Generate Options Service (v2.0.0)
02:00:17 [[32minfo[39m]  Tool registered: coordinator_service - Coordinator Service (v1.0.0)
02:00:17 [[32minfo[39m]  Tool registered: rule_service - Rule Service (v1.0.0)
02:00:17 [[32minfo[39m]  Tool registered: skill_loader - Skill Loader (v1.0.0)
02:00:17 [[32minfo[39m]  Tool registered: help_service - Help Service (v1.0.0)
02:00:17 [[32minfo[39m]  Tool registered: memory_service - Memory Service (v1.0.0)
02:00:17 [[32minfo[39m]  Registered 23 ServiceTools to ToolRegistry
02:00:17 [[32minfo[39m]  Tool reference validation passed

[90mstdout[2m | src/game-systems/npc/__tests__/npc-names-by-ids.test.ts[22m[39m
02:00:17 [[32minfo[39m]  Help registry loaded: 22 tools {"tools":["batch_query_service","challenge_service","... (22 items)"]}
02:00:17 [[32minfo[39m]  Creating GameMasterAgent (as AgentRuntime with isSubAgent=false)
02:00:17 [[32minfo[39m]  Handler subscribed {"eventType":"dialogue"}
02:00:17 [[32minfo[39m]  Handler subscribed {"eventType":"combat_end"}
02:00:17 [[32minfo[39m]  AwarenessAutoSubscriber subscribed to dialogue + combat_end events
02:00:17 [[32minfo[39m]  Agent initialized: gamemaster - GameMasterAgent
02:00:17 [[32minfo[39m] [AGENT-START] Agent gamemaster starting {"agent":"gamemaster","provider":null,"toolsConfigured":1,"maxIterations":200,"isSubAgent":false}
02:00:17 [[32minfo[39m]  Handler subscribed {"eventType":"chapter_advanced"}
02:00:17 [[32minfo[39m]  Creating AgentRuntime instances from default profile: fantasy_rpg
02:00:17 [[32minfo[39m]  Creating agents from profile: fantasy_rpg {"agentCount":10}
02:00:17 [[32minfo[39m]  Agent initialized: gamemaster - GameMasterAgent
02:00:17 [[32minfo[39m] [AGENT-START] Agent gamemaster starting {"agent":"gamemaster","provider":null,"toolsConfigured":1,"maxIterations":200,"isSubAgent":false}
02:00:17 [[32minfo[39m]  Created AgentRuntime: gamemaster {"profile":"fantasy_rpg","tools":["all"]}
02:00:17 [[32minfo[39m]  Agent initialized: map - MapAgent
02:00:17 [[32minfo[39m] [AGENT-START] Agent map starting {"agent":"map","provider":null,"toolsConfigured":7,"maxIterations":200,"isSubAgent":true}
02:00:17 [[32minfo[39m]  Created AgentRuntime: map {"profile":"fantasy_rpg","tools":["map_service","npc_service","... (7 items)"]}
02:00:17 [[32minfo[39m]  Agent initialized: challenge - ChallengeAgent
02:00:17 [[32minfo[39m] [AGENT-START] Agent challenge starting {"agent":"challenge","provider":null,"toolsConfigured":9,"maxIterations":200,"isSubAgent":true}
02:00:17 [[32minfo[39m]  Created AgentRuntime: challenge {"profile":"fantasy_rpg","tools":["challenge_service","numerical_service","... (9 items)"]}
02:00:17 [[32minfo[39m]  Agent initialized: output - OutputAgent
02:00:17 [[32minfo[39m] [AGENT-START] Agent output starting {"agent":"output","provider":null,"toolsConfigured":5,"maxIterations":200,"isSubAgent":true}
02:00:17 [[32minfo[39m]  Created AgentRuntime: output {"profile":"fantasy_rpg","tools":["dialogue_service","dynamic_ui","... (5 items)"]}
02:00:17 [[32minfo[39m]  Agent initialized: quest - QuestAgent
02:00:17 [[32minfo[39m] [AGENT-START] Agent quest starting {"agent":"quest","provider":null,"toolsConfigured":11,"maxIterations":200,"isSubAgent":true}
02:00:17 [[32minfo[39m]  Created AgentRuntime: quest {"profile":"fantasy_rpg","tools":["quest_service","numerical_service","... (11 items)"]}
02:00:17 [[32minfo[39m]  Agent initialized: npc_party - NPCPartyAgent
02:00:17 [[32minfo[39m] [AGENT-START] Agent npc_party starting {"agent":"npc_party","provider":null,"toolsConfigured":9,"maxIterations":200,"isSubAgent":true}
02:00:17 [[32minfo[39m]  Created AgentRuntime: npc_party {"profile":"fantasy_rpg","tools":["npc_service","entity_graph_service","... (9 items)"]}
02:00:17 [[32minfo[39m]  Agent initialized: inventory - InventoryAgent
02:00:17 [[32minfo[39m] [AGENT-START] Agent inventory starting {"agent":"inventory","provider":null,"toolsConfigured":8,"maxIterations":200,"isSubAgent":true}
02:00:17 [[32minfo[39m]  Created AgentRuntime: inventory {"profile":"fantasy_rpg","tools":["inventory_service","template_pool_service","... (8 items)"]}
02:00:17 [[32minfo[39m]  Agent initialized: skill - SkillAgent
02:00:17 [[32minfo[39m] [AGENT-START] Agent skill starting {"agent":"skill","provider":null,"toolsConfigured":7,"maxIterations":200,"isSubAgent":true}
02:00:17 [[32minfo[39m]  Created AgentRuntime: skill {"profile":"fantasy_rpg","tools":["skill_service","template_pool_service","... (7 items)"]}
02:00:17 [[32minfo[39m]  Agent initialized: event - EventAgent
02:00:17 [[32minfo[39m] [AGENT-START] Agent event starting {"agent":"event","provider":null,"toolsConfigured":5,"maxIterations":200,"isSubAgent":true}
02:00:17 [[32minfo[39m]  Created AgentRuntime: event {"profile":"fantasy_rpg","tools":["event_service","game_time_service","... (5 items)"]}
02:00:17 [[32minfo[39m]  Agent initialized: time - TimeAgent
02:00:17 [[32minfo[39m] [AGENT-START] Agent time starting {"agent":"time","provider":null,"toolsConfigured":4,"maxIterations":200,"isSubAgent":true}
02:00:17 [[32minfo[39m]  Created AgentRuntime: time {"profile":"fantasy_rpg","tools":["game_time_service","rule_service","... (4 items)"]}
02:00:17 [[32minfo[39m]  Permissions configured from agent.tools for profile: fantasy_rpg
02:00:17 [[32minfo[39m]  YAML permissions configured
02:00:17 [[32minfo[39m]  Registering AgentRuntime instances to GameMasterAgent...
02:00:17 [[32minfo[39m]  Registered AgentRuntime to Coordinator: gamemaster
02:00:17 [[32minfo[39m]  Registered AgentRuntime to Coordinator: map
02:00:17 [[32minfo[39m]  Registered AgentRuntime to Coordinator: challenge
02:00:17 [[32minfo[39m]  Registered AgentRuntime to Coordinator: output
02:00:17 [[32minfo[39m]  Registered AgentRuntime to Coordinator: quest
02:00:17 [[32minfo[39m]  Registered AgentRuntime to Coordinator: npc_party
02:00:17 [[32minfo[39m]  Registered AgentRuntime to Coordinator: inventory
02:00:17 [[32minfo[39m]  Registered AgentRuntime to Coordinator: skill
02:00:17 [[32minfo[39m]  Registered AgentRuntime to Coordinator: event
02:00:17 [[32minfo[39m]  Registered AgentRuntime to Coordinator: time
02:00:17 [[32minfo[39m]  GameDataExpander configured (manifest path enabled)
02:00:17 [[32minfo[39m]  DedupService configured (dispatch log persistence enabled)
02:00:17 [[32minfo[39m]  Agent system initialized: 10 AgentRuntime instances created
鉁?Agent system initialized with 10 agents
鈿狅笍 YAML Agent system skipped: __vi_import_5__.initializeYamlAgentSystem is not a function
02:00:17 [[32minfo[39m]  Agent routes initialized
02:00:17 [[32minfo[39m]  Save routes initialized
02:00:17 [[32minfo[39m]  Synced template from YAML to DB: cthulhu-investigation
02:00:17 [[32minfo[39m]  Synced template from YAML to DB: cyberpunk-mercenary
02:00:17 [[32minfo[39m]  Synced template from YAML to DB: medieval-fantasy
02:00:17 [[32minfo[39m]  Synced template from YAML to DB: modern-romance
02:00:17 [[32minfo[39m]  Synced template from YAML to DB: xianxia
02:00:17 [[32minfo[39m]  Synced 5 templates from YAML to database
02:00:17 [[32minfo[39m]  Cache refreshed with 5 templates
02:00:17 [[32minfo[39m]  TemplateService loaded {"cachedTemplates":5}
鉁?Template YAML loaded and synced to DB
02:00:17 [[32minfo[39m]  Template routes initialized
鉁?Test environment setup complete
鉁?Database connection closed

 [32m鉁?[39m src/game-systems/npc/__tests__/npc-names-by-ids.test.ts [2m ([22m[2m4 tests[22m[2m)[22m[33m 723[2mms[22m[39m
[90mstdout[2m | src/agents/runtime/__tests__/derive-child-runtime-snapshot.test.ts[22m[39m
02:00:17 [[32minfo[39m]  Help registry loaded: 22 tools {"tools":["batch_query_service","challenge_service","... (22 items)"]}
02:00:17 [[32minfo[39m]  Creating GameMasterAgent (as AgentRuntime with isSubAgent=false)
02:00:17 [[32minfo[39m]  Handler subscribed {"eventType":"dialogue"}
02:00:17 [[32minfo[39m]  Handler subscribed {"eventType":"combat_end"}
02:00:17 [[32minfo[39m]  AwarenessAutoSubscriber subscribed to dialogue + combat_end events
02:00:17 [[32minfo[39m]  Agent initialized: gamemaster - GameMasterAgent
02:00:17 [[32minfo[39m] [AGENT-START] Agent gamemaster starting {"agent":"gamemaster","provider":null,"toolsConfigured":1,"maxIterations":200,"isSubAgent":false}
02:00:17 [[32minfo[39m]  Handler subscribed {"eventType":"chapter_advanced"}
02:00:17 [[32minfo[39m]  Creating AgentRuntime instances from default profile: fantasy_rpg
02:00:17 [[32minfo[39m]  Creating agents from profile: fantasy_rpg {"agentCount":10}
02:00:17 [[32minfo[39m]  Agent initialized: gamemaster - GameMasterAgent
02:00:17 [[32minfo[39m] [AGENT-START] Agent gamemaster starting {"agent":"gamemaster","provider":null,"toolsConfigured":1,"maxIterations":200,"isSubAgent":false}
02:00:17 [[32minfo[39m]  Created AgentRuntime: gamemaster {"profile":"fantasy_rpg","tools":["all"]}
02:00:17 [[32minfo[39m]  Agent initialized: map - MapAgent
02:00:17 [[32minfo[39m] [AGENT-START] Agent map starting {"agent":"map","provider":null,"toolsConfigured":7,"maxIterations":200,"isSubAgent":true}
02:00:17 [[32minfo[39m]  Created AgentRuntime: map {"profile":"fantasy_rpg","tools":["map_service","npc_service","... (7 items)"]}
02:00:17 [[32minfo[39m]  Agent initialized: challenge - ChallengeAgent
02:00:17 [[32minfo[39m] [AGENT-START] Agent challenge starting {"agent":"challenge","provider":null,"toolsConfigured":9,"maxIterations":200,"isSubAgent":true}
02:00:17 [[32minfo[39m]  Created AgentRuntime: challenge {"profile":"fantasy_rpg","tools":["challenge_service","numerical_service","... (9 items)"]}
02:00:17 [[32minfo[39m]  Agent initialized: output - OutputAgent
02:00:17 [[32minfo[39m] [AGENT-START] Agent output starting {"agent":"output","provider":null,"toolsConfigured":5,"maxIterations":200,"isSubAgent":true}
02:00:17 [[32minfo[39m]  Created AgentRuntime: output {"profile":"fantasy_rpg","tools":["dialogue_service","dynamic_ui","... (5 items)"]}
02:00:17 [[32minfo[39m]  Agent initialized: quest - QuestAgent
02:00:17 [[32minfo[39m] [AGENT-START] Agent quest starting {"agent":"quest","provider":null,"toolsConfigured":11,"maxIterations":200,"isSubAgent":true}
02:00:17 [[32minfo[39m]  Created AgentRuntime: quest {"profile":"fantasy_rpg","tools":["quest_service","numerical_service","... (11 items)"]}
02:00:17 [[32minfo[39m]  Agent initialized: npc_party - NPCPartyAgent
02:00:17 [[32minfo[39m] [AGENT-START] Agent npc_party starting {"agent":"npc_party","provider":null,"toolsConfigured":9,"maxIterations":200,"isSubAgent":true}
02:00:17 [[32minfo[39m]  Created AgentRuntime: npc_party {"profile":"fantasy_rpg","tools":["npc_service","entity_graph_service","... (9 items)"]}
02:00:17 [[32minfo[39m]  Agent initialized: inventory - InventoryAgent
02:00:17 [[32minfo[39m] [AGENT-START] Agent inventory starting {"agent":"inventory","provider":null,"toolsConfigured":8,"maxIterations":200,"isSubAgent":true}
02:00:17 [[32minfo[39m]  Created AgentRuntime: inventory {"profile":"fantasy_rpg","tools":["inventory_service","template_pool_service","... (8 items)"]}
02:00:17 [[32minfo[39m]  Agent initialized: skill - SkillAgent
02:00:17 [[32minfo[39m] [AGENT-START] Agent skill starting {"agent":"skill","provider":null,"toolsConfigured":7,"maxIterations":200,"isSubAgent":true}
02:00:17 [[32minfo[39m]  Created AgentRuntime: skill {"profile":"fantasy_rpg","tools":["skill_service","template_pool_service","... (7 items)"]}
02:00:17 [[32minfo[39m]  Agent initialized: event - EventAgent
02:00:17 [[32minfo[39m] [AGENT-START] Agent event starting {"agent":"event","provider":null,"toolsConfigured":5,"maxIterations":200,"isSubAgent":true}
02:00:17 [[32minfo[39m]  Created AgentRuntime: event {"profile":"fantasy_rpg","tools":["event_service","game_time_service","... (5 items)"]}
02:00:17 [[32minfo[39m]  Agent initialized: time - TimeAgent
02:00:17 [[32minfo[39m] [AGENT-START] Agent time starting {"agent":"time","provider":null,"toolsConfigured":4,"maxIterations":200,"isSubAgent":true}
02:00:17 [[32minfo[39m]  Created AgentRuntime: time {"profile":"fantasy_rpg","tools":["game_time_service","rule_service","... (4 items)"]}
02:00:17 [[32minfo[39m]  Permissions configured from agent.tools for profile: fantasy_rpg
02:00:17 [[32minfo[39m]  YAML permissions configured
02:00:17 [[32minfo[39m]  Registering AgentRuntime instances to GameMasterAgent...
02:00:17 [[32minfo[39m]  Registered AgentRuntime to Coordinator: gamemaster
02:00:17 [[32minfo[39m]  Registered AgentRuntime to Coordinator: map
02:00:17 [[32minfo[39m]  Registered AgentRuntime to Coordinator: challenge
02:00:17 [[32minfo[39m]  Registered AgentRuntime to Coordinator: output
02:00:17 [[32minfo[39m]  Registered AgentRuntime to Coordinator: quest
02:00:17 [[32minfo[39m]  Registered AgentRuntime to Coordinator: npc_party
02:00:17 [[32minfo[39m]  Registered AgentRuntime to Coordinator: inventory
02:00:17 [[32minfo[39m]  Registered AgentRuntime to Coordinator: skill
02:00:17 [[32minfo[39m]  Registered AgentRuntime to Coordinator: event
02:00:17 [[32minfo[39m]  Registered AgentRuntime to Coordinator: time
02:00:17 [[32minfo[39m]  GameDataExpander configured (manifest path enabled)
02:00:17 [[32minfo[39m]  DedupService configured (dispatch log persistence enabled)
02:00:17 [[32minfo[39m]  Agent system initialized: 10 AgentRuntime instances created
鉁?Agent system initialized with 10 agents
鈿狅笍 YAML Agent system skipped: __vi_import_5__.initializeYamlAgentSystem is not a function
02:00:17 [[32minfo[39m]  Agent routes initialized
02:00:17 [[32minfo[39m]  Save routes initialized
02:00:17 [[32minfo[39m]  Synced template from YAML to DB: cthulhu-investigation
02:00:17 [[32minfo[39m]  Synced template from YAML to DB: cyberpunk-mercenary
02:00:17 [[32minfo[39m]  Synced template from YAML to DB: medieval-fantasy
02:00:17 [[32minfo[39m]  Synced template from YAML to DB: modern-romance
02:00:17 [[32minfo[39m]  Synced template from YAML to DB: xianxia
02:00:17 [[32minfo[39m]  Synced 5 templates from YAML to database
02:00:17 [[32minfo[39m]  Cache refreshed with 5 templates
02:00:17 [[32minfo[39m]  TemplateService loaded {"cachedTemplates":5}
鉁?Template YAML loaded and synced to DB
02:00:17 [[32minfo[39m]  Template routes initialized
鉁?Test environment setup complete
鉁?Database connection closed

 [32m鉁?[39m src/agents/runtime/__tests__/derive-child-runtime-snapshot.test.ts [2m ([22m[2m4 tests[22m[2m)[22m[33m 738[2mms[22m[39m
[90mstdout[2m | src/agents/coordinator/__tests__/data-refresh-handler-npc-location-id.test.ts[22m[39m
02:00:17 [[32minfo[39m]  Discovered 187 help files {"dir":"C:\\Users\\super\\Documents\\trae_projects\\AGG-main\\packages\\backend\\config\\agent-help"}

[90mstdout[2m | src/routes/__tests__/save.story-history.test.ts[22m[39m
馃И Setting up comprehensive test environment...
鉁?Database connected
Running migration: 001_init.ts

[90mstdout[2m | src/game-systems/inventory/__tests__/updateItem-slot-category-validation.test.ts[22m[39m
02:00:17 [[32minfo[39m]  Discovered 187 help files {"dir":"C:\\Users\\super\\Documents\\trae_projects\\AGG-main\\packages\\backend\\config\\agent-help"}

[90mstdout[2m | src/routes/__tests__/save.story-history.test.ts[22m[39m
Migration 001_init.ts completed successfully
Running migration: 002_add_equipped_index.ts

[90mstdout[2m | src/routes/__tests__/save.story-history.test.ts[22m[39m
Migration 002_add_equipped_index.ts completed successfully
Running migration: 003_fix_information_boundaries_timestamps.ts

[90mstdout[2m | src/routes/__tests__/save.story-history.test.ts[22m[39m
Migration 003_fix_information_boundaries_timestamps.ts completed successfully
Running migration: 004_drop_information_boundaries.ts

[90mstdout[2m | src/routes/__tests__/save.story-history.test.ts[22m[39m
004_drop_information_boundaries: information_boundaries table not found, skipping migration
004_drop_information_boundaries: cleared custom_data.knowledge from 0 NPCs
Migration 004_drop_information_boundaries.ts completed successfully
Running migration: 005_drop_npc_relations.ts
005_drop_npc_relations: dropped npc_relations table
Migration 005_drop_npc_relations.ts completed successfully
Running migration: 006_awareness_relationship_events_states.ts

[90mstdout[2m | src/routes/__tests__/save.story-history.test.ts[22m[39m
006: created entity_awareness_events table
006: created entity_awareness_states table
006: created entity_relationship_events table
006: created entity_relationship_states table
Migration 006_awareness_relationship_events_states.ts completed successfully
Running migration: 007_add_combat_mode.ts
007: added combat_states.mode column
Migration 007_add_combat_mode.ts completed successfully
Running migration: 008_add_saves_active_challenge_mode.ts

[90mstdout[2m | src/routes/__tests__/save.story-history.test.ts[22m[39m
008: added saves.active_challenge_mode column
Migration 008_add_saves_active_challenge_mode.ts completed successfully
All migrations completed
鉁?Migrations completed
All seeds completed
鉁?Seeds completed
02:00:17 [[32minfo[39m]  Starting YAML-driven Agent system initialization
02:00:17 [[32minfo[39m]  Seeding ModelConfigService from environment
02:00:17 [[32minfo[39m]  No DEEPSEEK_API_KEY env var found, skipping env seed
02:00:18 [[32minfo[39m]  Seeded provider from convict config {"providerType":"openai","providerId":"ee4f3a34-4171-4dbf-998c-121461e0aeff","model":"openrouter/free"}
02:00:18 [[32minfo[39m]  Creating LLMService with ModelConfigService
02:00:18 [[32minfo[39m]  Creating ContextService and DecisionLogService instances
02:00:18 [[32minfo[39m]  Initializing YAML-driven Agent profiles...
02:00:18 [[32minfo[39m]  Loading config from directory: C:\Users\super\Documents\trae_projects\AGG-main\packages\backend\config
02:00:18 [[32minfo[39m]  Loaded agent profile: fantasy_rpg
02:00:18 [[32minfo[39m]  Loaded agent profile: minimal_test
02:00:18 [[32minfo[39m]  Loaded 0 non-builtin profiles from database (0 builtin skipped, using YAML)
02:00:18 [[32minfo[39m]  Config loaded successfully: 2 profiles
02:00:18 [[32minfo[39m]  YAML config loaded successfully
02:00:18 [[32minfo[39m]  Context rules loaded {"agentCount":10}
02:00:18 [[32minfo[39m]  Default manifests loaded {"agentTypeCount":6,"manifestCount":8}
02:00:18 [[32minfo[39m]  Context rules file watcher started {"path":"C:\\Users\\super\\Documents\\trae_projects\\AGG-main\\packages\\backend\\config\\agent-context-rules.yaml"}
02:00:18 [[32minfo[39m]  Loaded 10 agent capabilities from YAML profiles
02:00:18 [[32minfo[39m]  ToolRegistry initialized
02:00:18 [[32minfo[39m]  Registering ServiceTools to ToolRegistry
02:00:18 [[32minfo[39m]  Tool registered: game_time_service - GameTime Service (v1.0.0)
02:00:18 [[32minfo[39m]  Tool registered: numerical_service - Numerical Service (v1.0.0)
02:00:18 [[32minfo[39m]  Tool registered: character_service - Character Service (v1.0.0)
02:00:18 [[32minfo[39m]  Tool registered: inventory_service - Inventory Service (v1.0.0)
02:00:18 [[32minfo[39m]  Tool registered: skill_service - Skill Service (v1.1.0)
02:00:18 [[32minfo[39m]  Tool registered: map_service - Map Service (v2.0.0)
02:00:18 [[32minfo[39m]  Tool registered: npc_service - NPC Service (v1.0.0)
02:00:18 [[32minfo[39m]  Tool registered: dialogue_service - Dialogue Service (v1.0.0)
02:00:18 [[32minfo[39m]  Tool registered: quest_service - Quest Service (v1.0.0)
02:00:18 [[32minfo[39m]  Tool registered: challenge_service - Challenge Service (v1.0.0)
02:00:18 [[32minfo[39m]  Tool registered: event_service - Event Service (v1.0.0)
02:00:18 [[32minfo[39m]  Tool registered: story_service - Story Service (v1.0.0)
02:00:18 [[32minfo[39m]  Tool registered: game_init_service - Game Init Service (v2.0.0)
02:00:18 [[32minfo[39m]  Tool registered: batch_query_service - Batch Query Service (v1.0.0)
02:00:18 [[32minfo[39m]  Tool registered: entity_graph_service - Entity Graph Service (v1.0.0)
02:00:18 [[32minfo[39m]  Tool registered: template_pool_service - Template Pool Service (v1.0.0)
02:00:18 [[32minfo[39m]  Tool registered: dynamic_ui - Dynamic UI Service (v1.0.0)
02:00:18 [[32minfo[39m]  Tool registered: generate_options - Generate Options Service (v2.0.0)
02:00:18 [[32minfo[39m]  Tool registered: coordinator_service - Coordinator Service (v1.0.0)
02:00:18 [[32minfo[39m]  Tool registered: rule_service - Rule Service (v1.0.0)
02:00:18 [[32minfo[39m]  Tool registered: skill_loader - Skill Loader (v1.0.0)
02:00:18 [[32minfo[39m]  Tool registered: help_service - Help Service (v1.0.0)
02:00:18 [[32minfo[39m]  Tool registered: memory_service - Memory Service (v1.0.0)
02:00:18 [[32minfo[39m]  Registered 23 ServiceTools to ToolRegistry
02:00:18 [[32minfo[39m]  Tool reference validation passed

[90mstdout[2m | src/services/__tests__/staging-knex.pool-isolation.test.ts[2m > [22m[2mStagingKnex pool isolation[2m > [22m[2m搴旈殧绂?template/save 姹犺〃鐨?shadow 璇诲啓锛屽苟瑕嗙洊鎶€鑳戒笌鐗╁搧姹犲揩鐓?[22m[39m
Running migration: 001_init.ts
Migration 001_init.ts completed successfully
Running migration: 002_add_equipped_index.ts
Migration 002_add_equipped_index.ts completed successfully
Running migration: 003_fix_information_boundaries_timestamps.ts
Migration 003_fix_information_boundaries_timestamps.ts completed successfully
Running migration: 004_drop_information_boundaries.ts
004_drop_information_boundaries: information_boundaries table not found, skipping migration
004_drop_information_boundaries: cleared custom_data.knowledge from 0 NPCs
Migration 004_drop_information_boundaries.ts completed successfully
Running migration: 005_drop_npc_relations.ts
005_drop_npc_relations: dropped npc_relations table
Migration 005_drop_npc_relations.ts completed successfully
Running migration: 006_awareness_relationship_events_states.ts
006: created entity_awareness_events table
006: created entity_awareness_states table
006: created entity_relationship_events table
006: created entity_relationship_states table
Migration 006_awareness_relationship_events_states.ts completed successfully
Running migration: 007_add_combat_mode.ts
007: added combat_states.mode column
Migration 007_add_combat_mode.ts completed successfully
Running migration: 008_add_saves_active_challenge_mode.ts
008: added saves.active_challenge_mode column
Migration 008_add_saves_active_challenge_mode.ts completed successfully
All migrations completed

[90mstdout[2m | src/services/__tests__/staging-knex.pool-isolation.test.ts[22m[39m
02:00:18 [[32minfo[39m]  Help registry loaded: 22 tools {"tools":["batch_query_service","challenge_service","... (22 items)"]}
02:00:18 [[32minfo[39m]  Creating GameMasterAgent (as AgentRuntime with isSubAgent=false)
02:00:18 [[32minfo[39m]  Handler subscribed {"eventType":"dialogue"}
02:00:18 [[32minfo[39m]  Handler subscribed {"eventType":"combat_end"}
02:00:18 [[32minfo[39m]  AwarenessAutoSubscriber subscribed to dialogue + combat_end events
02:00:18 [[32minfo[39m]  Agent initialized: gamemaster - GameMasterAgent
02:00:18 [[32minfo[39m] [AGENT-START] Agent gamemaster starting {"agent":"gamemaster","provider":null,"toolsConfigured":1,"maxIterations":200,"isSubAgent":false}
02:00:18 [[32minfo[39m]  Handler subscribed {"eventType":"chapter_advanced"}
02:00:18 [[32minfo[39m]  Creating AgentRuntime instances from default profile: fantasy_rpg
02:00:18 [[32minfo[39m]  Creating agents from profile: fantasy_rpg {"agentCount":10}
02:00:18 [[32minfo[39m]  Agent initialized: gamemaster - GameMasterAgent
02:00:18 [[32minfo[39m] [AGENT-START] Agent gamemaster starting {"agent":"gamemaster","provider":null,"toolsConfigured":1,"maxIterations":200,"isSubAgent":false}
02:00:18 [[32minfo[39m]  Created AgentRuntime: gamemaster {"profile":"fantasy_rpg","tools":["all"]}
02:00:18 [[32minfo[39m]  Agent initialized: map - MapAgent
02:00:18 [[32minfo[39m] [AGENT-START] Agent map starting {"agent":"map","provider":null,"toolsConfigured":7,"maxIterations":200,"isSubAgent":true}
02:00:18 [[32minfo[39m]  Created AgentRuntime: map {"profile":"fantasy_rpg","tools":["map_service","npc_service","... (7 items)"]}
02:00:18 [[32minfo[39m]  Agent initialized: challenge - ChallengeAgent
02:00:18 [[32minfo[39m] [AGENT-START] Agent challenge starting {"agent":"challenge","provider":null,"toolsConfigured":9,"maxIterations":200,"isSubAgent":true}
02:00:18 [[32minfo[39m]  Created AgentRuntime: challenge {"profile":"fantasy_rpg","tools":["challenge_service","numerical_service","... (9 items)"]}
02:00:18 [[32minfo[39m]  Agent initialized: output - OutputAgent
02:00:18 [[32minfo[39m] [AGENT-START] Agent output starting {"agent":"output","provider":null,"toolsConfigured":5,"maxIterations":200,"isSubAgent":true}
02:00:18 [[32minfo[39m]  Created AgentRuntime: output {"profile":"fantasy_rpg","tools":["dialogue_service","dynamic_ui","... (5 items)"]}
02:00:18 [[32minfo[39m]  Agent initialized: quest - QuestAgent
02:00:18 [[32minfo[39m] [AGENT-START] Agent quest starting {"agent":"quest","provider":null,"toolsConfigured":11,"maxIterations":200,"isSubAgent":true}
02:00:18 [[32minfo[39m]  Created AgentRuntime: quest {"profile":"fantasy_rpg","tools":["quest_service","numerical_service","... (11 items)"]}
02:00:18 [[32minfo[39m]  Agent initialized: npc_party - NPCPartyAgent
02:00:18 [[32minfo[39m] [AGENT-START] Agent npc_party starting {"agent":"npc_party","provider":null,"toolsConfigured":9,"maxIterations":200,"isSubAgent":true}
02:00:18 [[32minfo[39m]  Created AgentRuntime: npc_party {"profile":"fantasy_rpg","tools":["npc_service","entity_graph_service","... (9 items)"]}
02:00:18 [[32minfo[39m]  Agent initialized: inventory - InventoryAgent
02:00:18 [[32minfo[39m] [AGENT-START] Agent inventory starting {"agent":"inventory","provider":null,"toolsConfigured":8,"maxIterations":200,"isSubAgent":true}
02:00:18 [[32minfo[39m]  Created AgentRuntime: inventory {"profile":"fantasy_rpg","tools":["inventory_service","template_pool_service","... (8 items)"]}
02:00:18 [[32minfo[39m]  Agent initialized: skill - SkillAgent
02:00:18 [[32minfo[39m] [AGENT-START] Agent skill starting {"agent":"skill","provider":null,"toolsConfigured":7,"maxIterations":200,"isSubAgent":true}
02:00:18 [[32minfo[39m]  Created AgentRuntime: skill {"profile":"fantasy_rpg","tools":["skill_service","template_pool_service","... (7 items)"]}
02:00:18 [[32minfo[39m]  Agent initialized: event - EventAgent
02:00:18 [[32minfo[39m] [AGENT-START] Agent event starting {"agent":"event","provider":null,"toolsConfigured":5,"maxIterations":200,"isSubAgent":true}
02:00:18 [[32minfo[39m]  Created AgentRuntime: event {"profile":"fantasy_rpg","tools":["event_service","game_time_service","... (5 items)"]}
02:00:18 [[32minfo[39m]  Agent initialized: time - TimeAgent
02:00:18 [[32minfo[39m] [AGENT-START] Agent time starting {"agent":"time","provider":null,"toolsConfigured":4,"maxIterations":200,"isSubAgent":true}
02:00:18 [[32minfo[39m]  Created AgentRuntime: time {"profile":"fantasy_rpg","tools":["game_time_service","rule_service","... (4 items)"]}
02:00:18 [[32minfo[39m]  Permissions configured from agent.tools for profile: fantasy_rpg
02:00:18 [[32minfo[39m]  YAML permissions configured
02:00:18 [[32minfo[39m]  Registering AgentRuntime instances to GameMasterAgent...
02:00:18 [[32minfo[39m]  Registered AgentRuntime to Coordinator: gamemaster
02:00:18 [[32minfo[39m]  Registered AgentRuntime to Coordinator: map
02:00:18 [[32minfo[39m]  Registered AgentRuntime to Coordinator: challenge
02:00:18 [[32minfo[39m]  Registered AgentRuntime to Coordinator: output
02:00:18 [[32minfo[39m]  Registered AgentRuntime to Coordinator: quest
02:00:18 [[32minfo[39m]  Registered AgentRuntime to Coordinator: npc_party
02:00:18 [[32minfo[39m]  Registered AgentRuntime to Coordinator: inventory
02:00:18 [[32minfo[39m]  Registered AgentRuntime to Coordinator: skill
02:00:18 [[32minfo[39m]  Registered AgentRuntime to Coordinator: event
02:00:18 [[32minfo[39m]  Registered AgentRuntime to Coordinator: time
02:00:18 [[32minfo[39m]  GameDataExpander configured (manifest path enabled)
02:00:18 [[32minfo[39m]  DedupService configured (dispatch log persistence enabled)
02:00:18 [[32minfo[39m]  Agent system initialized: 10 AgentRuntime instances created
鉁?Agent system initialized with 10 agents
鈿狅笍 YAML Agent system skipped: __vi_import_5__.initializeYamlAgentSystem is not a function
02:00:18 [[32minfo[39m]  Agent routes initialized
02:00:18 [[32minfo[39m]  Save routes initialized
02:00:18 [[32minfo[39m]  Synced template from YAML to DB: cthulhu-investigation
02:00:18 [[32minfo[39m]  Synced template from YAML to DB: cyberpunk-mercenary
02:00:18 [[32minfo[39m]  Synced template from YAML to DB: medieval-fantasy
02:00:18 [[32minfo[39m]  Synced template from YAML to DB: modern-romance
02:00:18 [[32minfo[39m]  Synced template from YAML to DB: xianxia
02:00:18 [[32minfo[39m]  Synced 5 templates from YAML to database
02:00:18 [[32minfo[39m]  Cache refreshed with 5 templates
02:00:18 [[32minfo[39m]  TemplateService loaded {"cachedTemplates":5}
鉁?Template YAML loaded and synced to DB
02:00:18 [[32minfo[39m]  Template routes initialized
鉁?Test environment setup complete
鉁?Database connection closed

 [32m鉁?[39m src/services/__tests__/staging-knex.pool-isolation.test.ts [2m ([22m[2m1 test[22m[2m)[22m[33m 2319[2mms[22m[39m
[90mstdout[2m | src/game-systems/npc/__tests__/npc-update-derived.test.ts[2m > [22m[2mNPCService.updateNPC 鈥?P0-2 鑷姩娲剧敓灞炴€?[2m > [22m[2mT1: 浼犲叆 attributes 鈫?鑷姩娲剧敓骞舵弧琛€鍒濆鍖?[22m[39m
02:00:18 [[32minfo[39m]  NPC updated {"npcId":"npc-1","fields":["attributes"]}

[90mstdout[2m | src/game-systems/npc/__tests__/npc-update-derived.test.ts[2m > [22m[2mNPCService.updateNPC 鈥?P0-2 鑷姩娲剧敓灞炴€?[2m > [22m[2mT2: 鏄惧紡浼?maxHp 鈫?瑕嗙洊娲剧敓鍊?[22m[39m
02:00:18 [[32minfo[39m]  NPC updated {"npcId":"npc-1","fields":["attributes","maxHp"]}

[90mstdout[2m | src/game-systems/npc/__tests__/npc-update-derived.test.ts[2m > [22m[2mNPCService.updateNPC 鈥?P0-2 鑷姩娲剧敓灞炴€?[2m > [22m[2mT3: 鏈紶 attributes 鈫?缁存寔鐜扮姸锛堢函閫忎紶锛?[22m[39m
02:00:18 [[32minfo[39m]  NPC updated {"npcId":"npc-1","fields":["currentHp","maxHp"]}

[90mstdout[2m | src/game-systems/npc/__tests__/npc-update-derived.test.ts[2m > [22m[2mNPCService.updateNPC 鈥?P0-2 鑷姩娲剧敓灞炴€?[2m > [22m[2mT4: derived 鏃?maxHealth 鈫?涓嶅啓鍏?maxHp[22m[39m
02:00:18 [[32minfo[39m]  NPC updated {"npcId":"npc-1","fields":["attributes"]}

[90mstdout[2m | src/game-systems/npc/__tests__/npc-update-derived.test.ts[22m[39m
02:00:18 [[32minfo[39m]  Help registry loaded: 22 tools {"tools":["batch_query_service","challenge_service","... (22 items)"]}
02:00:18 [[32minfo[39m]  Creating GameMasterAgent (as AgentRuntime with isSubAgent=false)
02:00:18 [[32minfo[39m]  Handler subscribed {"eventType":"dialogue"}
02:00:18 [[32minfo[39m]  Handler subscribed {"eventType":"combat_end"}
02:00:18 [[32minfo[39m]  AwarenessAutoSubscriber subscribed to dialogue + combat_end events
02:00:18 [[32minfo[39m]  Agent initialized: gamemaster - GameMasterAgent
02:00:18 [[32minfo[39m] [AGENT-START] Agent gamemaster starting {"agent":"gamemaster","provider":null,"toolsConfigured":1,"maxIterations":200,"isSubAgent":false}
02:00:18 [[32minfo[39m]  Handler subscribed {"eventType":"chapter_advanced"}
02:00:18 [[32minfo[39m]  Creating AgentRuntime instances from default profile: fantasy_rpg
02:00:18 [[32minfo[39m]  Creating agents from profile: fantasy_rpg {"agentCount":10}
02:00:18 [[32minfo[39m]  Agent initialized: gamemaster - GameMasterAgent
02:00:18 [[32minfo[39m] [AGENT-START] Agent gamemaster starting {"agent":"gamemaster","provider":null,"toolsConfigured":1,"maxIterations":200,"isSubAgent":false}
02:00:18 [[32minfo[39m]  Created AgentRuntime: gamemaster {"profile":"fantasy_rpg","tools":["all"]}
02:00:18 [[32minfo[39m]  Agent initialized: map - MapAgent
02:00:18 [[32minfo[39m] [AGENT-START] Agent map starting {"agent":"map","provider":null,"toolsConfigured":7,"maxIterations":200,"isSubAgent":true}
02:00:18 [[32minfo[39m]  Created AgentRuntime: map {"profile":"fantasy_rpg","tools":["map_service","npc_service","... (7 items)"]}
02:00:18 [[32minfo[39m]  Agent initialized: challenge - ChallengeAgent
02:00:18 [[32minfo[39m] [AGENT-START] Agent challenge starting {"agent":"challenge","provider":null,"toolsConfigured":9,"maxIterations":200,"isSubAgent":true}
02:00:18 [[32minfo[39m]  Created AgentRuntime: challenge {"profile":"fantasy_rpg","tools":["challenge_service","numerical_service","... (9 items)"]}
02:00:18 [[32minfo[39m]  Agent initialized: output - OutputAgent
02:00:18 [[32minfo[39m] [AGENT-START] Agent output starting {"agent":"output","provider":null,"toolsConfigured":5,"maxIterations":200,"isSubAgent":true}
02:00:18 [[32minfo[39m]  Created AgentRuntime: output {"profile":"fantasy_rpg","tools":["dialogue_service","dynamic_ui","... (5 items)"]}
02:00:18 [[32minfo[39m]  Agent initialized: quest - QuestAgent
02:00:18 [[32minfo[39m] [AGENT-START] Agent quest starting {"agent":"quest","provider":null,"toolsConfigured":11,"maxIterations":200,"isSubAgent":true}
02:00:18 [[32minfo[39m]  Created AgentRuntime: quest {"profile":"fantasy_rpg","tools":["quest_service","numerical_service","... (11 items)"]}
02:00:18 [[32minfo[39m]  Agent initialized: npc_party - NPCPartyAgent
02:00:18 [[32minfo[39m] [AGENT-START] Agent npc_party starting {"agent":"npc_party","provider":null,"toolsConfigured":9,"maxIterations":200,"isSubAgent":true}
02:00:18 [[32minfo[39m]  Created AgentRuntime: npc_party {"profile":"fantasy_rpg","tools":["npc_service","entity_graph_service","... (9 items)"]}
02:00:18 [[32minfo[39m]  Agent initialized: inventory - InventoryAgent
02:00:18 [[32minfo[39m] [AGENT-START] Agent inventory starting {"agent":"inventory","provider":null,"toolsConfigured":8,"maxIterations":200,"isSubAgent":true}
02:00:18 [[32minfo[39m]  Created AgentRuntime: inventory {"profile":"fantasy_rpg","tools":["inventory_service","template_pool_service","... (8 items)"]}
02:00:18 [[32minfo[39m]  Agent initialized: skill - SkillAgent
02:00:18 [[32minfo[39m] [AGENT-START] Agent skill starting {"agent":"skill","provider":null,"toolsConfigured":7,"maxIterations":200,"isSubAgent":true}
02:00:18 [[32minfo[39m]  Created AgentRuntime: skill {"profile":"fantasy_rpg","tools":["skill_service","template_pool_service","... (7 items)"]}
02:00:18 [[32minfo[39m]  Agent initialized: event - EventAgent
02:00:18 [[32minfo[39m] [AGENT-START] Agent event starting {"agent":"event","provider":null,"toolsConfigured":5,"maxIterations":200,"isSubAgent":true}
02:00:18 [[32minfo[39m]  Created AgentRuntime: event {"profile":"fantasy_rpg","tools":["event_service","game_time_service","... (5 items)"]}
02:00:18 [[32minfo[39m]  Agent initialized: time - TimeAgent
02:00:18 [[32minfo[39m] [AGENT-START] Agent time starting {"agent":"time","provider":null,"toolsConfigured":4,"maxIterations":200,"isSubAgent":true}
02:00:18 [[32minfo[39m]  Created AgentRuntime: time {"profile":"fantasy_rpg","tools":["game_time_service","rule_service","... (4 items)"]}
02:00:18 [[32minfo[39m]  Permissions configured from agent.tools for profile: fantasy_rpg
02:00:18 [[32minfo[39m]  YAML permissions configured
02:00:18 [[32minfo[39m]  Registering AgentRuntime instances to GameMasterAgent...
02:00:18 [[32minfo[39m]  Registered AgentRuntime to Coordinator: gamemaster
02:00:18 [[32minfo[39m]  Registered AgentRuntime to Coordinator: map
02:00:18 [[32minfo[39m]  Registered AgentRuntime to Coordinator: challenge
02:00:18 [[32minfo[39m]  Registered AgentRuntime to Coordinator: output
02:00:18 [[32minfo[39m]  Registered AgentRuntime to Coordinator: quest
02:00:18 [[32minfo[39m]  Registered AgentRuntime to Coordinator: npc_party
02:00:18 [[32minfo[39m]  Registered AgentRuntime to Coordinator: inventory
02:00:18 [[32minfo[39m]  Registered AgentRuntime to Coordinator: skill
02:00:18 [[32minfo[39m]  Registered AgentRuntime to Coordinator: event
02:00:18 [[32minfo[39m]  Registered AgentRuntime to Coordinator: time
02:00:18 [[32minfo[39m]  GameDataExpander configured (manifest path enabled)
02:00:18 [[32minfo[39m]  DedupService configured (dispatch log persistence enabled)
02:00:18 [[32minfo[39m]  Agent system initialized: 10 AgentRuntime instances created
鉁?Agent system initialized with 10 agents
鈿狅笍 YAML Agent system skipped: __vi_import_5__.initializeYamlAgentSystem is not a function
02:00:18 [[32minfo[39m]  Agent routes initialized
02:00:18 [[32minfo[39m]  Save routes initialized
02:00:18 [[32minfo[39m]  Synced template from YAML to DB: cthulhu-investigation
02:00:18 [[32minfo[39m]  Synced template from YAML to DB: cyberpunk-mercenary
02:00:18 [[32minfo[39m]  Synced template from YAML to DB: medieval-fantasy
02:00:18 [[32minfo[39m]  Synced template from YAML to DB: modern-romance
02:00:18 [[32minfo[39m]  Synced template from YAML to DB: xianxia
02:00:18 [[32minfo[39m]  Synced 5 templates from YAML to database
02:00:18 [[32minfo[39m]  Cache refreshed with 5 templates
02:00:18 [[32minfo[39m]  TemplateService loaded {"cachedTemplates":5}
鉁?Template YAML loaded and synced to DB
02:00:18 [[32minfo[39m]  Template routes initialized
鉁?Test environment setup complete
鉁?Database connection closed

 [32m鉁?[39m src/game-systems/npc/__tests__/npc-update-derived.test.ts [2m ([22m[2m4 tests[22m[2m)[22m[33m 1703[2mms[22m[39m
[90mstdout[2m | src/routes/__tests__/save.story-history.test.ts[22m[39m
02:00:18 [[32minfo[39m]  Discovered 187 help files {"dir":"C:\\Users\\super\\Documents\\trae_projects\\AGG-main\\packages\\backend\\config\\agent-help"}

[90mstdout[2m | src/game-systems/dialogue/__tests__/DialogueService.context-options.test.ts[2m > [22m[2mDialogueService dialogue option ownership[2m > [22m[2mgetDialogueContext 杩斿洖鐨勬瘡涓€夐」閮藉簲鎼哄甫鎵€灞?npcId[22m[39m
02:00:18 [[32minfo[39m]  Dialogue context built {"saveId":"save-1","npcId":"npc-village-chief","npcName":"鏉戦暱鑹惧痉娓?,"recentMessageCount":0}

[90mstdout[2m | src/game-systems/dialogue/__tests__/DialogueService.context-options.test.ts[2m > [22m[2mDialogueService dialogue option ownership[2m > [22m[2mgetDialogueContext 澶氭鑾峰彇鍚屼竴 NPC 瀵硅瘽閫夐」鏃跺簲淇濇寔绋冲畾 optionId[22m[39m
02:00:18 [[32minfo[39m]  Dialogue context built {"saveId":"save-1","npcId":"npc-village-chief","npcName":"鏉戦暱鑹惧痉娓?,"recentMessageCount":0}
02:00:18 [[32minfo[39m]  Dialogue context built {"saveId":"save-1","npcId":"npc-village-chief","npcName":"鏉戦暱鑹惧痉娓?,"recentMessageCount":0}

[90mstdout[2m | src/game-systems/dialogue/__tests__/DialogueService.context-options.test.ts[22m[39m
02:00:18 [[32minfo[39m]  Help registry loaded: 22 tools {"tools":["batch_query_service","challenge_service","... (22 items)"]}
02:00:18 [[32minfo[39m]  Creating GameMasterAgent (as AgentRuntime with isSubAgent=false)
02:00:18 [[32minfo[39m]  Handler subscribed {"eventType":"dialogue"}
02:00:18 [[32minfo[39m]  Handler subscribed {"eventType":"combat_end"}
02:00:18 [[32minfo[39m]  AwarenessAutoSubscriber subscribed to dialogue + combat_end events
02:00:18 [[32minfo[39m]  Agent initialized: gamemaster - GameMasterAgent
02:00:18 [[32minfo[39m] [AGENT-START] Agent gamemaster starting {"agent":"gamemaster","provider":null,"toolsConfigured":1,"maxIterations":200,"isSubAgent":false}
02:00:18 [[32minfo[39m]  Handler subscribed {"eventType":"chapter_advanced"}
02:00:18 [[32minfo[39m]  Creating AgentRuntime instances from default profile: fantasy_rpg
02:00:18 [[32minfo[39m]  Creating agents from profile: fantasy_rpg {"agentCount":10}
02:00:18 [[32minfo[39m]  Agent initialized: gamemaster - GameMasterAgent
02:00:18 [[32minfo[39m] [AGENT-START] Agent gamemaster starting {"agent":"gamemaster","provider":null,"toolsConfigured":1,"maxIterations":200,"isSubAgent":false}
02:00:18 [[32minfo[39m]  Created AgentRuntime: gamemaster {"profile":"fantasy_rpg","tools":["all"]}
02:00:18 [[32minfo[39m]  Agent initialized: map - MapAgent
02:00:18 [[32minfo[39m] [AGENT-START] Agent map starting {"agent":"map","provider":null,"toolsConfigured":7,"maxIterations":200,"isSubAgent":true}
02:00:18 [[32minfo[39m]  Created AgentRuntime: map {"profile":"fantasy_rpg","tools":["map_service","npc_service","... (7 items)"]}
02:00:18 [[32minfo[39m]  Agent initialized: challenge - ChallengeAgent
02:00:18 [[32minfo[39m] [AGENT-START] Agent challenge starting {"agent":"challenge","provider":null,"toolsConfigured":9,"maxIterations":200,"isSubAgent":true}
02:00:18 [[32minfo[39m]  Created AgentRuntime: challenge {"profile":"fantasy_rpg","tools":["challenge_service","numerical_service","... (9 items)"]}
02:00:18 [[32minfo[39m]  Agent initialized: output - OutputAgent
02:00:18 [[32minfo[39m] [AGENT-START] Agent output starting {"agent":"output","provider":null,"toolsConfigured":5,"maxIterations":200,"isSubAgent":true}
02:00:18 [[32minfo[39m]  Created AgentRuntime: output {"profile":"fantasy_rpg","tools":["dialogue_service","dynamic_ui","... (5 items)"]}
02:00:18 [[32minfo[39m]  Agent initialized: quest - QuestAgent
02:00:18 [[32minfo[39m] [AGENT-START] Agent quest starting {"agent":"quest","provider":null,"toolsConfigured":11,"maxIterations":200,"isSubAgent":true}
02:00:18 [[32minfo[39m]  Created AgentRuntime: quest {"profile":"fantasy_rpg","tools":["quest_service","numerical_service","... (11 items)"]}
02:00:18 [[32minfo[39m]  Agent initialized: npc_party - NPCPartyAgent
02:00:18 [[32minfo[39m] [AGENT-START] Agent npc_party starting {"agent":"npc_party","provider":null,"toolsConfigured":9,"maxIterations":200,"isSubAgent":true}
02:00:18 [[32minfo[39m]  Created AgentRuntime: npc_party {"profile":"fantasy_rpg","tools":["npc_service","entity_graph_service","... (9 items)"]}
02:00:18 [[32minfo[39m]  Agent initialized: inventory - InventoryAgent
02:00:18 [[32minfo[39m] [AGENT-START] Agent inventory starting {"agent":"inventory","provider":null,"toolsConfigured":8,"maxIterations":200,"isSubAgent":true}
02:00:18 [[32minfo[39m]  Created AgentRuntime: inventory {"profile":"fantasy_rpg","tools":["inventory_service","template_pool_service","... (8 items)"]}
02:00:18 [[32minfo[39m]  Agent initialized: skill - SkillAgent
02:00:18 [[32minfo[39m] [AGENT-START] Agent skill starting {"agent":"skill","provider":null,"toolsConfigured":7,"maxIterations":200,"isSubAgent":true}
02:00:18 [[32minfo[39m]  Created AgentRuntime: skill {"profile":"fantasy_rpg","tools":["skill_service","template_pool_service","... (7 items)"]}
02:00:18 [[32minfo[39m]  Agent initialized: event - EventAgent
02:00:18 [[32minfo[39m] [AGENT-START] Agent event starting {"agent":"event","provider":null,"toolsConfigured":5,"maxIterations":200,"isSubAgent":true}
02:00:18 [[32minfo[39m]  Created AgentRuntime: event {"profile":"fantasy_rpg","tools":["event_service","game_time_service","... (5 items)"]}
02:00:18 [[32minfo[39m]  Agent initialized: time - TimeAgent
02:00:18 [[32minfo[39m] [AGENT-START] Agent time starting {"agent":"time","provider":null,"toolsConfigured":4,"maxIterations":200,"isSubAgent":true}
02:00:18 [[32minfo[39m]  Created AgentRuntime: time {"profile":"fantasy_rpg","tools":["game_time_service","rule_service","... (4 items)"]}
02:00:18 [[32minfo[39m]  Permissions configured from agent.tools for profile: fantasy_rpg
02:00:18 [[32minfo[39m]  YAML permissions configured
02:00:18 [[32minfo[39m]  Registering AgentRuntime instances to GameMasterAgent...
02:00:18 [[32minfo[39m]  Registered AgentRuntime to Coordinator: gamemaster
02:00:18 [[32minfo[39m]  Registered AgentRuntime to Coordinator: map
02:00:18 [[32minfo[39m]  Registered AgentRuntime to Coordinator: challenge
02:00:18 [[32minfo[39m]  Registered AgentRuntime to Coordinator: output
02:00:18 [[32minfo[39m]  Registered AgentRuntime to Coordinator: quest
02:00:18 [[32minfo[39m]  Registered AgentRuntime to Coordinator: npc_party
02:00:18 [[32minfo[39m]  Registered AgentRuntime to Coordinator: inventory
02:00:18 [[32minfo[39m]  Registered AgentRuntime to Coordinator: skill
02:00:18 [[32minfo[39m]  Registered AgentRuntime to Coordinator: event
02:00:18 [[32minfo[39m]  Registered AgentRuntime to Coordinator: time
02:00:18 [[32minfo[39m]  GameDataExpander configured (manifest path enabled)
02:00:18 [[32minfo[39m]  DedupService configured (dispatch log persistence enabled)
02:00:18 [[32minfo[39m]  Agent system initialized: 10 AgentRuntime instances created
鉁?Agent system initialized with 10 agents
鈿狅笍 YAML Agent system skipped: __vi_import_5__.initializeYamlAgentSystem is not a function
02:00:18 [[32minfo[39m]  Agent routes initialized
02:00:18 [[32minfo[39m]  Save routes initialized
02:00:18 [[32minfo[39m]  Synced template from YAML to DB: cthulhu-investigation
02:00:18 [[32minfo[39m]  Synced template from YAML to DB: cyberpunk-mercenary
02:00:18 [[32minfo[39m]  Synced template from YAML to DB: medieval-fantasy
02:00:18 [[32minfo[39m]  Synced template from YAML to DB: modern-romance
02:00:18 [[32minfo[39m]  Synced template from YAML to DB: xianxia
02:00:18 [[32minfo[39m]  Synced 5 templates from YAML to database
02:00:18 [[32minfo[39m]  Cache refreshed with 5 templates
02:00:18 [[32minfo[39m]  TemplateService loaded {"cachedTemplates":5}
鉁?Template YAML loaded and synced to DB
02:00:18 [[32minfo[39m]  Template routes initialized
鉁?Test environment setup complete
鉁?Database connection closed

 [32m鉁?[39m src/game-systems/dialogue/__tests__/DialogueService.context-options.test.ts [2m ([22m[2m2 tests[22m[2m)[22m[33m 2487[2mms[22m[39m
[90mstdout[2m | src/agents/coordinator/__tests__/data-refresh-handler-npc-location-id.test.ts[2m > [22m[2mDataRefreshHandler 鈥?mapNpcProfileToNpcData locationId 濉厖锛圔ug 20260721锛?[2m > [22m[2mrefresh 杩斿洖鐨?nearby NPC 搴斿悓鏃跺寘鍚?locationId 鍜?location锛堝悓鍊硷級[22m[39m
02:00:18 [[32minfo[39m]  Refreshed NPC data from Repository after npc_service write {"saveId":"save_浜虹被_1784571558052_0","totalNPCs":1,"nearbyCount":1}

[90mstdout[2m | src/agents/coordinator/__tests__/data-refresh-handler-npc-location-id.test.ts[2m > [22m[2mDataRefreshHandler 鈥?mapNpcProfileToNpcData locationId 濉厖锛圔ug 20260721锛?[2m > [22m[2mNPCProfile.locationId 涓?null 鏃?locationId 鍜?location 閮藉簲涓?undefined[22m[39m
02:00:18 [[32minfo[39m]  Refreshed NPC data from Repository after npc_service write {"saveId":"save_浜虹被_1784571558052_0","totalNPCs":1,"nearbyCount":1}

[90mstdout[2m | src/agents/coordinator/__tests__/data-refresh-handler-npc-location-id.test.ts[2m > [22m[2mDataRefreshHandler 鈥?mapNpcProfileToNpcData locationId 濉厖锛圔ug 20260721锛?[2m > [22m[2mrefresh 鍚堝苟宸插瓨鍦?nearby 鏃跺簲淇濈暀鏂板埛鏂?NPC 鐨?locationId 瀛楁[22m[39m
02:00:18 [[32minfo[39m]  Refreshed NPC data from Repository after npc_service write {"saveId":"save_浜虹被_1784571558052_0","totalNPCs":1,"nearbyCount":1}

[90mstdout[2m | src/agents/coordinator/__tests__/data-refresh-handler-npc-location-id.test.ts[2m > [22m[2mDataRefreshHandler 鈥?mapNpcProfileToNpcData locationId 濉厖锛圔ug 20260721锛?[2m > [22m[2mrefresh 澶氫釜 NPC 鏃舵瘡涓?NPC 閮藉簲濉厖 locationId[22m[39m
02:00:18 [[32minfo[39m]  Refreshed NPC data from Repository after npc_service write {"saveId":"save_浜虹被_1784571558052_0","totalNPCs":3,"nearbyCount":3}

[90mstdout[2m | src/agents/coordinator/__tests__/data-refresh-handler-npc-location-id.test.ts[22m[39m
02:00:18 [[32minfo[39m]  Help registry loaded: 22 tools {"tools":["batch_query_service","challenge_service","... (22 items)"]}
02:00:18 [[32minfo[39m]  Creating GameMasterAgent (as AgentRuntime with isSubAgent=false)
02:00:18 [[32minfo[39m]  Handler subscribed {"eventType":"dialogue"}
02:00:18 [[32minfo[39m]  Handler subscribed {"eventType":"combat_end"}
02:00:18 [[32minfo[39m]  AwarenessAutoSubscriber subscribed to dialogue + combat_end events
02:00:18 [[32minfo[39m]  Agent initialized: gamemaster - GameMasterAgent
02:00:18 [[32minfo[39m] [AGENT-START] Agent gamemaster starting {"agent":"gamemaster","provider":null,"toolsConfigured":1,"maxIterations":200,"isSubAgent":false}
02:00:18 [[32minfo[39m]  Handler subscribed {"eventType":"chapter_advanced"}
02:00:18 [[32minfo[39m]  Creating AgentRuntime instances from default profile: fantasy_rpg
02:00:18 [[32minfo[39m]  Creating agents from profile: fantasy_rpg {"agentCount":10}
02:00:18 [[32minfo[39m]  Agent initialized: gamemaster - GameMasterAgent
02:00:18 [[32minfo[39m] [AGENT-START] Agent gamemaster starting {"agent":"gamemaster","provider":null,"toolsConfigured":1,"maxIterations":200,"isSubAgent":false}
02:00:18 [[32minfo[39m]  Created AgentRuntime: gamemaster {"profile":"fantasy_rpg","tools":["all"]}
02:00:18 [[32minfo[39m]  Agent initialized: map - MapAgent
02:00:18 [[32minfo[39m] [AGENT-START] Agent map starting {"agent":"map","provider":null,"toolsConfigured":7,"maxIterations":200,"isSubAgent":true}
02:00:18 [[32minfo[39m]  Created AgentRuntime: map {"profile":"fantasy_rpg","tools":["map_service","npc_service","... (7 items)"]}
02:00:18 [[32minfo[39m]  Agent initialized: challenge - ChallengeAgent
02:00:18 [[32minfo[39m] [AGENT-START] Agent challenge starting {"agent":"challenge","provider":null,"toolsConfigured":9,"maxIterations":200,"isSubAgent":true}
02:00:18 [[32minfo[39m]  Created AgentRuntime: challenge {"profile":"fantasy_rpg","tools":["challenge_service","numerical_service","... (9 items)"]}
02:00:18 [[32minfo[39m]  Agent initialized: output - OutputAgent
02:00:18 [[32minfo[39m] [AGENT-START] Agent output starting {"agent":"output","provider":null,"toolsConfigured":5,"maxIterations":200,"isSubAgent":true}
02:00:18 [[32minfo[39m]  Created AgentRuntime: output {"profile":"fantasy_rpg","tools":["dialogue_service","dynamic_ui","... (5 items)"]}
02:00:18 [[32minfo[39m]  Agent initialized: quest - QuestAgent
02:00:18 [[32minfo[39m] [AGENT-START] Agent quest starting {"agent":"quest","provider":null,"toolsConfigured":11,"maxIterations":200,"isSubAgent":true}
02:00:18 [[32minfo[39m]  Created AgentRuntime: quest {"profile":"fantasy_rpg","tools":["quest_service","numerical_service","... (11 items)"]}
02:00:18 [[32minfo[39m]  Agent initialized: npc_party - NPCPartyAgent
02:00:18 [[32minfo[39m] [AGENT-START] Agent npc_party starting {"agent":"npc_party","provider":null,"toolsConfigured":9,"maxIterations":200,"isSubAgent":true}
02:00:18 [[32minfo[39m]  Created AgentRuntime: npc_party {"profile":"fantasy_rpg","tools":["npc_service","entity_graph_service","... (9 items)"]}
02:00:18 [[32minfo[39m]  Agent initialized: inventory - InventoryAgent
02:00:18 [[32minfo[39m] [AGENT-START] Agent inventory starting {"agent":"inventory","provider":null,"toolsConfigured":8,"maxIterations":200,"isSubAgent":true}
02:00:18 [[32minfo[39m]  Created AgentRuntime: inventory {"profile":"fantasy_rpg","tools":["inventory_service","template_pool_service","... (8 items)"]}
02:00:18 [[32minfo[39m]  Agent initialized: skill - SkillAgent
02:00:18 [[32minfo[39m] [AGENT-START] Agent skill starting {"agent":"skill","provider":null,"toolsConfigured":7,"maxIterations":200,"isSubAgent":true}
02:00:18 [[32minfo[39m]  Created AgentRuntime: skill {"profile":"fantasy_rpg","tools":["skill_service","template_pool_service","... (7 items)"]}
02:00:18 [[32minfo[39m]  Agent initialized: event - EventAgent
02:00:18 [[32minfo[39m] [AGENT-START] Agent event starting {"agent":"event","provider":null,"toolsConfigured":5,"maxIterations":200,"isSubAgent":true}
02:00:18 [[32minfo[39m]  Created AgentRuntime: event {"profile":"fantasy_rpg","tools":["event_service","game_time_service","... (5 items)"]}
02:00:18 [[32minfo[39m]  Agent initialized: time - TimeAgent
02:00:18 [[32minfo[39m] [AGENT-START] Agent time starting {"agent":"time","provider":null,"toolsConfigured":4,"maxIterations":200,"isSubAgent":true}
02:00:18 [[32minfo[39m]  Created AgentRuntime: time {"profile":"fantasy_rpg","tools":["game_time_service","rule_service","... (4 items)"]}
02:00:18 [[32minfo[39m]  Permissions configured from agent.tools for profile: fantasy_rpg
02:00:18 [[32minfo[39m]  YAML permissions configured
02:00:18 [[32minfo[39m]  Registering AgentRuntime instances to GameMasterAgent...
02:00:18 [[32minfo[39m]  Registered AgentRuntime to Coordinator: gamemaster
02:00:18 [[32minfo[39m]  Registered AgentRuntime to Coordinator: map
02:00:18 [[32minfo[39m]  Registered AgentRuntime to Coordinator: challenge
02:00:18 [[32minfo[39m]  Registered AgentRuntime to Coordinator: output
02:00:18 [[32minfo[39m]  Registered AgentRuntime to Coordinator: quest
02:00:18 [[32minfo[39m]  Registered AgentRuntime to Coordinator: npc_party
02:00:18 [[32minfo[39m]  Registered AgentRuntime to Coordinator: inventory
02:00:18 [[32minfo[39m]  Registered AgentRuntime to Coordinator: skill
02:00:18 [[32minfo[39m]  Registered AgentRuntime to Coordinator: event
02:00:18 [[32minfo[39m]  Registered AgentRuntime to Coordinator: time
02:00:18 [[32minfo[39m]  GameDataExpander configured (manifest path enabled)
02:00:18 [[32minfo[39m]  DedupService configured (dispatch log persistence enabled)
02:00:18 [[32minfo[39m]  Agent system initialized: 10 AgentRuntime instances created
鉁?Agent system initialized with 10 agents
鈿狅笍 YAML Agent system skipped: __vi_import_5__.initializeYamlAgentSystem is not a function
02:00:18 [[32minfo[39m]  Agent routes initialized
02:00:18 [[32minfo[39m]  Save routes initialized
02:00:18 [[32minfo[39m]  Synced template from YAML to DB: cthulhu-investigation
02:00:18 [[32minfo[39m]  Synced template from YAML to DB: cyberpunk-mercenary
02:00:18 [[32minfo[39m]  Synced template from YAML to DB: medieval-fantasy
02:00:18 [[32minfo[39m]  Synced template from YAML to DB: modern-romance
02:00:18 [[32minfo[39m]  Synced template from YAML to DB: xianxia
02:00:18 [[32minfo[39m]  Synced 5 templates from YAML to database
02:00:18 [[32minfo[39m]  Cache refreshed with 5 templates
02:00:18 [[32minfo[39m]  TemplateService loaded {"cachedTemplates":5}
鉁?Template YAML loaded and synced to DB
02:00:18 [[32minfo[39m]  Template routes initialized
鉁?Test environment setup complete
鉁?Database connection closed

 [32m鉁?[39m src/agents/coordinator/__tests__/data-refresh-handler-npc-location-id.test.ts [2m ([22m[2m4 tests[22m[2m)[22m[33m 2241[2mms[22m[39m
[90mstdout[2m | src/agents/prompt/__tests__/entity-graph-drive-dedup.test.ts[22m[39m
馃И Setting up comprehensive test environment...
鉁?Database connected
Running migration: 001_init.ts
Migration 001_init.ts completed successfully
Running migration: 002_add_equipped_index.ts
Migration 002_add_equipped_index.ts completed successfully
Running migration: 003_fix_information_boundaries_timestamps.ts
Migration 003_fix_information_boundaries_timestamps.ts completed successfully
Running migration: 004_drop_information_boundaries.ts
004_drop_information_boundaries: information_boundaries table not found, skipping migration
004_drop_information_boundaries: cleared custom_data.knowledge from 0 NPCs
Migration 004_drop_information_boundaries.ts completed successfully
Running migration: 005_drop_npc_relations.ts

[90mstdout[2m | src/agents/prompt/__tests__/entity-graph-drive-dedup.test.ts[22m[39m
005_drop_npc_relations: dropped npc_relations table
Migration 005_drop_npc_relations.ts completed successfully
Running migration: 006_awareness_relationship_events_states.ts
006: created entity_awareness_events table
006: created entity_awareness_states table
006: created entity_relationship_events table
006: created entity_relationship_states table
Migration 006_awareness_relationship_events_states.ts completed successfully
Running migration: 007_add_combat_mode.ts

[90mstdout[2m | src/routes/__tests__/save.story-history.test.ts[22m[39m
02:00:18 [[32minfo[39m]  Help registry loaded: 22 tools {"tools":["batch_query_service","challenge_service","... (22 items)"]}
02:00:18 [[32minfo[39m]  Creating GameMasterAgent (as AgentRuntime with isSubAgent=false)
02:00:18 [[32minfo[39m]  Handler subscribed {"eventType":"dialogue"}
02:00:18 [[32minfo[39m]  Handler subscribed {"eventType":"combat_end"}
02:00:18 [[32minfo[39m]  AwarenessAutoSubscriber subscribed to dialogue + combat_end events
02:00:18 [[32minfo[39m]  Agent initialized: gamemaster - GameMasterAgent
02:00:18 [[32minfo[39m] [AGENT-START] Agent gamemaster starting {"agent":"gamemaster","provider":null,"toolsConfigured":1,"maxIterations":200,"isSubAgent":false}
02:00:18 [[32minfo[39m]  Handler subscribed {"eventType":"chapter_advanced"}
02:00:18 [[32minfo[39m]  Creating AgentRuntime instances from default profile: fantasy_rpg
02:00:18 [[32minfo[39m]  Creating agents from profile: fantasy_rpg {"agentCount":10}
02:00:18 [[32minfo[39m]  Agent initialized: gamemaster - GameMasterAgent
02:00:18 [[32minfo[39m] [AGENT-START] Agent gamemaster starting {"agent":"gamemaster","provider":null,"toolsConfigured":1,"maxIterations":200,"isSubAgent":false}
02:00:18 [[32minfo[39m]  Created AgentRuntime: gamemaster {"profile":"fantasy_rpg","tools":["all"]}
02:00:18 [[32minfo[39m]  Agent initialized: map - MapAgent
02:00:18 [[32minfo[39m] [AGENT-START] Agent map starting {"agent":"map","provider":null,"toolsConfigured":7,"maxIterations":200,"isSubAgent":true}
02:00:18 [[32minfo[39m]  Created AgentRuntime: map {"profile":"fantasy_rpg","tools":["map_service","npc_service","... (7 items)"]}
02:00:18 [[32minfo[39m]  Agent initialized: challenge - ChallengeAgent
02:00:18 [[32minfo[39m] [AGENT-START] Agent challenge starting {"agent":"challenge","provider":null,"toolsConfigured":9,"maxIterations":200,"isSubAgent":true}
02:00:18 [[32minfo[39m]  Created AgentRuntime: challenge {"profile":"fantasy_rpg","tools":["challenge_service","numerical_service","... (9 items)"]}
02:00:18 [[32minfo[39m]  Agent initialized: output - OutputAgent
02:00:18 [[32minfo[39m] [AGENT-START] Agent output starting {"agent":"output","provider":null,"toolsConfigured":5,"maxIterations":200,"isSubAgent":true}
02:00:18 [[32minfo[39m]  Created AgentRuntime: output {"profile":"fantasy_rpg","tools":["dialogue_service","dynamic_ui","... (5 items)"]}
02:00:18 [[32minfo[39m]  Agent initialized: quest - QuestAgent
02:00:18 [[32minfo[39m] [AGENT-START] Agent quest starting {"agent":"quest","provider":null,"toolsConfigured":11,"maxIterations":200,"isSubAgent":true}
02:00:18 [[32minfo[39m]  Created AgentRuntime: quest {"profile":"fantasy_rpg","tools":["quest_service","numerical_service","... (11 items)"]}
02:00:18 [[32minfo[39m]  Agent initialized: npc_party - NPCPartyAgent
02:00:18 [[32minfo[39m] [AGENT-START] Agent npc_party starting {"agent":"npc_party","provider":null,"toolsConfigured":9,"maxIterations":200,"isSubAgent":true}
02:00:18 [[32minfo[39m]  Created AgentRuntime: npc_party {"profile":"fantasy_rpg","tools":["npc_service","entity_graph_service","... (9 items)"]}
02:00:18 [[32minfo[39m]  Agent initialized: inventory - InventoryAgent
02:00:18 [[32minfo[39m] [AGENT-START] Agent inventory starting {"agent":"inventory","provider":null,"toolsConfigured":8,"maxIterations":200,"isSubAgent":true}
02:00:18 [[32minfo[39m]  Created AgentRuntime: inventory {"profile":"fantasy_rpg","tools":["inventory_service","template_pool_service","... (8 items)"]}
02:00:18 [[32minfo[39m]  Agent initialized: skill - SkillAgent
02:00:18 [[32minfo[39m] [AGENT-START] Agent skill starting {"agent":"skill","provider":null,"toolsConfigured":7,"maxIterations":200,"isSubAgent":true}
02:00:18 [[32minfo[39m]  Created AgentRuntime: skill {"profile":"fantasy_rpg","tools":["skill_service","template_pool_service","... (7 items)"]}
02:00:18 [[32minfo[39m]  Agent initialized: event - EventAgent
02:00:18 [[32minfo[39m] [AGENT-START] Agent event starting {"agent":"event","provider":null,"toolsConfigured":5,"maxIterations":200,"isSubAgent":true}
02:00:18 [[32minfo[39m]  Created AgentRuntime: event {"profile":"fantasy_rpg","tools":["event_service","game_time_service","... (5 items)"]}
02:00:18 [[32minfo[39m]  Agent initialized: time - TimeAgent
02:00:18 [[32minfo[39m] [AGENT-START] Agent time starting {"agent":"time","provider":null,"toolsConfigured":4,"maxIterations":200,"isSubAgent":true}
02:00:18 [[32minfo[39m]  Created AgentRuntime: time {"profile":"fantasy_rpg","tools":["game_time_service","rule_service","... (4 items)"]}
02:00:18 [[32minfo[39m]  Permissions configured from agent.tools for profile: fantasy_rpg
02:00:18 [[32minfo[39m]  YAML permissions configured
02:00:18 [[32minfo[39m]  Registering AgentRuntime instances to GameMasterAgent...
02:00:18 [[32minfo[39m]  Registered AgentRuntime to Coordinator: gamemaster
02:00:18 [[32minfo[39m]  Registered AgentRuntime to Coordinator: map
02:00:18 [[32minfo[39m]  Registered AgentRuntime to Coordinator: challenge
02:00:18 [[32minfo[39m]  Registered AgentRuntime to Coordinator: output
02:00:18 [[32minfo[39m]  Registered AgentRuntime to Coordinator: quest
02:00:18 [[32minfo[39m]  Registered AgentRuntime to Coordinator: npc_party
02:00:18 [[32minfo[39m]  Registered AgentRuntime to Coordinator: inventory
02:00:18 [[32minfo[39m]  Registered AgentRuntime to Coordinator: skill
02:00:18 [[32minfo[39m]  Registered AgentRuntime to Coordinator: event
02:00:18 [[32minfo[39m]  Registered AgentRuntime to Coordinator: time
02:00:18 [[32minfo[39m]  GameDataExpander configured (manifest path enabled)
02:00:18 [[32minfo[39m]  DedupService configured (dispatch log persistence enabled)
02:00:18 [[32minfo[39m]  Agent system initialized: 10 AgentRuntime instances created
鉁?Agent system initialized with 10 agents
鈿狅笍 YAML Agent system skipped: __vi_import_5__.initializeYamlAgentSystem is not a function
02:00:18 [[32minfo[39m]  Agent routes initialized
02:00:18 [[32minfo[39m]  Save routes initialized
02:00:18 [[32minfo[39m]  Synced template from YAML to DB: cthulhu-investigation
02:00:18 [[32minfo[39m]  Synced template from YAML to DB: cyberpunk-mercenary
02:00:18 [[32minfo[39m]  Synced template from YAML to DB: medieval-fantasy
02:00:18 [[32minfo[39m]  Synced template from YAML to DB: modern-romance
02:00:18 [[32minfo[39m]  Synced template from YAML to DB: xianxia
02:00:18 [[32minfo[39m]  Synced 5 templates from YAML to database
02:00:18 [[32minfo[39m]  Cache refreshed with 5 templates
02:00:18 [[32minfo[39m]  TemplateService loaded {"cachedTemplates":5}
鉁?Template YAML loaded and synced to DB
02:00:18 [[32minfo[39m]  Template routes initialized
鉁?Test environment setup complete

[90mstdout[2m | src/routes/__tests__/save.story-history.test.ts[2m > [22m[2mSave routes story history[2m > [22m[2mGET /:saveId/story/history 搴旇繑鍥炴寔涔呭寲閲嶅ぇ璁板綍鍒嗛〉缁撴灉[22m[39m
02:00:18 [[32minfo[39m]  Save routes initialized

[90mstdout[2m | src/agents/prompt/__tests__/entity-graph-drive-dedup.test.ts[22m[39m
007: added combat_states.mode column
Migration 007_add_combat_mode.ts completed successfully
Running migration: 008_add_saves_active_challenge_mode.ts

[90mstdout[2m | src/game-systems/inventory/__tests__/inventory-batch-tool.test.ts[22m[39m
02:00:18 [[32minfo[39m]  Help registry loaded: 22 tools {"tools":["batch_query_service","challenge_service","... (22 items)"]}
02:00:18 [[32minfo[39m]  Creating GameMasterAgent (as AgentRuntime with isSubAgent=false)
02:00:18 [[32minfo[39m]  Handler subscribed {"eventType":"dialogue"}
02:00:18 [[32minfo[39m]  Handler subscribed {"eventType":"combat_end"}
02:00:18 [[32minfo[39m]  AwarenessAutoSubscriber subscribed to dialogue + combat_end events
02:00:18 [[32minfo[39m]  Agent initialized: gamemaster - GameMasterAgent
02:00:18 [[32minfo[39m] [AGENT-START] Agent gamemaster starting {"agent":"gamemaster","provider":null,"toolsConfigured":1,"maxIterations":200,"isSubAgent":false}
02:00:18 [[32minfo[39m]  Handler subscribed {"eventType":"chapter_advanced"}
02:00:18 [[32minfo[39m]  Creating AgentRuntime instances from default profile: fantasy_rpg
02:00:18 [[32minfo[39m]  Creating agents from profile: fantasy_rpg {"agentCount":10}
02:00:18 [[32minfo[39m]  Agent initialized: gamemaster - GameMasterAgent
02:00:18 [[32minfo[39m] [AGENT-START] Agent gamemaster starting {"agent":"gamemaster","provider":null,"toolsConfigured":1,"maxIterations":200,"isSubAgent":false}
02:00:18 [[32minfo[39m]  Created AgentRuntime: gamemaster {"profile":"fantasy_rpg","tools":["all"]}
02:00:18 [[32minfo[39m]  Agent initialized: map - MapAgent
02:00:18 [[32minfo[39m] [AGENT-START] Agent map starting {"agent":"map","provider":null,"toolsConfigured":7,"maxIterations":200,"isSubAgent":true}
02:00:18 [[32minfo[39m]  Created AgentRuntime: map {"profile":"fantasy_rpg","tools":["map_service","npc_service","... (7 items)"]}
02:00:18 [[32minfo[39m]  Agent initialized: challenge - ChallengeAgent
02:00:18 [[32minfo[39m] [AGENT-START] Agent challenge starting {"agent":"challenge","provider":null,"toolsConfigured":9,"maxIterations":200,"isSubAgent":true}
02:00:18 [[32minfo[39m]  Created AgentRuntime: challenge {"profile":"fantasy_rpg","tools":["challenge_service","numerical_service","... (9 items)"]}
02:00:18 [[32minfo[39m]  Agent initialized: output - OutputAgent
02:00:18 [[32minfo[39m] [AGENT-START] Agent output starting {"agent":"output","provider":null,"toolsConfigured":5,"maxIterations":200,"isSubAgent":true}
02:00:18 [[32minfo[39m]  Created AgentRuntime: output {"profile":"fantasy_rpg","tools":["dialogue_service","dynamic_ui","... (5 items)"]}
02:00:18 [[32minfo[39m]  Agent initialized: quest - QuestAgent
02:00:18 [[32minfo[39m] [AGENT-START] Agent quest starting {"agent":"quest","provider":null,"toolsConfigured":11,"maxIterations":200,"isSubAgent":true}
02:00:18 [[32minfo[39m]  Created AgentRuntime: quest {"profile":"fantasy_rpg","tools":["quest_service","numerical_service","... (11 items)"]}
02:00:18 [[32minfo[39m]  Agent initialized: npc_party - NPCPartyAgent
02:00:18 [[32minfo[39m] [AGENT-START] Agent npc_party starting {"agent":"npc_party","provider":null,"toolsConfigured":9,"maxIterations":200,"isSubAgent":true}
02:00:18 [[32minfo[39m]  Created AgentRuntime: npc_party {"profile":"fantasy_rpg","tools":["npc_service","entity_graph_service","... (9 items)"]}
02:00:18 [[32minfo[39m]  Agent initialized: inventory - InventoryAgent
02:00:18 [[32minfo[39m] [AGENT-START] Agent inventory starting {"agent":"inventory","provider":null,"toolsConfigured":8,"maxIterations":200,"isSubAgent":true}
02:00:18 [[32minfo[39m]  Created AgentRuntime: inventory {"profile":"fantasy_rpg","tools":["inventory_service","template_pool_service","... (8 items)"]}
02:00:18 [[32minfo[39m]  Agent initialized: skill - SkillAgent
02:00:18 [[32minfo[39m] [AGENT-START] Agent skill starting {"agent":"skill","provider":null,"toolsConfigured":7,"maxIterations":200,"isSubAgent":true}
02:00:18 [[32minfo[39m]  Created AgentRuntime: skill {"profile":"fantasy_rpg","tools":["skill_service","template_pool_service","... (7 items)"]}
02:00:18 [[32minfo[39m]  Agent initialized: event - EventAgent
02:00:18 [[32minfo[39m] [AGENT-START] Agent event starting {"agent":"event","provider":null,"toolsConfigured":5,"maxIterations":200,"isSubAgent":true}
02:00:18 [[32minfo[39m]  Created AgentRuntime: event {"profile":"fantasy_rpg","tools":["event_service","game_time_service","... (5 items)"]}
02:00:18 [[32minfo[39m]  Agent initialized: time - TimeAgent
02:00:18 [[32minfo[39m] [AGENT-START] Agent time starting {"agent":"time","provider":null,"toolsConfigured":4,"maxIterations":200,"isSubAgent":true}
02:00:18 [[32minfo[39m]  Created AgentRuntime: time {"profile":"fantasy_rpg","tools":["game_time_service","rule_service","... (4 items)"]}
02:00:18 [[32minfo[39m]  Permissions configured from agent.tools for profile: fantasy_rpg
02:00:18 [[32minfo[39m]  YAML permissions configured
02:00:18 [[32minfo[39m]  Registering AgentRuntime instances to GameMasterAgent...
02:00:18 [[32minfo[39m]  Registered AgentRuntime to Coordinator: gamemaster
02:00:18 [[32minfo[39m]  Registered AgentRuntime to Coordinator: map
02:00:18 [[32minfo[39m]  Registered AgentRuntime to Coordinator: challenge
02:00:18 [[32minfo[39m]  Registered AgentRuntime to Coordinator: output
02:00:18 [[32minfo[39m]  Registered AgentRuntime to Coordinator: quest
02:00:18 [[32minfo[39m]  Registered AgentRuntime to Coordinator: npc_party
02:00:18 [[32minfo[39m]  Registered AgentRuntime to Coordinator: inventory
02:00:18 [[32minfo[39m]  Registered AgentRuntime to Coordinator: skill
02:00:18 [[32minfo[39m]  Registered AgentRuntime to Coordinator: event
02:00:18 [[32minfo[39m]  Registered AgentRuntime to Coordinator: time
02:00:18 [[32minfo[39m]  GameDataExpander configured (manifest path enabled)
02:00:18 [[32minfo[39m]  DedupService configured (dispatch log persistence enabled)
02:00:18 [[32minfo[39m]  Agent system initialized: 10 AgentRuntime instances created
鉁?Agent system initialized with 10 agents
鈿狅笍 YAML Agent system skipped: __vi_import_5__.initializeYamlAgentSystem is not a function
02:00:18 [[32minfo[39m]  Agent routes initialized
02:00:18 [[32minfo[39m]  Save routes initialized
02:00:18 [[32minfo[39m]  Synced template from YAML to DB: cthulhu-investigation
02:00:18 [[32minfo[39m]  Synced template from YAML to DB: cyberpunk-mercenary
02:00:18 [[32minfo[39m]  Synced template from YAML to DB: medieval-fantasy
02:00:18 [[32minfo[39m]  Synced template from YAML to DB: modern-romance
02:00:18 [[32minfo[39m]  Synced template from YAML to DB: xianxia
02:00:18 [[32minfo[39m]  Synced 5 templates from YAML to database
02:00:18 [[32minfo[39m]  Cache refreshed with 5 templates
02:00:18 [[32minfo[39m]  TemplateService loaded {"cachedTemplates":5}
鉁?Template YAML loaded and synced to DB
02:00:18 [[32minfo[39m]  Template routes initialized
鉁?Test environment setup complete
鉁?Database connection closed

[90mstdout[2m | src/routes/__tests__/save.story-history.test.ts[22m[39m
鉁?Database connection closed

 [32m鉁?[39m src/game-systems/inventory/__tests__/inventory-batch-tool.test.ts [2m ([22m[2m4 tests[22m[2m)[22m[33m 2460[2mms[22m[39m
 [32m鉁?[39m src/routes/__tests__/save.story-history.test.ts [2m ([22m[2m1 test[22m[2m)[22m[33m 1149[2mms[22m[39m
[90mstdout[2m | src/game-systems/inventory/__tests__/updateItem-slot-category-validation.test.ts[2m > [22m[2mInventoryService.updateItem 鈥?equippedSlot 绫诲埆鍚堟硶鎬х害鏉?[2m > [22m[2m鍏佽 weapon 绫诲埆瑁呭鍒?main_hand 妲戒綅[22m[39m
02:00:19 [[32minfo[39m]  Item updated {"inventoryId":"item_1","fields":["ownerType","ownerId","equipped","equippedSlot"]}

[90mstdout[2m | src/game-systems/inventory/__tests__/updateItem-slot-category-validation.test.ts[2m > [22m[2mInventoryService.updateItem 鈥?equippedSlot 绫诲埆鍚堟硶鎬х害鏉?[2m > [22m[2m绂佹 weapon 绫诲埆瑁呭鍒?body 妲戒綅[22m[39m
02:00:19 [[31merror[39m]  Failed to update item {"params":{"saveId":"save1","inventoryId":"item_1","equippedSlot":"body"},"error":"Slot body does not accept category weapon. Use equipItem instead."}

[90mstdout[2m | src/game-systems/inventory/__tests__/updateItem-slot-category-validation.test.ts[2m > [22m[2mInventoryService.updateItem 鈥?equippedSlot 绫诲埆鍚堟硶鎬х害鏉?[2m > [22m[2m绂佹 armor 绫诲埆瑁呭鍒?main_hand 妲戒綅[22m[39m
02:00:19 [[31merror[39m]  Failed to update item {"params":{"saveId":"save1","inventoryId":"item_2","equippedSlot":"main_hand"},"error":"Slot main_hand does not accept category armor. Use equipItem instead."}

[90mstdout[2m | src/game-systems/inventory/__tests__/updateItem-slot-category-validation.test.ts[2m > [22m[2mInventoryService.updateItem 鈥?equippedSlot 绫诲埆鍚堟硶鎬х害鏉?[2m > [22m[2m鍏佽 accessory 绫诲埆瑁呭鍒?accessory1 妲戒綅[22m[39m
02:00:19 [[32minfo[39m]  Item updated {"inventoryId":"item_3","fields":["ownerType","ownerId","equipped","equippedSlot"]}

[90mstdout[2m | src/game-systems/inventory/__tests__/updateItem-slot-category-validation.test.ts[2m > [22m[2mInventoryService.updateItem 鈥?equippedSlot 绫诲埆鍚堟硶鎬х害鏉?[2m > [22m[2m鍚屾椂璁剧疆 category 鍜?equippedSlot 鏃朵娇鐢ㄦ柊 category 鏍￠獙[22m[39m
02:00:19 [[32minfo[39m]  Item updated {"inventoryId":"item_4","fields":["ownerType","ownerId","category","equipped","equippedSlot"]}

[90mstdout[2m | src/game-systems/inventory/__tests__/updateItem-slot-category-validation.test.ts[2m > [22m[2mInventoryService.updateItem 鈥?equippedSlot 绫诲埆鍚堟硶鎬х害鏉?[2m > [22m[2m娓呯┖ equippedSlot 鏃朵笉瑙﹀彂绫诲埆鏍￠獙[22m[39m
02:00:19 [[32minfo[39m]  Item updated {"inventoryId":"item_5","fields":["ownerType","ownerId","equippedSlot","equipped"]}

[90mstdout[2m | src/game-systems/inventory/__tests__/updateItem-slot-category-validation.test.ts[2m > [22m[2mInventoryService.updateItem 鈥?equippedSlot 绫诲埆鍚堟硶鎬х害鏉?[2m > [22m[2m鏃犳晥鐨勬Ы浣?ID 搴旇鎷掔粷[22m[39m
02:00:19 [[31merror[39m]  Failed to update item {"params":{"saveId":"save1","inventoryId":"item_6","equippedSlot":"nonexistent_slot"},"error":"Invalid equipment slot: nonexistent_slot. Use equipItem instead."}

 [32m鉁?[39m src/game-systems/inventory/__tests__/updateItem-slot-category-validation.test.ts [2m ([22m[2m7 tests[22m[2m)[22m[33m 1792[2mms[22m[39m
[90mstdout[2m | src/game-systems/inventory/__tests__/updateItem-slot-category-validation.test.ts[22m[39m
02:00:18 [[32minfo[39m]  Help registry loaded: 22 tools {"tools":["batch_query_service","challenge_service","... (22 items)"]}
02:00:18 [[32minfo[39m]  Creating GameMasterAgent (as AgentRuntime with isSubAgent=false)
02:00:18 [[32minfo[39m]  Handler subscribed {"eventType":"dialogue"}
02:00:18 [[32minfo[39m]  Handler subscribed {"eventType":"combat_end"}
02:00:18 [[32minfo[39m]  AwarenessAutoSubscriber subscribed to dialogue + combat_end events
02:00:18 [[32minfo[39m]  Agent initialized: gamemaster - GameMasterAgent
02:00:18 [[32minfo[39m] [AGENT-START] Agent gamemaster starting {"agent":"gamemaster","provider":null,"toolsConfigured":1,"maxIterations":200,"isSubAgent":false}
02:00:18 [[32minfo[39m]  Handler subscribed {"eventType":"chapter_advanced"}
02:00:18 [[32minfo[39m]  Creating AgentRuntime instances from default profile: fantasy_rpg
02:00:18 [[32minfo[39m]  Creating agents from profile: fantasy_rpg {"agentCount":10}
02:00:18 [[32minfo[39m]  Agent initialized: gamemaster - GameMasterAgent
02:00:18 [[32minfo[39m] [AGENT-START] Agent gamemaster starting {"agent":"gamemaster","provider":null,"toolsConfigured":1,"maxIterations":200,"isSubAgent":false}
02:00:18 [[32minfo[39m]  Created AgentRuntime: gamemaster {"profile":"fantasy_rpg","tools":["all"]}
02:00:18 [[32minfo[39m]  Agent initialized: map - MapAgent
02:00:18 [[32minfo[39m] [AGENT-START] Agent map starting {"agent":"map","provider":null,"toolsConfigured":7,"maxIterations":200,"isSubAgent":true}
02:00:18 [[32minfo[39m]  Created AgentRuntime: map {"profile":"fantasy_rpg","tools":["map_service","npc_service","... (7 items)"]}
02:00:18 [[32minfo[39m]  Agent initialized: challenge - ChallengeAgent
02:00:18 [[32minfo[39m] [AGENT-START] Agent challenge starting {"agent":"challenge","provider":null,"toolsConfigured":9,"maxIterations":200,"isSubAgent":true}
02:00:18 [[32minfo[39m]  Created AgentRuntime: challenge {"profile":"fantasy_rpg","tools":["challenge_service","numerical_service","... (9 items)"]}
02:00:18 [[32minfo[39m]  Agent initialized: output - OutputAgent
02:00:18 [[32minfo[39m] [AGENT-START] Agent output starting {"agent":"output","provider":null,"toolsConfigured":5,"maxIterations":200,"isSubAgent":true}
02:00:18 [[32minfo[39m]  Created AgentRuntime: output {"profile":"fantasy_rpg","tools":["dialogue_service","dynamic_ui","... (5 items)"]}
02:00:18 [[32minfo[39m]  Agent initialized: quest - QuestAgent
02:00:18 [[32minfo[39m] [AGENT-START] Agent quest starting {"agent":"quest","provider":null,"toolsConfigured":11,"maxIterations":200,"isSubAgent":true}
02:00:18 [[32minfo[39m]  Created AgentRuntime: quest {"profile":"fantasy_rpg","tools":["quest_service","numerical_service","... (11 items)"]}
02:00:18 [[32minfo[39m]  Agent initialized: npc_party - NPCPartyAgent
02:00:18 [[32minfo[39m] [AGENT-START] Agent npc_party starting {"agent":"npc_party","provider":null,"toolsConfigured":9,"maxIterations":200,"isSubAgent":true}
02:00:18 [[32minfo[39m]  Created AgentRuntime: npc_party {"profile":"fantasy_rpg","tools":["npc_service","entity_graph_service","... (9 items)"]}
02:00:18 [[32minfo[39m]  Agent initialized: inventory - InventoryAgent
02:00:18 [[32minfo[39m] [AGENT-START] Agent inventory starting {"agent":"inventory","provider":null,"toolsConfigured":8,"maxIterations":200,"isSubAgent":true}
02:00:18 [[32minfo[39m]  Created AgentRuntime: inventory {"profile":"fantasy_rpg","tools":["inventory_service","template_pool_service","... (8 items)"]}
02:00:18 [[32minfo[39m]  Agent initialized: skill - SkillAgent
02:00:18 [[32minfo[39m] [AGENT-START] Agent skill starting {"agent":"skill","provider":null,"toolsConfigured":7,"maxIterations":200,"isSubAgent":true}
02:00:18 [[32minfo[39m]  Created AgentRuntime: skill {"profile":"fantasy_rpg","tools":["skill_service","template_pool_service","... (7 items)"]}
02:00:18 [[32minfo[39m]  Agent initialized: event - EventAgent
02:00:18 [[32minfo[39m] [AGENT-START] Agent event starting {"agent":"event","provider":null,"toolsConfigured":5,"maxIterations":200,"isSubAgent":true}
02:00:18 [[32minfo[39m]  Created AgentRuntime: event {"profile":"fantasy_rpg","tools":["event_service","game_time_service","... (5 items)"]}
02:00:18 [[32minfo[39m]  Agent initialized: time - TimeAgent
02:00:18 [[32minfo[39m] [AGENT-START] Agent time starting {"agent":"time","provider":null,"toolsConfigured":4,"maxIterations":200,"isSubAgent":true}
02:00:18 [[32minfo[39m]  Created AgentRuntime: time {"profile":"fantasy_rpg","tools":["game_time_service","rule_service","... (4 items)"]}
02:00:18 [[32minfo[39m]  Permissions configured from agent.tools for profile: fantasy_rpg
02:00:18 [[32minfo[39m]  YAML permissions configured
02:00:18 [[32minfo[39m]  Registering AgentRuntime instances to GameMasterAgent...
02:00:18 [[32minfo[39m]  Registered AgentRuntime to Coordinator: gamemaster
02:00:18 [[32minfo[39m]  Registered AgentRuntime to Coordinator: map
02:00:18 [[32minfo[39m]  Registered AgentRuntime to Coordinator: challenge
02:00:18 [[32minfo[39m]  Registered AgentRuntime to Coordinator: output
02:00:18 [[32minfo[39m]  Registered AgentRuntime to Coordinator: quest
02:00:18 [[32minfo[39m]  Registered AgentRuntime to Coordinator: npc_party
02:00:18 [[32minfo[39m]  Registered AgentRuntime to Coordinator: inventory
02:00:18 [[32minfo[39m]  Registered AgentRuntime to Coordinator: skill
02:00:18 [[32minfo[39m]  Registered AgentRuntime to Coordinator: event
02:00:18 [[32minfo[39m]  Registered AgentRuntime to Coordinator: time
02:00:18 [[32minfo[39m]  GameDataExpander configured (manifest path enabled)
02:00:18 [[32minfo[39m]  DedupService configured (dispatch log persistence enabled)
02:00:18 [[32minfo[39m]  Agent system initialized: 10 AgentRuntime instances created
鉁?Agent system initialized with 10 agents
鈿狅笍 YAML Agent system skipped: __vi_import_5__.initializeYamlAgentSystem is not a function
02:00:18 [[32minfo[39m]  Agent routes initialized
02:00:18 [[32minfo[39m]  Save routes initialized
02:00:18 [[32minfo[39m]  Synced template from YAML to DB: cthulhu-investigation
02:00:18 [[32minfo[39m]  Synced template from YAML to DB: cyberpunk-mercenary
02:00:18 [[32minfo[39m]  Synced template from YAML to DB: medieval-fantasy
02:00:18 [[32minfo[39m]  Synced template from YAML to DB: modern-romance
02:00:18 [[32minfo[39m]  Synced template from YAML to DB: xianxia
02:00:18 [[32minfo[39m]  Synced 5 templates from YAML to database
02:00:19 [[32minfo[39m]  Cache refreshed with 5 templates
02:00:19 [[32minfo[39m]  TemplateService loaded {"cachedTemplates":5}
鉁?Template YAML loaded and synced to DB
02:00:19 [[32minfo[39m]  Template routes initialized
鉁?Test environment setup complete
鉁?Database connection closed

[90mstdout[2m | src/agents/prompt/__tests__/entity-graph-drive-dedup.test.ts[22m[39m
008: added saves.active_challenge_mode column
Migration 008_add_saves_active_challenge_mode.ts completed successfully
All migrations completed
鉁?Migrations completed
All seeds completed
鉁?Seeds completed
02:00:18 [[32minfo[39m]  Starting YAML-driven Agent system initialization
02:00:18 [[32minfo[39m]  Seeding ModelConfigService from environment
02:00:18 [[32minfo[39m]  No DEEPSEEK_API_KEY env var found, skipping env seed
02:00:18 [[32minfo[39m]  Seeded provider from convict config {"providerType":"openai","providerId":"b062abd6-2b21-4ac7-b650-8d7ffcbae637","model":"openrouter/free"}
02:00:18 [[32minfo[39m]  Creating LLMService with ModelConfigService
02:00:18 [[32minfo[39m]  Creating ContextService and DecisionLogService instances
02:00:18 [[32minfo[39m]  Initializing YAML-driven Agent profiles...
02:00:19 [[32minfo[39m]  Loading config from directory: C:\Users\super\Documents\trae_projects\AGG-main\packages\backend\config
02:00:19 [[32minfo[39m]  Loaded agent profile: fantasy_rpg
02:00:19 [[32minfo[39m]  Loaded agent profile: minimal_test
02:00:19 [[32minfo[39m]  Loaded 0 non-builtin profiles from database (0 builtin skipped, using YAML)
02:00:19 [[32minfo[39m]  Config loaded successfully: 2 profiles
02:00:19 [[32minfo[39m]  YAML config loaded successfully
02:00:19 [[32minfo[39m]  Context rules loaded {"agentCount":10}
02:00:19 [[32minfo[39m]  Default manifests loaded {"agentTypeCount":6,"manifestCount":8}
02:00:19 [[32minfo[39m]  Context rules file watcher started {"path":"C:\\Users\\super\\Documents\\trae_projects\\AGG-main\\packages\\backend\\config\\agent-context-rules.yaml"}
02:00:19 [[32minfo[39m]  Loaded 10 agent capabilities from YAML profiles
02:00:19 [[32minfo[39m]  ToolRegistry initialized
02:00:19 [[32minfo[39m]  Registering ServiceTools to ToolRegistry
02:00:19 [[32minfo[39m]  Tool registered: game_time_service - GameTime Service (v1.0.0)
02:00:19 [[32minfo[39m]  Tool registered: numerical_service - Numerical Service (v1.0.0)
02:00:19 [[32minfo[39m]  Tool registered: character_service - Character Service (v1.0.0)
02:00:19 [[32minfo[39m]  Tool registered: inventory_service - Inventory Service (v1.0.0)
02:00:19 [[32minfo[39m]  Tool registered: skill_service - Skill Service (v1.1.0)
02:00:19 [[32minfo[39m]  Tool registered: map_service - Map Service (v2.0.0)
02:00:19 [[32minfo[39m]  Tool registered: npc_service - NPC Service (v1.0.0)
02:00:19 [[32minfo[39m]  Tool registered: dialogue_service - Dialogue Service (v1.0.0)
02:00:19 [[32minfo[39m]  Tool registered: quest_service - Quest Service (v1.0.0)
02:00:19 [[32minfo[39m]  Tool registered: challenge_service - Challenge Service (v1.0.0)
02:00:19 [[32minfo[39m]  Tool registered: event_service - Event Service (v1.0.0)
02:00:19 [[32minfo[39m]  Tool registered: story_service - Story Service (v1.0.0)
02:00:19 [[32minfo[39m]  Tool registered: game_init_service - Game Init Service (v2.0.0)
02:00:19 [[32minfo[39m]  Tool registered: batch_query_service - Batch Query Service (v1.0.0)
02:00:19 [[32minfo[39m]  Tool registered: entity_graph_service - Entity Graph Service (v1.0.0)
02:00:19 [[32minfo[39m]  Tool registered: template_pool_service - Template Pool Service (v1.0.0)
02:00:19 [[32minfo[39m]  Tool registered: dynamic_ui - Dynamic UI Service (v1.0.0)
02:00:19 [[32minfo[39m]  Tool registered: generate_options - Generate Options Service (v2.0.0)
02:00:19 [[32minfo[39m]  Tool registered: coordinator_service - Coordinator Service (v1.0.0)
02:00:19 [[32minfo[39m]  Tool registered: rule_service - Rule Service (v1.0.0)
02:00:19 [[32minfo[39m]  Tool registered: skill_loader - Skill Loader (v1.0.0)
02:00:19 [[32minfo[39m]  Tool registered: help_service - Help Service (v1.0.0)
02:00:19 [[32minfo[39m]  Tool registered: memory_service - Memory Service (v1.0.0)
02:00:19 [[32minfo[39m]  Registered 23 ServiceTools to ToolRegistry
02:00:19 [[32minfo[39m]  Tool reference validation passed

[90mstdout[2m | src/agents/prompt/__tests__/entity-graph-drive-dedup.test.ts[22m[39m
02:00:19 [[32minfo[39m]  Discovered 187 help files {"dir":"C:\\Users\\super\\Documents\\trae_projects\\AGG-main\\packages\\backend\\config\\agent-help"}

[90mstdout[2m | src/game-systems/story/__tests__/StoryService.story-events.test.ts[22m[39m
馃И Setting up comprehensive test environment...
鉁?Database connected
Running migration: 001_init.ts
Migration 001_init.ts completed successfully
Running migration: 002_add_equipped_index.ts
Migration 002_add_equipped_index.ts completed successfully
Running migration: 003_fix_information_boundaries_timestamps.ts
Migration 003_fix_information_boundaries_timestamps.ts completed successfully
Running migration: 004_drop_information_boundaries.ts
004_drop_information_boundaries: information_boundaries table not found, skipping migration
004_drop_information_boundaries: cleared custom_data.knowledge from 0 NPCs
Migration 004_drop_information_boundaries.ts completed successfully
Running migration: 005_drop_npc_relations.ts
005_drop_npc_relations: dropped npc_relations table
Migration 005_drop_npc_relations.ts completed successfully
Running migration: 006_awareness_relationship_events_states.ts

[90mstdout[2m | src/game-systems/story/__tests__/StoryService.story-events.test.ts[22m[39m
006: created entity_awareness_events table
006: created entity_awareness_states table
006: created entity_relationship_events table
006: created entity_relationship_states table
Migration 006_awareness_relationship_events_states.ts completed successfully
Running migration: 007_add_combat_mode.ts

[90mstdout[2m | src/game-systems/story/__tests__/StoryService.story-events.test.ts[22m[39m
007: added combat_states.mode column
Migration 007_add_combat_mode.ts completed successfully
Running migration: 008_add_saves_active_challenge_mode.ts

[90mstdout[2m | src/game-systems/shared/rule-parser/__tests__/TemplateRuleParser-fromSaveId.test.ts[22m[39m
馃И Setting up comprehensive test environment...
鉁?Database connected
Running migration: 001_init.ts
Migration 001_init.ts completed successfully
Running migration: 002_add_equipped_index.ts
Migration 002_add_equipped_index.ts completed successfully
Running migration: 003_fix_information_boundaries_timestamps.ts

[90mstdout[2m | src/game-systems/shared/rule-parser/__tests__/TemplateRuleParser-fromSaveId.test.ts[22m[39m
Migration 003_fix_information_boundaries_timestamps.ts completed successfully
Running migration: 004_drop_information_boundaries.ts

[90mstdout[2m | src/game-systems/shared/rule-parser/__tests__/TemplateRuleParser-fromSaveId.test.ts[22m[39m
004_drop_information_boundaries: information_boundaries table not found, skipping migration
004_drop_information_boundaries: cleared custom_data.knowledge from 0 NPCs
Migration 004_drop_information_boundaries.ts completed successfully
Running migration: 005_drop_npc_relations.ts
005_drop_npc_relations: dropped npc_relations table
Migration 005_drop_npc_relations.ts completed successfully
Running migration: 006_awareness_relationship_events_states.ts

[90mstdout[2m | src/game-systems/story/__tests__/StoryService.story-events.test.ts[22m[39m
008: added saves.active_challenge_mode column
Migration 008_add_saves_active_challenge_mode.ts completed successfully
All migrations completed
鉁?Migrations completed
All seeds completed
鉁?Seeds completed
02:00:19 [[32minfo[39m]  Starting YAML-driven Agent system initialization
02:00:19 [[32minfo[39m]  Seeding ModelConfigService from environment
02:00:19 [[32minfo[39m]  No DEEPSEEK_API_KEY env var found, skipping env seed
02:00:19 [[32minfo[39m]  Seeded provider from convict config {"providerType":"openai","providerId":"838a9b9a-983a-46d4-9e6c-89047b5ac907","model":"openrouter/free"}
02:00:19 [[32minfo[39m]  Creating LLMService with ModelConfigService
02:00:19 [[32minfo[39m]  Creating ContextService and DecisionLogService instances
02:00:19 [[32minfo[39m]  Initializing YAML-driven Agent profiles...
02:00:19 [[32minfo[39m]  Loading config from directory: C:\Users\super\Documents\trae_projects\AGG-main\packages\backend\config
02:00:19 [[32minfo[39m]  Loaded agent profile: fantasy_rpg
02:00:19 [[32minfo[39m]  Loaded agent profile: minimal_test
02:00:19 [[32minfo[39m]  Loaded 0 non-builtin profiles from database (0 builtin skipped, using YAML)
02:00:19 [[32minfo[39m]  Config loaded successfully: 2 profiles
02:00:19 [[32minfo[39m]  YAML config loaded successfully
02:00:19 [[32minfo[39m]  Context rules loaded {"agentCount":10}
02:00:19 [[32minfo[39m]  Default manifests loaded {"agentTypeCount":6,"manifestCount":8}
02:00:19 [[32minfo[39m]  Context rules file watcher started {"path":"C:\\Users\\super\\Documents\\trae_projects\\AGG-main\\packages\\backend\\config\\agent-context-rules.yaml"}
02:00:19 [[32minfo[39m]  Loaded 10 agent capabilities from YAML profiles
02:00:19 [[32minfo[39m]  ToolRegistry initialized
02:00:19 [[32minfo[39m]  Registering ServiceTools to ToolRegistry
02:00:19 [[32minfo[39m]  Tool registered: game_time_service - GameTime Service (v1.0.0)
02:00:19 [[32minfo[39m]  Tool registered: numerical_service - Numerical Service (v1.0.0)
02:00:19 [[32minfo[39m]  Tool registered: character_service - Character Service (v1.0.0)
02:00:19 [[32minfo[39m]  Tool registered: inventory_service - Inventory Service (v1.0.0)
02:00:19 [[32minfo[39m]  Tool registered: skill_service - Skill Service (v1.1.0)
02:00:19 [[32minfo[39m]  Tool registered: map_service - Map Service (v2.0.0)
02:00:19 [[32minfo[39m]  Tool registered: npc_service - NPC Service (v1.0.0)
02:00:19 [[32minfo[39m]  Tool registered: dialogue_service - Dialogue Service (v1.0.0)
02:00:19 [[32minfo[39m]  Tool registered: quest_service - Quest Service (v1.0.0)
02:00:19 [[32minfo[39m]  Tool registered: challenge_service - Challenge Service (v1.0.0)
02:00:19 [[32minfo[39m]  Tool registered: event_service - Event Service (v1.0.0)
02:00:19 [[32minfo[39m]  Tool registered: story_service - Story Service (v1.0.0)
02:00:19 [[32minfo[39m]  Tool registered: game_init_service - Game Init Service (v2.0.0)
02:00:19 [[32minfo[39m]  Tool registered: batch_query_service - Batch Query Service (v1.0.0)
02:00:19 [[32minfo[39m]  Tool registered: entity_graph_service - Entity Graph Service (v1.0.0)
02:00:19 [[32minfo[39m]  Tool registered: template_pool_service - Template Pool Service (v1.0.0)
02:00:19 [[32minfo[39m]  Tool registered: dynamic_ui - Dynamic UI Service (v1.0.0)
02:00:19 [[32minfo[39m]  Tool registered: generate_options - Generate Options Service (v2.0.0)
02:00:19 [[32minfo[39m]  Tool registered: coordinator_service - Coordinator Service (v1.0.0)
02:00:19 [[32minfo[39m]  Tool registered: rule_service - Rule Service (v1.0.0)
02:00:19 [[32minfo[39m]  Tool registered: skill_loader - Skill Loader (v1.0.0)
02:00:19 [[32minfo[39m]  Tool registered: help_service - Help Service (v1.0.0)
02:00:19 [[32minfo[39m]  Tool registered: memory_service - Memory Service (v1.0.0)
02:00:19 [[32minfo[39m]  Registered 23 ServiceTools to ToolRegistry
02:00:19 [[32minfo[39m]  Tool reference validation passed

[90mstdout[2m | src/game-systems/shared/rule-parser/__tests__/TemplateRuleParser-fromSaveId.test.ts[22m[39m
006: created entity_awareness_events table
006: created entity_awareness_states table
006: created entity_relationship_events table
006: created entity_relationship_states table
Migration 006_awareness_relationship_events_states.ts completed successfully
Running migration: 007_add_combat_mode.ts
007: added combat_states.mode column
Migration 007_add_combat_mode.ts completed successfully
Running migration: 008_add_saves_active_challenge_mode.ts
008: added saves.active_challenge_mode column
Migration 008_add_saves_active_challenge_mode.ts completed successfully
All migrations completed
鉁?Migrations completed
All seeds completed
鉁?Seeds completed
02:00:19 [[32minfo[39m]  Starting YAML-driven Agent system initialization
02:00:19 [[32minfo[39m]  Seeding ModelConfigService from environment
02:00:19 [[32minfo[39m]  No DEEPSEEK_API_KEY env var found, skipping env seed
02:00:19 [[32minfo[39m]  Seeded provider from convict config {"providerType":"openai","providerId":"294d61f6-e394-404a-938e-5a62452b585b","model":"openrouter/free"}
02:00:19 [[32minfo[39m]  Creating LLMService with ModelConfigService
02:00:19 [[32minfo[39m]  Creating ContextService and DecisionLogService instances
02:00:19 [[32minfo[39m]  Initializing YAML-driven Agent profiles...
02:00:19 [[32minfo[39m]  Loading config from directory: C:\Users\super\Documents\trae_projects\AGG-main\packages\backend\config
02:00:19 [[32minfo[39m]  Loaded agent profile: fantasy_rpg
02:00:19 [[32minfo[39m]  Loaded agent profile: minimal_test
02:00:19 [[32minfo[39m]  Loaded 0 non-builtin profiles from database (0 builtin skipped, using YAML)
02:00:19 [[32minfo[39m]  Config loaded successfully: 2 profiles
02:00:19 [[32minfo[39m]  YAML config loaded successfully
02:00:19 [[32minfo[39m]  Context rules loaded {"agentCount":10}
02:00:19 [[32minfo[39m]  Default manifests loaded {"agentTypeCount":6,"manifestCount":8}
02:00:19 [[32minfo[39m]  Context rules file watcher started {"path":"C:\\Users\\super\\Documents\\trae_projects\\AGG-main\\packages\\backend\\config\\agent-context-rules.yaml"}
02:00:19 [[32minfo[39m]  Loaded 10 agent capabilities from YAML profiles
02:00:19 [[32minfo[39m]  ToolRegistry initialized
02:00:19 [[32minfo[39m]  Registering ServiceTools to ToolRegistry
02:00:19 [[32minfo[39m]  Tool registered: game_time_service - GameTime Service (v1.0.0)
02:00:19 [[32minfo[39m]  Tool registered: numerical_service - Numerical Service (v1.0.0)
02:00:19 [[32minfo[39m]  Tool registered: character_service - Character Service (v1.0.0)
02:00:19 [[32minfo[39m]  Tool registered: inventory_service - Inventory Service (v1.0.0)
02:00:19 [[32minfo[39m]  Tool registered: skill_service - Skill Service (v1.1.0)
02:00:19 [[32minfo[39m]  Tool registered: map_service - Map Service (v2.0.0)
02:00:19 [[32minfo[39m]  Tool registered: npc_service - NPC Service (v1.0.0)
02:00:19 [[32minfo[39m]  Tool registered: dialogue_service - Dialogue Service (v1.0.0)
02:00:19 [[32minfo[39m]  Tool registered: quest_service - Quest Service (v1.0.0)
02:00:19 [[32minfo[39m]  Tool registered: challenge_service - Challenge Service (v1.0.0)
02:00:19 [[32minfo[39m]  Tool registered: event_service - Event Service (v1.0.0)
02:00:19 [[32minfo[39m]  Tool registered: story_service - Story Service (v1.0.0)
02:00:19 [[32minfo[39m]  Tool registered: game_init_service - Game Init Service (v2.0.0)
02:00:19 [[32minfo[39m]  Tool registered: batch_query_service - Batch Query Service (v1.0.0)
02:00:19 [[32minfo[39m]  Tool registered: entity_graph_service - Entity Graph Service (v1.0.0)
02:00:19 [[32minfo[39m]  Tool registered: template_pool_service - Template Pool Service (v1.0.0)
02:00:19 [[32minfo[39m]  Tool registered: dynamic_ui - Dynamic UI Service (v1.0.0)
02:00:19 [[32minfo[39m]  Tool registered: generate_options - Generate Options Service (v2.0.0)
02:00:19 [[32minfo[39m]  Tool registered: coordinator_service - Coordinator Service (v1.0.0)
02:00:19 [[32minfo[39m]  Tool registered: rule_service - Rule Service (v1.0.0)
02:00:19 [[32minfo[39m]  Tool registered: skill_loader - Skill Loader (v1.0.0)
02:00:19 [[32minfo[39m]  Tool registered: help_service - Help Service (v1.0.0)
02:00:19 [[32minfo[39m]  Tool registered: memory_service - Memory Service (v1.0.0)
02:00:19 [[32minfo[39m]  Registered 23 ServiceTools to ToolRegistry
02:00:19 [[32minfo[39m]  Tool reference validation passed

[90mstdout[2m | src/game-systems/story/__tests__/StoryService.story-events.test.ts[22m[39m
02:00:19 [[32minfo[39m]  Discovered 187 help files {"dir":"C:\\Users\\super\\Documents\\trae_projects\\AGG-main\\packages\\backend\\config\\agent-help"}

[90mstdout[2m | src/game-systems/shared/rule-parser/__tests__/TemplateRuleParser-fromSaveId.test.ts[22m[39m
02:00:19 [[32minfo[39m]  Discovered 187 help files {"dir":"C:\\Users\\super\\Documents\\trae_projects\\AGG-main\\packages\\backend\\config\\agent-help"}

 [32m鉁?[39m src/agents/prompt/__tests__/entity-graph-drive-dedup.test.ts [2m ([22m[2m3 tests[22m[2m)[22m[33m 987[2mms[22m[39m
[90mstdout[2m | src/agents/prompt/__tests__/entity-graph-drive-dedup.test.ts[22m[39m
02:00:19 [[32minfo[39m]  Help registry loaded: 22 tools {"tools":["batch_query_service","challenge_service","... (22 items)"]}
02:00:19 [[32minfo[39m]  Creating GameMasterAgent (as AgentRuntime with isSubAgent=false)
02:00:19 [[32minfo[39m]  Handler subscribed {"eventType":"dialogue"}
02:00:19 [[32minfo[39m]  Handler subscribed {"eventType":"combat_end"}
02:00:19 [[32minfo[39m]  AwarenessAutoSubscriber subscribed to dialogue + combat_end events
02:00:19 [[32minfo[39m]  Agent initialized: gamemaster - GameMasterAgent
02:00:19 [[32minfo[39m] [AGENT-START] Agent gamemaster starting {"agent":"gamemaster","provider":null,"toolsConfigured":1,"maxIterations":200,"isSubAgent":false}
02:00:19 [[32minfo[39m]  Handler subscribed {"eventType":"chapter_advanced"}
02:00:19 [[32minfo[39m]  Creating AgentRuntime instances from default profile: fantasy_rpg
02:00:19 [[32minfo[39m]  Creating agents from profile: fantasy_rpg {"agentCount":10}
02:00:19 [[32minfo[39m]  Agent initialized: gamemaster - GameMasterAgent
02:00:19 [[32minfo[39m] [AGENT-START] Agent gamemaster starting {"agent":"gamemaster","provider":null,"toolsConfigured":1,"maxIterations":200,"isSubAgent":false}
02:00:19 [[32minfo[39m]  Created AgentRuntime: gamemaster {"profile":"fantasy_rpg","tools":["all"]}
02:00:19 [[32minfo[39m]  Agent initialized: map - MapAgent
02:00:19 [[32minfo[39m] [AGENT-START] Agent map starting {"agent":"map","provider":null,"toolsConfigured":7,"maxIterations":200,"isSubAgent":true}
02:00:19 [[32minfo[39m]  Created AgentRuntime: map {"profile":"fantasy_rpg","tools":["map_service","npc_service","... (7 items)"]}
02:00:19 [[32minfo[39m]  Agent initialized: challenge - ChallengeAgent
02:00:19 [[32minfo[39m] [AGENT-START] Agent challenge starting {"agent":"challenge","provider":null,"toolsConfigured":9,"maxIterations":200,"isSubAgent":true}
02:00:19 [[32minfo[39m]  Created AgentRuntime: challenge {"profile":"fantasy_rpg","tools":["challenge_service","numerical_service","... (9 items)"]}
02:00:19 [[32minfo[39m]  Agent initialized: output - OutputAgent
02:00:19 [[32minfo[39m] [AGENT-START] Agent output starting {"agent":"output","provider":null,"toolsConfigured":5,"maxIterations":200,"isSubAgent":true}
02:00:19 [[32minfo[39m]  Created AgentRuntime: output {"profile":"fantasy_rpg","tools":["dialogue_service","dynamic_ui","... (5 items)"]}
02:00:19 [[32minfo[39m]  Agent initialized: quest - QuestAgent
02:00:19 [[32minfo[39m] [AGENT-START] Agent quest starting {"agent":"quest","provider":null,"toolsConfigured":11,"maxIterations":200,"isSubAgent":true}
02:00:19 [[32minfo[39m]  Created AgentRuntime: quest {"profile":"fantasy_rpg","tools":["quest_service","numerical_service","... (11 items)"]}
02:00:19 [[32minfo[39m]  Agent initialized: npc_party - NPCPartyAgent
02:00:19 [[32minfo[39m] [AGENT-START] Agent npc_party starting {"agent":"npc_party","provider":null,"toolsConfigured":9,"maxIterations":200,"isSubAgent":true}
02:00:19 [[32minfo[39m]  Created AgentRuntime: npc_party {"profile":"fantasy_rpg","tools":["npc_service","entity_graph_service","... (9 items)"]}
02:00:19 [[32minfo[39m]  Agent initialized: inventory - InventoryAgent
02:00:19 [[32minfo[39m] [AGENT-START] Agent inventory starting {"agent":"inventory","provider":null,"toolsConfigured":8,"maxIterations":200,"isSubAgent":true}
02:00:19 [[32minfo[39m]  Created AgentRuntime: inventory {"profile":"fantasy_rpg","tools":["inventory_service","template_pool_service","... (8 items)"]}
02:00:19 [[32minfo[39m]  Agent initialized: skill - SkillAgent
02:00:19 [[32minfo[39m] [AGENT-START] Agent skill starting {"agent":"skill","provider":null,"toolsConfigured":7,"maxIterations":200,"isSubAgent":true}
02:00:19 [[32minfo[39m]  Created AgentRuntime: skill {"profile":"fantasy_rpg","tools":["skill_service","template_pool_service","... (7 items)"]}
02:00:19 [[32minfo[39m]  Agent initialized: event - EventAgent
02:00:19 [[32minfo[39m] [AGENT-START] Agent event starting {"agent":"event","provider":null,"toolsConfigured":5,"maxIterations":200,"isSubAgent":true}
02:00:19 [[32minfo[39m]  Created AgentRuntime: event {"profile":"fantasy_rpg","tools":["event_service","game_time_service","... (5 items)"]}
02:00:19 [[32minfo[39m]  Agent initialized: time - TimeAgent
02:00:19 [[32minfo[39m] [AGENT-START] Agent time starting {"agent":"time","provider":null,"toolsConfigured":4,"maxIterations":200,"isSubAgent":true}
02:00:19 [[32minfo[39m]  Created AgentRuntime: time {"profile":"fantasy_rpg","tools":["game_time_service","rule_service","... (4 items)"]}
02:00:19 [[32minfo[39m]  Permissions configured from agent.tools for profile: fantasy_rpg
02:00:19 [[32minfo[39m]  YAML permissions configured
02:00:19 [[32minfo[39m]  Registering AgentRuntime instances to GameMasterAgent...
02:00:19 [[32minfo[39m]  Registered AgentRuntime to Coordinator: gamemaster
02:00:19 [[32minfo[39m]  Registered AgentRuntime to Coordinator: map
02:00:19 [[32minfo[39m]  Registered AgentRuntime to Coordinator: challenge
02:00:19 [[32minfo[39m]  Registered AgentRuntime to Coordinator: output
02:00:19 [[32minfo[39m]  Registered AgentRuntime to Coordinator: quest
02:00:19 [[32minfo[39m]  Registered AgentRuntime to Coordinator: npc_party
02:00:19 [[32minfo[39m]  Registered AgentRuntime to Coordinator: inventory
02:00:19 [[32minfo[39m]  Registered AgentRuntime to Coordinator: skill
02:00:19 [[32minfo[39m]  Registered AgentRuntime to Coordinator: event
02:00:19 [[32minfo[39m]  Registered AgentRuntime to Coordinator: time
02:00:19 [[32minfo[39m]  GameDataExpander configured (manifest path enabled)
02:00:19 [[32minfo[39m]  DedupService configured (dispatch log persistence enabled)
02:00:19 [[32minfo[39m]  Agent system initialized: 10 AgentRuntime instances created
鉁?Agent system initialized with 10 agents
鈿狅笍 YAML Agent system skipped: __vi_import_5__.initializeYamlAgentSystem is not a function
02:00:19 [[32minfo[39m]  Agent routes initialized
02:00:19 [[32minfo[39m]  Save routes initialized
02:00:19 [[32minfo[39m]  Synced template from YAML to DB: cthulhu-investigation
02:00:19 [[32minfo[39m]  Synced template from YAML to DB: cyberpunk-mercenary
02:00:19 [[32minfo[39m]  Synced template from YAML to DB: medieval-fantasy
02:00:19 [[32minfo[39m]  Synced template from YAML to DB: modern-romance
02:00:19 [[32minfo[39m]  Synced template from YAML to DB: xianxia
02:00:19 [[32minfo[39m]  Synced 5 templates from YAML to database
02:00:19 [[32minfo[39m]  Cache refreshed with 5 templates
02:00:19 [[32minfo[39m]  TemplateService loaded {"cachedTemplates":5}
鉁?Template YAML loaded and synced to DB
02:00:19 [[32minfo[39m]  Template routes initialized
鉁?Test environment setup complete
鉁?Database connection closed

[90mstdout[2m | src/game-systems/npc/__tests__/npc-modify-health.test.ts[2m > [22m[2mNPCService.modifyNpcHealth锛堟柊澧炵鍙ｏ級[2m > [22m[2mT1: delta 涓鸿礋 鈫?鎵?HP[2m > [22m[2mcurrentHp 50, delta -30 鈫?currentHp 20[22m[39m
02:00:19 [[32minfo[39m]  NPC health modified {"saveId":"save-1","npcId":"npc-1","delta":-30,"previous":50,"current":20,"max":100}

[90mstdout[2m | src/game-systems/npc/__tests__/npc-modify-health.test.ts[2m > [22m[2mNPCService.modifyNpcHealth锛堟柊澧炵鍙ｏ級[2m > [22m[2mT1: delta 涓鸿礋 鈫?鎵?HP[2m > [22m[2mcurrentHp 20, delta -50 鈫?clamp 鍒?0锛堜笉姝昏礋鏁帮級[22m[39m
02:00:19 [[32minfo[39m]  NPC health modified {"saveId":"save-1","npcId":"npc-1","delta":-50,"previous":20,"current":0,"max":100}

[90mstdout[2m | src/game-systems/npc/__tests__/npc-modify-health.test.ts[2m > [22m[2mNPCService.modifyNpcHealth锛堟柊澧炵鍙ｏ級[2m > [22m[2mT2: delta 涓烘 鈫?鍔?HP[2m > [22m[2mcurrentHp 50, delta +30 鈫?currentHp 80[22m[39m
02:00:19 [[32minfo[39m]  NPC health modified {"saveId":"save-1","npcId":"npc-1","delta":30,"previous":50,"current":80,"max":100}

[90mstdout[2m | src/game-systems/npc/__tests__/npc-modify-health.test.ts[2m > [22m[2mNPCService.modifyNpcHealth锛堟柊澧炵鍙ｏ級[2m > [22m[2mT2: delta 涓烘 鈫?鍔?HP[2m > [22m[2mcurrentHp 80, delta +50 鈫?clamp 鍒?maxHp 100[22m[39m
02:00:19 [[32minfo[39m]  NPC health modified {"saveId":"save-1","npcId":"npc-1","delta":50,"previous":80,"current":100,"max":100}

[90mstdout[2m | src/game-systems/npc/__tests__/npc-modify-health.test.ts[2m > [22m[2mNPCService.modifyNpcHealth锛堟柊澧炵鍙ｏ級[2m > [22m[2mT3: NPC 涓嶅瓨鍦?鈫?鎶涢敊[2m > [22m[2mfindById 杩斿洖 null 鈫?鎶?NPC not found 閿欒[22m[39m
02:00:19 [[31merror[39m]  Failed to modify NPC health {"saveId":"save-1","npcId":"npc-not-exist","delta":-10,"error":"NPC not found: npc-not-exist"}

[90mstdout[2m | src/game-systems/npc/__tests__/npc-modify-health.test.ts[2m > [22m[2mNPCService.modifyNpcHealth锛堟柊澧炵鍙ｏ級[2m > [22m[2mT4: trx 閫忎紶[2m > [22m[2m浼犲叆 trx 鈫?鍦ㄥ凡鏈変簨鍔″唴鎵ц锛屼笉璋冪敤 txManager.transaction[22m[39m
02:00:19 [[32minfo[39m]  NPC health modified {"saveId":"save-1","npcId":"npc-1","delta":-10,"previous":50,"current":40,"max":100}

[90mstdout[2m | src/game-systems/npc/__tests__/npc-modify-health.test.ts[2m > [22m[2mNPCService.modifyNpcHealth锛堟柊澧炵鍙ｏ級[2m > [22m[2mT4: trx 閫忎紶[2m > [22m[2m鏈紶 trx 鈫?鐢?txManager 寮€鏂颁簨鍔?[22m[39m
02:00:19 [[32minfo[39m]  NPC health modified {"saveId":"save-1","npcId":"npc-1","delta":-10,"previous":50,"current":40,"max":100}

[90mstdout[2m | src/game-systems/npc/__tests__/npc-modify-health.test.ts[22m[39m
02:00:19 [[32minfo[39m]  Help registry loaded: 22 tools {"tools":["batch_query_service","challenge_service","... (22 items)"]}
02:00:19 [[32minfo[39m]  Creating GameMasterAgent (as AgentRuntime with isSubAgent=false)
02:00:19 [[32minfo[39m]  Handler subscribed {"eventType":"dialogue"}
02:00:19 [[32minfo[39m]  Handler subscribed {"eventType":"combat_end"}
02:00:19 [[32minfo[39m]  AwarenessAutoSubscriber subscribed to dialogue + combat_end events
02:00:19 [[32minfo[39m]  Agent initialized: gamemaster - GameMasterAgent
02:00:19 [[32minfo[39m] [AGENT-START] Agent gamemaster starting {"agent":"gamemaster","provider":null,"toolsConfigured":1,"maxIterations":200,"isSubAgent":false}
02:00:19 [[32minfo[39m]  Handler subscribed {"eventType":"chapter_advanced"}
02:00:19 [[32minfo[39m]  Creating AgentRuntime instances from default profile: fantasy_rpg
02:00:19 [[32minfo[39m]  Creating agents from profile: fantasy_rpg {"agentCount":10}
02:00:19 [[32minfo[39m]  Agent initialized: gamemaster - GameMasterAgent
02:00:19 [[32minfo[39m] [AGENT-START] Agent gamemaster starting {"agent":"gamemaster","provider":null,"toolsConfigured":1,"maxIterations":200,"isSubAgent":false}
02:00:19 [[32minfo[39m]  Created AgentRuntime: gamemaster {"profile":"fantasy_rpg","tools":["all"]}
02:00:19 [[32minfo[39m]  Agent initialized: map - MapAgent
02:00:19 [[32minfo[39m] [AGENT-START] Agent map starting {"agent":"map","provider":null,"toolsConfigured":7,"maxIterations":200,"isSubAgent":true}
02:00:19 [[32minfo[39m]  Created AgentRuntime: map {"profile":"fantasy_rpg","tools":["map_service","npc_service","... (7 items)"]}
02:00:19 [[32minfo[39m]  Agent initialized: challenge - ChallengeAgent
02:00:19 [[32minfo[39m] [AGENT-START] Agent challenge starting {"agent":"challenge","provider":null,"toolsConfigured":9,"maxIterations":200,"isSubAgent":true}
02:00:19 [[32minfo[39m]  Created AgentRuntime: challenge {"profile":"fantasy_rpg","tools":["challenge_service","numerical_service","... (9 items)"]}
02:00:19 [[32minfo[39m]  Agent initialized: output - OutputAgent
02:00:19 [[32minfo[39m] [AGENT-START] Agent output starting {"agent":"output","provider":null,"toolsConfigured":5,"maxIterations":200,"isSubAgent":true}
02:00:19 [[32minfo[39m]  Created AgentRuntime: output {"profile":"fantasy_rpg","tools":["dialogue_service","dynamic_ui","... (5 items)"]}
02:00:19 [[32minfo[39m]  Agent initialized: quest - QuestAgent
02:00:19 [[32minfo[39m] [AGENT-START] Agent quest starting {"agent":"quest","provider":null,"toolsConfigured":11,"maxIterations":200,"isSubAgent":true}
02:00:19 [[32minfo[39m]  Created AgentRuntime: quest {"profile":"fantasy_rpg","tools":["quest_service","numerical_service","... (11 items)"]}
02:00:19 [[32minfo[39m]  Agent initialized: npc_party - NPCPartyAgent
02:00:19 [[32minfo[39m] [AGENT-START] Agent npc_party starting {"agent":"npc_party","provider":null,"toolsConfigured":9,"maxIterations":200,"isSubAgent":true}
02:00:19 [[32minfo[39m]  Created AgentRuntime: npc_party {"profile":"fantasy_rpg","tools":["npc_service","entity_graph_service","... (9 items)"]}
02:00:19 [[32minfo[39m]  Agent initialized: inventory - InventoryAgent
02:00:19 [[32minfo[39m] [AGENT-START] Agent inventory starting {"agent":"inventory","provider":null,"toolsConfigured":8,"maxIterations":200,"isSubAgent":true}
02:00:19 [[32minfo[39m]  Created AgentRuntime: inventory {"profile":"fantasy_rpg","tools":["inventory_service","template_pool_service","... (8 items)"]}
02:00:19 [[32minfo[39m]  Agent initialized: skill - SkillAgent
02:00:19 [[32minfo[39m] [AGENT-START] Agent skill starting {"agent":"skill","provider":null,"toolsConfigured":7,"maxIterations":200,"isSubAgent":true}
02:00:19 [[32minfo[39m]  Created AgentRuntime: skill {"profile":"fantasy_rpg","tools":["skill_service","template_pool_service","... (7 items)"]}
02:00:19 [[32minfo[39m]  Agent initialized: event - EventAgent
02:00:19 [[32minfo[39m] [AGENT-START] Agent event starting {"agent":"event","provider":null,"toolsConfigured":5,"maxIterations":200,"isSubAgent":true}
02:00:19 [[32minfo[39m]  Created AgentRuntime: event {"profile":"fantasy_rpg","tools":["event_service","game_time_service","... (5 items)"]}
02:00:19 [[32minfo[39m]  Agent initialized: time - TimeAgent
02:00:19 [[32minfo[39m] [AGENT-START] Agent time starting {"agent":"time","provider":null,"toolsConfigured":4,"maxIterations":200,"isSubAgent":true}
02:00:19 [[32minfo[39m]  Created AgentRuntime: time {"profile":"fantasy_rpg","tools":["game_time_service","rule_service","... (4 items)"]}
02:00:19 [[32minfo[39m]  Permissions configured from agent.tools for profile: fantasy_rpg
02:00:19 [[32minfo[39m]  YAML permissions configured
02:00:19 [[32minfo[39m]  Registering AgentRuntime instances to GameMasterAgent...
02:00:19 [[32minfo[39m]  Registered AgentRuntime to Coordinator: gamemaster
02:00:19 [[32minfo[39m]  Registered AgentRuntime to Coordinator: map
02:00:19 [[32minfo[39m]  Registered AgentRuntime to Coordinator: challenge
02:00:19 [[32minfo[39m]  Registered AgentRuntime to Coordinator: output
02:00:19 [[32minfo[39m]  Registered AgentRuntime to Coordinator: quest
02:00:19 [[32minfo[39m]  Registered AgentRuntime to Coordinator: npc_party
02:00:19 [[32minfo[39m]  Registered AgentRuntime to Coordinator: inventory
02:00:19 [[32minfo[39m]  Registered AgentRuntime to Coordinator: skill
02:00:19 [[32minfo[39m]  Registered AgentRuntime to Coordinator: event
02:00:19 [[32minfo[39m]  Registered AgentRuntime to Coordinator: time
02:00:19 [[32minfo[39m]  GameDataExpander configured (manifest path enabled)
02:00:19 [[32minfo[39m]  DedupService configured (dispatch log persistence enabled)
02:00:19 [[32minfo[39m]  Agent system initialized: 10 AgentRuntime instances created
鉁?Agent system initialized with 10 agents
鈿狅笍 YAML Agent system skipped: __vi_import_5__.initializeYamlAgentSystem is not a function
02:00:19 [[32minfo[39m]  Agent routes initialized
02:00:19 [[32minfo[39m]  Save routes initialized
02:00:19 [[32minfo[39m]  Synced template from YAML to DB: cthulhu-investigation
02:00:19 [[32minfo[39m]  Synced template from YAML to DB: cyberpunk-mercenary
02:00:19 [[32minfo[39m]  Synced template from YAML to DB: medieval-fantasy
02:00:19 [[32minfo[39m]  Synced template from YAML to DB: modern-romance
02:00:19 [[32minfo[39m]  Synced template from YAML to DB: xianxia
02:00:19 [[32minfo[39m]  Synced 5 templates from YAML to database
02:00:19 [[32minfo[39m]  Cache refreshed with 5 templates
02:00:19 [[32minfo[39m]  TemplateService loaded {"cachedTemplates":5}
鉁?Template YAML loaded and synced to DB
02:00:19 [[32minfo[39m]  Template routes initialized
鉁?Test environment setup complete
鉁?Database connection closed

 [32m鉁?[39m src/game-systems/npc/__tests__/npc-modify-health.test.ts [2m ([22m[2m7 tests[22m[2m)[22m[33m 3722[2mms[22m[39m
[90mstdout[2m | src/game-systems/story/__tests__/StoryService.story-events.test.ts[2m > [22m[2mStoryService story_events single write[2m > [22m[2maddStoryEvent 鍦ㄥ悓绔犲悓绫诲瀷鍚屾爣棰樺凡瀛樺湪鏃跺簲澶嶇敤宸叉湁璁板綍鑰屼笉鏄噸澶嶅啓鍏?[22m[39m
02:00:19 [[32minfo[39m]  Story event reused: 鐜╁棣栨纭鏉戝簞寮傚彉绾跨储 {"saveId":"save-1"}

[90mstdout[2m | src/game-systems/story/__tests__/StoryService.story-events.test.ts[2m > [22m[2mStoryService story_events single write[2m > [22m[2maddStoryEvent 鍦ㄦ柊澧炶褰曟椂搴旀寔涔呭寲 importance锛屾湭鎻愪緵鏃堕粯璁?minor[22m[39m
02:00:19 [[32minfo[39m]  Story event added: 鐜╁鎺ュ埌鏉戦暱濮旀墭 {"saveId":"save-1"}

 [32m鉁?[39m src/game-systems/story/__tests__/StoryService.story-events.test.ts [2m ([22m[2m2 tests[22m[2m)[22m[33m 726[2mms[22m[39m
[90mstdout[2m | src/game-systems/story/__tests__/StoryService.story-events.test.ts[22m[39m
02:00:19 [[32minfo[39m]  Help registry loaded: 22 tools {"tools":["batch_query_service","challenge_service","... (22 items)"]}
02:00:19 [[32minfo[39m]  Creating GameMasterAgent (as AgentRuntime with isSubAgent=false)
02:00:19 [[32minfo[39m]  Handler subscribed {"eventType":"dialogue"}
02:00:19 [[32minfo[39m]  Handler subscribed {"eventType":"combat_end"}
02:00:19 [[32minfo[39m]  AwarenessAutoSubscriber subscribed to dialogue + combat_end events
02:00:19 [[32minfo[39m]  Agent initialized: gamemaster - GameMasterAgent
02:00:19 [[32minfo[39m] [AGENT-START] Agent gamemaster starting {"agent":"gamemaster","provider":null,"toolsConfigured":1,"maxIterations":200,"isSubAgent":false}
02:00:19 [[32minfo[39m]  Handler subscribed {"eventType":"chapter_advanced"}
02:00:19 [[32minfo[39m]  Creating AgentRuntime instances from default profile: fantasy_rpg
02:00:19 [[32minfo[39m]  Creating agents from profile: fantasy_rpg {"agentCount":10}
02:00:19 [[32minfo[39m]  Agent initialized: gamemaster - GameMasterAgent
02:00:19 [[32minfo[39m] [AGENT-START] Agent gamemaster starting {"agent":"gamemaster","provider":null,"toolsConfigured":1,"maxIterations":200,"isSubAgent":false}
02:00:19 [[32minfo[39m]  Created AgentRuntime: gamemaster {"profile":"fantasy_rpg","tools":["all"]}
02:00:19 [[32minfo[39m]  Agent initialized: map - MapAgent
02:00:19 [[32minfo[39m] [AGENT-START] Agent map starting {"agent":"map","provider":null,"toolsConfigured":7,"maxIterations":200,"isSubAgent":true}
02:00:19 [[32minfo[39m]  Created AgentRuntime: map {"profile":"fantasy_rpg","tools":["map_service","npc_service","... (7 items)"]}
02:00:19 [[32minfo[39m]  Agent initialized: challenge - ChallengeAgent
02:00:19 [[32minfo[39m] [AGENT-START] Agent challenge starting {"agent":"challenge","provider":null,"toolsConfigured":9,"maxIterations":200,"isSubAgent":true}
02:00:19 [[32minfo[39m]  Created AgentRuntime: challenge {"profile":"fantasy_rpg","tools":["challenge_service","numerical_service","... (9 items)"]}
02:00:19 [[32minfo[39m]  Agent initialized: output - OutputAgent
02:00:19 [[32minfo[39m] [AGENT-START] Agent output starting {"agent":"output","provider":null,"toolsConfigured":5,"maxIterations":200,"isSubAgent":true}
02:00:19 [[32minfo[39m]  Created AgentRuntime: output {"profile":"fantasy_rpg","tools":["dialogue_service","dynamic_ui","... (5 items)"]}
02:00:19 [[32minfo[39m]  Agent initialized: quest - QuestAgent
02:00:19 [[32minfo[39m] [AGENT-START] Agent quest starting {"agent":"quest","provider":null,"toolsConfigured":11,"maxIterations":200,"isSubAgent":true}
02:00:19 [[32minfo[39m]  Created AgentRuntime: quest {"profile":"fantasy_rpg","tools":["quest_service","numerical_service","... (11 items)"]}
02:00:19 [[32minfo[39m]  Agent initialized: npc_party - NPCPartyAgent
02:00:19 [[32minfo[39m] [AGENT-START] Agent npc_party starting {"agent":"npc_party","provider":null,"toolsConfigured":9,"maxIterations":200,"isSubAgent":true}
02:00:19 [[32minfo[39m]  Created AgentRuntime: npc_party {"profile":"fantasy_rpg","tools":["npc_service","entity_graph_service","... (9 items)"]}
02:00:19 [[32minfo[39m]  Agent initialized: inventory - InventoryAgent
02:00:19 [[32minfo[39m] [AGENT-START] Agent inventory starting {"agent":"inventory","provider":null,"toolsConfigured":8,"maxIterations":200,"isSubAgent":true}
02:00:19 [[32minfo[39m]  Created AgentRuntime: inventory {"profile":"fantasy_rpg","tools":["inventory_service","template_pool_service","... (8 items)"]}
02:00:19 [[32minfo[39m]  Agent initialized: skill - SkillAgent
02:00:19 [[32minfo[39m] [AGENT-START] Agent skill starting {"agent":"skill","provider":null,"toolsConfigured":7,"maxIterations":200,"isSubAgent":true}
02:00:19 [[32minfo[39m]  Created AgentRuntime: skill {"profile":"fantasy_rpg","tools":["skill_service","template_pool_service","... (7 items)"]}
02:00:19 [[32minfo[39m]  Agent initialized: event - EventAgent
02:00:19 [[32minfo[39m] [AGENT-START] Agent event starting {"agent":"event","provider":null,"toolsConfigured":5,"maxIterations":200,"isSubAgent":true}
02:00:19 [[32minfo[39m]  Created AgentRuntime: event {"profile":"fantasy_rpg","tools":["event_service","game_time_service","... (5 items)"]}
02:00:19 [[32minfo[39m]  Agent initialized: time - TimeAgent
02:00:19 [[32minfo[39m] [AGENT-START] Agent time starting {"agent":"time","provider":null,"toolsConfigured":4,"maxIterations":200,"isSubAgent":true}
02:00:19 [[32minfo[39m]  Created AgentRuntime: time {"profile":"fantasy_rpg","tools":["game_time_service","rule_service","... (4 items)"]}
02:00:19 [[32minfo[39m]  Permissions configured from agent.tools for profile: fantasy_rpg
02:00:19 [[32minfo[39m]  YAML permissions configured
02:00:19 [[32minfo[39m]  Registering AgentRuntime instances to GameMasterAgent...
02:00:19 [[32minfo[39m]  Registered AgentRuntime to Coordinator: gamemaster
02:00:19 [[32minfo[39m]  Registered AgentRuntime to Coordinator: map
02:00:19 [[32minfo[39m]  Registered AgentRuntime to Coordinator: challenge
02:00:19 [[32minfo[39m]  Registered AgentRuntime to Coordinator: output
02:00:19 [[32minfo[39m]  Registered AgentRuntime to Coordinator: quest
02:00:19 [[32minfo[39m]  Registered AgentRuntime to Coordinator: npc_party
02:00:19 [[32minfo[39m]  Registered AgentRuntime to Coordinator: inventory
02:00:19 [[32minfo[39m]  Registered AgentRuntime to Coordinator: skill
02:00:19 [[32minfo[39m]  Registered AgentRuntime to Coordinator: event
02:00:19 [[32minfo[39m]  Registered AgentRuntime to Coordinator: time
02:00:19 [[32minfo[39m]  GameDataExpander configured (manifest path enabled)
02:00:19 [[32minfo[39m]  DedupService configured (dispatch log persistence enabled)
02:00:19 [[32minfo[39m]  Agent system initialized: 10 AgentRuntime instances created
鉁?Agent system initialized with 10 agents
鈿狅笍 YAML Agent system skipped: __vi_import_5__.initializeYamlAgentSystem is not a function
02:00:19 [[32minfo[39m]  Agent routes initialized
02:00:19 [[32minfo[39m]  Save routes initialized
02:00:19 [[32minfo[39m]  Synced template from YAML to DB: cthulhu-investigation
02:00:19 [[32minfo[39m]  Synced template from YAML to DB: cyberpunk-mercenary
02:00:19 [[32minfo[39m]  Synced template from YAML to DB: medieval-fantasy
02:00:19 [[32minfo[39m]  Synced template from YAML to DB: modern-romance
02:00:19 [[32minfo[39m]  Synced template from YAML to DB: xianxia
02:00:19 [[32minfo[39m]  Synced 5 templates from YAML to database
02:00:19 [[32minfo[39m]  Cache refreshed with 5 templates
02:00:19 [[32minfo[39m]  TemplateService loaded {"cachedTemplates":5}
鉁?Template YAML loaded and synced to DB
02:00:19 [[32minfo[39m]  Template routes initialized
鉁?Test environment setup complete
鉁?Database connection closed

[90mstdout[2m | src/game-systems/shared/rule-parser/__tests__/TemplateRuleParser-fromSaveId.test.ts[22m[39m
02:00:19 [[32minfo[39m]  Help registry loaded: 22 tools {"tools":["batch_query_service","challenge_service","... (22 items)"]}
02:00:19 [[32minfo[39m]  Creating GameMasterAgent (as AgentRuntime with isSubAgent=false)
02:00:19 [[32minfo[39m]  Handler subscribed {"eventType":"dialogue"}
02:00:19 [[32minfo[39m]  Handler subscribed {"eventType":"combat_end"}
02:00:19 [[32minfo[39m]  AwarenessAutoSubscriber subscribed to dialogue + combat_end events
02:00:19 [[32minfo[39m]  Agent initialized: gamemaster - GameMasterAgent
02:00:19 [[32minfo[39m] [AGENT-START] Agent gamemaster starting {"agent":"gamemaster","provider":null,"toolsConfigured":1,"maxIterations":200,"isSubAgent":false}
02:00:19 [[32minfo[39m]  Handler subscribed {"eventType":"chapter_advanced"}
02:00:19 [[32minfo[39m]  Creating AgentRuntime instances from default profile: fantasy_rpg
02:00:19 [[32minfo[39m]  Creating agents from profile: fantasy_rpg {"agentCount":10}
02:00:19 [[32minfo[39m]  Agent initialized: gamemaster - GameMasterAgent
02:00:19 [[32minfo[39m] [AGENT-START] Agent gamemaster starting {"agent":"gamemaster","provider":null,"toolsConfigured":1,"maxIterations":200,"isSubAgent":false}
02:00:19 [[32minfo[39m]  Created AgentRuntime: gamemaster {"profile":"fantasy_rpg","tools":["all"]}
02:00:19 [[32minfo[39m]  Agent initialized: map - MapAgent
02:00:19 [[32minfo[39m] [AGENT-START] Agent map starting {"agent":"map","provider":null,"toolsConfigured":7,"maxIterations":200,"isSubAgent":true}
02:00:19 [[32minfo[39m]  Created AgentRuntime: map {"profile":"fantasy_rpg","tools":["map_service","npc_service","... (7 items)"]}
02:00:19 [[32minfo[39m]  Agent initialized: challenge - ChallengeAgent
02:00:19 [[32minfo[39m] [AGENT-START] Agent challenge starting {"agent":"challenge","provider":null,"toolsConfigured":9,"maxIterations":200,"isSubAgent":true}
02:00:19 [[32minfo[39m]  Created AgentRuntime: challenge {"profile":"fantasy_rpg","tools":["challenge_service","numerical_service","... (9 items)"]}
02:00:19 [[32minfo[39m]  Agent initialized: output - OutputAgent
02:00:19 [[32minfo[39m] [AGENT-START] Agent output starting {"agent":"output","provider":null,"toolsConfigured":5,"maxIterations":200,"isSubAgent":true}
02:00:19 [[32minfo[39m]  Created AgentRuntime: output {"profile":"fantasy_rpg","tools":["dialogue_service","dynamic_ui","... (5 items)"]}
02:00:19 [[32minfo[39m]  Agent initialized: quest - QuestAgent
02:00:19 [[32minfo[39m] [AGENT-START] Agent quest starting {"agent":"quest","provider":null,"toolsConfigured":11,"maxIterations":200,"isSubAgent":true}
02:00:19 [[32minfo[39m]  Created AgentRuntime: quest {"profile":"fantasy_rpg","tools":["quest_service","numerical_service","... (11 items)"]}
02:00:19 [[32minfo[39m]  Agent initialized: npc_party - NPCPartyAgent
02:00:19 [[32minfo[39m] [AGENT-START] Agent npc_party starting {"agent":"npc_party","provider":null,"toolsConfigured":9,"maxIterations":200,"isSubAgent":true}
02:00:19 [[32minfo[39m]  Created AgentRuntime: npc_party {"profile":"fantasy_rpg","tools":["npc_service","entity_graph_service","... (9 items)"]}
02:00:19 [[32minfo[39m]  Agent initialized: inventory - InventoryAgent
02:00:19 [[32minfo[39m] [AGENT-START] Agent inventory starting {"agent":"inventory","provider":null,"toolsConfigured":8,"maxIterations":200,"isSubAgent":true}
02:00:19 [[32minfo[39m]  Created AgentRuntime: inventory {"profile":"fantasy_rpg","tools":["inventory_service","template_pool_service","... (8 items)"]}
02:00:19 [[32minfo[39m]  Agent initialized: skill - SkillAgent
02:00:19 [[32minfo[39m] [AGENT-START] Agent skill starting {"agent":"skill","provider":null,"toolsConfigured":7,"maxIterations":200,"isSubAgent":true}
02:00:19 [[32minfo[39m]  Created AgentRuntime: skill {"profile":"fantasy_rpg","tools":["skill_service","template_pool_service","... (7 items)"]}
02:00:19 [[32minfo[39m]  Agent initialized: event - EventAgent
02:00:19 [[32minfo[39m] [AGENT-START] Agent event starting {"agent":"event","provider":null,"toolsConfigured":5,"maxIterations":200,"isSubAgent":true}
02:00:19 [[32minfo[39m]  Created AgentRuntime: event {"profile":"fantasy_rpg","tools":["event_service","game_time_service","... (5 items)"]}
02:00:19 [[32minfo[39m]  Agent initialized: time - TimeAgent
02:00:19 [[32minfo[39m] [AGENT-START] Agent time starting {"agent":"time","provider":null,"toolsConfigured":4,"maxIterations":200,"isSubAgent":true}
02:00:19 [[32minfo[39m]  Created AgentRuntime: time {"profile":"fantasy_rpg","tools":["game_time_service","rule_service","... (4 items)"]}
02:00:19 [[32minfo[39m]  Permissions configured from agent.tools for profile: fantasy_rpg
02:00:19 [[32minfo[39m]  YAML permissions configured
02:00:19 [[32minfo[39m]  Registering AgentRuntime instances to GameMasterAgent...
02:00:19 [[32minfo[39m]  Registered AgentRuntime to Coordinator: gamemaster
02:00:19 [[32minfo[39m]  Registered AgentRuntime to Coordinator: map
02:00:19 [[32minfo[39m]  Registered AgentRuntime to Coordinator: challenge
02:00:19 [[32minfo[39m]  Registered AgentRuntime to Coordinator: output
02:00:19 [[32minfo[39m]  Registered AgentRuntime to Coordinator: quest
02:00:19 [[32minfo[39m]  Registered AgentRuntime to Coordinator: npc_party
02:00:19 [[32minfo[39m]  Registered AgentRuntime to Coordinator: inventory
02:00:19 [[32minfo[39m]  Registered AgentRuntime to Coordinator: skill
02:00:19 [[32minfo[39m]  Registered AgentRuntime to Coordinator: event
02:00:19 [[32minfo[39m]  Registered AgentRuntime to Coordinator: time
02:00:19 [[32minfo[39m]  GameDataExpander configured (manifest path enabled)
02:00:19 [[32minfo[39m]  DedupService configured (dispatch log persistence enabled)
02:00:19 [[32minfo[39m]  Agent system initialized: 10 AgentRuntime instances created
鉁?Agent system initialized with 10 agents
鈿狅笍 YAML Agent system skipped: __vi_import_5__.initializeYamlAgentSystem is not a function
02:00:19 [[32minfo[39m]  Agent routes initialized
02:00:19 [[32minfo[39m]  Save routes initialized
02:00:19 [[32minfo[39m]  Synced template from YAML to DB: cthulhu-investigation
02:00:19 [[32minfo[39m]  Synced template from YAML to DB: cyberpunk-mercenary
02:00:19 [[32minfo[39m]  Synced template from YAML to DB: medieval-fantasy
02:00:19 [[32minfo[39m]  Synced template from YAML to DB: modern-romance
02:00:19 [[32minfo[39m]  Synced template from YAML to DB: xianxia
02:00:19 [[32minfo[39m]  Synced 5 templates from YAML to database
02:00:19 [[32minfo[39m]  Cache refreshed with 5 templates
02:00:19 [[32minfo[39m]  TemplateService loaded {"cachedTemplates":5}
鉁?Template YAML loaded and synced to DB
02:00:19 [[32minfo[39m]  Template routes initialized
鉁?Test environment setup complete

[90mstdout[2m | src/game-systems/shared/rule-parser/__tests__/TemplateRuleParser-fromSaveId.test.ts[22m[39m
鉁?Database connection closed

 [33m鉂?[39m src/game-systems/shared/rule-parser/__tests__/TemplateRuleParser-fromSaveId.test.ts [2m ([22m[2m5 tests[22m [2m|[22m [31m1 failed[39m[2m)[22m[33m 778[2mms[22m[39m
[31m   [33m鉂?[31m src/game-systems/shared/rule-parser/__tests__/TemplateRuleParser-fromSaveId.test.ts[2m > [22mTemplateRuleParser.fromSaveId 鈥?姝讳唬鐮佽矾寰勬竻鐞?[2m > [22mraw_content 涓虹┖鏃朵娇鐢ㄩ粯璁ゅ€?[39m
[31m     鈫?expected 'turn_based' to be 'encounter' // Object.is equality[39m
[90mstdout[2m | src/routes/__tests__/game-trace-ids.test.ts[22m[39m
馃И Setting up comprehensive test environment...
鉁?Database connected
Running migration: 001_init.ts

[90mstdout[2m | src/game-systems/shared/mode-router/__tests__/integration-test.test.ts[22m[39m
馃И Setting up comprehensive test environment...
鉁?Database connected
Running migration: 001_init.ts

[90mstdout[2m | src/routes/__tests__/game-trace-ids.test.ts[22m[39m
Migration 001_init.ts completed successfully
Running migration: 002_add_equipped_index.ts

[90mstdout[2m | src/routes/__tests__/game-trace-ids.test.ts[22m[39m
Migration 002_add_equipped_index.ts completed successfully
Running migration: 003_fix_information_boundaries_timestamps.ts
Migration 003_fix_information_boundaries_timestamps.ts completed successfully
Running migration: 004_drop_information_boundaries.ts
004_drop_information_boundaries: information_boundaries table not found, skipping migration
004_drop_information_boundaries: cleared custom_data.knowledge from 0 NPCs
Migration 004_drop_information_boundaries.ts completed successfully
Running migration: 005_drop_npc_relations.ts
005_drop_npc_relations: dropped npc_relations table
Migration 005_drop_npc_relations.ts completed successfully
Running migration: 006_awareness_relationship_events_states.ts
006: created entity_awareness_events table
006: created entity_awareness_states table
006: created entity_relationship_events table
006: created entity_relationship_states table
Migration 006_awareness_relationship_events_states.ts completed successfully
Running migration: 007_add_combat_mode.ts
007: added combat_states.mode column
Migration 007_add_combat_mode.ts completed successfully
Running migration: 008_add_saves_active_challenge_mode.ts
008: added saves.active_challenge_mode column
Migration 008_add_saves_active_challenge_mode.ts completed successfully
All migrations completed
鉁?Migrations completed
All seeds completed
鉁?Seeds completed
02:00:21 [[32minfo[39m]  Starting YAML-driven Agent system initialization
02:00:21 [[32minfo[39m]  Seeding ModelConfigService from environment
02:00:21 [[32minfo[39m]  No DEEPSEEK_API_KEY env var found, skipping env seed
02:00:21 [[32minfo[39m]  Seeded provider from convict config {"providerType":"openai","providerId":"4ae2b86a-4711-4678-94dc-275e4e075cc0","model":"openrouter/free"}
02:00:21 [[32minfo[39m]  Creating LLMService with ModelConfigService
02:00:21 [[32minfo[39m]  Creating ContextService and DecisionLogService instances
02:00:21 [[32minfo[39m]  Initializing YAML-driven Agent profiles...
02:00:21 [[32minfo[39m]  Loading config from directory: C:\Users\super\Documents\trae_projects\AGG-main\packages\backend\config
02:00:21 [[32minfo[39m]  Loaded agent profile: fantasy_rpg
02:00:21 [[32minfo[39m]  Loaded agent profile: minimal_test
02:00:21 [[32minfo[39m]  Loaded 0 non-builtin profiles from database (0 builtin skipped, using YAML)
02:00:21 [[32minfo[39m]  Config loaded successfully: 2 profiles
02:00:21 [[32minfo[39m]  YAML config loaded successfully
02:00:21 [[32minfo[39m]  Context rules loaded {"agentCount":10}
02:00:21 [[32minfo[39m]  Default manifests loaded {"agentTypeCount":6,"manifestCount":8}
02:00:21 [[32minfo[39m]  Context rules file watcher started {"path":"C:\\Users\\super\\Documents\\trae_projects\\AGG-main\\packages\\backend\\config\\agent-context-rules.yaml"}
02:00:21 [[32minfo[39m]  Loaded 10 agent capabilities from YAML profiles
02:00:21 [[32minfo[39m]  ToolRegistry initialized
02:00:21 [[32minfo[39m]  Registering ServiceTools to ToolRegistry
02:00:21 [[32minfo[39m]  Tool registered: game_time_service - GameTime Service (v1.0.0)
02:00:21 [[32minfo[39m]  Tool registered: numerical_service - Numerical Service (v1.0.0)
02:00:21 [[32minfo[39m]  Tool registered: character_service - Character Service (v1.0.0)
02:00:21 [[32minfo[39m]  Tool registered: inventory_service - Inventory Service (v1.0.0)
02:00:21 [[32minfo[39m]  Tool registered: skill_service - Skill Service (v1.1.0)
02:00:21 [[32minfo[39m]  Tool registered: map_service - Map Service (v2.0.0)
02:00:21 [[32minfo[39m]  Tool registered: npc_service - NPC Service (v1.0.0)
02:00:21 [[32minfo[39m]  Tool registered: dialogue_service - Dialogue Service (v1.0.0)
02:00:21 [[32minfo[39m]  Tool registered: quest_service - Quest Service (v1.0.0)
02:00:21 [[32minfo[39m]  Tool registered: challenge_service - Challenge Service (v1.0.0)
02:00:21 [[32minfo[39m]  Tool registered: event_service - Event Service (v1.0.0)
02:00:21 [[32minfo[39m]  Tool registered: story_service - Story Service (v1.0.0)
02:00:21 [[32minfo[39m]  Tool registered: game_init_service - Game Init Service (v2.0.0)
02:00:21 [[32minfo[39m]  Tool registered: batch_query_service - Batch Query Service (v1.0.0)
02:00:21 [[32minfo[39m]  Tool registered: entity_graph_service - Entity Graph Service (v1.0.0)
02:00:21 [[32minfo[39m]  Tool registered: template_pool_service - Template Pool Service (v1.0.0)
02:00:21 [[32minfo[39m]  Tool registered: dynamic_ui - Dynamic UI Service (v1.0.0)
02:00:21 [[32minfo[39m]  Tool registered: generate_options - Generate Options Service (v2.0.0)
02:00:21 [[32minfo[39m]  Tool registered: coordinator_service - Coordinator Service (v1.0.0)
02:00:21 [[32minfo[39m]  Tool registered: rule_service - Rule Service (v1.0.0)
02:00:21 [[32minfo[39m]  Tool registered: skill_loader - Skill Loader (v1.0.0)
02:00:21 [[32minfo[39m]  Tool registered: help_service - Help Service (v1.0.0)
02:00:21 [[32minfo[39m]  Tool registered: memory_service - Memory Service (v1.0.0)
02:00:21 [[32minfo[39m]  Registered 23 ServiceTools to ToolRegistry
02:00:21 [[32minfo[39m]  Tool reference validation passed

[90mstdout[2m | src/game-systems/shared/mode-router/__tests__/integration-test.test.ts[22m[39m
Migration 001_init.ts completed successfully
Running migration: 002_add_equipped_index.ts
Migration 002_add_equipped_index.ts completed successfully
Running migration: 003_fix_information_boundaries_timestamps.ts
Migration 003_fix_information_boundaries_timestamps.ts completed successfully
Running migration: 004_drop_information_boundaries.ts
004_drop_information_boundaries: information_boundaries table not found, skipping migration
004_drop_information_boundaries: cleared custom_data.knowledge from 0 NPCs
Migration 004_drop_information_boundaries.ts completed successfully
Running migration: 005_drop_npc_relations.ts
005_drop_npc_relations: dropped npc_relations table
Migration 005_drop_npc_relations.ts completed successfully
Running migration: 006_awareness_relationship_events_states.ts
006: created entity_awareness_events table
006: created entity_awareness_states table
006: created entity_relationship_events table
006: created entity_relationship_states table
Migration 006_awareness_relationship_events_states.ts completed successfully
Running migration: 007_add_combat_mode.ts
007: added combat_states.mode column
Migration 007_add_combat_mode.ts completed successfully
Running migration: 008_add_saves_active_challenge_mode.ts
008: added saves.active_challenge_mode column
Migration 008_add_saves_active_challenge_mode.ts completed successfully
All migrations completed
鉁?Migrations completed
All seeds completed
鉁?Seeds completed
02:00:21 [[32minfo[39m]  Starting YAML-driven Agent system initialization
02:00:21 [[32minfo[39m]  Seeding ModelConfigService from environment
02:00:21 [[32minfo[39m]  No DEEPSEEK_API_KEY env var found, skipping env seed
02:00:21 [[32minfo[39m]  Seeded provider from convict config {"providerType":"openai","providerId":"efa1f969-abfd-44ce-a2a0-f4923455890f","model":"openrouter/free"}
02:00:21 [[32minfo[39m]  Creating LLMService with ModelConfigService
02:00:21 [[32minfo[39m]  Creating ContextService and DecisionLogService instances
02:00:21 [[32minfo[39m]  Initializing YAML-driven Agent profiles...
02:00:21 [[32minfo[39m]  Loading config from directory: C:\Users\super\Documents\trae_projects\AGG-main\packages\backend\config
02:00:21 [[32minfo[39m]  Loaded agent profile: fantasy_rpg
02:00:21 [[32minfo[39m]  Loaded agent profile: minimal_test
02:00:21 [[32minfo[39m]  Loaded 0 non-builtin profiles from database (0 builtin skipped, using YAML)
02:00:21 [[32minfo[39m]  Config loaded successfully: 2 profiles
02:00:21 [[32minfo[39m]  YAML config loaded successfully
02:00:21 [[32minfo[39m]  Context rules loaded {"agentCount":10}
02:00:21 [[32minfo[39m]  Default manifests loaded {"agentTypeCount":6,"manifestCount":8}
02:00:21 [[32minfo[39m]  Context rules file watcher started {"path":"C:\\Users\\super\\Documents\\trae_projects\\AGG-main\\packages\\backend\\config\\agent-context-rules.yaml"}
02:00:21 [[32minfo[39m]  Loaded 10 agent capabilities from YAML profiles
02:00:21 [[32minfo[39m]  ToolRegistry initialized
02:00:21 [[32minfo[39m]  Registering ServiceTools to ToolRegistry
02:00:21 [[32minfo[39m]  Tool registered: game_time_service - GameTime Service (v1.0.0)
02:00:21 [[32minfo[39m]  Tool registered: numerical_service - Numerical Service (v1.0.0)
02:00:21 [[32minfo[39m]  Tool registered: character_service - Character Service (v1.0.0)
02:00:21 [[32minfo[39m]  Tool registered: inventory_service - Inventory Service (v1.0.0)
02:00:21 [[32minfo[39m]  Tool registered: skill_service - Skill Service (v1.1.0)
02:00:21 [[32minfo[39m]  Tool registered: map_service - Map Service (v2.0.0)
02:00:21 [[32minfo[39m]  Tool registered: npc_service - NPC Service (v1.0.0)
02:00:21 [[32minfo[39m]  Tool registered: dialogue_service - Dialogue Service (v1.0.0)
02:00:21 [[32minfo[39m]  Tool registered: quest_service - Quest Service (v1.0.0)
02:00:21 [[32minfo[39m]  Tool registered: challenge_service - Challenge Service (v1.0.0)
02:00:21 [[32minfo[39m]  Tool registered: event_service - Event Service (v1.0.0)
02:00:21 [[32minfo[39m]  Tool registered: story_service - Story Service (v1.0.0)
02:00:21 [[32minfo[39m]  Tool registered: game_init_service - Game Init Service (v2.0.0)
02:00:21 [[32minfo[39m]  Tool registered: batch_query_service - Batch Query Service (v1.0.0)
02:00:21 [[32minfo[39m]  Tool registered: entity_graph_service - Entity Graph Service (v1.0.0)
02:00:21 [[32minfo[39m]  Tool registered: template_pool_service - Template Pool Service (v1.0.0)
02:00:21 [[32minfo[39m]  Tool registered: dynamic_ui - Dynamic UI Service (v1.0.0)
02:00:21 [[32minfo[39m]  Tool registered: generate_options - Generate Options Service (v2.0.0)
02:00:21 [[32minfo[39m]  Tool registered: coordinator_service - Coordinator Service (v1.0.0)
02:00:21 [[32minfo[39m]  Tool registered: rule_service - Rule Service (v1.0.0)
02:00:21 [[32minfo[39m]  Tool registered: skill_loader - Skill Loader (v1.0.0)
02:00:21 [[32minfo[39m]  Tool registered: help_service - Help Service (v1.0.0)
02:00:21 [[32minfo[39m]  Tool registered: memory_service - Memory Service (v1.0.0)
02:00:21 [[32minfo[39m]  Registered 23 ServiceTools to ToolRegistry
02:00:21 [[32minfo[39m]  Tool reference validation passed

[90mstdout[2m | tests/agent-system/lifecycle.test.ts[2m > [22m[2mAgent Lifecycle and State Management[2m > [22m[2mAgent Status Management[2m > [22m[2mshould return agent status to idle after processing a direct message[22m[39m
02:00:21 [[32minfo[39m] [LLM-INPUT] LLM input for output, iteration 1 (full context) iter=1 eac10efc {"agent":"output","model":"openrouter/free","provider":"5f23448c-47dc-4128-8ccc-fa16f9550481","cumulativeMessages":2,"toolsCount":9,"messages":[{"role":"system","content":"浣犳槸杈撳嚭Agent锛圠ayer 3锛夛紝璐熻矗AI-generated Games涓殑瀵硅瘽鍙欎簨鐢熸垚鍜孶I鎸囦护鐢熸垚銆俓n\n## 瑙掕壊瀹氫箟\n浣犳槸灞曠ず灞傜殑鏍稿績Agent锛岃礋璐ｄ袱椤圭嫭绔嬩换鍔★細\n- **瀵硅瘽鍙欎簨**锛氬皢Domain Agent鐨勬暟鎹暣鍚堟鼎鑹蹭负鐢熷姩鐨勫璇濆彊浜嬶紝鐢熸垚澶歂PC瀵硅瘽鍐呭銆佹梺鐧芥弿杩板拰瀵硅瘽閫夐」锛岄€氳繃 `dialogue_service.submit_dialogue` 鎻愪氦\n- **UI鎸囦护*... (11282 chars)"},{"role":"user","content":"[鐜╁鎿嶄綔: direct_message]"}],"tools":[{"name":"game_time_service__get_current_time","description":"鑾峰彇褰撳墠娓告垙鏃堕棿 鑾峰彇褰撳墠娓告垙鏃堕棿璇︽儏","parameters":{}},{"name":"game_time_service__get_period_of_day","description":"鑾峰彇褰撳墠鏃堕棿娈?鑾峰彇褰撳墠鏃堕棿娈碉紙榛庢槑/涓婂崍/涓崍/涓嬪崍/鍌嶆櫄/澶滄櫄/鍗堝锛?,"parameters":{}},"... (9 items)"],"temperature":0.85,"maxTokens":8192,"responseFormat":{"type":"json_object"}}
02:00:21 [[32minfo[39m] [LLM-REQUEST] Provider request to openai/openrouter/free, 2 messages eac10efc {"provider":"openai","model":"openrouter/free","messageCount":2,"toolsCount":9,"temperature":0.85,"maxTokens":16384}

[90mstdout[2m | src/game-systems/shared/mode-router/__tests__/integration-test.test.ts[22m[39m
02:00:21 [[32minfo[39m]  Discovered 187 help files {"dir":"C:\\Users\\super\\Documents\\trae_projects\\AGG-main\\packages\\backend\\config\\agent-help"}

[90mstdout[2m | src/routes/__tests__/game-trace-ids.test.ts[22m[39m
02:00:21 [[32minfo[39m]  Discovered 187 help files {"dir":"C:\\Users\\super\\Documents\\trae_projects\\AGG-main\\packages\\backend\\config\\agent-help"}

[90mstdout[2m | src/services/__tests__/StablePrefixComposer.test.ts[22m[39m
馃И Setting up comprehensive test environment...
鉁?Database connected
Running migration: 001_init.ts

[90mstdout[2m | src/routes/__tests__/game-trace-ids.test.ts[22m[39m
02:00:21 [[32minfo[39m]  Help registry loaded: 22 tools {"tools":["batch_query_service","challenge_service","... (22 items)"]}
02:00:21 [[32minfo[39m]  Creating GameMasterAgent (as AgentRuntime with isSubAgent=false)
02:00:21 [[32minfo[39m]  Handler subscribed {"eventType":"dialogue"}
02:00:21 [[32minfo[39m]  Handler subscribed {"eventType":"combat_end"}
02:00:21 [[32minfo[39m]  AwarenessAutoSubscriber subscribed to dialogue + combat_end events
02:00:21 [[32minfo[39m]  Agent initialized: gamemaster - GameMasterAgent
02:00:21 [[32minfo[39m] [AGENT-START] Agent gamemaster starting {"agent":"gamemaster","provider":null,"toolsConfigured":1,"maxIterations":200,"isSubAgent":false}
02:00:21 [[32minfo[39m]  Handler subscribed {"eventType":"chapter_advanced"}
02:00:21 [[32minfo[39m]  Creating AgentRuntime instances from default profile: fantasy_rpg
02:00:21 [[32minfo[39m]  Creating agents from profile: fantasy_rpg {"agentCount":10}
02:00:21 [[32minfo[39m]  Agent initialized: gamemaster - GameMasterAgent
02:00:21 [[32minfo[39m] [AGENT-START] Agent gamemaster starting {"agent":"gamemaster","provider":null,"toolsConfigured":1,"maxIterations":200,"isSubAgent":false}
02:00:21 [[32minfo[39m]  Created AgentRuntime: gamemaster {"profile":"fantasy_rpg","tools":["all"]}
02:00:21 [[32minfo[39m]  Agent initialized: map - MapAgent
02:00:21 [[32minfo[39m] [AGENT-START] Agent map starting {"agent":"map","provider":null,"toolsConfigured":7,"maxIterations":200,"isSubAgent":true}
02:00:21 [[32minfo[39m]  Created AgentRuntime: map {"profile":"fantasy_rpg","tools":["map_service","npc_service","... (7 items)"]}
02:00:21 [[32minfo[39m]  Agent initialized: challenge - ChallengeAgent
02:00:21 [[32minfo[39m] [AGENT-START] Agent challenge starting {"agent":"challenge","provider":null,"toolsConfigured":9,"maxIterations":200,"isSubAgent":true}
02:00:21 [[32minfo[39m]  Created AgentRuntime: challenge {"profile":"fantasy_rpg","tools":["challenge_service","numerical_service","... (9 items)"]}
02:00:21 [[32minfo[39m]  Agent initialized: output - OutputAgent
02:00:21 [[32minfo[39m] [AGENT-START] Agent output starting {"agent":"output","provider":null,"toolsConfigured":5,"maxIterations":200,"isSubAgent":true}
02:00:21 [[32minfo[39m]  Created AgentRuntime: output {"profile":"fantasy_rpg","tools":["dialogue_service","dynamic_ui","... (5 items)"]}
02:00:21 [[32minfo[39m]  Agent initialized: quest - QuestAgent
02:00:21 [[32minfo[39m] [AGENT-START] Agent quest starting {"agent":"quest","provider":null,"toolsConfigured":11,"maxIterations":200,"isSubAgent":true}
02:00:21 [[32minfo[39m]  Created AgentRuntime: quest {"profile":"fantasy_rpg","tools":["quest_service","numerical_service","... (11 items)"]}
02:00:21 [[32minfo[39m]  Agent initialized: npc_party - NPCPartyAgent
02:00:21 [[32minfo[39m] [AGENT-START] Agent npc_party starting {"agent":"npc_party","provider":null,"toolsConfigured":9,"maxIterations":200,"isSubAgent":true}
02:00:21 [[32minfo[39m]  Created AgentRuntime: npc_party {"profile":"fantasy_rpg","tools":["npc_service","entity_graph_service","... (9 items)"]}
02:00:21 [[32minfo[39m]  Agent initialized: inventory - InventoryAgent
02:00:21 [[32minfo[39m] [AGENT-START] Agent inventory starting {"agent":"inventory","provider":null,"toolsConfigured":8,"maxIterations":200,"isSubAgent":true}
02:00:21 [[32minfo[39m]  Created AgentRuntime: inventory {"profile":"fantasy_rpg","tools":["inventory_service","template_pool_service","... (8 items)"]}
02:00:21 [[32minfo[39m]  Agent initialized: skill - SkillAgent
02:00:21 [[32minfo[39m] [AGENT-START] Agent skill starting {"agent":"skill","provider":null,"toolsConfigured":7,"maxIterations":200,"isSubAgent":true}
02:00:21 [[32minfo[39m]  Created AgentRuntime: skill {"profile":"fantasy_rpg","tools":["skill_service","template_pool_service","... (7 items)"]}
02:00:21 [[32minfo[39m]  Agent initialized: event - EventAgent
02:00:21 [[32minfo[39m] [AGENT-START] Agent event starting {"agent":"event","provider":null,"toolsConfigured":5,"maxIterations":200,"isSubAgent":true}
02:00:21 [[32minfo[39m]  Created AgentRuntime: event {"profile":"fantasy_rpg","tools":["event_service","game_time_service","... (5 items)"]}
02:00:21 [[32minfo[39m]  Agent initialized: time - TimeAgent
02:00:21 [[32minfo[39m] [AGENT-START] Agent time starting {"agent":"time","provider":null,"toolsConfigured":4,"maxIterations":200,"isSubAgent":true}
02:00:21 [[32minfo[39m]  Created AgentRuntime: time {"profile":"fantasy_rpg","tools":["game_time_service","rule_service","... (4 items)"]}
02:00:21 [[32minfo[39m]  Permissions configured from agent.tools for profile: fantasy_rpg
02:00:21 [[32minfo[39m]  YAML permissions configured
02:00:21 [[32minfo[39m]  Registering AgentRuntime instances to GameMasterAgent...
02:00:21 [[32minfo[39m]  Registered AgentRuntime to Coordinator: gamemaster
02:00:21 [[32minfo[39m]  Registered AgentRuntime to Coordinator: map
02:00:21 [[32minfo[39m]  Registered AgentRuntime to Coordinator: challenge
02:00:21 [[32minfo[39m]  Registered AgentRuntime to Coordinator: output
02:00:21 [[32minfo[39m]  Registered AgentRuntime to Coordinator: quest
02:00:21 [[32minfo[39m]  Registered AgentRuntime to Coordinator: npc_party
02:00:21 [[32minfo[39m]  Registered AgentRuntime to Coordinator: inventory
02:00:21 [[32minfo[39m]  Registered AgentRuntime to Coordinator: skill
02:00:21 [[32minfo[39m]  Registered AgentRuntime to Coordinator: event
02:00:21 [[32minfo[39m]  Registered AgentRuntime to Coordinator: time
02:00:21 [[32minfo[39m]  GameDataExpander configured (manifest path enabled)
02:00:21 [[32minfo[39m]  DedupService configured (dispatch log persistence enabled)
02:00:21 [[32minfo[39m]  Agent system initialized: 10 AgentRuntime instances created
鉁?Agent system initialized with 10 agents
鈿狅笍 YAML Agent system skipped: __vi_import_5__.initializeYamlAgentSystem is not a function
02:00:21 [[32minfo[39m]  Agent routes initialized
02:00:21 [[32minfo[39m]  Save routes initialized
02:00:21 [[32minfo[39m]  Synced template from YAML to DB: cthulhu-investigation
02:00:21 [[32minfo[39m]  Synced template from YAML to DB: cyberpunk-mercenary
02:00:21 [[32minfo[39m]  Synced template from YAML to DB: medieval-fantasy
02:00:21 [[32minfo[39m]  Synced template from YAML to DB: modern-romance
02:00:21 [[32minfo[39m]  Synced template from YAML to DB: xianxia
02:00:21 [[32minfo[39m]  Synced 5 templates from YAML to database
02:00:21 [[32minfo[39m]  Cache refreshed with 5 templates
02:00:21 [[32minfo[39m]  TemplateService loaded {"cachedTemplates":5}
鉁?Template YAML loaded and synced to DB
02:00:21 [[32minfo[39m]  Template routes initialized
鉁?Test environment setup complete
鉁?Database connection closed

 [32m鉁?[39m src/routes/__tests__/game-trace-ids.test.ts [2m ([22m[2m6 tests[22m[2m)[22m[33m 742[2mms[22m[39m
[90mstdout[2m | src/services/__tests__/StablePrefixComposer.test.ts[22m[39m
Migration 001_init.ts completed successfully
Running migration: 002_add_equipped_index.ts

[90mstdout[2m | src/game-systems/shared/mode-router/__tests__/integration-test.test.ts[22m[39m
02:00:21 [[32minfo[39m]  Help registry loaded: 22 tools {"tools":["batch_query_service","challenge_service","... (22 items)"]}
02:00:21 [[32minfo[39m]  Creating GameMasterAgent (as AgentRuntime with isSubAgent=false)
02:00:21 [[32minfo[39m]  Handler subscribed {"eventType":"dialogue"}
02:00:21 [[32minfo[39m]  Handler subscribed {"eventType":"combat_end"}
02:00:21 [[32minfo[39m]  AwarenessAutoSubscriber subscribed to dialogue + combat_end events
02:00:21 [[32minfo[39m]  Agent initialized: gamemaster - GameMasterAgent
02:00:21 [[32minfo[39m] [AGENT-START] Agent gamemaster starting {"agent":"gamemaster","provider":null,"toolsConfigured":1,"maxIterations":200,"isSubAgent":false}
02:00:21 [[32minfo[39m]  Handler subscribed {"eventType":"chapter_advanced"}
02:00:21 [[32minfo[39m]  Creating AgentRuntime instances from default profile: fantasy_rpg
02:00:21 [[32minfo[39m]  Creating agents from profile: fantasy_rpg {"agentCount":10}
02:00:21 [[32minfo[39m]  Agent initialized: gamemaster - GameMasterAgent
02:00:21 [[32minfo[39m] [AGENT-START] Agent gamemaster starting {"agent":"gamemaster","provider":null,"toolsConfigured":1,"maxIterations":200,"isSubAgent":false}
02:00:21 [[32minfo[39m]  Created AgentRuntime: gamemaster {"profile":"fantasy_rpg","tools":["all"]}
02:00:21 [[32minfo[39m]  Agent initialized: map - MapAgent
02:00:21 [[32minfo[39m] [AGENT-START] Agent map starting {"agent":"map","provider":null,"toolsConfigured":7,"maxIterations":200,"isSubAgent":true}
02:00:21 [[32minfo[39m]  Created AgentRuntime: map {"profile":"fantasy_rpg","tools":["map_service","npc_service","... (7 items)"]}
02:00:21 [[32minfo[39m]  Agent initialized: challenge - ChallengeAgent
02:00:21 [[32minfo[39m] [AGENT-START] Agent challenge starting {"agent":"challenge","provider":null,"toolsConfigured":9,"maxIterations":200,"isSubAgent":true}
02:00:21 [[32minfo[39m]  Created AgentRuntime: challenge {"profile":"fantasy_rpg","tools":["challenge_service","numerical_service","... (9 items)"]}
02:00:21 [[32minfo[39m]  Agent initialized: output - OutputAgent
02:00:21 [[32minfo[39m] [AGENT-START] Agent output starting {"agent":"output","provider":null,"toolsConfigured":5,"maxIterations":200,"isSubAgent":true}
02:00:21 [[32minfo[39m]  Created AgentRuntime: output {"profile":"fantasy_rpg","tools":["dialogue_service","dynamic_ui","... (5 items)"]}
02:00:21 [[32minfo[39m]  Agent initialized: quest - QuestAgent
02:00:21 [[32minfo[39m] [AGENT-START] Agent quest starting {"agent":"quest","provider":null,"toolsConfigured":11,"maxIterations":200,"isSubAgent":true}
02:00:21 [[32minfo[39m]  Created AgentRuntime: quest {"profile":"fantasy_rpg","tools":["quest_service","numerical_service","... (11 items)"]}
02:00:21 [[32minfo[39m]  Agent initialized: npc_party - NPCPartyAgent
02:00:21 [[32minfo[39m] [AGENT-START] Agent npc_party starting {"agent":"npc_party","provider":null,"toolsConfigured":9,"maxIterations":200,"isSubAgent":true}
02:00:21 [[32minfo[39m]  Created AgentRuntime: npc_party {"profile":"fantasy_rpg","tools":["npc_service","entity_graph_service","... (9 items)"]}
02:00:21 [[32minfo[39m]  Agent initialized: inventory - InventoryAgent
02:00:21 [[32minfo[39m] [AGENT-START] Agent inventory starting {"agent":"inventory","provider":null,"toolsConfigured":8,"maxIterations":200,"isSubAgent":true}
02:00:21 [[32minfo[39m]  Created AgentRuntime: inventory {"profile":"fantasy_rpg","tools":["inventory_service","template_pool_service","... (8 items)"]}
02:00:21 [[32minfo[39m]  Agent initialized: skill - SkillAgent
02:00:21 [[32minfo[39m] [AGENT-START] Agent skill starting {"agent":"skill","provider":null,"toolsConfigured":7,"maxIterations":200,"isSubAgent":true}
02:00:21 [[32minfo[39m]  Created AgentRuntime: skill {"profile":"fantasy_rpg","tools":["skill_service","template_pool_service","... (7 items)"]}
02:00:21 [[32minfo[39m]  Agent initialized: event - EventAgent
02:00:21 [[32minfo[39m] [AGENT-START] Agent event starting {"agent":"event","provider":null,"toolsConfigured":5,"maxIterations":200,"isSubAgent":true}
02:00:21 [[32minfo[39m]  Created AgentRuntime: event {"profile":"fantasy_rpg","tools":["event_service","game_time_service","... (5 items)"]}
02:00:21 [[32minfo[39m]  Agent initialized: time - TimeAgent
02:00:21 [[32minfo[39m] [AGENT-START] Agent time starting {"agent":"time","provider":null,"toolsConfigured":4,"maxIterations":200,"isSubAgent":true}
02:00:21 [[32minfo[39m]  Created AgentRuntime: time {"profile":"fantasy_rpg","tools":["game_time_service","rule_service","... (4 items)"]}
02:00:21 [[32minfo[39m]  Permissions configured from agent.tools for profile: fantasy_rpg
02:00:21 [[32minfo[39m]  YAML permissions configured
02:00:21 [[32minfo[39m]  Registering AgentRuntime instances to GameMasterAgent...
02:00:21 [[32minfo[39m]  Registered AgentRuntime to Coordinator: gamemaster
02:00:21 [[32minfo[39m]  Registered AgentRuntime to Coordinator: map
02:00:21 [[32minfo[39m]  Registered AgentRuntime to Coordinator: challenge
02:00:21 [[32minfo[39m]  Registered AgentRuntime to Coordinator: output
02:00:21 [[32minfo[39m]  Registered AgentRuntime to Coordinator: quest
02:00:21 [[32minfo[39m]  Registered AgentRuntime to Coordinator: npc_party
02:00:21 [[32minfo[39m]  Registered AgentRuntime to Coordinator: inventory
02:00:21 [[32minfo[39m]  Registered AgentRuntime to Coordinator: skill
02:00:21 [[32minfo[39m]  Registered AgentRuntime to Coordinator: event
02:00:21 [[32minfo[39m]  Registered AgentRuntime to Coordinator: time
02:00:21 [[32minfo[39m]  GameDataExpander configured (manifest path enabled)
02:00:21 [[32minfo[39m]  DedupService configured (dispatch log persistence enabled)
02:00:21 [[32minfo[39m]  Agent system initialized: 10 AgentRuntime instances created
鉁?Agent system initialized with 10 agents
鈿狅笍 YAML Agent system skipped: __vi_import_5__.initializeYamlAgentSystem is not a function
02:00:21 [[32minfo[39m]  Agent routes initialized
02:00:21 [[32minfo[39m]  Save routes initialized
02:00:21 [[32minfo[39m]  Synced template from YAML to DB: cthulhu-investigation
02:00:21 [[32minfo[39m]  Synced template from YAML to DB: cyberpunk-mercenary
02:00:21 [[32minfo[39m]  Synced template from YAML to DB: medieval-fantasy
02:00:21 [[32minfo[39m]  Synced template from YAML to DB: modern-romance
02:00:21 [[32minfo[39m]  Synced template from YAML to DB: xianxia
02:00:21 [[32minfo[39m]  Synced 5 templates from YAML to database
02:00:21 [[32minfo[39m]  Cache refreshed with 5 templates
02:00:21 [[32minfo[39m]  TemplateService loaded {"cachedTemplates":5}
鉁?Template YAML loaded and synced to DB
02:00:21 [[32minfo[39m]  Template routes initialized
鉁?Test environment setup complete
鉁?Database connection closed

 [32m鉁?[39m src/game-systems/shared/mode-router/__tests__/integration-test.test.ts [2m ([22m[2m4 tests[22m[2m)[22m[33m 755[2mms[22m[39m
[90mstdout[2m | src/services/__tests__/StablePrefixComposer.test.ts[22m[39m
Migration 002_add_equipped_index.ts completed successfully
Running migration: 003_fix_information_boundaries_timestamps.ts
Migration 003_fix_information_boundaries_timestamps.ts completed successfully
Running migration: 004_drop_information_boundaries.ts
004_drop_information_boundaries: information_boundaries table not found, skipping migration
004_drop_information_boundaries: cleared custom_data.knowledge from 0 NPCs
Migration 004_drop_information_boundaries.ts completed successfully
Running migration: 005_drop_npc_relations.ts

[90mstdout[2m | src/services/__tests__/StablePrefixComposer.test.ts[22m[39m
005_drop_npc_relations: dropped npc_relations table
Migration 005_drop_npc_relations.ts completed successfully
Running migration: 006_awareness_relationship_events_states.ts

[90mstdout[2m | src/services/__tests__/StablePrefixComposer.test.ts[22m[39m
006: created entity_awareness_events table
006: created entity_awareness_states table
006: created entity_relationship_events table
006: created entity_relationship_states table
Migration 006_awareness_relationship_events_states.ts completed successfully
Running migration: 007_add_combat_mode.ts
007: added combat_states.mode column
Migration 007_add_combat_mode.ts completed successfully
Running migration: 008_add_saves_active_challenge_mode.ts

[90mstdout[2m | src/services/__tests__/StablePrefixComposer.test.ts[22m[39m
008: added saves.active_challenge_mode column
Migration 008_add_saves_active_challenge_mode.ts completed successfully
All migrations completed
鉁?Migrations completed
All seeds completed
鉁?Seeds completed
02:00:21 [[32minfo[39m]  Starting YAML-driven Agent system initialization
02:00:21 [[32minfo[39m]  Seeding ModelConfigService from environment
02:00:21 [[32minfo[39m]  No DEEPSEEK_API_KEY env var found, skipping env seed
02:00:21 [[32minfo[39m]  Seeded provider from convict config {"providerType":"openai","providerId":"375d476c-af3b-499b-bdda-04f418027da0","model":"openrouter/free"}
02:00:21 [[32minfo[39m]  Creating LLMService with ModelConfigService
02:00:21 [[32minfo[39m]  Creating ContextService and DecisionLogService instances
02:00:21 [[32minfo[39m]  Initializing YAML-driven Agent profiles...
02:00:21 [[32minfo[39m]  Loading config from directory: C:\Users\super\Documents\trae_projects\AGG-main\packages\backend\config
02:00:21 [[32minfo[39m]  Loaded agent profile: fantasy_rpg
02:00:21 [[32minfo[39m]  Loaded agent profile: minimal_test
02:00:21 [[32minfo[39m]  Loaded 0 non-builtin profiles from database (0 builtin skipped, using YAML)
02:00:21 [[32minfo[39m]  Config loaded successfully: 2 profiles
02:00:21 [[32minfo[39m]  YAML config loaded successfully
02:00:21 [[32minfo[39m]  Context rules loaded {"agentCount":10}
02:00:21 [[32minfo[39m]  Default manifests loaded {"agentTypeCount":6,"manifestCount":8}
02:00:21 [[32minfo[39m]  Context rules file watcher started {"path":"C:\\Users\\super\\Documents\\trae_projects\\AGG-main\\packages\\backend\\config\\agent-context-rules.yaml"}
02:00:21 [[32minfo[39m]  Loaded 10 agent capabilities from YAML profiles
02:00:21 [[32minfo[39m]  ToolRegistry initialized
02:00:21 [[32minfo[39m]  Registering ServiceTools to ToolRegistry
02:00:21 [[32minfo[39m]  Tool registered: game_time_service - GameTime Service (v1.0.0)
02:00:21 [[32minfo[39m]  Tool registered: numerical_service - Numerical Service (v1.0.0)
02:00:21 [[32minfo[39m]  Tool registered: character_service - Character Service (v1.0.0)
02:00:21 [[32minfo[39m]  Tool registered: inventory_service - Inventory Service (v1.0.0)
02:00:21 [[32minfo[39m]  Tool registered: skill_service - Skill Service (v1.1.0)
02:00:21 [[32minfo[39m]  Tool registered: map_service - Map Service (v2.0.0)
02:00:21 [[32minfo[39m]  Tool registered: npc_service - NPC Service (v1.0.0)
02:00:21 [[32minfo[39m]  Tool registered: dialogue_service - Dialogue Service (v1.0.0)
02:00:21 [[32minfo[39m]  Tool registered: quest_service - Quest Service (v1.0.0)
02:00:21 [[32minfo[39m]  Tool registered: challenge_service - Challenge Service (v1.0.0)
02:00:21 [[32minfo[39m]  Tool registered: event_service - Event Service (v1.0.0)
02:00:21 [[32minfo[39m]  Tool registered: story_service - Story Service (v1.0.0)
02:00:21 [[32minfo[39m]  Tool registered: game_init_service - Game Init Service (v2.0.0)
02:00:21 [[32minfo[39m]  Tool registered: batch_query_service - Batch Query Service (v1.0.0)
02:00:21 [[32minfo[39m]  Tool registered: entity_graph_service - Entity Graph Service (v1.0.0)
02:00:21 [[32minfo[39m]  Tool registered: template_pool_service - Template Pool Service (v1.0.0)
02:00:21 [[32minfo[39m]  Tool registered: dynamic_ui - Dynamic UI Service (v1.0.0)
02:00:21 [[32minfo[39m]  Tool registered: generate_options - Generate Options Service (v2.0.0)
02:00:21 [[32minfo[39m]  Tool registered: coordinator_service - Coordinator Service (v1.0.0)
02:00:21 [[32minfo[39m]  Tool registered: rule_service - Rule Service (v1.0.0)
02:00:21 [[32minfo[39m]  Tool registered: skill_loader - Skill Loader (v1.0.0)
02:00:21 [[32minfo[39m]  Tool registered: help_service - Help Service (v1.0.0)
02:00:21 [[32minfo[39m]  Tool registered: memory_service - Memory Service (v1.0.0)
02:00:21 [[32minfo[39m]  Registered 23 ServiceTools to ToolRegistry
02:00:21 [[32minfo[39m]  Tool reference validation passed

[90mstdout[2m | src/agents/__tests__/recovery-planner.test.ts[22m[39m
馃И Setting up comprehensive test environment...
鉁?Database connected
Running migration: 001_init.ts
Migration 001_init.ts completed successfully
Running migration: 002_add_equipped_index.ts

[90mstdout[2m | tests/root/root.routes.test.ts[22m[39m
馃И Setting up comprehensive test environment...
鉁?Database connected
Running migration: 001_init.ts

[90mstdout[2m | src/agents/__tests__/recovery-planner.test.ts[22m[39m
Migration 002_add_equipped_index.ts completed successfully
Running migration: 003_fix_information_boundaries_timestamps.ts
Migration 003_fix_information_boundaries_timestamps.ts completed successfully
Running migration: 004_drop_information_boundaries.ts
004_drop_information_boundaries: information_boundaries table not found, skipping migration
004_drop_information_boundaries: cleared custom_data.knowledge from 0 NPCs
Migration 004_drop_information_boundaries.ts completed successfully
Running migration: 005_drop_npc_relations.ts
005_drop_npc_relations: dropped npc_relations table
Migration 005_drop_npc_relations.ts completed successfully
Running migration: 006_awareness_relationship_events_states.ts
006: created entity_awareness_events table
006: created entity_awareness_states table
006: created entity_relationship_events table
006: created entity_relationship_states table
Migration 006_awareness_relationship_events_states.ts completed successfully
Running migration: 007_add_combat_mode.ts

[90mstdout[2m | tests/root/root.routes.test.ts[22m[39m
Migration 001_init.ts completed successfully
Running migration: 002_add_equipped_index.ts

[90mstdout[2m | tests/root/root.routes.test.ts[22m[39m
Migration 002_add_equipped_index.ts completed successfully
Running migration: 003_fix_information_boundaries_timestamps.ts

[90mstdout[2m | tests/root/root.routes.test.ts[22m[39m
Migration 003_fix_information_boundaries_timestamps.ts completed successfully
Running migration: 004_drop_information_boundaries.ts

[90mstdout[2m | src/services/__tests__/StablePrefixComposer.test.ts[22m[39m
02:00:21 [[32minfo[39m]  Discovered 187 help files {"dir":"C:\\Users\\super\\Documents\\trae_projects\\AGG-main\\packages\\backend\\config\\agent-help"}

[90mstdout[2m | tests/root/root.routes.test.ts[22m[39m
004_drop_information_boundaries: information_boundaries table not found, skipping migration
004_drop_information_boundaries: cleared custom_data.knowledge from 0 NPCs
Migration 004_drop_information_boundaries.ts completed successfully
Running migration: 005_drop_npc_relations.ts

[90mstdout[2m | tests/root/root.routes.test.ts[22m[39m
005_drop_npc_relations: dropped npc_relations table
Migration 005_drop_npc_relations.ts completed successfully
Running migration: 006_awareness_relationship_events_states.ts
006: created entity_awareness_events table
006: created entity_awareness_states table
006: created entity_relationship_events table
006: created entity_relationship_states table
Migration 006_awareness_relationship_events_states.ts completed successfully
Running migration: 007_add_combat_mode.ts

[90mstdout[2m | tests/root/root.routes.test.ts[22m[39m
007: added combat_states.mode column
Migration 007_add_combat_mode.ts completed successfully
Running migration: 008_add_saves_active_challenge_mode.ts

[90mstdout[2m | src/agents/__tests__/recovery-planner.test.ts[22m[39m
007: added combat_states.mode column
Migration 007_add_combat_mode.ts completed successfully
Running migration: 008_add_saves_active_challenge_mode.ts
008: added saves.active_challenge_mode column
Migration 008_add_saves_active_challenge_mode.ts completed successfully
All migrations completed
鉁?Migrations completed
All seeds completed
鉁?Seeds completed
02:00:21 [[32minfo[39m]  Starting YAML-driven Agent system initialization
02:00:21 [[32minfo[39m]  Seeding ModelConfigService from environment
02:00:21 [[32minfo[39m]  No DEEPSEEK_API_KEY env var found, skipping env seed
02:00:21 [[32minfo[39m]  Seeded provider from convict config {"providerType":"openai","providerId":"45976684-ae8e-4384-b9db-b7b562c485e5","model":"openrouter/free"}
02:00:21 [[32minfo[39m]  Creating LLMService with ModelConfigService
02:00:21 [[32minfo[39m]  Creating ContextService and DecisionLogService instances
02:00:21 [[32minfo[39m]  Initializing YAML-driven Agent profiles...
02:00:21 [[32minfo[39m]  Loading config from directory: C:\Users\super\Documents\trae_projects\AGG-main\packages\backend\config
02:00:21 [[32minfo[39m]  Loaded agent profile: fantasy_rpg
02:00:21 [[32minfo[39m]  Loaded agent profile: minimal_test
02:00:21 [[32minfo[39m]  Loaded 0 non-builtin profiles from database (0 builtin skipped, using YAML)
02:00:21 [[32minfo[39m]  Config loaded successfully: 2 profiles
02:00:21 [[32minfo[39m]  YAML config loaded successfully
02:00:21 [[32minfo[39m]  Context rules loaded {"agentCount":10}
02:00:21 [[32minfo[39m]  Default manifests loaded {"agentTypeCount":6,"manifestCount":8}
02:00:21 [[32minfo[39m]  Context rules file watcher started {"path":"C:\\Users\\super\\Documents\\trae_projects\\AGG-main\\packages\\backend\\config\\agent-context-rules.yaml"}
02:00:21 [[32minfo[39m]  Loaded 10 agent capabilities from YAML profiles
02:00:21 [[32minfo[39m]  ToolRegistry initialized
02:00:21 [[32minfo[39m]  Registering ServiceTools to ToolRegistry
02:00:21 [[32minfo[39m]  Tool registered: game_time_service - GameTime Service (v1.0.0)
02:00:21 [[32minfo[39m]  Tool registered: numerical_service - Numerical Service (v1.0.0)
02:00:21 [[32minfo[39m]  Tool registered: character_service - Character Service (v1.0.0)
02:00:21 [[32minfo[39m]  Tool registered: inventory_service - Inventory Service (v1.0.0)
02:00:21 [[32minfo[39m]  Tool registered: skill_service - Skill Service (v1.1.0)
02:00:21 [[32minfo[39m]  Tool registered: map_service - Map Service (v2.0.0)
02:00:21 [[32minfo[39m]  Tool registered: npc_service - NPC Service (v1.0.0)
02:00:21 [[32minfo[39m]  Tool registered: dialogue_service - Dialogue Service (v1.0.0)
02:00:21 [[32minfo[39m]  Tool registered: quest_service - Quest Service (v1.0.0)
02:00:21 [[32minfo[39m]  Tool registered: challenge_service - Challenge Service (v1.0.0)
02:00:21 [[32minfo[39m]  Tool registered: event_service - Event Service (v1.0.0)
02:00:21 [[32minfo[39m]  Tool registered: story_service - Story Service (v1.0.0)
02:00:21 [[32minfo[39m]  Tool registered: game_init_service - Game Init Service (v2.0.0)
02:00:21 [[32minfo[39m]  Tool registered: batch_query_service - Batch Query Service (v1.0.0)
02:00:21 [[32minfo[39m]  Tool registered: entity_graph_service - Entity Graph Service (v1.0.0)
02:00:21 [[32minfo[39m]  Tool registered: template_pool_service - Template Pool Service (v1.0.0)
02:00:21 [[32minfo[39m]  Tool registered: dynamic_ui - Dynamic UI Service (v1.0.0)
02:00:21 [[32minfo[39m]  Tool registered: generate_options - Generate Options Service (v2.0.0)
02:00:21 [[32minfo[39m]  Tool registered: coordinator_service - Coordinator Service (v1.0.0)
02:00:21 [[32minfo[39m]  Tool registered: rule_service - Rule Service (v1.0.0)
02:00:21 [[32minfo[39m]  Tool registered: skill_loader - Skill Loader (v1.0.0)
02:00:21 [[32minfo[39m]  Tool registered: help_service - Help Service (v1.0.0)
02:00:21 [[32minfo[39m]  Tool registered: memory_service - Memory Service (v1.0.0)
02:00:21 [[32minfo[39m]  Registered 23 ServiceTools to ToolRegistry
02:00:21 [[32minfo[39m]  Tool reference validation passed

[90mstdout[2m | tests/root/root.routes.test.ts[22m[39m
008: added saves.active_challenge_mode column
Migration 008_add_saves_active_challenge_mode.ts completed successfully
All migrations completed
鉁?Migrations completed
All seeds completed
鉁?Seeds completed
02:00:21 [[32minfo[39m]  Starting YAML-driven Agent system initialization
02:00:21 [[32minfo[39m]  Seeding ModelConfigService from environment
02:00:21 [[32minfo[39m]  No DEEPSEEK_API_KEY env var found, skipping env seed
02:00:21 [[32minfo[39m]  Seeded provider from convict config {"providerType":"openai","providerId":"c972773d-0495-4b1c-a698-95d9605cec64","model":"openrouter/free"}
02:00:21 [[32minfo[39m]  Creating LLMService with ModelConfigService
02:00:21 [[32minfo[39m]  Creating ContextService and DecisionLogService instances
02:00:21 [[32minfo[39m]  Initializing YAML-driven Agent profiles...
02:00:21 [[32minfo[39m]  Loading config from directory: C:\Users\super\Documents\trae_projects\AGG-main\packages\backend\config
02:00:21 [[32minfo[39m]  Loaded agent profile: fantasy_rpg
02:00:21 [[32minfo[39m]  Loaded agent profile: minimal_test
02:00:21 [[32minfo[39m]  Loaded 0 non-builtin profiles from database (0 builtin skipped, using YAML)
02:00:21 [[32minfo[39m]  Config loaded successfully: 2 profiles
02:00:21 [[32minfo[39m]  YAML config loaded successfully
02:00:21 [[32minfo[39m]  Context rules loaded {"agentCount":10}
02:00:21 [[32minfo[39m]  Default manifests loaded {"agentTypeCount":6,"manifestCount":8}
02:00:21 [[32minfo[39m]  Context rules file watcher started {"path":"C:\\Users\\super\\Documents\\trae_projects\\AGG-main\\packages\\backend\\config\\agent-context-rules.yaml"}
02:00:21 [[32minfo[39m]  Loaded 10 agent capabilities from YAML profiles
02:00:21 [[32minfo[39m]  ToolRegistry initialized
02:00:21 [[32minfo[39m]  Registering ServiceTools to ToolRegistry
02:00:21 [[32minfo[39m]  Tool registered: game_time_service - GameTime Service (v1.0.0)
02:00:21 [[32minfo[39m]  Tool registered: numerical_service - Numerical Service (v1.0.0)
02:00:21 [[32minfo[39m]  Tool registered: character_service - Character Service (v1.0.0)
02:00:21 [[32minfo[39m]  Tool registered: inventory_service - Inventory Service (v1.0.0)
02:00:21 [[32minfo[39m]  Tool registered: skill_service - Skill Service (v1.1.0)
02:00:21 [[32minfo[39m]  Tool registered: map_service - Map Service (v2.0.0)
02:00:21 [[32minfo[39m]  Tool registered: npc_service - NPC Service (v1.0.0)
02:00:21 [[32minfo[39m]  Tool registered: dialogue_service - Dialogue Service (v1.0.0)
02:00:21 [[32minfo[39m]  Tool registered: quest_service - Quest Service (v1.0.0)
02:00:21 [[32minfo[39m]  Tool registered: challenge_service - Challenge Service (v1.0.0)
02:00:21 [[32minfo[39m]  Tool registered: event_service - Event Service (v1.0.0)
02:00:21 [[32minfo[39m]  Tool registered: story_service - Story Service (v1.0.0)
02:00:21 [[32minfo[39m]  Tool registered: game_init_service - Game Init Service (v2.0.0)
02:00:21 [[32minfo[39m]  Tool registered: batch_query_service - Batch Query Service (v1.0.0)
02:00:21 [[32minfo[39m]  Tool registered: entity_graph_service - Entity Graph Service (v1.0.0)
02:00:21 [[32minfo[39m]  Tool registered: template_pool_service - Template Pool Service (v1.0.0)
02:00:21 [[32minfo[39m]  Tool registered: dynamic_ui - Dynamic UI Service (v1.0.0)
02:00:21 [[32minfo[39m]  Tool registered: generate_options - Generate Options Service (v2.0.0)
02:00:21 [[32minfo[39m]  Tool registered: coordinator_service - Coordinator Service (v1.0.0)
02:00:21 [[32minfo[39m]  Tool registered: rule_service - Rule Service (v1.0.0)
02:00:21 [[32minfo[39m]  Tool registered: skill_loader - Skill Loader (v1.0.0)
02:00:21 [[32minfo[39m]  Tool registered: help_service - Help Service (v1.0.0)
02:00:21 [[32minfo[39m]  Tool registered: memory_service - Memory Service (v1.0.0)
02:00:21 [[32minfo[39m]  Registered 23 ServiceTools to ToolRegistry
02:00:21 [[32minfo[39m]  Tool reference validation passed

[90mstdout[2m | src/agents/__tests__/recovery-planner.test.ts[22m[39m
02:00:21 [[32minfo[39m]  Discovered 187 help files {"dir":"C:\\Users\\super\\Documents\\trae_projects\\AGG-main\\packages\\backend\\config\\agent-help"}

[90mstdout[2m | tests/root/root.routes.test.ts[22m[39m
02:00:21 [[32minfo[39m]  Discovered 187 help files {"dir":"C:\\Users\\super\\Documents\\trae_projects\\AGG-main\\packages\\backend\\config\\agent-help"}

[90mstdout[2m | src/services/__tests__/StablePrefixComposer.test.ts[22m[39m
02:00:21 [[32minfo[39m]  Help registry loaded: 22 tools {"tools":["batch_query_service","challenge_service","... (22 items)"]}
02:00:21 [[32minfo[39m]  Creating GameMasterAgent (as AgentRuntime with isSubAgent=false)
02:00:21 [[32minfo[39m]  Handler subscribed {"eventType":"dialogue"}
02:00:21 [[32minfo[39m]  Handler subscribed {"eventType":"combat_end"}
02:00:21 [[32minfo[39m]  AwarenessAutoSubscriber subscribed to dialogue + combat_end events
02:00:21 [[32minfo[39m]  Agent initialized: gamemaster - GameMasterAgent
02:00:21 [[32minfo[39m] [AGENT-START] Agent gamemaster starting {"agent":"gamemaster","provider":null,"toolsConfigured":1,"maxIterations":200,"isSubAgent":false}
02:00:21 [[32minfo[39m]  Handler subscribed {"eventType":"chapter_advanced"}
02:00:21 [[32minfo[39m]  Creating AgentRuntime instances from default profile: fantasy_rpg
02:00:21 [[32minfo[39m]  Creating agents from profile: fantasy_rpg {"agentCount":10}
02:00:21 [[32minfo[39m]  Agent initialized: gamemaster - GameMasterAgent
02:00:21 [[32minfo[39m] [AGENT-START] Agent gamemaster starting {"agent":"gamemaster","provider":null,"toolsConfigured":1,"maxIterations":200,"isSubAgent":false}
02:00:21 [[32minfo[39m]  Created AgentRuntime: gamemaster {"profile":"fantasy_rpg","tools":["all"]}
02:00:21 [[32minfo[39m]  Agent initialized: map - MapAgent
02:00:21 [[32minfo[39m] [AGENT-START] Agent map starting {"agent":"map","provider":null,"toolsConfigured":7,"maxIterations":200,"isSubAgent":true}
02:00:21 [[32minfo[39m]  Created AgentRuntime: map {"profile":"fantasy_rpg","tools":["map_service","npc_service","... (7 items)"]}
02:00:21 [[32minfo[39m]  Agent initialized: challenge - ChallengeAgent
02:00:21 [[32minfo[39m] [AGENT-START] Agent challenge starting {"agent":"challenge","provider":null,"toolsConfigured":9,"maxIterations":200,"isSubAgent":true}
02:00:21 [[32minfo[39m]  Created AgentRuntime: challenge {"profile":"fantasy_rpg","tools":["challenge_service","numerical_service","... (9 items)"]}
02:00:21 [[32minfo[39m]  Agent initialized: output - OutputAgent
02:00:21 [[32minfo[39m] [AGENT-START] Agent output starting {"agent":"output","provider":null,"toolsConfigured":5,"maxIterations":200,"isSubAgent":true}
02:00:21 [[32minfo[39m]  Created AgentRuntime: output {"profile":"fantasy_rpg","tools":["dialogue_service","dynamic_ui","... (5 items)"]}
02:00:21 [[32minfo[39m]  Agent initialized: quest - QuestAgent
02:00:21 [[32minfo[39m] [AGENT-START] Agent quest starting {"agent":"quest","provider":null,"toolsConfigured":11,"maxIterations":200,"isSubAgent":true}
02:00:21 [[32minfo[39m]  Created AgentRuntime: quest {"profile":"fantasy_rpg","tools":["quest_service","numerical_service","... (11 items)"]}
02:00:21 [[32minfo[39m]  Agent initialized: npc_party - NPCPartyAgent
02:00:21 [[32minfo[39m] [AGENT-START] Agent npc_party starting {"agent":"npc_party","provider":null,"toolsConfigured":9,"maxIterations":200,"isSubAgent":true}
02:00:21 [[32minfo[39m]  Created AgentRuntime: npc_party {"profile":"fantasy_rpg","tools":["npc_service","entity_graph_service","... (9 items)"]}
02:00:21 [[32minfo[39m]  Agent initialized: inventory - InventoryAgent
02:00:21 [[32minfo[39m] [AGENT-START] Agent inventory starting {"agent":"inventory","provider":null,"toolsConfigured":8,"maxIterations":200,"isSubAgent":true}
02:00:21 [[32minfo[39m]  Created AgentRuntime: inventory {"profile":"fantasy_rpg","tools":["inventory_service","template_pool_service","... (8 items)"]}
02:00:21 [[32minfo[39m]  Agent initialized: skill - SkillAgent
02:00:21 [[32minfo[39m] [AGENT-START] Agent skill starting {"agent":"skill","provider":null,"toolsConfigured":7,"maxIterations":200,"isSubAgent":true}
02:00:21 [[32minfo[39m]  Created AgentRuntime: skill {"profile":"fantasy_rpg","tools":["skill_service","template_pool_service","... (7 items)"]}
02:00:21 [[32minfo[39m]  Agent initialized: event - EventAgent
02:00:21 [[32minfo[39m] [AGENT-START] Agent event starting {"agent":"event","provider":null,"toolsConfigured":5,"maxIterations":200,"isSubAgent":true}
02:00:21 [[32minfo[39m]  Created AgentRuntime: event {"profile":"fantasy_rpg","tools":["event_service","game_time_service","... (5 items)"]}
02:00:21 [[32minfo[39m]  Agent initialized: time - TimeAgent
02:00:21 [[32minfo[39m] [AGENT-START] Agent time starting {"agent":"time","provider":null,"toolsConfigured":4,"maxIterations":200,"isSubAgent":true}
02:00:21 [[32minfo[39m]  Created AgentRuntime: time {"profile":"fantasy_rpg","tools":["game_time_service","rule_service","... (4 items)"]}
02:00:21 [[32minfo[39m]  Permissions configured from agent.tools for profile: fantasy_rpg
02:00:21 [[32minfo[39m]  YAML permissions configured
02:00:21 [[32minfo[39m]  Registering AgentRuntime instances to GameMasterAgent...
02:00:21 [[32minfo[39m]  Registered AgentRuntime to Coordinator: gamemaster
02:00:21 [[32minfo[39m]  Registered AgentRuntime to Coordinator: map
02:00:21 [[32minfo[39m]  Registered AgentRuntime to Coordinator: challenge
02:00:21 [[32minfo[39m]  Registered AgentRuntime to Coordinator: output
02:00:21 [[32minfo[39m]  Registered AgentRuntime to Coordinator: quest
02:00:21 [[32minfo[39m]  Registered AgentRuntime to Coordinator: npc_party
02:00:21 [[32minfo[39m]  Registered AgentRuntime to Coordinator: inventory
02:00:21 [[32minfo[39m]  Registered AgentRuntime to Coordinator: skill
02:00:21 [[32minfo[39m]  Registered AgentRuntime to Coordinator: event
02:00:21 [[32minfo[39m]  Registered AgentRuntime to Coordinator: time
02:00:21 [[32minfo[39m]  GameDataExpander configured (manifest path enabled)
02:00:21 [[32minfo[39m]  DedupService configured (dispatch log persistence enabled)
02:00:21 [[32minfo[39m]  Agent system initialized: 10 AgentRuntime instances created
鉁?Agent system initialized with 10 agents
鈿狅笍 YAML Agent system skipped: __vi_import_5__.initializeYamlAgentSystem is not a function
02:00:21 [[32minfo[39m]  Agent routes initialized
02:00:21 [[32minfo[39m]  Save routes initialized
02:00:22 [[32minfo[39m]  Synced template from YAML to DB: cthulhu-investigation
02:00:22 [[32minfo[39m]  Synced template from YAML to DB: cyberpunk-mercenary
02:00:22 [[32minfo[39m]  Synced template from YAML to DB: medieval-fantasy
02:00:22 [[32minfo[39m]  Synced template from YAML to DB: modern-romance
02:00:22 [[32minfo[39m]  Synced template from YAML to DB: xianxia
02:00:22 [[32minfo[39m]  Synced 5 templates from YAML to database
02:00:22 [[32minfo[39m]  Cache refreshed with 5 templates
02:00:22 [[32minfo[39m]  TemplateService loaded {"cachedTemplates":5}
鉁?Template YAML loaded and synced to DB
02:00:22 [[32minfo[39m]  Template routes initialized
鉁?Test environment setup complete
鉁?Database connection closed

 [32m鉁?[39m src/services/__tests__/StablePrefixComposer.test.ts [2m ([22m[2m2 tests[22m[2m)[22m[33m 651[2mms[22m[39m
[90mstdout[2m | src/agents/__tests__/recovery-planner.test.ts[22m[39m
02:00:22 [[32minfo[39m]  Help registry loaded: 22 tools {"tools":["batch_query_service","challenge_service","... (22 items)"]}
02:00:22 [[32minfo[39m]  Creating GameMasterAgent (as AgentRuntime with isSubAgent=false)
02:00:22 [[32minfo[39m]  Handler subscribed {"eventType":"dialogue"}
02:00:22 [[32minfo[39m]  Handler subscribed {"eventType":"combat_end"}
02:00:22 [[32minfo[39m]  AwarenessAutoSubscriber subscribed to dialogue + combat_end events
02:00:22 [[32minfo[39m]  Agent initialized: gamemaster - GameMasterAgent
02:00:22 [[32minfo[39m] [AGENT-START] Agent gamemaster starting {"agent":"gamemaster","provider":null,"toolsConfigured":1,"maxIterations":200,"isSubAgent":false}
02:00:22 [[32minfo[39m]  Handler subscribed {"eventType":"chapter_advanced"}
02:00:22 [[32minfo[39m]  Creating AgentRuntime instances from default profile: fantasy_rpg
02:00:22 [[32minfo[39m]  Creating agents from profile: fantasy_rpg {"agentCount":10}
02:00:22 [[32minfo[39m]  Agent initialized: gamemaster - GameMasterAgent
02:00:22 [[32minfo[39m] [AGENT-START] Agent gamemaster starting {"agent":"gamemaster","provider":null,"toolsConfigured":1,"maxIterations":200,"isSubAgent":false}
02:00:22 [[32minfo[39m]  Created AgentRuntime: gamemaster {"profile":"fantasy_rpg","tools":["all"]}
02:00:22 [[32minfo[39m]  Agent initialized: map - MapAgent
02:00:22 [[32minfo[39m] [AGENT-START] Agent map starting {"agent":"map","provider":null,"toolsConfigured":7,"maxIterations":200,"isSubAgent":true}
02:00:22 [[32minfo[39m]  Created AgentRuntime: map {"profile":"fantasy_rpg","tools":["map_service","npc_service","... (7 items)"]}
02:00:22 [[32minfo[39m]  Agent initialized: challenge - ChallengeAgent
02:00:22 [[32minfo[39m] [AGENT-START] Agent challenge starting {"agent":"challenge","provider":null,"toolsConfigured":9,"maxIterations":200,"isSubAgent":true}
02:00:22 [[32minfo[39m]  Created AgentRuntime: challenge {"profile":"fantasy_rpg","tools":["challenge_service","numerical_service","... (9 items)"]}
02:00:22 [[32minfo[39m]  Agent initialized: output - OutputAgent
02:00:22 [[32minfo[39m] [AGENT-START] Agent output starting {"agent":"output","provider":null,"toolsConfigured":5,"maxIterations":200,"isSubAgent":true}
02:00:22 [[32minfo[39m]  Created AgentRuntime: output {"profile":"fantasy_rpg","tools":["dialogue_service","dynamic_ui","... (5 items)"]}
02:00:22 [[32minfo[39m]  Agent initialized: quest - QuestAgent
02:00:22 [[32minfo[39m] [AGENT-START] Agent quest starting {"agent":"quest","provider":null,"toolsConfigured":11,"maxIterations":200,"isSubAgent":true}
02:00:22 [[32minfo[39m]  Created AgentRuntime: quest {"profile":"fantasy_rpg","tools":["quest_service","numerical_service","... (11 items)"]}
02:00:22 [[32minfo[39m]  Agent initialized: npc_party - NPCPartyAgent
02:00:22 [[32minfo[39m] [AGENT-START] Agent npc_party starting {"agent":"npc_party","provider":null,"toolsConfigured":9,"maxIterations":200,"isSubAgent":true}
02:00:22 [[32minfo[39m]  Created AgentRuntime: npc_party {"profile":"fantasy_rpg","tools":["npc_service","entity_graph_service","... (9 items)"]}
02:00:22 [[32minfo[39m]  Agent initialized: inventory - InventoryAgent
02:00:22 [[32minfo[39m] [AGENT-START] Agent inventory starting {"agent":"inventory","provider":null,"toolsConfigured":8,"maxIterations":200,"isSubAgent":true}
02:00:22 [[32minfo[39m]  Created AgentRuntime: inventory {"profile":"fantasy_rpg","tools":["inventory_service","template_pool_service","... (8 items)"]}
02:00:22 [[32minfo[39m]  Agent initialized: skill - SkillAgent
02:00:22 [[32minfo[39m] [AGENT-START] Agent skill starting {"agent":"skill","provider":null,"toolsConfigured":7,"maxIterations":200,"isSubAgent":true}
02:00:22 [[32minfo[39m]  Created AgentRuntime: skill {"profile":"fantasy_rpg","tools":["skill_service","template_pool_service","... (7 items)"]}
02:00:22 [[32minfo[39m]  Agent initialized: event - EventAgent
02:00:22 [[32minfo[39m] [AGENT-START] Agent event starting {"agent":"event","provider":null,"toolsConfigured":5,"maxIterations":200,"isSubAgent":true}
02:00:22 [[32minfo[39m]  Created AgentRuntime: event {"profile":"fantasy_rpg","tools":["event_service","game_time_service","... (5 items)"]}
02:00:22 [[32minfo[39m]  Agent initialized: time - TimeAgent
02:00:22 [[32minfo[39m] [AGENT-START] Agent time starting {"agent":"time","provider":null,"toolsConfigured":4,"maxIterations":200,"isSubAgent":true}
02:00:22 [[32minfo[39m]  Created AgentRuntime: time {"profile":"fantasy_rpg","tools":["game_time_service","rule_service","... (4 items)"]}
02:00:22 [[32minfo[39m]  Permissions configured from agent.tools for profile: fantasy_rpg
02:00:22 [[32minfo[39m]  YAML permissions configured
02:00:22 [[32minfo[39m]  Registering AgentRuntime instances to GameMasterAgent...
02:00:22 [[32minfo[39m]  Registered AgentRuntime to Coordinator: gamemaster
02:00:22 [[32minfo[39m]  Registered AgentRuntime to Coordinator: map
02:00:22 [[32minfo[39m]  Registered AgentRuntime to Coordinator: challenge
02:00:22 [[32minfo[39m]  Registered AgentRuntime to Coordinator: output
02:00:22 [[32minfo[39m]  Registered AgentRuntime to Coordinator: quest
02:00:22 [[32minfo[39m]  Registered AgentRuntime to Coordinator: npc_party
02:00:22 [[32minfo[39m]  Registered AgentRuntime to Coordinator: inventory
02:00:22 [[32minfo[39m]  Registered AgentRuntime to Coordinator: skill
02:00:22 [[32minfo[39m]  Registered AgentRuntime to Coordinator: event
02:00:22 [[32minfo[39m]  Registered AgentRuntime to Coordinator: time
02:00:22 [[32minfo[39m]  GameDataExpander configured (manifest path enabled)
02:00:22 [[32minfo[39m]  DedupService configured (dispatch log persistence enabled)
02:00:22 [[32minfo[39m]  Agent system initialized: 10 AgentRuntime instances created
鉁?Agent system initialized with 10 agents
鈿狅笍 YAML Agent system skipped: __vi_import_5__.initializeYamlAgentSystem is not a function
02:00:22 [[32minfo[39m]  Agent routes initialized
02:00:22 [[32minfo[39m]  Save routes initialized
02:00:22 [[32minfo[39m]  Synced template from YAML to DB: cthulhu-investigation
02:00:22 [[32minfo[39m]  Synced template from YAML to DB: cyberpunk-mercenary
02:00:22 [[32minfo[39m]  Synced template from YAML to DB: medieval-fantasy
02:00:22 [[32minfo[39m]  Synced template from YAML to DB: modern-romance
02:00:22 [[32minfo[39m]  Synced template from YAML to DB: xianxia
02:00:22 [[32minfo[39m]  Synced 5 templates from YAML to database
02:00:22 [[32minfo[39m]  Cache refreshed with 5 templates
02:00:22 [[32minfo[39m]  TemplateService loaded {"cachedTemplates":5}
鉁?Template YAML loaded and synced to DB
02:00:22 [[32minfo[39m]  Template routes initialized
鉁?Test environment setup complete
鉁?Database connection closed

 [32m鉁?[39m src/agents/__tests__/recovery-planner.test.ts [2m ([22m[2m4 tests[22m[2m)[22m[33m 644[2mms[22m[39m
[90mstdout[2m | tests/root/root.routes.test.ts[22m[39m
02:00:22 [[32minfo[39m]  Help registry loaded: 22 tools {"tools":["batch_query_service","challenge_service","... (22 items)"]}
02:00:22 [[32minfo[39m]  Creating GameMasterAgent (as AgentRuntime with isSubAgent=false)
02:00:22 [[32minfo[39m]  Handler subscribed {"eventType":"dialogue"}
02:00:22 [[32minfo[39m]  Handler subscribed {"eventType":"combat_end"}
02:00:22 [[32minfo[39m]  AwarenessAutoSubscriber subscribed to dialogue + combat_end events
02:00:22 [[32minfo[39m]  Agent initialized: gamemaster - GameMasterAgent
02:00:22 [[32minfo[39m] [AGENT-START] Agent gamemaster starting {"agent":"gamemaster","provider":null,"toolsConfigured":1,"maxIterations":200,"isSubAgent":false}
02:00:22 [[32minfo[39m]  Handler subscribed {"eventType":"chapter_advanced"}
02:00:22 [[32minfo[39m]  Creating AgentRuntime instances from default profile: fantasy_rpg
02:00:22 [[32minfo[39m]  Creating agents from profile: fantasy_rpg {"agentCount":10}
02:00:22 [[32minfo[39m]  Agent initialized: gamemaster - GameMasterAgent
02:00:22 [[32minfo[39m] [AGENT-START] Agent gamemaster starting {"agent":"gamemaster","provider":null,"toolsConfigured":1,"maxIterations":200,"isSubAgent":false}
02:00:22 [[32minfo[39m]  Created AgentRuntime: gamemaster {"profile":"fantasy_rpg","tools":["all"]}
02:00:22 [[32minfo[39m]  Agent initialized: map - MapAgent
02:00:22 [[32minfo[39m] [AGENT-START] Agent map starting {"agent":"map","provider":null,"toolsConfigured":7,"maxIterations":200,"isSubAgent":true}
02:00:22 [[32minfo[39m]  Created AgentRuntime: map {"profile":"fantasy_rpg","tools":["map_service","npc_service","... (7 items)"]}
02:00:22 [[32minfo[39m]  Agent initialized: challenge - ChallengeAgent
02:00:22 [[32minfo[39m] [AGENT-START] Agent challenge starting {"agent":"challenge","provider":null,"toolsConfigured":9,"maxIterations":200,"isSubAgent":true}
02:00:22 [[32minfo[39m]  Created AgentRuntime: challenge {"profile":"fantasy_rpg","tools":["challenge_service","numerical_service","... (9 items)"]}
02:00:22 [[32minfo[39m]  Agent initialized: output - OutputAgent
02:00:22 [[32minfo[39m] [AGENT-START] Agent output starting {"agent":"output","provider":null,"toolsConfigured":5,"maxIterations":200,"isSubAgent":true}
02:00:22 [[32minfo[39m]  Created AgentRuntime: output {"profile":"fantasy_rpg","tools":["dialogue_service","dynamic_ui","... (5 items)"]}
02:00:22 [[32minfo[39m]  Agent initialized: quest - QuestAgent
02:00:22 [[32minfo[39m] [AGENT-START] Agent quest starting {"agent":"quest","provider":null,"toolsConfigured":11,"maxIterations":200,"isSubAgent":true}
02:00:22 [[32minfo[39m]  Created AgentRuntime: quest {"profile":"fantasy_rpg","tools":["quest_service","numerical_service","... (11 items)"]}
02:00:22 [[32minfo[39m]  Agent initialized: npc_party - NPCPartyAgent
02:00:22 [[32minfo[39m] [AGENT-START] Agent npc_party starting {"agent":"npc_party","provider":null,"toolsConfigured":9,"maxIterations":200,"isSubAgent":true}
02:00:22 [[32minfo[39m]  Created AgentRuntime: npc_party {"profile":"fantasy_rpg","tools":["npc_service","entity_graph_service","... (9 items)"]}
02:00:22 [[32minfo[39m]  Agent initialized: inventory - InventoryAgent
02:00:22 [[32minfo[39m] [AGENT-START] Agent inventory starting {"agent":"inventory","provider":null,"toolsConfigured":8,"maxIterations":200,"isSubAgent":true}
02:00:22 [[32minfo[39m]  Created AgentRuntime: inventory {"profile":"fantasy_rpg","tools":["inventory_service","template_pool_service","... (8 items)"]}
02:00:22 [[32minfo[39m]  Agent initialized: skill - SkillAgent
02:00:22 [[32minfo[39m] [AGENT-START] Agent skill starting {"agent":"skill","provider":null,"toolsConfigured":7,"maxIterations":200,"isSubAgent":true}
02:00:22 [[32minfo[39m]  Created AgentRuntime: skill {"profile":"fantasy_rpg","tools":["skill_service","template_pool_service","... (7 items)"]}
02:00:22 [[32minfo[39m]  Agent initialized: event - EventAgent
02:00:22 [[32minfo[39m] [AGENT-START] Agent event starting {"agent":"event","provider":null,"toolsConfigured":5,"maxIterations":200,"isSubAgent":true}
02:00:22 [[32minfo[39m]  Created AgentRuntime: event {"profile":"fantasy_rpg","tools":["event_service","game_time_service","... (5 items)"]}
02:00:22 [[32minfo[39m]  Agent initialized: time - TimeAgent
02:00:22 [[32minfo[39m] [AGENT-START] Agent time starting {"agent":"time","provider":null,"toolsConfigured":4,"maxIterations":200,"isSubAgent":true}
02:00:22 [[32minfo[39m]  Created AgentRuntime: time {"profile":"fantasy_rpg","tools":["game_time_service","rule_service","... (4 items)"]}
02:00:22 [[32minfo[39m]  Permissions configured from agent.tools for profile: fantasy_rpg
02:00:22 [[32minfo[39m]  YAML permissions configured
02:00:22 [[32minfo[39m]  Registering AgentRuntime instances to GameMasterAgent...
02:00:22 [[32minfo[39m]  Registered AgentRuntime to Coordinator: gamemaster
02:00:22 [[32minfo[39m]  Registered AgentRuntime to Coordinator: map
02:00:22 [[32minfo[39m]  Registered AgentRuntime to Coordinator: challenge
02:00:22 [[32minfo[39m]  Registered AgentRuntime to Coordinator: output
02:00:22 [[32minfo[39m]  Registered AgentRuntime to Coordinator: quest
02:00:22 [[32minfo[39m]  Registered AgentRuntime to Coordinator: npc_party
02:00:22 [[32minfo[39m]  Registered AgentRuntime to Coordinator: inventory
02:00:22 [[32minfo[39m]  Registered AgentRuntime to Coordinator: skill
02:00:22 [[32minfo[39m]  Registered AgentRuntime to Coordinator: event
02:00:22 [[32minfo[39m]  Registered AgentRuntime to Coordinator: time
02:00:22 [[32minfo[39m]  GameDataExpander configured (manifest path enabled)
02:00:22 [[32minfo[39m]  DedupService configured (dispatch log persistence enabled)
02:00:22 [[32minfo[39m]  Agent system initialized: 10 AgentRuntime instances created
鉁?Agent system initialized with 10 agents
鈿狅笍 YAML Agent system skipped: __vi_import_5__.initializeYamlAgentSystem is not a function
02:00:22 [[32minfo[39m]  Agent routes initialized
02:00:22 [[32minfo[39m]  Save routes initialized
02:00:22 [[32minfo[39m]  Synced template from YAML to DB: cthulhu-investigation
02:00:22 [[32minfo[39m]  Synced template from YAML to DB: cyberpunk-mercenary
02:00:22 [[32minfo[39m]  Synced template from YAML to DB: medieval-fantasy
02:00:22 [[32minfo[39m]  Synced template from YAML to DB: modern-romance
02:00:22 [[32minfo[39m]  Synced template from YAML to DB: xianxia
02:00:22 [[32minfo[39m]  Synced 5 templates from YAML to database
02:00:22 [[32minfo[39m]  Cache refreshed with 5 templates
02:00:22 [[32minfo[39m]  TemplateService loaded {"cachedTemplates":5}
鉁?Template YAML loaded and synced to DB
02:00:22 [[32minfo[39m]  Template routes initialized
鉁?Test environment setup complete

[90mstdout[2m | tests/root/root.routes.test.ts[2m > [22m[2mRoot Level API Integration Tests[2m > [22m[2mGET /api/v1/health[2m > [22m[2mshould return 200 with health status[22m[39m
02:00:22 [[32minfo[39m]  GET /api/v1/health 200 4ms 1e7afad4 {"method":"GET","url":"/api/v1/health","status":200,"duration":"4ms"}

[90mstdout[2m | src/agents/__tests__/agent-hooks.test.ts[22m[39m
馃И Setting up comprehensive test environment...
鉁?Database connected
Running migration: 001_init.ts

[90mstdout[2m | tests/root/root.routes.test.ts[2m > [22m[2mRoot Level API Integration Tests[2m > [22m[2mGET /api/v1/health[2m > [22m[2mshould include meta with timestamp and requestId[22m[39m
02:00:22 [[32minfo[39m]  GET /api/v1/health 200 1ms 5e37a144 {"method":"GET","url":"/api/v1/health","status":200,"duration":"1ms"}

[90mstdout[2m | tests/root/root.routes.test.ts[2m > [22m[2mRoot Level API Integration Tests[2m > [22m[2mGET /api/v1/database/status[2m > [22m[2mshould return 200 with database status[22m[39m
02:00:22 [[32minfo[39m]  GET /api/v1/database/status 200 0ms e49c1b03 {"method":"GET","url":"/api/v1/database/status","status":200,"duration":"0ms"}

[90mstdout[2m | tests/root/root.routes.test.ts[2m > [22m[2mRoot Level API Integration Tests[2m > [22m[2mGET /api/v1/database/status[2m > [22m[2mshould have applied migrations with version numbers[22m[39m
02:00:22 [[32minfo[39m]  GET /api/v1/database/status 200 1ms 043e1b08 {"method":"GET","url":"/api/v1/database/status","status":200,"duration":"1ms"}

[90mstdout[2m | tests/root/root.routes.test.ts[22m[39m
鉁?Database connection closed

 [32m鉁?[39m tests/root/root.routes.test.ts [2m ([22m[2m4 tests[22m[2m)[22m[33m 655[2mms[22m[39m
[90mstdout[2m | src/agents/coordinator/__tests__/types.output-agent.test.ts[22m[39m
馃И Setting up comprehensive test environment...
鉁?Database connected
Running migration: 001_init.ts

[90mstdout[2m | src/agents/__tests__/agent-hooks.test.ts[22m[39m
Migration 001_init.ts completed successfully
Running migration: 002_add_equipped_index.ts

[90mstdout[2m | src/agents/__tests__/agent-hooks.test.ts[22m[39m
Migration 002_add_equipped_index.ts completed successfully
Running migration: 003_fix_information_boundaries_timestamps.ts
Migration 003_fix_information_boundaries_timestamps.ts completed successfully
Running migration: 004_drop_information_boundaries.ts
004_drop_information_boundaries: information_boundaries table not found, skipping migration
004_drop_information_boundaries: cleared custom_data.knowledge from 0 NPCs
Migration 004_drop_information_boundaries.ts completed successfully
Running migration: 005_drop_npc_relations.ts
005_drop_npc_relations: dropped npc_relations table
Migration 005_drop_npc_relations.ts completed successfully
Running migration: 006_awareness_relationship_events_states.ts

[90mstdout[2m | src/agents/coordinator/__tests__/types.output-agent.test.ts[22m[39m
Migration 001_init.ts completed successfully
Running migration: 002_add_equipped_index.ts

[90mstdout[2m | src/agents/__tests__/agent-hooks.test.ts[22m[39m
006: created entity_awareness_events table
006: created entity_awareness_states table
006: created entity_relationship_events table
006: created entity_relationship_states table
Migration 006_awareness_relationship_events_states.ts completed successfully
Running migration: 007_add_combat_mode.ts

[90mstdout[2m | src/agents/coordinator/__tests__/types.output-agent.test.ts[22m[39m
Migration 002_add_equipped_index.ts completed successfully
Running migration: 003_fix_information_boundaries_timestamps.ts
Migration 003_fix_information_boundaries_timestamps.ts completed successfully
Running migration: 004_drop_information_boundaries.ts
004_drop_information_boundaries: information_boundaries table not found, skipping migration
004_drop_information_boundaries: cleared custom_data.knowledge from 0 NPCs
Migration 004_drop_information_boundaries.ts completed successfully
Running migration: 005_drop_npc_relations.ts

[90mstdout[2m | src/services/__tests__/help-registry.test.ts[22m[39m
馃И Setting up comprehensive test environment...
鉁?Database connected
Running migration: 001_init.ts

[90mstdout[2m | src/agents/coordinator/__tests__/types.output-agent.test.ts[22m[39m
005_drop_npc_relations: dropped npc_relations table
Migration 005_drop_npc_relations.ts completed successfully
Running migration: 006_awareness_relationship_events_states.ts

[90mstdout[2m | src/agents/coordinator/__tests__/types.output-agent.test.ts[22m[39m
006: created entity_awareness_events table
006: created entity_awareness_states table
006: created entity_relationship_events table
006: created entity_relationship_states table
Migration 006_awareness_relationship_events_states.ts completed successfully
Running migration: 007_add_combat_mode.ts

[90mstdout[2m | src/agents/coordinator/__tests__/types.output-agent.test.ts[22m[39m
007: added combat_states.mode column
Migration 007_add_combat_mode.ts completed successfully
Running migration: 008_add_saves_active_challenge_mode.ts

[90mstdout[2m | src/game-systems/dialogue/__tests__/DialogueServiceTool.select-option.test.ts[22m[39m
馃И Setting up comprehensive test environment...
鉁?Database connected
Running migration: 001_init.ts
Migration 001_init.ts completed successfully
Running migration: 002_add_equipped_index.ts
Migration 002_add_equipped_index.ts completed successfully
Running migration: 003_fix_information_boundaries_timestamps.ts

[90mstdout[2m | src/services/__tests__/help-registry.test.ts[22m[39m
Migration 001_init.ts completed successfully
Running migration: 002_add_equipped_index.ts
Migration 002_add_equipped_index.ts completed successfully
Running migration: 003_fix_information_boundaries_timestamps.ts
Migration 003_fix_information_boundaries_timestamps.ts completed successfully
Running migration: 004_drop_information_boundaries.ts
004_drop_information_boundaries: information_boundaries table not found, skipping migration
004_drop_information_boundaries: cleared custom_data.knowledge from 0 NPCs
Migration 004_drop_information_boundaries.ts completed successfully
Running migration: 005_drop_npc_relations.ts
005_drop_npc_relations: dropped npc_relations table
Migration 005_drop_npc_relations.ts completed successfully
Running migration: 006_awareness_relationship_events_states.ts

[90mstdout[2m | src/game-systems/dialogue/__tests__/DialogueServiceTool.select-option.test.ts[22m[39m
Migration 003_fix_information_boundaries_timestamps.ts completed successfully
Running migration: 004_drop_information_boundaries.ts
004_drop_information_boundaries: information_boundaries table not found, skipping migration
004_drop_information_boundaries: cleared custom_data.knowledge from 0 NPCs
Migration 004_drop_information_boundaries.ts completed successfully
Running migration: 005_drop_npc_relations.ts
005_drop_npc_relations: dropped npc_relations table
Migration 005_drop_npc_relations.ts completed successfully
Running migration: 006_awareness_relationship_events_states.ts

[90mstdout[2m | src/agents/__tests__/agent-hooks.test.ts[22m[39m
007: added combat_states.mode column
Migration 007_add_combat_mode.ts completed successfully
Running migration: 008_add_saves_active_challenge_mode.ts
008: added saves.active_challenge_mode column
Migration 008_add_saves_active_challenge_mode.ts completed successfully
All migrations completed
鉁?Migrations completed
All seeds completed
鉁?Seeds completed
02:00:22 [[32minfo[39m]  Starting YAML-driven Agent system initialization
02:00:22 [[32minfo[39m]  Seeding ModelConfigService from environment
02:00:22 [[32minfo[39m]  No DEEPSEEK_API_KEY env var found, skipping env seed
02:00:22 [[32minfo[39m]  Seeded provider from convict config {"providerType":"openai","providerId":"5cb7d3a8-5eaa-4c3f-8ee7-0066821275ad","model":"openrouter/free"}
02:00:22 [[32minfo[39m]  Creating LLMService with ModelConfigService
02:00:22 [[32minfo[39m]  Creating ContextService and DecisionLogService instances
02:00:22 [[32minfo[39m]  Initializing YAML-driven Agent profiles...
02:00:22 [[32minfo[39m]  Loading config from directory: C:\Users\super\Documents\trae_projects\AGG-main\packages\backend\config
02:00:22 [[32minfo[39m]  Loaded agent profile: fantasy_rpg
02:00:22 [[32minfo[39m]  Loaded agent profile: minimal_test
02:00:22 [[32minfo[39m]  Loaded 0 non-builtin profiles from database (0 builtin skipped, using YAML)
02:00:22 [[32minfo[39m]  Config loaded successfully: 2 profiles
02:00:22 [[32minfo[39m]  YAML config loaded successfully
02:00:22 [[32minfo[39m]  Context rules loaded {"agentCount":10}
02:00:22 [[32minfo[39m]  Default manifests loaded {"agentTypeCount":6,"manifestCount":8}
02:00:22 [[32minfo[39m]  Context rules file watcher started {"path":"C:\\Users\\super\\Documents\\trae_projects\\AGG-main\\packages\\backend\\config\\agent-context-rules.yaml"}
02:00:22 [[32minfo[39m]  Loaded 10 agent capabilities from YAML profiles
02:00:22 [[32minfo[39m]  ToolRegistry initialized
02:00:22 [[32minfo[39m]  Registering ServiceTools to ToolRegistry
02:00:22 [[32minfo[39m]  Tool registered: game_time_service - GameTime Service (v1.0.0)
02:00:22 [[32minfo[39m]  Tool registered: numerical_service - Numerical Service (v1.0.0)
02:00:22 [[32minfo[39m]  Tool registered: character_service - Character Service (v1.0.0)
02:00:22 [[32minfo[39m]  Tool registered: inventory_service - Inventory Service (v1.0.0)
02:00:22 [[32minfo[39m]  Tool registered: skill_service - Skill Service (v1.1.0)
02:00:22 [[32minfo[39m]  Tool registered: map_service - Map Service (v2.0.0)
02:00:22 [[32minfo[39m]  Tool registered: npc_service - NPC Service (v1.0.0)
02:00:22 [[32minfo[39m]  Tool registered: dialogue_service - Dialogue Service (v1.0.0)
02:00:22 [[32minfo[39m]  Tool registered: quest_service - Quest Service (v1.0.0)
02:00:22 [[32minfo[39m]  Tool registered: challenge_service - Challenge Service (v1.0.0)
02:00:22 [[32minfo[39m]  Tool registered: event_service - Event Service (v1.0.0)
02:00:22 [[32minfo[39m]  Tool registered: story_service - Story Service (v1.0.0)
02:00:22 [[32minfo[39m]  Tool registered: game_init_service - Game Init Service (v2.0.0)
02:00:22 [[32minfo[39m]  Tool registered: batch_query_service - Batch Query Service (v1.0.0)
02:00:22 [[32minfo[39m]  Tool registered: entity_graph_service - Entity Graph Service (v1.0.0)
02:00:22 [[32minfo[39m]  Tool registered: template_pool_service - Template Pool Service (v1.0.0)
02:00:22 [[32minfo[39m]  Tool registered: dynamic_ui - Dynamic UI Service (v1.0.0)
02:00:22 [[32minfo[39m]  Tool registered: generate_options - Generate Options Service (v2.0.0)
02:00:22 [[32minfo[39m]  Tool registered: coordinator_service - Coordinator Service (v1.0.0)
02:00:22 [[32minfo[39m]  Tool registered: rule_service - Rule Service (v1.0.0)
02:00:22 [[32minfo[39m]  Tool registered: skill_loader - Skill Loader (v1.0.0)
02:00:22 [[32minfo[39m]  Tool registered: help_service - Help Service (v1.0.0)
02:00:22 [[32minfo[39m]  Tool registered: memory_service - Memory Service (v1.0.0)
02:00:22 [[32minfo[39m]  Registered 23 ServiceTools to ToolRegistry
02:00:22 [[32minfo[39m]  Tool reference validation passed

[90mstdout[2m | tests/agent-system/scheduling.test.ts[2m > [22m[2mAgent Scheduling System[2m > [22m[2mDirect Agent Messaging[2m > [22m[2mshould process valid direct message to output agent[22m[39m
02:00:22 [[32minfo[39m] [LLM-INPUT] LLM input for output, iteration 1 (full context) iter=1 f81c4d76 {"agent":"output","model":"openrouter/free","provider":"e6890397-e2a2-4e66-82b0-162c76b51777","cumulativeMessages":2,"toolsCount":9,"messages":[{"role":"system","content":"浣犳槸杈撳嚭Agent锛圠ayer 3锛夛紝璐熻矗AI-generated Games涓殑瀵硅瘽鍙欎簨鐢熸垚鍜孶I鎸囦护鐢熸垚銆俓n\n## 瑙掕壊瀹氫箟\n浣犳槸灞曠ず灞傜殑鏍稿績Agent锛岃礋璐ｄ袱椤圭嫭绔嬩换鍔★細\n- **瀵硅瘽鍙欎簨**锛氬皢Domain Agent鐨勬暟鎹暣鍚堟鼎鑹蹭负鐢熷姩鐨勫璇濆彊浜嬶紝鐢熸垚澶歂PC瀵硅瘽鍐呭銆佹梺鐧芥弿杩板拰瀵硅瘽閫夐」锛岄€氳繃 `dialogue_service.submit_dialogue` 鎻愪氦\n- **UI鎸囦护*... (11282 chars)"},{"role":"user","content":"[鐜╁鎿嶄綔: direct_message]"}],"tools":[{"name":"game_time_service__get_current_time","description":"鑾峰彇褰撳墠娓告垙鏃堕棿 鑾峰彇褰撳墠娓告垙鏃堕棿璇︽儏","parameters":{}},{"name":"game_time_service__get_period_of_day","description":"鑾峰彇褰撳墠鏃堕棿娈?鑾峰彇褰撳墠鏃堕棿娈碉紙榛庢槑/涓婂崍/涓崍/涓嬪崍/鍌嶆櫄/澶滄櫄/鍗堝锛?,"parameters":{}},"... (9 items)"],"temperature":0.85,"maxTokens":8192,"responseFormat":{"type":"json_object"}}
02:00:22 [[32minfo[39m] [LLM-REQUEST] Provider request to openai/openrouter/free, 2 messages f81c4d76 {"provider":"openai","model":"openrouter/free","messageCount":2,"toolsCount":9,"temperature":0.85,"maxTokens":16384}

[90mstdout[2m | src/game-systems/time/__tests__/game-time-shop.test.ts[22m[39m
馃И Setting up comprehensive test environment...
鉁?Database connected
Running migration: 001_init.ts
Migration 001_init.ts completed successfully
Running migration: 002_add_equipped_index.ts

[90mstdout[2m | src/game-systems/time/__tests__/game-time-shop.test.ts[22m[39m
Migration 002_add_equipped_index.ts completed successfully
Running migration: 003_fix_information_boundaries_timestamps.ts

[90mstdout[2m | src/game-systems/time/__tests__/game-time-shop.test.ts[22m[39m
Migration 003_fix_information_boundaries_timestamps.ts completed successfully
Running migration: 004_drop_information_boundaries.ts
004_drop_information_boundaries: information_boundaries table not found, skipping migration
004_drop_information_boundaries: cleared custom_data.knowledge from 0 NPCs
Migration 004_drop_information_boundaries.ts completed successfully
Running migration: 005_drop_npc_relations.ts
005_drop_npc_relations: dropped npc_relations table
Migration 005_drop_npc_relations.ts completed successfully
Running migration: 006_awareness_relationship_events_states.ts

[90mstdout[2m | src/agents/coordinator/__tests__/types.output-agent.test.ts[22m[39m
008: added saves.active_challenge_mode column
Migration 008_add_saves_active_challenge_mode.ts completed successfully
All migrations completed
鉁?Migrations completed
All seeds completed
鉁?Seeds completed
02:00:22 [[32minfo[39m]  Starting YAML-driven Agent system initialization
02:00:22 [[32minfo[39m]  Seeding ModelConfigService from environment
02:00:22 [[32minfo[39m]  No DEEPSEEK_API_KEY env var found, skipping env seed
02:00:22 [[32minfo[39m]  Seeded provider from convict config {"providerType":"openai","providerId":"08e16b29-58cc-494d-93c3-b8e801908f6f","model":"openrouter/free"}
02:00:22 [[32minfo[39m]  Creating LLMService with ModelConfigService
02:00:22 [[32minfo[39m]  Creating ContextService and DecisionLogService instances
02:00:22 [[32minfo[39m]  Initializing YAML-driven Agent profiles...
02:00:22 [[32minfo[39m]  Loading config from directory: C:\Users\super\Documents\trae_projects\AGG-main\packages\backend\config
02:00:22 [[32minfo[39m]  Loaded agent profile: fantasy_rpg
02:00:22 [[32minfo[39m]  Loaded agent profile: minimal_test
02:00:22 [[32minfo[39m]  Loaded 0 non-builtin profiles from database (0 builtin skipped, using YAML)
02:00:22 [[32minfo[39m]  Config loaded successfully: 2 profiles
02:00:22 [[32minfo[39m]  YAML config loaded successfully
02:00:22 [[32minfo[39m]  Context rules loaded {"agentCount":10}
02:00:22 [[32minfo[39m]  Default manifests loaded {"agentTypeCount":6,"manifestCount":8}
02:00:22 [[32minfo[39m]  Context rules file watcher started {"path":"C:\\Users\\super\\Documents\\trae_projects\\AGG-main\\packages\\backend\\config\\agent-context-rules.yaml"}
02:00:22 [[32minfo[39m]  Loaded 10 agent capabilities from YAML profiles
02:00:22 [[32minfo[39m]  ToolRegistry initialized
02:00:22 [[32minfo[39m]  Registering ServiceTools to ToolRegistry
02:00:22 [[32minfo[39m]  Tool registered: game_time_service - GameTime Service (v1.0.0)
02:00:22 [[32minfo[39m]  Tool registered: numerical_service - Numerical Service (v1.0.0)
02:00:22 [[32minfo[39m]  Tool registered: character_service - Character Service (v1.0.0)
02:00:22 [[32minfo[39m]  Tool registered: inventory_service - Inventory Service (v1.0.0)
02:00:22 [[32minfo[39m]  Tool registered: skill_service - Skill Service (v1.1.0)
02:00:22 [[32minfo[39m]  Tool registered: map_service - Map Service (v2.0.0)
02:00:22 [[32minfo[39m]  Tool registered: npc_service - NPC Service (v1.0.0)
02:00:22 [[32minfo[39m]  Tool registered: dialogue_service - Dialogue Service (v1.0.0)
02:00:22 [[32minfo[39m]  Tool registered: quest_service - Quest Service (v1.0.0)
02:00:22 [[32minfo[39m]  Tool registered: challenge_service - Challenge Service (v1.0.0)
02:00:22 [[32minfo[39m]  Tool registered: event_service - Event Service (v1.0.0)
02:00:22 [[32minfo[39m]  Tool registered: story_service - Story Service (v1.0.0)
02:00:22 [[32minfo[39m]  Tool registered: game_init_service - Game Init Service (v2.0.0)
02:00:22 [[32minfo[39m]  Tool registered: batch_query_service - Batch Query Service (v1.0.0)
02:00:22 [[32minfo[39m]  Tool registered: entity_graph_service - Entity Graph Service (v1.0.0)
02:00:22 [[32minfo[39m]  Tool registered: template_pool_service - Template Pool Service (v1.0.0)
02:00:22 [[32minfo[39m]  Tool registered: dynamic_ui - Dynamic UI Service (v1.0.0)
02:00:22 [[32minfo[39m]  Tool registered: generate_options - Generate Options Service (v2.0.0)
02:00:22 [[32minfo[39m]  Tool registered: coordinator_service - Coordinator Service (v1.0.0)
02:00:22 [[32minfo[39m]  Tool registered: rule_service - Rule Service (v1.0.0)
02:00:22 [[32minfo[39m]  Tool registered: skill_loader - Skill Loader (v1.0.0)
02:00:22 [[32minfo[39m]  Tool registered: help_service - Help Service (v1.0.0)
02:00:22 [[32minfo[39m]  Tool registered: memory_service - Memory Service (v1.0.0)
02:00:22 [[32minfo[39m]  Registered 23 ServiceTools to ToolRegistry
02:00:22 [[32minfo[39m]  Tool reference validation passed

[90mstdout[2m | src/game-systems/time/__tests__/game-time-shop.test.ts[22m[39m
006: created entity_awareness_events table
006: created entity_awareness_states table
006: created entity_relationship_events table
006: created entity_relationship_states table
Migration 006_awareness_relationship_events_states.ts completed successfully
Running migration: 007_add_combat_mode.ts

[90mstdout[2m | src/game-systems/time/__tests__/game-time-shop.test.ts[22m[39m
007: added combat_states.mode column
Migration 007_add_combat_mode.ts completed successfully
Running migration: 008_add_saves_active_challenge_mode.ts

[90mstdout[2m | src/services/__tests__/help-registry.test.ts[22m[39m
006: created entity_awareness_events table
006: created entity_awareness_states table
006: created entity_relationship_events table
006: created entity_relationship_states table
Migration 006_awareness_relationship_events_states.ts completed successfully
Running migration: 007_add_combat_mode.ts
007: added combat_states.mode column
Migration 007_add_combat_mode.ts completed successfully
Running migration: 008_add_saves_active_challenge_mode.ts
008: added saves.active_challenge_mode column
Migration 008_add_saves_active_challenge_mode.ts completed successfully
All migrations completed
鉁?Migrations completed
All seeds completed
鉁?Seeds completed
02:00:22 [[32minfo[39m]  Starting YAML-driven Agent system initialization
02:00:22 [[32minfo[39m]  Seeding ModelConfigService from environment
02:00:22 [[32minfo[39m]  No DEEPSEEK_API_KEY env var found, skipping env seed
02:00:22 [[32minfo[39m]  Seeded provider from convict config {"providerType":"openai","providerId":"5fe43372-1bb8-40e3-8799-ca412d7e910f","model":"openrouter/free"}
02:00:22 [[32minfo[39m]  Creating LLMService with ModelConfigService
02:00:22 [[32minfo[39m]  Creating ContextService and DecisionLogService instances
02:00:22 [[32minfo[39m]  Initializing YAML-driven Agent profiles...
02:00:22 [[32minfo[39m]  Loading config from directory: C:\Users\super\Documents\trae_projects\AGG-main\packages\backend\config
02:00:22 [[32minfo[39m]  Loaded agent profile: fantasy_rpg
02:00:22 [[32minfo[39m]  Loaded agent profile: minimal_test
02:00:22 [[32minfo[39m]  Loaded 0 non-builtin profiles from database (0 builtin skipped, using YAML)
02:00:22 [[32minfo[39m]  Config loaded successfully: 2 profiles
02:00:22 [[32minfo[39m]  YAML config loaded successfully
02:00:22 [[32minfo[39m]  Context rules loaded {"agentCount":10}
02:00:22 [[32minfo[39m]  Default manifests loaded {"agentTypeCount":6,"manifestCount":8}
02:00:22 [[32minfo[39m]  Context rules file watcher started {"path":"C:\\Users\\super\\Documents\\trae_projects\\AGG-main\\packages\\backend\\config\\agent-context-rules.yaml"}
02:00:22 [[32minfo[39m]  Loaded 10 agent capabilities from YAML profiles
02:00:22 [[32minfo[39m]  ToolRegistry initialized
02:00:22 [[32minfo[39m]  Registering ServiceTools to ToolRegistry
02:00:22 [[32minfo[39m]  Tool registered: game_time_service - GameTime Service (v1.0.0)
02:00:22 [[32minfo[39m]  Tool registered: numerical_service - Numerical Service (v1.0.0)
02:00:22 [[32minfo[39m]  Tool registered: character_service - Character Service (v1.0.0)
02:00:22 [[32minfo[39m]  Tool registered: inventory_service - Inventory Service (v1.0.0)
02:00:22 [[32minfo[39m]  Tool registered: skill_service - Skill Service (v1.1.0)
02:00:22 [[32minfo[39m]  Tool registered: map_service - Map Service (v2.0.0)
02:00:22 [[32minfo[39m]  Tool registered: npc_service - NPC Service (v1.0.0)
02:00:22 [[32minfo[39m]  Tool registered: dialogue_service - Dialogue Service (v1.0.0)
02:00:22 [[32minfo[39m]  Tool registered: quest_service - Quest Service (v1.0.0)
02:00:22 [[32minfo[39m]  Tool registered: challenge_service - Challenge Service (v1.0.0)
02:00:22 [[32minfo[39m]  Tool registered: event_service - Event Service (v1.0.0)
02:00:22 [[32minfo[39m]  Tool registered: story_service - Story Service (v1.0.0)
02:00:22 [[32minfo[39m]  Tool registered: game_init_service - Game Init Service (v2.0.0)
02:00:22 [[32minfo[39m]  Tool registered: batch_query_service - Batch Query Service (v1.0.0)
02:00:22 [[32minfo[39m]  Tool registered: entity_graph_service - Entity Graph Service (v1.0.0)
02:00:22 [[32minfo[39m]  Tool registered: template_pool_service - Template Pool Service (v1.0.0)
02:00:22 [[32minfo[39m]  Tool registered: dynamic_ui - Dynamic UI Service (v1.0.0)
02:00:22 [[32minfo[39m]  Tool registered: generate_options - Generate Options Service (v2.0.0)
02:00:22 [[32minfo[39m]  Tool registered: coordinator_service - Coordinator Service (v1.0.0)
02:00:22 [[32minfo[39m]  Tool registered: rule_service - Rule Service (v1.0.0)
02:00:22 [[32minfo[39m]  Tool registered: skill_loader - Skill Loader (v1.0.0)
02:00:22 [[32minfo[39m]  Tool registered: help_service - Help Service (v1.0.0)
02:00:22 [[32minfo[39m]  Tool registered: memory_service - Memory Service (v1.0.0)
02:00:22 [[32minfo[39m]  Registered 23 ServiceTools to ToolRegistry
02:00:22 [[32minfo[39m]  Tool reference validation passed

[90mstdout[2m | src/game-systems/dialogue/__tests__/DialogueServiceTool.select-option.test.ts[22m[39m
006: created entity_awareness_events table
006: created entity_awareness_states table
006: created entity_relationship_events table
006: created entity_relationship_states table
Migration 006_awareness_relationship_events_states.ts completed successfully
Running migration: 007_add_combat_mode.ts
007: added combat_states.mode column
Migration 007_add_combat_mode.ts completed successfully
Running migration: 008_add_saves_active_challenge_mode.ts
008: added saves.active_challenge_mode column
Migration 008_add_saves_active_challenge_mode.ts completed successfully
All migrations completed
鉁?Migrations completed
All seeds completed
鉁?Seeds completed
02:00:22 [[32minfo[39m]  Starting YAML-driven Agent system initialization
02:00:22 [[32minfo[39m]  Seeding ModelConfigService from environment
02:00:22 [[32minfo[39m]  No DEEPSEEK_API_KEY env var found, skipping env seed
02:00:22 [[32minfo[39m]  Seeded provider from convict config {"providerType":"openai","providerId":"ce66f745-a13e-4899-8673-19655fecb112","model":"openrouter/free"}
02:00:22 [[32minfo[39m]  Creating LLMService with ModelConfigService
02:00:22 [[32minfo[39m]  Creating ContextService and DecisionLogService instances
02:00:22 [[32minfo[39m]  Initializing YAML-driven Agent profiles...
02:00:22 [[32minfo[39m]  Loading config from directory: C:\Users\super\Documents\trae_projects\AGG-main\packages\backend\config
02:00:22 [[32minfo[39m]  Loaded agent profile: fantasy_rpg
02:00:22 [[32minfo[39m]  Loaded agent profile: minimal_test
02:00:22 [[32minfo[39m]  Loaded 0 non-builtin profiles from database (0 builtin skipped, using YAML)
02:00:22 [[32minfo[39m]  Config loaded successfully: 2 profiles
02:00:22 [[32minfo[39m]  YAML config loaded successfully
02:00:22 [[32minfo[39m]  Context rules loaded {"agentCount":10}
02:00:22 [[32minfo[39m]  Default manifests loaded {"agentTypeCount":6,"manifestCount":8}
02:00:22 [[32minfo[39m]  Context rules file watcher started {"path":"C:\\Users\\super\\Documents\\trae_projects\\AGG-main\\packages\\backend\\config\\agent-context-rules.yaml"}
02:00:22 [[32minfo[39m]  Loaded 10 agent capabilities from YAML profiles
02:00:22 [[32minfo[39m]  ToolRegistry initialized
02:00:22 [[32minfo[39m]  Registering ServiceTools to ToolRegistry
02:00:22 [[32minfo[39m]  Tool registered: game_time_service - GameTime Service (v1.0.0)
02:00:22 [[32minfo[39m]  Tool registered: numerical_service - Numerical Service (v1.0.0)
02:00:22 [[32minfo[39m]  Tool registered: character_service - Character Service (v1.0.0)
02:00:22 [[32minfo[39m]  Tool registered: inventory_service - Inventory Service (v1.0.0)
02:00:22 [[32minfo[39m]  Tool registered: skill_service - Skill Service (v1.1.0)
02:00:22 [[32minfo[39m]  Tool registered: map_service - Map Service (v2.0.0)
02:00:22 [[32minfo[39m]  Tool registered: npc_service - NPC Service (v1.0.0)
02:00:22 [[32minfo[39m]  Tool registered: dialogue_service - Dialogue Service (v1.0.0)
02:00:22 [[32minfo[39m]  Tool registered: quest_service - Quest Service (v1.0.0)
02:00:22 [[32minfo[39m]  Tool registered: challenge_service - Challenge Service (v1.0.0)
02:00:22 [[32minfo[39m]  Tool registered: event_service - Event Service (v1.0.0)
02:00:22 [[32minfo[39m]  Tool registered: story_service - Story Service (v1.0.0)
02:00:22 [[32minfo[39m]  Tool registered: game_init_service - Game Init Service (v2.0.0)
02:00:22 [[32minfo[39m]  Tool registered: batch_query_service - Batch Query Service (v1.0.0)
02:00:22 [[32minfo[39m]  Tool registered: entity_graph_service - Entity Graph Service (v1.0.0)
02:00:22 [[32minfo[39m]  Tool registered: template_pool_service - Template Pool Service (v1.0.0)
02:00:22 [[32minfo[39m]  Tool registered: dynamic_ui - Dynamic UI Service (v1.0.0)
02:00:22 [[32minfo[39m]  Tool registered: generate_options - Generate Options Service (v2.0.0)
02:00:22 [[32minfo[39m]  Tool registered: coordinator_service - Coordinator Service (v1.0.0)
02:00:22 [[32minfo[39m]  Tool registered: rule_service - Rule Service (v1.0.0)
02:00:22 [[32minfo[39m]  Tool registered: skill_loader - Skill Loader (v1.0.0)
02:00:22 [[32minfo[39m]  Tool registered: help_service - Help Service (v1.0.0)
02:00:22 [[32minfo[39m]  Tool registered: memory_service - Memory Service (v1.0.0)
02:00:22 [[32minfo[39m]  Registered 23 ServiceTools to ToolRegistry
02:00:22 [[32minfo[39m]  Tool reference validation passed

[90mstdout[2m | src/agents/__tests__/agent-hooks.test.ts[22m[39m
02:00:22 [[32minfo[39m]  Discovered 187 help files {"dir":"C:\\Users\\super\\Documents\\trae_projects\\AGG-main\\packages\\backend\\config\\agent-help"}

[90mstdout[2m | src/services/__tests__/help-registry.test.ts[22m[39m
02:00:22 [[32minfo[39m]  Discovered 187 help files {"dir":"C:\\Users\\super\\Documents\\trae_projects\\AGG-main\\packages\\backend\\config\\agent-help"}

[90mstdout[2m | src/game-systems/dialogue/__tests__/DialogueServiceTool.select-option.test.ts[22m[39m
02:00:22 [[32minfo[39m]  Discovered 187 help files {"dir":"C:\\Users\\super\\Documents\\trae_projects\\AGG-main\\packages\\backend\\config\\agent-help"}

[90mstdout[2m | src/agents/coordinator/__tests__/types.output-agent.test.ts[22m[39m
02:00:22 [[32minfo[39m]  Discovered 187 help files {"dir":"C:\\Users\\super\\Documents\\trae_projects\\AGG-main\\packages\\backend\\config\\agent-help"}

[90mstdout[2m | src/game-systems/time/__tests__/game-time-shop.test.ts[22m[39m
008: added saves.active_challenge_mode column
Migration 008_add_saves_active_challenge_mode.ts completed successfully
All migrations completed
鉁?Migrations completed
All seeds completed
鉁?Seeds completed
02:00:22 [[32minfo[39m]  Starting YAML-driven Agent system initialization
02:00:22 [[32minfo[39m]  Seeding ModelConfigService from environment
02:00:22 [[32minfo[39m]  No DEEPSEEK_API_KEY env var found, skipping env seed
02:00:22 [[32minfo[39m]  Seeded provider from convict config {"providerType":"openai","providerId":"c2d99e0f-b4dd-4b9e-82db-ef59e2fb576a","model":"openrouter/free"}
02:00:22 [[32minfo[39m]  Creating LLMService with ModelConfigService
02:00:22 [[32minfo[39m]  Creating ContextService and DecisionLogService instances
02:00:22 [[32minfo[39m]  Initializing YAML-driven Agent profiles...
02:00:22 [[32minfo[39m]  Loading config from directory: C:\Users\super\Documents\trae_projects\AGG-main\packages\backend\config
02:00:22 [[32minfo[39m]  Loaded agent profile: fantasy_rpg
02:00:22 [[32minfo[39m]  Loaded agent profile: minimal_test
02:00:22 [[32minfo[39m]  Loaded 0 non-builtin profiles from database (0 builtin skipped, using YAML)
02:00:22 [[32minfo[39m]  Config loaded successfully: 2 profiles
02:00:22 [[32minfo[39m]  YAML config loaded successfully
02:00:22 [[32minfo[39m]  Context rules loaded {"agentCount":10}
02:00:22 [[32minfo[39m]  Default manifests loaded {"agentTypeCount":6,"manifestCount":8}
02:00:22 [[32minfo[39m]  Context rules file watcher started {"path":"C:\\Users\\super\\Documents\\trae_projects\\AGG-main\\packages\\backend\\config\\agent-context-rules.yaml"}
02:00:22 [[32minfo[39m]  Loaded 10 agent capabilities from YAML profiles
02:00:22 [[32minfo[39m]  ToolRegistry initialized
02:00:22 [[32minfo[39m]  Registering ServiceTools to ToolRegistry
02:00:22 [[32minfo[39m]  Tool registered: game_time_service - GameTime Service (v1.0.0)
02:00:22 [[32minfo[39m]  Tool registered: numerical_service - Numerical Service (v1.0.0)
02:00:22 [[32minfo[39m]  Tool registered: character_service - Character Service (v1.0.0)
02:00:22 [[32minfo[39m]  Tool registered: inventory_service - Inventory Service (v1.0.0)
02:00:22 [[32minfo[39m]  Tool registered: skill_service - Skill Service (v1.1.0)
02:00:22 [[32minfo[39m]  Tool registered: map_service - Map Service (v2.0.0)
02:00:22 [[32minfo[39m]  Tool registered: npc_service - NPC Service (v1.0.0)
02:00:22 [[32minfo[39m]  Tool registered: dialogue_service - Dialogue Service (v1.0.0)
02:00:22 [[32minfo[39m]  Tool registered: quest_service - Quest Service (v1.0.0)
02:00:22 [[32minfo[39m]  Tool registered: challenge_service - Challenge Service (v1.0.0)
02:00:22 [[32minfo[39m]  Tool registered: event_service - Event Service (v1.0.0)
02:00:22 [[32minfo[39m]  Tool registered: story_service - Story Service (v1.0.0)
02:00:22 [[32minfo[39m]  Tool registered: game_init_service - Game Init Service (v2.0.0)
02:00:22 [[32minfo[39m]  Tool registered: batch_query_service - Batch Query Service (v1.0.0)
02:00:22 [[32minfo[39m]  Tool registered: entity_graph_service - Entity Graph Service (v1.0.0)
02:00:22 [[32minfo[39m]  Tool registered: template_pool_service - Template Pool Service (v1.0.0)
02:00:22 [[32minfo[39m]  Tool registered: dynamic_ui - Dynamic UI Service (v1.0.0)
02:00:22 [[32minfo[39m]  Tool registered: generate_options - Generate Options Service (v2.0.0)
02:00:22 [[32minfo[39m]  Tool registered: coordinator_service - Coordinator Service (v1.0.0)
02:00:22 [[32minfo[39m]  Tool registered: rule_service - Rule Service (v1.0.0)
02:00:22 [[32minfo[39m]  Tool registered: skill_loader - Skill Loader (v1.0.0)
02:00:22 [[32minfo[39m]  Tool registered: help_service - Help Service (v1.0.0)
02:00:22 [[32minfo[39m]  Tool registered: memory_service - Memory Service (v1.0.0)
02:00:22 [[32minfo[39m]  Registered 23 ServiceTools to ToolRegistry
02:00:22 [[32minfo[39m]  Tool reference validation passed

[90mstdout[2m | src/game-systems/time/__tests__/game-time-shop.test.ts[22m[39m
02:00:22 [[32minfo[39m]  Discovered 187 help files {"dir":"C:\\Users\\super\\Documents\\trae_projects\\AGG-main\\packages\\backend\\config\\agent-help"}

[90mstdout[2m | src/services/__tests__/help-registry.test.ts[22m[39m
02:00:22 [[32minfo[39m]  Help registry loaded: 22 tools {"tools":["batch_query_service","challenge_service","... (22 items)"]}
02:00:22 [[32minfo[39m]  Creating GameMasterAgent (as AgentRuntime with isSubAgent=false)
02:00:22 [[32minfo[39m]  Handler subscribed {"eventType":"dialogue"}
02:00:22 [[32minfo[39m]  Handler subscribed {"eventType":"combat_end"}
02:00:22 [[32minfo[39m]  AwarenessAutoSubscriber subscribed to dialogue + combat_end events
02:00:22 [[32minfo[39m]  Agent initialized: gamemaster - GameMasterAgent
02:00:22 [[32minfo[39m] [AGENT-START] Agent gamemaster starting {"agent":"gamemaster","provider":null,"toolsConfigured":1,"maxIterations":200,"isSubAgent":false}
02:00:22 [[32minfo[39m]  Handler subscribed {"eventType":"chapter_advanced"}
02:00:22 [[32minfo[39m]  Creating AgentRuntime instances from default profile: fantasy_rpg
02:00:22 [[32minfo[39m]  Creating agents from profile: fantasy_rpg {"agentCount":10}
02:00:22 [[32minfo[39m]  Agent initialized: gamemaster - GameMasterAgent
02:00:22 [[32minfo[39m] [AGENT-START] Agent gamemaster starting {"agent":"gamemaster","provider":null,"toolsConfigured":1,"maxIterations":200,"isSubAgent":false}
02:00:22 [[32minfo[39m]  Created AgentRuntime: gamemaster {"profile":"fantasy_rpg","tools":["all"]}
02:00:22 [[32minfo[39m]  Agent initialized: map - MapAgent
02:00:22 [[32minfo[39m] [AGENT-START] Agent map starting {"agent":"map","provider":null,"toolsConfigured":7,"maxIterations":200,"isSubAgent":true}
02:00:22 [[32minfo[39m]  Created AgentRuntime: map {"profile":"fantasy_rpg","tools":["map_service","npc_service","... (7 items)"]}
02:00:22 [[32minfo[39m]  Agent initialized: challenge - ChallengeAgent
02:00:22 [[32minfo[39m] [AGENT-START] Agent challenge starting {"agent":"challenge","provider":null,"toolsConfigured":9,"maxIterations":200,"isSubAgent":true}
02:00:22 [[32minfo[39m]  Created AgentRuntime: challenge {"profile":"fantasy_rpg","tools":["challenge_service","numerical_service","... (9 items)"]}
02:00:22 [[32minfo[39m]  Agent initialized: output - OutputAgent
02:00:22 [[32minfo[39m] [AGENT-START] Agent output starting {"agent":"output","provider":null,"toolsConfigured":5,"maxIterations":200,"isSubAgent":true}
02:00:22 [[32minfo[39m]  Created AgentRuntime: output {"profile":"fantasy_rpg","tools":["dialogue_service","dynamic_ui","... (5 items)"]}
02:00:22 [[32minfo[39m]  Agent initialized: quest - QuestAgent
02:00:22 [[32minfo[39m] [AGENT-START] Agent quest starting {"agent":"quest","provider":null,"toolsConfigured":11,"maxIterations":200,"isSubAgent":true}
02:00:22 [[32minfo[39m]  Created AgentRuntime: quest {"profile":"fantasy_rpg","tools":["quest_service","numerical_service","... (11 items)"]}
02:00:22 [[32minfo[39m]  Agent initialized: npc_party - NPCPartyAgent
02:00:22 [[32minfo[39m] [AGENT-START] Agent npc_party starting {"agent":"npc_party","provider":null,"toolsConfigured":9,"maxIterations":200,"isSubAgent":true}
02:00:22 [[32minfo[39m]  Created AgentRuntime: npc_party {"profile":"fantasy_rpg","tools":["npc_service","entity_graph_service","... (9 items)"]}
02:00:22 [[32minfo[39m]  Agent initialized: inventory - InventoryAgent
02:00:22 [[32minfo[39m] [AGENT-START] Agent inventory starting {"agent":"inventory","provider":null,"toolsConfigured":8,"maxIterations":200,"isSubAgent":true}
02:00:22 [[32minfo[39m]  Created AgentRuntime: inventory {"profile":"fantasy_rpg","tools":["inventory_service","template_pool_service","... (8 items)"]}
02:00:22 [[32minfo[39m]  Agent initialized: skill - SkillAgent
02:00:22 [[32minfo[39m] [AGENT-START] Agent skill starting {"agent":"skill","provider":null,"toolsConfigured":7,"maxIterations":200,"isSubAgent":true}
02:00:22 [[32minfo[39m]  Created AgentRuntime: skill {"profile":"fantasy_rpg","tools":["skill_service","template_pool_service","... (7 items)"]}
02:00:22 [[32minfo[39m]  Agent initialized: event - EventAgent
02:00:22 [[32minfo[39m] [AGENT-START] Agent event starting {"agent":"event","provider":null,"toolsConfigured":5,"maxIterations":200,"isSubAgent":true}
02:00:22 [[32minfo[39m]  Created AgentRuntime: event {"profile":"fantasy_rpg","tools":["event_service","game_time_service","... (5 items)"]}
02:00:22 [[32minfo[39m]  Agent initialized: time - TimeAgent
02:00:22 [[32minfo[39m] [AGENT-START] Agent time starting {"agent":"time","provider":null,"toolsConfigured":4,"maxIterations":200,"isSubAgent":true}
02:00:22 [[32minfo[39m]  Created AgentRuntime: time {"profile":"fantasy_rpg","tools":["game_time_service","rule_service","... (4 items)"]}
02:00:22 [[32minfo[39m]  Permissions configured from agent.tools for profile: fantasy_rpg
02:00:22 [[32minfo[39m]  YAML permissions configured
02:00:22 [[32minfo[39m]  Registering AgentRuntime instances to GameMasterAgent...
02:00:22 [[32minfo[39m]  Registered AgentRuntime to Coordinator: gamemaster
02:00:22 [[32minfo[39m]  Registered AgentRuntime to Coordinator: map
02:00:22 [[32minfo[39m]  Registered AgentRuntime to Coordinator: challenge
02:00:22 [[32minfo[39m]  Registered AgentRuntime to Coordinator: output
02:00:22 [[32minfo[39m]  Registered AgentRuntime to Coordinator: quest
02:00:22 [[32minfo[39m]  Registered AgentRuntime to Coordinator: npc_party
02:00:22 [[32minfo[39m]  Registered AgentRuntime to Coordinator: inventory
02:00:22 [[32minfo[39m]  Registered AgentRuntime to Coordinator: skill
02:00:22 [[32minfo[39m]  Registered AgentRuntime to Coordinator: event
02:00:22 [[32minfo[39m]  Registered AgentRuntime to Coordinator: time
02:00:22 [[32minfo[39m]  GameDataExpander configured (manifest path enabled)
02:00:22 [[32minfo[39m]  DedupService configured (dispatch log persistence enabled)
02:00:22 [[32minfo[39m]  Agent system initialized: 10 AgentRuntime instances created
鉁?Agent system initialized with 10 agents
鈿狅笍 YAML Agent system skipped: __vi_import_5__.initializeYamlAgentSystem is not a function
02:00:22 [[32minfo[39m]  Agent routes initialized
02:00:22 [[32minfo[39m]  Save routes initialized
02:00:22 [[32minfo[39m]  Synced template from YAML to DB: cthulhu-investigation
02:00:22 [[32minfo[39m]  Synced template from YAML to DB: cyberpunk-mercenary
02:00:22 [[32minfo[39m]  Synced template from YAML to DB: medieval-fantasy
02:00:22 [[32minfo[39m]  Synced template from YAML to DB: modern-romance
02:00:22 [[32minfo[39m]  Synced template from YAML to DB: xianxia
02:00:22 [[32minfo[39m]  Synced 5 templates from YAML to database
02:00:22 [[32minfo[39m]  Cache refreshed with 5 templates
02:00:22 [[32minfo[39m]  TemplateService loaded {"cachedTemplates":5}
鉁?Template YAML loaded and synced to DB
02:00:22 [[32minfo[39m]  Template routes initialized
鉁?Test environment setup complete

[90mstdout[2m | src/game-systems/dialogue/__tests__/DialogueServiceTool.select-option.test.ts[22m[39m
02:00:22 [[32minfo[39m]  Help registry loaded: 22 tools {"tools":["batch_query_service","challenge_service","... (22 items)"]}
02:00:22 [[32minfo[39m]  Creating GameMasterAgent (as AgentRuntime with isSubAgent=false)
02:00:22 [[32minfo[39m]  Handler subscribed {"eventType":"dialogue"}
02:00:22 [[32minfo[39m]  Handler subscribed {"eventType":"combat_end"}
02:00:22 [[32minfo[39m]  AwarenessAutoSubscriber subscribed to dialogue + combat_end events
02:00:22 [[32minfo[39m]  Agent initialized: gamemaster - GameMasterAgent
02:00:22 [[32minfo[39m] [AGENT-START] Agent gamemaster starting {"agent":"gamemaster","provider":null,"toolsConfigured":1,"maxIterations":200,"isSubAgent":false}
02:00:22 [[32minfo[39m]  Handler subscribed {"eventType":"chapter_advanced"}
02:00:22 [[32minfo[39m]  Creating AgentRuntime instances from default profile: fantasy_rpg
02:00:22 [[32minfo[39m]  Creating agents from profile: fantasy_rpg {"agentCount":10}
02:00:22 [[32minfo[39m]  Agent initialized: gamemaster - GameMasterAgent
02:00:22 [[32minfo[39m] [AGENT-START] Agent gamemaster starting {"agent":"gamemaster","provider":null,"toolsConfigured":1,"maxIterations":200,"isSubAgent":false}
02:00:22 [[32minfo[39m]  Created AgentRuntime: gamemaster {"profile":"fantasy_rpg","tools":["all"]}
02:00:22 [[32minfo[39m]  Agent initialized: map - MapAgent
02:00:22 [[32minfo[39m] [AGENT-START] Agent map starting {"agent":"map","provider":null,"toolsConfigured":7,"maxIterations":200,"isSubAgent":true}
02:00:22 [[32minfo[39m]  Created AgentRuntime: map {"profile":"fantasy_rpg","tools":["map_service","npc_service","... (7 items)"]}
02:00:22 [[32minfo[39m]  Agent initialized: challenge - ChallengeAgent
02:00:22 [[32minfo[39m] [AGENT-START] Agent challenge starting {"agent":"challenge","provider":null,"toolsConfigured":9,"maxIterations":200,"isSubAgent":true}
02:00:22 [[32minfo[39m]  Created AgentRuntime: challenge {"profile":"fantasy_rpg","tools":["challenge_service","numerical_service","... (9 items)"]}
02:00:22 [[32minfo[39m]  Agent initialized: output - OutputAgent
02:00:22 [[32minfo[39m] [AGENT-START] Agent output starting {"agent":"output","provider":null,"toolsConfigured":5,"maxIterations":200,"isSubAgent":true}
02:00:22 [[32minfo[39m]  Created AgentRuntime: output {"profile":"fantasy_rpg","tools":["dialogue_service","dynamic_ui","... (5 items)"]}
02:00:22 [[32minfo[39m]  Agent initialized: quest - QuestAgent
02:00:22 [[32minfo[39m] [AGENT-START] Agent quest starting {"agent":"quest","provider":null,"toolsConfigured":11,"maxIterations":200,"isSubAgent":true}
02:00:22 [[32minfo[39m]  Created AgentRuntime: quest {"profile":"fantasy_rpg","tools":["quest_service","numerical_service","... (11 items)"]}
02:00:22 [[32minfo[39m]  Agent initialized: npc_party - NPCPartyAgent
02:00:22 [[32minfo[39m] [AGENT-START] Agent npc_party starting {"agent":"npc_party","provider":null,"toolsConfigured":9,"maxIterations":200,"isSubAgent":true}
02:00:22 [[32minfo[39m]  Created AgentRuntime: npc_party {"profile":"fantasy_rpg","tools":["npc_service","entity_graph_service","... (9 items)"]}
02:00:22 [[32minfo[39m]  Agent initialized: inventory - InventoryAgent
02:00:22 [[32minfo[39m] [AGENT-START] Agent inventory starting {"agent":"inventory","provider":null,"toolsConfigured":8,"maxIterations":200,"isSubAgent":true}
02:00:22 [[32minfo[39m]  Created AgentRuntime: inventory {"profile":"fantasy_rpg","tools":["inventory_service","template_pool_service","... (8 items)"]}
02:00:22 [[32minfo[39m]  Agent initialized: skill - SkillAgent
02:00:22 [[32minfo[39m] [AGENT-START] Agent skill starting {"agent":"skill","provider":null,"toolsConfigured":7,"maxIterations":200,"isSubAgent":true}
02:00:22 [[32minfo[39m]  Created AgentRuntime: skill {"profile":"fantasy_rpg","tools":["skill_service","template_pool_service","... (7 items)"]}
02:00:22 [[32minfo[39m]  Agent initialized: event - EventAgent
02:00:22 [[32minfo[39m] [AGENT-START] Agent event starting {"agent":"event","provider":null,"toolsConfigured":5,"maxIterations":200,"isSubAgent":true}
02:00:22 [[32minfo[39m]  Created AgentRuntime: event {"profile":"fantasy_rpg","tools":["event_service","game_time_service","... (5 items)"]}
02:00:22 [[32minfo[39m]  Agent initialized: time - TimeAgent
02:00:22 [[32minfo[39m] [AGENT-START] Agent time starting {"agent":"time","provider":null,"toolsConfigured":4,"maxIterations":200,"isSubAgent":true}
02:00:22 [[32minfo[39m]  Created AgentRuntime: time {"profile":"fantasy_rpg","tools":["game_time_service","rule_service","... (4 items)"]}
02:00:22 [[32minfo[39m]  Permissions configured from agent.tools for profile: fantasy_rpg
02:00:22 [[32minfo[39m]  YAML permissions configured
02:00:22 [[32minfo[39m]  Registering AgentRuntime instances to GameMasterAgent...
02:00:22 [[32minfo[39m]  Registered AgentRuntime to Coordinator: gamemaster
02:00:22 [[32minfo[39m]  Registered AgentRuntime to Coordinator: map
02:00:22 [[32minfo[39m]  Registered AgentRuntime to Coordinator: challenge
02:00:22 [[32minfo[39m]  Registered AgentRuntime to Coordinator: output
02:00:22 [[32minfo[39m]  Registered AgentRuntime to Coordinator: quest
02:00:22 [[32minfo[39m]  Registered AgentRuntime to Coordinator: npc_party
02:00:22 [[32minfo[39m]  Registered AgentRuntime to Coordinator: inventory
02:00:22 [[32minfo[39m]  Registered AgentRuntime to Coordinator: skill
02:00:22 [[32minfo[39m]  Registered AgentRuntime to Coordinator: event
02:00:22 [[32minfo[39m]  Registered AgentRuntime to Coordinator: time
02:00:22 [[32minfo[39m]  GameDataExpander configured (manifest path enabled)
02:00:22 [[32minfo[39m]  DedupService configured (dispatch log persistence enabled)
02:00:22 [[32minfo[39m]  Agent system initialized: 10 AgentRuntime instances created
鉁?Agent system initialized with 10 agents
鈿狅笍 YAML Agent system skipped: __vi_import_5__.initializeYamlAgentSystem is not a function
02:00:22 [[32minfo[39m]  Agent routes initialized
02:00:22 [[32minfo[39m]  Save routes initialized
02:00:22 [[32minfo[39m]  Synced template from YAML to DB: cthulhu-investigation
02:00:22 [[32minfo[39m]  Synced template from YAML to DB: cyberpunk-mercenary
02:00:22 [[32minfo[39m]  Synced template from YAML to DB: medieval-fantasy
02:00:22 [[32minfo[39m]  Synced template from YAML to DB: modern-romance
02:00:22 [[32minfo[39m]  Synced template from YAML to DB: xianxia
02:00:22 [[32minfo[39m]  Synced 5 templates from YAML to database
02:00:22 [[32minfo[39m]  Cache refreshed with 5 templates
02:00:22 [[32minfo[39m]  TemplateService loaded {"cachedTemplates":5}
鉁?Template YAML loaded and synced to DB
02:00:22 [[32minfo[39m]  Template routes initialized
鉁?Test environment setup complete
鉁?Database connection closed

 [32m鉁?[39m src/game-systems/dialogue/__tests__/DialogueServiceTool.select-option.test.ts [2m ([22m[2m1 test[22m[2m)[22m[33m 567[2mms[22m[39m
[90mstdout[2m | src/services/__tests__/help-registry.test.ts[2m > [22m[2mHelpRegistry summary metadata[2m > [22m[2m搴斾粠 frontmatter 璇诲彇 summary / whenToUse / returnsSummary[22m[39m
02:00:22 [[32minfo[39m]  Discovered 1 help files {"dir":"C:\\Users\\super\\AppData\\Local\\Temp\\help-registry-test-NwCnew"}
02:00:22 [[32minfo[39m]  Help registry loaded: 1 tools {"tools":["map_service"]}

[90mstdout[2m | src/services/__tests__/help-registry.test.ts[22m[39m
鉁?Database connection closed

 [32m鉁?[39m src/services/__tests__/help-registry.test.ts [2m ([22m[2m2 tests[22m[2m)[22m[33m 579[2mms[22m[39m
[90mstdout[2m | src/agents/__tests__/agent-hooks.test.ts[22m[39m
02:00:22 [[32minfo[39m]  Help registry loaded: 22 tools {"tools":["batch_query_service","challenge_service","... (22 items)"]}
02:00:22 [[32minfo[39m]  Creating GameMasterAgent (as AgentRuntime with isSubAgent=false)
02:00:22 [[32minfo[39m]  Handler subscribed {"eventType":"dialogue"}
02:00:22 [[32minfo[39m]  Handler subscribed {"eventType":"combat_end"}
02:00:22 [[32minfo[39m]  AwarenessAutoSubscriber subscribed to dialogue + combat_end events
02:00:22 [[32minfo[39m]  Agent initialized: gamemaster - GameMasterAgent
02:00:22 [[32minfo[39m] [AGENT-START] Agent gamemaster starting {"agent":"gamemaster","provider":null,"toolsConfigured":1,"maxIterations":200,"isSubAgent":false}
02:00:22 [[32minfo[39m]  Handler subscribed {"eventType":"chapter_advanced"}
02:00:22 [[32minfo[39m]  Creating AgentRuntime instances from default profile: fantasy_rpg
02:00:22 [[32minfo[39m]  Creating agents from profile: fantasy_rpg {"agentCount":10}
02:00:22 [[32minfo[39m]  Agent initialized: gamemaster - GameMasterAgent
02:00:22 [[32minfo[39m] [AGENT-START] Agent gamemaster starting {"agent":"gamemaster","provider":null,"toolsConfigured":1,"maxIterations":200,"isSubAgent":false}
02:00:22 [[32minfo[39m]  Created AgentRuntime: gamemaster {"profile":"fantasy_rpg","tools":["all"]}
02:00:22 [[32minfo[39m]  Agent initialized: map - MapAgent
02:00:22 [[32minfo[39m] [AGENT-START] Agent map starting {"agent":"map","provider":null,"toolsConfigured":7,"maxIterations":200,"isSubAgent":true}
02:00:22 [[32minfo[39m]  Created AgentRuntime: map {"profile":"fantasy_rpg","tools":["map_service","npc_service","... (7 items)"]}
02:00:22 [[32minfo[39m]  Agent initialized: challenge - ChallengeAgent
02:00:22 [[32minfo[39m] [AGENT-START] Agent challenge starting {"agent":"challenge","provider":null,"toolsConfigured":9,"maxIterations":200,"isSubAgent":true}
02:00:22 [[32minfo[39m]  Created AgentRuntime: challenge {"profile":"fantasy_rpg","tools":["challenge_service","numerical_service","... (9 items)"]}
02:00:22 [[32minfo[39m]  Agent initialized: output - OutputAgent
02:00:22 [[32minfo[39m] [AGENT-START] Agent output starting {"agent":"output","provider":null,"toolsConfigured":5,"maxIterations":200,"isSubAgent":true}
02:00:22 [[32minfo[39m]  Created AgentRuntime: output {"profile":"fantasy_rpg","tools":["dialogue_service","dynamic_ui","... (5 items)"]}
02:00:22 [[32minfo[39m]  Agent initialized: quest - QuestAgent
02:00:22 [[32minfo[39m] [AGENT-START] Agent quest starting {"agent":"quest","provider":null,"toolsConfigured":11,"maxIterations":200,"isSubAgent":true}
02:00:22 [[32minfo[39m]  Created AgentRuntime: quest {"profile":"fantasy_rpg","tools":["quest_service","numerical_service","... (11 items)"]}
02:00:22 [[32minfo[39m]  Agent initialized: npc_party - NPCPartyAgent
02:00:22 [[32minfo[39m] [AGENT-START] Agent npc_party starting {"agent":"npc_party","provider":null,"toolsConfigured":9,"maxIterations":200,"isSubAgent":true}
02:00:22 [[32minfo[39m]  Created AgentRuntime: npc_party {"profile":"fantasy_rpg","tools":["npc_service","entity_graph_service","... (9 items)"]}
02:00:22 [[32minfo[39m]  Agent initialized: inventory - InventoryAgent
02:00:22 [[32minfo[39m] [AGENT-START] Agent inventory starting {"agent":"inventory","provider":null,"toolsConfigured":8,"maxIterations":200,"isSubAgent":true}
02:00:22 [[32minfo[39m]  Created AgentRuntime: inventory {"profile":"fantasy_rpg","tools":["inventory_service","template_pool_service","... (8 items)"]}
02:00:22 [[32minfo[39m]  Agent initialized: skill - SkillAgent
02:00:22 [[32minfo[39m] [AGENT-START] Agent skill starting {"agent":"skill","provider":null,"toolsConfigured":7,"maxIterations":200,"isSubAgent":true}
02:00:22 [[32minfo[39m]  Created AgentRuntime: skill {"profile":"fantasy_rpg","tools":["skill_service","template_pool_service","... (7 items)"]}
02:00:22 [[32minfo[39m]  Agent initialized: event - EventAgent
02:00:22 [[32minfo[39m] [AGENT-START] Agent event starting {"agent":"event","provider":null,"toolsConfigured":5,"maxIterations":200,"isSubAgent":true}
02:00:22 [[32minfo[39m]  Created AgentRuntime: event {"profile":"fantasy_rpg","tools":["event_service","game_time_service","... (5 items)"]}
02:00:22 [[32minfo[39m]  Agent initialized: time - TimeAgent
02:00:22 [[32minfo[39m] [AGENT-START] Agent time starting {"agent":"time","provider":null,"toolsConfigured":4,"maxIterations":200,"isSubAgent":true}
02:00:22 [[32minfo[39m]  Created AgentRuntime: time {"profile":"fantasy_rpg","tools":["game_time_service","rule_service","... (4 items)"]}
02:00:22 [[32minfo[39m]  Permissions configured from agent.tools for profile: fantasy_rpg
02:00:22 [[32minfo[39m]  YAML permissions configured
02:00:22 [[32minfo[39m]  Registering AgentRuntime instances to GameMasterAgent...
02:00:22 [[32minfo[39m]  Registered AgentRuntime to Coordinator: gamemaster
02:00:22 [[32minfo[39m]  Registered AgentRuntime to Coordinator: map
02:00:22 [[32minfo[39m]  Registered AgentRuntime to Coordinator: challenge
02:00:22 [[32minfo[39m]  Registered AgentRuntime to Coordinator: output
02:00:22 [[32minfo[39m]  Registered AgentRuntime to Coordinator: quest
02:00:22 [[32minfo[39m]  Registered AgentRuntime to Coordinator: npc_party
02:00:22 [[32minfo[39m]  Registered AgentRuntime to Coordinator: inventory
02:00:22 [[32minfo[39m]  Registered AgentRuntime to Coordinator: skill
02:00:22 [[32minfo[39m]  Registered AgentRuntime to Coordinator: event
02:00:22 [[32minfo[39m]  Registered AgentRuntime to Coordinator: time
02:00:22 [[32minfo[39m]  GameDataExpander configured (manifest path enabled)
02:00:22 [[32minfo[39m]  DedupService configured (dispatch log persistence enabled)
02:00:22 [[32minfo[39m]  Agent system initialized: 10 AgentRuntime instances created
鉁?Agent system initialized with 10 agents
鈿狅笍 YAML Agent system skipped: __vi_import_5__.initializeYamlAgentSystem is not a function
02:00:22 [[32minfo[39m]  Agent routes initialized
02:00:22 [[32minfo[39m]  Save routes initialized
02:00:22 [[32minfo[39m]  Synced template from YAML to DB: cthulhu-investigation
02:00:22 [[32minfo[39m]  Synced template from YAML to DB: cyberpunk-mercenary
02:00:22 [[32minfo[39m]  Synced template from YAML to DB: medieval-fantasy
02:00:22 [[32minfo[39m]  Synced template from YAML to DB: modern-romance
02:00:22 [[32minfo[39m]  Synced template from YAML to DB: xianxia
02:00:22 [[32minfo[39m]  Synced 5 templates from YAML to database
02:00:22 [[32minfo[39m]  Cache refreshed with 5 templates
02:00:22 [[32minfo[39m]  TemplateService loaded {"cachedTemplates":5}
鉁?Template YAML loaded and synced to DB
02:00:22 [[32minfo[39m]  Template routes initialized
鉁?Test environment setup complete
鉁?Database connection closed

 [33m鉂?[39m src/agents/__tests__/agent-hooks.test.ts [2m ([22m[2m3 tests[22m [2m|[22m [31m1 failed[39m[2m)[22m[33m 664[2mms[22m[39m
[31m   [33m鉂?[31m src/agents/__tests__/agent-hooks.test.ts[2m > [22magent hook runtime[2m > [22m搴旀毚闇?9 涓牳蹇?Hook 鍚嶇О涓旈『搴忕ǔ瀹?[39m
[31m     鈫?expected [ 'before_model_select', 鈥?9) ] to deeply equal [ 'before_model_select', 鈥?8) ][39m
[90mstdout[2m | src/agents/coordinator/__tests__/types.output-agent.test.ts[22m[39m
02:00:22 [[32minfo[39m]  Help registry loaded: 22 tools {"tools":["batch_query_service","challenge_service","... (22 items)"]}
02:00:22 [[32minfo[39m]  Creating GameMasterAgent (as AgentRuntime with isSubAgent=false)
02:00:22 [[32minfo[39m]  Handler subscribed {"eventType":"dialogue"}
02:00:22 [[32minfo[39m]  Handler subscribed {"eventType":"combat_end"}
02:00:22 [[32minfo[39m]  AwarenessAutoSubscriber subscribed to dialogue + combat_end events
02:00:22 [[32minfo[39m]  Agent initialized: gamemaster - GameMasterAgent
02:00:22 [[32minfo[39m] [AGENT-START] Agent gamemaster starting {"agent":"gamemaster","provider":null,"toolsConfigured":1,"maxIterations":200,"isSubAgent":false}
02:00:22 [[32minfo[39m]  Handler subscribed {"eventType":"chapter_advanced"}
02:00:22 [[32minfo[39m]  Creating AgentRuntime instances from default profile: fantasy_rpg
02:00:22 [[32minfo[39m]  Creating agents from profile: fantasy_rpg {"agentCount":10}
02:00:22 [[32minfo[39m]  Agent initialized: gamemaster - GameMasterAgent
02:00:22 [[32minfo[39m] [AGENT-START] Agent gamemaster starting {"agent":"gamemaster","provider":null,"toolsConfigured":1,"maxIterations":200,"isSubAgent":false}
02:00:22 [[32minfo[39m]  Created AgentRuntime: gamemaster {"profile":"fantasy_rpg","tools":["all"]}
02:00:22 [[32minfo[39m]  Agent initialized: map - MapAgent
02:00:22 [[32minfo[39m] [AGENT-START] Agent map starting {"agent":"map","provider":null,"toolsConfigured":7,"maxIterations":200,"isSubAgent":true}
02:00:22 [[32minfo[39m]  Created AgentRuntime: map {"profile":"fantasy_rpg","tools":["map_service","npc_service","... (7 items)"]}
02:00:22 [[32minfo[39m]  Agent initialized: challenge - ChallengeAgent
02:00:22 [[32minfo[39m] [AGENT-START] Agent challenge starting {"agent":"challenge","provider":null,"toolsConfigured":9,"maxIterations":200,"isSubAgent":true}
02:00:22 [[32minfo[39m]  Created AgentRuntime: challenge {"profile":"fantasy_rpg","tools":["challenge_service","numerical_service","... (9 items)"]}
02:00:22 [[32minfo[39m]  Agent initialized: output - OutputAgent
02:00:22 [[32minfo[39m] [AGENT-START] Agent output starting {"agent":"output","provider":null,"toolsConfigured":5,"maxIterations":200,"isSubAgent":true}
02:00:22 [[32minfo[39m]  Created AgentRuntime: output {"profile":"fantasy_rpg","tools":["dialogue_service","dynamic_ui","... (5 items)"]}
02:00:22 [[32minfo[39m]  Agent initialized: quest - QuestAgent
02:00:22 [[32minfo[39m] [AGENT-START] Agent quest starting {"agent":"quest","provider":null,"toolsConfigured":11,"maxIterations":200,"isSubAgent":true}
02:00:22 [[32minfo[39m]  Created AgentRuntime: quest {"profile":"fantasy_rpg","tools":["quest_service","numerical_service","... (11 items)"]}
02:00:22 [[32minfo[39m]  Agent initialized: npc_party - NPCPartyAgent
02:00:22 [[32minfo[39m] [AGENT-START] Agent npc_party starting {"agent":"npc_party","provider":null,"toolsConfigured":9,"maxIterations":200,"isSubAgent":true}
02:00:22 [[32minfo[39m]  Created AgentRuntime: npc_party {"profile":"fantasy_rpg","tools":["npc_service","entity_graph_service","... (9 items)"]}
02:00:22 [[32minfo[39m]  Agent initialized: inventory - InventoryAgent
02:00:22 [[32minfo[39m] [AGENT-START] Agent inventory starting {"agent":"inventory","provider":null,"toolsConfigured":8,"maxIterations":200,"isSubAgent":true}
02:00:22 [[32minfo[39m]  Created AgentRuntime: inventory {"profile":"fantasy_rpg","tools":["inventory_service","template_pool_service","... (8 items)"]}
02:00:22 [[32minfo[39m]  Agent initialized: skill - SkillAgent
02:00:22 [[32minfo[39m] [AGENT-START] Agent skill starting {"agent":"skill","provider":null,"toolsConfigured":7,"maxIterations":200,"isSubAgent":true}
02:00:22 [[32minfo[39m]  Created AgentRuntime: skill {"profile":"fantasy_rpg","tools":["skill_service","template_pool_service","... (7 items)"]}
02:00:22 [[32minfo[39m]  Agent initialized: event - EventAgent
02:00:22 [[32minfo[39m] [AGENT-START] Agent event starting {"agent":"event","provider":null,"toolsConfigured":5,"maxIterations":200,"isSubAgent":true}
02:00:22 [[32minfo[39m]  Created AgentRuntime: event {"profile":"fantasy_rpg","tools":["event_service","game_time_service","... (5 items)"]}
02:00:22 [[32minfo[39m]  Agent initialized: time - TimeAgent
02:00:22 [[32minfo[39m] [AGENT-START] Agent time starting {"agent":"time","provider":null,"toolsConfigured":4,"maxIterations":200,"isSubAgent":true}
02:00:22 [[32minfo[39m]  Created AgentRuntime: time {"profile":"fantasy_rpg","tools":["game_time_service","rule_service","... (4 items)"]}
02:00:22 [[32minfo[39m]  Permissions configured from agent.tools for profile: fantasy_rpg
02:00:22 [[32minfo[39m]  YAML permissions configured
02:00:22 [[32minfo[39m]  Registering AgentRuntime instances to GameMasterAgent...
02:00:22 [[32minfo[39m]  Registered AgentRuntime to Coordinator: gamemaster
02:00:22 [[32minfo[39m]  Registered AgentRuntime to Coordinator: map
02:00:22 [[32minfo[39m]  Registered AgentRuntime to Coordinator: challenge
02:00:22 [[32minfo[39m]  Registered AgentRuntime to Coordinator: output
02:00:22 [[32minfo[39m]  Registered AgentRuntime to Coordinator: quest
02:00:22 [[32minfo[39m]  Registered AgentRuntime to Coordinator: npc_party
02:00:22 [[32minfo[39m]  Registered AgentRuntime to Coordinator: inventory
02:00:22 [[32minfo[39m]  Registered AgentRuntime to Coordinator: skill
02:00:22 [[32minfo[39m]  Registered AgentRuntime to Coordinator: event
02:00:22 [[32minfo[39m]  Registered AgentRuntime to Coordinator: time
02:00:22 [[32minfo[39m]  GameDataExpander configured (manifest path enabled)
02:00:22 [[32minfo[39m]  DedupService configured (dispatch log persistence enabled)
02:00:22 [[32minfo[39m]  Agent system initialized: 10 AgentRuntime instances created
鉁?Agent system initialized with 10 agents
鈿狅笍 YAML Agent system skipped: __vi_import_5__.initializeYamlAgentSystem is not a function
02:00:22 [[32minfo[39m]  Agent routes initialized
02:00:22 [[32minfo[39m]  Save routes initialized
02:00:22 [[32minfo[39m]  Synced template from YAML to DB: cthulhu-investigation
02:00:22 [[32minfo[39m]  Synced template from YAML to DB: cyberpunk-mercenary
02:00:22 [[32minfo[39m]  Synced template from YAML to DB: medieval-fantasy
02:00:22 [[32minfo[39m]  Synced template from YAML to DB: modern-romance
02:00:22 [[32minfo[39m]  Synced template from YAML to DB: xianxia
02:00:22 [[32minfo[39m]  Synced 5 templates from YAML to database
02:00:22 [[32minfo[39m]  Cache refreshed with 5 templates
02:00:22 [[32minfo[39m]  TemplateService loaded {"cachedTemplates":5}
鉁?Template YAML loaded and synced to DB
02:00:22 [[32minfo[39m]  Template routes initialized
鉁?Test environment setup complete
鉁?Database connection closed

 [32m鉁?[39m src/agents/coordinator/__tests__/types.output-agent.test.ts [2m ([22m[2m10 tests[22m[2m)[22m[33m 709[2mms[22m[39m
[90mstdout[2m | src/agents/story/__tests__/story-directive-todolist.test.ts[22m[39m
馃И Setting up comprehensive test environment...
鉁?Database connected
Running migration: 001_init.ts

[90mstdout[2m | src/agents/story/__tests__/story-directive-todolist.test.ts[22m[39m
Migration 001_init.ts completed successfully
Running migration: 002_add_equipped_index.ts

[90mstdout[2m | src/agents/story/__tests__/story-directive-todolist.test.ts[22m[39m
Migration 002_add_equipped_index.ts completed successfully
Running migration: 003_fix_information_boundaries_timestamps.ts
Migration 003_fix_information_boundaries_timestamps.ts completed successfully
Running migration: 004_drop_information_boundaries.ts

[90mstdout[2m | src/agents/story/__tests__/story-directive-todolist.test.ts[22m[39m
004_drop_information_boundaries: information_boundaries table not found, skipping migration
004_drop_information_boundaries: cleared custom_data.knowledge from 0 NPCs
Migration 004_drop_information_boundaries.ts completed successfully
Running migration: 005_drop_npc_relations.ts

[90mstdout[2m | src/agents/story/__tests__/story-directive-todolist.test.ts[22m[39m
005_drop_npc_relations: dropped npc_relations table
Migration 005_drop_npc_relations.ts completed successfully
Running migration: 006_awareness_relationship_events_states.ts

[90mstdout[2m | src/agents/story/__tests__/story-directive-todolist.test.ts[22m[39m
006: created entity_awareness_events table
006: created entity_awareness_states table
006: created entity_relationship_events table
006: created entity_relationship_states table
Migration 006_awareness_relationship_events_states.ts completed successfully
Running migration: 007_add_combat_mode.ts
007: added combat_states.mode column
Migration 007_add_combat_mode.ts completed successfully
Running migration: 008_add_saves_active_challenge_mode.ts

 [32m鉁?[39m src/game-systems/time/__tests__/game-time-shop.test.ts [2m ([22m[2m3 tests[22m[2m)[22m[33m 835[2mms[22m[39m
[90mstdout[2m | src/game-systems/time/__tests__/game-time-shop.test.ts[22m[39m
02:00:23 [[32minfo[39m]  Help registry loaded: 22 tools {"tools":["batch_query_service","challenge_service","... (22 items)"]}
02:00:23 [[32minfo[39m]  Creating GameMasterAgent (as AgentRuntime with isSubAgent=false)
02:00:23 [[32minfo[39m]  Handler subscribed {"eventType":"dialogue"}
02:00:23 [[32minfo[39m]  Handler subscribed {"eventType":"combat_end"}
02:00:23 [[32minfo[39m]  AwarenessAutoSubscriber subscribed to dialogue + combat_end events
02:00:23 [[32minfo[39m]  Agent initialized: gamemaster - GameMasterAgent
02:00:23 [[32minfo[39m] [AGENT-START] Agent gamemaster starting {"agent":"gamemaster","provider":null,"toolsConfigured":1,"maxIterations":200,"isSubAgent":false}
02:00:23 [[32minfo[39m]  Handler subscribed {"eventType":"chapter_advanced"}
02:00:23 [[32minfo[39m]  Creating AgentRuntime instances from default profile: fantasy_rpg
02:00:23 [[32minfo[39m]  Creating agents from profile: fantasy_rpg {"agentCount":10}
02:00:23 [[32minfo[39m]  Agent initialized: gamemaster - GameMasterAgent
02:00:23 [[32minfo[39m] [AGENT-START] Agent gamemaster starting {"agent":"gamemaster","provider":null,"toolsConfigured":1,"maxIterations":200,"isSubAgent":false}
02:00:23 [[32minfo[39m]  Created AgentRuntime: gamemaster {"profile":"fantasy_rpg","tools":["all"]}
02:00:23 [[32minfo[39m]  Agent initialized: map - MapAgent
02:00:23 [[32minfo[39m] [AGENT-START] Agent map starting {"agent":"map","provider":null,"toolsConfigured":7,"maxIterations":200,"isSubAgent":true}
02:00:23 [[32minfo[39m]  Created AgentRuntime: map {"profile":"fantasy_rpg","tools":["map_service","npc_service","... (7 items)"]}
02:00:23 [[32minfo[39m]  Agent initialized: challenge - ChallengeAgent
02:00:23 [[32minfo[39m] [AGENT-START] Agent challenge starting {"agent":"challenge","provider":null,"toolsConfigured":9,"maxIterations":200,"isSubAgent":true}
02:00:23 [[32minfo[39m]  Created AgentRuntime: challenge {"profile":"fantasy_rpg","tools":["challenge_service","numerical_service","... (9 items)"]}
02:00:23 [[32minfo[39m]  Agent initialized: output - OutputAgent
02:00:23 [[32minfo[39m] [AGENT-START] Agent output starting {"agent":"output","provider":null,"toolsConfigured":5,"maxIterations":200,"isSubAgent":true}
02:00:23 [[32minfo[39m]  Created AgentRuntime: output {"profile":"fantasy_rpg","tools":["dialogue_service","dynamic_ui","... (5 items)"]}
02:00:23 [[32minfo[39m]  Agent initialized: quest - QuestAgent
02:00:23 [[32minfo[39m] [AGENT-START] Agent quest starting {"agent":"quest","provider":null,"toolsConfigured":11,"maxIterations":200,"isSubAgent":true}
02:00:23 [[32minfo[39m]  Created AgentRuntime: quest {"profile":"fantasy_rpg","tools":["quest_service","numerical_service","... (11 items)"]}
02:00:23 [[32minfo[39m]  Agent initialized: npc_party - NPCPartyAgent
02:00:23 [[32minfo[39m] [AGENT-START] Agent npc_party starting {"agent":"npc_party","provider":null,"toolsConfigured":9,"maxIterations":200,"isSubAgent":true}
02:00:23 [[32minfo[39m]  Created AgentRuntime: npc_party {"profile":"fantasy_rpg","tools":["npc_service","entity_graph_service","... (9 items)"]}
02:00:23 [[32minfo[39m]  Agent initialized: inventory - InventoryAgent
02:00:23 [[32minfo[39m] [AGENT-START] Agent inventory starting {"agent":"inventory","provider":null,"toolsConfigured":8,"maxIterations":200,"isSubAgent":true}
02:00:23 [[32minfo[39m]  Created AgentRuntime: inventory {"profile":"fantasy_rpg","tools":["inventory_service","template_pool_service","... (8 items)"]}
02:00:23 [[32minfo[39m]  Agent initialized: skill - SkillAgent
02:00:23 [[32minfo[39m] [AGENT-START] Agent skill starting {"agent":"skill","provider":null,"toolsConfigured":7,"maxIterations":200,"isSubAgent":true}
02:00:23 [[32minfo[39m]  Created AgentRuntime: skill {"profile":"fantasy_rpg","tools":["skill_service","template_pool_service","... (7 items)"]}
02:00:23 [[32minfo[39m]  Agent initialized: event - EventAgent
02:00:23 [[32minfo[39m] [AGENT-START] Agent event starting {"agent":"event","provider":null,"toolsConfigured":5,"maxIterations":200,"isSubAgent":true}
02:00:23 [[32minfo[39m]  Created AgentRuntime: event {"profile":"fantasy_rpg","tools":["event_service","game_time_service","... (5 items)"]}
02:00:23 [[32minfo[39m]  Agent initialized: time - TimeAgent
02:00:23 [[32minfo[39m] [AGENT-START] Agent time starting {"agent":"time","provider":null,"toolsConfigured":4,"maxIterations":200,"isSubAgent":true}
02:00:23 [[32minfo[39m]  Created AgentRuntime: time {"profile":"fantasy_rpg","tools":["game_time_service","rule_service","... (4 items)"]}
02:00:23 [[32minfo[39m]  Permissions configured from agent.tools for profile: fantasy_rpg
02:00:23 [[32minfo[39m]  YAML permissions configured
02:00:23 [[32minfo[39m]  Registering AgentRuntime instances to GameMasterAgent...
02:00:23 [[32minfo[39m]  Registered AgentRuntime to Coordinator: gamemaster
02:00:23 [[32minfo[39m]  Registered AgentRuntime to Coordinator: map
02:00:23 [[32minfo[39m]  Registered AgentRuntime to Coordinator: challenge
02:00:23 [[32minfo[39m]  Registered AgentRuntime to Coordinator: output
02:00:23 [[32minfo[39m]  Registered AgentRuntime to Coordinator: quest
02:00:23 [[32minfo[39m]  Registered AgentRuntime to Coordinator: npc_party
02:00:23 [[32minfo[39m]  Registered AgentRuntime to Coordinator: inventory
02:00:23 [[32minfo[39m]  Registered AgentRuntime to Coordinator: skill
02:00:23 [[32minfo[39m]  Registered AgentRuntime to Coordinator: event
02:00:23 [[32minfo[39m]  Registered AgentRuntime to Coordinator: time
02:00:23 [[32minfo[39m]  GameDataExpander configured (manifest path enabled)
02:00:23 [[32minfo[39m]  DedupService configured (dispatch log persistence enabled)
02:00:23 [[32minfo[39m]  Agent system initialized: 10 AgentRuntime instances created
鉁?Agent system initialized with 10 agents
鈿狅笍 YAML Agent system skipped: __vi_import_5__.initializeYamlAgentSystem is not a function
02:00:23 [[32minfo[39m]  Agent routes initialized
02:00:23 [[32minfo[39m]  Save routes initialized
02:00:23 [[32minfo[39m]  Synced template from YAML to DB: cthulhu-investigation
02:00:23 [[32minfo[39m]  Synced template from YAML to DB: cyberpunk-mercenary
02:00:23 [[32minfo[39m]  Synced template from YAML to DB: medieval-fantasy
02:00:23 [[32minfo[39m]  Synced template from YAML to DB: modern-romance
02:00:23 [[32minfo[39m]  Synced template from YAML to DB: xianxia
02:00:23 [[32minfo[39m]  Synced 5 templates from YAML to database
02:00:23 [[32minfo[39m]  Cache refreshed with 5 templates
02:00:23 [[32minfo[39m]  TemplateService loaded {"cachedTemplates":5}
鉁?Template YAML loaded and synced to DB
02:00:23 [[32minfo[39m]  Template routes initialized
鉁?Test environment setup complete
鉁?Database connection closed

[90mstdout[2m | src/game-systems/entity-graph/__tests__/EntityGraphRepository.test.ts[22m[39m
馃И Setting up comprehensive test environment...
鉁?Database connected
Running migration: 001_init.ts
Migration 001_init.ts completed successfully
Running migration: 002_add_equipped_index.ts
Migration 002_add_equipped_index.ts completed successfully
Running migration: 003_fix_information_boundaries_timestamps.ts

[90mstdout[2m | src/game-systems/entity-graph/__tests__/EntityGraphRepository.test.ts[22m[39m
Migration 003_fix_information_boundaries_timestamps.ts completed successfully
Running migration: 004_drop_information_boundaries.ts

[90mstdout[2m | src/game-systems/entity-graph/__tests__/EntityGraphRepository.test.ts[22m[39m
004_drop_information_boundaries: information_boundaries table not found, skipping migration
004_drop_information_boundaries: cleared custom_data.knowledge from 0 NPCs
Migration 004_drop_information_boundaries.ts completed successfully
Running migration: 005_drop_npc_relations.ts
005_drop_npc_relations: dropped npc_relations table
Migration 005_drop_npc_relations.ts completed successfully
Running migration: 006_awareness_relationship_events_states.ts
006: created entity_awareness_events table
006: created entity_awareness_states table
006: created entity_relationship_events table
006: created entity_relationship_states table
Migration 006_awareness_relationship_events_states.ts completed successfully
Running migration: 007_add_combat_mode.ts
007: added combat_states.mode column
Migration 007_add_combat_mode.ts completed successfully
Running migration: 008_add_saves_active_challenge_mode.ts

[90mstdout[2m | src/agents/story/__tests__/story-directive-todolist.test.ts[22m[39m
008: added saves.active_challenge_mode column
Migration 008_add_saves_active_challenge_mode.ts completed successfully
All migrations completed
鉁?Migrations completed
All seeds completed
鉁?Seeds completed
02:00:23 [[32minfo[39m]  Starting YAML-driven Agent system initialization
02:00:23 [[32minfo[39m]  Seeding ModelConfigService from environment
02:00:23 [[32minfo[39m]  No DEEPSEEK_API_KEY env var found, skipping env seed
02:00:23 [[32minfo[39m]  Seeded provider from convict config {"providerType":"openai","providerId":"dd960a0d-7f21-438f-80c9-ca4914149741","model":"openrouter/free"}
02:00:23 [[32minfo[39m]  Creating LLMService with ModelConfigService
02:00:23 [[32minfo[39m]  Creating ContextService and DecisionLogService instances
02:00:23 [[32minfo[39m]  Initializing YAML-driven Agent profiles...
02:00:23 [[32minfo[39m]  Loading config from directory: C:\Users\super\Documents\trae_projects\AGG-main\packages\backend\config
02:00:23 [[32minfo[39m]  Loaded agent profile: fantasy_rpg
02:00:23 [[32minfo[39m]  Loaded agent profile: minimal_test
02:00:23 [[32minfo[39m]  Loaded 0 non-builtin profiles from database (0 builtin skipped, using YAML)
02:00:23 [[32minfo[39m]  Config loaded successfully: 2 profiles
02:00:23 [[32minfo[39m]  YAML config loaded successfully
02:00:23 [[32minfo[39m]  Context rules loaded {"agentCount":10}
02:00:23 [[32minfo[39m]  Default manifests loaded {"agentTypeCount":6,"manifestCount":8}
02:00:23 [[32minfo[39m]  Context rules file watcher started {"path":"C:\\Users\\super\\Documents\\trae_projects\\AGG-main\\packages\\backend\\config\\agent-context-rules.yaml"}
02:00:23 [[32minfo[39m]  Loaded 10 agent capabilities from YAML profiles
02:00:23 [[32minfo[39m]  ToolRegistry initialized
02:00:23 [[32minfo[39m]  Registering ServiceTools to ToolRegistry
02:00:23 [[32minfo[39m]  Tool registered: game_time_service - GameTime Service (v1.0.0)
02:00:23 [[32minfo[39m]  Tool registered: numerical_service - Numerical Service (v1.0.0)
02:00:23 [[32minfo[39m]  Tool registered: character_service - Character Service (v1.0.0)
02:00:23 [[32minfo[39m]  Tool registered: inventory_service - Inventory Service (v1.0.0)
02:00:23 [[32minfo[39m]  Tool registered: skill_service - Skill Service (v1.1.0)
02:00:23 [[32minfo[39m]  Tool registered: map_service - Map Service (v2.0.0)
02:00:23 [[32minfo[39m]  Tool registered: npc_service - NPC Service (v1.0.0)
02:00:23 [[32minfo[39m]  Tool registered: dialogue_service - Dialogue Service (v1.0.0)
02:00:23 [[32minfo[39m]  Tool registered: quest_service - Quest Service (v1.0.0)
02:00:23 [[32minfo[39m]  Tool registered: challenge_service - Challenge Service (v1.0.0)
02:00:23 [[32minfo[39m]  Tool registered: event_service - Event Service (v1.0.0)
02:00:23 [[32minfo[39m]  Tool registered: story_service - Story Service (v1.0.0)
02:00:23 [[32minfo[39m]  Tool registered: game_init_service - Game Init Service (v2.0.0)
02:00:23 [[32minfo[39m]  Tool registered: batch_query_service - Batch Query Service (v1.0.0)
02:00:23 [[32minfo[39m]  Tool registered: entity_graph_service - Entity Graph Service (v1.0.0)
02:00:23 [[32minfo[39m]  Tool registered: template_pool_service - Template Pool Service (v1.0.0)
02:00:23 [[32minfo[39m]  Tool registered: dynamic_ui - Dynamic UI Service (v1.0.0)
02:00:23 [[32minfo[39m]  Tool registered: generate_options - Generate Options Service (v2.0.0)
02:00:23 [[32minfo[39m]  Tool registered: coordinator_service - Coordinator Service (v1.0.0)
02:00:23 [[32minfo[39m]  Tool registered: rule_service - Rule Service (v1.0.0)
02:00:23 [[32minfo[39m]  Tool registered: skill_loader - Skill Loader (v1.0.0)
02:00:23 [[32minfo[39m]  Tool registered: help_service - Help Service (v1.0.0)
02:00:23 [[32minfo[39m]  Tool registered: memory_service - Memory Service (v1.0.0)
02:00:23 [[32minfo[39m]  Registered 23 ServiceTools to ToolRegistry
02:00:23 [[32minfo[39m]  Tool reference validation passed

[90mstdout[2m | src/agents/__tests__/prompt-option-contract.test.ts[22m[39m
馃И Setting up comprehensive test environment...
鉁?Database connected
Running migration: 001_init.ts

[90mstdout[2m | src/agents/story/__tests__/story-directive-todolist.test.ts[22m[39m
02:00:23 [[32minfo[39m]  Discovered 187 help files {"dir":"C:\\Users\\super\\Documents\\trae_projects\\AGG-main\\packages\\backend\\config\\agent-help"}

[90mstdout[2m | src/game-systems/entity-graph/__tests__/EntityGraphRepository.test.ts[22m[39m
008: added saves.active_challenge_mode column
Migration 008_add_saves_active_challenge_mode.ts completed successfully
All migrations completed
鉁?Migrations completed
All seeds completed
鉁?Seeds completed
02:00:23 [[32minfo[39m]  Starting YAML-driven Agent system initialization
02:00:23 [[32minfo[39m]  Seeding ModelConfigService from environment
02:00:23 [[32minfo[39m]  No DEEPSEEK_API_KEY env var found, skipping env seed
02:00:23 [[32minfo[39m]  Seeded provider from convict config {"providerType":"openai","providerId":"de0140fe-28c8-44ea-ac3d-4578fbfae88b","model":"openrouter/free"}
02:00:23 [[32minfo[39m]  Creating LLMService with ModelConfigService
02:00:23 [[32minfo[39m]  Creating ContextService and DecisionLogService instances
02:00:23 [[32minfo[39m]  Initializing YAML-driven Agent profiles...
02:00:23 [[32minfo[39m]  Loading config from directory: C:\Users\super\Documents\trae_projects\AGG-main\packages\backend\config
02:00:23 [[32minfo[39m]  Loaded agent profile: fantasy_rpg
02:00:23 [[32minfo[39m]  Loaded agent profile: minimal_test
02:00:23 [[32minfo[39m]  Loaded 0 non-builtin profiles from database (0 builtin skipped, using YAML)
02:00:23 [[32minfo[39m]  Config loaded successfully: 2 profiles
02:00:23 [[32minfo[39m]  YAML config loaded successfully
02:00:23 [[32minfo[39m]  Context rules loaded {"agentCount":10}
02:00:23 [[32minfo[39m]  Default manifests loaded {"agentTypeCount":6,"manifestCount":8}
02:00:23 [[32minfo[39m]  Context rules file watcher started {"path":"C:\\Users\\super\\Documents\\trae_projects\\AGG-main\\packages\\backend\\config\\agent-context-rules.yaml"}
02:00:23 [[32minfo[39m]  Loaded 10 agent capabilities from YAML profiles
02:00:23 [[32minfo[39m]  ToolRegistry initialized
02:00:23 [[32minfo[39m]  Registering ServiceTools to ToolRegistry
02:00:23 [[32minfo[39m]  Tool registered: game_time_service - GameTime Service (v1.0.0)
02:00:23 [[32minfo[39m]  Tool registered: numerical_service - Numerical Service (v1.0.0)
02:00:23 [[32minfo[39m]  Tool registered: character_service - Character Service (v1.0.0)
02:00:23 [[32minfo[39m]  Tool registered: inventory_service - Inventory Service (v1.0.0)
02:00:23 [[32minfo[39m]  Tool registered: skill_service - Skill Service (v1.1.0)
02:00:23 [[32minfo[39m]  Tool registered: map_service - Map Service (v2.0.0)
02:00:23 [[32minfo[39m]  Tool registered: npc_service - NPC Service (v1.0.0)
02:00:23 [[32minfo[39m]  Tool registered: dialogue_service - Dialogue Service (v1.0.0)
02:00:23 [[32minfo[39m]  Tool registered: quest_service - Quest Service (v1.0.0)
02:00:23 [[32minfo[39m]  Tool registered: challenge_service - Challenge Service (v1.0.0)
02:00:23 [[32minfo[39m]  Tool registered: event_service - Event Service (v1.0.0)
02:00:23 [[32minfo[39m]  Tool registered: story_service - Story Service (v1.0.0)
02:00:23 [[32minfo[39m]  Tool registered: game_init_service - Game Init Service (v2.0.0)
02:00:23 [[32minfo[39m]  Tool registered: batch_query_service - Batch Query Service (v1.0.0)
02:00:23 [[32minfo[39m]  Tool registered: entity_graph_service - Entity Graph Service (v1.0.0)
02:00:23 [[32minfo[39m]  Tool registered: template_pool_service - Template Pool Service (v1.0.0)
02:00:23 [[32minfo[39m]  Tool registered: dynamic_ui - Dynamic UI Service (v1.0.0)
02:00:23 [[32minfo[39m]  Tool registered: generate_options - Generate Options Service (v2.0.0)
02:00:23 [[32minfo[39m]  Tool registered: coordinator_service - Coordinator Service (v1.0.0)
02:00:23 [[32minfo[39m]  Tool registered: rule_service - Rule Service (v1.0.0)
02:00:23 [[32minfo[39m]  Tool registered: skill_loader - Skill Loader (v1.0.0)
02:00:23 [[32minfo[39m]  Tool registered: help_service - Help Service (v1.0.0)
02:00:23 [[32minfo[39m]  Tool registered: memory_service - Memory Service (v1.0.0)
02:00:23 [[32minfo[39m]  Registered 23 ServiceTools to ToolRegistry
02:00:23 [[32minfo[39m]  Tool reference validation passed

[90mstdout[2m | src/agents/__tests__/prompt-option-contract.test.ts[22m[39m
Migration 001_init.ts completed successfully
Running migration: 002_add_equipped_index.ts

[90mstdout[2m | src/agents/__tests__/prompt-option-contract.test.ts[22m[39m
Migration 002_add_equipped_index.ts completed successfully
Running migration: 003_fix_information_boundaries_timestamps.ts
Migration 003_fix_information_boundaries_timestamps.ts completed successfully
Running migration: 004_drop_information_boundaries.ts

[90mstdout[2m | src/agents/prompt/__tests__/todolist-format.test.ts[22m[39m
馃И Setting up comprehensive test environment...
鉁?Database connected
Running migration: 001_init.ts
Migration 001_init.ts completed successfully
Running migration: 002_add_equipped_index.ts

[90mstdout[2m | src/agents/tools/__tests__/skill-service.test.ts[22m[39m
馃И Setting up comprehensive test environment...
鉁?Database connected
Running migration: 001_init.ts

[90mstdout[2m | src/agents/prompt/__tests__/todolist-format.test.ts[22m[39m
Migration 002_add_equipped_index.ts completed successfully
Running migration: 003_fix_information_boundaries_timestamps.ts

[90mstdout[2m | src/agents/__tests__/prompt-option-contract.test.ts[22m[39m
004_drop_information_boundaries: information_boundaries table not found, skipping migration
004_drop_information_boundaries: cleared custom_data.knowledge from 0 NPCs
Migration 004_drop_information_boundaries.ts completed successfully
Running migration: 005_drop_npc_relations.ts
005_drop_npc_relations: dropped npc_relations table
Migration 005_drop_npc_relations.ts completed successfully
Running migration: 006_awareness_relationship_events_states.ts

[90mstdout[2m | src/agents/prompt/__tests__/todolist-format.test.ts[22m[39m
Migration 003_fix_information_boundaries_timestamps.ts completed successfully
Running migration: 004_drop_information_boundaries.ts

[90mstdout[2m | src/agents/prompt/__tests__/todolist-format.test.ts[22m[39m
004_drop_information_boundaries: information_boundaries table not found, skipping migration
004_drop_information_boundaries: cleared custom_data.knowledge from 0 NPCs
Migration 004_drop_information_boundaries.ts completed successfully
Running migration: 005_drop_npc_relations.ts

[90mstdout[2m | src/agents/__tests__/compress-tool-result-error-extraction.test.ts[22m[39m
馃И Setting up comprehensive test environment...
鉁?Database connected
Running migration: 001_init.ts
Migration 001_init.ts completed successfully
Running migration: 002_add_equipped_index.ts
Migration 002_add_equipped_index.ts completed successfully
Running migration: 003_fix_information_boundaries_timestamps.ts
Migration 003_fix_information_boundaries_timestamps.ts completed successfully
Running migration: 004_drop_information_boundaries.ts
004_drop_information_boundaries: information_boundaries table not found, skipping migration
004_drop_information_boundaries: cleared custom_data.knowledge from 0 NPCs
Migration 004_drop_information_boundaries.ts completed successfully
Running migration: 005_drop_npc_relations.ts

[90mstdout[2m | src/agents/__tests__/compress-tool-result-error-extraction.test.ts[22m[39m
005_drop_npc_relations: dropped npc_relations table
Migration 005_drop_npc_relations.ts completed successfully
Running migration: 006_awareness_relationship_events_states.ts

[90mstdout[2m | src/game-systems/entity-graph/__tests__/EntityGraphRepository.test.ts[22m[39m
02:00:23 [[32minfo[39m]  Discovered 187 help files {"dir":"C:\\Users\\super\\Documents\\trae_projects\\AGG-main\\packages\\backend\\config\\agent-help"}

[90mstdout[2m | src/agents/__tests__/compress-tool-result-error-extraction.test.ts[22m[39m
006: created entity_awareness_events table
006: created entity_awareness_states table
006: created entity_relationship_events table
006: created entity_relationship_states table
Migration 006_awareness_relationship_events_states.ts completed successfully
Running migration: 007_add_combat_mode.ts

[90mstdout[2m | src/agents/prompt/__tests__/todolist-format.test.ts[22m[39m
005_drop_npc_relations: dropped npc_relations table
Migration 005_drop_npc_relations.ts completed successfully
Running migration: 006_awareness_relationship_events_states.ts
006: created entity_awareness_events table
006: created entity_awareness_states table
006: created entity_relationship_events table
006: created entity_relationship_states table
Migration 006_awareness_relationship_events_states.ts completed successfully
Running migration: 007_add_combat_mode.ts
007: added combat_states.mode column
Migration 007_add_combat_mode.ts completed successfully
Running migration: 008_add_saves_active_challenge_mode.ts

[90mstdout[2m | src/agents/tools/__tests__/skill-service.test.ts[22m[39m
Migration 001_init.ts completed successfully
Running migration: 002_add_equipped_index.ts
Migration 002_add_equipped_index.ts completed successfully
Running migration: 003_fix_information_boundaries_timestamps.ts

[90mstdout[2m | src/agents/tools/__tests__/skill-service.test.ts[22m[39m
Migration 003_fix_information_boundaries_timestamps.ts completed successfully
Running migration: 004_drop_information_boundaries.ts

[90mstdout[2m | src/routes/__tests__/dev.llm-metrics.test.ts[22m[39m
馃И Setting up comprehensive test environment...
鉁?Database connected
Running migration: 001_init.ts
Migration 001_init.ts completed successfully
Running migration: 002_add_equipped_index.ts
Migration 002_add_equipped_index.ts completed successfully
Running migration: 003_fix_information_boundaries_timestamps.ts

[90mstdout[2m | src/agents/tools/__tests__/skill-service.test.ts[22m[39m
004_drop_information_boundaries: information_boundaries table not found, skipping migration
004_drop_information_boundaries: cleared custom_data.knowledge from 0 NPCs
Migration 004_drop_information_boundaries.ts completed successfully
Running migration: 005_drop_npc_relations.ts
005_drop_npc_relations: dropped npc_relations table
Migration 005_drop_npc_relations.ts completed successfully
Running migration: 006_awareness_relationship_events_states.ts

[90mstdout[2m | src/routes/__tests__/dev.llm-metrics.test.ts[22m[39m
Migration 003_fix_information_boundaries_timestamps.ts completed successfully
Running migration: 004_drop_information_boundaries.ts
004_drop_information_boundaries: information_boundaries table not found, skipping migration
004_drop_information_boundaries: cleared custom_data.knowledge from 0 NPCs
Migration 004_drop_information_boundaries.ts completed successfully
Running migration: 005_drop_npc_relations.ts
005_drop_npc_relations: dropped npc_relations table
Migration 005_drop_npc_relations.ts completed successfully
Running migration: 006_awareness_relationship_events_states.ts

[90mstdout[2m | src/agents/tools/__tests__/skill-service.test.ts[22m[39m
006: created entity_awareness_events table
006: created entity_awareness_states table
006: created entity_relationship_events table
006: created entity_relationship_states table
Migration 006_awareness_relationship_events_states.ts completed successfully
Running migration: 007_add_combat_mode.ts
007: added combat_states.mode column
Migration 007_add_combat_mode.ts completed successfully
Running migration: 008_add_saves_active_challenge_mode.ts

[90mstdout[2m | src/agents/prompt/__tests__/todolist-format.test.ts[22m[39m
008: added saves.active_challenge_mode column
Migration 008_add_saves_active_challenge_mode.ts completed successfully
All migrations completed
鉁?Migrations completed
All seeds completed
鉁?Seeds completed
02:00:23 [[32minfo[39m]  Starting YAML-driven Agent system initialization
02:00:23 [[32minfo[39m]  Seeding ModelConfigService from environment
02:00:23 [[32minfo[39m]  No DEEPSEEK_API_KEY env var found, skipping env seed
02:00:23 [[32minfo[39m]  Seeded provider from convict config {"providerType":"openai","providerId":"5af10cf0-be16-445d-bf64-e555c42d9d32","model":"openrouter/free"}
02:00:23 [[32minfo[39m]  Creating LLMService with ModelConfigService
02:00:23 [[32minfo[39m]  Creating ContextService and DecisionLogService instances
02:00:23 [[32minfo[39m]  Initializing YAML-driven Agent profiles...
02:00:23 [[32minfo[39m]  Loading config from directory: C:\Users\super\Documents\trae_projects\AGG-main\packages\backend\config
02:00:23 [[32minfo[39m]  Loaded agent profile: fantasy_rpg
02:00:23 [[32minfo[39m]  Loaded agent profile: minimal_test
02:00:23 [[32minfo[39m]  Loaded 0 non-builtin profiles from database (0 builtin skipped, using YAML)
02:00:23 [[32minfo[39m]  Config loaded successfully: 2 profiles
02:00:23 [[32minfo[39m]  YAML config loaded successfully
02:00:23 [[32minfo[39m]  Context rules loaded {"agentCount":10}
02:00:23 [[32minfo[39m]  Default manifests loaded {"agentTypeCount":6,"manifestCount":8}
02:00:23 [[32minfo[39m]  Context rules file watcher started {"path":"C:\\Users\\super\\Documents\\trae_projects\\AGG-main\\packages\\backend\\config\\agent-context-rules.yaml"}
02:00:23 [[32minfo[39m]  Loaded 10 agent capabilities from YAML profiles
02:00:23 [[32minfo[39m]  ToolRegistry initialized
02:00:23 [[32minfo[39m]  Registering ServiceTools to ToolRegistry
02:00:23 [[32minfo[39m]  Tool registered: game_time_service - GameTime Service (v1.0.0)
02:00:23 [[32minfo[39m]  Tool registered: numerical_service - Numerical Service (v1.0.0)
02:00:23 [[32minfo[39m]  Tool registered: character_service - Character Service (v1.0.0)
02:00:23 [[32minfo[39m]  Tool registered: inventory_service - Inventory Service (v1.0.0)
02:00:23 [[32minfo[39m]  Tool registered: skill_service - Skill Service (v1.1.0)
02:00:23 [[32minfo[39m]  Tool registered: map_service - Map Service (v2.0.0)
02:00:23 [[32minfo[39m]  Tool registered: npc_service - NPC Service (v1.0.0)
02:00:23 [[32minfo[39m]  Tool registered: dialogue_service - Dialogue Service (v1.0.0)
02:00:23 [[32minfo[39m]  Tool registered: quest_service - Quest Service (v1.0.0)
02:00:23 [[32minfo[39m]  Tool registered: challenge_service - Challenge Service (v1.0.0)
02:00:23 [[32minfo[39m]  Tool registered: event_service - Event Service (v1.0.0)
02:00:23 [[32minfo[39m]  Tool registered: story_service - Story Service (v1.0.0)
02:00:23 [[32minfo[39m]  Tool registered: game_init_service - Game Init Service (v2.0.0)
02:00:23 [[32minfo[39m]  Tool registered: batch_query_service - Batch Query Service (v1.0.0)
02:00:23 [[32minfo[39m]  Tool registered: entity_graph_service - Entity Graph Service (v1.0.0)
02:00:23 [[32minfo[39m]  Tool registered: template_pool_service - Template Pool Service (v1.0.0)
02:00:23 [[32minfo[39m]  Tool registered: dynamic_ui - Dynamic UI Service (v1.0.0)
02:00:23 [[32minfo[39m]  Tool registered: generate_options - Generate Options Service (v2.0.0)
02:00:23 [[32minfo[39m]  Tool registered: coordinator_service - Coordinator Service (v1.0.0)
02:00:23 [[32minfo[39m]  Tool registered: rule_service - Rule Service (v1.0.0)
02:00:23 [[32minfo[39m]  Tool registered: skill_loader - Skill Loader (v1.0.0)
02:00:23 [[32minfo[39m]  Tool registered: help_service - Help Service (v1.0.0)
02:00:23 [[32minfo[39m]  Tool registered: memory_service - Memory Service (v1.0.0)
02:00:23 [[32minfo[39m]  Registered 23 ServiceTools to ToolRegistry
02:00:23 [[32minfo[39m]  Tool reference validation passed

[90mstdout[2m | src/agents/__tests__/compress-tool-result-error-extraction.test.ts[22m[39m
007: added combat_states.mode column
Migration 007_add_combat_mode.ts completed successfully
Running migration: 008_add_saves_active_challenge_mode.ts
008: added saves.active_challenge_mode column
Migration 008_add_saves_active_challenge_mode.ts completed successfully
All migrations completed
鉁?Migrations completed
All seeds completed
鉁?Seeds completed
02:00:23 [[32minfo[39m]  Starting YAML-driven Agent system initialization
02:00:23 [[32minfo[39m]  Seeding ModelConfigService from environment
02:00:23 [[32minfo[39m]  No DEEPSEEK_API_KEY env var found, skipping env seed
02:00:23 [[32minfo[39m]  Seeded provider from convict config {"providerType":"openai","providerId":"3c6ee272-f83a-46ff-addf-dafd807e47e7","model":"openrouter/free"}
02:00:23 [[32minfo[39m]  Creating LLMService with ModelConfigService
02:00:23 [[32minfo[39m]  Creating ContextService and DecisionLogService instances
02:00:23 [[32minfo[39m]  Initializing YAML-driven Agent profiles...
02:00:23 [[32minfo[39m]  Loading config from directory: C:\Users\super\Documents\trae_projects\AGG-main\packages\backend\config
02:00:23 [[32minfo[39m]  Loaded agent profile: fantasy_rpg
02:00:23 [[32minfo[39m]  Loaded agent profile: minimal_test
02:00:23 [[32minfo[39m]  Loaded 0 non-builtin profiles from database (0 builtin skipped, using YAML)
02:00:23 [[32minfo[39m]  Config loaded successfully: 2 profiles
02:00:23 [[32minfo[39m]  YAML config loaded successfully
02:00:23 [[32minfo[39m]  Context rules loaded {"agentCount":10}
02:00:23 [[32minfo[39m]  Default manifests loaded {"agentTypeCount":6,"manifestCount":8}
02:00:23 [[32minfo[39m]  Context rules file watcher started {"path":"C:\\Users\\super\\Documents\\trae_projects\\AGG-main\\packages\\backend\\config\\agent-context-rules.yaml"}
02:00:23 [[32minfo[39m]  Loaded 10 agent capabilities from YAML profiles
02:00:23 [[32minfo[39m]  ToolRegistry initialized
02:00:23 [[32minfo[39m]  Registering ServiceTools to ToolRegistry
02:00:23 [[32minfo[39m]  Tool registered: game_time_service - GameTime Service (v1.0.0)
02:00:23 [[32minfo[39m]  Tool registered: numerical_service - Numerical Service (v1.0.0)
02:00:23 [[32minfo[39m]  Tool registered: character_service - Character Service (v1.0.0)
02:00:23 [[32minfo[39m]  Tool registered: inventory_service - Inventory Service (v1.0.0)
02:00:23 [[32minfo[39m]  Tool registered: skill_service - Skill Service (v1.1.0)
02:00:23 [[32minfo[39m]  Tool registered: map_service - Map Service (v2.0.0)
02:00:23 [[32minfo[39m]  Tool registered: npc_service - NPC Service (v1.0.0)
02:00:23 [[32minfo[39m]  Tool registered: dialogue_service - Dialogue Service (v1.0.0)
02:00:23 [[32minfo[39m]  Tool registered: quest_service - Quest Service (v1.0.0)
02:00:23 [[32minfo[39m]  Tool registered: challenge_service - Challenge Service (v1.0.0)
02:00:23 [[32minfo[39m]  Tool registered: event_service - Event Service (v1.0.0)
02:00:23 [[32minfo[39m]  Tool registered: story_service - Story Service (v1.0.0)
02:00:23 [[32minfo[39m]  Tool registered: game_init_service - Game Init Service (v2.0.0)
02:00:23 [[32minfo[39m]  Tool registered: batch_query_service - Batch Query Service (v1.0.0)
02:00:23 [[32minfo[39m]  Tool registered: entity_graph_service - Entity Graph Service (v1.0.0)
02:00:23 [[32minfo[39m]  Tool registered: template_pool_service - Template Pool Service (v1.0.0)
02:00:23 [[32minfo[39m]  Tool registered: dynamic_ui - Dynamic UI Service (v1.0.0)
02:00:23 [[32minfo[39m]  Tool registered: generate_options - Generate Options Service (v2.0.0)
02:00:23 [[32minfo[39m]  Tool registered: coordinator_service - Coordinator Service (v1.0.0)
02:00:23 [[32minfo[39m]  Tool registered: rule_service - Rule Service (v1.0.0)
02:00:23 [[32minfo[39m]  Tool registered: skill_loader - Skill Loader (v1.0.0)
02:00:23 [[32minfo[39m]  Tool registered: help_service - Help Service (v1.0.0)
02:00:23 [[32minfo[39m]  Tool registered: memory_service - Memory Service (v1.0.0)
02:00:23 [[32minfo[39m]  Registered 23 ServiceTools to ToolRegistry
02:00:23 [[32minfo[39m]  Tool reference validation passed

[90mstdout[2m | src/agents/__tests__/prompt-option-contract.test.ts[22m[39m
006: created entity_awareness_events table
006: created entity_awareness_states table
006: created entity_relationship_events table
006: created entity_relationship_states table
Migration 006_awareness_relationship_events_states.ts completed successfully
Running migration: 007_add_combat_mode.ts
007: added combat_states.mode column
Migration 007_add_combat_mode.ts completed successfully
Running migration: 008_add_saves_active_challenge_mode.ts
008: added saves.active_challenge_mode column
Migration 008_add_saves_active_challenge_mode.ts completed successfully
All migrations completed
鉁?Migrations completed
All seeds completed
鉁?Seeds completed
02:00:23 [[32minfo[39m]  Starting YAML-driven Agent system initialization
02:00:23 [[32minfo[39m]  Seeding ModelConfigService from environment
02:00:23 [[32minfo[39m]  No DEEPSEEK_API_KEY env var found, skipping env seed
02:00:23 [[32minfo[39m]  Seeded provider from convict config {"providerType":"openai","providerId":"bf25d33b-fbec-46e8-b336-9112898ca8ab","model":"openrouter/free"}
02:00:23 [[32minfo[39m]  Creating LLMService with ModelConfigService
02:00:23 [[32minfo[39m]  Creating ContextService and DecisionLogService instances
02:00:23 [[32minfo[39m]  Initializing YAML-driven Agent profiles...
02:00:23 [[32minfo[39m]  Loading config from directory: C:\Users\super\Documents\trae_projects\AGG-main\packages\backend\config
02:00:23 [[32minfo[39m]  Loaded agent profile: fantasy_rpg
02:00:23 [[32minfo[39m]  Loaded agent profile: minimal_test
02:00:23 [[32minfo[39m]  Loaded 0 non-builtin profiles from database (0 builtin skipped, using YAML)
02:00:23 [[32minfo[39m]  Config loaded successfully: 2 profiles
02:00:23 [[32minfo[39m]  YAML config loaded successfully
02:00:23 [[32minfo[39m]  Context rules loaded {"agentCount":10}
02:00:23 [[32minfo[39m]  Default manifests loaded {"agentTypeCount":6,"manifestCount":8}
02:00:23 [[32minfo[39m]  Context rules file watcher started {"path":"C:\\Users\\super\\Documents\\trae_projects\\AGG-main\\packages\\backend\\config\\agent-context-rules.yaml"}
02:00:23 [[32minfo[39m]  Loaded 10 agent capabilities from YAML profiles
02:00:23 [[32minfo[39m]  ToolRegistry initialized
02:00:23 [[32minfo[39m]  Registering ServiceTools to ToolRegistry
02:00:23 [[32minfo[39m]  Tool registered: game_time_service - GameTime Service (v1.0.0)
02:00:23 [[32minfo[39m]  Tool registered: numerical_service - Numerical Service (v1.0.0)
02:00:23 [[32minfo[39m]  Tool registered: character_service - Character Service (v1.0.0)
02:00:23 [[32minfo[39m]  Tool registered: inventory_service - Inventory Service (v1.0.0)
02:00:23 [[32minfo[39m]  Tool registered: skill_service - Skill Service (v1.1.0)
02:00:23 [[32minfo[39m]  Tool registered: map_service - Map Service (v2.0.0)
02:00:23 [[32minfo[39m]  Tool registered: npc_service - NPC Service (v1.0.0)
02:00:23 [[32minfo[39m]  Tool registered: dialogue_service - Dialogue Service (v1.0.0)
02:00:23 [[32minfo[39m]  Tool registered: quest_service - Quest Service (v1.0.0)
02:00:23 [[32minfo[39m]  Tool registered: challenge_service - Challenge Service (v1.0.0)
02:00:23 [[32minfo[39m]  Tool registered: event_service - Event Service (v1.0.0)
02:00:23 [[32minfo[39m]  Tool registered: story_service - Story Service (v1.0.0)
02:00:23 [[32minfo[39m]  Tool registered: game_init_service - Game Init Service (v2.0.0)
02:00:23 [[32minfo[39m]  Tool registered: batch_query_service - Batch Query Service (v1.0.0)
02:00:23 [[32minfo[39m]  Tool registered: entity_graph_service - Entity Graph Service (v1.0.0)
02:00:23 [[32minfo[39m]  Tool registered: template_pool_service - Template Pool Service (v1.0.0)
02:00:23 [[32minfo[39m]  Tool registered: dynamic_ui - Dynamic UI Service (v1.0.0)
02:00:23 [[32minfo[39m]  Tool registered: generate_options - Generate Options Service (v2.0.0)
02:00:23 [[32minfo[39m]  Tool registered: coordinator_service - Coordinator Service (v1.0.0)
02:00:23 [[32minfo[39m]  Tool registered: rule_service - Rule Service (v1.0.0)
02:00:23 [[32minfo[39m]  Tool registered: skill_loader - Skill Loader (v1.0.0)
02:00:23 [[32minfo[39m]  Tool registered: help_service - Help Service (v1.0.0)
02:00:23 [[32minfo[39m]  Tool registered: memory_service - Memory Service (v1.0.0)
02:00:23 [[32minfo[39m]  Registered 23 ServiceTools to ToolRegistry
02:00:23 [[32minfo[39m]  Tool reference validation passed

[90mstdout[2m | src/routes/__tests__/dev.llm-metrics.test.ts[22m[39m
006: created entity_awareness_events table
006: created entity_awareness_states table
006: created entity_relationship_events table
006: created entity_relationship_states table
Migration 006_awareness_relationship_events_states.ts completed successfully
Running migration: 007_add_combat_mode.ts
007: added combat_states.mode column
Migration 007_add_combat_mode.ts completed successfully
Running migration: 008_add_saves_active_challenge_mode.ts
008: added saves.active_challenge_mode column
Migration 008_add_saves_active_challenge_mode.ts completed successfully
All migrations completed
鉁?Migrations completed
All seeds completed
鉁?Seeds completed
02:00:23 [[32minfo[39m]  Starting YAML-driven Agent system initialization
02:00:23 [[32minfo[39m]  Seeding ModelConfigService from environment
02:00:23 [[32minfo[39m]  No DEEPSEEK_API_KEY env var found, skipping env seed
02:00:23 [[32minfo[39m]  Seeded provider from convict config {"providerType":"openai","providerId":"87b42668-306b-447f-9b5c-1142132e6784","model":"openrouter/free"}
02:00:23 [[32minfo[39m]  Creating LLMService with ModelConfigService
02:00:23 [[32minfo[39m]  Creating ContextService and DecisionLogService instances
02:00:23 [[32minfo[39m]  Initializing YAML-driven Agent profiles...
02:00:23 [[32minfo[39m]  Loading config from directory: C:\Users\super\Documents\trae_projects\AGG-main\packages\backend\config
02:00:23 [[32minfo[39m]  Loaded agent profile: fantasy_rpg
02:00:23 [[32minfo[39m]  Loaded agent profile: minimal_test
02:00:23 [[32minfo[39m]  Loaded 0 non-builtin profiles from database (0 builtin skipped, using YAML)
02:00:23 [[32minfo[39m]  Config loaded successfully: 2 profiles
02:00:23 [[32minfo[39m]  YAML config loaded successfully
02:00:23 [[32minfo[39m]  Context rules loaded {"agentCount":10}
02:00:23 [[32minfo[39m]  Default manifests loaded {"agentTypeCount":6,"manifestCount":8}
02:00:23 [[32minfo[39m]  Context rules file watcher started {"path":"C:\\Users\\super\\Documents\\trae_projects\\AGG-main\\packages\\backend\\config\\agent-context-rules.yaml"}
02:00:23 [[32minfo[39m]  Loaded 10 agent capabilities from YAML profiles
02:00:23 [[32minfo[39m]  ToolRegistry initialized
02:00:23 [[32minfo[39m]  Registering ServiceTools to ToolRegistry
02:00:23 [[32minfo[39m]  Tool registered: game_time_service - GameTime Service (v1.0.0)
02:00:23 [[32minfo[39m]  Tool registered: numerical_service - Numerical Service (v1.0.0)
02:00:23 [[32minfo[39m]  Tool registered: character_service - Character Service (v1.0.0)
02:00:23 [[32minfo[39m]  Tool registered: inventory_service - Inventory Service (v1.0.0)
02:00:23 [[32minfo[39m]  Tool registered: skill_service - Skill Service (v1.1.0)
02:00:23 [[32minfo[39m]  Tool registered: map_service - Map Service (v2.0.0)
02:00:23 [[32minfo[39m]  Tool registered: npc_service - NPC Service (v1.0.0)
02:00:23 [[32minfo[39m]  Tool registered: dialogue_service - Dialogue Service (v1.0.0)
02:00:23 [[32minfo[39m]  Tool registered: quest_service - Quest Service (v1.0.0)
02:00:23 [[32minfo[39m]  Tool registered: challenge_service - Challenge Service (v1.0.0)
02:00:23 [[32minfo[39m]  Tool registered: event_service - Event Service (v1.0.0)
02:00:23 [[32minfo[39m]  Tool registered: story_service - Story Service (v1.0.0)
02:00:23 [[32minfo[39m]  Tool registered: game_init_service - Game Init Service (v2.0.0)
02:00:23 [[32minfo[39m]  Tool registered: batch_query_service - Batch Query Service (v1.0.0)
02:00:23 [[32minfo[39m]  Tool registered: entity_graph_service - Entity Graph Service (v1.0.0)
02:00:23 [[32minfo[39m]  Tool registered: template_pool_service - Template Pool Service (v1.0.0)
02:00:23 [[32minfo[39m]  Tool registered: dynamic_ui - Dynamic UI Service (v1.0.0)
02:00:23 [[32minfo[39m]  Tool registered: generate_options - Generate Options Service (v2.0.0)
02:00:23 [[32minfo[39m]  Tool registered: coordinator_service - Coordinator Service (v1.0.0)
02:00:23 [[32minfo[39m]  Tool registered: rule_service - Rule Service (v1.0.0)
02:00:23 [[32minfo[39m]  Tool registered: skill_loader - Skill Loader (v1.0.0)
02:00:23 [[32minfo[39m]  Tool registered: help_service - Help Service (v1.0.0)
02:00:23 [[32minfo[39m]  Tool registered: memory_service - Memory Service (v1.0.0)
02:00:23 [[32minfo[39m]  Registered 23 ServiceTools to ToolRegistry
02:00:23 [[32minfo[39m]  Tool reference validation passed

[90mstdout[2m | src/agents/tools/__tests__/skill-service.test.ts[22m[39m
008: added saves.active_challenge_mode column
Migration 008_add_saves_active_challenge_mode.ts completed successfully
All migrations completed
鉁?Migrations completed
All seeds completed
鉁?Seeds completed
02:00:23 [[32minfo[39m]  Starting YAML-driven Agent system initialization
02:00:23 [[32minfo[39m]  Seeding ModelConfigService from environment
02:00:23 [[32minfo[39m]  No DEEPSEEK_API_KEY env var found, skipping env seed
02:00:23 [[32minfo[39m]  Seeded provider from convict config {"providerType":"openai","providerId":"ed7a12a4-6dd0-45a8-9abc-0a809675cb31","model":"openrouter/free"}
02:00:23 [[32minfo[39m]  Creating LLMService with ModelConfigService
02:00:23 [[32minfo[39m]  Creating ContextService and DecisionLogService instances
02:00:23 [[32minfo[39m]  Initializing YAML-driven Agent profiles...
02:00:23 [[32minfo[39m]  Loading config from directory: C:\Users\super\Documents\trae_projects\AGG-main\packages\backend\config
02:00:23 [[32minfo[39m]  Loaded agent profile: fantasy_rpg
02:00:23 [[32minfo[39m]  Loaded agent profile: minimal_test
02:00:23 [[32minfo[39m]  Loaded 0 non-builtin profiles from database (0 builtin skipped, using YAML)
02:00:23 [[32minfo[39m]  Config loaded successfully: 2 profiles
02:00:23 [[32minfo[39m]  YAML config loaded successfully
02:00:23 [[32minfo[39m]  Context rules loaded {"agentCount":10}
02:00:23 [[32minfo[39m]  Default manifests loaded {"agentTypeCount":6,"manifestCount":8}
02:00:23 [[32minfo[39m]  Context rules file watcher started {"path":"C:\\Users\\super\\Documents\\trae_projects\\AGG-main\\packages\\backend\\config\\agent-context-rules.yaml"}
02:00:23 [[32minfo[39m]  Loaded 10 agent capabilities from YAML profiles
02:00:23 [[32minfo[39m]  ToolRegistry initialized
02:00:23 [[32minfo[39m]  Registering ServiceTools to ToolRegistry
02:00:23 [[32minfo[39m]  Tool registered: game_time_service - GameTime Service (v1.0.0)
02:00:23 [[32minfo[39m]  Tool registered: numerical_service - Numerical Service (v1.0.0)
02:00:23 [[32minfo[39m]  Tool registered: character_service - Character Service (v1.0.0)
02:00:23 [[32minfo[39m]  Tool registered: inventory_service - Inventory Service (v1.0.0)
02:00:23 [[32minfo[39m]  Tool registered: skill_service - Skill Service (v1.1.0)
02:00:23 [[32minfo[39m]  Tool registered: map_service - Map Service (v2.0.0)
02:00:23 [[32minfo[39m]  Tool registered: npc_service - NPC Service (v1.0.0)
02:00:23 [[32minfo[39m]  Tool registered: dialogue_service - Dialogue Service (v1.0.0)
02:00:23 [[32minfo[39m]  Tool registered: quest_service - Quest Service (v1.0.0)
02:00:23 [[32minfo[39m]  Tool registered: challenge_service - Challenge Service (v1.0.0)
02:00:23 [[32minfo[39m]  Tool registered: event_service - Event Service (v1.0.0)
02:00:23 [[32minfo[39m]  Tool registered: story_service - Story Service (v1.0.0)
02:00:23 [[32minfo[39m]  Tool registered: game_init_service - Game Init Service (v2.0.0)
02:00:23 [[32minfo[39m]  Tool registered: batch_query_service - Batch Query Service (v1.0.0)
02:00:23 [[32minfo[39m]  Tool registered: entity_graph_service - Entity Graph Service (v1.0.0)
02:00:23 [[32minfo[39m]  Tool registered: template_pool_service - Template Pool Service (v1.0.0)
02:00:23 [[32minfo[39m]  Tool registered: dynamic_ui - Dynamic UI Service (v1.0.0)
02:00:23 [[32minfo[39m]  Tool registered: generate_options - Generate Options Service (v2.0.0)
02:00:23 [[32minfo[39m]  Tool registered: coordinator_service - Coordinator Service (v1.0.0)
02:00:23 [[32minfo[39m]  Tool registered: rule_service - Rule Service (v1.0.0)
02:00:23 [[32minfo[39m]  Tool registered: skill_loader - Skill Loader (v1.0.0)
02:00:23 [[32minfo[39m]  Tool registered: help_service - Help Service (v1.0.0)
02:00:23 [[32minfo[39m]  Tool registered: memory_service - Memory Service (v1.0.0)
02:00:23 [[32minfo[39m]  Registered 23 ServiceTools to ToolRegistry
02:00:23 [[32minfo[39m]  Tool reference validation passed

[90mstdout[2m | src/agents/prompt/__tests__/todolist-format.test.ts[22m[39m
02:00:23 [[32minfo[39m]  Discovered 187 help files {"dir":"C:\\Users\\super\\Documents\\trae_projects\\AGG-main\\packages\\backend\\config\\agent-help"}

[90mstdout[2m | src/agents/__tests__/prompt-option-contract.test.ts[22m[39m
02:00:23 [[32minfo[39m]  Discovered 187 help files {"dir":"C:\\Users\\super\\Documents\\trae_projects\\AGG-main\\packages\\backend\\config\\agent-help"}

[90mstdout[2m | src/agents/__tests__/compress-tool-result-error-extraction.test.ts[22m[39m
02:00:23 [[32minfo[39m]  Discovered 187 help files {"dir":"C:\\Users\\super\\Documents\\trae_projects\\AGG-main\\packages\\backend\\config\\agent-help"}

 [32m鉁?[39m src/agents/story/__tests__/story-directive-todolist.test.ts [2m ([22m[2m5 tests[22m[2m)[22m[33m 655[2mms[22m[39m
[90mstdout[2m | src/agents/story/__tests__/story-directive-todolist.test.ts[22m[39m
02:00:23 [[32minfo[39m]  Help registry loaded: 22 tools {"tools":["batch_query_service","challenge_service","... (22 items)"]}
02:00:23 [[32minfo[39m]  Creating GameMasterAgent (as AgentRuntime with isSubAgent=false)
02:00:23 [[32minfo[39m]  Handler subscribed {"eventType":"dialogue"}
02:00:23 [[32minfo[39m]  Handler subscribed {"eventType":"combat_end"}
02:00:23 [[32minfo[39m]  AwarenessAutoSubscriber subscribed to dialogue + combat_end events
02:00:23 [[32minfo[39m]  Agent initialized: gamemaster - GameMasterAgent
02:00:23 [[32minfo[39m] [AGENT-START] Agent gamemaster starting {"agent":"gamemaster","provider":null,"toolsConfigured":1,"maxIterations":200,"isSubAgent":false}
02:00:23 [[32minfo[39m]  Handler subscribed {"eventType":"chapter_advanced"}
02:00:23 [[32minfo[39m]  Creating AgentRuntime instances from default profile: fantasy_rpg
02:00:23 [[32minfo[39m]  Creating agents from profile: fantasy_rpg {"agentCount":10}
02:00:23 [[32minfo[39m]  Agent initialized: gamemaster - GameMasterAgent
02:00:23 [[32minfo[39m] [AGENT-START] Agent gamemaster starting {"agent":"gamemaster","provider":null,"toolsConfigured":1,"maxIterations":200,"isSubAgent":false}
02:00:23 [[32minfo[39m]  Created AgentRuntime: gamemaster {"profile":"fantasy_rpg","tools":["all"]}
02:00:23 [[32minfo[39m]  Agent initialized: map - MapAgent
02:00:23 [[32minfo[39m] [AGENT-START] Agent map starting {"agent":"map","provider":null,"toolsConfigured":7,"maxIterations":200,"isSubAgent":true}
02:00:23 [[32minfo[39m]  Created AgentRuntime: map {"profile":"fantasy_rpg","tools":["map_service","npc_service","... (7 items)"]}
02:00:23 [[32minfo[39m]  Agent initialized: challenge - ChallengeAgent
02:00:23 [[32minfo[39m] [AGENT-START] Agent challenge starting {"agent":"challenge","provider":null,"toolsConfigured":9,"maxIterations":200,"isSubAgent":true}
02:00:23 [[32minfo[39m]  Created AgentRuntime: challenge {"profile":"fantasy_rpg","tools":["challenge_service","numerical_service","... (9 items)"]}
02:00:23 [[32minfo[39m]  Agent initialized: output - OutputAgent
02:00:23 [[32minfo[39m] [AGENT-START] Agent output starting {"agent":"output","provider":null,"toolsConfigured":5,"maxIterations":200,"isSubAgent":true}
02:00:23 [[32minfo[39m]  Created AgentRuntime: output {"profile":"fantasy_rpg","tools":["dialogue_service","dynamic_ui","... (5 items)"]}
02:00:23 [[32minfo[39m]  Agent initialized: quest - QuestAgent
02:00:23 [[32minfo[39m] [AGENT-START] Agent quest starting {"agent":"quest","provider":null,"toolsConfigured":11,"maxIterations":200,"isSubAgent":true}
02:00:23 [[32minfo[39m]  Created AgentRuntime: quest {"profile":"fantasy_rpg","tools":["quest_service","numerical_service","... (11 items)"]}
02:00:23 [[32minfo[39m]  Agent initialized: npc_party - NPCPartyAgent
02:00:23 [[32minfo[39m] [AGENT-START] Agent npc_party starting {"agent":"npc_party","provider":null,"toolsConfigured":9,"maxIterations":200,"isSubAgent":true}
02:00:23 [[32minfo[39m]  Created AgentRuntime: npc_party {"profile":"fantasy_rpg","tools":["npc_service","entity_graph_service","... (9 items)"]}
02:00:23 [[32minfo[39m]  Agent initialized: inventory - InventoryAgent
02:00:23 [[32minfo[39m] [AGENT-START] Agent inventory starting {"agent":"inventory","provider":null,"toolsConfigured":8,"maxIterations":200,"isSubAgent":true}
02:00:23 [[32minfo[39m]  Created AgentRuntime: inventory {"profile":"fantasy_rpg","tools":["inventory_service","template_pool_service","... (8 items)"]}
02:00:23 [[32minfo[39m]  Agent initialized: skill - SkillAgent
02:00:23 [[32minfo[39m] [AGENT-START] Agent skill starting {"agent":"skill","provider":null,"toolsConfigured":7,"maxIterations":200,"isSubAgent":true}
02:00:23 [[32minfo[39m]  Created AgentRuntime: skill {"profile":"fantasy_rpg","tools":["skill_service","template_pool_service","... (7 items)"]}
02:00:23 [[32minfo[39m]  Agent initialized: event - EventAgent
02:00:23 [[32minfo[39m] [AGENT-START] Agent event starting {"agent":"event","provider":null,"toolsConfigured":5,"maxIterations":200,"isSubAgent":true}
02:00:23 [[32minfo[39m]  Created AgentRuntime: event {"profile":"fantasy_rpg","tools":["event_service","game_time_service","... (5 items)"]}
02:00:23 [[32minfo[39m]  Agent initialized: time - TimeAgent
02:00:23 [[32minfo[39m] [AGENT-START] Agent time starting {"agent":"time","provider":null,"toolsConfigured":4,"maxIterations":200,"isSubAgent":true}
02:00:23 [[32minfo[39m]  Created AgentRuntime: time {"profile":"fantasy_rpg","tools":["game_time_service","rule_service","... (4 items)"]}
02:00:23 [[32minfo[39m]  Permissions configured from agent.tools for profile: fantasy_rpg
02:00:23 [[32minfo[39m]  YAML permissions configured
02:00:23 [[32minfo[39m]  Registering AgentRuntime instances to GameMasterAgent...
02:00:23 [[32minfo[39m]  Registered AgentRuntime to Coordinator: gamemaster
02:00:23 [[32minfo[39m]  Registered AgentRuntime to Coordinator: map
02:00:23 [[32minfo[39m]  Registered AgentRuntime to Coordinator: challenge
02:00:23 [[32minfo[39m]  Registered AgentRuntime to Coordinator: output
02:00:23 [[32minfo[39m]  Registered AgentRuntime to Coordinator: quest
02:00:23 [[32minfo[39m]  Registered AgentRuntime to Coordinator: npc_party
02:00:23 [[32minfo[39m]  Registered AgentRuntime to Coordinator: inventory
02:00:23 [[32minfo[39m]  Registered AgentRuntime to Coordinator: skill
02:00:23 [[32minfo[39m]  Registered AgentRuntime to Coordinator: event
02:00:23 [[32minfo[39m]  Registered AgentRuntime to Coordinator: time
02:00:23 [[32minfo[39m]  GameDataExpander configured (manifest path enabled)
02:00:23 [[32minfo[39m]  DedupService configured (dispatch log persistence enabled)
02:00:23 [[32minfo[39m]  Agent system initialized: 10 AgentRuntime instances created
鉁?Agent system initialized with 10 agents
鈿狅笍 YAML Agent system skipped: __vi_import_5__.initializeYamlAgentSystem is not a function
02:00:23 [[32minfo[39m]  Agent routes initialized
02:00:23 [[32minfo[39m]  Save routes initialized
02:00:23 [[32minfo[39m]  Synced template from YAML to DB: cthulhu-investigation
02:00:23 [[32minfo[39m]  Synced template from YAML to DB: cyberpunk-mercenary
02:00:23 [[32minfo[39m]  Synced template from YAML to DB: medieval-fantasy
02:00:23 [[32minfo[39m]  Synced template from YAML to DB: modern-romance
02:00:23 [[32minfo[39m]  Synced template from YAML to DB: xianxia
02:00:23 [[32minfo[39m]  Synced 5 templates from YAML to database
02:00:23 [[32minfo[39m]  Cache refreshed with 5 templates
02:00:23 [[32minfo[39m]  TemplateService loaded {"cachedTemplates":5}
鉁?Template YAML loaded and synced to DB
02:00:23 [[32minfo[39m]  Template routes initialized
鉁?Test environment setup complete
鉁?Database connection closed

[90mstdout[2m | src/routes/__tests__/dev.llm-metrics.test.ts[22m[39m
02:00:23 [[32minfo[39m]  Discovered 187 help files {"dir":"C:\\Users\\super\\Documents\\trae_projects\\AGG-main\\packages\\backend\\config\\agent-help"}

[90mstdout[2m | src/agents/tools/__tests__/skill-service.test.ts[22m[39m
02:00:23 [[32minfo[39m]  Discovered 187 help files {"dir":"C:\\Users\\super\\Documents\\trae_projects\\AGG-main\\packages\\backend\\config\\agent-help"}

[90mstdout[2m | src/game-systems/entity-graph/__tests__/EntityGraphRepository.test.ts[22m[39m
02:00:23 [[32minfo[39m]  Help registry loaded: 22 tools {"tools":["batch_query_service","challenge_service","... (22 items)"]}
02:00:23 [[32minfo[39m]  Creating GameMasterAgent (as AgentRuntime with isSubAgent=false)
02:00:23 [[32minfo[39m]  Handler subscribed {"eventType":"dialogue"}
02:00:23 [[32minfo[39m]  Handler subscribed {"eventType":"combat_end"}
02:00:23 [[32minfo[39m]  AwarenessAutoSubscriber subscribed to dialogue + combat_end events
02:00:23 [[32minfo[39m]  Agent initialized: gamemaster - GameMasterAgent
02:00:23 [[32minfo[39m] [AGENT-START] Agent gamemaster starting {"agent":"gamemaster","provider":null,"toolsConfigured":1,"maxIterations":200,"isSubAgent":false}
02:00:23 [[32minfo[39m]  Handler subscribed {"eventType":"chapter_advanced"}
02:00:23 [[32minfo[39m]  Creating AgentRuntime instances from default profile: fantasy_rpg
02:00:23 [[32minfo[39m]  Creating agents from profile: fantasy_rpg {"agentCount":10}
02:00:23 [[32minfo[39m]  Agent initialized: gamemaster - GameMasterAgent
02:00:23 [[32minfo[39m] [AGENT-START] Agent gamemaster starting {"agent":"gamemaster","provider":null,"toolsConfigured":1,"maxIterations":200,"isSubAgent":false}
02:00:23 [[32minfo[39m]  Created AgentRuntime: gamemaster {"profile":"fantasy_rpg","tools":["all"]}
02:00:23 [[32minfo[39m]  Agent initialized: map - MapAgent
02:00:23 [[32minfo[39m] [AGENT-START] Agent map starting {"agent":"map","provider":null,"toolsConfigured":7,"maxIterations":200,"isSubAgent":true}
02:00:23 [[32minfo[39m]  Created AgentRuntime: map {"profile":"fantasy_rpg","tools":["map_service","npc_service","... (7 items)"]}
02:00:23 [[32minfo[39m]  Agent initialized: challenge - ChallengeAgent
02:00:23 [[32minfo[39m] [AGENT-START] Agent challenge starting {"agent":"challenge","provider":null,"toolsConfigured":9,"maxIterations":200,"isSubAgent":true}
02:00:23 [[32minfo[39m]  Created AgentRuntime: challenge {"profile":"fantasy_rpg","tools":["challenge_service","numerical_service","... (9 items)"]}
02:00:23 [[32minfo[39m]  Agent initialized: output - OutputAgent
02:00:23 [[32minfo[39m] [AGENT-START] Agent output starting {"agent":"output","provider":null,"toolsConfigured":5,"maxIterations":200,"isSubAgent":true}
02:00:23 [[32minfo[39m]  Created AgentRuntime: output {"profile":"fantasy_rpg","tools":["dialogue_service","dynamic_ui","... (5 items)"]}
02:00:23 [[32minfo[39m]  Agent initialized: quest - QuestAgent
02:00:23 [[32minfo[39m] [AGENT-START] Agent quest starting {"agent":"quest","provider":null,"toolsConfigured":11,"maxIterations":200,"isSubAgent":true}
02:00:23 [[32minfo[39m]  Created AgentRuntime: quest {"profile":"fantasy_rpg","tools":["quest_service","numerical_service","... (11 items)"]}
02:00:23 [[32minfo[39m]  Agent initialized: npc_party - NPCPartyAgent
02:00:23 [[32minfo[39m] [AGENT-START] Agent npc_party starting {"agent":"npc_party","provider":null,"toolsConfigured":9,"maxIterations":200,"isSubAgent":true}
02:00:23 [[32minfo[39m]  Created AgentRuntime: npc_party {"profile":"fantasy_rpg","tools":["npc_service","entity_graph_service","... (9 items)"]}
02:00:23 [[32minfo[39m]  Agent initialized: inventory - InventoryAgent
02:00:23 [[32minfo[39m] [AGENT-START] Agent inventory starting {"agent":"inventory","provider":null,"toolsConfigured":8,"maxIterations":200,"isSubAgent":true}
02:00:23 [[32minfo[39m]  Created AgentRuntime: inventory {"profile":"fantasy_rpg","tools":["inventory_service","template_pool_service","... (8 items)"]}
02:00:23 [[32minfo[39m]  Agent initialized: skill - SkillAgent
02:00:23 [[32minfo[39m] [AGENT-START] Agent skill starting {"agent":"skill","provider":null,"toolsConfigured":7,"maxIterations":200,"isSubAgent":true}
02:00:23 [[32minfo[39m]  Created AgentRuntime: skill {"profile":"fantasy_rpg","tools":["skill_service","template_pool_service","... (7 items)"]}
02:00:23 [[32minfo[39m]  Agent initialized: event - EventAgent
02:00:23 [[32minfo[39m] [AGENT-START] Agent event starting {"agent":"event","provider":null,"toolsConfigured":5,"maxIterations":200,"isSubAgent":true}
02:00:23 [[32minfo[39m]  Created AgentRuntime: event {"profile":"fantasy_rpg","tools":["event_service","game_time_service","... (5 items)"]}
02:00:23 [[32minfo[39m]  Agent initialized: time - TimeAgent
02:00:23 [[32minfo[39m] [AGENT-START] Agent time starting {"agent":"time","provider":null,"toolsConfigured":4,"maxIterations":200,"isSubAgent":true}
02:00:23 [[32minfo[39m]  Created AgentRuntime: time {"profile":"fantasy_rpg","tools":["game_time_service","rule_service","... (4 items)"]}
02:00:23 [[32minfo[39m]  Permissions configured from agent.tools for profile: fantasy_rpg
02:00:23 [[32minfo[39m]  YAML permissions configured
02:00:23 [[32minfo[39m]  Registering AgentRuntime instances to GameMasterAgent...
02:00:23 [[32minfo[39m]  Registered AgentRuntime to Coordinator: gamemaster
02:00:23 [[32minfo[39m]  Registered AgentRuntime to Coordinator: map
02:00:23 [[32minfo[39m]  Registered AgentRuntime to Coordinator: challenge
02:00:23 [[32minfo[39m]  Registered AgentRuntime to Coordinator: output
02:00:23 [[32minfo[39m]  Registered AgentRuntime to Coordinator: quest
02:00:23 [[32minfo[39m]  Registered AgentRuntime to Coordinator: npc_party
02:00:23 [[32minfo[39m]  Registered AgentRuntime to Coordinator: inventory
02:00:23 [[32minfo[39m]  Registered AgentRuntime to Coordinator: skill
02:00:23 [[32minfo[39m]  Registered AgentRuntime to Coordinator: event
02:00:23 [[32minfo[39m]  Registered AgentRuntime to Coordinator: time
02:00:23 [[32minfo[39m]  GameDataExpander configured (manifest path enabled)
02:00:23 [[32minfo[39m]  DedupService configured (dispatch log persistence enabled)
02:00:23 [[32minfo[39m]  Agent system initialized: 10 AgentRuntime instances created
鉁?Agent system initialized with 10 agents
鈿狅笍 YAML Agent system skipped: __vi_import_5__.initializeYamlAgentSystem is not a function
02:00:23 [[32minfo[39m]  Agent routes initialized
02:00:23 [[32minfo[39m]  Save routes initialized
02:00:23 [[32minfo[39m]  Synced template from YAML to DB: cthulhu-investigation
02:00:23 [[32minfo[39m]  Synced template from YAML to DB: cyberpunk-mercenary
02:00:23 [[32minfo[39m]  Synced template from YAML to DB: medieval-fantasy
02:00:23 [[32minfo[39m]  Synced template from YAML to DB: modern-romance
02:00:23 [[32minfo[39m]  Synced template from YAML to DB: xianxia
02:00:23 [[32minfo[39m]  Synced 5 templates from YAML to database
02:00:23 [[32minfo[39m]  Cache refreshed with 5 templates
02:00:23 [[32minfo[39m]  TemplateService loaded {"cachedTemplates":5}
鉁?Template YAML loaded and synced to DB
02:00:23 [[32minfo[39m]  Template routes initialized
鉁?Test environment setup complete
鉁?Database connection closed

 [33m鉂?[39m src/game-systems/entity-graph/__tests__/EntityGraphRepository.test.ts [2m ([22m[2m4 tests[22m [2m|[22m [31m1 failed[39m[2m)[22m[33m 643[2mms[22m[39m
[31m   [33m鉂?[31m src/game-systems/entity-graph/__tests__/EntityGraphRepository.test.ts[2m > [22mEntityGraphRepository[2m > [22mdeleteBySaveId[2m > [22m搴斿厛鍒?edges 鍐嶅垹 nodes锛堝閿緷璧栭『搴忥級[39m
[31m     鈫?expected [ 'entity_graph_edges', 鈥?2) ] to deeply equal [ 'entity_graph_edges', 鈥?1) ][39m
[90mstdout[2m | src/agents/prompt/__tests__/todolist-format.test.ts[22m[39m
02:00:23 [[32minfo[39m]  Help registry loaded: 22 tools {"tools":["batch_query_service","challenge_service","... (22 items)"]}
02:00:23 [[32minfo[39m]  Creating GameMasterAgent (as AgentRuntime with isSubAgent=false)
02:00:23 [[32minfo[39m]  Handler subscribed {"eventType":"dialogue"}
02:00:23 [[32minfo[39m]  Handler subscribed {"eventType":"combat_end"}
02:00:23 [[32minfo[39m]  AwarenessAutoSubscriber subscribed to dialogue + combat_end events
02:00:23 [[32minfo[39m]  Agent initialized: gamemaster - GameMasterAgent
02:00:23 [[32minfo[39m] [AGENT-START] Agent gamemaster starting {"agent":"gamemaster","provider":null,"toolsConfigured":1,"maxIterations":200,"isSubAgent":false}
02:00:23 [[32minfo[39m]  Handler subscribed {"eventType":"chapter_advanced"}
02:00:23 [[32minfo[39m]  Creating AgentRuntime instances from default profile: fantasy_rpg
02:00:23 [[32minfo[39m]  Creating agents from profile: fantasy_rpg {"agentCount":10}
02:00:23 [[32minfo[39m]  Agent initialized: gamemaster - GameMasterAgent
02:00:23 [[32minfo[39m] [AGENT-START] Agent gamemaster starting {"agent":"gamemaster","provider":null,"toolsConfigured":1,"maxIterations":200,"isSubAgent":false}
02:00:23 [[32minfo[39m]  Created AgentRuntime: gamemaster {"profile":"fantasy_rpg","tools":["all"]}
02:00:23 [[32minfo[39m]  Agent initialized: map - MapAgent
02:00:23 [[32minfo[39m] [AGENT-START] Agent map starting {"agent":"map","provider":null,"toolsConfigured":7,"maxIterations":200,"isSubAgent":true}
02:00:23 [[32minfo[39m]  Created AgentRuntime: map {"profile":"fantasy_rpg","tools":["map_service","npc_service","... (7 items)"]}
02:00:23 [[32minfo[39m]  Agent initialized: challenge - ChallengeAgent
02:00:23 [[32minfo[39m] [AGENT-START] Agent challenge starting {"agent":"challenge","provider":null,"toolsConfigured":9,"maxIterations":200,"isSubAgent":true}
02:00:23 [[32minfo[39m]  Created AgentRuntime: challenge {"profile":"fantasy_rpg","tools":["challenge_service","numerical_service","... (9 items)"]}
02:00:23 [[32minfo[39m]  Agent initialized: output - OutputAgent
02:00:23 [[32minfo[39m] [AGENT-START] Agent output starting {"agent":"output","provider":null,"toolsConfigured":5,"maxIterations":200,"isSubAgent":true}
02:00:23 [[32minfo[39m]  Created AgentRuntime: output {"profile":"fantasy_rpg","tools":["dialogue_service","dynamic_ui","... (5 items)"]}
02:00:23 [[32minfo[39m]  Agent initialized: quest - QuestAgent
02:00:23 [[32minfo[39m] [AGENT-START] Agent quest starting {"agent":"quest","provider":null,"toolsConfigured":11,"maxIterations":200,"isSubAgent":true}
02:00:23 [[32minfo[39m]  Created AgentRuntime: quest {"profile":"fantasy_rpg","tools":["quest_service","numerical_service","... (11 items)"]}
02:00:23 [[32minfo[39m]  Agent initialized: npc_party - NPCPartyAgent
02:00:23 [[32minfo[39m] [AGENT-START] Agent npc_party starting {"agent":"npc_party","provider":null,"toolsConfigured":9,"maxIterations":200,"isSubAgent":true}
02:00:23 [[32minfo[39m]  Created AgentRuntime: npc_party {"profile":"fantasy_rpg","tools":["npc_service","entity_graph_service","... (9 items)"]}
02:00:23 [[32minfo[39m]  Agent initialized: inventory - InventoryAgent
02:00:23 [[32minfo[39m] [AGENT-START] Agent inventory starting {"agent":"inventory","provider":null,"toolsConfigured":8,"maxIterations":200,"isSubAgent":true}
02:00:23 [[32minfo[39m]  Created AgentRuntime: inventory {"profile":"fantasy_rpg","tools":["inventory_service","template_pool_service","... (8 items)"]}
02:00:23 [[32minfo[39m]  Agent initialized: skill - SkillAgent
02:00:23 [[32minfo[39m] [AGENT-START] Agent skill starting {"agent":"skill","provider":null,"toolsConfigured":7,"maxIterations":200,"isSubAgent":true}
02:00:23 [[32minfo[39m]  Created AgentRuntime: skill {"profile":"fantasy_rpg","tools":["skill_service","template_pool_service","... (7 items)"]}
02:00:23 [[32minfo[39m]  Agent initialized: event - EventAgent
02:00:23 [[32minfo[39m] [AGENT-START] Agent event starting {"agent":"event","provider":null,"toolsConfigured":5,"maxIterations":200,"isSubAgent":true}
02:00:23 [[32minfo[39m]  Created AgentRuntime: event {"profile":"fantasy_rpg","tools":["event_service","game_time_service","... (5 items)"]}
02:00:23 [[32minfo[39m]  Agent initialized: time - TimeAgent
02:00:23 [[32minfo[39m] [AGENT-START] Agent time starting {"agent":"time","provider":null,"toolsConfigured":4,"maxIterations":200,"isSubAgent":true}
02:00:23 [[32minfo[39m]  Created AgentRuntime: time {"profile":"fantasy_rpg","tools":["game_time_service","rule_service","... (4 items)"]}
02:00:23 [[32minfo[39m]  Permissions configured from agent.tools for profile: fantasy_rpg
02:00:23 [[32minfo[39m]  YAML permissions configured
02:00:23 [[32minfo[39m]  Registering AgentRuntime instances to GameMasterAgent...
02:00:23 [[32minfo[39m]  Registered AgentRuntime to Coordinator: gamemaster
02:00:23 [[32minfo[39m]  Registered AgentRuntime to Coordinator: map
02:00:23 [[32minfo[39m]  Registered AgentRuntime to Coordinator: challenge
02:00:23 [[32minfo[39m]  Registered AgentRuntime to Coordinator: output
02:00:23 [[32minfo[39m]  Registered AgentRuntime to Coordinator: quest
02:00:23 [[32minfo[39m]  Registered AgentRuntime to Coordinator: npc_party
02:00:23 [[32minfo[39m]  Registered AgentRuntime to Coordinator: inventory
02:00:23 [[32minfo[39m]  Registered AgentRuntime to Coordinator: skill
02:00:23 [[32minfo[39m]  Registered AgentRuntime to Coordinator: event
02:00:23 [[32minfo[39m]  Registered AgentRuntime to Coordinator: time
02:00:23 [[32minfo[39m]  GameDataExpander configured (manifest path enabled)
02:00:23 [[32minfo[39m]  DedupService configured (dispatch log persistence enabled)
02:00:23 [[32minfo[39m]  Agent system initialized: 10 AgentRuntime instances created
鉁?Agent system initialized with 10 agents
鈿狅笍 YAML Agent system skipped: __vi_import_5__.initializeYamlAgentSystem is not a function
02:00:23 [[32minfo[39m]  Agent routes initialized
02:00:23 [[32minfo[39m]  Save routes initialized
02:00:23 [[32minfo[39m]  Synced template from YAML to DB: cthulhu-investigation
02:00:23 [[32minfo[39m]  Synced template from YAML to DB: cyberpunk-mercenary
02:00:23 [[32minfo[39m]  Synced template from YAML to DB: medieval-fantasy
02:00:23 [[32minfo[39m]  Synced template from YAML to DB: modern-romance
02:00:23 [[32minfo[39m]  Synced template from YAML to DB: xianxia
02:00:23 [[32minfo[39m]  Synced 5 templates from YAML to database
02:00:23 [[32minfo[39m]  Cache refreshed with 5 templates
02:00:23 [[32minfo[39m]  TemplateService loaded {"cachedTemplates":5}
鉁?Template YAML loaded and synced to DB
02:00:23 [[32minfo[39m]  Template routes initialized
鉁?Test environment setup complete
鉁?Database connection closed

 [32m鉁?[39m src/agents/prompt/__tests__/todolist-format.test.ts [2m ([22m[2m4 tests[22m[2m)[22m[33m 660[2mms[22m[39m
[90mstdout[2m | src/routes/__tests__/dev.llm-metrics.test.ts[22m[39m
02:00:23 [[32minfo[39m]  Help registry loaded: 22 tools {"tools":["batch_query_service","challenge_service","... (22 items)"]}
02:00:23 [[32minfo[39m]  Creating GameMasterAgent (as AgentRuntime with isSubAgent=false)
02:00:23 [[32minfo[39m]  Handler subscribed {"eventType":"dialogue"}
02:00:23 [[32minfo[39m]  Handler subscribed {"eventType":"combat_end"}
02:00:23 [[32minfo[39m]  AwarenessAutoSubscriber subscribed to dialogue + combat_end events
02:00:23 [[32minfo[39m]  Agent initialized: gamemaster - GameMasterAgent
02:00:23 [[32minfo[39m] [AGENT-START] Agent gamemaster starting {"agent":"gamemaster","provider":null,"toolsConfigured":1,"maxIterations":200,"isSubAgent":false}
02:00:23 [[32minfo[39m]  Handler subscribed {"eventType":"chapter_advanced"}
02:00:23 [[32minfo[39m]  Creating AgentRuntime instances from default profile: fantasy_rpg
02:00:23 [[32minfo[39m]  Creating agents from profile: fantasy_rpg {"agentCount":10}
02:00:23 [[32minfo[39m]  Agent initialized: gamemaster - GameMasterAgent
02:00:23 [[32minfo[39m] [AGENT-START] Agent gamemaster starting {"agent":"gamemaster","provider":null,"toolsConfigured":1,"maxIterations":200,"isSubAgent":false}
02:00:23 [[32minfo[39m]  Created AgentRuntime: gamemaster {"profile":"fantasy_rpg","tools":["all"]}
02:00:23 [[32minfo[39m]  Agent initialized: map - MapAgent
02:00:23 [[32minfo[39m] [AGENT-START] Agent map starting {"agent":"map","provider":null,"toolsConfigured":7,"maxIterations":200,"isSubAgent":true}
02:00:23 [[32minfo[39m]  Created AgentRuntime: map {"profile":"fantasy_rpg","tools":["map_service","npc_service","... (7 items)"]}
02:00:23 [[32minfo[39m]  Agent initialized: challenge - ChallengeAgent
02:00:23 [[32minfo[39m] [AGENT-START] Agent challenge starting {"agent":"challenge","provider":null,"toolsConfigured":9,"maxIterations":200,"isSubAgent":true}
02:00:23 [[32minfo[39m]  Created AgentRuntime: challenge {"profile":"fantasy_rpg","tools":["challenge_service","numerical_service","... (9 items)"]}
02:00:23 [[32minfo[39m]  Agent initialized: output - OutputAgent
02:00:23 [[32minfo[39m] [AGENT-START] Agent output starting {"agent":"output","provider":null,"toolsConfigured":5,"maxIterations":200,"isSubAgent":true}
02:00:23 [[32minfo[39m]  Created AgentRuntime: output {"profile":"fantasy_rpg","tools":["dialogue_service","dynamic_ui","... (5 items)"]}
02:00:23 [[32minfo[39m]  Agent initialized: quest - QuestAgent
02:00:23 [[32minfo[39m] [AGENT-START] Agent quest starting {"agent":"quest","provider":null,"toolsConfigured":11,"maxIterations":200,"isSubAgent":true}
02:00:23 [[32minfo[39m]  Created AgentRuntime: quest {"profile":"fantasy_rpg","tools":["quest_service","numerical_service","... (11 items)"]}
02:00:23 [[32minfo[39m]  Agent initialized: npc_party - NPCPartyAgent
02:00:23 [[32minfo[39m] [AGENT-START] Agent npc_party starting {"agent":"npc_party","provider":null,"toolsConfigured":9,"maxIterations":200,"isSubAgent":true}
02:00:23 [[32minfo[39m]  Created AgentRuntime: npc_party {"profile":"fantasy_rpg","tools":["npc_service","entity_graph_service","... (9 items)"]}
02:00:23 [[32minfo[39m]  Agent initialized: inventory - InventoryAgent
02:00:23 [[32minfo[39m] [AGENT-START] Agent inventory starting {"agent":"inventory","provider":null,"toolsConfigured":8,"maxIterations":200,"isSubAgent":true}
02:00:23 [[32minfo[39m]  Created AgentRuntime: inventory {"profile":"fantasy_rpg","tools":["inventory_service","template_pool_service","... (8 items)"]}
02:00:23 [[32minfo[39m]  Agent initialized: skill - SkillAgent
02:00:23 [[32minfo[39m] [AGENT-START] Agent skill starting {"agent":"skill","provider":null,"toolsConfigured":7,"maxIterations":200,"isSubAgent":true}
02:00:23 [[32minfo[39m]  Created AgentRuntime: skill {"profile":"fantasy_rpg","tools":["skill_service","template_pool_service","... (7 items)"]}
02:00:23 [[32minfo[39m]  Agent initialized: event - EventAgent
02:00:23 [[32minfo[39m] [AGENT-START] Agent event starting {"agent":"event","provider":null,"toolsConfigured":5,"maxIterations":200,"isSubAgent":true}
02:00:23 [[32minfo[39m]  Created AgentRuntime: event {"profile":"fantasy_rpg","tools":["event_service","game_time_service","... (5 items)"]}
02:00:23 [[32minfo[39m]  Agent initialized: time - TimeAgent
02:00:23 [[32minfo[39m] [AGENT-START] Agent time starting {"agent":"time","provider":null,"toolsConfigured":4,"maxIterations":200,"isSubAgent":true}
02:00:23 [[32minfo[39m]  Created AgentRuntime: time {"profile":"fantasy_rpg","tools":["game_time_service","rule_service","... (4 items)"]}
02:00:23 [[32minfo[39m]  Permissions configured from agent.tools for profile: fantasy_rpg
02:00:23 [[32minfo[39m]  YAML permissions configured
02:00:23 [[32minfo[39m]  Registering AgentRuntime instances to GameMasterAgent...
02:00:23 [[32minfo[39m]  Registered AgentRuntime to Coordinator: gamemaster
02:00:23 [[32minfo[39m]  Registered AgentRuntime to Coordinator: map
02:00:23 [[32minfo[39m]  Registered AgentRuntime to Coordinator: challenge
02:00:23 [[32minfo[39m]  Registered AgentRuntime to Coordinator: output
02:00:23 [[32minfo[39m]  Registered AgentRuntime to Coordinator: quest
02:00:23 [[32minfo[39m]  Registered AgentRuntime to Coordinator: npc_party
02:00:23 [[32minfo[39m]  Registered AgentRuntime to Coordinator: inventory
02:00:23 [[32minfo[39m]  Registered AgentRuntime to Coordinator: skill
02:00:23 [[32minfo[39m]  Registered AgentRuntime to Coordinator: event
02:00:23 [[32minfo[39m]  Registered AgentRuntime to Coordinator: time
02:00:23 [[32minfo[39m]  GameDataExpander configured (manifest path enabled)
02:00:23 [[32minfo[39m]  DedupService configured (dispatch log persistence enabled)
02:00:23 [[32minfo[39m]  Agent system initialized: 10 AgentRuntime instances created
鉁?Agent system initialized with 10 agents
鈿狅笍 YAML Agent system skipped: __vi_import_5__.initializeYamlAgentSystem is not a function
02:00:23 [[32minfo[39m]  Agent routes initialized
02:00:23 [[32minfo[39m]  Save routes initialized
02:00:23 [[32minfo[39m]  Synced template from YAML to DB: cthulhu-investigation
02:00:23 [[32minfo[39m]  Synced template from YAML to DB: cyberpunk-mercenary
02:00:23 [[32minfo[39m]  Synced template from YAML to DB: medieval-fantasy
02:00:23 [[32minfo[39m]  Synced template from YAML to DB: modern-romance
02:00:23 [[32minfo[39m]  Synced template from YAML to DB: xianxia
02:00:23 [[32minfo[39m]  Synced 5 templates from YAML to database
02:00:23 [[32minfo[39m]  Cache refreshed with 5 templates
02:00:23 [[32minfo[39m]  TemplateService loaded {"cachedTemplates":5}
鉁?Template YAML loaded and synced to DB
02:00:23 [[32minfo[39m]  Template routes initialized
鉁?Test environment setup complete

[90mstdout[2m | src/routes/__tests__/dev.llm-metrics.test.ts[2m > [22m[2mDev routes LLM metrics[2m > [22m[2mGET /llm-metrics/summary 搴旇繑鍥炶仛鍚堢粨鏋?[22m[39m
02:00:23 [[32minfo[39m]  Dev routes initialized

[90mstdout[2m | src/agents/__tests__/compress-tool-result-error-extraction.test.ts[22m[39m
02:00:23 [[32minfo[39m]  Help registry loaded: 22 tools {"tools":["batch_query_service","challenge_service","... (22 items)"]}
02:00:23 [[32minfo[39m]  Creating GameMasterAgent (as AgentRuntime with isSubAgent=false)
02:00:23 [[32minfo[39m]  Handler subscribed {"eventType":"dialogue"}
02:00:23 [[32minfo[39m]  Handler subscribed {"eventType":"combat_end"}
02:00:23 [[32minfo[39m]  AwarenessAutoSubscriber subscribed to dialogue + combat_end events
02:00:23 [[32minfo[39m]  Agent initialized: gamemaster - GameMasterAgent
02:00:23 [[32minfo[39m] [AGENT-START] Agent gamemaster starting {"agent":"gamemaster","provider":null,"toolsConfigured":1,"maxIterations":200,"isSubAgent":false}
02:00:23 [[32minfo[39m]  Handler subscribed {"eventType":"chapter_advanced"}
02:00:23 [[32minfo[39m]  Creating AgentRuntime instances from default profile: fantasy_rpg
02:00:23 [[32minfo[39m]  Creating agents from profile: fantasy_rpg {"agentCount":10}
02:00:23 [[32minfo[39m]  Agent initialized: gamemaster - GameMasterAgent
02:00:23 [[32minfo[39m] [AGENT-START] Agent gamemaster starting {"agent":"gamemaster","provider":null,"toolsConfigured":1,"maxIterations":200,"isSubAgent":false}
02:00:23 [[32minfo[39m]  Created AgentRuntime: gamemaster {"profile":"fantasy_rpg","tools":["all"]}
02:00:23 [[32minfo[39m]  Agent initialized: map - MapAgent
02:00:23 [[32minfo[39m] [AGENT-START] Agent map starting {"agent":"map","provider":null,"toolsConfigured":7,"maxIterations":200,"isSubAgent":true}
02:00:23 [[32minfo[39m]  Created AgentRuntime: map {"profile":"fantasy_rpg","tools":["map_service","npc_service","... (7 items)"]}
02:00:23 [[32minfo[39m]  Agent initialized: challenge - ChallengeAgent
02:00:23 [[32minfo[39m] [AGENT-START] Agent challenge starting {"agent":"challenge","provider":null,"toolsConfigured":9,"maxIterations":200,"isSubAgent":true}
02:00:23 [[32minfo[39m]  Created AgentRuntime: challenge {"profile":"fantasy_rpg","tools":["challenge_service","numerical_service","... (9 items)"]}
02:00:23 [[32minfo[39m]  Agent initialized: output - OutputAgent
02:00:23 [[32minfo[39m] [AGENT-START] Agent output starting {"agent":"output","provider":null,"toolsConfigured":5,"maxIterations":200,"isSubAgent":true}
02:00:23 [[32minfo[39m]  Created AgentRuntime: output {"profile":"fantasy_rpg","tools":["dialogue_service","dynamic_ui","... (5 items)"]}
02:00:23 [[32minfo[39m]  Agent initialized: quest - QuestAgent
02:00:23 [[32minfo[39m] [AGENT-START] Agent quest starting {"agent":"quest","provider":null,"toolsConfigured":11,"maxIterations":200,"isSubAgent":true}
02:00:23 [[32minfo[39m]  Created AgentRuntime: quest {"profile":"fantasy_rpg","tools":["quest_service","numerical_service","... (11 items)"]}
02:00:23 [[32minfo[39m]  Agent initialized: npc_party - NPCPartyAgent
02:00:23 [[32minfo[39m] [AGENT-START] Agent npc_party starting {"agent":"npc_party","provider":null,"toolsConfigured":9,"maxIterations":200,"isSubAgent":true}
02:00:23 [[32minfo[39m]  Created AgentRuntime: npc_party {"profile":"fantasy_rpg","tools":["npc_service","entity_graph_service","... (9 items)"]}
02:00:23 [[32minfo[39m]  Agent initialized: inventory - InventoryAgent
02:00:23 [[32minfo[39m] [AGENT-START] Agent inventory starting {"agent":"inventory","provider":null,"toolsConfigured":8,"maxIterations":200,"isSubAgent":true}
02:00:23 [[32minfo[39m]  Created AgentRuntime: inventory {"profile":"fantasy_rpg","tools":["inventory_service","template_pool_service","... (8 items)"]}
02:00:23 [[32minfo[39m]  Agent initialized: skill - SkillAgent
02:00:23 [[32minfo[39m] [AGENT-START] Agent skill starting {"agent":"skill","provider":null,"toolsConfigured":7,"maxIterations":200,"isSubAgent":true}
02:00:23 [[32minfo[39m]  Created AgentRuntime: skill {"profile":"fantasy_rpg","tools":["skill_service","template_pool_service","... (7 items)"]}
02:00:23 [[32minfo[39m]  Agent initialized: event - EventAgent
02:00:23 [[32minfo[39m] [AGENT-START] Agent event starting {"agent":"event","provider":null,"toolsConfigured":5,"maxIterations":200,"isSubAgent":true}
02:00:23 [[32minfo[39m]  Created AgentRuntime: event {"profile":"fantasy_rpg","tools":["event_service","game_time_service","... (5 items)"]}
02:00:23 [[32minfo[39m]  Agent initialized: time - TimeAgent
02:00:23 [[32minfo[39m] [AGENT-START] Agent time starting {"agent":"time","provider":null,"toolsConfigured":4,"maxIterations":200,"isSubAgent":true}
02:00:23 [[32minfo[39m]  Created AgentRuntime: time {"profile":"fantasy_rpg","tools":["game_time_service","rule_service","... (4 items)"]}
02:00:23 [[32minfo[39m]  Permissions configured from agent.tools for profile: fantasy_rpg
02:00:23 [[32minfo[39m]  YAML permissions configured
02:00:23 [[32minfo[39m]  Registering AgentRuntime instances to GameMasterAgent...
02:00:23 [[32minfo[39m]  Registered AgentRuntime to Coordinator: gamemaster
02:00:23 [[32minfo[39m]  Registered AgentRuntime to Coordinator: map
02:00:23 [[32minfo[39m]  Registered AgentRuntime to Coordinator: challenge
02:00:23 [[32minfo[39m]  Registered AgentRuntime to Coordinator: output
02:00:23 [[32minfo[39m]  Registered AgentRuntime to Coordinator: quest
02:00:23 [[32minfo[39m]  Registered AgentRuntime to Coordinator: npc_party
02:00:23 [[32minfo[39m]  Registered AgentRuntime to Coordinator: inventory
02:00:23 [[32minfo[39m]  Registered AgentRuntime to Coordinator: skill
02:00:23 [[32minfo[39m]  Registered AgentRuntime to Coordinator: event
02:00:23 [[32minfo[39m]  Registered AgentRuntime to Coordinator: time
02:00:23 [[32minfo[39m]  GameDataExpander configured (manifest path enabled)
02:00:23 [[32minfo[39m]  DedupService configured (dispatch log persistence enabled)
02:00:23 [[32minfo[39m]  Agent system initialized: 10 AgentRuntime instances created
鉁?Agent system initialized with 10 agents
鈿狅笍 YAML Agent system skipped: __vi_import_5__.initializeYamlAgentSystem is not a function
02:00:23 [[32minfo[39m]  Agent routes initialized
02:00:23 [[32minfo[39m]  Save routes initialized
02:00:23 [[32minfo[39m]  Synced template from YAML to DB: cthulhu-investigation
02:00:23 [[32minfo[39m]  Synced template from YAML to DB: cyberpunk-mercenary
02:00:23 [[32minfo[39m]  Synced template from YAML to DB: medieval-fantasy
02:00:23 [[32minfo[39m]  Synced template from YAML to DB: modern-romance
02:00:23 [[32minfo[39m]  Synced template from YAML to DB: xianxia
02:00:23 [[32minfo[39m]  Synced 5 templates from YAML to database
02:00:23 [[32minfo[39m]  Cache refreshed with 5 templates
02:00:23 [[32minfo[39m]  TemplateService loaded {"cachedTemplates":5}
鉁?Template YAML loaded and synced to DB
02:00:23 [[32minfo[39m]  Template routes initialized
鉁?Test environment setup complete
鉁?Database connection closed

 [32m鉁?[39m src/agents/__tests__/compress-tool-result-error-extraction.test.ts [2m ([22m[2m6 tests[22m[2m)[22m[33m 674[2mms[22m[39m
[90mstdout[2m | src/agents/__tests__/prompt-option-contract.test.ts[22m[39m
02:00:23 [[32minfo[39m]  Help registry loaded: 22 tools {"tools":["batch_query_service","challenge_service","... (22 items)"]}
02:00:23 [[32minfo[39m]  Creating GameMasterAgent (as AgentRuntime with isSubAgent=false)
02:00:23 [[32minfo[39m]  Handler subscribed {"eventType":"dialogue"}
02:00:23 [[32minfo[39m]  Handler subscribed {"eventType":"combat_end"}
02:00:23 [[32minfo[39m]  AwarenessAutoSubscriber subscribed to dialogue + combat_end events
02:00:23 [[32minfo[39m]  Agent initialized: gamemaster - GameMasterAgent
02:00:23 [[32minfo[39m] [AGENT-START] Agent gamemaster starting {"agent":"gamemaster","provider":null,"toolsConfigured":1,"maxIterations":200,"isSubAgent":false}
02:00:23 [[32minfo[39m]  Handler subscribed {"eventType":"chapter_advanced"}
02:00:23 [[32minfo[39m]  Creating AgentRuntime instances from default profile: fantasy_rpg
02:00:23 [[32minfo[39m]  Creating agents from profile: fantasy_rpg {"agentCount":10}
02:00:23 [[32minfo[39m]  Agent initialized: gamemaster - GameMasterAgent
02:00:23 [[32minfo[39m] [AGENT-START] Agent gamemaster starting {"agent":"gamemaster","provider":null,"toolsConfigured":1,"maxIterations":200,"isSubAgent":false}
02:00:23 [[32minfo[39m]  Created AgentRuntime: gamemaster {"profile":"fantasy_rpg","tools":["all"]}
02:00:23 [[32minfo[39m]  Agent initialized: map - MapAgent
02:00:23 [[32minfo[39m] [AGENT-START] Agent map starting {"agent":"map","provider":null,"toolsConfigured":7,"maxIterations":200,"isSubAgent":true}
02:00:23 [[32minfo[39m]  Created AgentRuntime: map {"profile":"fantasy_rpg","tools":["map_service","npc_service","... (7 items)"]}
02:00:23 [[32minfo[39m]  Agent initialized: challenge - ChallengeAgent
02:00:23 [[32minfo[39m] [AGENT-START] Agent challenge starting {"agent":"challenge","provider":null,"toolsConfigured":9,"maxIterations":200,"isSubAgent":true}
02:00:23 [[32minfo[39m]  Created AgentRuntime: challenge {"profile":"fantasy_rpg","tools":["challenge_service","numerical_service","... (9 items)"]}
02:00:23 [[32minfo[39m]  Agent initialized: output - OutputAgent
02:00:23 [[32minfo[39m] [AGENT-START] Agent output starting {"agent":"output","provider":null,"toolsConfigured":5,"maxIterations":200,"isSubAgent":true}
02:00:23 [[32minfo[39m]  Created AgentRuntime: output {"profile":"fantasy_rpg","tools":["dialogue_service","dynamic_ui","... (5 items)"]}
02:00:23 [[32minfo[39m]  Agent initialized: quest - QuestAgent
02:00:23 [[32minfo[39m] [AGENT-START] Agent quest starting {"agent":"quest","provider":null,"toolsConfigured":11,"maxIterations":200,"isSubAgent":true}
02:00:23 [[32minfo[39m]  Created AgentRuntime: quest {"profile":"fantasy_rpg","tools":["quest_service","numerical_service","... (11 items)"]}
02:00:23 [[32minfo[39m]  Agent initialized: npc_party - NPCPartyAgent
02:00:23 [[32minfo[39m] [AGENT-START] Agent npc_party starting {"agent":"npc_party","provider":null,"toolsConfigured":9,"maxIterations":200,"isSubAgent":true}
02:00:23 [[32minfo[39m]  Created AgentRuntime: npc_party {"profile":"fantasy_rpg","tools":["npc_service","entity_graph_service","... (9 items)"]}
02:00:23 [[32minfo[39m]  Agent initialized: inventory - InventoryAgent
02:00:23 [[32minfo[39m] [AGENT-START] Agent inventory starting {"agent":"inventory","provider":null,"toolsConfigured":8,"maxIterations":200,"isSubAgent":true}
02:00:23 [[32minfo[39m]  Created AgentRuntime: inventory {"profile":"fantasy_rpg","tools":["inventory_service","template_pool_service","... (8 items)"]}
02:00:23 [[32minfo[39m]  Agent initialized: skill - SkillAgent
02:00:23 [[32minfo[39m] [AGENT-START] Agent skill starting {"agent":"skill","provider":null,"toolsConfigured":7,"maxIterations":200,"isSubAgent":true}
02:00:23 [[32minfo[39m]  Created AgentRuntime: skill {"profile":"fantasy_rpg","tools":["skill_service","template_pool_service","... (7 items)"]}
02:00:23 [[32minfo[39m]  Agent initialized: event - EventAgent
02:00:23 [[32minfo[39m] [AGENT-START] Agent event starting {"agent":"event","provider":null,"toolsConfigured":5,"maxIterations":200,"isSubAgent":true}
02:00:23 [[32minfo[39m]  Created AgentRuntime: event {"profile":"fantasy_rpg","tools":["event_service","game_time_service","... (5 items)"]}
02:00:23 [[32minfo[39m]  Agent initialized: time - TimeAgent
02:00:23 [[32minfo[39m] [AGENT-START] Agent time starting {"agent":"time","provider":null,"toolsConfigured":4,"maxIterations":200,"isSubAgent":true}
02:00:23 [[32minfo[39m]  Created AgentRuntime: time {"profile":"fantasy_rpg","tools":["game_time_service","rule_service","... (4 items)"]}
02:00:23 [[32minfo[39m]  Permissions configured from agent.tools for profile: fantasy_rpg
02:00:23 [[32minfo[39m]  YAML permissions configured
02:00:23 [[32minfo[39m]  Registering AgentRuntime instances to GameMasterAgent...
02:00:23 [[32minfo[39m]  Registered AgentRuntime to Coordinator: gamemaster
02:00:23 [[32minfo[39m]  Registered AgentRuntime to Coordinator: map
02:00:23 [[32minfo[39m]  Registered AgentRuntime to Coordinator: challenge
02:00:23 [[32minfo[39m]  Registered AgentRuntime to Coordinator: output
02:00:23 [[32minfo[39m]  Registered AgentRuntime to Coordinator: quest
02:00:23 [[32minfo[39m]  Registered AgentRuntime to Coordinator: npc_party
02:00:23 [[32minfo[39m]  Registered AgentRuntime to Coordinator: inventory
02:00:23 [[32minfo[39m]  Registered AgentRuntime to Coordinator: skill
02:00:23 [[32minfo[39m]  Registered AgentRuntime to Coordinator: event
02:00:23 [[32minfo[39m]  Registered AgentRuntime to Coordinator: time
02:00:23 [[32minfo[39m]  GameDataExpander configured (manifest path enabled)
02:00:23 [[32minfo[39m]  DedupService configured (dispatch log persistence enabled)
02:00:23 [[32minfo[39m]  Agent system initialized: 10 AgentRuntime instances created
鉁?Agent system initialized with 10 agents
鈿狅笍 YAML Agent system skipped: __vi_import_5__.initializeYamlAgentSystem is not a function
02:00:23 [[32minfo[39m]  Agent routes initialized
02:00:23 [[32minfo[39m]  Save routes initialized
02:00:23 [[32minfo[39m]  Synced template from YAML to DB: cthulhu-investigation
02:00:23 [[32minfo[39m]  Synced template from YAML to DB: cyberpunk-mercenary
02:00:23 [[32minfo[39m]  Synced template from YAML to DB: medieval-fantasy
02:00:23 [[32minfo[39m]  Synced template from YAML to DB: modern-romance
02:00:23 [[32minfo[39m]  Synced template from YAML to DB: xianxia
02:00:23 [[32minfo[39m]  Synced 5 templates from YAML to database
02:00:23 [[32minfo[39m]  Cache refreshed with 5 templates
02:00:23 [[32minfo[39m]  TemplateService loaded {"cachedTemplates":5}
鉁?Template YAML loaded and synced to DB
02:00:23 [[32minfo[39m]  Template routes initialized
鉁?Test environment setup complete
鉁?Database connection closed

 [32m鉁?[39m src/agents/__tests__/prompt-option-contract.test.ts [2m ([22m[2m6 tests[22m[2m)[22m[33m 683[2mms[22m[39m
[90mstdout[2m | src/routes/__tests__/dev.llm-metrics.test.ts[2m > [22m[2mDev routes LLM metrics[2m > [22m[2mGET /llm-metrics/recent 搴旀牎楠岄潪娉?timeRange[22m[39m
02:00:23 [[32minfo[39m]  Dev routes initialized

[90mstdout[2m | src/agents/tools/__tests__/skill-service.test.ts[22m[39m
02:00:23 [[32minfo[39m]  Help registry loaded: 22 tools {"tools":["batch_query_service","challenge_service","... (22 items)"]}
02:00:23 [[32minfo[39m]  Creating GameMasterAgent (as AgentRuntime with isSubAgent=false)
02:00:23 [[32minfo[39m]  Handler subscribed {"eventType":"dialogue"}
02:00:23 [[32minfo[39m]  Handler subscribed {"eventType":"combat_end"}
02:00:23 [[32minfo[39m]  AwarenessAutoSubscriber subscribed to dialogue + combat_end events
02:00:23 [[32minfo[39m]  Agent initialized: gamemaster - GameMasterAgent
02:00:23 [[32minfo[39m] [AGENT-START] Agent gamemaster starting {"agent":"gamemaster","provider":null,"toolsConfigured":1,"maxIterations":200,"isSubAgent":false}
02:00:23 [[32minfo[39m]  Handler subscribed {"eventType":"chapter_advanced"}
02:00:23 [[32minfo[39m]  Creating AgentRuntime instances from default profile: fantasy_rpg
02:00:23 [[32minfo[39m]  Creating agents from profile: fantasy_rpg {"agentCount":10}
02:00:23 [[32minfo[39m]  Agent initialized: gamemaster - GameMasterAgent
02:00:23 [[32minfo[39m] [AGENT-START] Agent gamemaster starting {"agent":"gamemaster","provider":null,"toolsConfigured":1,"maxIterations":200,"isSubAgent":false}
02:00:23 [[32minfo[39m]  Created AgentRuntime: gamemaster {"profile":"fantasy_rpg","tools":["all"]}
02:00:23 [[32minfo[39m]  Agent initialized: map - MapAgent
02:00:23 [[32minfo[39m] [AGENT-START] Agent map starting {"agent":"map","provider":null,"toolsConfigured":7,"maxIterations":200,"isSubAgent":true}
02:00:23 [[32minfo[39m]  Created AgentRuntime: map {"profile":"fantasy_rpg","tools":["map_service","npc_service","... (7 items)"]}
02:00:23 [[32minfo[39m]  Agent initialized: challenge - ChallengeAgent
02:00:23 [[32minfo[39m] [AGENT-START] Agent challenge starting {"agent":"challenge","provider":null,"toolsConfigured":9,"maxIterations":200,"isSubAgent":true}
02:00:23 [[32minfo[39m]  Created AgentRuntime: challenge {"profile":"fantasy_rpg","tools":["challenge_service","numerical_service","... (9 items)"]}
02:00:23 [[32minfo[39m]  Agent initialized: output - OutputAgent
02:00:23 [[32minfo[39m] [AGENT-START] Agent output starting {"agent":"output","provider":null,"toolsConfigured":5,"maxIterations":200,"isSubAgent":true}
02:00:23 [[32minfo[39m]  Created AgentRuntime: output {"profile":"fantasy_rpg","tools":["dialogue_service","dynamic_ui","... (5 items)"]}
02:00:23 [[32minfo[39m]  Agent initialized: quest - QuestAgent
02:00:23 [[32minfo[39m] [AGENT-START] Agent quest starting {"agent":"quest","provider":null,"toolsConfigured":11,"maxIterations":200,"isSubAgent":true}
02:00:23 [[32minfo[39m]  Created AgentRuntime: quest {"profile":"fantasy_rpg","tools":["quest_service","numerical_service","... (11 items)"]}
02:00:23 [[32minfo[39m]  Agent initialized: npc_party - NPCPartyAgent
02:00:23 [[32minfo[39m] [AGENT-START] Agent npc_party starting {"agent":"npc_party","provider":null,"toolsConfigured":9,"maxIterations":200,"isSubAgent":true}
02:00:23 [[32minfo[39m]  Created AgentRuntime: npc_party {"profile":"fantasy_rpg","tools":["npc_service","entity_graph_service","... (9 items)"]}
02:00:23 [[32minfo[39m]  Agent initialized: inventory - InventoryAgent
02:00:23 [[32minfo[39m] [AGENT-START] Agent inventory starting {"agent":"inventory","provider":null,"toolsConfigured":8,"maxIterations":200,"isSubAgent":true}
02:00:23 [[32minfo[39m]  Created AgentRuntime: inventory {"profile":"fantasy_rpg","tools":["inventory_service","template_pool_service","... (8 items)"]}
02:00:23 [[32minfo[39m]  Agent initialized: skill - SkillAgent
02:00:23 [[32minfo[39m] [AGENT-START] Agent skill starting {"agent":"skill","provider":null,"toolsConfigured":7,"maxIterations":200,"isSubAgent":true}
02:00:23 [[32minfo[39m]  Created AgentRuntime: skill {"profile":"fantasy_rpg","tools":["skill_service","template_pool_service","... (7 items)"]}
02:00:23 [[32minfo[39m]  Agent initialized: event - EventAgent
02:00:23 [[32minfo[39m] [AGENT-START] Agent event starting {"agent":"event","provider":null,"toolsConfigured":5,"maxIterations":200,"isSubAgent":true}
02:00:23 [[32minfo[39m]  Created AgentRuntime: event {"profile":"fantasy_rpg","tools":["event_service","game_time_service","... (5 items)"]}
02:00:23 [[32minfo[39m]  Agent initialized: time - TimeAgent
02:00:23 [[32minfo[39m] [AGENT-START] Agent time starting {"agent":"time","provider":null,"toolsConfigured":4,"maxIterations":200,"isSubAgent":true}
02:00:23 [[32minfo[39m]  Created AgentRuntime: time {"profile":"fantasy_rpg","tools":["game_time_service","rule_service","... (4 items)"]}
02:00:23 [[32minfo[39m]  Permissions configured from agent.tools for profile: fantasy_rpg
02:00:23 [[32minfo[39m]  YAML permissions configured
02:00:23 [[32minfo[39m]  Registering AgentRuntime instances to GameMasterAgent...
02:00:23 [[32minfo[39m]  Registered AgentRuntime to Coordinator: gamemaster
02:00:23 [[32minfo[39m]  Registered AgentRuntime to Coordinator: map
02:00:23 [[32minfo[39m]  Registered AgentRuntime to Coordinator: challenge
02:00:23 [[32minfo[39m]  Registered AgentRuntime to Coordinator: output
02:00:23 [[32minfo[39m]  Registered AgentRuntime to Coordinator: quest
02:00:23 [[32minfo[39m]  Registered AgentRuntime to Coordinator: npc_party
02:00:23 [[32minfo[39m]  Registered AgentRuntime to Coordinator: inventory
02:00:23 [[32minfo[39m]  Registered AgentRuntime to Coordinator: skill
02:00:23 [[32minfo[39m]  Registered AgentRuntime to Coordinator: event
02:00:23 [[32minfo[39m]  Registered AgentRuntime to Coordinator: time
02:00:23 [[32minfo[39m]  GameDataExpander configured (manifest path enabled)
02:00:23 [[32minfo[39m]  DedupService configured (dispatch log persistence enabled)
02:00:23 [[32minfo[39m]  Agent system initialized: 10 AgentRuntime instances created
鉁?Agent system initialized with 10 agents
鈿狅笍 YAML Agent system skipped: __vi_import_5__.initializeYamlAgentSystem is not a function
02:00:23 [[32minfo[39m]  Agent routes initialized
02:00:23 [[32minfo[39m]  Save routes initialized
02:00:23 [[32minfo[39m]  Synced template from YAML to DB: cthulhu-investigation
02:00:23 [[32minfo[39m]  Synced template from YAML to DB: cyberpunk-mercenary
02:00:23 [[32minfo[39m]  Synced template from YAML to DB: medieval-fantasy
02:00:23 [[32minfo[39m]  Synced template from YAML to DB: modern-romance
02:00:23 [[32minfo[39m]  Synced template from YAML to DB: xianxia
02:00:23 [[32minfo[39m]  Synced 5 templates from YAML to database
02:00:23 [[32minfo[39m]  Cache refreshed with 5 templates
02:00:23 [[32minfo[39m]  TemplateService loaded {"cachedTemplates":5}
鉁?Template YAML loaded and synced to DB
02:00:23 [[32minfo[39m]  Template routes initialized
鉁?Test environment setup complete
鉁?Database connection closed

 [32m鉁?[39m src/agents/tools/__tests__/skill-service.test.ts [2m ([22m[2m1 test[22m[2m)[22m[33m 687[2mms[22m[39m
[90mstdout[2m | src/routes/__tests__/dev.llm-metrics.test.ts[2m > [22m[2mDev routes LLM metrics[2m > [22m[2mGET /llm-metrics/recent 搴旀牎楠岄潪娉?timeRange[22m[39m
02:00:23 [[31merror[39m]  Error occurred: [
  {
    "code": "invalid_value",
    "values": [
      "1h",
      "6h",
      "24h",
      "7d"
    ],
    "path": [
      "timeRange"
    ],
    "message": "Invalid option: expected one of \"1h\"|\"6h\"|\"24h\"|\"7d\""
  }
] {"name":"ZodError"}

[90mstdout[2m | src/routes/__tests__/dev.llm-metrics.test.ts[22m[39m
鉁?Database connection closed

 [32m鉁?[39m src/routes/__tests__/dev.llm-metrics.test.ts [2m ([22m[2m2 tests[22m[2m)[22m[33m 697[2mms[22m[39m
[90mstdout[2m | tests/agent-system/lifecycle.test.ts[2m > [22m[2mAgent Lifecycle and State Management[2m > [22m[2mAgent Status Management[2m > [22m[2mshould return agent status to idle after processing a direct message[22m[39m
02:00:26 [[31merror[39m]  LLM API call failed {"provider":"openai","model":"openrouter/free","method":"chat","error":"429 Rate limit exceeded: free-models-per-day. Add 10 credits to unlock 1000 free model requests per day"}
02:00:26 [[33mwarn[39m]  Chat attempt 3/3 failed {"error":"openai chat: Rate limit exceeded: 429 Rate limit exceeded: free-models-per-day. Add 10 credits to unlock 1000 free model requests per day","provider":"5f23448c-47dc-4128-8ccc-fa16f9550481","model":"openrouter/free","category":"rate_limit","retryable":true,"shouldRetry":false,"delayMs":0}
02:00:26 [[31merror[39m]  ReAct loop execution failed, entering recovery {"agent":"output","saveId":"","failureStage":"subagent-react-loop","attempts":0,"error":"Rate limit exceeded: openai chat: Rate limit exceeded: 429 Rate limit exceeded: free-models-per-day. Add 10 credits to unlock 1000 free model requests per day"}
02:00:27 [[34mdebug[39m]  Agent status changed: output -> idle
02:00:27 [[32minfo[39m]  Direct message processed {"targetAgent":"output","success":true,"processingTime":36552}
02:00:27 [[32minfo[39m]  [TRACE-8611512c-f36b-4785-b952-24abf329b942] [RESPONSE] 200 {"success":true,"data":{"success":true,"data":{"content":{"message":""},"data":{"taskStatus":{"completed":false,"summary":"浠诲姟鎵ц瀹屾垚","needsFollowUp":false},"actions":[],"results":{"created":[],"updated"... [truncated, total 1091 chars]
02:00:27 [[32minfo[39m]  POST /message 200 36557ms 8611512c {"method":"POST","url":"/message","status":200,"duration":"36557ms"}
02:00:27 [[32minfo[39m]  [TRACE-8611512c-f36b-4785-b952-24abf329b942] [DURATION] 36557ms

[90mstdout[2m | tests/agent-system/lifecycle.test.ts[2m > [22m[2mAgent Lifecycle and State Management[2m > [22m[2mAgent Status Management[2m > [22m[2mshould return agent status to idle after processing a direct message[22m[39m
02:00:27 [[32minfo[39m]  [TRACE-d890f3fd-5ba5-4855-a307-a94622d6bbd5] [REQUEST] GET /api/v1/agent/agents
02:00:27 [[32minfo[39m]  Fetching registered agents
02:00:27 [[32minfo[39m]  Agents retrieved {"count":10}
02:00:27 [[32minfo[39m]  [TRACE-d890f3fd-5ba5-4855-a307-a94622d6bbd5] [RESPONSE] 200 {"success":true,"data":{"agents":[{"type":"gamemaster","name":"GameMasterAgent","status":"active","systemPrompt":"# GameMaster Agent\n\n浣犳槸娓告垙涓绘寔浜猴紙GameMaster锛夛紝AI-generated Games鐨勬牳蹇冦€備綘璐熻矗鐞嗚В鐜╁鎰忓浘骞跺崗璋冩父鎴忎笘鐣屽搷搴斻€備綘璐熻矗... [truncated, total 1989 chars]
02:00:27 [[32minfo[39m]  GET /agents 200 2ms d890f3fd {"method":"GET","url":"/agents","status":200,"duration":"2ms"}
02:00:27 [[32minfo[39m]  [TRACE-d890f3fd-5ba5-4855-a307-a94622d6bbd5] [DURATION] 1ms

[90mstdout[2m | tests/agent-system/lifecycle.test.ts[2m > [22m[2mAgent Lifecycle and State Management[2m > [22m[2mAgent Context Management[2m > [22m[2mshould create a save for context testing[22m[39m
02:00:27 [[32minfo[39m]  Save created {"saveId":"save_Context_Test_Save_1785002427019_0","name":"Context Test Save","restrictionType":"free"}
02:00:27 [[32minfo[39m]  POST / 201 4ms cbeaf880 {"method":"POST","url":"/","status":201,"duration":"4ms"}

[90mstdout[2m | tests/agent-system/lifecycle.test.ts[2m > [22m[2mAgent Lifecycle and State Management[2m > [22m[2mAgent Context Management[2m > [22m[2mshould persist agent context per saveId after interaction[22m[39m
02:00:27 [[32minfo[39m]  [TRACE-1243a229-736c-41ce-925d-0d7f2a163f66] [REQUEST] POST /api/v1/agent/message
02:00:27 [[32minfo[39m]  Received direct message request {"targetAgent":"output","messageLength":23,"saveId":"save_Context_Test_Save_1785002427019_0"}
02:00:27 [[33mwarn[39m]  broadcastToClient: clientId is empty, event dropped 48892e09 {"eventType":"agent_progress"}
02:00:27 [[34mdebug[39m]  Agent status changed: output -> processing
02:00:27 [[32minfo[39m]  Context loaded from DB for agent: output {"saveId":"save_Context_Test_Save_1785002427019_0","messageCount":0}
02:00:27 [[33mwarn[39m]  dev:runtime_snapshot: no client for saveId {"saveId":"save_Context_Test_Save_1785002427019_0"}
02:00:27 [[34mdebug[39m] [REACT-ITER] ReAct iteration 1/200 iter=1 48892e09 {"agent":"output","currentIteration":1,"maxIterations":200,"cumulativeMessages":2}
02:00:27 [[33mwarn[39m]  broadcastToClient: clientId is empty, event dropped 48892e09 {"eventType":"agent_progress"}
02:00:27 [[32minfo[39m] [LLM-INPUT] LLM input for output, iteration 1 (full context) iter=1 48892e09 {"agent":"output","model":"openrouter/free","provider":"5f23448c-47dc-4128-8ccc-fa16f9550481","cumulativeMessages":2,"toolsCount":9,"messages":[{"role":"system","content":"浣犳槸杈撳嚭Agent锛圠ayer 3锛夛紝璐熻矗AI-generated Games涓殑瀵硅瘽鍙欎簨鐢熸垚鍜孶I鎸囦护鐢熸垚銆俓n\n## 瑙掕壊瀹氫箟\n浣犳槸灞曠ず灞傜殑鏍稿績Agent锛岃礋璐ｄ袱椤圭嫭绔嬩换鍔★細\n- **瀵硅瘽鍙欎簨**锛氬皢Domain Agent鐨勬暟鎹暣鍚堟鼎鑹蹭负鐢熷姩鐨勫璇濆彊浜嬶紝鐢熸垚澶歂PC瀵硅瘽鍐呭銆佹梺鐧芥弿杩板拰瀵硅瘽閫夐」锛岄€氳繃 `dialogue_service.submit_dialogue` 鎻愪氦\n- **UI鎸囦护*... (11282 chars)"},{"role":"user","content":"[鐜╁鎿嶄綔: direct_message]"}],"tools":[{"name":"game_time_service__get_current_time","description":"鑾峰彇褰撳墠娓告垙鏃堕棿 鑾峰彇褰撳墠娓告垙鏃堕棿璇︽儏","parameters":{}},{"name":"game_time_service__get_period_of_day","description":"鑾峰彇褰撳墠鏃堕棿娈?鑾峰彇褰撳墠鏃堕棿娈碉紙榛庢槑/涓婂崍/涓崍/涓嬪崍/鍌嶆櫄/澶滄櫄/鍗堝锛?,"parameters":{}},"... (9 items)"],"temperature":0.85,"maxTokens":8192,"responseFormat":{"type":"json_object"}}
02:00:27 [[32minfo[39m] [LLM-REQUEST] Provider request to openai/openrouter/free, 2 messages 48892e09 {"provider":"openai","model":"openrouter/free","messageCount":2,"toolsCount":9,"temperature":0.85,"maxTokens":16384}

[90mstdout[2m | tests/agent-system/scheduling.test.ts[2m > [22m[2mAgent Scheduling System[2m > [22m[2mDirect Agent Messaging[2m > [22m[2mshould process valid direct message to output agent[22m[39m
02:00:28 [[31merror[39m]  LLM API call failed {"provider":"openai","model":"openrouter/free","method":"chat","error":"429 Rate limit exceeded: free-models-per-day. Add 10 credits to unlock 1000 free model requests per day"}
02:00:28 [[33mwarn[39m]  Chat attempt 3/3 failed {"error":"openai chat: Rate limit exceeded: 429 Rate limit exceeded: free-models-per-day. Add 10 credits to unlock 1000 free model requests per day","provider":"e6890397-e2a2-4e66-82b0-162c76b51777","model":"openrouter/free","category":"rate_limit","retryable":true,"shouldRetry":false,"delayMs":0}
02:00:28 [[31merror[39m]  ReAct loop execution failed, entering recovery {"agent":"output","saveId":"","failureStage":"subagent-react-loop","attempts":0,"error":"Rate limit exceeded: openai chat: Rate limit exceeded: 429 Rate limit exceeded: free-models-per-day. Add 10 credits to unlock 1000 free model requests per day"}
02:00:28 [[34mdebug[39m]  Agent status changed: output -> idle
02:00:28 [[32minfo[39m]  Direct message processed {"targetAgent":"output","success":true,"processingTime":36093}
02:00:28 [[32minfo[39m]  [TRACE-37e14fe1-d538-4110-9ad0-f0786124cdd0] [RESPONSE] 200 {"success":true,"data":{"success":true,"data":{"content":{"message":""},"data":{"taskStatus":{"completed":false,"summary":"浠诲姟鎵ц瀹屾垚","needsFollowUp":false},"actions":[],"results":{"created":[],"updated"... [truncated, total 1078 chars]
02:00:28 [[32minfo[39m]  POST /message 200 36103ms 37e14fe1 {"method":"POST","url":"/message","status":200,"duration":"36103ms"}
02:00:28 [[32minfo[39m]  [TRACE-37e14fe1-d538-4110-9ad0-f0786124cdd0] [DURATION] 36103ms

[90mstdout[2m | tests/agent-system/scheduling.test.ts[2m > [22m[2mAgent Scheduling System[2m > [22m[2mDirect Agent Messaging[2m > [22m[2mshould process valid direct message to challenge agent[22m[39m
02:00:28 [[32minfo[39m]  [TRACE-a6cc1849-8b5f-4dfd-92f0-10ad60418d4c] [REQUEST] POST /api/v1/agent/message
02:00:28 [[32minfo[39m]  Received direct message request {"targetAgent":"challenge","messageLength":13}
02:00:28 [[33mwarn[39m]  broadcastToClient: clientId is empty, event dropped 7089e582 {"eventType":"agent_progress"}
02:00:28 [[34mdebug[39m]  Agent status changed: challenge -> processing

[90mstdout[2m | tests/agent-system/scheduling.test.ts[2m > [22m[2mAgent Scheduling System[2m > [22m[2mDirect Agent Messaging[2m > [22m[2mshould process valid direct message to challenge agent[22m[39m
02:00:28 [[33mwarn[39m]  dev:runtime_snapshot: no client for saveId {"saveId":"unknown-session"}
02:00:28 [[34mdebug[39m] [REACT-ITER] ReAct iteration 1/200 iter=1 7089e582 {"agent":"challenge","currentIteration":1,"maxIterations":200,"cumulativeMessages":2}
02:00:28 [[33mwarn[39m]  broadcastToClient: clientId is empty, event dropped 7089e582 {"eventType":"agent_progress"}
02:00:28 [[32minfo[39m] [LLM-INPUT] LLM input for challenge, iteration 1 (full context) iter=1 7089e582 {"agent":"challenge","model":"openrouter/free","provider":"e6890397-e2a2-4e66-82b0-162c76b51777","cumulativeMessages":2,"toolsCount":142,"messages":[{"role":"system","content":"浣犳槸涓€涓垬鏂楃郴缁烝gent锛岃礋璐I-generated Games涓殑鎴樻枟娴佺▼绠＄悊銆俓r\n\r\n## 瑙掕壊瀹氫箟\r\n浣犳槸鎴樻枟绯荤粺鐨勬牳蹇冿紝璐熻矗锛歕r\n- 绠＄悊鎴樻枟娴佺▼锛堝洖鍚堝埗锛塡r\n- 璁＄畻浼ゅ鍜屾不鐤楁晥鏋淺r\n- 澶勭悊鎶€鑳戒娇鐢ㄥ拰鐗╁搧浣跨敤\r\n- 鍒ゅ畾鎴樻枟鑳滆礋\r\n\r\n## 杈撳嚭瑙勮寖\r\n- 浣跨敤涓枃鍥炲\r\n- 鎴樻枟鎻忚堪瑕佺揣寮犲埡婵€\r\n- 鏁板€艰绠楄鍑嗙‘\r\n\r\n## 杈撳嚭鏍煎紡绾︽潫\r\n- 浣犵殑鏈€缁堝洖澶嶅繀椤绘槸绾疛SON瀵硅薄... (3946 chars)"},{"role":"user","content":"[鐜╁鎿嶄綔: direct_message]"}],"tools":[{"name":"game_time_service__advance_time","description":"鎺ㄨ繘娓告垙鏃堕棿 鏍规嵁琛屽姩绫诲瀷鎺ㄨ繘娓告垙鏃堕棿","parameters":{"actionType":{"type":"string","required":true,"description":"琛屽姩绫诲瀷: dialogue/move/explore/combat/trade/rest/use_item/quest_complete/save/status/cast_skill/quest_accept"},"distance":{"type":"number","required":false,"description":"绉诲姩璺濈(浠卪ove鏃堕渶瑕?"},"restHours":{"type":"number","required":false,"description":"浼戞伅灏忔椂鏁?浠卹est鏃堕渶瑕?"}}},{"name":"game_time_service__get_current_time","description":"鑾峰彇褰撳墠娓告垙鏃堕棿 鑾峰彇褰撳墠娓告垙鏃堕棿璇︽儏","parameters":{}},"... (142 items)"],"temperature":0.6,"maxTokens":8192,"responseFormat":{"type":"json_object"}}
02:00:28 [[32minfo[39m] [LLM-REQUEST] Provider request to openai/openrouter/free, 2 messages 7089e582 {"provider":"openai","model":"openrouter/free","messageCount":2,"toolsCount":142,"temperature":0.6,"maxTokens":16384}

[90mstdout[2m | tests/agent-system/lifecycle.test.ts[2m > [22m[2mAgent Lifecycle and State Management[2m > [22m[2mAgent Context Management[2m > [22m[2mshould persist agent context per saveId after interaction[22m[39m
02:00:32 [[31merror[39m]  LLM API call failed {"provider":"openai","model":"openrouter/free","method":"chat","error":"429 Rate limit exceeded: free-models-per-day. Add 10 credits to unlock 1000 free model requests per day"}
02:00:32 [[33mwarn[39m]  Chat attempt 1/3 failed {"error":"openai chat: Rate limit exceeded: 429 Rate limit exceeded: free-models-per-day. Add 10 credits to unlock 1000 free model requests per day","provider":"5f23448c-47dc-4128-8ccc-fa16f9550481","model":"openrouter/free","category":"rate_limit","retryable":true,"shouldRetry":true,"delayMs":5098.322525092069}
02:00:32 [[33mwarn[39m]  API key failure reported, switching to next key {"providerId":"5f23448c-47dc-4128-8ccc-fa16f9550481","failedKeyIndex":0,"error":"openai chat: Rate limit exceeded: 429 Rate limit exceeded: free-models-per-day. Add 10 credits to unlock 1000 free model requests per day"}
02:00:32 [[32minfo[39m]  Waiting 5098ms before retry {"attempt":1,"category":"rate_limit","provider":"5f23448c-47dc-4128-8ccc-fa16f9550481","model":"openrouter/free"}

[90mstdout[2m | tests/agent-system/scheduling.test.ts[2m > [22m[2mAgent Scheduling System[2m > [22m[2mDirect Agent Messaging[2m > [22m[2mshould process valid direct message to challenge agent[22m[39m
02:00:33 [[31merror[39m]  LLM API call failed {"provider":"openai","model":"openrouter/free","method":"chat","error":"429 Rate limit exceeded: free-models-per-day. Add 10 credits to unlock 1000 free model requests per day"}
02:00:33 [[33mwarn[39m]  Chat attempt 1/3 failed {"error":"openai chat: Rate limit exceeded: 429 Rate limit exceeded: free-models-per-day. Add 10 credits to unlock 1000 free model requests per day","provider":"e6890397-e2a2-4e66-82b0-162c76b51777","model":"openrouter/free","category":"rate_limit","retryable":true,"shouldRetry":true,"delayMs":5040.376902965974}
02:00:33 [[33mwarn[39m]  API key failure reported, switching to next key {"providerId":"e6890397-e2a2-4e66-82b0-162c76b51777","failedKeyIndex":0,"error":"openai chat: Rate limit exceeded: 429 Rate limit exceeded: free-models-per-day. Add 10 credits to unlock 1000 free model requests per day"}
02:00:33 [[32minfo[39m]  Waiting 5040ms before retry {"attempt":1,"category":"rate_limit","provider":"e6890397-e2a2-4e66-82b0-162c76b51777","model":"openrouter/free"}

[90mstdout[2m | tests/agent-system/lifecycle.test.ts[2m > [22m[2mAgent Lifecycle and State Management[2m > [22m[2mAgent Context Management[2m > [22m[2mshould persist agent context per saveId after interaction[22m[39m
02:00:37 [[32minfo[39m] [LLM-INPUT] LLM input for output, iteration 1 (full context) iter=1 48892e09 {"agent":"output","model":"openrouter/free","provider":"5f23448c-47dc-4128-8ccc-fa16f9550481","cumulativeMessages":2,"toolsCount":9,"messages":[{"role":"system","content":"浣犳槸杈撳嚭Agent锛圠ayer 3锛夛紝璐熻矗AI-generated Games涓殑瀵硅瘽鍙欎簨鐢熸垚鍜孶I鎸囦护鐢熸垚銆俓n\n## 瑙掕壊瀹氫箟\n浣犳槸灞曠ず灞傜殑鏍稿績Agent锛岃礋璐ｄ袱椤圭嫭绔嬩换鍔★細\n- **瀵硅瘽鍙欎簨**锛氬皢Domain Agent鐨勬暟鎹暣鍚堟鼎鑹蹭负鐢熷姩鐨勫璇濆彊浜嬶紝鐢熸垚澶歂PC瀵硅瘽鍐呭銆佹梺鐧芥弿杩板拰瀵硅瘽閫夐」锛岄€氳繃 `dialogue_service.submit_dialogue` 鎻愪氦\n- **UI鎸囦护*... (11282 chars)"},{"role":"user","content":"[鐜╁鎿嶄綔: direct_message]"}],"tools":[{"name":"game_time_service__get_current_time","description":"鑾峰彇褰撳墠娓告垙鏃堕棿 鑾峰彇褰撳墠娓告垙鏃堕棿璇︽儏","parameters":{}},{"name":"game_time_service__get_period_of_day","description":"鑾峰彇褰撳墠鏃堕棿娈?鑾峰彇褰撳墠鏃堕棿娈碉紙榛庢槑/涓婂崍/涓崍/涓嬪崍/鍌嶆櫄/澶滄櫄/鍗堝锛?,"parameters":{}},"... (9 items)"],"temperature":0.85,"maxTokens":8192,"responseFormat":{"type":"json_object"}}
02:00:37 [[32minfo[39m] [LLM-REQUEST] Provider request to openai/openrouter/free, 2 messages 48892e09 {"provider":"openai","model":"openrouter/free","messageCount":2,"toolsCount":9,"temperature":0.85,"maxTokens":16384}

[90mstdout[2m | tests/agent-system/scheduling.test.ts[2m > [22m[2mAgent Scheduling System[2m > [22m[2mDirect Agent Messaging[2m > [22m[2mshould process valid direct message to challenge agent[22m[39m
02:00:38 [[32minfo[39m] [LLM-INPUT] LLM input for challenge, iteration 1 (full context) iter=1 7089e582 {"agent":"challenge","model":"openrouter/free","provider":"e6890397-e2a2-4e66-82b0-162c76b51777","cumulativeMessages":2,"toolsCount":142,"messages":[{"role":"system","content":"浣犳槸涓€涓垬鏂楃郴缁烝gent锛岃礋璐I-generated Games涓殑鎴樻枟娴佺▼绠＄悊銆俓r\n\r\n## 瑙掕壊瀹氫箟\r\n浣犳槸鎴樻枟绯荤粺鐨勬牳蹇冿紝璐熻矗锛歕r\n- 绠＄悊鎴樻枟娴佺▼锛堝洖鍚堝埗锛塡r\n- 璁＄畻浼ゅ鍜屾不鐤楁晥鏋淺r\n- 澶勭悊鎶€鑳戒娇鐢ㄥ拰鐗╁搧浣跨敤\r\n- 鍒ゅ畾鎴樻枟鑳滆礋\r\n\r\n## 杈撳嚭瑙勮寖\r\n- 浣跨敤涓枃鍥炲\r\n- 鎴樻枟鎻忚堪瑕佺揣寮犲埡婵€\r\n- 鏁板€艰绠楄鍑嗙‘\r\n\r\n## 杈撳嚭鏍煎紡绾︽潫\r\n- 浣犵殑鏈€缁堝洖澶嶅繀椤绘槸绾疛SON瀵硅薄... (3946 chars)"},{"role":"user","content":"[鐜╁鎿嶄綔: direct_message]"}],"tools":[{"name":"game_time_service__advance_time","description":"鎺ㄨ繘娓告垙鏃堕棿 鏍规嵁琛屽姩绫诲瀷鎺ㄨ繘娓告垙鏃堕棿","parameters":{"actionType":{"type":"string","required":true,"description":"琛屽姩绫诲瀷: dialogue/move/explore/combat/trade/rest/use_item/quest_complete/save/status/cast_skill/quest_accept"},"distance":{"type":"number","required":false,"description":"绉诲姩璺濈(浠卪ove鏃堕渶瑕?"},"restHours":{"type":"number","required":false,"description":"浼戞伅灏忔椂鏁?浠卹est鏃堕渶瑕?"}}},{"name":"game_time_service__get_current_time","description":"鑾峰彇褰撳墠娓告垙鏃堕棿 鑾峰彇褰撳墠娓告垙鏃堕棿璇︽儏","parameters":{}},"... (142 items)"],"temperature":0.6,"maxTokens":8192,"responseFormat":{"type":"json_object"}}
02:00:38 [[32minfo[39m] [LLM-REQUEST] Provider request to openai/openrouter/free, 2 messages 7089e582 {"provider":"openai","model":"openrouter/free","messageCount":2,"toolsCount":142,"temperature":0.6,"maxTokens":16384}

[90mstdout[2m | tests/agent-system/lifecycle.test.ts[2m > [22m[2mAgent Lifecycle and State Management[2m > [22m[2mAgent Context Management[2m > [22m[2mshould persist agent context per saveId after interaction[22m[39m
02:00:42 [[31merror[39m]  LLM API call failed {"provider":"openai","model":"openrouter/free","method":"chat","error":"429 Rate limit exceeded: free-models-per-day. Add 10 credits to unlock 1000 free model requests per day"}
02:00:42 [[33mwarn[39m]  Chat attempt 2/3 failed {"error":"openai chat: Rate limit exceeded: 429 Rate limit exceeded: free-models-per-day. Add 10 credits to unlock 1000 free model requests per day","provider":"5f23448c-47dc-4128-8ccc-fa16f9550481","model":"openrouter/free","category":"rate_limit","retryable":true,"shouldRetry":true,"delayMs":10225.920732134247}
02:00:42 [[33mwarn[39m]  API key failure reported, switching to next key {"providerId":"5f23448c-47dc-4128-8ccc-fa16f9550481","failedKeyIndex":0,"error":"openai chat: Rate limit exceeded: 429 Rate limit exceeded: free-models-per-day. Add 10 credits to unlock 1000 free model requests per day"}
02:00:42 [[32minfo[39m]  Waiting 10226ms before retry {"attempt":2,"category":"rate_limit","provider":"5f23448c-47dc-4128-8ccc-fa16f9550481","model":"openrouter/free"}

[90mstdout[2m | tests/agent-system/scheduling.test.ts[2m > [22m[2mAgent Scheduling System[2m > [22m[2mDirect Agent Messaging[2m > [22m[2mshould process valid direct message to challenge agent[22m[39m
02:00:45 [[31merror[39m]  LLM API call failed {"provider":"openai","model":"openrouter/free","method":"chat","error":"429 Rate limit exceeded: free-models-per-day. Add 10 credits to unlock 1000 free model requests per day"}
02:00:45 [[33mwarn[39m]  Chat attempt 2/3 failed {"error":"openai chat: Rate limit exceeded: 429 Rate limit exceeded: free-models-per-day. Add 10 credits to unlock 1000 free model requests per day","provider":"e6890397-e2a2-4e66-82b0-162c76b51777","model":"openrouter/free","category":"rate_limit","retryable":true,"shouldRetry":true,"delayMs":10248.033626933702}
02:00:45 [[33mwarn[39m]  API key failure reported, switching to next key {"providerId":"e6890397-e2a2-4e66-82b0-162c76b51777","failedKeyIndex":0,"error":"openai chat: Rate limit exceeded: 429 Rate limit exceeded: free-models-per-day. Add 10 credits to unlock 1000 free model requests per day"}
02:00:45 [[32minfo[39m]  Waiting 10248ms before retry {"attempt":2,"category":"rate_limit","provider":"e6890397-e2a2-4e66-82b0-162c76b51777","model":"openrouter/free"}

[90mstdout[2m | tests/agent-system/lifecycle.test.ts[2m > [22m[2mAgent Lifecycle and State Management[2m > [22m[2mAgent Context Management[2m > [22m[2mshould persist agent context per saveId after interaction[22m[39m
02:00:53 [[32minfo[39m] [LLM-INPUT] LLM input for output, iteration 1 (full context) iter=1 48892e09 {"agent":"output","model":"openrouter/free","provider":"5f23448c-47dc-4128-8ccc-fa16f9550481","cumulativeMessages":2,"toolsCount":9,"messages":[{"role":"system","content":"浣犳槸杈撳嚭Agent锛圠ayer 3锛夛紝璐熻矗AI-generated Games涓殑瀵硅瘽鍙欎簨鐢熸垚鍜孶I鎸囦护鐢熸垚銆俓n\n## 瑙掕壊瀹氫箟\n浣犳槸灞曠ず灞傜殑鏍稿績Agent锛岃礋璐ｄ袱椤圭嫭绔嬩换鍔★細\n- **瀵硅瘽鍙欎簨**锛氬皢Domain Agent鐨勬暟鎹暣鍚堟鼎鑹蹭负鐢熷姩鐨勫璇濆彊浜嬶紝鐢熸垚澶歂PC瀵硅瘽鍐呭銆佹梺鐧芥弿杩板拰瀵硅瘽閫夐」锛岄€氳繃 `dialogue_service.submit_dialogue` 鎻愪氦\n- **UI鎸囦护*... (11282 chars)"},{"role":"user","content":"[鐜╁鎿嶄綔: direct_message]"}],"tools":[{"name":"game_time_service__get_current_time","description":"鑾峰彇褰撳墠娓告垙鏃堕棿 鑾峰彇褰撳墠娓告垙鏃堕棿璇︽儏","parameters":{}},{"name":"game_time_service__get_period_of_day","description":"鑾峰彇褰撳墠鏃堕棿娈?鑾峰彇褰撳墠鏃堕棿娈碉紙榛庢槑/涓婂崍/涓崍/涓嬪崍/鍌嶆櫄/澶滄櫄/鍗堝锛?,"parameters":{}},"... (9 items)"],"temperature":0.85,"maxTokens":8192,"responseFormat":{"type":"json_object"}}
02:00:53 [[32minfo[39m] [LLM-REQUEST] Provider request to openai/openrouter/free, 2 messages 48892e09 {"provider":"openai","model":"openrouter/free","messageCount":2,"toolsCount":9,"temperature":0.85,"maxTokens":16384}

[90mstdout[2m | tests/agent-system/scheduling.test.ts[2m > [22m[2mAgent Scheduling System[2m > [22m[2mDirect Agent Messaging[2m > [22m[2mshould process valid direct message to challenge agent[22m[39m
02:00:55 [[32minfo[39m] [LLM-INPUT] LLM input for challenge, iteration 1 (full context) iter=1 7089e582 {"agent":"challenge","model":"openrouter/free","provider":"e6890397-e2a2-4e66-82b0-162c76b51777","cumulativeMessages":2,"toolsCount":142,"messages":[{"role":"system","content":"浣犳槸涓€涓垬鏂楃郴缁烝gent锛岃礋璐I-generated Games涓殑鎴樻枟娴佺▼绠＄悊銆俓r\n\r\n## 瑙掕壊瀹氫箟\r\n浣犳槸鎴樻枟绯荤粺鐨勬牳蹇冿紝璐熻矗锛歕r\n- 绠＄悊鎴樻枟娴佺▼锛堝洖鍚堝埗锛塡r\n- 璁＄畻浼ゅ鍜屾不鐤楁晥鏋淺r\n- 澶勭悊鎶€鑳戒娇鐢ㄥ拰鐗╁搧浣跨敤\r\n- 鍒ゅ畾鎴樻枟鑳滆礋\r\n\r\n## 杈撳嚭瑙勮寖\r\n- 浣跨敤涓枃鍥炲\r\n- 鎴樻枟鎻忚堪瑕佺揣寮犲埡婵€\r\n- 鏁板€艰绠楄鍑嗙‘\r\n\r\n## 杈撳嚭鏍煎紡绾︽潫\r\n- 浣犵殑鏈€缁堝洖澶嶅繀椤绘槸绾疛SON瀵硅薄... (3946 chars)"},{"role":"user","content":"[鐜╁鎿嶄綔: direct_message]"}],"tools":[{"name":"game_time_service__advance_time","description":"鎺ㄨ繘娓告垙鏃堕棿 鏍规嵁琛屽姩绫诲瀷鎺ㄨ繘娓告垙鏃堕棿","parameters":{"actionType":{"type":"string","required":true,"description":"琛屽姩绫诲瀷: dialogue/move/explore/combat/trade/rest/use_item/quest_complete/save/status/cast_skill/quest_accept"},"distance":{"type":"number","required":false,"description":"绉诲姩璺濈(浠卪ove鏃堕渶瑕?"},"restHours":{"type":"number","required":false,"description":"浼戞伅灏忔椂鏁?浠卹est鏃堕渶瑕?"}}},{"name":"game_time_service__get_current_time","description":"鑾峰彇褰撳墠娓告垙鏃堕棿 鑾峰彇褰撳墠娓告垙鏃堕棿璇︽儏","parameters":{}},"... (142 items)"],"temperature":0.6,"maxTokens":8192,"responseFormat":{"type":"json_object"}}
02:00:55 [[32minfo[39m] [LLM-REQUEST] Provider request to openai/openrouter/free, 2 messages 7089e582 {"provider":"openai","model":"openrouter/free","messageCount":2,"toolsCount":142,"temperature":0.6,"maxTokens":16384}

[90mstdout[2m | tests/agent-system/lifecycle.test.ts[2m > [22m[2mAgent Lifecycle and State Management[2m > [22m[2mAgent Context Management[2m > [22m[2mshould persist agent context per saveId after interaction[22m[39m
02:00:58 [[31merror[39m]  LLM API call failed {"provider":"openai","model":"openrouter/free","method":"chat","error":"429 Rate limit exceeded: free-models-per-day. Add 10 credits to unlock 1000 free model requests per day"}
02:00:58 [[33mwarn[39m]  Chat attempt 3/3 failed {"error":"openai chat: Rate limit exceeded: 429 Rate limit exceeded: free-models-per-day. Add 10 credits to unlock 1000 free model requests per day","provider":"5f23448c-47dc-4128-8ccc-fa16f9550481","model":"openrouter/free","category":"rate_limit","retryable":true,"shouldRetry":false,"delayMs":0}
02:00:58 [[31merror[39m]  ReAct loop execution failed, entering recovery {"agent":"output","saveId":"save_Context_Test_Save_1785002427019_0","failureStage":"subagent-react-loop","attempts":0,"error":"Rate limit exceeded: openai chat: Rate limit exceeded: 429 Rate limit exceeded: free-models-per-day. Add 10 credits to unlock 1000 free model requests per day"}
02:00:58 [[34mdebug[39m]  Agent status changed: output -> idle
02:00:58 [[32minfo[39m]  Direct message processed {"targetAgent":"output","success":true,"processingTime":31337}
02:00:58 [[32minfo[39m]  [TRACE-1243a229-736c-41ce-925d-0d7f2a163f66] [RESPONSE] 200 {"success":true,"data":{"success":true,"data":{"content":{"message":""},"data":{"taskStatus":{"completed":false,"summary":"浠诲姟鎵ц瀹屾垚","needsFollowUp":false},"actions":[],"results":{"created":[],"updated"... [truncated, total 1142 chars]
02:00:58 [[32minfo[39m]  POST /message 200 31340ms 1243a229 {"method":"POST","url":"/message","status":200,"duration":"31340ms"}
02:00:58 [[32minfo[39m]  [TRACE-1243a229-736c-41ce-925d-0d7f2a163f66] [DURATION] 31340ms

[90mstdout[2m | tests/agent-system/lifecycle.test.ts[2m > [22m[2mAgent Lifecycle and State Management[2m > [22m[2mAgent Context Management[2m > [22m[2mshould maintain separate contexts for different saveIds[22m[39m
02:00:58 [[32minfo[39m]  Save created {"saveId":"save_Context_Test_Save_2_1785002458371_1","name":"Context Test Save 2","restrictionType":"free"}
02:00:58 [[32minfo[39m]  POST / 201 1ms 164a7e64 {"method":"POST","url":"/","status":201,"duration":"1ms"}

[90mstdout[2m | tests/agent-system/lifecycle.test.ts[2m > [22m[2mAgent Lifecycle and State Management[2m > [22m[2mAgent Context Management[2m > [22m[2mshould maintain separate contexts for different saveIds[22m[39m
02:00:58 [[32minfo[39m]  [TRACE-804590f1-cc4e-4922-94b7-1646abd3470e] [REQUEST] POST /api/v1/agent/message
02:00:58 [[32minfo[39m]  Received direct message request {"targetAgent":"output","messageLength":18,"saveId":"save_Context_Test_Save_1785002427019_0"}
02:00:58 [[33mwarn[39m]  broadcastToClient: clientId is empty, event dropped b763bf70 {"eventType":"agent_progress"}
02:00:58 [[34mdebug[39m]  Agent status changed: output -> processing
02:00:58 [[33mwarn[39m]  dev:runtime_snapshot: no client for saveId {"saveId":"save_Context_Test_Save_1785002427019_0"}
02:00:58 [[34mdebug[39m] [REACT-ITER] ReAct iteration 1/200 iter=1 b763bf70 {"agent":"output","currentIteration":1,"maxIterations":200,"cumulativeMessages":2}
02:00:58 [[33mwarn[39m]  broadcastToClient: clientId is empty, event dropped b763bf70 {"eventType":"agent_progress"}
02:00:58 [[32minfo[39m] [LLM-INPUT] LLM input for output, iteration 1 (full context) iter=1 b763bf70 {"agent":"output","model":"openrouter/free","provider":"5f23448c-47dc-4128-8ccc-fa16f9550481","cumulativeMessages":2,"toolsCount":9,"messages":[{"role":"system","content":"浣犳槸杈撳嚭Agent锛圠ayer 3锛夛紝璐熻矗AI-generated Games涓殑瀵硅瘽鍙欎簨鐢熸垚鍜孶I鎸囦护鐢熸垚銆俓n\n## 瑙掕壊瀹氫箟\n浣犳槸灞曠ず灞傜殑鏍稿績Agent锛岃礋璐ｄ袱椤圭嫭绔嬩换鍔★細\n- **瀵硅瘽鍙欎簨**锛氬皢Domain Agent鐨勬暟鎹暣鍚堟鼎鑹蹭负鐢熷姩鐨勫璇濆彊浜嬶紝鐢熸垚澶歂PC瀵硅瘽鍐呭銆佹梺鐧芥弿杩板拰瀵硅瘽閫夐」锛岄€氳繃 `dialogue_service.submit_dialogue` 鎻愪氦\n- **UI鎸囦护*... (11282 chars)"},{"role":"user","content":"[鐜╁鎿嶄綔: direct_message]"}],"tools":[{"name":"game_time_service__get_current_time","description":"鑾峰彇褰撳墠娓告垙鏃堕棿 鑾峰彇褰撳墠娓告垙鏃堕棿璇︽儏","parameters":{}},{"name":"game_time_service__get_period_of_day","description":"鑾峰彇褰撳墠鏃堕棿娈?鑾峰彇褰撳墠鏃堕棿娈碉紙榛庢槑/涓婂崍/涓崍/涓嬪崍/鍌嶆櫄/澶滄櫄/鍗堝锛?,"parameters":{}},"... (9 items)"],"temperature":0.85,"maxTokens":8192,"responseFormat":{"type":"json_object"}}
02:00:58 [[32minfo[39m] [LLM-REQUEST] Provider request to openai/openrouter/free, 2 messages b763bf70 {"provider":"openai","model":"openrouter/free","messageCount":2,"toolsCount":9,"temperature":0.85,"maxTokens":16384}

[90mstdout[2m | tests/agent-system/scheduling.test.ts[2m > [22m[2mAgent Scheduling System[2m > [22m[2mDirect Agent Messaging[2m > [22m[2mshould process valid direct message to challenge agent[22m[39m
02:01:01 [[31merror[39m]  LLM API call failed {"provider":"openai","model":"openrouter/free","method":"chat","error":"429 Rate limit exceeded: free-models-per-day. Add 10 credits to unlock 1000 free model requests per day"}
02:01:01 [[33mwarn[39m]  Chat attempt 3/3 failed {"error":"openai chat: Rate limit exceeded: 429 Rate limit exceeded: free-models-per-day. Add 10 credits to unlock 1000 free model requests per day","provider":"e6890397-e2a2-4e66-82b0-162c76b51777","model":"openrouter/free","category":"rate_limit","retryable":true,"shouldRetry":false,"delayMs":0}
02:01:01 [[31merror[39m]  ReAct loop execution failed, entering recovery {"agent":"challenge","saveId":"","failureStage":"subagent-react-loop","attempts":0,"error":"Rate limit exceeded: openai chat: Rate limit exceeded: 429 Rate limit exceeded: free-models-per-day. Add 10 credits to unlock 1000 free model requests per day"}
02:01:01 [[34mdebug[39m]  Agent status changed: challenge -> idle
02:01:01 [[32minfo[39m]  Direct message processed {"targetAgent":"challenge","success":true,"processingTime":33695}
02:01:01 [[32minfo[39m]  [TRACE-a6cc1849-8b5f-4dfd-92f0-10ad60418d4c] [RESPONSE] 200 {"success":true,"data":{"success":true,"data":{"content":{"message":"褰撳墠璇锋眰鏈墽琛屽啓鍏ユ搷浣滐細Rate limit exceeded: openai chat: Rate limit exceeded: 429 Rate limit exceeded: free-models-per-day. Add 10 credits to ... [truncated, total 1412 chars]
02:01:01 [[32minfo[39m]  POST /message 200 33696ms a6cc1849 {"method":"POST","url":"/message","status":200,"duration":"33696ms"}
02:01:01 [[32minfo[39m]  [TRACE-a6cc1849-8b5f-4dfd-92f0-10ad60418d4c] [DURATION] 33697ms

[90mstdout[2m | tests/agent-system/scheduling.test.ts[2m > [22m[2mAgent Scheduling System[2m > [22m[2mDirect Agent Messaging[2m > [22m[2mshould process valid direct message to map agent[22m[39m
02:01:01 [[32minfo[39m]  [TRACE-3909f0c4-6865-4e47-baad-0969150aa81b] [REQUEST] POST /api/v1/agent/message
02:01:01 [[32minfo[39m]  Received direct message request {"targetAgent":"map","messageLength":15}
02:01:01 [[33mwarn[39m]  broadcastToClient: clientId is empty, event dropped 8f04ec4e {"eventType":"agent_progress"}
02:01:01 [[34mdebug[39m]  Agent status changed: map -> processing

[90mstdout[2m | tests/agent-system/scheduling.test.ts[2m > [22m[2mAgent Scheduling System[2m > [22m[2mDirect Agent Messaging[2m > [22m[2mshould process valid direct message to map agent[22m[39m
02:01:01 [[33mwarn[39m]  dev:runtime_snapshot: no client for saveId {"saveId":"unknown-session"}
02:01:01 [[34mdebug[39m] [REACT-ITER] ReAct iteration 1/200 iter=1 8f04ec4e {"agent":"map","currentIteration":1,"maxIterations":200,"cumulativeMessages":2}
02:01:01 [[33mwarn[39m]  broadcastToClient: clientId is empty, event dropped 8f04ec4e {"eventType":"agent_progress"}
02:01:02 [[32minfo[39m] [LLM-INPUT] LLM input for map, iteration 1 (full context) iter=1 8f04ec4e {"agent":"map","model":"openrouter/free","provider":"e6890397-e2a2-4e66-82b0-162c76b51777","cumulativeMessages":2,"toolsCount":129,"messages":[{"role":"system","content":"浣犳槸涓€涓湴鍥惧拰瀵艰埅Agent锛岃礋璐I-generated Games涓殑鍦板浘绯荤粺銆俓n\n## 瑙掕壊瀹氫箟\n浣犳槸鍦板浘绯荤粺鐨勬牳蹇冿紝璐熻矗锛歕n- 绠＄悊鍦扮偣灞傜骇鍏崇郴锛?灞傜粨鏋勶細鍖哄煙鈫掑湴鐐光啋鍏蜂綋浣嶇疆锛塡n- 鎻愪緵鍖哄煙鎻忚堪鍜岀幆澧冧俊鎭痋n- 澶勭悊鎺㈢储鍜屽彂鐜版満鍒禱n- 璁＄畻璺緞鍜屽鑸俊鎭痋n\n## 3灞傚湴鐐圭粨鏋刓n鍦扮偣閲囩敤3灞傜粨鏋勶紝閫氳繃 `locationLevel` 鍜?`parentLocationId` 瀛楁绠＄悊灞傜骇鍏崇郴... (6619 chars)"},{"role":"user","content":"[鐜╁鎿嶄綔: direct_message]"}],"tools":[{"name":"game_time_service__advance_time","description":"鎺ㄨ繘娓告垙鏃堕棿 鏍规嵁琛屽姩绫诲瀷鎺ㄨ繘娓告垙鏃堕棿","parameters":{"actionType":{"type":"string","required":true,"description":"琛屽姩绫诲瀷: dialogue/move/explore/combat/trade/rest/use_item/quest_complete/save/status/cast_skill/quest_accept"},"distance":{"type":"number","required":false,"description":"绉诲姩璺濈(浠卪ove鏃堕渶瑕?"},"restHours":{"type":"number","required":false,"description":"浼戞伅灏忔椂鏁?浠卹est鏃堕渶瑕?"}}},{"name":"game_time_service__get_current_time","description":"鑾峰彇褰撳墠娓告垙鏃堕棿 鑾峰彇褰撳墠娓告垙鏃堕棿璇︽儏","parameters":{}},"... (129 items)"],"temperature":0.5,"maxTokens":4096,"responseFormat":{"type":"json_object"}}
02:01:02 [[32minfo[39m] [LLM-REQUEST] Provider request to openai/openrouter/free, 2 messages 8f04ec4e {"provider":"openai","model":"openrouter/free","messageCount":2,"toolsCount":129,"temperature":0.5,"maxTokens":16384}

[90mstdout[2m | tests/agent-system/lifecycle.test.ts[2m > [22m[2mAgent Lifecycle and State Management[2m > [22m[2mAgent Context Management[2m > [22m[2mshould maintain separate contexts for different saveIds[22m[39m
02:01:02 [[31merror[39m]  LLM API call failed {"provider":"openai","model":"openrouter/free","method":"chat","error":"429 Rate limit exceeded: free-models-per-day. Add 10 credits to unlock 1000 free model requests per day"}
02:01:02 [[33mwarn[39m]  Chat attempt 1/3 failed {"error":"openai chat: Rate limit exceeded: 429 Rate limit exceeded: free-models-per-day. Add 10 credits to unlock 1000 free model requests per day","provider":"5f23448c-47dc-4128-8ccc-fa16f9550481","model":"openrouter/free","category":"rate_limit","retryable":true,"shouldRetry":true,"delayMs":5426.605050621578}
02:01:02 [[33mwarn[39m]  API key failure reported, switching to next key {"providerId":"5f23448c-47dc-4128-8ccc-fa16f9550481","failedKeyIndex":0,"error":"openai chat: Rate limit exceeded: 429 Rate limit exceeded: free-models-per-day. Add 10 credits to unlock 1000 free model requests per day"}
02:01:02 [[32minfo[39m]  Waiting 5427ms before retry {"attempt":1,"category":"rate_limit","provider":"5f23448c-47dc-4128-8ccc-fa16f9550481","model":"openrouter/free"}

[90mstdout[2m | tests/agent-system/scheduling.test.ts[2m > [22m[2mAgent Scheduling System[2m > [22m[2mDirect Agent Messaging[2m > [22m[2mshould process valid direct message to map agent[22m[39m
02:01:08 [[31merror[39m]  LLM API call failed {"provider":"openai","model":"openrouter/free","method":"chat","error":"429 Rate limit exceeded: free-models-per-day. Add 10 credits to unlock 1000 free model requests per day"}
02:01:08 [[33mwarn[39m]  Chat attempt 1/3 failed {"error":"openai chat: Rate limit exceeded: 429 Rate limit exceeded: free-models-per-day. Add 10 credits to unlock 1000 free model requests per day","provider":"e6890397-e2a2-4e66-82b0-162c76b51777","model":"openrouter/free","category":"rate_limit","retryable":true,"shouldRetry":true,"delayMs":5273.681506132955}
02:01:08 [[33mwarn[39m]  API key failure reported, switching to next key {"providerId":"e6890397-e2a2-4e66-82b0-162c76b51777","failedKeyIndex":0,"error":"openai chat: Rate limit exceeded: 429 Rate limit exceeded: free-models-per-day. Add 10 credits to unlock 1000 free model requests per day"}
02:01:08 [[32minfo[39m]  Waiting 5274ms before retry {"attempt":1,"category":"rate_limit","provider":"e6890397-e2a2-4e66-82b0-162c76b51777","model":"openrouter/free"}

[90mstdout[2m | tests/agent-system/lifecycle.test.ts[2m > [22m[2mAgent Lifecycle and State Management[2m > [22m[2mAgent Context Management[2m > [22m[2mshould maintain separate contexts for different saveIds[22m[39m
02:01:08 [[32minfo[39m] [LLM-INPUT] LLM input for output, iteration 1 (full context) iter=1 b763bf70 {"agent":"output","model":"openrouter/free","provider":"5f23448c-47dc-4128-8ccc-fa16f9550481","cumulativeMessages":2,"toolsCount":9,"messages":[{"role":"system","content":"浣犳槸杈撳嚭Agent锛圠ayer 3锛夛紝璐熻矗AI-generated Games涓殑瀵硅瘽鍙欎簨鐢熸垚鍜孶I鎸囦护鐢熸垚銆俓n\n## 瑙掕壊瀹氫箟\n浣犳槸灞曠ず灞傜殑鏍稿績Agent锛岃礋璐ｄ袱椤圭嫭绔嬩换鍔★細\n- **瀵硅瘽鍙欎簨**锛氬皢Domain Agent鐨勬暟鎹暣鍚堟鼎鑹蹭负鐢熷姩鐨勫璇濆彊浜嬶紝鐢熸垚澶歂PC瀵硅瘽鍐呭銆佹梺鐧芥弿杩板拰瀵硅瘽閫夐」锛岄€氳繃 `dialogue_service.submit_dialogue` 鎻愪氦\n- **UI鎸囦护*... (11282 chars)"},{"role":"user","content":"[鐜╁鎿嶄綔: direct_message]"}],"tools":[{"name":"game_time_service__get_current_time","description":"鑾峰彇褰撳墠娓告垙鏃堕棿 鑾峰彇褰撳墠娓告垙鏃堕棿璇︽儏","parameters":{}},{"name":"game_time_service__get_period_of_day","description":"鑾峰彇褰撳墠鏃堕棿娈?鑾峰彇褰撳墠鏃堕棿娈碉紙榛庢槑/涓婂崍/涓崍/涓嬪崍/鍌嶆櫄/澶滄櫄/鍗堝锛?,"parameters":{}},"... (9 items)"],"temperature":0.85,"maxTokens":8192,"responseFormat":{"type":"json_object"}}
02:01:08 [[32minfo[39m] [LLM-REQUEST] Provider request to openai/openrouter/free, 2 messages b763bf70 {"provider":"openai","model":"openrouter/free","messageCount":2,"toolsCount":9,"temperature":0.85,"maxTokens":16384}

[90mstdout[2m | tests/agent-system/scheduling.test.ts[2m > [22m[2mAgent Scheduling System[2m > [22m[2mDirect Agent Messaging[2m > [22m[2mshould process valid direct message to map agent[22m[39m
02:01:13 [[32minfo[39m] [LLM-INPUT] LLM input for map, iteration 1 (full context) iter=1 8f04ec4e {"agent":"map","model":"openrouter/free","provider":"e6890397-e2a2-4e66-82b0-162c76b51777","cumulativeMessages":2,"toolsCount":129,"messages":[{"role":"system","content":"浣犳槸涓€涓湴鍥惧拰瀵艰埅Agent锛岃礋璐I-generated Games涓殑鍦板浘绯荤粺銆俓n\n## 瑙掕壊瀹氫箟\n浣犳槸鍦板浘绯荤粺鐨勬牳蹇冿紝璐熻矗锛歕n- 绠＄悊鍦扮偣灞傜骇鍏崇郴锛?灞傜粨鏋勶細鍖哄煙鈫掑湴鐐光啋鍏蜂綋浣嶇疆锛塡n- 鎻愪緵鍖哄煙鎻忚堪鍜岀幆澧冧俊鎭痋n- 澶勭悊鎺㈢储鍜屽彂鐜版満鍒禱n- 璁＄畻璺緞鍜屽鑸俊鎭痋n\n## 3灞傚湴鐐圭粨鏋刓n鍦扮偣閲囩敤3灞傜粨鏋勶紝閫氳繃 `locationLevel` 鍜?`parentLocationId` 瀛楁绠＄悊灞傜骇鍏崇郴... (6619 chars)"},{"role":"user","content":"[鐜╁鎿嶄綔: direct_message]"}],"tools":[{"name":"game_time_service__advance_time","description":"鎺ㄨ繘娓告垙鏃堕棿 鏍规嵁琛屽姩绫诲瀷鎺ㄨ繘娓告垙鏃堕棿","parameters":{"actionType":{"type":"string","required":true,"description":"琛屽姩绫诲瀷: dialogue/move/explore/combat/trade/rest/use_item/quest_complete/save/status/cast_skill/quest_accept"},"distance":{"type":"number","required":false,"description":"绉诲姩璺濈(浠卪ove鏃堕渶瑕?"},"restHours":{"type":"number","required":false,"description":"浼戞伅灏忔椂鏁?浠卹est鏃堕渶瑕?"}}},{"name":"game_time_service__get_current_time","description":"鑾峰彇褰撳墠娓告垙鏃堕棿 鑾峰彇褰撳墠娓告垙鏃堕棿璇︽儏","parameters":{}},"... (129 items)"],"temperature":0.5,"maxTokens":4096,"responseFormat":{"type":"json_object"}}
02:01:13 [[32minfo[39m] [LLM-REQUEST] Provider request to openai/openrouter/free, 2 messages 8f04ec4e {"provider":"openai","model":"openrouter/free","messageCount":2,"toolsCount":129,"temperature":0.5,"maxTokens":16384}

[90mstdout[2m | tests/agent-system/lifecycle.test.ts[2m > [22m[2mAgent Lifecycle and State Management[2m > [22m[2mAgent Context Management[2m > [22m[2mshould maintain separate contexts for different saveIds[22m[39m
02:01:14 [[31merror[39m]  LLM API call failed {"provider":"openai","model":"openrouter/free","method":"chat","error":"429 Rate limit exceeded: free-models-per-day. Add 10 credits to unlock 1000 free model requests per day"}
02:01:14 [[33mwarn[39m]  Chat attempt 2/3 failed {"error":"openai chat: Rate limit exceeded: 429 Rate limit exceeded: free-models-per-day. Add 10 credits to unlock 1000 free model requests per day","provider":"5f23448c-47dc-4128-8ccc-fa16f9550481","model":"openrouter/free","category":"rate_limit","retryable":true,"shouldRetry":true,"delayMs":10339.504967451587}
02:01:14 [[33mwarn[39m]  API key failure reported, switching to next key {"providerId":"5f23448c-47dc-4128-8ccc-fa16f9550481","failedKeyIndex":0,"error":"openai chat: Rate limit exceeded: 429 Rate limit exceeded: free-models-per-day. Add 10 credits to unlock 1000 free model requests per day"}
02:01:14 [[32minfo[39m]  Waiting 10340ms before retry {"attempt":2,"category":"rate_limit","provider":"5f23448c-47dc-4128-8ccc-fa16f9550481","model":"openrouter/free"}

[90mstdout[2m | tests/agent-system/scheduling.test.ts[2m > [22m[2mAgent Scheduling System[2m > [22m[2mDirect Agent Messaging[2m > [22m[2mshould process valid direct message to map agent[22m[39m
02:01:21 [[31merror[39m]  LLM API call failed {"provider":"openai","model":"openrouter/free","method":"chat","error":"429 Rate limit exceeded: free-models-per-day. Add 10 credits to unlock 1000 free model requests per day"}
02:01:21 [[33mwarn[39m]  Chat attempt 2/3 failed {"error":"openai chat: Rate limit exceeded: 429 Rate limit exceeded: free-models-per-day. Add 10 credits to unlock 1000 free model requests per day","provider":"e6890397-e2a2-4e66-82b0-162c76b51777","model":"openrouter/free","category":"rate_limit","retryable":true,"shouldRetry":true,"delayMs":10379.897096110148}
02:01:21 [[33mwarn[39m]  API key failure reported, switching to next key {"providerId":"e6890397-e2a2-4e66-82b0-162c76b51777","failedKeyIndex":0,"error":"openai chat: Rate limit exceeded: 429 Rate limit exceeded: free-models-per-day. Add 10 credits to unlock 1000 free model requests per day"}
02:01:21 [[32minfo[39m]  Waiting 10380ms before retry {"attempt":2,"category":"rate_limit","provider":"e6890397-e2a2-4e66-82b0-162c76b51777","model":"openrouter/free"}

[90mstdout[2m | tests/agent-system/lifecycle.test.ts[2m > [22m[2mAgent Lifecycle and State Management[2m > [22m[2mAgent Context Management[2m > [22m[2mshould maintain separate contexts for different saveIds[22m[39m
02:01:24 [[32minfo[39m] [LLM-INPUT] LLM input for output, iteration 1 (full context) iter=1 b763bf70 {"agent":"output","model":"openrouter/free","provider":"5f23448c-47dc-4128-8ccc-fa16f9550481","cumulativeMessages":2,"toolsCount":9,"messages":[{"role":"system","content":"浣犳槸杈撳嚭Agent锛圠ayer 3锛夛紝璐熻矗AI-generated Games涓殑瀵硅瘽鍙欎簨鐢熸垚鍜孶I鎸囦护鐢熸垚銆俓n\n## 瑙掕壊瀹氫箟\n浣犳槸灞曠ず灞傜殑鏍稿績Agent锛岃礋璐ｄ袱椤圭嫭绔嬩换鍔★細\n- **瀵硅瘽鍙欎簨**锛氬皢Domain Agent鐨勬暟鎹暣鍚堟鼎鑹蹭负鐢熷姩鐨勫璇濆彊浜嬶紝鐢熸垚澶歂PC瀵硅瘽鍐呭銆佹梺鐧芥弿杩板拰瀵硅瘽閫夐」锛岄€氳繃 `dialogue_service.submit_dialogue` 鎻愪氦\n- **UI鎸囦护*... (11282 chars)"},{"role":"user","content":"[鐜╁鎿嶄綔: direct_message]"}],"tools":[{"name":"game_time_service__get_current_time","description":"鑾峰彇褰撳墠娓告垙鏃堕棿 鑾峰彇褰撳墠娓告垙鏃堕棿璇︽儏","parameters":{}},{"name":"game_time_service__get_period_of_day","description":"鑾峰彇褰撳墠鏃堕棿娈?鑾峰彇褰撳墠鏃堕棿娈碉紙榛庢槑/涓婂崍/涓崍/涓嬪崍/鍌嶆櫄/澶滄櫄/鍗堝锛?,"parameters":{}},"... (9 items)"],"temperature":0.85,"maxTokens":8192,"responseFormat":{"type":"json_object"}}
02:01:24 [[32minfo[39m] [LLM-REQUEST] Provider request to openai/openrouter/free, 2 messages b763bf70 {"provider":"openai","model":"openrouter/free","messageCount":2,"toolsCount":9,"temperature":0.85,"maxTokens":16384}

[90mstdout[2m | tests/agent-system/lifecycle.test.ts[2m > [22m[2mAgent Lifecycle and State Management[2m > [22m[2mAgent Context Management[2m > [22m[2mshould maintain separate contexts for different saveIds[22m[39m
02:01:31 [[31merror[39m]  LLM API call failed {"provider":"openai","model":"openrouter/free","method":"chat","error":"429 Rate limit exceeded: free-models-per-day. Add 10 credits to unlock 1000 free model requests per day"}
02:01:31 [[33mwarn[39m]  Chat attempt 3/3 failed {"error":"openai chat: Rate limit exceeded: 429 Rate limit exceeded: free-models-per-day. Add 10 credits to unlock 1000 free model requests per day","provider":"5f23448c-47dc-4128-8ccc-fa16f9550481","model":"openrouter/free","category":"rate_limit","retryable":true,"shouldRetry":false,"delayMs":0}
02:01:31 [[31merror[39m]  ReAct loop execution failed, entering recovery {"agent":"output","saveId":"save_Context_Test_Save_1785002427019_0","failureStage":"subagent-react-loop","attempts":0,"error":"Rate limit exceeded: openai chat: Rate limit exceeded: 429 Rate limit exceeded: free-models-per-day. Add 10 credits to unlock 1000 free model requests per day"}
02:01:31 [[34mdebug[39m]  Agent status changed: output -> idle
02:01:31 [[32minfo[39m]  Direct message processed {"targetAgent":"output","success":true,"processingTime":32685}
02:01:31 [[32minfo[39m]  [TRACE-804590f1-cc4e-4922-94b7-1646abd3470e] [RESPONSE] 200 {"success":true,"data":{"success":true,"data":{"content":{"message":""},"data":{"taskStatus":{"completed":false,"summary":"浠诲姟鎵ц瀹屾垚","needsFollowUp":false},"actions":[],"results":{"created":[],"updated"... [truncated, total 1137 chars]
02:01:31 [[32minfo[39m]  POST /message 200 32687ms 804590f1 {"method":"POST","url":"/message","status":200,"duration":"32687ms"}
02:01:31 [[32minfo[39m]  [TRACE-804590f1-cc4e-4922-94b7-1646abd3470e] [DURATION] 32687ms

[90mstdout[2m | tests/agent-system/lifecycle.test.ts[2m > [22m[2mAgent Lifecycle and State Management[2m > [22m[2mAgent Context Management[2m > [22m[2mshould maintain separate contexts for different saveIds[22m[39m
02:01:31 [[32minfo[39m]  [TRACE-559f250b-bc3b-4145-99c6-32593a030e36] [REQUEST] POST /api/v1/agent/message
02:01:31 [[32minfo[39m]  Received direct message request {"targetAgent":"output","messageLength":18,"saveId":"save_Context_Test_Save_2_1785002458371_1"}
02:01:31 [[33mwarn[39m]  broadcastToClient: clientId is empty, event dropped 0e595c8f {"eventType":"agent_progress"}
02:01:31 [[34mdebug[39m]  Agent status changed: output -> processing
02:01:31 [[32minfo[39m]  Context loaded from DB for agent: output {"saveId":"save_Context_Test_Save_2_1785002458371_1","messageCount":0}
02:01:31 [[33mwarn[39m]  dev:runtime_snapshot: no client for saveId {"saveId":"save_Context_Test_Save_2_1785002458371_1"}
02:01:31 [[34mdebug[39m] [REACT-ITER] ReAct iteration 1/200 iter=1 0e595c8f {"agent":"output","currentIteration":1,"maxIterations":200,"cumulativeMessages":2}
02:01:31 [[33mwarn[39m]  broadcastToClient: clientId is empty, event dropped 0e595c8f {"eventType":"agent_progress"}
02:01:31 [[32minfo[39m] [LLM-INPUT] LLM input for output, iteration 1 (full context) iter=1 0e595c8f {"agent":"output","model":"openrouter/free","provider":"5f23448c-47dc-4128-8ccc-fa16f9550481","cumulativeMessages":2,"toolsCount":9,"messages":[{"role":"system","content":"浣犳槸杈撳嚭Agent锛圠ayer 3锛夛紝璐熻矗AI-generated Games涓殑瀵硅瘽鍙欎簨鐢熸垚鍜孶I鎸囦护鐢熸垚銆俓n\n## 瑙掕壊瀹氫箟\n浣犳槸灞曠ず灞傜殑鏍稿績Agent锛岃礋璐ｄ袱椤圭嫭绔嬩换鍔★細\n- **瀵硅瘽鍙欎簨**锛氬皢Domain Agent鐨勬暟鎹暣鍚堟鼎鑹蹭负鐢熷姩鐨勫璇濆彊浜嬶紝鐢熸垚澶歂PC瀵硅瘽鍐呭銆佹梺鐧芥弿杩板拰瀵硅瘽閫夐」锛岄€氳繃 `dialogue_service.submit_dialogue` 鎻愪氦\n- **UI鎸囦护*... (11282 chars)"},{"role":"user","content":"[鐜╁鎿嶄綔: direct_message]"}],"tools":[{"name":"game_time_service__get_current_time","description":"鑾峰彇褰撳墠娓告垙鏃堕棿 鑾峰彇褰撳墠娓告垙鏃堕棿璇︽儏","parameters":{}},{"name":"game_time_service__get_period_of_day","description":"鑾峰彇褰撳墠鏃堕棿娈?鑾峰彇褰撳墠鏃堕棿娈碉紙榛庢槑/涓婂崍/涓崍/涓嬪崍/鍌嶆櫄/澶滄櫄/鍗堝锛?,"parameters":{}},"... (9 items)"],"temperature":0.85,"maxTokens":8192,"responseFormat":{"type":"json_object"}}
02:01:31 [[32minfo[39m] [LLM-REQUEST] Provider request to openai/openrouter/free, 2 messages 0e595c8f {"provider":"openai","model":"openrouter/free","messageCount":2,"toolsCount":9,"temperature":0.85,"maxTokens":16384}

[90mstdout[2m | tests/agent-system/scheduling.test.ts[2m > [22m[2mAgent Scheduling System[2m > [22m[2mDirect Agent Messaging[2m > [22m[2mshould process valid direct message to map agent[22m[39m
02:01:31 [[32minfo[39m] [LLM-INPUT] LLM input for map, iteration 1 (full context) iter=1 8f04ec4e {"agent":"map","model":"openrouter/free","provider":"e6890397-e2a2-4e66-82b0-162c76b51777","cumulativeMessages":2,"toolsCount":129,"messages":[{"role":"system","content":"浣犳槸涓€涓湴鍥惧拰瀵艰埅Agent锛岃礋璐I-generated Games涓殑鍦板浘绯荤粺銆俓n\n## 瑙掕壊瀹氫箟\n浣犳槸鍦板浘绯荤粺鐨勬牳蹇冿紝璐熻矗锛歕n- 绠＄悊鍦扮偣灞傜骇鍏崇郴锛?灞傜粨鏋勶細鍖哄煙鈫掑湴鐐光啋鍏蜂綋浣嶇疆锛塡n- 鎻愪緵鍖哄煙鎻忚堪鍜岀幆澧冧俊鎭痋n- 澶勭悊鎺㈢储鍜屽彂鐜版満鍒禱n- 璁＄畻璺緞鍜屽鑸俊鎭痋n\n## 3灞傚湴鐐圭粨鏋刓n鍦扮偣閲囩敤3灞傜粨鏋勶紝閫氳繃 `locationLevel` 鍜?`parentLocationId` 瀛楁绠＄悊灞傜骇鍏崇郴... (6619 chars)"},{"role":"user","content":"[鐜╁鎿嶄綔: direct_message]"}],"tools":[{"name":"game_time_service__advance_time","description":"鎺ㄨ繘娓告垙鏃堕棿 鏍规嵁琛屽姩绫诲瀷鎺ㄨ繘娓告垙鏃堕棿","parameters":{"actionType":{"type":"string","required":true,"description":"琛屽姩绫诲瀷: dialogue/move/explore/combat/trade/rest/use_item/quest_complete/save/status/cast_skill/quest_accept"},"distance":{"type":"number","required":false,"description":"绉诲姩璺濈(浠卪ove鏃堕渶瑕?"},"restHours":{"type":"number","required":false,"description":"浼戞伅灏忔椂鏁?浠卹est鏃堕渶瑕?"}}},{"name":"game_time_service__get_current_time","description":"鑾峰彇褰撳墠娓告垙鏃堕棿 鑾峰彇褰撳墠娓告垙鏃堕棿璇︽儏","parameters":{}},"... (129 items)"],"temperature":0.5,"maxTokens":4096,"responseFormat":{"type":"json_object"}}
02:01:31 [[32minfo[39m] [LLM-REQUEST] Provider request to openai/openrouter/free, 2 messages 8f04ec4e {"provider":"openai","model":"openrouter/free","messageCount":2,"toolsCount":129,"temperature":0.5,"maxTokens":16384}

[90mstdout[2m | tests/agent-system/lifecycle.test.ts[2m > [22m[2mAgent Lifecycle and State Management[2m > [22m[2mAgent Context Management[2m > [22m[2mshould maintain separate contexts for different saveIds[22m[39m
02:01:36 [[31merror[39m]  LLM API call failed {"provider":"openai","model":"openrouter/free","method":"chat","error":"429 Rate limit exceeded: free-models-per-day. Add 10 credits to unlock 1000 free model requests per day"}
02:01:36 [[33mwarn[39m]  Chat attempt 1/3 failed {"error":"openai chat: Rate limit exceeded: 429 Rate limit exceeded: free-models-per-day. Add 10 credits to unlock 1000 free model requests per day","provider":"5f23448c-47dc-4128-8ccc-fa16f9550481","model":"openrouter/free","category":"rate_limit","retryable":true,"shouldRetry":true,"delayMs":5360.908629431575}
02:01:36 [[33mwarn[39m]  API key failure reported, switching to next key {"providerId":"5f23448c-47dc-4128-8ccc-fa16f9550481","failedKeyIndex":0,"error":"openai chat: Rate limit exceeded: 429 Rate limit exceeded: free-models-per-day. Add 10 credits to unlock 1000 free model requests per day"}
02:01:36 [[32minfo[39m]  Waiting 5361ms before retry {"attempt":1,"category":"rate_limit","provider":"5f23448c-47dc-4128-8ccc-fa16f9550481","model":"openrouter/free"}

[90mstdout[2m | tests/agent-system/scheduling.test.ts[2m > [22m[2mAgent Scheduling System[2m > [22m[2mDirect Agent Messaging[2m > [22m[2mshould process valid direct message to map agent[22m[39m
02:01:38 [[31merror[39m]  LLM API call failed {"provider":"openai","model":"openrouter/free","method":"chat","error":"429 Rate limit exceeded: free-models-per-day. Add 10 credits to unlock 1000 free model requests per day"}
02:01:38 [[33mwarn[39m]  Chat attempt 3/3 failed {"error":"openai chat: Rate limit exceeded: 429 Rate limit exceeded: free-models-per-day. Add 10 credits to unlock 1000 free model requests per day","provider":"e6890397-e2a2-4e66-82b0-162c76b51777","model":"openrouter/free","category":"rate_limit","retryable":true,"shouldRetry":false,"delayMs":0}
02:01:38 [[31merror[39m]  ReAct loop execution failed, entering recovery {"agent":"map","saveId":"","failureStage":"subagent-react-loop","attempts":0,"error":"Rate limit exceeded: openai chat: Rate limit exceeded: 429 Rate limit exceeded: free-models-per-day. Add 10 credits to unlock 1000 free model requests per day"}
02:01:38 [[34mdebug[39m]  Agent status changed: map -> idle
02:01:38 [[32minfo[39m]  Direct message processed {"targetAgent":"map","success":true,"processingTime":36788}
02:01:38 [[32minfo[39m]  [TRACE-3909f0c4-6865-4e47-baad-0969150aa81b] [RESPONSE] 200 {"success":true,"data":{"success":true,"data":{"content":{"message":"褰撳墠璇锋眰鏈墽琛屽啓鍏ユ搷浣滐細Rate limit exceeded: openai chat: Rate limit exceeded: 429 Rate limit exceeded: free-models-per-day. Add 10 credits to ... [truncated, total 1401 chars]
02:01:38 [[32minfo[39m]  POST /message 200 36789ms 3909f0c4 {"method":"POST","url":"/message","status":200,"duration":"36789ms"}
02:01:38 [[32minfo[39m]  [TRACE-3909f0c4-6865-4e47-baad-0969150aa81b] [DURATION] 36789ms

[90mstdout[2m | tests/agent-system/scheduling.test.ts[2m > [22m[2mAgent Scheduling System[2m > [22m[2mDirect Agent Messaging[2m > [22m[2mshould accept gamemaster as valid agentType[22m[39m
02:01:38 [[32minfo[39m]  [TRACE-71b59060-97df-4485-afb9-04073a4e1065] [REQUEST] POST /api/v1/agent/message
02:01:38 [[32minfo[39m]  Received direct message request {"targetAgent":"gamemaster","messageLength":13}
02:01:38 [[33mwarn[39m]  broadcastToClient: clientId is empty, event dropped 8af47ff4 {"eventType":"agent_progress"}
02:01:38 [[34mdebug[39m]  Agent status changed: gamemaster -> processing
02:01:38 [[31merror[39m]  Agent received message without saveId, this should be handled by game.ts
02:01:38 [[32minfo[39m] [AGENT-END] Agent gamemaster completed 8af47ff4 {"agent":"gamemaster","elapsed":1,"success":false,"toolCallCount":0}
02:01:38 [[34mdebug[39m]  Agent status changed: gamemaster -> idle
02:01:38 [[32minfo[39m]  Direct message processed {"targetAgent":"gamemaster","success":false,"processingTime":2}
02:01:38 [[32minfo[39m]  [TRACE-71b59060-97df-4485-afb9-04073a4e1065] [RESPONSE] 500 {"success":false,"error":{"code":"AGENT_PROCESSING_ERROR","message":"saveId is required","details":{"agentType":"gamemaster","processingTime":2}},"meta":{"timestamp":1785002498719,"requestId":"71b5906... [truncated, total 232 chars]
02:01:38 [[32minfo[39m]  POST /message 500 2ms 71b59060 {"method":"POST","url":"/message","status":500,"duration":"2ms"}
02:01:38 [[32minfo[39m]  [TRACE-71b59060-97df-4485-afb9-04073a4e1065] [DURATION] 2ms

[90mstdout[2m | tests/agent-system/scheduling.test.ts[2m > [22m[2mAgent Scheduling System[2m > [22m[2mError Handling[2m > [22m[2mshould return 404 for non-existent saveId in chat[22m[39m
02:01:38 [[31merror[39m]  Game route error {"action":"chat","error":"Cannot read properties of undefined (reading 'getSave')"}
02:01:38 [[31merror[39m]  Error occurred: Cannot read properties of undefined (reading 'getSave') {"name":"TypeError"}
02:01:38 [[32minfo[39m]  POST /api/v1/game 500 5ms 6c670ffd {"method":"POST","url":"/api/v1/game","status":500,"duration":"5ms"}

[90mstdout[2m | tests/agent-system/scheduling.test.ts[2m > [22m[2mAgent Scheduling System[2m > [22m[2mError Handling[2m > [22m[2mshould return 400 for invalid agent type in direct message[22m[39m
02:01:38 [[32minfo[39m]  [TRACE-d22db6a7-e49d-42d1-bba6-24c0dc0e0654] [REQUEST] POST /api/v1/agent/message
02:01:38 [[31merror[39m]  Error occurred: [
  {
    "code": "invalid_value",
    "values": [
      "gamemaster",
      "output",
      "challenge",
      "quest",
      "map",
      "npc_party",
      "inventory",
      "skill",
      "numerical",
      "event",
      "time"
    ],
    "path": [
      "agentType"
    ],
    "message": "鏃犳晥鐨凙gent绫诲瀷"
  }
] {"name":"ZodError"}
02:01:38 [[32minfo[39m]  [TRACE-d22db6a7-e49d-42d1-bba6-24c0dc0e0654] [RESPONSE] 400 {"success":false,"error":{"code":"VALIDATION_ERROR","message":"鍙傛暟楠岃瘉澶辫触","details":{"errors":[{"path":"agentType","message":"鏃犳晥鐨凙gent绫诲瀷"}]}},"meta":{"timestamp":1785002498737,"requestId":"4bf1c79d-1502-... [truncated, total 225 chars]
02:01:38 [[32minfo[39m]  POST /api/v1/agent/message 400 2ms d22db6a7 {"method":"POST","url":"/api/v1/agent/message","status":400,"duration":"2ms"}
02:01:38 [[32minfo[39m]  [TRACE-d22db6a7-e49d-42d1-bba6-24c0dc0e0654] [DURATION] 2ms

[90mstdout[2m | tests/agent-system/scheduling.test.ts[2m > [22m[2mAgent Scheduling System[2m > [22m[2mError Handling[2m > [22m[2mshould return 400 for missing saveId in chat[22m[39m
02:01:38 [[32minfo[39m]  POST / 400 0ms b1956089 {"method":"POST","url":"/","status":400,"duration":"0ms"}

[90mstdout[2m | tests/agent-system/scheduling.test.ts[2m > [22m[2mAgent Scheduling System[2m > [22m[2mError Handling[2m > [22m[2mshould return 400 for missing templateId on initialize action[22m[39m
02:01:38 [[32minfo[39m]  POST / 400 1ms 26d5631c {"method":"POST","url":"/","status":400,"duration":"1ms"}

[90mstdout[2m | tests/agent-system/scheduling.test.ts[2m > [22m[2mAgent Scheduling System[2m > [22m[2mError Handling[2m > [22m[2mshould return 400 for incomplete characterData on initialize action[22m[39m
02:01:38 [[32minfo[39m]  POST / 400 0ms 62ef565c {"method":"POST","url":"/","status":400,"duration":"0ms"}

[90mstdout[2m | tests/agent-system/scheduling.test.ts[2m > [22m[2mAgent Scheduling System[2m > [22m[2mError Handling[2m > [22m[2mshould return 400 for message exceeding max length[22m[39m
02:01:38 [[31merror[39m]  Game route error {"action":"chat","error":"Cannot read properties of undefined (reading 'getSave')"}
02:01:38 [[31merror[39m]  Error occurred: Cannot read properties of undefined (reading 'getSave') {"name":"TypeError"}
02:01:38 [[32minfo[39m]  POST /api/v1/game 500 1ms 986b8f69 {"method":"POST","url":"/api/v1/game","status":500,"duration":"1ms"}

[90mstdout[2m | tests/agent-system/scheduling.test.ts[2m > [22m[2mAgent Scheduling System[2m > [22m[2mError Handling[2m > [22m[2mshould handle decisions query with invalid limit gracefully[22m[39m
02:01:38 [[32minfo[39m]  [TRACE-7564dcc5-c73a-4bcb-ac12-78dd006a63bc] [REQUEST] GET /api/v1/agent/decisions?limit=abc&saveId=system
02:01:38 [[32minfo[39m]  Fetching decision logs {"limit":20,"offset":0,"saveId":"system"}
02:01:38 [[32minfo[39m]  Decision logs query completed {"returnedCount":0,"total":0}
02:01:38 [[32minfo[39m]  [TRACE-7564dcc5-c73a-4bcb-ac12-78dd006a63bc] [RESPONSE] 200 {"success":true,"data":{"data":[],"total":0,"limit":20,"offset":0,"saveId":"system","totalPages":0},"meta":{"timestamp":1785002498764,"requestId":"7564dcc5-c73a-4bcb-ac12-78dd006a63bc"}}
02:01:38 [[32minfo[39m]  GET /decisions?limit=abc&saveId=system 200 3ms 7564dcc5 {"method":"GET","url":"/decisions?limit=abc&saveId=system","status":200,"duration":"3ms"}
02:01:38 [[32minfo[39m]  [TRACE-7564dcc5-c73a-4bcb-ac12-78dd006a63bc] [DURATION] 2ms

[90mstdout[2m | tests/agent-system/scheduling.test.ts[2m > [22m[2mAgent Scheduling System[2m > [22m[2mError Handling[2m > [22m[2mshould handle decisions query with out-of-range limit[22m[39m
02:01:38 [[32minfo[39m]  [TRACE-08a5f295-6c8a-428a-845e-320e88176378] [REQUEST] GET /api/v1/agent/decisions?limit=200&saveId=system
02:01:38 [[31merror[39m]  Error occurred: [
  {
    "origin": "number",
    "code": "too_big",
    "maximum": 100,
    "inclusive": true,
    "path": [
      "limit"
    ],
    "message": "鏈€澶у€间负100"
  }
] {"name":"ZodError"}
02:01:38 [[32minfo[39m]  [TRACE-08a5f295-6c8a-428a-845e-320e88176378] [RESPONSE] 400 {"success":false,"error":{"code":"VALIDATION_ERROR","message":"鍙傛暟楠岃瘉澶辫触","details":{"errors":[{"path":"limit","message":"鏈€澶у€间负100"}]}},"meta":{"timestamp":1785002498770,"requestId":"949c456b-ba31-49cb-a2... [truncated, total 218 chars]
02:01:38 [[32minfo[39m]  GET /api/v1/agent/decisions?limit=200&saveId=system 400 2ms 08a5f295 {"method":"GET","url":"/api/v1/agent/decisions?limit=200&saveId=system","status":400,"duration":"2ms"}
02:01:38 [[32minfo[39m]  [TRACE-08a5f295-6c8a-428a-845e-320e88176378] [DURATION] 1ms

[90mstdout[2m | tests/agent-system/scheduling.test.ts[22m[39m
鉁?Database connection closed

 [33m鉂?[39m tests/agent-system/scheduling.test.ts [2m ([22m[2m39 tests[22m [2m|[22m [31m1 failed[39m[2m)[22m[33m 108884[2mms[22m[39m
[31m   [33m鉂?[31m tests/agent-system/scheduling.test.ts[2m > [22mAgent Scheduling System[2m > [22mError Handling[2m > [22mshould return 404 for non-existent saveId in chat[39m
[31m     鈫?expected 404 "Not Found", got 500 "Internal Server Error"[39m
[90mstdout[2m | tests/agent-system/lifecycle.test.ts[2m > [22m[2mAgent Lifecycle and State Management[2m > [22m[2mAgent Context Management[2m > [22m[2mshould maintain separate contexts for different saveIds[22m[39m
02:01:41 [[32minfo[39m] [LLM-INPUT] LLM input for output, iteration 1 (full context) iter=1 0e595c8f {"agent":"output","model":"openrouter/free","provider":"5f23448c-47dc-4128-8ccc-fa16f9550481","cumulativeMessages":2,"toolsCount":9,"messages":[{"role":"system","content":"浣犳槸杈撳嚭Agent锛圠ayer 3锛夛紝璐熻矗AI-generated Games涓殑瀵硅瘽鍙欎簨鐢熸垚鍜孶I鎸囦护鐢熸垚銆俓n\n## 瑙掕壊瀹氫箟\n浣犳槸灞曠ず灞傜殑鏍稿績Agent锛岃礋璐ｄ袱椤圭嫭绔嬩换鍔★細\n- **瀵硅瘽鍙欎簨**锛氬皢Domain Agent鐨勬暟鎹暣鍚堟鼎鑹蹭负鐢熷姩鐨勫璇濆彊浜嬶紝鐢熸垚澶歂PC瀵硅瘽鍐呭銆佹梺鐧芥弿杩板拰瀵硅瘽閫夐」锛岄€氳繃 `dialogue_service.submit_dialogue` 鎻愪氦\n- **UI鎸囦护*... (11282 chars)"},{"role":"user","content":"[鐜╁鎿嶄綔: direct_message]"}],"tools":[{"name":"game_time_service__get_current_time","description":"鑾峰彇褰撳墠娓告垙鏃堕棿 鑾峰彇褰撳墠娓告垙鏃堕棿璇︽儏","parameters":{}},{"name":"game_time_service__get_period_of_day","description":"鑾峰彇褰撳墠鏃堕棿娈?鑾峰彇褰撳墠鏃堕棿娈碉紙榛庢槑/涓婂崍/涓崍/涓嬪崍/鍌嶆櫄/澶滄櫄/鍗堝锛?,"parameters":{}},"... (9 items)"],"temperature":0.85,"maxTokens":8192,"responseFormat":{"type":"json_object"}}
02:01:41 [[32minfo[39m] [LLM-REQUEST] Provider request to openai/openrouter/free, 2 messages 0e595c8f {"provider":"openai","model":"openrouter/free","messageCount":2,"toolsCount":9,"temperature":0.85,"maxTokens":16384}

[90mstdout[2m | tests/agent-system/lifecycle.test.ts[2m > [22m[2mAgent Lifecycle and State Management[2m > [22m[2mAgent Context Management[2m > [22m[2mshould maintain separate contexts for different saveIds[22m[39m
02:01:47 [[31merror[39m]  LLM API call failed {"provider":"openai","model":"openrouter/free","method":"chat","error":"429 Rate limit exceeded: free-models-per-day. Add 10 credits to unlock 1000 free model requests per day"}
02:01:47 [[33mwarn[39m]  Chat attempt 2/3 failed {"error":"openai chat: Rate limit exceeded: 429 Rate limit exceeded: free-models-per-day. Add 10 credits to unlock 1000 free model requests per day","provider":"5f23448c-47dc-4128-8ccc-fa16f9550481","model":"openrouter/free","category":"rate_limit","retryable":true,"shouldRetry":true,"delayMs":10192.626850495262}
02:01:47 [[33mwarn[39m]  API key failure reported, switching to next key {"providerId":"5f23448c-47dc-4128-8ccc-fa16f9550481","failedKeyIndex":0,"error":"openai chat: Rate limit exceeded: 429 Rate limit exceeded: free-models-per-day. Add 10 credits to unlock 1000 free model requests per day"}
02:01:47 [[32minfo[39m]  Waiting 10193ms before retry {"attempt":2,"category":"rate_limit","provider":"5f23448c-47dc-4128-8ccc-fa16f9550481","model":"openrouter/free"}

[90mstdout[2m | tests/agent-system/lifecycle.test.ts[2m > [22m[2mAgent Lifecycle and State Management[2m > [22m[2mAgent Context Management[2m > [22m[2mshould maintain separate contexts for different saveIds[22m[39m
02:01:57 [[32minfo[39m] [LLM-INPUT] LLM input for output, iteration 1 (full context) iter=1 0e595c8f {"agent":"output","model":"openrouter/free","provider":"5f23448c-47dc-4128-8ccc-fa16f9550481","cumulativeMessages":2,"toolsCount":9,"messages":[{"role":"system","content":"浣犳槸杈撳嚭Agent锛圠ayer 3锛夛紝璐熻矗AI-generated Games涓殑瀵硅瘽鍙欎簨鐢熸垚鍜孶I鎸囦护鐢熸垚銆俓n\n## 瑙掕壊瀹氫箟\n浣犳槸灞曠ず灞傜殑鏍稿績Agent锛岃礋璐ｄ袱椤圭嫭绔嬩换鍔★細\n- **瀵硅瘽鍙欎簨**锛氬皢Domain Agent鐨勬暟鎹暣鍚堟鼎鑹蹭负鐢熷姩鐨勫璇濆彊浜嬶紝鐢熸垚澶歂PC瀵硅瘽鍐呭銆佹梺鐧芥弿杩板拰瀵硅瘽閫夐」锛岄€氳繃 `dialogue_service.submit_dialogue` 鎻愪氦\n- **UI鎸囦护*... (11282 chars)"},{"role":"user","content":"[鐜╁鎿嶄綔: direct_message]"}],"tools":[{"name":"game_time_service__get_current_time","description":"鑾峰彇褰撳墠娓告垙鏃堕棿 鑾峰彇褰撳墠娓告垙鏃堕棿璇︽儏","parameters":{}},{"name":"game_time_service__get_period_of_day","description":"鑾峰彇褰撳墠鏃堕棿娈?鑾峰彇褰撳墠鏃堕棿娈碉紙榛庢槑/涓婂崍/涓崍/涓嬪崍/鍌嶆櫄/澶滄櫄/鍗堝锛?,"parameters":{}},"... (9 items)"],"temperature":0.85,"maxTokens":8192,"responseFormat":{"type":"json_object"}}
02:01:57 [[32minfo[39m] [LLM-REQUEST] Provider request to openai/openrouter/free, 2 messages 0e595c8f {"provider":"openai","model":"openrouter/free","messageCount":2,"toolsCount":9,"temperature":0.85,"maxTokens":16384}

[90mstdout[2m | tests/agent-system/lifecycle.test.ts[2m > [22m[2mAgent Lifecycle and State Management[2m > [22m[2mTool Permission System[2m > [22m[2mshould return all 23 tools from tools endpoint[22m[39m
02:01:58 [[32minfo[39m]  [TRACE-c2685f7c-174a-4c14-9d59-0a00e61c5967] [REQUEST] GET /api/v1/agent/tools
02:01:58 [[32minfo[39m]  Fetching available tools
02:01:58 [[32minfo[39m]  Tools retrieved {"count":23}
02:01:58 [[32minfo[39m]  [TRACE-c2685f7c-174a-4c14-9d59-0a00e61c5967] [RESPONSE] 200 {"success":true,"data":{"tools":[{"type":"game_time_service","name":"GameTime Service","description":"娓告垙鏃堕棿绠＄悊鏈嶅姟銆傝缁嗕娇鐢ㄦ柟娉曡璋冪敤 get_tool_help 宸ュ叿銆?,"version":"1.0.0","methods":[{"name":"advance_time","descrip... [truncated, total 123695 chars]
02:01:58 [[32minfo[39m]  GET /tools 200 6ms c2685f7c {"method":"GET","url":"/tools","status":200,"duration":"6ms"}
02:01:58 [[32minfo[39m]  [TRACE-c2685f7c-174a-4c14-9d59-0a00e61c5967] [DURATION] 6ms

[90mstdout[2m | tests/agent-system/lifecycle.test.ts[2m > [22m[2mAgent Lifecycle and State Management[2m > [22m[2mTool Permission System[2m > [22m[2meach tool should have name, description, type, version and methods[22m[39m
02:01:58 [[32minfo[39m]  [TRACE-4b35c4f5-a906-4895-909c-7d00d3920aa9] [REQUEST] GET /api/v1/agent/tools
02:01:58 [[32minfo[39m]  Fetching available tools
02:01:58 [[32minfo[39m]  Tools retrieved {"count":23}
02:01:58 [[32minfo[39m]  [TRACE-4b35c4f5-a906-4895-909c-7d00d3920aa9] [RESPONSE] 200 {"success":true,"data":{"tools":[{"type":"game_time_service","name":"GameTime Service","description":"娓告垙鏃堕棿绠＄悊鏈嶅姟銆傝缁嗕娇鐢ㄦ柟娉曡璋冪敤 get_tool_help 宸ュ叿銆?,"version":"1.0.0","methods":[{"name":"advance_time","descrip... [truncated, total 123695 chars]
02:01:58 [[32minfo[39m]  GET /tools 200 4ms 4b35c4f5 {"method":"GET","url":"/tools","status":200,"duration":"4ms"}
02:01:58 [[32minfo[39m]  [TRACE-4b35c4f5-a906-4895-909c-7d00d3920aa9] [DURATION] 4ms

[90mstdout[2m | tests/agent-system/lifecycle.test.ts[2m > [22m[2mAgent Lifecycle and State Management[2m > [22m[2mTool Permission System[2m > [22m[2mshould include 23 ServiceTools[22m[39m
02:01:58 [[32minfo[39m]  [TRACE-e812a0b5-fb21-4902-b6a0-258c5f9a14a1] [REQUEST] GET /api/v1/agent/tools
02:01:58 [[32minfo[39m]  Fetching available tools
02:01:58 [[32minfo[39m]  Tools retrieved {"count":23}
02:01:58 [[32minfo[39m]  [TRACE-e812a0b5-fb21-4902-b6a0-258c5f9a14a1] [RESPONSE] 200 {"success":true,"data":{"tools":[{"type":"game_time_service","name":"GameTime Service","description":"娓告垙鏃堕棿绠＄悊鏈嶅姟銆傝缁嗕娇鐢ㄦ柟娉曡璋冪敤 get_tool_help 宸ュ叿銆?,"version":"1.0.0","methods":[{"name":"advance_time","descrip... [truncated, total 123695 chars]
02:01:58 [[32minfo[39m]  GET /tools 200 5ms e812a0b5 {"method":"GET","url":"/tools","status":200,"duration":"5ms"}
02:01:58 [[32minfo[39m]  [TRACE-e812a0b5-fb21-4902-b6a0-258c5f9a14a1] [DURATION] 5ms

[90mstdout[2m | tests/agent-system/lifecycle.test.ts[2m > [22m[2mAgent Lifecycle and State Management[2m > [22m[2mGame Initialization Flow[2m > [22m[2mshould return 400 when characterData is missing[22m[39m
02:01:58 [[32minfo[39m]  POST / 400 1ms fd85b192 {"method":"POST","url":"/","status":400,"duration":"1ms"}

[90mstdout[2m | tests/agent-system/lifecycle.test.ts[2m > [22m[2mAgent Lifecycle and State Management[2m > [22m[2mGame Initialization Flow[2m > [22m[2mshould return 400 when characterData is incomplete[22m[39m
02:01:58 [[32minfo[39m]  POST / 400 1ms 2e0ba397 {"method":"POST","url":"/","status":400,"duration":"1ms"}

[90mstdout[2m | tests/agent-system/lifecycle.test.ts[2m > [22m[2mAgent Lifecycle and State Management[2m > [22m[2mSave-Game Interaction[2m > [22m[2mshould create a save via POST /api/v1/saves[22m[39m
02:01:58 [[32minfo[39m]  Save created {"saveId":"save_Interaction_Test_Save_1785002518435_2","name":"Interaction Test Save","restrictionType":"free"}
02:01:58 [[32minfo[39m]  POST / 201 1ms 3469e2d7 {"method":"POST","url":"/","status":201,"duration":"1ms"}

[90mstdout[2m | tests/agent-system/lifecycle.test.ts[2m > [22m[2mAgent Lifecycle and State Management[2m > [22m[2mSave-Game Interaction[2m > [22m[2mshould use the saveId to interact with agents via chat[22m[39m
02:01:58 [[31merror[39m]  Game route error {"action":"chat","error":"Cannot read properties of undefined (reading 'getSave')"}
02:01:58 [[31merror[39m]  Error occurred: Cannot read properties of undefined (reading 'getSave') {"name":"TypeError"}
02:01:58 [[32minfo[39m]  POST /api/v1/game 500 4ms ec611422 {"method":"POST","url":"/api/v1/game","status":500,"duration":"4ms"}

[90mstdout[2m | tests/agent-system/lifecycle.test.ts[2m > [22m[2mAgent Lifecycle and State Management[2m > [22m[2mSave-Game Interaction[2m > [22m[2mshould use the saveId to send direct messages to agents[22m[39m
02:01:58 [[32minfo[39m]  [TRACE-7972c761-30e7-4f7f-8e19-7db9bdeefaf4] [REQUEST] POST /api/v1/agent/message
02:01:58 [[32minfo[39m]  Received direct message request {"targetAgent":"output","messageLength":5,"saveId":"save_Interaction_Test_Save_1785002518435_2"}
02:01:58 [[33mwarn[39m]  broadcastToClient: clientId is empty, event dropped 93dba05b {"eventType":"agent_progress"}
02:01:58 [[34mdebug[39m]  Agent status changed: output -> processing
02:01:58 [[32minfo[39m]  Context loaded from DB for agent: output {"saveId":"save_Interaction_Test_Save_1785002518435_2","messageCount":0}
02:01:58 [[33mwarn[39m]  dev:runtime_snapshot: no client for saveId {"saveId":"save_Interaction_Test_Save_1785002518435_2"}
02:01:58 [[34mdebug[39m] [REACT-ITER] ReAct iteration 1/200 iter=1 93dba05b {"agent":"output","currentIteration":1,"maxIterations":200,"cumulativeMessages":2}
02:01:58 [[33mwarn[39m]  broadcastToClient: clientId is empty, event dropped 93dba05b {"eventType":"agent_progress"}
02:01:58 [[32minfo[39m] [LLM-INPUT] LLM input for output, iteration 1 (full context) iter=1 93dba05b {"agent":"output","model":"openrouter/free","provider":"5f23448c-47dc-4128-8ccc-fa16f9550481","cumulativeMessages":2,"toolsCount":9,"messages":[{"role":"system","content":"浣犳槸杈撳嚭Agent锛圠ayer 3锛夛紝璐熻矗AI-generated Games涓殑瀵硅瘽鍙欎簨鐢熸垚鍜孶I鎸囦护鐢熸垚銆俓n\n## 瑙掕壊瀹氫箟\n浣犳槸灞曠ず灞傜殑鏍稿績Agent锛岃礋璐ｄ袱椤圭嫭绔嬩换鍔★細\n- **瀵硅瘽鍙欎簨**锛氬皢Domain Agent鐨勬暟鎹暣鍚堟鼎鑹蹭负鐢熷姩鐨勫璇濆彊浜嬶紝鐢熸垚澶歂PC瀵硅瘽鍐呭銆佹梺鐧芥弿杩板拰瀵硅瘽閫夐」锛岄€氳繃 `dialogue_service.submit_dialogue` 鎻愪氦\n- **UI鎸囦护*... (11282 chars)"},{"role":"user","content":"[鐜╁鎿嶄綔: direct_message]"}],"tools":[{"name":"game_time_service__get_current_time","description":"鑾峰彇褰撳墠娓告垙鏃堕棿 鑾峰彇褰撳墠娓告垙鏃堕棿璇︽儏","parameters":{}},{"name":"game_time_service__get_period_of_day","description":"鑾峰彇褰撳墠鏃堕棿娈?鑾峰彇褰撳墠鏃堕棿娈碉紙榛庢槑/涓婂崍/涓崍/涓嬪崍/鍌嶆櫄/澶滄櫄/鍗堝锛?,"parameters":{}},"... (9 items)"],"temperature":0.85,"maxTokens":8192,"responseFormat":{"type":"json_object"}}
02:01:58 [[32minfo[39m] [LLM-REQUEST] Provider request to openai/openrouter/free, 2 messages 93dba05b {"provider":"openai","model":"openrouter/free","messageCount":2,"toolsCount":9,"temperature":0.85,"maxTokens":16384}

[90mstdout[2m | tests/agent-system/lifecycle.test.ts[2m > [22m[2mAgent Lifecycle and State Management[2m > [22m[2mSave-Game Interaction[2m > [22m[2mshould use the saveId to send direct messages to agents[22m[39m
02:02:03 [[31merror[39m]  LLM API call failed {"provider":"openai","model":"openrouter/free","method":"chat","error":"429 Rate limit exceeded: free-models-per-day. Add 10 credits to unlock 1000 free model requests per day"}
02:02:03 [[33mwarn[39m]  Chat attempt 3/3 failed {"error":"openai chat: Rate limit exceeded: 429 Rate limit exceeded: free-models-per-day. Add 10 credits to unlock 1000 free model requests per day","provider":"5f23448c-47dc-4128-8ccc-fa16f9550481","model":"openrouter/free","category":"rate_limit","retryable":true,"shouldRetry":false,"delayMs":0}
02:02:03 [[31merror[39m]  ReAct loop execution failed, entering recovery {"agent":"output","saveId":"save_Context_Test_Save_2_1785002458371_1","failureStage":"subagent-react-loop","attempts":0,"error":"Rate limit exceeded: openai chat: Rate limit exceeded: 429 Rate limit exceeded: free-models-per-day. Add 10 credits to unlock 1000 free model requests per day"}
02:02:03 [[34mdebug[39m]  Agent status changed: output -> idle
02:02:03 [[32minfo[39m]  Direct message processed {"targetAgent":"output","success":true,"processingTime":32282}
02:02:03 [[32minfo[39m]  [TRACE-559f250b-bc3b-4145-99c6-32593a030e36] [RESPONSE] 200 {"success":true,"data":{"success":true,"data":{"content":{"message":""},"data":{"taskStatus":{"completed":false,"summary":"浠诲姟鎵ц瀹屾垚","needsFollowUp":false},"actions":[],"results":{"created":[],"updated"... [truncated, total 1139 chars]
02:02:03 [[32minfo[39m]  POST /message 200 32284ms 559f250b {"method":"POST","url":"/message","status":200,"duration":"32284ms"}
02:02:03 [[32minfo[39m]  [TRACE-559f250b-bc3b-4145-99c6-32593a030e36] [DURATION] 32284ms

[90mstdout[2m | tests/agent-system/lifecycle.test.ts[2m > [22m[2mAgent Lifecycle and State Management[2m > [22m[2mSave-Game Interaction[2m > [22m[2mshould use the saveId to send direct messages to agents[22m[39m
02:02:04 [[31merror[39m]  LLM API call failed {"provider":"openai","model":"openrouter/free","method":"chat","error":"429 Rate limit exceeded: free-models-per-day. Add 10 credits to unlock 1000 free model requests per day"}
02:02:04 [[33mwarn[39m]  Chat attempt 1/3 failed {"error":"openai chat: Rate limit exceeded: 429 Rate limit exceeded: free-models-per-day. Add 10 credits to unlock 1000 free model requests per day","provider":"5f23448c-47dc-4128-8ccc-fa16f9550481","model":"openrouter/free","category":"rate_limit","retryable":true,"shouldRetry":true,"delayMs":5013.070666568254}
02:02:04 [[33mwarn[39m]  API key failure reported, switching to next key {"providerId":"5f23448c-47dc-4128-8ccc-fa16f9550481","failedKeyIndex":0,"error":"openai chat: Rate limit exceeded: 429 Rate limit exceeded: free-models-per-day. Add 10 credits to unlock 1000 free model requests per day"}
02:02:04 [[32minfo[39m]  Waiting 5013ms before retry {"attempt":1,"category":"rate_limit","provider":"5f23448c-47dc-4128-8ccc-fa16f9550481","model":"openrouter/free"}

[90mstdout[2m | tests/agent-system/lifecycle.test.ts[2m > [22m[2mAgent Lifecycle and State Management[2m > [22m[2mSave-Game Interaction[2m > [22m[2mshould use the saveId to send direct messages to agents[22m[39m
02:02:09 [[32minfo[39m] [LLM-INPUT] LLM input for output, iteration 1 (full context) iter=1 93dba05b {"agent":"output","model":"openrouter/free","provider":"5f23448c-47dc-4128-8ccc-fa16f9550481","cumulativeMessages":2,"toolsCount":9,"messages":[{"role":"system","content":"浣犳槸杈撳嚭Agent锛圠ayer 3锛夛紝璐熻矗AI-generated Games涓殑瀵硅瘽鍙欎簨鐢熸垚鍜孶I鎸囦护鐢熸垚銆俓n\n## 瑙掕壊瀹氫箟\n浣犳槸灞曠ず灞傜殑鏍稿績Agent锛岃礋璐ｄ袱椤圭嫭绔嬩换鍔★細\n- **瀵硅瘽鍙欎簨**锛氬皢Domain Agent鐨勬暟鎹暣鍚堟鼎鑹蹭负鐢熷姩鐨勫璇濆彊浜嬶紝鐢熸垚澶歂PC瀵硅瘽鍐呭銆佹梺鐧芥弿杩板拰瀵硅瘽閫夐」锛岄€氳繃 `dialogue_service.submit_dialogue` 鎻愪氦\n- **UI鎸囦护*... (11282 chars)"},{"role":"user","content":"[鐜╁鎿嶄綔: direct_message]"}],"tools":[{"name":"game_time_service__get_current_time","description":"鑾峰彇褰撳墠娓告垙鏃堕棿 鑾峰彇褰撳墠娓告垙鏃堕棿璇︽儏","parameters":{}},{"name":"game_time_service__get_period_of_day","description":"鑾峰彇褰撳墠鏃堕棿娈?鑾峰彇褰撳墠鏃堕棿娈碉紙榛庢槑/涓婂崍/涓崍/涓嬪崍/鍌嶆櫄/澶滄櫄/鍗堝锛?,"parameters":{}},"... (9 items)"],"temperature":0.85,"maxTokens":8192,"responseFormat":{"type":"json_object"}}
02:02:09 [[32minfo[39m] [LLM-REQUEST] Provider request to openai/openrouter/free, 2 messages 93dba05b {"provider":"openai","model":"openrouter/free","messageCount":2,"toolsCount":9,"temperature":0.85,"maxTokens":16384}

[90mstdout[2m | tests/agent-system/lifecycle.test.ts[2m > [22m[2mAgent Lifecycle and State Management[2m > [22m[2mSave-Game Interaction[2m > [22m[2mshould use the saveId to send direct messages to agents[22m[39m
02:02:15 [[31merror[39m]  LLM API call failed {"provider":"openai","model":"openrouter/free","method":"chat","error":"429 Rate limit exceeded: free-models-per-day. Add 10 credits to unlock 1000 free model requests per day"}
02:02:15 [[33mwarn[39m]  Chat attempt 2/3 failed {"error":"openai chat: Rate limit exceeded: 429 Rate limit exceeded: free-models-per-day. Add 10 credits to unlock 1000 free model requests per day","provider":"5f23448c-47dc-4128-8ccc-fa16f9550481","model":"openrouter/free","category":"rate_limit","retryable":true,"shouldRetry":true,"delayMs":10077.674271538403}
02:02:15 [[33mwarn[39m]  API key failure reported, switching to next key {"providerId":"5f23448c-47dc-4128-8ccc-fa16f9550481","failedKeyIndex":0,"error":"openai chat: Rate limit exceeded: 429 Rate limit exceeded: free-models-per-day. Add 10 credits to unlock 1000 free model requests per day"}
02:02:15 [[32minfo[39m]  Waiting 10078ms before retry {"attempt":2,"category":"rate_limit","provider":"5f23448c-47dc-4128-8ccc-fa16f9550481","model":"openrouter/free"}

[90mstdout[2m | tests/agent-system/lifecycle.test.ts[2m > [22m[2mAgent Lifecycle and State Management[2m > [22m[2mSave-Game Interaction[2m > [22m[2mshould use the saveId to send direct messages to agents[22m[39m
02:02:26 [[32minfo[39m] [LLM-INPUT] LLM input for output, iteration 1 (full context) iter=1 93dba05b {"agent":"output","model":"openrouter/free","provider":"5f23448c-47dc-4128-8ccc-fa16f9550481","cumulativeMessages":2,"toolsCount":9,"messages":[{"role":"system","content":"浣犳槸杈撳嚭Agent锛圠ayer 3锛夛紝璐熻矗AI-generated Games涓殑瀵硅瘽鍙欎簨鐢熸垚鍜孶I鎸囦护鐢熸垚銆俓n\n## 瑙掕壊瀹氫箟\n浣犳槸灞曠ず灞傜殑鏍稿績Agent锛岃礋璐ｄ袱椤圭嫭绔嬩换鍔★細\n- **瀵硅瘽鍙欎簨**锛氬皢Domain Agent鐨勬暟鎹暣鍚堟鼎鑹蹭负鐢熷姩鐨勫璇濆彊浜嬶紝鐢熸垚澶歂PC瀵硅瘽鍐呭銆佹梺鐧芥弿杩板拰瀵硅瘽閫夐」锛岄€氳繃 `dialogue_service.submit_dialogue` 鎻愪氦\n- **UI鎸囦护*... (11282 chars)"},{"role":"user","content":"[鐜╁鎿嶄綔: direct_message]"}],"tools":[{"name":"game_time_service__get_current_time","description":"鑾峰彇褰撳墠娓告垙鏃堕棿 鑾峰彇褰撳墠娓告垙鏃堕棿璇︽儏","parameters":{}},{"name":"game_time_service__get_period_of_day","description":"鑾峰彇褰撳墠鏃堕棿娈?鑾峰彇褰撳墠鏃堕棿娈碉紙榛庢槑/涓婂崍/涓崍/涓嬪崍/鍌嶆櫄/澶滄櫄/鍗堝锛?,"parameters":{}},"... (9 items)"],"temperature":0.85,"maxTokens":8192,"responseFormat":{"type":"json_object"}}
02:02:26 [[32minfo[39m] [LLM-REQUEST] Provider request to openai/openrouter/free, 2 messages 93dba05b {"provider":"openai","model":"openrouter/free","messageCount":2,"toolsCount":9,"temperature":0.85,"maxTokens":16384}

[90mstdout[2m | tests/agent-system/lifecycle.test.ts[2m > [22m[2mAgent Lifecycle and State Management[2m > [22m[2mSave-Game Interaction[2m > [22m[2mshould use the saveId to send direct messages to agents[22m[39m
02:02:32 [[31merror[39m]  LLM API call failed {"provider":"openai","model":"openrouter/free","method":"chat","error":"429 Rate limit exceeded: free-models-per-day. Add 10 credits to unlock 1000 free model requests per day"}
02:02:32 [[33mwarn[39m]  Chat attempt 3/3 failed {"error":"openai chat: Rate limit exceeded: 429 Rate limit exceeded: free-models-per-day. Add 10 credits to unlock 1000 free model requests per day","provider":"5f23448c-47dc-4128-8ccc-fa16f9550481","model":"openrouter/free","category":"rate_limit","retryable":true,"shouldRetry":false,"delayMs":0}
02:02:32 [[31merror[39m]  ReAct loop execution failed, entering recovery {"agent":"output","saveId":"save_Interaction_Test_Save_1785002518435_2","failureStage":"subagent-react-loop","attempts":0,"error":"Rate limit exceeded: openai chat: Rate limit exceeded: 429 Rate limit exceeded: free-models-per-day. Add 10 credits to unlock 1000 free model requests per day"}
02:02:32 [[34mdebug[39m]  Agent status changed: output -> idle
02:02:32 [[32minfo[39m]  Direct message processed {"targetAgent":"output","success":true,"processingTime":34251}
02:02:32 [[32minfo[39m]  [TRACE-7972c761-30e7-4f7f-8e19-7db9bdeefaf4] [RESPONSE] 200 {"success":true,"data":{"success":true,"data":{"content":{"message":""},"data":{"taskStatus":{"completed":false,"summary":"浠诲姟鎵ц瀹屾垚","needsFollowUp":false},"actions":[],"results":{"created":[],"updated"... [truncated, total 1128 chars]
02:02:32 [[32minfo[39m]  POST /message 200 34252ms 7972c761 {"method":"POST","url":"/message","status":200,"duration":"34252ms"}
02:02:32 [[32minfo[39m]  [TRACE-7972c761-30e7-4f7f-8e19-7db9bdeefaf4] [DURATION] 34253ms

[90mstdout[2m | tests/agent-system/lifecycle.test.ts[2m > [22m[2mAgent Lifecycle and State Management[2m > [22m[2mSave-Game Interaction[2m > [22m[2mshould return 404 when using a non-existent saveId for chat[22m[39m
02:02:32 [[31merror[39m]  Game route error {"action":"chat","error":"Cannot read properties of undefined (reading 'getSave')"}
02:02:32 [[31merror[39m]  Error occurred: Cannot read properties of undefined (reading 'getSave') {"name":"TypeError"}
02:02:32 [[32minfo[39m]  POST /api/v1/game 500 1ms a831b391 {"method":"POST","url":"/api/v1/game","status":500,"duration":"1ms"}

[90mstdout[2m | tests/agent-system/lifecycle.test.ts[2m > [22m[2mAgent Lifecycle and State Management[2m > [22m[2mSave-Game Interaction[2m > [22m[2mshould be able to load context for the saveId after interaction[22m[39m
02:02:32 [[32minfo[39m]  [TRACE-43bbe0cf-24be-4590-8d97-f4b449164b33] [REQUEST] POST /api/v1/agent/message
02:02:32 [[32minfo[39m]  Received direct message request {"targetAgent":"output","messageLength":17,"saveId":"save_Interaction_Test_Save_1785002518435_2"}
02:02:32 [[33mwarn[39m]  broadcastToClient: clientId is empty, event dropped 89b4c0c8 {"eventType":"agent_progress"}
02:02:32 [[34mdebug[39m]  Agent status changed: output -> processing
02:02:32 [[33mwarn[39m]  dev:runtime_snapshot: no client for saveId {"saveId":"save_Interaction_Test_Save_1785002518435_2"}
02:02:32 [[34mdebug[39m] [REACT-ITER] ReAct iteration 1/200 iter=1 89b4c0c8 {"agent":"output","currentIteration":1,"maxIterations":200,"cumulativeMessages":2}
02:02:32 [[33mwarn[39m]  broadcastToClient: clientId is empty, event dropped 89b4c0c8 {"eventType":"agent_progress"}
02:02:32 [[32minfo[39m] [LLM-INPUT] LLM input for output, iteration 1 (full context) iter=1 89b4c0c8 {"agent":"output","model":"openrouter/free","provider":"5f23448c-47dc-4128-8ccc-fa16f9550481","cumulativeMessages":2,"toolsCount":9,"messages":[{"role":"system","content":"浣犳槸杈撳嚭Agent锛圠ayer 3锛夛紝璐熻矗AI-generated Games涓殑瀵硅瘽鍙欎簨鐢熸垚鍜孶I鎸囦护鐢熸垚銆俓n\n## 瑙掕壊瀹氫箟\n浣犳槸灞曠ず灞傜殑鏍稿績Agent锛岃礋璐ｄ袱椤圭嫭绔嬩换鍔★細\n- **瀵硅瘽鍙欎簨**锛氬皢Domain Agent鐨勬暟鎹暣鍚堟鼎鑹蹭负鐢熷姩鐨勫璇濆彊浜嬶紝鐢熸垚澶歂PC瀵硅瘽鍐呭銆佹梺鐧芥弿杩板拰瀵硅瘽閫夐」锛岄€氳繃 `dialogue_service.submit_dialogue` 鎻愪氦\n- **UI鎸囦护*... (11282 chars)"},{"role":"user","content":"[鐜╁鎿嶄綔: direct_message]"}],"tools":[{"name":"game_time_service__get_current_time","description":"鑾峰彇褰撳墠娓告垙鏃堕棿 鑾峰彇褰撳墠娓告垙鏃堕棿璇︽儏","parameters":{}},{"name":"game_time_service__get_period_of_day","description":"鑾峰彇褰撳墠鏃堕棿娈?鑾峰彇褰撳墠鏃堕棿娈碉紙榛庢槑/涓婂崍/涓崍/涓嬪崍/鍌嶆櫄/澶滄櫄/鍗堝锛?,"parameters":{}},"... (9 items)"],"temperature":0.85,"maxTokens":8192,"responseFormat":{"type":"json_object"}}
02:02:32 [[32minfo[39m] [LLM-REQUEST] Provider request to openai/openrouter/free, 2 messages 89b4c0c8 {"provider":"openai","model":"openrouter/free","messageCount":2,"toolsCount":9,"temperature":0.85,"maxTokens":16384}

[90mstdout[2m | tests/agent-system/lifecycle.test.ts[2m > [22m[2mAgent Lifecycle and State Management[2m > [22m[2mSave-Game Interaction[2m > [22m[2mshould be able to load context for the saveId after interaction[22m[39m
02:02:38 [[31merror[39m]  LLM API call failed {"provider":"openai","model":"openrouter/free","method":"chat","error":"429 Rate limit exceeded: free-models-per-day. Add 10 credits to unlock 1000 free model requests per day"}
02:02:38 [[33mwarn[39m]  Chat attempt 1/3 failed {"error":"openai chat: Rate limit exceeded: 429 Rate limit exceeded: free-models-per-day. Add 10 credits to unlock 1000 free model requests per day","provider":"5f23448c-47dc-4128-8ccc-fa16f9550481","model":"openrouter/free","category":"rate_limit","retryable":true,"shouldRetry":true,"delayMs":5317.075681157961}
02:02:38 [[33mwarn[39m]  API key failure reported, switching to next key {"providerId":"5f23448c-47dc-4128-8ccc-fa16f9550481","failedKeyIndex":0,"error":"openai chat: Rate limit exceeded: 429 Rate limit exceeded: free-models-per-day. Add 10 credits to unlock 1000 free model requests per day"}
02:02:38 [[32minfo[39m]  Waiting 5317ms before retry {"attempt":1,"category":"rate_limit","provider":"5f23448c-47dc-4128-8ccc-fa16f9550481","model":"openrouter/free"}

[90mstdout[2m | tests/agent-system/lifecycle.test.ts[2m > [22m[2mAgent Lifecycle and State Management[2m > [22m[2mSave-Game Interaction[2m > [22m[2mshould be able to load context for the saveId after interaction[22m[39m
02:02:44 [[32minfo[39m] [LLM-INPUT] LLM input for output, iteration 1 (full context) iter=1 89b4c0c8 {"agent":"output","model":"openrouter/free","provider":"5f23448c-47dc-4128-8ccc-fa16f9550481","cumulativeMessages":2,"toolsCount":9,"messages":[{"role":"system","content":"浣犳槸杈撳嚭Agent锛圠ayer 3锛夛紝璐熻矗AI-generated Games涓殑瀵硅瘽鍙欎簨鐢熸垚鍜孶I鎸囦护鐢熸垚銆俓n\n## 瑙掕壊瀹氫箟\n浣犳槸灞曠ず灞傜殑鏍稿績Agent锛岃礋璐ｄ袱椤圭嫭绔嬩换鍔★細\n- **瀵硅瘽鍙欎簨**锛氬皢Domain Agent鐨勬暟鎹暣鍚堟鼎鑹蹭负鐢熷姩鐨勫璇濆彊浜嬶紝鐢熸垚澶歂PC瀵硅瘽鍐呭銆佹梺鐧芥弿杩板拰瀵硅瘽閫夐」锛岄€氳繃 `dialogue_service.submit_dialogue` 鎻愪氦\n- **UI鎸囦护*... (11282 chars)"},{"role":"user","content":"[鐜╁鎿嶄綔: direct_message]"}],"tools":[{"name":"game_time_service__get_current_time","description":"鑾峰彇褰撳墠娓告垙鏃堕棿 鑾峰彇褰撳墠娓告垙鏃堕棿璇︽儏","parameters":{}},{"name":"game_time_service__get_period_of_day","description":"鑾峰彇褰撳墠鏃堕棿娈?鑾峰彇褰撳墠鏃堕棿娈碉紙榛庢槑/涓婂崍/涓崍/涓嬪崍/鍌嶆櫄/澶滄櫄/鍗堝锛?,"parameters":{}},"... (9 items)"],"temperature":0.85,"maxTokens":8192,"responseFormat":{"type":"json_object"}}
02:02:44 [[32minfo[39m] [LLM-REQUEST] Provider request to openai/openrouter/free, 2 messages 89b4c0c8 {"provider":"openai","model":"openrouter/free","messageCount":2,"toolsCount":9,"temperature":0.85,"maxTokens":16384}

[90mstdout[2m | tests/agent-system/lifecycle.test.ts[2m > [22m[2mAgent Lifecycle and State Management[2m > [22m[2mSave-Game Interaction[2m > [22m[2mshould be able to load context for the saveId after interaction[22m[39m
02:02:49 [[31merror[39m]  LLM API call failed {"provider":"openai","model":"openrouter/free","method":"chat","error":"429 Rate limit exceeded: free-models-per-day. Add 10 credits to unlock 1000 free model requests per day"}
02:02:49 [[33mwarn[39m]  Chat attempt 2/3 failed {"error":"openai chat: Rate limit exceeded: 429 Rate limit exceeded: free-models-per-day. Add 10 credits to unlock 1000 free model requests per day","provider":"5f23448c-47dc-4128-8ccc-fa16f9550481","model":"openrouter/free","category":"rate_limit","retryable":true,"shouldRetry":true,"delayMs":10424.99535969784}
02:02:49 [[33mwarn[39m]  API key failure reported, switching to next key {"providerId":"5f23448c-47dc-4128-8ccc-fa16f9550481","failedKeyIndex":0,"error":"openai chat: Rate limit exceeded: 429 Rate limit exceeded: free-models-per-day. Add 10 credits to unlock 1000 free model requests per day"}
02:02:49 [[32minfo[39m]  Waiting 10425ms before retry {"attempt":2,"category":"rate_limit","provider":"5f23448c-47dc-4128-8ccc-fa16f9550481","model":"openrouter/free"}

[90mstdout[2m | tests/agent-system/lifecycle.test.ts[2m > [22m[2mAgent Lifecycle and State Management[2m > [22m[2mSave-Game Interaction[2m > [22m[2mshould be able to load context for the saveId after interaction[22m[39m
02:02:59 [[32minfo[39m] [LLM-INPUT] LLM input for output, iteration 1 (full context) iter=1 89b4c0c8 {"agent":"output","model":"openrouter/free","provider":"5f23448c-47dc-4128-8ccc-fa16f9550481","cumulativeMessages":2,"toolsCount":9,"messages":[{"role":"system","content":"浣犳槸杈撳嚭Agent锛圠ayer 3锛夛紝璐熻矗AI-generated Games涓殑瀵硅瘽鍙欎簨鐢熸垚鍜孶I鎸囦护鐢熸垚銆俓n\n## 瑙掕壊瀹氫箟\n浣犳槸灞曠ず灞傜殑鏍稿績Agent锛岃礋璐ｄ袱椤圭嫭绔嬩换鍔★細\n- **瀵硅瘽鍙欎簨**锛氬皢Domain Agent鐨勬暟鎹暣鍚堟鼎鑹蹭负鐢熷姩鐨勫璇濆彊浜嬶紝鐢熸垚澶歂PC瀵硅瘽鍐呭銆佹梺鐧芥弿杩板拰瀵硅瘽閫夐」锛岄€氳繃 `dialogue_service.submit_dialogue` 鎻愪氦\n- **UI鎸囦护*... (11282 chars)"},{"role":"user","content":"[鐜╁鎿嶄綔: direct_message]"}],"tools":[{"name":"game_time_service__get_current_time","description":"鑾峰彇褰撳墠娓告垙鏃堕棿 鑾峰彇褰撳墠娓告垙鏃堕棿璇︽儏","parameters":{}},{"name":"game_time_service__get_period_of_day","description":"鑾峰彇褰撳墠鏃堕棿娈?鑾峰彇褰撳墠鏃堕棿娈碉紙榛庢槑/涓婂崍/涓崍/涓嬪崍/鍌嶆櫄/澶滄櫄/鍗堝锛?,"parameters":{}},"... (9 items)"],"temperature":0.85,"maxTokens":8192,"responseFormat":{"type":"json_object"}}
02:02:59 [[32minfo[39m] [LLM-REQUEST] Provider request to openai/openrouter/free, 2 messages 89b4c0c8 {"provider":"openai","model":"openrouter/free","messageCount":2,"toolsCount":9,"temperature":0.85,"maxTokens":16384}

[90mstdout[2m | tests/agent-system/lifecycle.test.ts[2m > [22m[2mAgent Lifecycle and State Management[2m > [22m[2mSave-Game Interaction[2m > [22m[2mshould be able to load context for the saveId after interaction[22m[39m
02:03:04 [[31merror[39m]  LLM API call failed {"provider":"openai","model":"openrouter/free","method":"chat","error":"429 Rate limit exceeded: free-models-per-day. Add 10 credits to unlock 1000 free model requests per day"}
02:03:04 [[33mwarn[39m]  Chat attempt 3/3 failed {"error":"openai chat: Rate limit exceeded: 429 Rate limit exceeded: free-models-per-day. Add 10 credits to unlock 1000 free model requests per day","provider":"5f23448c-47dc-4128-8ccc-fa16f9550481","model":"openrouter/free","category":"rate_limit","retryable":true,"shouldRetry":false,"delayMs":0}
02:03:04 [[31merror[39m]  ReAct loop execution failed, entering recovery {"agent":"output","saveId":"save_Interaction_Test_Save_1785002518435_2","failureStage":"subagent-react-loop","attempts":0,"error":"Rate limit exceeded: openai chat: Rate limit exceeded: 429 Rate limit exceeded: free-models-per-day. Add 10 credits to unlock 1000 free model requests per day"}
02:03:04 [[34mdebug[39m]  Agent status changed: output -> idle
02:03:04 [[32minfo[39m]  Direct message processed {"targetAgent":"output","success":true,"processingTime":32074}
02:03:04 [[32minfo[39m]  [TRACE-43bbe0cf-24be-4590-8d97-f4b449164b33] [RESPONSE] 200 {"success":true,"data":{"success":true,"data":{"content":{"message":""},"data":{"taskStatus":{"completed":false,"summary":"浠诲姟鎵ц瀹屾垚","needsFollowUp":false},"actions":[],"results":{"created":[],"updated"... [truncated, total 1140 chars]
02:03:04 [[32minfo[39m]  POST /message 200 32074ms 43bbe0cf {"method":"POST","url":"/message","status":200,"duration":"32074ms"}
02:03:04 [[32minfo[39m]  [TRACE-43bbe0cf-24be-4590-8d97-f4b449164b33] [DURATION] 32075ms

[90mstdout[2m | tests/agent-system/lifecycle.test.ts[2m > [22m[2mAgent Lifecycle and State Management[2m > [22m[2mAgent System Health[2m > [22m[2mshould show database connected in health endpoint[22m[39m
02:03:04 [[32minfo[39m]  GET /api/v1/health 200 1ms b7d8ca19 {"method":"GET","url":"/api/v1/health","status":200,"duration":"1ms"}

[90mstdout[2m | tests/agent-system/lifecycle.test.ts[2m > [22m[2mAgent Lifecycle and State Management[2m > [22m[2mAgent System Health[2m > [22m[2mshould show system uptime and memory info in agent status[22m[39m
02:03:04 [[32minfo[39m]  [TRACE-3c3d72c0-4406-4b9e-ab98-6565298fdb39] [REQUEST] GET /api/v1/agent/status
02:03:04 [[32minfo[39m]  Fetching system status
02:03:04 [[32minfo[39m]  System status retrieved {"agentsCount":10,"toolsCount":23}
02:03:04 [[32minfo[39m]  [TRACE-3c3d72c0-4406-4b9e-ab98-6565298fdb39] [RESPONSE] 200 {"success":true,"data":{"coordinator":{"status":"active","type":"gamemaster","name":"GameMasterAgent","currentScheduleDepth":0,"registeredAgentsCount":10},"agents":[{"type":"gamemaster","status":"regi... [truncated, total 1274 chars]
02:03:04 [[32minfo[39m]  GET /status 200 1ms 3c3d72c0 {"method":"GET","url":"/status","status":200,"duration":"1ms"}
02:03:04 [[32minfo[39m]  [TRACE-3c3d72c0-4406-4b9e-ab98-6565298fdb39] [DURATION] 1ms

[90mstdout[2m | tests/agent-system/lifecycle.test.ts[2m > [22m[2mAgent Lifecycle and State Management[2m > [22m[2mAgent System Health[2m > [22m[2mshould show all components operational[22m[39m
02:03:04 [[32minfo[39m]  GET /api/v1/health 200 0ms 57d149b8 {"method":"GET","url":"/api/v1/health","status":200,"duration":"0ms"}

[90mstdout[2m | tests/agent-system/lifecycle.test.ts[2m > [22m[2mAgent Lifecycle and State Management[2m > [22m[2mAgent System Health[2m > [22m[2mshould show all components operational[22m[39m
02:03:04 [[32minfo[39m]  [TRACE-b8314eac-168c-44ca-8e57-f5a1b77eb78f] [REQUEST] GET /api/v1/agent/status
02:03:04 [[32minfo[39m]  Fetching system status
02:03:04 [[32minfo[39m]  System status retrieved {"agentsCount":10,"toolsCount":23}
02:03:04 [[32minfo[39m]  [TRACE-b8314eac-168c-44ca-8e57-f5a1b77eb78f] [RESPONSE] 200 {"success":true,"data":{"coordinator":{"status":"active","type":"gamemaster","name":"GameMasterAgent","currentScheduleDepth":0,"registeredAgentsCount":10},"agents":[{"type":"gamemaster","status":"regi... [truncated, total 1273 chars]
02:03:04 [[32minfo[39m]  GET /status 200 1ms b8314eac {"method":"GET","url":"/status","status":200,"duration":"1ms"}
02:03:04 [[32minfo[39m]  [TRACE-b8314eac-168c-44ca-8e57-f5a1b77eb78f] [DURATION] 1ms

[90mstdout[2m | tests/agent-system/lifecycle.test.ts[2m > [22m[2mAgent Lifecycle and State Management[2m > [22m[2mAgent System Health[2m > [22m[2mshould show database status with applied migrations[22m[39m
02:03:04 [[32minfo[39m]  GET /api/v1/database/status 200 1ms 32a23b37 {"method":"GET","url":"/api/v1/database/status","status":200,"duration":"1ms"}

[90mstdout[2m | tests/agent-system/lifecycle.test.ts[22m[39m
鉁?Database connection closed

 [33m鉂?[39m tests/agent-system/lifecycle.test.ts [2m ([22m[2m28 tests[22m [2m|[22m [31m2 failed[39m[2m)[22m[33m 195567[2mms[22m[39m
[31m   [33m鉂?[31m tests/agent-system/lifecycle.test.ts[2m > [22mAgent Lifecycle and State Management[2m > [22mAgent Context Management[2m > [22mshould maintain separate contexts for different saveIds[39m
[31m     鈫?Test timed out in 60000ms.
If this is a long-running test, pass a timeout value as the last argument or configure it globally with "testTimeout".[39m
[31m   [33m鉂?[31m tests/agent-system/lifecycle.test.ts[2m > [22mAgent Lifecycle and State Management[2m > [22mSave-Game Interaction[2m > [22mshould return 404 when using a non-existent saveId for chat[39m
[31m     鈫?expected 404 "Not Found", got 500 "Internal Server Error"[39m

鈳幆鈳幆鈳幆 Failed Tests 67 鈳幆鈳幆鈳幆鈳?[39m

 FAIL  tests/agent-system/lifecycle.test.ts > Agent Lifecycle and State Management > Agent Context Management > should maintain separate contexts for different saveIds
Error: Test timed out in 60000ms.
If this is a long-running test, pass a timeout value as the last argument or configure it globally with "testTimeout".
鈳幆鈳幆鈳幆鈳幆鈳幆鈳幆鈳幆鈳幆鈳幆鈳幆鈳幆鈳痆1/67]鈳?[22m

 FAIL  tests/agent-system/lifecycle.test.ts > Agent Lifecycle and State Management > Save-Game Interaction > should return 404 when using a non-existent saveId for chat
Error: expected 404 "Not Found", got 500 "Internal Server Error"
 鉂?[22m tests/agent-system/lifecycle.test.ts:391:10
    389|         .send({ message: 'hello', saveId: 'save-nonexistent-lifecycle-鈥?    390|         .expect('Content-Type', /json/)
    391|         .expect(404);
       |          ^
    392| 
    393|       expect(response.body.success).toBe(false);
 鉂?[22m Test._assertStatus ../../node_modules/.pnpm/supertest@6.3.4/node_modules/supertest/lib/test.js:252:14
 鉂?[22m ../../node_modules/.pnpm/supertest@6.3.4/node_modules/supertest/lib/test.js:308:13
 鉂?[22m Test._assertFunction ../../node_modules/.pnpm/supertest@6.3.4/node_modules/supertest/lib/test.js:285:13
 鉂?[22m Test.assert ../../node_modules/.pnpm/supertest@6.3.4/node_modules/supertest/lib/test.js:164:23
 鉂?[22m Server.localAssert ../../node_modules/.pnpm/supertest@6.3.4/node_modules/supertest/lib/test.js:120:14
 鉂?[22m Object.onceWrapper node:events:622:28
 鉂?[22m Server.emit node:events:508:28
 鉂?[22m emitCloseNT node:net:2419:8

鈳幆鈳幆鈳幆鈳幆鈳幆鈳幆鈳幆鈳幆鈳幆鈳幆鈳幆鈳痆2/67]鈳?[22m

 FAIL  tests/agent-system/scheduling.test.ts > Agent Scheduling System > Error Handling > should return 404 for non-existent saveId in chat
Error: expected 404 "Not Found", got 500 "Internal Server Error"
 鉂?[22m tests/agent-system/scheduling.test.ts:406:10
    404|         .send({ message: 'hello', saveId: 'save-nonexistent-99999' })
    405|         .expect('Content-Type', /json/)
    406|         .expect(404);
       |          ^
    407| 
    408|       expect(response.body.success).toBe(false);
 鉂?[22m Test._assertStatus ../../node_modules/.pnpm/supertest@6.3.4/node_modules/supertest/lib/test.js:252:14
 鉂?[22m ../../node_modules/.pnpm/supertest@6.3.4/node_modules/supertest/lib/test.js:308:13
 鉂?[22m Test._assertFunction ../../node_modules/.pnpm/supertest@6.3.4/node_modules/supertest/lib/test.js:285:13
 鉂?[22m Test.assert ../../node_modules/.pnpm/supertest@6.3.4/node_modules/supertest/lib/test.js:164:23
 鉂?[22m Server.localAssert ../../node_modules/.pnpm/supertest@6.3.4/node_modules/supertest/lib/test.js:120:14
 鉂?[22m Object.onceWrapper node:events:622:28
 鉂?[22m Server.emit node:events:508:28
 鉂?[22m emitCloseNT node:net:2419:8

鈳幆鈳幆鈳幆鈳幆鈳幆鈳幆鈳幆鈳幆鈳幆鈳幆鈳幆鈳痆3/67]鈳?[22m

 FAIL  src/agents/__tests__/agent-hooks.test.ts > agent hook runtime > 搴旀毚闇?9 涓牳蹇?Hook 鍚嶇О涓旈『搴忕ǔ瀹?AssertionError: expected [ 'before_model_select', 鈥?9) ] to deeply equal [ 'before_model_select', 鈥?8) ]

- Expected
+ Received

  Array [
    "before_model_select",
    "before_prompt_build",
    "before_tool_expose",
    "before_tool_call",
    "after_tool_call",
    "before_compaction",
    "after_compaction",
    "after_agent_fail",
    "report_progress",
+   "on_task_complete",
  ]

 鉂?[22m src/agents/__tests__/agent-hooks.test.ts:9:30
      7| describe('agent hook runtime', () => {
      8|   it('搴旀毚闇?9 涓牳蹇?Hook 鍚嶇О涓旈『搴忕ǔ瀹?, () => {
      9|     expect(CORE_AGENT_HOOKS).toEqual([
       |                              ^
     10|       'before_model_select',
     11|       'before_prompt_build',

鈳幆鈳幆鈳幆鈳幆鈳幆鈳幆鈳幆鈳幆鈳幆鈳幆鈳幆鈳痆4/67]鈳?[22m

 FAIL  src/agents/__tests__/react-agent-hook-runtime.test.ts > AgentRuntime hook runtime > before_prompt_build 鍜?before_tool_expose patch 搴斿奖鍝?PromptContext 涓?ReAct context
TypeError: Cannot read properties of undefined (reading 'drainPendingEvents')
 鉂?[22m AgentRuntime.drainAndProcessPendingBusEvents src/agents/AgentRuntime.ts:1816:48
    1814|     const MAX_ITERATIONS = 5;
    1815|     let iterations = 0;
    1816|     let pending = this.deps.requestEventBridge.drainPendingEvents();
       |                                                ^
    1817| 
    1818|     while (pending.length > 0 && iterations < MAX_ITERATIONS) {
 鉂?[22m AgentRuntime.executeGameMasterReAct src/agents/AgentRuntime.ts:1773:18
 鉂?[22m src/agents/__tests__/react-agent-hook-runtime.test.ts:459:22

鈳幆鈳幆鈳幆鈳幆鈳幆鈳幆鈳幆鈳幆鈳幆鈳幆鈳幆鈳痆5/67]鈳?[22m

 FAIL  src/agents/__tests__/react-agent-hook-runtime.test.ts > AgentRuntime hook runtime > after_agent_fail 搴旇繑鍥?recovery plan 骞堕┍鍔ㄧǔ瀹氭ā鍨嬮噸璇?TypeError: Cannot read properties of undefined (reading 'drainPendingEvents')
 鉂?[22m AgentRuntime.drainAndProcessPendingBusEvents src/agents/AgentRuntime.ts:1816:48
    1814|     const MAX_ITERATIONS = 5;
    1815|     let iterations = 0;
    1816|     let pending = this.deps.requestEventBridge.drainPendingEvents();
       |                                                ^
    1817| 
    1818|     while (pending.length > 0 && iterations < MAX_ITERATIONS) {
 鉂?[22m AgentRuntime.executeGameMasterReAct src/agents/AgentRuntime.ts:1773:18
 鉂?[22m src/agents/__tests__/react-agent-hook-runtime.test.ts:1005:22

鈳幆鈳幆鈳幆鈳幆鈳幆鈳幆鈳幆鈳幆鈳幆鈳幆鈳幆鈳痆6/67]鈳?[22m

 FAIL  src/agents/__tests__/react-agent-post-react.test.ts > AgentRuntime post-react 涓婚摼 > Pre-react 搴旀妸妯℃澘銆乻napshot銆乸rojection銆亀orldState銆乻ceneNPC銆佹垬鏂楁€佷笌 entity-graph 閫佸叆 story directive 鐢熸垚閾?TypeError: Cannot read properties of undefined (reading 'drainPendingEvents')
 鉂?[22m AgentRuntime.drainAndProcessPendingBusEvents src/agents/AgentRuntime.ts:1816:48
    1814|     const MAX_ITERATIONS = 5;
    1815|     let iterations = 0;
    1816|     let pending = this.deps.requestEventBridge.drainPendingEvents();
       |                                                ^
    1817| 
    1818|     while (pending.length > 0 && iterations < MAX_ITERATIONS) {
 鉂?[22m AgentRuntime.executeGameMasterReAct src/agents/AgentRuntime.ts:1773:18
 鉂?[22m src/agents/__tests__/react-agent-post-react.test.ts:139:5

鈳幆鈳幆鈳幆鈳幆鈳幆鈳幆鈳幆鈳幆鈳幆鈳幆鈳幆鈳痆7/67]鈳?[22m

 FAIL  src/agents/__tests__/react-agent-post-react.test.ts > AgentRuntime post-react 涓婚摼 > ui_interaction 搴斿厛缁忚繃 preprocessAction 鍐嶈繘鍏?generateStoryDirective 涓?LLM 杈撳叆涓婚摼
TypeError: Cannot read properties of undefined (reading 'drainPendingEvents')
 鉂?[22m AgentRuntime.drainAndProcessPendingBusEvents src/agents/AgentRuntime.ts:1816:48
    1814|     const MAX_ITERATIONS = 5;
    1815|     let iterations = 0;
    1816|     let pending = this.deps.requestEventBridge.drainPendingEvents();
       |                                                ^
    1817| 
    1818|     while (pending.length > 0 && iterations < MAX_ITERATIONS) {
 鉂?[22m AgentRuntime.executeGameMasterReAct src/agents/AgentRuntime.ts:1773:18
 鉂?[22m src/agents/__tests__/react-agent-post-react.test.ts:365:5

鈳幆鈳幆鈳幆鈳幆鈳幆鈳幆鈳幆鈳幆鈳幆鈳幆鈳幆鈳痆8/67]鈳?[22m

 FAIL  src/agents/__tests__/react-agent-post-react.test.ts > AgentRuntime post-react 涓婚摼 > 褰?pipeline 瑕佹眰 repair 鏃跺簲鏈€澶氳拷鍔犱袱娆?ReAct 淇鍥炶矾锛屽苟鎶?repair 鍏冩暟鎹啓鍥?runtime state
AssertionError: expected "spy" to be called 2 times, but got 0 times
 鉂?[22m src/agents/__tests__/react-agent-post-react.test.ts:861:28
    859|     );
    860| 
    861|     expect(repairExecutor).toHaveBeenCalledTimes(2);
       |                            ^
    862|     expect(reviewSpy).toHaveBeenCalledTimes(3);
    863|     expect(result.reactResult).toBe(secondRepairReactResult);

鈳幆鈳幆鈳幆鈳幆鈳幆鈳幆鈳幆鈳幆鈳幆鈳幆鈳幆鈳痆9/67]鈳?[22m

 FAIL  src/agents/__tests__/react-agent-post-react.test.ts > AgentRuntime post-react 涓婚摼 > 搴旇鏈€缁堝搷搴斾笌涓绘殏瀛樼姸鎬侀兘鍙娇鐢?repair 閫氳繃杞鐨勭粨鏋?AssertionError: expected "spy" to be called 1 times, but got 0 times
 鉂?[22m src/agents/__tests__/react-agent-post-react.test.ts:1106:28
    1104|     );
    1105| 
    1106|     expect(repairExecutor).toHaveBeenCalledTimes(1);
       |                            ^
    1107|     expect(response.data).toEqual(expect.objectContaining({
    1108|       dialogue: expect.objectContaining({

鈳幆鈳幆鈳幆鈳幆鈳幆鈳幆鈳幆鈳幆鈳幆鈳幆鈳幆[10/67]鈳?[22m

 FAIL  src/agents/__tests__/react-agent-post-react.test.ts > AgentRuntime post-react 涓婚摼 > NPC 瀵硅瘽鍦烘櫙涓嬭嫢 React 缁撴灉瓒婃潈绉诲姩鐜╁锛孭ost-react 搴旇Е鍙?repair 骞舵嫆缁濋敊璇啓鍏?AssertionError: expected "spy" to be called 1 times, but got 0 times
 鉂?[22m src/agents/__tests__/react-agent-post-react.test.ts:1346:28
    1344|     );
    1345| 
    1346|     expect(repairExecutor).toHaveBeenCalledTimes(1);
       |                            ^
    1347|     expect(response.data).toEqual(expect.objectContaining({
    1348|       dialogue: expect.objectContaining({

鈳幆鈳幆鈳幆鈳幆鈳幆鈳幆鈳幆鈳幆鈳幆鈳幆鈳幆[11/67]鈳?[22m

 FAIL  src/agents/__tests__/react-agent-post-react.test.ts > AgentRuntime post-react 涓婚摼 > 鎴樻枟鍙欎簨涓庢暟鍊兼椂闂寸嚎鍐茬獊鏃讹紝搴旇Е鍙?repair 骞舵妸 continuityAudit 鍐欏洖 runtime state
AssertionError: expected "spy" to be called 1 times, but got 0 times
 鉂?[22m src/agents/__tests__/react-agent-post-react.test.ts:1590:28
    1588|     );
    1589| 
    1590|     expect(repairExecutor).toHaveBeenCalledTimes(1);
       |                            ^
    1591|     expect(response.data).toEqual(expect.objectContaining({
    1592|       dialogue: expect.objectContaining({

鈳幆鈳幆鈳幆鈳幆鈳幆鈳幆鈳幆鈳幆鈳幆鈳幆鈳幆[12/67]鈳?[22m

 FAIL  src/agents/__tests__/react-agent-post-react.test.ts > AgentRuntime post-react 涓婚摼 > 褰?repair 鎵ц鍣ㄦ姏閿欐椂搴旀樉寮忓け璐ワ紝涓斾笉鑳芥竻绌轰富 staging 鍘熷啓闆嗗悗闈欓粯鎴愬姛
AssertionError: promise resolved "{ success: true, data: { 鈥?5) }, 鈥?1) }" instead of rejecting

- Expected
+ Received

- [Error: rejected promise]
+ Object {
+   "data": Object {
+     "dataChanges": Object {},
+     "dialogue": Object {
+       "message": "鏃ц疆鍥炲",
+       "messages": Array [
+         Object {
+           "content": "鏃ц疆鍥炲",
+           "messageType": "narrator",
+           "speaker": "鏃佺櫧",
+         },
+       ],
+     },
+     "gm": Object {
+       "agentsInvolved": Array [
+         "quest_service",
+       ],
+       "duration": 14,
+       "processedAt": 1785002380792,
+       "reactIterations": 1,
+     },
+     "saveId": "save-1",
+     "writeOperations": Array [
+       Object {
+         "method": "advance_old_round",
+         "timestamp": 1785002380778,
+         "toolType": "quest_service",
+       },
+     ],
+   },
+   "messages": Array [
+     Object {
+       "from": "gamemaster",
+       "id": "46412bbd-2e13-4275-9bc2-f5e84d4a8057",
+       "metadata": Object {
+         "priority": "normal",
+         "requiresResponse": false,
+       },
+       "payload": Object {
+         "action": "unified_response",
+         "data": Object {
+           "dataChanges": Object {},
+           "dialogue": Object {
+             "message": "鏃ц疆鍥炲",
+             "messages": Array [
+               Object {
+                 "content": "鏃ц疆鍥炲",
+                 "messageType": "narrator",
+                 "speaker": "鏃佺櫧",
+               },
+             ],
+           },
+           "gm": Object {
+             "agentsInvolved": Array [
+               "quest_service",
+             ],
+             "duration": 14,
+             "processedAt": 1785002380792,
+             "reactIterations": 1,
+           },
+           "saveId": "save-1",
+           "writeOperations": Array [
+             Object {
+               "method": "advance_old_round",
+               "timestamp": 1785002380778,
+               "toolType": "quest_service",
+             },
+           ],
+         },
+       },
+       "saveId": "save-1",
+       "timestamp": 1785002380792,
+       "to": "output",
+       "type": "response",
+     },
+   ],
+   "success": true,
+ }

 鉂?[22m src/agents/__tests__/react-agent-post-react.test.ts:1767:6
    1765|       {} as never,
    1766|       repairExecutor,
    1767|     )).rejects.toThrow(/Post-react repair failed at round 1/);
       |      ^
    1768| 
    1769|     expect(mainStagingPool.getAllWrites()).toEqual([

鈳幆鈳幆鈳幆鈳幆鈳幆鈳幆鈳幆鈳幆鈳幆鈳幆鈳幆[13/67]鈳?[22m

 FAIL  src/agents/__tests__/react-agent-post-react.test.ts > AgentRuntime post-react 涓婚摼 > 褰?repair 涓よ疆鍚庝粛鏈敹鏁涙椂搴旀樉寮忓け璐ワ紝涓斾笉鑳芥垚鍔熻繑鍥炴棫 writeOperations
AssertionError: promise resolved "{ success: true, data: { 鈥?5) }, 鈥?1) }" instead of rejecting

- Expected
+ Received

- [Error: rejected promise]
+ Object {
+   "data": Object {
+     "dataChanges": Object {},
+     "dialogue": Object {
+       "message": "鏃ц疆鍥炲",
+       "messages": Array [
+         Object {
+           "content": "鏃ц疆鍥炲",
+           "messageType": "narrator",
+           "speaker": "鏃佺櫧",
+         },
+       ],
+     },
+     "gm": Object {
+       "agentsInvolved": Array [
+         "quest_service",
+       ],
+       "duration": 7,
+       "processedAt": 1785002380900,
+       "reactIterations": 1,
+     },
+     "saveId": "save-1",
+     "writeOperations": Array [
+       Object {
+         "method": "advance_old_round",
+         "timestamp": 1785002380893,
+         "toolType": "quest_service",
+       },
+     ],
+   },
+   "messages": Array [
+     Object {
+       "from": "gamemaster",
+       "id": "591cbaf9-aec4-4fc2-8042-934c4352b98e",
+       "metadata": Object {
+         "priority": "normal",
+         "requiresResponse": false,
+       },
+       "payload": Object {
+         "action": "unified_response",
+         "data": Object {
+           "dataChanges": Object {},
+           "dialogue": Object {
+             "message": "鏃ц疆鍥炲",
+             "messages": Array [
+               Object {
+                 "content": "鏃ц疆鍥炲",
+                 "messageType": "narrator",
+                 "speaker": "鏃佺櫧",
+               },
+             ],
+           },
+           "gm": Object {
+             "agentsInvolved": Array [
+               "quest_service",
+             ],
+             "duration": 7,
+             "processedAt": 1785002380900,
+             "reactIterations": 1,
+           },
+           "saveId": "save-1",
+           "writeOperations": Array [
+             Object {
+               "method": "advance_old_round",
+               "timestamp": 1785002380893,
+               "toolType": "quest_service",
+             },
+           ],
+         },
+       },
+       "saveId": "save-1",
+       "timestamp": 1785002380900,
+       "to": "output",
+       "type": "response",
+     },
+   ],
+   "success": true,
+ }

 鉂?[22m src/agents/__tests__/react-agent-post-react.test.ts:1936:6
    1934|       {} as never,
    1935|       repairExecutor,
    1936|     )).rejects.toThrow(/Post-react repair did not converge after 2 rou鈥?       |      ^
    1937| 
    1938|     expect(mainStagingPool.getAllWrites()).toEqual([

鈳幆鈳幆鈳幆鈳幆鈳幆鈳幆鈳幆鈳幆鈳幆鈳幆鈳幆[14/67]鈳?[22m

 FAIL  src/agents/__tests__/react-agent-runtime-snapshot.test.ts > AgentRuntime runtime snapshot > GameMaster 涓婚摼搴斿湪 prompt build 鍚庣粦瀹?runtime snapshot 骞惰褰撳墠杞秷璐硅蹇収
TypeError: Cannot read properties of undefined (reading 'drainPendingEvents')
 鉂?[22m AgentRuntime.drainAndProcessPendingBusEvents src/agents/AgentRuntime.ts:1816:48
    1814|     const MAX_ITERATIONS = 5;
    1815|     let iterations = 0;
    1816|     let pending = this.deps.requestEventBridge.drainPendingEvents();
       |                                                ^
    1817| 
    1818|     while (pending.length > 0 && iterations < MAX_ITERATIONS) {
 鉂?[22m AgentRuntime.executeGameMasterReAct src/agents/AgentRuntime.ts:1773:18
 鉂?[22m src/agents/__tests__/react-agent-runtime-snapshot.test.ts:302:22

鈳幆鈳幆鈳幆鈳幆鈳幆鈳幆鈳幆鈳幆鈳幆鈳幆鈳幆[15/67]鈳?[22m

 FAIL  src/agents/__tests__/story-kernel-contract.test.ts > story kernel skeleton contract > StoryKernel 搴旀妸 postReviewDecision 涓?post-react trace 鎽樿鍐欏叆 runtime state
AssertionError: expected { storyPhase: 'opening', 鈥?11) } to deeply equal ObjectContaining{鈥

- Expected
+ Received

- ObjectContaining {
-   "lastPostReactTraceSummary": ObjectContaining {
-     "decisionSummary": ObjectContaining {
-       "continuitySeverity": "warning",
+ Object {
+   "activeHooks": Array [
+     "hook-village-chief",
+   ],
+   "characterProfile": undefined,
+   "characterProfileRevisions": undefined,
+   "lastNeedAgentReasons": Array [
+     "correct",
+   ],
+   "lastPostReactTraceSummary": Object {
+     "decisionSummary": Object {
+       "auditPassed": false,
+       "auditRootCause": "context_injection_error",
        "secondLayerDecisionValid": true,
        "storyConsistency": "partial_match",
        "todoCompletion": "partial",
      },
+     "needAgentReasons": Array [
+       "闇€瑕佽ˉ榻?NPC 鍙嶅簲",
+     ],
+     "phase": "post-react",
+     "repairReasons": Array [
+       "continuity_audit:error",
+     ],
      "repairRoundCount": 0,
      "requiresRepair": true,
+     "resolvedLayer1Agents": Array [
+       "npc_party",
+     ],
+     "runtimeCommitSummary": Object {
+       "wroteContinuityAudit": true,
+       "wrotePostReviewDecision": true,
+       "wroteRepairMetadata": true,
+       "wroteTodoCompletion": true,
      },
-   "lastPostReviewDecision": ObjectContaining {
-     "secondLayerDecision": ObjectContaining {
+   },
+   "lastPostReviewDecision": Object {
+     "continuityAudit": undefined,
+     "recordUploadDecision": undefined,
+     "secondLayerDecision": Object {
        "agents": Array [
          "npc_party",
        ],
+       "constraints": Object {
+         "avoid": Array [],
+         "mustHide": Array [],
+         "mustReveal": Array [],
+       },
+       "dynamicUIReason": undefined,
+       "dynamicUIScenario": undefined,
+       "needsDynamicUI": undefined,
+       "reason": "闇€瑕佽ˉ榻?NPC 鍙嶅簲",
        "shouldSchedule": true,
      },
-     "taskReview": ObjectContaining {
+     "storyReview": Object {
+       "progressDelta": "鎺ㄨ繘浣嗘湭闂幆",
+       "reviewFocus": Array [
+         "NPC 鍙嶅簲",
+       ],
+       "storyConsistency": "partial_match",
+     },
+     "taskReview": Object {
        "completion": "partial",
        "missingRequirements": Array [
          "缂哄皯 NPC 鍙嶅簲",
        ],
+       "qualityVerifications": Array [],
      },
+     "todoCompletion": undefined,
    },
    "lastRepairRoundCount": 0,
+   "lastResolvedLayer1Agents": Array [
+     "quest",
+   ],
+   "lastStoryDirective": Object {
+     "constraints": Object {
+       "avoid": Array [],
+       "mustHide": Array [],
+       "mustReveal": Array [],
+     },
+     "dialogueFocus": undefined,
+     "events": undefined,
+     "hooks": Object {
+       "npcIds": Array [],
+       "questSeeds": Array [],
+     },
+     "optionalLayer1Agents": Array [],
+     "playerFacingObjective": "璋冩煡鏉戝彛楠氬姩",
+     "projection": Object {
+       "chapter": "chapter_1",
+       "mainQuest": "璋冩煡鏉戝彛楠氬姩鐨勬潵婧?,
+     },
+     "requiredLayer1Agents": Array [
+       "quest",
+     ],
+     "storyGoal": "纭鏉戝簞寮傚彉鏉ユ簮",
+   },
+   "lastStoryStateUpdatedAt": 1785002381363,
+   "lastWriteToolTypes": Array [
+     "quest_service",
+   ],
+   "storyPhase": "opening",
  }

 鉂?[22m src/agents/__tests__/story-kernel-contract.test.ts:674:33
    672|     );
    673| 
    674|     expect(commit.runtimeState).toEqual(
       |                                 ^
    675|       expect.objectContaining({
    676|         lastPostReviewDecision: expect.objectContaining({

鈳幆鈳幆鈳幆鈳幆鈳幆鈳幆鈳幆鈳幆鈳幆鈳幆鈳幆[16/67]鈳?[22m

 FAIL  src/routes/__tests__/agent.chat-select-option.test.ts > Game routes select_option > POST /chat 鍦?select_option 鏃跺簲鎻愬崌 optionId 涓虹粨鏋勫寲 playerAction.selectedOptionId
AssertionError: expected 500 to be 200 // Object.is equality

- Expected
+ Received

- 200
+ 500

 鉂?[22m src/routes/__tests__/agent.chat-select-option.test.ts:114:29
    112|       });
    113| 
    114|     expect(response.status).toBe(200);
       |                             ^
    115|     expect(processMessage).toHaveBeenCalledTimes(1);
    116|     expect(processMessage.mock.calls[0][0].payload.data).toEqual(

鈳幆鈳幆鈳幆鈳幆鈳幆鈳幆鈳幆鈳幆鈳幆鈳幆鈳幆[17/67]鈳?[22m

 FAIL  src/routes/__tests__/agent.chat-select-option.test.ts > Game routes select_option > POST /chat 鍦?select_option 涓斿彧鎻愪緵椤跺眰 npcId 鏃跺簲鍥炲～缁撴瀯鍖?targetNpcId
AssertionError: expected 500 to be 200 // Object.is equality

- Expected
+ Received

- 200
+ 500

 鉂?[22m src/routes/__tests__/agent.chat-select-option.test.ts:149:29
    147|       });
    148| 
    149|     expect(response.status).toBe(200);
       |                             ^
    150|     expect(processMessage.mock.calls[0][0].payload.data.playerAction).鈥?    151|       expect.objectContaining({

鈳幆鈳幆鈳幆鈳幆鈳幆鈳幆鈳幆鈳幆鈳幆鈳幆鈳幆[18/67]鈳?[22m

 FAIL  src/routes/__tests__/agent.chat-select-option.test.ts > Game routes select_option > POST /chat 鍦?select_option 鏃跺簲寮哄埗褰掍竴 playerAction.type 涓?select_option
AssertionError: expected 500 to be 200 // Object.is equality

- Expected
+ Received

- 200
+ 500

 鉂?[22m src/routes/__tests__/agent.chat-select-option.test.ts:253:29
    251|       });
    252| 
    253|     expect(response.status).toBe(200);
       |                             ^
    254|     expect(processMessage.mock.calls[0][0].payload.data.playerAction).鈥?    255|       expect.objectContaining({

鈳幆鈳幆鈳幆鈳幆鈳幆鈳幆鈳幆鈳幆鈳幆鈳幆鈳幆[19/67]鈳?[22m

 FAIL  src/routes/__tests__/e2e-game-core.test.ts > E2E: Game Core Flow (Init + Chat + Save) > POST /api/v1/game 鈥?Initialize > successful initialization returns metadata with saveId and characterId
AssertionError: expected 500 to be 200 // Object.is equality

- Expected
+ Received

- 200
+ 500

 鉂?[22m src/routes/__tests__/e2e-game-core.test.ts:216:26
    214|         .send({ action: 'initialize', data: { templateId: 'test-templa鈥?    215| 
    216|       expect(res.status).toBe(200);
       |                          ^
    217|       expect(res.body.success).toBe(true);
    218|       expect(res.body.data.metadata).toBeDefined();

鈳幆鈳幆鈳幆鈳幆鈳幆鈳幆鈳幆鈳幆鈳幆鈳幆鈳幆[20/67]鈳?[22m

 FAIL  src/routes/__tests__/e2e-game-core.test.ts > E2E: Game Core Flow (Init + Chat + Save) > POST /api/v1/game 鈥?Initialize > coordinator failure triggers rollback and returns 400
AssertionError: expected 500 to be 400 // Object.is equality

- Expected
+ Received

- 400
+ 500

 鉂?[22m src/routes/__tests__/e2e-game-core.test.ts:238:26
    236|         .send({ action: 'initialize', data: { templateId: 'test-templa鈥?    237| 
    238|       expect(res.status).toBe(400);
       |                          ^
    239|       expect(res.body.error.code).toBe('GAME_INIT_FAILED');
    240| 

鈳幆鈳幆鈳幆鈳幆鈳幆鈳幆鈳幆鈳幆鈳幆鈳幆鈳幆[21/67]鈳?[22m

 FAIL  src/routes/__tests__/e2e-game-core.test.ts > E2E: Game Core Flow (Init + Chat + Save) > POST /api/v1/game 鈥?Initialize > action "init" also triggers initialize (alias)
AssertionError: expected 500 to be 200 // Object.is equality

- Expected
+ Received

- 200
+ 500

 鉂?[22m src/routes/__tests__/e2e-game-core.test.ts:256:26
    254|         .send({ action: 'init', data: { templateId: 'test-template', c鈥?    255| 
    256|       expect(res.status).toBe(200);
       |                          ^
    257|       expect(res.body.data.metadata.isInitialization).toBe(true);
    258|     });

鈳幆鈳幆鈳幆鈳幆鈳幆鈳幆鈳幆鈳幆鈳幆鈳幆鈳幆[22/67]鈳?[22m

 FAIL  src/routes/__tests__/e2e-game-core.test.ts > E2E: Game Core Flow (Init + Chat + Save) > POST /api/v1/game/chat > nonexistent saveId returns 404
AssertionError: expected 500 to be 404 // Object.is equality

- Expected
+ Received

- 404
+ 500

 鉂?[22m src/routes/__tests__/e2e-game-core.test.ts:300:26
    298|         .send({ message: 'Hello', saveId: 'save_nonexistent' });
    299| 
    300|       expect(res.status).toBe(404);
       |                          ^
    301|       expect(res.body.error.code).toBe('SAVE_NOT_FOUND');
    302|     });

鈳幆鈳幆鈳幆鈳幆鈳幆鈳幆鈳幆鈳幆鈳幆鈳幆鈳幆[23/67]鈳?[22m

 FAIL  src/routes/__tests__/e2e-game-core.test.ts > E2E: Game Core Flow (Init + Chat + Save) > POST /api/v1/game/chat > successful chat returns metadata with processingTime
TypeError: Cannot read properties of undefined (reading 'metadata')
 鉂?[22m src/routes/__tests__/e2e-game-core.test.ts:313:40
    311|         .post('/api/v1/game')
    312|         .send({ action: 'initialize', data: { templateId: 'test-templa鈥?    313|       const saveId = initRes.body.data.metadata.saveId;
       |                                        ^
    314| 
    315|       const res = await request(app)

鈳幆鈳幆鈳幆鈳幆鈳幆鈳幆鈳幆鈳幆鈳幆鈳幆鈳幆[24/67]鈳?[22m

 FAIL  src/routes/__tests__/e2e-game-core.test.ts > E2E: Game Core Flow (Init + Chat + Save) > POST /api/v1/game/chat > chat 搴旈€氳繃璇锋眰绾?StagingPool 鎸佷箙鍖栫帺瀹舵秷鎭?TypeError: Cannot read properties of undefined (reading 'metadata')
 鉂?[22m src/routes/__tests__/e2e-game-core.test.ts:363:40
    361|         .post('/api/v1/game')
    362|         .send({ action: 'initialize', data: { templateId: 'test-templa鈥?    363|       const saveId = initRes.body.data.metadata.saveId;
       |                                        ^
    364| 
    365|       const res = await request(app)

鈳幆鈳幆鈳幆鈳幆鈳幆鈳幆鈳幆鈳幆鈳幆鈳幆鈳幆[25/67]鈳?[22m

 FAIL  src/routes/__tests__/e2e-game-core.test.ts > E2E: Game Core Flow (Init + Chat + Save) > POST /api/v1/game/chat > chat 鍝嶅簲涓殑鏃ф牸寮忕帺瀹舵秷鎭己灏?messageType 鏃朵笉搴旈噸澶嶅洖鏄?TypeError: Cannot read properties of undefined (reading 'metadata')
 鉂?[22m src/routes/__tests__/e2e-game-core.test.ts:421:40
    419|         .post('/api/v1/game')
    420|         .send({ action: 'initialize', data: { templateId: 'test-templa鈥?    421|       const saveId = initRes.body.data.metadata.saveId;
       |                                        ^
    422| 
    423|       const res = await request(app)

鈳幆鈳幆鈳幆鈳幆鈳幆鈳幆鈳幆鈳幆鈳幆鈳幆鈳幆[26/67]鈳?[22m

 FAIL  src/routes/__tests__/e2e-game-core.test.ts > E2E: Game Core Flow (Init + Chat + Save) > POST /api/v1/game/chat > use_skill 鍓嶇疆鏍￠獙澶辫触鏃朵篃搴斿厛鎸佷箙鍖栫帺瀹舵秷鎭?TypeError: Cannot read properties of undefined (reading 'metadata')
 鉂?[22m src/routes/__tests__/e2e-game-core.test.ts:440:40
    438|         .post('/api/v1/game')
    439|         .send({ action: 'initialize', data: { templateId: 'test-templa鈥?    440|       const saveId = initRes.body.data.metadata.saveId;
       |                                        ^
    441| 
    442|       const res = await request(app)

鈳幆鈳幆鈳幆鈳幆鈳幆鈳幆鈳幆鈳幆鈳幆鈳幆鈳幆[27/67]鈳?[22m

 FAIL  src/routes/__tests__/e2e-game-core.test.ts > E2E: Game Core Flow (Init + Chat + Save) > POST /api/v1/game 鈥?Default Chat > without action field defaults to chat
TypeError: Cannot read properties of undefined (reading 'metadata')
 鉂?[22m src/routes/__tests__/e2e-game-core.test.ts:488:40
    486|         .post('/api/v1/game')
    487|         .send({ action: 'initialize', data: { templateId: 'test-templa鈥?    488|       const saveId = initRes.body.data.metadata.saveId;
       |                                        ^
    489| 
    490|       const res = await request(app)

鈳幆鈳幆鈳幆鈳幆鈳幆鈳幆鈳幆鈳幆鈳幆鈳幆鈳幆[28/67]鈳?[22m

 FAIL  src/routes/__tests__/e2e-game-core.test.ts > E2E: Game Core Flow (Init + Chat + Save) > GET /api/v1/saves > returns saves after initialization
AssertionError: expected 0 to be greater than or equal to 1
 鉂?[22m src/routes/__tests__/e2e-game-core.test.ts:529:35
    527|       expect(res.status).toBe(200);
    528|       // Just the newly created save
    529|       expect(res.body.data.total).toBeGreaterThanOrEqual(1);
       |                                   ^
    530|     });
    531| 

鈳幆鈳幆鈳幆鈳幆鈳幆鈳幆鈳幆鈳幆鈳幆鈳幆鈳幆[29/67]鈳?[22m

 FAIL  src/routes/__tests__/e2e-game-core.test.ts > E2E: Game Core Flow (Init + Chat + Save) > GET /api/v1/saves/:saveId > returns save data for existing save
TypeError: Cannot read properties of undefined (reading 'metadata')
 鉂?[22m src/routes/__tests__/e2e-game-core.test.ts:567:40
    565|         .post('/api/v1/game')
    566|         .send({ action: 'initialize', data: { templateId: 'test-templa鈥?    567|       const saveId = initRes.body.data.metadata.saveId;
       |                                        ^
    568| 
    569|       const res = await request(app).get(`/api/v1/saves/${saveId}`);

鈳幆鈳幆鈳幆鈳幆鈳幆鈳幆鈳幆鈳幆鈳幆鈳幆鈳幆[30/67]鈳?[22m

 FAIL  src/routes/__tests__/e2e-game-core.test.ts > E2E: Game Core Flow (Init + Chat + Save) > GET /api/v1/game/:saveId/pool/template/skills > returns skills array for existing save
TypeError: Cannot read properties of undefined (reading 'metadata')
 鉂?[22m src/routes/__tests__/e2e-game-core.test.ts:695:40
    693|         .post('/api/v1/game')
    694|         .send({ action: 'initialize', data: { templateId: 'test-templa鈥?    695|       const saveId = initRes.body.data.metadata.saveId;
       |                                        ^
    696| 
    697|       const res = await request(app).get(`/api/v1/game/${saveId}/pool/鈥?
鈳幆鈳幆鈳幆鈳幆鈳幆鈳幆鈳幆鈳幆鈳幆鈳幆鈳幆[31/67]鈳?[22m

 FAIL  src/routes/__tests__/e2e-game-core.test.ts > E2E: Game Core Flow (Init + Chat + Save) > GET /api/v1/game/:saveId/pool/template/items > returns items array for existing save
TypeError: Cannot read properties of undefined (reading 'metadata')
 鉂?[22m src/routes/__tests__/e2e-game-core.test.ts:730:40
    728|         .post('/api/v1/game')
    729|         .send({ action: 'initialize', data: { templateId: 'test-templa鈥?    730|       const saveId = initRes.body.data.metadata.saveId;
       |                                        ^
    731| 
    732|       const res = await request(app).get(`/api/v1/game/${saveId}/pool/鈥?
鈳幆鈳幆鈳幆鈳幆鈳幆鈳幆鈳幆鈳幆鈳幆鈳幆鈳幆[32/67]鈳?[22m

 FAIL  src/routes/__tests__/e2e-game-core.test.ts > E2E: Game Core Flow (Init + Chat + Save) > GET /api/v1/game/:saveId/pool/stats > returns pool stats for existing save
TypeError: Cannot read properties of undefined (reading 'metadata')
 鉂?[22m src/routes/__tests__/e2e-game-core.test.ts:764:40
    762|         .post('/api/v1/game')
    763|         .send({ action: 'initialize', data: { templateId: 'test-templa鈥?    764|       const saveId = initRes.body.data.metadata.saveId;
       |                                        ^
    765| 
    766|       const res = await request(app).get(`/api/v1/game/${saveId}/pool/鈥?
鈳幆鈳幆鈳幆鈳幆鈳幆鈳幆鈳幆鈳幆鈳幆鈳幆鈳幆[33/67]鈳?[22m

 FAIL  src/routes/__tests__/e2e-game-core.test.ts > E2E: Game Core Flow (Init + Chat + Save) > Full E2E Flow > complete game lifecycle: init -> chat -> list saves -> load save -> delete save
AssertionError: expected 500 to be 200 // Object.is equality

- Expected
+ Received

- 200
+ 500

 鉂?[22m src/routes/__tests__/e2e-game-core.test.ts:792:30
    790|         .send({ action: 'initialize', data: { templateId: 'test-templa鈥?    791| 
    792|       expect(initRes.status).toBe(200);
       |                              ^
    793|       const saveId = initRes.body.data.metadata.saveId;
    794|       const characterId = initRes.body.data.metadata.characterId;

鈳幆鈳幆鈳幆鈳幆鈳幆鈳幆鈳幆鈳幆鈳幆鈳幆鈳幆[34/67]鈳?[22m

 FAIL  src/routes/__tests__/e2e-game-core.test.ts > E2E: Game Core Flow (Init + Chat + Save) > Full E2E Flow > init creates character record in database
TypeError: Cannot read properties of undefined (reading 'metadata')
 鉂?[22m src/routes/__tests__/e2e-game-core.test.ts:859:40
    857|         .send({ action: 'initialize', data: { templateId: 'test-templa鈥?    858| 
    859|       const saveId = initRes.body.data.metadata.saveId;
       |                                        ^
    860| 
    861|       // Verify character was created in DB

鈳幆鈳幆鈳幆鈳幆鈳幆鈳幆鈳幆鈳幆鈳幆鈳幆鈳幆[35/67]鈳?[22m

 FAIL  src/routes/__tests__/e2e-game-core.test.ts > E2E: Game Core Flow (Init + Chat + Save) > Full E2E Flow > multiple initializations create independent saves
AssertionError: expected 500 to be 200 // Object.is equality

- Expected
+ Received

- 200
+ 500

 鉂?[22m src/routes/__tests__/e2e-game-core.test.ts:884:27
    882|         .send({ action: 'initialize', data: { templateId: 'test-templa鈥?    883| 
    884|       expect(res1.status).toBe(200);
       |                           ^
    885|       expect(res2.status).toBe(200);
    886| 

鈳幆鈳幆鈳幆鈳幆鈳幆鈳幆鈳幆鈳幆鈳幆鈳幆鈳幆[36/67]鈳?[22m

 FAIL  src/services/__tests__/game-service-program-action.test.ts > handleProgramAction 璺敱缂栨帓锛堜粠 ChallengeOrchestrator 杩佺Щ锛?[2m > 鐢ㄤ緥1: state=null 鏃惰繑鍥?G2_ORCHESTRATION_FAILED锛岄敊璇俊鎭?鏈浜庢寫鎴樹腑"
TypeError: requestRuntime.stagingPool.clear is not a function
 鉂?[22m src/services/game-service.ts:842:32
    840|     // 2026-07-25 淇 B4: 澶辫触璺緞鏄惧紡 clear StagingPool + 閿欒鐮佺粏鍒?[39m鈥?    841|     const stagedWriteCount = requestRuntime.stagingPool.writeCount;
    842|     requestRuntime.stagingPool.clear();
       |                                ^
    843| 
    844|     // 閿欒鐮佺粏鍒嗭細璁╄皟鐢ㄦ柟鍙互鍖哄垎澶辫触闃舵
 鉂?[22m SaveRequestLock.withLock src/services/SaveRequestLock.ts:47:14
 鉂?[22m Module.processChat src/services/game-service.ts:470:12
 鉂?[22m src/services/__tests__/game-service-program-action.test.ts:195:20

鈳幆鈳幆鈳幆鈳幆鈳幆鈳幆鈳幆鈳幆鈳幆鈳幆鈳幆[37/67]鈳?[22m

 FAIL  src/services/__tests__/game-service-program-action.test.ts > handleProgramAction 璺敱缂栨帓锛堜粠 ChallengeOrchestrator 杩佺Щ锛?[2m > 鐢ㄤ緥2: state.active=false 鏃惰繑鍥?G2_ORCHESTRATION_FAILED锛岄敊璇俊鎭?鎸戞垬宸茬粨鏉?
TypeError: requestRuntime.stagingPool.clear is not a function
 鉂?[22m src/services/game-service.ts:842:32
    840|     // 2026-07-25 淇 B4: 澶辫触璺緞鏄惧紡 clear StagingPool + 閿欒鐮佺粏鍒?[39m鈥?    841|     const stagedWriteCount = requestRuntime.stagingPool.writeCount;
    842|     requestRuntime.stagingPool.clear();
       |                                ^
    843| 
    844|     // 閿欒鐮佺粏鍒嗭細璁╄皟鐢ㄦ柟鍙互鍖哄垎澶辫触闃舵
 鉂?[22m SaveRequestLock.withLock src/services/SaveRequestLock.ts:47:14
 鉂?[22m Module.processChat src/services/game-service.ts:470:12
 鉂?[22m src/services/__tests__/game-service-program-action.test.ts:211:20

鈳幆鈳幆鈳幆鈳幆鈳幆鈳幆鈳幆鈳幆鈳幆鈳幆鈳幆[38/67]鈳?[22m

 FAIL  src/services/__tests__/game-service-program-action.test.ts > handleProgramAction 璺敱缂栨帓锛堜粠 ChallengeOrchestrator 杩佺Щ锛?[2m > 鐢ㄤ緥3: narrative_combat 妯″紡鏃惰繑鍥?G2_ORCHESTRATION_FAILED锛岄敊璇俊鎭?涓嶆敮鎸?G2 蹇€熻矾寰?
TypeError: requestRuntime.stagingPool.clear is not a function
 鉂?[22m src/services/game-service.ts:842:32
    840|     // 2026-07-25 淇 B4: 澶辫触璺緞鏄惧紡 clear StagingPool + 閿欒鐮佺粏鍒?[39m鈥?    841|     const stagedWriteCount = requestRuntime.stagingPool.writeCount;
    842|     requestRuntime.stagingPool.clear();
       |                                ^
    843| 
    844|     // 閿欒鐮佺粏鍒嗭細璁╄皟鐢ㄦ柟鍙互鍖哄垎澶辫触闃舵
 鉂?[22m SaveRequestLock.withLock src/services/SaveRequestLock.ts:47:14
 鉂?[22m Module.processChat src/services/game-service.ts:470:12
 鉂?[22m src/services/__tests__/game-service-program-action.test.ts:225:20

鈳幆鈳幆鈳幆鈳幆鈳幆鈳幆鈳幆鈳幆鈳幆鈳幆鈳幆[39/67]鈳?[22m

 FAIL  src/services/__tests__/game-service-program-action.test.ts > handleProgramAction 璺敱缂栨帓锛堜粠 ChallengeOrchestrator 杩佺Щ锛?[2m > 鐢ㄤ緥4: puzzle 妯″紡鏃惰繑鍥?G2_ORCHESTRATION_FAILED
TypeError: requestRuntime.stagingPool.clear is not a function
 鉂?[22m src/services/game-service.ts:842:32
    840|     // 2026-07-25 淇 B4: 澶辫触璺緞鏄惧紡 clear StagingPool + 閿欒鐮佺粏鍒?[39m鈥?    841|     const stagedWriteCount = requestRuntime.stagingPool.writeCount;
    842|     requestRuntime.stagingPool.clear();
       |                                ^
    843| 
    844|     // 閿欒鐮佺粏鍒嗭細璁╄皟鐢ㄦ柟鍙互鍖哄垎澶辫触闃舵
 鉂?[22m SaveRequestLock.withLock src/services/SaveRequestLock.ts:47:14
 鉂?[22m Module.processChat src/services/game-service.ts:470:12
 鉂?[22m src/services/__tests__/game-service-program-action.test.ts:237:20

鈳幆鈳幆鈳幆鈳幆鈳幆鈳幆鈳幆鈳幆鈳幆鈳幆鈳幆[40/67]鈳?[22m

 FAIL  src/services/__tests__/game-service-program-action.test.ts > handleProgramAction 璺敱缂栨帓锛堜粠 ChallengeOrchestrator 杩佺Щ锛?[2m > 鐢ㄤ緥5: mini_game 妯″紡鏃惰繑鍥?G2_ORCHESTRATION_FAILED
TypeError: requestRuntime.stagingPool.clear is not a function
 鉂?[22m src/services/game-service.ts:842:32
    840|     // 2026-07-25 淇 B4: 澶辫触璺緞鏄惧紡 clear StagingPool + 閿欒鐮佺粏鍒?[39m鈥?    841|     const stagedWriteCount = requestRuntime.stagingPool.writeCount;
    842|     requestRuntime.stagingPool.clear();
       |                                ^
    843| 
    844|     // 閿欒鐮佺粏鍒嗭細璁╄皟鐢ㄦ柟鍙互鍖哄垎澶辫触闃舵
 鉂?[22m SaveRequestLock.withLock src/services/SaveRequestLock.ts:47:14
 鉂?[22m Module.processChat src/services/game-service.ts:470:12
 鉂?[22m src/services/__tests__/game-service-program-action.test.ts:247:20

鈳幆鈳幆鈳幆鈳幆鈳幆鈳幆鈳幆鈳幆鈳幆鈳幆鈳幆[41/67]鈳?[22m

 FAIL  src/services/__tests__/game-service-program-action.test.ts > handleProgramAction 璺敱缂栨帓锛堜粠 ChallengeOrchestrator 杩佺Щ锛?[2m > 鐢ㄤ緥6: stealth 妯″紡鏃惰繑鍥?G2_ORCHESTRATION_FAILED
TypeError: requestRuntime.stagingPool.clear is not a function
 鉂?[22m src/services/game-service.ts:842:32
    840|     // 2026-07-25 淇 B4: 澶辫触璺緞鏄惧紡 clear StagingPool + 閿欒鐮佺粏鍒?[39m鈥?    841|     const stagedWriteCount = requestRuntime.stagingPool.writeCount;
    842|     requestRuntime.stagingPool.clear();
       |                                ^
    843| 
    844|     // 閿欒鐮佺粏鍒嗭細璁╄皟鐢ㄦ柟鍙互鍖哄垎澶辫触闃舵
 鉂?[22m SaveRequestLock.withLock src/services/SaveRequestLock.ts:47:14
 鉂?[22m Module.processChat src/services/game-service.ts:470:12
 鉂?[22m src/services/__tests__/game-service-program-action.test.ts:256:20

鈳幆鈳幆鈳幆鈳幆鈳幆鈳幆鈳幆鈳幆鈳幆鈳幆鈳幆[42/67]鈳?[22m

 FAIL  src/services/__tests__/game-service-program-action.test.ts > handleProgramAction 璺敱缂栨帓锛堜粠 ChallengeOrchestrator 杩佺Щ锛?[2m > 鐢ㄤ緥12: challengeProgram.executeTurn 鎶涢敊 鈫?閫忎紶灏佽涓?G2_ORCHESTRATION_FAILED锛屼笉 flush
TypeError: requestRuntime.stagingPool.clear is not a function
 鉂?[22m src/services/game-service.ts:842:32
    840|     // 2026-07-25 淇 B4: 澶辫触璺緞鏄惧紡 clear StagingPool + 閿欒鐮佺粏鍒?[39m鈥?    841|     const stagedWriteCount = requestRuntime.stagingPool.writeCount;
    842|     requestRuntime.stagingPool.clear();
       |                                ^
    843| 
    844|     // 閿欒鐮佺粏鍒嗭細璁╄皟鐢ㄦ柟鍙互鍖哄垎澶辫触闃舵
 鉂?[22m SaveRequestLock.withLock src/services/SaveRequestLock.ts:47:14
 鉂?[22m Module.processChat src/services/game-service.ts:470:12
 鉂?[22m src/services/__tests__/game-service-program-action.test.ts:373:20

鈳幆鈳幆鈳幆鈳幆鈳幆鈳幆鈳幆鈳幆鈳幆鈳幆鈳幆[43/67]鈳?[22m

 FAIL  src/agents/prompt/__tests__/composers.test.ts > PromptModule > constructor creates default layer chain
AssertionError: expected [ 'base', 'rules', 鈥?9) ] to deeply equal [ 'base', 'rules', 'skills', 鈥?7) ]

- Expected
+ Received

  Array [
    "base",
    "rules",
+   "equipment_slots",
    "skills",
    "episodic_memory",
    "procedural_memory",
    "template",
    "language",
    "entity-graph",
    "information-boundary",
    "npc-drive",
  ]

 鉂?[22m src/agents/prompt/__tests__/composers.test.ts:355:19
    353|     const result = (composer as any).layers as PromptLayer[];
    354|     const names = result.map((l: PromptLayer) => l.name);
    355|     expect(names).toEqual(['base', 'rules', 'skills', 'episodic_memory鈥?       |                   ^
    356|   });
    357| 

鈳幆鈳幆鈳幆鈳幆鈳幆鈳幆鈳幆鈳幆鈳幆鈳幆鈳幆[44/67]鈳?[22m

 FAIL  src/agents/story/__tests__/StoryPostReactPipeline.test.ts > StoryPostReactPipeline > 搴旀妸 secondLayerDecision 涓?todoCompletion/continuityAudit 杞垚绋嬪簭缁撴灉
AssertionError: expected { storyConsistency: undefined, 鈥?4) } to match object { storyConsistency: undefined, 鈥?3) }
(2 matching properties omitted from actual)

- Expected
+ Received

  Object {
-   "continuitySeverity": "error",
    "secondLayerDecisionValid": true,
    "storyConsistency": undefined,
    "todoCompletion": "failed",
  }

 鉂?[22m src/agents/story/__tests__/StoryPostReactPipeline.test.ts:103:50
    101|     expect(result.needAgentReasons).toEqual(['闇€瑕佽ˉ榻?NPC 鍙嶅簲']);
    102|     expect(result.requiresRepair).toBe(true);
    103|     expect(result.devtoolsTrace.decisionSummary).toMatchObject({
       |                                                  ^
    104|       storyConsistency: undefined,
    105|       todoCompletion: 'failed',

鈳幆鈳幆鈳幆鈳幆鈳幆鈳幆鈳幆鈳幆鈳幆鈳幆鈳幆[45/67]鈳?[22m

 FAIL  src/agents/story/__tests__/StoryPostReactPipeline.test.ts > StoryPostReactPipeline > 搴斾紭鍏堟秷璐规樉寮?postReviewDecision锛屽苟杩囨护闈炲彲璺敱 AgentType
AssertionError: expected { storyConsistency: undefined, 鈥?4) } to match object { todoCompletion: 'partial', 鈥?2) }
(3 matching properties omitted from actual)

- Expected
+ Received

  Object {
-   "continuitySeverity": "pass",
    "secondLayerDecisionValid": true,
    "todoCompletion": "partial",
  }

 鉂?[22m src/agents/story/__tests__/StoryPostReactPipeline.test.ts:190:50
    188|     expect(result.needAgentReasons).toEqual(['闇€瑕佽ˉ榻愬菇鐏?Agent']);
    189|     expect(result.requiresRepair).toBe(false);
    190|     expect(result.devtoolsTrace.decisionSummary).toMatchObject({
       |                                                  ^
    191|       todoCompletion: 'partial',
    192|       continuitySeverity: 'pass',

鈳幆鈳幆鈳幆鈳幆鈳幆鈳幆鈳幆鈳幆鈳幆鈳幆鈳幆[46/67]鈳?[22m

 FAIL  src/agents/tools/__tests__/coordinator-hook-policy.test.ts > CoordinatorServiceTool hook policy inheritance > spawn_agent 搴旂户鎵跨埗Agent绛栫暐骞跺簲鐢?child hookPolicies 瑁佸壀
AssertionError: expected false to be true // Object.is equality

- Expected
+ Received

- true
+ false

 鉂?[22m src/agents/tools/__tests__/coordinator-hook-policy.test.ts:104:30
    102|     }, createToolContext());
    103| 
    104|     expect(response.success).toBe(true);
       |                              ^
    105|     expect(capturedPolicies).toEqual([{
    106|       disable: ['after_compaction', 'before_compaction'],

鈳幆鈳幆鈳幆鈳幆鈳幆鈳幆鈳幆鈳幆鈳幆鈳幆鈳幆[47/67]鈳?[22m

 FAIL  src/agents/tools/__tests__/coordinator-trace-ids.test.ts > CoordinatorServiceTool 鈥?parentAgentRunId propagation > batch_spawn_agents passes parentAgentRunId to each sub-Agent
AssertionError: expected false to be true // Object.is equality

- Expected
+ Received

- true
+ false

 鉂?[22m src/agents/tools/__tests__/coordinator-trace-ids.test.ts:170:30
    168|     }));
    169| 
    170|     expect(response.success).toBe(true);
       |                              ^
    171| 
    172|     const eventTraceIds = eventPayloads[0].traceIds as Partial<Executi鈥?
鈳幆鈳幆鈳幆鈳幆鈳幆鈳幆鈳幆鈳幆鈳幆鈳幆鈳幆[48/67]鈳?[22m

 FAIL  src/game-systems/inventory/__tests__/InventoryService.test.ts > InventoryService > getEquipment 搴斿鍚屾Ы浣嶉噸澶嶈澶囨墽琛岃嚜淇锛屼粎淇濈暀鏈€鏂颁竴浠?TypeError: txManager.transaction is not a function
 鉂?[22m Module.runInTransaction src/database/transactionHelper.ts:28:20
     26|     return work(externalTrx);
     27|   }
     28|   return txManager.transaction(work);
       |                    ^
     29| }
     30| 
 鉂?[22m InventoryService.runInTransaction src/game-systems/inventory/InventoryService.ts:93:12
 鉂?[22m InventoryService.getEquipment src/game-systems/inventory/InventoryService.ts:1780:20
 鉂?[22m src/game-systems/inventory/__tests__/InventoryService.test.ts:87:20

鈳幆鈳幆鈳幆鈳幆鈳幆鈳幆鈳幆鈳幆鈳幆鈳幆鈳幆[49/67]鈳?[22m

 FAIL  src/game-systems/inventory/__tests__/owner-autowire-methods.test.ts > Inventory 绯荤粺瑙勬牸璇存槑楠岃瘉 > 涓€銆佹纭緭鍏?[2m > 鍐欏叆绫婚粯璁?character > 1.11 add_item ownerType 绌?鈫?榛樿 character锛岃嚜鍔ㄦ敞鍏?characterId
AssertionError: expected "spy" to be called with arguments: [ ObjectContaining{鈥, undefined ]

Received: 



Number of calls: 0

 鉂?[22m src/game-systems/inventory/__tests__/owner-autowire-methods.test.ts:288:38
    286| 
    287|         expect(characterService.getCharacterBasicInfo).toHaveBeenCalle鈥?    288|         expect(inventoryRepo.insert).toHaveBeenCalledWith(
       |                                      ^
    289|           expect.objectContaining({ ownerType: 'character', ownerId: '鈥?    290|           undefined,

鈳幆鈳幆鈳幆鈳幆鈳幆鈳幆鈳幆鈳幆鈳幆鈳幆鈳幆[50/67]鈳?[22m

 FAIL  src/game-systems/inventory/__tests__/owner-autowire-methods.test.ts > Inventory 绯荤粺瑙勬牸璇存槑楠岃瘉 > 涓€銆佹纭緭鍏?[2m > 鍐欏叆绫婚粯璁?character > 1.12 add_item ownerType="npc" 鈫?璋冪敤 resolveNpcId 瑙ｆ瀽
AssertionError: expected "spy" to be called with arguments: [ ObjectContaining{鈥, undefined ]

Received: 



Number of calls: 0

 鉂?[22m src/game-systems/inventory/__tests__/owner-autowire-methods.test.ts:303:38
    301| 
    302|         expect(npcService.resolveNpcId).toHaveBeenCalledWith('save-1',鈥?    303|         expect(inventoryRepo.insert).toHaveBeenCalledWith(
       |                                      ^
    304|           expect.objectContaining({ ownerType: 'npc', ownerId: 'npc-00鈥?    305|           undefined,

鈳幆鈳幆鈳幆鈳幆鈳幆鈳幆鈳幆鈳幆鈳幆鈳幆鈳幆[51/67]鈳?[22m

 FAIL  src/game-systems/inventory/__tests__/owner-autowire-methods.test.ts > Inventory 绯荤粺瑙勬牸璇存槑楠岃瘉 > 涓夈€侀儴鍒嗘纭緭鍏ワ紙杈圭晫鍦烘櫙锛?[2m > name/id 鍙屽吋瀹癸紙鏂囨。 1.3 / Q2锛?[2m > 3.1 add_item ownerId 浼?NPC 鍚嶇О 鈫?鑷姩 resolveNpcId 涓?ID
AssertionError: expected "spy" to be called with arguments: [ ObjectContaining{鈥, undefined ]

Received: 



Number of calls: 0

 鉂?[22m src/game-systems/inventory/__tests__/owner-autowire-methods.test.ts:595:38
    593| 
    594|         expect(npcService.resolveNpcId).toHaveBeenCalledWith('save-1',鈥?    595|         expect(inventoryRepo.insert).toHaveBeenCalledWith(
       |                                      ^
    596|           expect.objectContaining({ ownerId: 'npc-001' }),
    597|           undefined,

鈳幆鈳幆鈳幆鈳幆鈳幆鈳幆鈳幆鈳幆鈳幆鈳幆鈳幆[52/67]鈳?[22m

 FAIL  src/game-systems/inventory/__tests__/owner-autowire-methods.test.ts > Inventory 绯荤粺瑙勬牸璇存槑楠岃瘉 > 涓夈€侀儴鍒嗘纭緭鍏ワ紙杈圭晫鍦烘櫙锛?[2m > name/id 鍙屽吋瀹癸紙鏂囨。 1.3 / Q2锛?[2m > 3.2 add_item ownerId 浼?NPC ID 鈫?鐩存帴浣跨敤锛屼粛璋冪敤 resolveNpcId锛堜竴鑷磋涓猴級
AssertionError: expected "spy" to be called with arguments: [ ObjectContaining{鈥, undefined ]

Received: 



Number of calls: 0

 鉂?[22m src/game-systems/inventory/__tests__/owner-autowire-methods.test.ts:610:38
    608| 
    609|         expect(npcService.resolveNpcId).toHaveBeenCalledWith('save-1',鈥?    610|         expect(inventoryRepo.insert).toHaveBeenCalledWith(
       |                                      ^
    611|           expect.objectContaining({ ownerId: 'npc-001' }),
    612|           undefined,

鈳幆鈳幆鈳幆鈳幆鈳幆鈳幆鈳幆鈳幆鈳幆鈳幆鈳幆[53/67]鈳?[22m

 FAIL  src/game-systems/entity-graph/__tests__/EntityGraphRepository.test.ts > EntityGraphRepository > deleteBySaveId > 搴斿厛鍒?edges 鍐嶅垹 nodes锛堝閿緷璧栭『搴忥級
AssertionError: expected [ 'entity_graph_edges', 鈥?2) ] to deeply equal [ 'entity_graph_edges', 鈥?1) ]

- Expected
+ Received

  Array [
    "entity_graph_edges",
    "entity_graph_nodes",
+   "entity_graph_snapshots",
  ]

 鉂?[22m src/game-systems/entity-graph/__tests__/EntityGraphRepository.test.ts:35:25
     33|       await repo.deleteBySaveId('save-1');
     34|       // 楠岃瘉璋冪敤椤哄簭锛氬厛 edges 鍚?nodes
     35|       expect(callOrder).toEqual(['entity_graph_edges', 'entity_graph_n鈥?       |                         ^
     36|       expect(edgesQb.where).toHaveBeenCalledWith({ save_id: 'save-1' }鈥?     37|       expect(nodesQb.where).toHaveBeenCalledWith({ save_id: 'save-1' }鈥?
鈳幆鈳幆鈳幆鈳幆鈳幆鈳幆鈳幆鈳幆鈳幆鈳幆鈳幆[54/67]鈳?[22m

 FAIL  src/agents/prompt/layers/__tests__/entity-graph-layer.test.ts > EntityGraphLayer - L2-2 涓氬姟璇█閲嶆瀯 > buildNpcProfileSummary锛圢PC 鐢诲儚鎽樿锛?[2m > L3-3 鍦烘櫙1锛歂PC 鐢诲儚鍚?PERCEIVES 杈癸紝杈撳嚭 <WorldContext><npcProfile> + awareness/relationship 璇勫垎
TypeError: gs.getEntityRelations is not a function
 鉂?[22m EntityGraphLayer.buildNpcProfileSummary src/agents/prompt/layers/entity-graph-layer.ts:189:34
    187|     for (const node of npcNodes) {
    188|       // 006 鍗囩骇锛氫粠鐙珛琛ㄨ鍙栨劅鐭ユ暟鎹紙states 琛?O(1) 鏌ヨ锛?[39m
    189|       const relations = await gs.getEntityRelations(saveId, 'npc', nod鈥?       |                                  ^
    190|       const structuralOutEdges = structuralOutEdgesByNode.get(node.id)鈥?    191|       const hasPerceptions = relations.perceptions.length > 0;
 鉂?[22m EntityGraphLayer.buildNpcPartyContext src/agents/prompt/layers/entity-graph-layer.ts:107:21
 鉂?[22m src/agents/prompt/layers/__tests__/entity-graph-layer.test.ts:118:22

鈳幆鈳幆鈳幆鈳幆鈳幆鈳幆鈳幆鈳幆鈳幆鈳幆鈳幆[55/67]鈳?[22m

 FAIL  src/agents/prompt/layers/__tests__/entity-graph-layer.test.ts > EntityGraphLayer - L2-2 涓氬姟璇█閲嶆瀯 > buildNpcProfileSummary锛圢PC 鐢诲儚鎽樿锛?[2m > L3-3 杈圭晫鍦烘櫙锛歅ERCEIVES 杈逛粎鍚?awarenessScore 鏃讹紝鍙緭鍑?awareness 鍏冪礌锛堜笉杈撳嚭绌?relationship锛?TypeError: gs.getEntityRelations is not a function
 鉂?[22m EntityGraphLayer.buildNpcProfileSummary src/agents/prompt/layers/entity-graph-layer.ts:189:34
    187|     for (const node of npcNodes) {
    188|       // 006 鍗囩骇锛氫粠鐙珛琛ㄨ鍙栨劅鐭ユ暟鎹紙states 琛?O(1) 鏌ヨ锛?[39m
    189|       const relations = await gs.getEntityRelations(saveId, 'npc', nod鈥?       |                                  ^
    190|       const structuralOutEdges = structuralOutEdgesByNode.get(node.id)鈥?    191|       const hasPerceptions = relations.perceptions.length > 0;
 鉂?[22m EntityGraphLayer.buildNpcPartyContext src/agents/prompt/layers/entity-graph-layer.ts:107:21
 鉂?[22m src/agents/prompt/layers/__tests__/entity-graph-layer.test.ts:153:22

鈳幆鈳幆鈳幆鈳幆鈳幆鈳幆鈳幆鈳幆鈳幆鈳幆鈳幆[56/67]鈳?[22m

 FAIL  src/agents/prompt/layers/__tests__/entity-graph-layer.test.ts > EntityGraphLayer - L2-2 涓氬姟璇█閲嶆瀯 > buildNpcProfileSummary锛圢PC 鐢诲儚鎽樿锛?[2m > L3-3 杈圭晫鍦烘櫙锛歛warenessScore=0 鏄湁鏁堝€硷紝搴旇緭鍑?TypeError: gs.getEntityRelations is not a function
 鉂?[22m EntityGraphLayer.buildNpcProfileSummary src/agents/prompt/layers/entity-graph-layer.ts:189:34
    187|     for (const node of npcNodes) {
    188|       // 006 鍗囩骇锛氫粠鐙珛琛ㄨ鍙栨劅鐭ユ暟鎹紙states 琛?O(1) 鏌ヨ锛?[39m
    189|       const relations = await gs.getEntityRelations(saveId, 'npc', nod鈥?       |                                  ^
    190|       const structuralOutEdges = structuralOutEdgesByNode.get(node.id)鈥?    191|       const hasPerceptions = relations.perceptions.length > 0;
 鉂?[22m EntityGraphLayer.buildNpcPartyContext src/agents/prompt/layers/entity-graph-layer.ts:107:21
 鉂?[22m src/agents/prompt/layers/__tests__/entity-graph-layer.test.ts:175:22

鈳幆鈳幆鈳幆鈳幆鈳幆鈳幆鈳幆鈳幆鈳幆鈳幆鈳幆[57/67]鈳?[22m

 FAIL  src/agents/prompt/layers/__tests__/entity-graph-layer.test.ts > EntityGraphLayer - L2-2 涓氬姟璇█閲嶆瀯 > buildNpcProfileSummary锛圢PC 鐢诲儚鎽樿锛?[2m > L3-3 鍦烘櫙2锛氱粨鏋勬€у叧绯伙紙LOCATED_AT/KNOWS锛夋槧灏勪负涓氬姟鏍囩 locatedAt/knows
TypeError: gs.getEntityRelations is not a function
 鉂?[22m EntityGraphLayer.buildNpcProfileSummary src/agents/prompt/layers/entity-graph-layer.ts:189:34
    187|     for (const node of npcNodes) {
    188|       // 006 鍗囩骇锛氫粠鐙珛琛ㄨ鍙栨劅鐭ユ暟鎹紙states 琛?O(1) 鏌ヨ锛?[39m
    189|       const relations = await gs.getEntityRelations(saveId, 'npc', nod鈥?       |                                  ^
    190|       const structuralOutEdges = structuralOutEdgesByNode.get(node.id)鈥?    191|       const hasPerceptions = relations.perceptions.length > 0;
 鉂?[22m EntityGraphLayer.buildNpcPartyContext src/agents/prompt/layers/entity-graph-layer.ts:107:21
 鉂?[22m src/agents/prompt/layers/__tests__/entity-graph-layer.test.ts:194:22

鈳幆鈳幆鈳幆鈳幆鈳幆鈳幆鈳幆鈳幆鈳幆鈳幆鈳幆[58/67]鈳?[22m

 FAIL  src/agents/prompt/layers/__tests__/entity-graph-layer.test.ts > EntityGraphLayer - L2-2 涓氬姟璇█閲嶆瀯 > buildNpcProfileSummary锛圢PC 鐢诲儚鎽樿锛?[2m > L3-3 杈圭晫鍦烘櫙锛氭棤鍏崇郴鏁版嵁鐨?NPC 鐪佺暐杈撳嚭锛堜笉杈撳嚭绌?npcProfile锛?TypeError: gs.getEntityRelations is not a function
 鉂?[22m EntityGraphLayer.buildNpcProfileSummary src/agents/prompt/layers/entity-graph-layer.ts:189:34
    187|     for (const node of npcNodes) {
    188|       // 006 鍗囩骇锛氫粠鐙珛琛ㄨ鍙栨劅鐭ユ暟鎹紙states 琛?O(1) 鏌ヨ锛?[39m
    189|       const relations = await gs.getEntityRelations(saveId, 'npc', nod鈥?       |                                  ^
    190|       const structuralOutEdges = structuralOutEdgesByNode.get(node.id)鈥?    191|       const hasPerceptions = relations.perceptions.length > 0;
 鉂?[22m EntityGraphLayer.buildNpcPartyContext src/agents/prompt/layers/entity-graph-layer.ts:107:21
 鉂?[22m src/agents/prompt/layers/__tests__/entity-graph-layer.test.ts:216:22

鈳幆鈳幆鈳幆鈳幆鈳幆鈳幆鈳幆鈳幆鈳幆鈳幆鈳幆[59/67]鈳?[22m

 FAIL  src/agents/prompt/layers/__tests__/entity-graph-layer.test.ts > EntityGraphLayer - L2-2 涓氬姟璇█閲嶆瀯 > buildNpcProfileSummary锛圢PC 鐢诲儚鎽樿锛?[2m > L3-3 杈圭晫鍦烘櫙锛氭墍鏈?NPC 閮芥棤鍏崇郴鏁版嵁锛岃繑鍥?null锛堜笉杈撳嚭绌?<WorldContext></WorldContext>锛?TypeError: gs.getEntityRelations is not a function
 鉂?[22m EntityGraphLayer.buildNpcProfileSummary src/agents/prompt/layers/entity-graph-layer.ts:189:34
    187|     for (const node of npcNodes) {
    188|       // 006 鍗囩骇锛氫粠鐙珛琛ㄨ鍙栨劅鐭ユ暟鎹紙states 琛?O(1) 鏌ヨ锛?[39m
    189|       const relations = await gs.getEntityRelations(saveId, 'npc', nod鈥?       |                                  ^
    190|       const structuralOutEdges = structuralOutEdgesByNode.get(node.id)鈥?    191|       const hasPerceptions = relations.perceptions.length > 0;
 鉂?[22m EntityGraphLayer.buildNpcPartyContext src/agents/prompt/layers/entity-graph-layer.ts:107:21
 鉂?[22m src/agents/prompt/layers/__tests__/entity-graph-layer.test.ts:228:22

鈳幆鈳幆鈳幆鈳幆鈳幆鈳幆鈳幆鈳幆鈳幆鈳幆鈳幆[60/67]鈳?[22m

 FAIL  src/agents/prompt/layers/__tests__/entity-graph-layer.test.ts > EntityGraphLayer - L2-2 涓氬姟璇█閲嶆瀯 > buildNpcProfileSummary锛圢PC 鐢诲儚鎽樿锛?[2m > L2-2 淇濈暀绾︽潫锛氫粎浣跨敤 getNodesByType + getFullGraph锛屼笉璋冪敤宸插垹闄ゆ柟娉?TypeError: gs.getEntityRelations is not a function
 鉂?[22m EntityGraphLayer.buildNpcProfileSummary src/agents/prompt/layers/entity-graph-layer.ts:189:34
    187|     for (const node of npcNodes) {
    188|       // 006 鍗囩骇锛氫粠鐙珛琛ㄨ鍙栨劅鐭ユ暟鎹紙states 琛?O(1) 鏌ヨ锛?[39m
    189|       const relations = await gs.getEntityRelations(saveId, 'npc', nod鈥?       |                                  ^
    190|       const structuralOutEdges = structuralOutEdgesByNode.get(node.id)鈥?    191|       const hasPerceptions = relations.perceptions.length > 0;
 鉂?[22m EntityGraphLayer.buildNpcPartyContext src/agents/prompt/layers/entity-graph-layer.ts:107:21
 鉂?[22m src/agents/prompt/layers/__tests__/entity-graph-layer.test.ts:259:7

鈳幆鈳幆鈳幆鈳幆鈳幆鈳幆鈳幆鈳幆鈳幆鈳幆鈳幆[61/67]鈳?[22m

 FAIL  src/agents/prompt/layers/__tests__/entity-graph-layer.test.ts > EntityGraphLayer - L2-2 涓氬姟璇█閲嶆瀯 > build 鍏ュ彛鍒嗗彂 > agentKey=npc_party 璧?buildNpcProfileSummary 璺緞
TypeError: gs.getEntityRelations is not a function
 鉂?[22m EntityGraphLayer.buildNpcProfileSummary src/agents/prompt/layers/entity-graph-layer.ts:189:34
    187|     for (const node of npcNodes) {
    188|       // 006 鍗囩骇锛氫粠鐙珛琛ㄨ鍙栨劅鐭ユ暟鎹紙states 琛?O(1) 鏌ヨ锛?[39m
    189|       const relations = await gs.getEntityRelations(saveId, 'npc', nod鈥?       |                                  ^
    190|       const structuralOutEdges = structuralOutEdgesByNode.get(node.id)鈥?    191|       const hasPerceptions = relations.perceptions.length > 0;
 鉂?[22m EntityGraphLayer.buildNpcPartyContext src/agents/prompt/layers/entity-graph-layer.ts:107:21
 鉂?[22m src/agents/prompt/layers/__tests__/entity-graph-layer.test.ts:464:22

鈳幆鈳幆鈳幆鈳幆鈳幆鈳幆鈳幆鈳幆鈳幆鈳幆鈳幆[62/67]鈳?[22m

 FAIL  src/agents/prompt/layers/__tests__/entity-graph-layer.test.ts > EntityGraphLayer - L2-2 涓氬姟璇█閲嶆瀯 > formatStructuralRelationTag - 缁撴瀯鎬у叧绯绘槧灏?[2m > LOCATED_AT 鏄犲皠涓?locatedAt
TypeError: gs.getEntityRelations is not a function
 鉂?[22m EntityGraphLayer.buildNpcProfileSummary src/agents/prompt/layers/entity-graph-layer.ts:189:34
    187|     for (const node of npcNodes) {
    188|       // 006 鍗囩骇锛氫粠鐙珛琛ㄨ鍙栨劅鐭ユ暟鎹紙states 琛?O(1) 鏌ヨ锛?[39m
    189|       const relations = await gs.getEntityRelations(saveId, 'npc', nod鈥?       |                                  ^
    190|       const structuralOutEdges = structuralOutEdgesByNode.get(node.id)鈥?    191|       const hasPerceptions = relations.perceptions.length > 0;
 鉂?[22m EntityGraphLayer.buildNpcPartyContext src/agents/prompt/layers/entity-graph-layer.ts:107:21
 鉂?[22m src/agents/prompt/layers/__tests__/entity-graph-layer.test.ts:509:22

鈳幆鈳幆鈳幆鈳幆鈳幆鈳幆鈳幆鈳幆鈳幆鈳幆鈳幆[63/67]鈳?[22m

 FAIL  src/agents/prompt/layers/__tests__/entity-graph-layer.test.ts > EntityGraphLayer - L2-2 涓氬姟璇█閲嶆瀯 > formatStructuralRelationTag - 缁撴瀯鎬у叧绯绘槧灏?[2m > ALLIED_WITH 鏄犲皠涓?alliedWith
TypeError: gs.getEntityRelations is not a function
 鉂?[22m EntityGraphLayer.buildNpcProfileSummary src/agents/prompt/layers/entity-graph-layer.ts:189:34
    187|     for (const node of npcNodes) {
    188|       // 006 鍗囩骇锛氫粠鐙珛琛ㄨ鍙栨劅鐭ユ暟鎹紙states 琛?O(1) 鏌ヨ锛?[39m
    189|       const relations = await gs.getEntityRelations(saveId, 'npc', nod鈥?       |                                  ^
    190|       const structuralOutEdges = structuralOutEdgesByNode.get(node.id)鈥?    191|       const hasPerceptions = relations.perceptions.length > 0;
 鉂?[22m EntityGraphLayer.buildNpcPartyContext src/agents/prompt/layers/entity-graph-layer.ts:107:21
 鉂?[22m src/agents/prompt/layers/__tests__/entity-graph-layer.test.ts:521:22

鈳幆鈳幆鈳幆鈳幆鈳幆鈳幆鈳幆鈳幆鈳幆鈳幆鈳幆[64/67]鈳?[22m

 FAIL  src/agents/prompt/layers/__tests__/entity-graph-layer.test.ts > EntityGraphLayer - L2-2 涓氬姟璇█閲嶆瀯 > formatStructuralRelationTag - 缁撴瀯鎬у叧绯绘槧灏?[2m > HOSTILE_TO 鏄犲皠涓?hostileTo
TypeError: gs.getEntityRelations is not a function
 鉂?[22m EntityGraphLayer.buildNpcProfileSummary src/agents/prompt/layers/entity-graph-layer.ts:189:34
    187|     for (const node of npcNodes) {
    188|       // 006 鍗囩骇锛氫粠鐙珛琛ㄨ鍙栨劅鐭ユ暟鎹紙states 琛?O(1) 鏌ヨ锛?[39m
    189|       const relations = await gs.getEntityRelations(saveId, 'npc', nod鈥?       |                                  ^
    190|       const structuralOutEdges = structuralOutEdgesByNode.get(node.id)鈥?    191|       const hasPerceptions = relations.perceptions.length > 0;
 鉂?[22m EntityGraphLayer.buildNpcPartyContext src/agents/prompt/layers/entity-graph-layer.ts:107:21
 鉂?[22m src/agents/prompt/layers/__tests__/entity-graph-layer.test.ts:533:22

鈳幆鈳幆鈳幆鈳幆鈳幆鈳幆鈳幆鈳幆鈳幆鈳幆鈳幆[65/67]鈳?[22m

 FAIL  src/agents/prompt/layers/__tests__/entity-graph-layer.test.ts > EntityGraphLayer - L2-2 涓氬姟璇█閲嶆瀯 > formatStructuralRelationTag - 缁撴瀯鎬у叧绯绘槧灏?[2m > 鏈槧灏勭殑鍏崇郴绫诲瀷浣跨敤閫氱敤 structuralRelation 鍏冪礌锛堜笉涓㈠け淇℃伅锛?TypeError: gs.getEntityRelations is not a function
 鉂?[22m EntityGraphLayer.buildNpcProfileSummary src/agents/prompt/layers/entity-graph-layer.ts:189:34
    187|     for (const node of npcNodes) {
    188|       // 006 鍗囩骇锛氫粠鐙珛琛ㄨ鍙栨劅鐭ユ暟鎹紙states 琛?O(1) 鏌ヨ锛?[39m
    189|       const relations = await gs.getEntityRelations(saveId, 'npc', nod鈥?       |                                  ^
    190|       const structuralOutEdges = structuralOutEdgesByNode.get(node.id)鈥?    191|       const hasPerceptions = relations.perceptions.length > 0;
 鉂?[22m EntityGraphLayer.buildNpcPartyContext src/agents/prompt/layers/entity-graph-layer.ts:107:21
 鉂?[22m src/agents/prompt/layers/__tests__/entity-graph-layer.test.ts:546:22

鈳幆鈳幆鈳幆鈳幆鈳幆鈳幆鈳幆鈳幆鈳幆鈳幆鈳幆[66/67]鈳?[22m

 FAIL  src/game-systems/shared/rule-parser/__tests__/TemplateRuleParser-fromSaveId.test.ts > TemplateRuleParser.fromSaveId 鈥?姝讳唬鐮佽矾寰勬竻鐞?[2m > raw_content 涓虹┖鏃朵娇鐢ㄩ粯璁ゅ€?AssertionError: expected 'turn_based' to be 'encounter' // Object.is equality

- Expected
+ Received

- encounter
+ turn_based

 鉂?[22m src/game-systems/shared/rule-parser/__tests__/TemplateRuleParser-fromSaveId.test.ts:75:30
     73|     expect(combatRules).toBeDefined();
     74|     // 浣跨敤榛樿鍊硷紙榛樿 type 鏄?encounter锛?[39m
     75|     expect(combatRules.type).toBe('encounter');
       |                              ^
     76|   });
     77| 

鈳幆鈳幆鈳幆鈳幆鈳幆鈳幆鈳幆鈳幆鈳幆鈳幆鈳幆[67/67]鈳?[22m

[2m Test Files [22m [1m[31m19 failed[39m[22m[2m | [22m[1m[32m132 passed[39m[22m[90m (151)[39m
[2m      Tests [22m [1m[31m67 failed[39m[22m[2m | [22m[1m[32m2026 passed[39m[22m[2m | [22m[33m4 skipped[39m[90m (2097)[39m
[2m   Start at [22m 01:59:30
[2m   Duration [22m 214.46s[2m (transform 19.44s, setup 679.41s, collect 33.28s, tests 575.97s, environment 68ms, prepare 73.21s)[22m

